=============================================
Dataset: cell_XJTU_batch2_prepocess_data
Mode:    supervised_with_contrast
=============================================
Training started ....

Epoch : 1
Train MSE Loss     : 209.99566650	 | 	Train MAPE Loss     : 1415.34655762
Valid MSE Loss     : 12.30463505	 | 	Valid MAPE Loss     : 380.81460571
lr                 : [0.0003]


Epoch : 2
Train MSE Loss     : 73.37843323	 | 	Train MAPE Loss     : 874.81689453
Valid MSE Loss     : 4.61771297	 | 	Valid MAPE Loss     : 229.21333313
lr                 : [0.0003]


Epoch : 3
Train MSE Loss     : 2.57840729	 | 	Train MAPE Loss     : 103.02205658
Valid MSE Loss     : 0.72452009	 | 	Valid MAPE Loss     : 82.26335144
lr                 : [0.0003]


Epoch : 4
Train MSE Loss     : 2.22180033	 | 	Train MAPE Loss     : 88.76150513
Valid MSE Loss     : 0.08198315	 | 	Valid MAPE Loss     : 29.92446518
lr                 : [0.0003]


Epoch : 5
Train MSE Loss     : 17.37715149	 | 	Train MAPE Loss     : 364.44638062
Valid MSE Loss     : 30.54225540	 | 	Valid MAPE Loss     : 609.15460205
lr                 : [0.0003]


Epoch : 6
Train MSE Loss     : 8.27744865	 | 	Train MAPE Loss     : 211.36177063
Valid MSE Loss     : 0.00616244	 | 	Valid MAPE Loss     : 6.53910828
lr                 : [0.0003]


Epoch : 7
Train MSE Loss     : 3.72444725	 | 	Train MAPE Loss     : 130.60745239
Valid MSE Loss     : 11.43356323	 | 	Valid MAPE Loss     : 365.02056885
lr                 : [0.0003]


Epoch : 8
Train MSE Loss     : 3.86545515	 | 	Train MAPE Loss     : 147.90295410
Valid MSE Loss     : 0.53763616	 | 	Valid MAPE Loss     : 71.25948334
lr                 : [0.0003]


Epoch : 9
Train MSE Loss     : 1.79316247	 | 	Train MAPE Loss     : 82.73089600
Valid MSE Loss     : 0.23744211	 | 	Valid MAPE Loss     : 42.12630463
lr                 : [0.0003]


Epoch : 10
Train MSE Loss     : 1.10602570	 | 	Train MAPE Loss     : 29.08399582
Valid MSE Loss     : 0.81255674	 | 	Valid MAPE Loss     : 95.50547791
lr                 : [0.0003]


Epoch : 11
Train MSE Loss     : 3.81560254	 | 	Train MAPE Loss     : 169.60676575
Valid MSE Loss     : 0.31247598	 | 	Valid MAPE Loss     : 49.63562393
lr                 : [0.0003]


Epoch : 12
Train MSE Loss     : 1.27403438	 | 	Train MAPE Loss     : 48.57962036
Valid MSE Loss     : 0.02493662	 | 	Valid MAPE Loss     : 16.54600143
lr                 : [0.0003]


Epoch : 13
Train MSE Loss     : 1.07117033	 | 	Train MAPE Loss     : 23.44947052
Valid MSE Loss     : 0.13476597	 | 	Valid MAPE Loss     : 36.40501022
lr                 : [0.0003]


Epoch : 14
Train MSE Loss     : 1.36186528	 | 	Train MAPE Loss     : 52.86307144
Valid MSE Loss     : 1.03564763	 | 	Valid MAPE Loss     : 111.85929108
lr                 : [0.0003]


Epoch : 15
Train MSE Loss     : 3.00240397	 | 	Train MAPE Loss     : 139.12689209
Valid MSE Loss     : 2.88206625	 | 	Valid MAPE Loss     : 185.50740051
lr                 : [0.0003]


Epoch : 16
Train MSE Loss     : 1.70464933	 | 	Train MAPE Loss     : 74.69445038
Valid MSE Loss     : 0.43700957	 | 	Valid MAPE Loss     : 72.50715637
lr                 : [0.0003]


Epoch : 17
Train MSE Loss     : 1.20398676	 | 	Train MAPE Loss     : 41.74744415
Valid MSE Loss     : 0.00613843	 | 	Valid MAPE Loss     : 7.93265676
lr                 : [2.9999999999999997e-05]


Epoch : 18
Train MSE Loss     : 1.00154948	 | 	Train MAPE Loss     : 3.42239189
Valid MSE Loss     : 0.00108403	 | 	Valid MAPE Loss     : 3.02703786
lr                 : [2.9999999999999997e-05]


Epoch : 19
Train MSE Loss     : 1.00050879	 | 	Train MAPE Loss     : 1.95301998
Valid MSE Loss     : 0.00105052	 | 	Valid MAPE Loss     : 2.85149217
lr                 : [2.9999999999999997e-05]


Epoch : 20
Train MSE Loss     : 1.00035095	 | 	Train MAPE Loss     : 1.68242109
Valid MSE Loss     : 0.00072944	 | 	Valid MAPE Loss     : 2.17696309
lr                 : [2.9999999999999997e-05]


Epoch : 21
Train MSE Loss     : 1.00068378	 | 	Train MAPE Loss     : 2.48502636
Valid MSE Loss     : 0.00115456	 | 	Valid MAPE Loss     : 3.10633278
lr                 : [2.9999999999999997e-05]


Epoch : 22
Train MSE Loss     : 1.00058496	 | 	Train MAPE Loss     : 2.19379973
Valid MSE Loss     : 0.00039754	 | 	Valid MAPE Loss     : 1.75664139
lr                 : [2.9999999999999997e-05]


Epoch : 23
Train MSE Loss     : 1.00018799	 | 	Train MAPE Loss     : 1.21225858
Valid MSE Loss     : 0.00027585	 | 	Valid MAPE Loss     : 1.32077897
lr                 : [2.9999999999999997e-05]


Epoch : 24
Train MSE Loss     : 1.00027502	 | 	Train MAPE Loss     : 1.47259760
Valid MSE Loss     : 0.00057061	 | 	Valid MAPE Loss     : 2.03643751
lr                 : [2.9999999999999997e-05]


Epoch : 25
Train MSE Loss     : 1.00039482	 | 	Train MAPE Loss     : 1.89055073
Valid MSE Loss     : 0.00015301	 | 	Valid MAPE Loss     : 1.08423424
lr                 : [2.9999999999999997e-05]


Epoch : 26
Train MSE Loss     : 1.00008106	 | 	Train MAPE Loss     : 0.79116237
Valid MSE Loss     : 0.00013173	 | 	Valid MAPE Loss     : 1.02433562
lr                 : [2.9999999999999997e-05]


Epoch : 27
Train MSE Loss     : 1.00009286	 | 	Train MAPE Loss     : 0.85537106
Valid MSE Loss     : 0.00042896	 | 	Valid MAPE Loss     : 1.92225814
lr                 : [2.9999999999999997e-05]


Epoch : 28
Train MSE Loss     : 1.00017071	 | 	Train MAPE Loss     : 1.20107627
Valid MSE Loss     : 0.00011375	 | 	Valid MAPE Loss     : 0.90943700
lr                 : [2.9999999999999997e-05]


Epoch : 29
Train MSE Loss     : 1.00006950	 | 	Train MAPE Loss     : 0.71851182
Valid MSE Loss     : 0.00015518	 | 	Valid MAPE Loss     : 1.15999627
lr                 : [2.9999999999999997e-05]


Epoch : 30
Train MSE Loss     : 1.00012994	 | 	Train MAPE Loss     : 1.00776744
Valid MSE Loss     : 0.00008034	 | 	Valid MAPE Loss     : 0.79895073
lr                 : [2.9999999999999997e-05]


Epoch : 31
Train MSE Loss     : 1.00024652	 | 	Train MAPE Loss     : 1.42974639
Valid MSE Loss     : 0.00097245	 | 	Valid MAPE Loss     : 3.18866730
lr                 : [2.9999999999999997e-05]


Epoch : 32
Train MSE Loss     : 1.00042915	 | 	Train MAPE Loss     : 1.82706928
Valid MSE Loss     : 0.00061212	 | 	Valid MAPE Loss     : 2.38788939
lr                 : [2.9999999999999997e-05]


Epoch : 33
Train MSE Loss     : 1.00020111	 | 	Train MAPE Loss     : 1.33282197
Valid MSE Loss     : 0.00011188	 | 	Valid MAPE Loss     : 0.95086110
lr                 : [2.9999999999999997e-05]


Epoch : 34
Train MSE Loss     : 1.00008869	 | 	Train MAPE Loss     : 0.81374401
Valid MSE Loss     : 0.00007666	 | 	Valid MAPE Loss     : 0.78125739
lr                 : [2.9999999999999997e-05]


Epoch : 35
Train MSE Loss     : 1.00016105	 | 	Train MAPE Loss     : 1.14033985
Valid MSE Loss     : 0.00008697	 | 	Valid MAPE Loss     : 0.87865114
lr                 : [2.9999999999999997e-05]


Epoch : 36
Train MSE Loss     : 1.00040996	 | 	Train MAPE Loss     : 1.83849287
Valid MSE Loss     : 0.00157735	 | 	Valid MAPE Loss     : 4.21196747
lr                 : [2.9999999999999997e-05]


Epoch : 37
Train MSE Loss     : 1.00160599	 | 	Train MAPE Loss     : 4.11757517
Valid MSE Loss     : 0.00139940	 | 	Valid MAPE Loss     : 3.91031146
lr                 : [2.9999999999999997e-05]


Epoch : 38
Train MSE Loss     : 1.00047040	 | 	Train MAPE Loss     : 2.04831290
Valid MSE Loss     : 0.00011837	 | 	Valid MAPE Loss     : 0.99495202
lr                 : [2.9999999999999997e-05]


Epoch : 39
Train MSE Loss     : 1.00020599	 | 	Train MAPE Loss     : 1.20761609
Valid MSE Loss     : 0.00189984	 | 	Valid MAPE Loss     : 4.71353817
lr                 : [2.9999999999999997e-05]


Epoch : 40
Train MSE Loss     : 1.00379050	 | 	Train MAPE Loss     : 6.54367018
Valid MSE Loss     : 0.00041752	 | 	Valid MAPE Loss     : 2.14720869
lr                 : [2.9999999999999997e-05]


Epoch : 41
Train MSE Loss     : 1.00049663	 | 	Train MAPE Loss     : 2.20195460
Valid MSE Loss     : 0.00006859	 | 	Valid MAPE Loss     : 0.66348493
lr                 : [2.9999999999999997e-05]


Epoch : 42
Train MSE Loss     : 1.00031328	 | 	Train MAPE Loss     : 1.44347334
Valid MSE Loss     : 0.00196062	 | 	Valid MAPE Loss     : 4.69910049
lr                 : [2.9999999999999997e-05]


Epoch : 43
Train MSE Loss     : 1.00180590	 | 	Train MAPE Loss     : 4.05268431
Valid MSE Loss     : 0.00010210	 | 	Valid MAPE Loss     : 0.82806981
lr                 : [2.9999999999999997e-05]


Epoch : 44
Train MSE Loss     : 1.00039923	 | 	Train MAPE Loss     : 1.92143118
Valid MSE Loss     : 0.00058561	 | 	Valid MAPE Loss     : 2.47901487
lr                 : [2.9999999999999997e-05]


Epoch : 45
Train MSE Loss     : 1.00026429	 | 	Train MAPE Loss     : 1.43781936
Valid MSE Loss     : 0.00012606	 | 	Valid MAPE Loss     : 0.93825758
lr                 : [2.9999999999999997e-05]


Epoch : 46
Train MSE Loss     : 1.00025427	 | 	Train MAPE Loss     : 1.51967025
Valid MSE Loss     : 0.00014631	 | 	Valid MAPE Loss     : 1.13156915
lr                 : [2.9999999999999997e-05]


Epoch : 47
Train MSE Loss     : 1.00041687	 | 	Train MAPE Loss     : 1.80419946
Valid MSE Loss     : 0.00171529	 | 	Valid MAPE Loss     : 4.36862421
lr                 : [2.9999999999999997e-05]


Epoch : 48
Train MSE Loss     : 1.00050139	 | 	Train MAPE Loss     : 2.04093933
Valid MSE Loss     : 0.00012109	 | 	Valid MAPE Loss     : 1.01693809
lr                 : [2.9999999999999997e-05]


Epoch : 49
Train MSE Loss     : 1.00047576	 | 	Train MAPE Loss     : 2.02452803
Valid MSE Loss     : 0.00009626	 | 	Valid MAPE Loss     : 0.85852480
lr                 : [2.9999999999999997e-05]


Epoch : 50
Train MSE Loss     : 1.00051975	 | 	Train MAPE Loss     : 2.03273773
Valid MSE Loss     : 0.00165806	 | 	Valid MAPE Loss     : 4.41365242
lr                 : [2.9999999999999997e-05]


Epoch : 51
Train MSE Loss     : 1.00157356	 | 	Train MAPE Loss     : 4.01976919
Valid MSE Loss     : 0.00178705	 | 	Valid MAPE Loss     : 4.26387453
lr                 : [2.9999999999999997e-05]


Epoch : 52
Train MSE Loss     : 1.00046253	 | 	Train MAPE Loss     : 1.89606452
Valid MSE Loss     : 0.00132181	 | 	Valid MAPE Loss     : 3.85870886
lr                 : [3e-06]


Epoch : 53
Train MSE Loss     : 1.00117970	 | 	Train MAPE Loss     : 3.68153381
Valid MSE Loss     : 0.00077824	 | 	Valid MAPE Loss     : 2.83582592
lr                 : [3e-06]


Epoch : 54
Train MSE Loss     : 1.00014985	 | 	Train MAPE Loss     : 1.03682220
Valid MSE Loss     : 0.00007914	 | 	Valid MAPE Loss     : 0.74169981
lr                 : [3e-06]


Epoch : 55
Train MSE Loss     : 1.00004292	 | 	Train MAPE Loss     : 0.57574379
Valid MSE Loss     : 0.00008234	 | 	Valid MAPE Loss     : 0.74003476
lr                 : [3e-06]


Epoch : 56
Train MSE Loss     : 1.00002849	 | 	Train MAPE Loss     : 0.47675666
Valid MSE Loss     : 0.00006750	 | 	Valid MAPE Loss     : 0.66372651
lr                 : [3e-06]


Epoch : 57
Train MSE Loss     : 1.00001657	 | 	Train MAPE Loss     : 0.34941053
Valid MSE Loss     : 0.00004861	 | 	Valid MAPE Loss     : 0.54762429
lr                 : [3e-06]


Epoch : 58
Train MSE Loss     : 1.00001955	 | 	Train MAPE Loss     : 0.37203634
Valid MSE Loss     : 0.00005556	 | 	Valid MAPE Loss     : 0.61428130
lr                 : [3e-06]


Epoch : 59
Train MSE Loss     : 1.00004041	 | 	Train MAPE Loss     : 0.56957483
Valid MSE Loss     : 0.00008146	 | 	Valid MAPE Loss     : 0.81123286
lr                 : [3e-06]


Epoch : 60
Train MSE Loss     : 1.00002742	 | 	Train MAPE Loss     : 0.43282589
Valid MSE Loss     : 0.00005859	 | 	Valid MAPE Loss     : 0.65185684
lr                 : [3e-06]


Epoch : 61
Train MSE Loss     : 1.00002134	 | 	Train MAPE Loss     : 0.39928794
Valid MSE Loss     : 0.00006876	 | 	Valid MAPE Loss     : 0.66402227
lr                 : [3e-06]


Epoch : 62
Train MSE Loss     : 1.00002730	 | 	Train MAPE Loss     : 0.44688824
Valid MSE Loss     : 0.00005527	 | 	Valid MAPE Loss     : 0.58395755
lr                 : [3e-06]


Epoch : 63
Train MSE Loss     : 1.00003433	 | 	Train MAPE Loss     : 0.51533622
Valid MSE Loss     : 0.00005392	 | 	Valid MAPE Loss     : 0.57964003
lr                 : [3e-06]


Epoch : 64
Train MSE Loss     : 1.00004172	 | 	Train MAPE Loss     : 0.57171291
Valid MSE Loss     : 0.00005473	 | 	Valid MAPE Loss     : 0.63105011
lr                 : [3e-06]


Epoch : 65
Train MSE Loss     : 1.00002491	 | 	Train MAPE Loss     : 0.42759076
Valid MSE Loss     : 0.00005894	 | 	Valid MAPE Loss     : 0.67541790
lr                 : [3e-06]


Epoch : 66
Train MSE Loss     : 1.00002491	 | 	Train MAPE Loss     : 0.44023100
Valid MSE Loss     : 0.00005342	 | 	Valid MAPE Loss     : 0.62280697
lr                 : [3e-06]


Epoch : 67
Train MSE Loss     : 1.00002801	 | 	Train MAPE Loss     : 0.45341134
Valid MSE Loss     : 0.00008144	 | 	Valid MAPE Loss     : 0.82282764
lr                 : [3e-06]


Epoch : 68
Train MSE Loss     : 1.00002527	 | 	Train MAPE Loss     : 0.43873987
Valid MSE Loss     : 0.00006063	 | 	Valid MAPE Loss     : 0.69148886
lr                 : [3.0000000000000004e-07]


Epoch : 69
Train MSE Loss     : 1.00002003	 | 	Train MAPE Loss     : 0.38660023
Valid MSE Loss     : 0.00005693	 | 	Valid MAPE Loss     : 0.62267637
lr                 : [3.0000000000000004e-07]


Epoch : 70
Train MSE Loss     : 1.00001848	 | 	Train MAPE Loss     : 0.35168898
Valid MSE Loss     : 0.00005109	 | 	Valid MAPE Loss     : 0.61370414
lr                 : [3.0000000000000004e-07]


Epoch : 71
Train MSE Loss     : 1.00001717	 | 	Train MAPE Loss     : 0.34830296
Valid MSE Loss     : 0.00005228	 | 	Valid MAPE Loss     : 0.60849530
lr                 : [3.0000000000000004e-07]


Epoch : 72
Train MSE Loss     : 1.00002086	 | 	Train MAPE Loss     : 0.39706573
Valid MSE Loss     : 0.00005068	 | 	Valid MAPE Loss     : 0.57067645
lr                 : [3.0000000000000004e-07]


Epoch : 73
Train MSE Loss     : 1.00002384	 | 	Train MAPE Loss     : 0.42060298
Valid MSE Loss     : 0.00005268	 | 	Valid MAPE Loss     : 0.59598362
lr                 : [3.0000000000000004e-07]


Epoch : 74
Train MSE Loss     : 1.00001657	 | 	Train MAPE Loss     : 0.34071353
Valid MSE Loss     : 0.00004832	 | 	Valid MAPE Loss     : 0.59667575
lr                 : [3.0000000000000004e-07]


Epoch : 75
Train MSE Loss     : 1.00001931	 | 	Train MAPE Loss     : 0.36079642
Valid MSE Loss     : 0.00006371	 | 	Valid MAPE Loss     : 0.63215256
lr                 : [3.0000000000000004e-07]


Epoch : 76
Train MSE Loss     : 1.00002360	 | 	Train MAPE Loss     : 0.41399738
Valid MSE Loss     : 0.00005307	 | 	Valid MAPE Loss     : 0.61458111
lr                 : [3.0000000000000004e-07]


Epoch : 77
Train MSE Loss     : 1.00001943	 | 	Train MAPE Loss     : 0.37275416
Valid MSE Loss     : 0.00005135	 | 	Valid MAPE Loss     : 0.58245486
lr                 : [3.0000000000000004e-07]


Epoch : 78
Train MSE Loss     : 1.00001276	 | 	Train MAPE Loss     : 0.29175350
Valid MSE Loss     : 0.00005774	 | 	Valid MAPE Loss     : 0.62272012
lr                 : [3.0000000000000004e-07]


Epoch : 79
Train MSE Loss     : 1.00002265	 | 	Train MAPE Loss     : 0.41203669
Valid MSE Loss     : 0.00006001	 | 	Valid MAPE Loss     : 0.60809278
lr                 : [3.0000000000000004e-08]


Epoch : 80
Train MSE Loss     : 1.00001371	 | 	Train MAPE Loss     : 0.31038085
Valid MSE Loss     : 0.00004995	 | 	Valid MAPE Loss     : 0.58300066
lr                 : [3.0000000000000004e-08]


Epoch : 81
Train MSE Loss     : 1.00001228	 | 	Train MAPE Loss     : 0.28929591
Valid MSE Loss     : 0.00005247	 | 	Valid MAPE Loss     : 0.58958966
lr                 : [3.0000000000000004e-08]


Epoch : 82
Train MSE Loss     : 1.00001097	 | 	Train MAPE Loss     : 0.28420362
Valid MSE Loss     : 0.00005123	 | 	Valid MAPE Loss     : 0.57946062
lr                 : [3.0000000000000004e-08]


Epoch : 83
Train MSE Loss     : 1.00002193	 | 	Train MAPE Loss     : 0.38735259
Valid MSE Loss     : 0.00005001	 | 	Valid MAPE Loss     : 0.62216580
lr                 : [3.0000000000000004e-08]


Epoch : 84
Train MSE Loss     : 1.00002110	 | 	Train MAPE Loss     : 0.38090295
Valid MSE Loss     : 0.00005638	 | 	Valid MAPE Loss     : 0.60708308
lr                 : [3.0000000000000004e-08]


Epoch : 85
Train MSE Loss     : 1.00001419	 | 	Train MAPE Loss     : 0.32252294
Valid MSE Loss     : 0.00005567	 | 	Valid MAPE Loss     : 0.61571395
lr                 : [3.0000000000000004e-08]


Epoch : 86
Train MSE Loss     : 1.00001943	 | 	Train MAPE Loss     : 0.36446992
Valid MSE Loss     : 0.00005475	 | 	Valid MAPE Loss     : 0.59714001
lr                 : [3.0000000000000004e-08]


Epoch : 87
Train MSE Loss     : 1.00001252	 | 	Train MAPE Loss     : 0.29457974
Valid MSE Loss     : 0.00004733	 | 	Valid MAPE Loss     : 0.58043694
lr                 : [3.0000000000000004e-08]


Epoch : 88
Train MSE Loss     : 1.00001538	 | 	Train MAPE Loss     : 0.33120522
Valid MSE Loss     : 0.00005186	 | 	Valid MAPE Loss     : 0.60276717
lr                 : [3.0000000000000004e-08]


Epoch : 89
Train MSE Loss     : 1.00001752	 | 	Train MAPE Loss     : 0.35920990
Valid MSE Loss     : 0.00005099	 | 	Valid MAPE Loss     : 0.61110801
lr                 : [3.0000000000000004e-08]


Epoch : 90
Train MSE Loss     : 1.00002313	 | 	Train MAPE Loss     : 0.39084950
Valid MSE Loss     : 0.00005502	 | 	Valid MAPE Loss     : 0.64798939
lr                 : [3.0000000000000004e-09]


Epoch : 91
Train MSE Loss     : 1.00001502	 | 	Train MAPE Loss     : 0.32766941
Valid MSE Loss     : 0.00005150	 | 	Valid MAPE Loss     : 0.60816443
lr                 : [3.0000000000000004e-09]


Epoch : 92
Train MSE Loss     : 1.00001407	 | 	Train MAPE Loss     : 0.30191743
Valid MSE Loss     : 0.00005238	 | 	Valid MAPE Loss     : 0.61504412
lr                 : [3.0000000000000004e-09]


Epoch : 93
Train MSE Loss     : 1.00001979	 | 	Train MAPE Loss     : 0.39266187
Valid MSE Loss     : 0.00005273	 | 	Valid MAPE Loss     : 0.60889518
lr                 : [3.0000000000000004e-09]


Epoch : 94
Train MSE Loss     : 1.00001526	 | 	Train MAPE Loss     : 0.32704520
Valid MSE Loss     : 0.00005272	 | 	Valid MAPE Loss     : 0.58398259
lr                 : [3.0000000000000004e-09]


Epoch : 95
Train MSE Loss     : 1.00001442	 | 	Train MAPE Loss     : 0.32086235
Valid MSE Loss     : 0.00004568	 | 	Valid MAPE Loss     : 0.56073350
lr                 : [3.0000000000000004e-09]


Epoch : 96
Train MSE Loss     : 1.00001240	 | 	Train MAPE Loss     : 0.28669503
Valid MSE Loss     : 0.00004751	 | 	Valid MAPE Loss     : 0.56809294
lr                 : [3.0000000000000004e-09]


Epoch : 97
Train MSE Loss     : 1.00001824	 | 	Train MAPE Loss     : 0.36852500
Valid MSE Loss     : 0.00005037	 | 	Valid MAPE Loss     : 0.58638722
lr                 : [3.0000000000000004e-09]


Epoch : 98
Train MSE Loss     : 1.00001812	 | 	Train MAPE Loss     : 0.35893810
Valid MSE Loss     : 0.00005156	 | 	Valid MAPE Loss     : 0.60447919
lr                 : [3.0000000000000004e-09]


Epoch : 99
Train MSE Loss     : 1.00001800	 | 	Train MAPE Loss     : 0.37100720
Valid MSE Loss     : 0.00004795	 | 	Valid MAPE Loss     : 0.57922310
lr                 : [3.0000000000000004e-09]


Epoch : 100
Train MSE Loss     : 1.00001502	 | 	Train MAPE Loss     : 0.32491112
Valid MSE Loss     : 0.00005111	 | 	Valid MAPE Loss     : 0.58839667
lr                 : [3.0000000000000004e-09]


Epoch : 101
Train MSE Loss     : 1.00001657	 | 	Train MAPE Loss     : 0.34214282
Valid MSE Loss     : 0.00005608	 | 	Valid MAPE Loss     : 0.61230683
lr                 : [3.0000000000000004e-09]


Epoch : 102
Train MSE Loss     : 1.00001800	 | 	Train MAPE Loss     : 0.35642326
Valid MSE Loss     : 0.00005190	 | 	Valid MAPE Loss     : 0.60003239
lr                 : [3.0000000000000004e-09]


Epoch : 103
Train MSE Loss     : 1.00001252	 | 	Train MAPE Loss     : 0.29491052
Valid MSE Loss     : 0.00005596	 | 	Valid MAPE Loss     : 0.59658635
lr                 : [3.0000000000000004e-09]


Epoch : 104
Train MSE Loss     : 1.00001240	 | 	Train MAPE Loss     : 0.30430546
Valid MSE Loss     : 0.00005150	 | 	Valid MAPE Loss     : 0.57785666
lr                 : [3.0000000000000004e-09]


Epoch : 105
Train MSE Loss     : 1.00001705	 | 	Train MAPE Loss     : 0.35955989
Valid MSE Loss     : 0.00006001	 | 	Valid MAPE Loss     : 0.61767685
lr                 : [3.0000000000000004e-09]


Epoch : 106
Train MSE Loss     : 1.00001657	 | 	Train MAPE Loss     : 0.33982557
Valid MSE Loss     : 0.00004718	 | 	Valid MAPE Loss     : 0.57213831
lr                 : [3.0000000000000004e-09]


Epoch : 107
Train MSE Loss     : 1.00001752	 | 	Train MAPE Loss     : 0.35666871
Valid MSE Loss     : 0.00004876	 | 	Valid MAPE Loss     : 0.59162509
lr                 : [3.0000000000000004e-09]


Epoch : 108
Train MSE Loss     : 1.00001407	 | 	Train MAPE Loss     : 0.31555688
Valid MSE Loss     : 0.00005226	 | 	Valid MAPE Loss     : 0.59379059
lr                 : [3.0000000000000004e-09]


Epoch : 109
Train MSE Loss     : 1.00001812	 | 	Train MAPE Loss     : 0.35258847
Valid MSE Loss     : 0.00005256	 | 	Valid MAPE Loss     : 0.60866725
lr                 : [3.0000000000000004e-09]


Epoch : 110
Train MSE Loss     : 1.00001431	 | 	Train MAPE Loss     : 0.31831306
Valid MSE Loss     : 0.00004861	 | 	Valid MAPE Loss     : 0.60986495
lr                 : [3.0000000000000004e-09]


Epoch : 111
Train MSE Loss     : 1.00001502	 | 	Train MAPE Loss     : 0.32849431
Valid MSE Loss     : 0.00004916	 | 	Valid MAPE Loss     : 0.58065498
lr                 : [3.0000000000000004e-09]


Epoch : 112
Train MSE Loss     : 1.00001657	 | 	Train MAPE Loss     : 0.35046220
Valid MSE Loss     : 0.00004996	 | 	Valid MAPE Loss     : 0.60123259
lr                 : [3.0000000000000004e-09]


Epoch : 113
Train MSE Loss     : 1.00001359	 | 	Train MAPE Loss     : 0.30261442
Valid MSE Loss     : 0.00004809	 | 	Valid MAPE Loss     : 0.57736319
lr                 : [3.0000000000000004e-09]


Epoch : 114
Train MSE Loss     : 1.00001383	 | 	Train MAPE Loss     : 0.30762950
Valid MSE Loss     : 0.00005576	 | 	Valid MAPE Loss     : 0.60290200
lr                 : [3.0000000000000004e-09]


Epoch : 115
Train MSE Loss     : 1.00001609	 | 	Train MAPE Loss     : 0.35339585
Valid MSE Loss     : 0.00005064	 | 	Valid MAPE Loss     : 0.57854253
lr                 : [3.0000000000000004e-09]


Epoch : 116
Train MSE Loss     : 1.00001931	 | 	Train MAPE Loss     : 0.37086615
Valid MSE Loss     : 0.00005345	 | 	Valid MAPE Loss     : 0.57673186
lr                 : [3.0000000000000004e-09]


Epoch : 117
Train MSE Loss     : 1.00001776	 | 	Train MAPE Loss     : 0.36091399
Valid MSE Loss     : 0.00005531	 | 	Valid MAPE Loss     : 0.63322634
lr                 : [3.0000000000000004e-09]


Epoch : 118
Train MSE Loss     : 1.00001121	 | 	Train MAPE Loss     : 0.27707630
Valid MSE Loss     : 0.00005353	 | 	Valid MAPE Loss     : 0.57853162
lr                 : [3.0000000000000004e-09]


Epoch : 119
Train MSE Loss     : 1.00001597	 | 	Train MAPE Loss     : 0.33094516
Valid MSE Loss     : 0.00005041	 | 	Valid MAPE Loss     : 0.58723724
lr                 : [3.0000000000000004e-09]


Epoch : 120
Train MSE Loss     : 1.00001991	 | 	Train MAPE Loss     : 0.38119304
Valid MSE Loss     : 0.00005679	 | 	Valid MAPE Loss     : 0.61285490
lr                 : [3.0000000000000004e-09]


Epoch : 121
Train MSE Loss     : 1.00001383	 | 	Train MAPE Loss     : 0.31047350
Valid MSE Loss     : 0.00004858	 | 	Valid MAPE Loss     : 0.59853101
lr                 : [3.0000000000000004e-09]


Epoch : 122
Train MSE Loss     : 1.00001323	 | 	Train MAPE Loss     : 0.30960828
Valid MSE Loss     : 0.00005198	 | 	Valid MAPE Loss     : 0.59324169
lr                 : [3.0000000000000004e-09]


Epoch : 123
Train MSE Loss     : 1.00001740	 | 	Train MAPE Loss     : 0.33857295
Valid MSE Loss     : 0.00004701	 | 	Valid MAPE Loss     : 0.56667089
lr                 : [3.0000000000000004e-09]


Epoch : 124
Train MSE Loss     : 1.00001466	 | 	Train MAPE Loss     : 0.32055053
Valid MSE Loss     : 0.00005104	 | 	Valid MAPE Loss     : 0.59097278
lr                 : [3.0000000000000004e-09]


Epoch : 125
Train MSE Loss     : 1.00001693	 | 	Train MAPE Loss     : 0.35453200
Valid MSE Loss     : 0.00004861	 | 	Valid MAPE Loss     : 0.60774744
lr                 : [3.0000000000000004e-09]


Epoch : 126
Train MSE Loss     : 1.00001240	 | 	Train MAPE Loss     : 0.29838836
Valid MSE Loss     : 0.00004758	 | 	Valid MAPE Loss     : 0.58752161
lr                 : [3.0000000000000004e-09]


Epoch : 127
Train MSE Loss     : 1.00001323	 | 	Train MAPE Loss     : 0.29724172
Valid MSE Loss     : 0.00005225	 | 	Valid MAPE Loss     : 0.61902368
lr                 : [3.0000000000000004e-09]


Epoch : 128
Train MSE Loss     : 1.00001645	 | 	Train MAPE Loss     : 0.34695527
Valid MSE Loss     : 0.00004785	 | 	Valid MAPE Loss     : 0.55530649
lr                 : [3.0000000000000004e-09]


Epoch : 129
Train MSE Loss     : 1.00001168	 | 	Train MAPE Loss     : 0.28352916
Valid MSE Loss     : 0.00005247	 | 	Valid MAPE Loss     : 0.60153019
lr                 : [3.0000000000000004e-09]


Epoch : 130
Train MSE Loss     : 1.00001848	 | 	Train MAPE Loss     : 0.37173912
Valid MSE Loss     : 0.00005060	 | 	Valid MAPE Loss     : 0.60474128
lr                 : [3.0000000000000004e-09]


Epoch : 131
Train MSE Loss     : 1.00001550	 | 	Train MAPE Loss     : 0.33298576
Valid MSE Loss     : 0.00005457	 | 	Valid MAPE Loss     : 0.62790942
lr                 : [3.0000000000000004e-09]


Epoch : 132
Train MSE Loss     : 1.00001454	 | 	Train MAPE Loss     : 0.31797016
Valid MSE Loss     : 0.00005876	 | 	Valid MAPE Loss     : 0.62603766
lr                 : [3.0000000000000004e-09]


Epoch : 133
Train MSE Loss     : 1.00001955	 | 	Train MAPE Loss     : 0.37300336
Valid MSE Loss     : 0.00005380	 | 	Valid MAPE Loss     : 0.59696734
lr                 : [3.0000000000000004e-09]


Epoch : 134
Train MSE Loss     : 1.00001419	 | 	Train MAPE Loss     : 0.31726080
Valid MSE Loss     : 0.00005088	 | 	Valid MAPE Loss     : 0.59755313
lr                 : [3.0000000000000004e-09]


Epoch : 135
Train MSE Loss     : 1.00001478	 | 	Train MAPE Loss     : 0.32738510
Valid MSE Loss     : 0.00004887	 | 	Valid MAPE Loss     : 0.58706760
lr                 : [3.0000000000000004e-09]


Epoch : 136
Train MSE Loss     : 1.00001466	 | 	Train MAPE Loss     : 0.32106787
Valid MSE Loss     : 0.00004869	 | 	Valid MAPE Loss     : 0.58983892
lr                 : [3.0000000000000004e-09]


Epoch : 137
Train MSE Loss     : 1.00001943	 | 	Train MAPE Loss     : 0.36364627
Valid MSE Loss     : 0.00007068	 | 	Valid MAPE Loss     : 0.72658092
lr                 : [3.0000000000000004e-09]


Epoch : 138
Train MSE Loss     : 1.00001192	 | 	Train MAPE Loss     : 0.28542855
Valid MSE Loss     : 0.00005249	 | 	Valid MAPE Loss     : 0.60460055
lr                 : [3.0000000000000004e-09]


Epoch : 139
Train MSE Loss     : 1.00001323	 | 	Train MAPE Loss     : 0.30876648
Valid MSE Loss     : 0.00004754	 | 	Valid MAPE Loss     : 0.61430180
lr                 : [3.0000000000000004e-09]


Epoch : 140
Train MSE Loss     : 1.00001633	 | 	Train MAPE Loss     : 0.33466402
Valid MSE Loss     : 0.00004827	 | 	Valid MAPE Loss     : 0.56729782
lr                 : [3.0000000000000004e-09]


Epoch : 141
Train MSE Loss     : 1.00001192	 | 	Train MAPE Loss     : 0.27904770
Valid MSE Loss     : 0.00005027	 | 	Valid MAPE Loss     : 0.62507284
lr                 : [3.0000000000000004e-09]


Epoch : 142
Train MSE Loss     : 1.00001609	 | 	Train MAPE Loss     : 0.32680413
Valid MSE Loss     : 0.00005140	 | 	Valid MAPE Loss     : 0.58247435
lr                 : [3.0000000000000004e-09]


Epoch : 143
Train MSE Loss     : 1.00001514	 | 	Train MAPE Loss     : 0.33273876
Valid MSE Loss     : 0.00005550	 | 	Valid MAPE Loss     : 0.60624856
lr                 : [3.0000000000000004e-09]


Epoch : 144
Train MSE Loss     : 1.00001597	 | 	Train MAPE Loss     : 0.33805281
Valid MSE Loss     : 0.00004978	 | 	Valid MAPE Loss     : 0.60487539
lr                 : [3.0000000000000004e-09]


Epoch : 145
Train MSE Loss     : 1.00001466	 | 	Train MAPE Loss     : 0.32358196
Valid MSE Loss     : 0.00005675	 | 	Valid MAPE Loss     : 0.60495389
lr                 : [3.0000000000000004e-09]


Epoch : 146
Train MSE Loss     : 1.00001431	 | 	Train MAPE Loss     : 0.32024431
Valid MSE Loss     : 0.00005187	 | 	Valid MAPE Loss     : 0.58165824
lr                 : [3.0000000000000004e-09]


Epoch : 147
Train MSE Loss     : 1.00001347	 | 	Train MAPE Loss     : 0.29939657
Valid MSE Loss     : 0.00005906	 | 	Valid MAPE Loss     : 0.63937962
lr                 : [3.0000000000000004e-09]


Epoch : 148
Train MSE Loss     : 1.00001705	 | 	Train MAPE Loss     : 0.35588041
Valid MSE Loss     : 0.00004715	 | 	Valid MAPE Loss     : 0.58195311
lr                 : [3.0000000000000004e-09]


Epoch : 149
Train MSE Loss     : 1.00001550	 | 	Train MAPE Loss     : 0.32427210
Valid MSE Loss     : 0.00006265	 | 	Valid MAPE Loss     : 0.65338600
lr                 : [3.0000000000000004e-09]


Epoch : 150
Train MSE Loss     : 1.00001800	 | 	Train MAPE Loss     : 0.36530060
Valid MSE Loss     : 0.00005804	 | 	Valid MAPE Loss     : 0.61347049
lr                 : [3.0000000000000004e-09]


Evaluate on the Test set:
Test MAPE loss      :0.75437737	 | Test MSE loss      : 0.00008378

################## Training is Done! #########################
