=============================================
Dataset: cell_XJTU_batch3_prepocess_data
Mode:    supervised_with_contrast
=============================================
Training started ....

Epoch : 1
Train MSE Loss     : 1.52274692	 | 	Train MAPE Loss     : 73.87878418
Valid MSE Loss     : 0.69871116	 | 	Valid MAPE Loss     : 89.44746399
lr                 : [0.0003]


Epoch : 2
Train MSE Loss     : 1.40062189	 | 	Train MAPE Loss     : 66.04824829
Valid MSE Loss     : 0.07478832	 | 	Valid MAPE Loss     : 29.10627365
lr                 : [0.0003]


Epoch : 3
Train MSE Loss     : 1.02702475	 | 	Train MAPE Loss     : 15.26264668
Valid MSE Loss     : 0.15756936	 | 	Valid MAPE Loss     : 42.69440460
lr                 : [0.0003]


Epoch : 4
Train MSE Loss     : 1.13119745	 | 	Train MAPE Loss     : 34.60626221
Valid MSE Loss     : 0.00563388	 | 	Valid MAPE Loss     : 6.91400814
lr                 : [0.0003]


Epoch : 5
Train MSE Loss     : 1.00312722	 | 	Train MAPE Loss     : 5.11547565
Valid MSE Loss     : 0.01756042	 | 	Valid MAPE Loss     : 14.23961735
lr                 : [0.0003]


Epoch : 6
Train MSE Loss     : 1.00997436	 | 	Train MAPE Loss     : 9.01226425
Valid MSE Loss     : 0.00324646	 | 	Valid MAPE Loss     : 5.92442894
lr                 : [0.0003]


Epoch : 7
Train MSE Loss     : 1.00196946	 | 	Train MAPE Loss     : 3.55978251
Valid MSE Loss     : 0.00255934	 | 	Valid MAPE Loss     : 5.35647726
lr                 : [0.0003]


Epoch : 8
Train MSE Loss     : 1.00695729	 | 	Train MAPE Loss     : 8.04010677
Valid MSE Loss     : 0.00073876	 | 	Valid MAPE Loss     : 2.54778910
lr                 : [0.0003]


Epoch : 9
Train MSE Loss     : 1.00230932	 | 	Train MAPE Loss     : 4.37101269
Valid MSE Loss     : 0.00111310	 | 	Valid MAPE Loss     : 3.49569440
lr                 : [0.0003]


Epoch : 10
Train MSE Loss     : 1.00749922	 | 	Train MAPE Loss     : 8.24559975
Valid MSE Loss     : 0.00040210	 | 	Valid MAPE Loss     : 1.95923305
lr                 : [0.0003]


Epoch : 11
Train MSE Loss     : 1.00313032	 | 	Train MAPE Loss     : 5.30021524
Valid MSE Loss     : 0.00671628	 | 	Valid MAPE Loss     : 8.78878403
lr                 : [0.0003]


Epoch : 12
Train MSE Loss     : 1.01311076	 | 	Train MAPE Loss     : 11.01875305
Valid MSE Loss     : 0.00220689	 | 	Valid MAPE Loss     : 4.74724197
lr                 : [0.0003]


Epoch : 13
Train MSE Loss     : 1.00184011	 | 	Train MAPE Loss     : 3.98765922
Valid MSE Loss     : 0.00116086	 | 	Valid MAPE Loss     : 3.51262140
lr                 : [0.0003]


Epoch : 14
Train MSE Loss     : 1.00129986	 | 	Train MAPE Loss     : 3.15609741
Valid MSE Loss     : 0.00018844	 | 	Valid MAPE Loss     : 1.15575385
lr                 : [0.0003]


Epoch : 15
Train MSE Loss     : 1.00448287	 | 	Train MAPE Loss     : 6.39017963
Valid MSE Loss     : 0.00063131	 | 	Valid MAPE Loss     : 2.26851392
lr                 : [0.0003]


Epoch : 16
Train MSE Loss     : 1.00057459	 | 	Train MAPE Loss     : 2.04525471
Valid MSE Loss     : 0.00112773	 | 	Valid MAPE Loss     : 3.46484518
lr                 : [0.0003]


Epoch : 17
Train MSE Loss     : 1.02868354	 | 	Train MAPE Loss     : 15.07431030
Valid MSE Loss     : 0.05436451	 | 	Valid MAPE Loss     : 25.00716591
lr                 : [0.0003]


Epoch : 18
Train MSE Loss     : 1.01486409	 | 	Train MAPE Loss     : 10.39927769
Valid MSE Loss     : 0.01174942	 | 	Valid MAPE Loss     : 11.41249561
lr                 : [0.0003]


Epoch : 19
Train MSE Loss     : 1.00223720	 | 	Train MAPE Loss     : 3.83861518
Valid MSE Loss     : 0.00226501	 | 	Valid MAPE Loss     : 5.02391481
lr                 : [0.0003]


Epoch : 20
Train MSE Loss     : 1.00098658	 | 	Train MAPE Loss     : 2.91451883
Valid MSE Loss     : 0.00192123	 | 	Valid MAPE Loss     : 4.43363810
lr                 : [0.0003]


Epoch : 21
Train MSE Loss     : 1.01262701	 | 	Train MAPE Loss     : 10.83155918
Valid MSE Loss     : 0.03194910	 | 	Valid MAPE Loss     : 19.18749619
lr                 : [0.0003]


Epoch : 22
Train MSE Loss     : 1.00824451	 | 	Train MAPE Loss     : 8.12803268
Valid MSE Loss     : 0.00255513	 | 	Valid MAPE Loss     : 5.36022854
lr                 : [0.0003]


Epoch : 23
Train MSE Loss     : 1.00519073	 | 	Train MAPE Loss     : 6.21062803
Valid MSE Loss     : 0.00226328	 | 	Valid MAPE Loss     : 4.74838877
lr                 : [0.0003]


Epoch : 24
Train MSE Loss     : 1.00289178	 | 	Train MAPE Loss     : 4.76630926
Valid MSE Loss     : 0.00105437	 | 	Valid MAPE Loss     : 2.56211972
lr                 : [0.0003]


Epoch : 25
Train MSE Loss     : 1.00190711	 | 	Train MAPE Loss     : 3.60483003
Valid MSE Loss     : 0.00091170	 | 	Valid MAPE Loss     : 2.84412456
lr                 : [2.9999999999999997e-05]


Epoch : 26
Train MSE Loss     : 1.00052416	 | 	Train MAPE Loss     : 1.99762416
Valid MSE Loss     : 0.00021046	 | 	Valid MAPE Loss     : 1.40872788
lr                 : [2.9999999999999997e-05]


Epoch : 27
Train MSE Loss     : 1.00010288	 | 	Train MAPE Loss     : 0.88435322
Valid MSE Loss     : 0.00017413	 | 	Valid MAPE Loss     : 1.30344462
lr                 : [2.9999999999999997e-05]


Epoch : 28
Train MSE Loss     : 1.00006020	 | 	Train MAPE Loss     : 0.68044186
Valid MSE Loss     : 0.00003937	 | 	Valid MAPE Loss     : 0.52172601
lr                 : [2.9999999999999997e-05]


Epoch : 29
Train MSE Loss     : 1.00006819	 | 	Train MAPE Loss     : 0.70187896
Valid MSE Loss     : 0.00003549	 | 	Valid MAPE Loss     : 0.49544790
lr                 : [2.9999999999999997e-05]


Epoch : 30
Train MSE Loss     : 1.00004125	 | 	Train MAPE Loss     : 0.55543756
Valid MSE Loss     : 0.00008948	 | 	Valid MAPE Loss     : 0.89644909
lr                 : [2.9999999999999997e-05]


Epoch : 31
Train MSE Loss     : 1.00009143	 | 	Train MAPE Loss     : 0.83861327
Valid MSE Loss     : 0.00002302	 | 	Valid MAPE Loss     : 0.39639467
lr                 : [2.9999999999999997e-05]


Epoch : 32
Train MSE Loss     : 1.00012112	 | 	Train MAPE Loss     : 0.89019769
Valid MSE Loss     : 0.00038255	 | 	Valid MAPE Loss     : 2.03440714
lr                 : [2.9999999999999997e-05]


Epoch : 33
Train MSE Loss     : 1.00033903	 | 	Train MAPE Loss     : 1.80052292
Valid MSE Loss     : 0.00002321	 | 	Valid MAPE Loss     : 0.38926235
lr                 : [2.9999999999999997e-05]


Epoch : 34
Train MSE Loss     : 1.00015640	 | 	Train MAPE Loss     : 1.13386333
Valid MSE Loss     : 0.00002252	 | 	Valid MAPE Loss     : 0.37886372
lr                 : [2.9999999999999997e-05]


Epoch : 35
Train MSE Loss     : 1.00006366	 | 	Train MAPE Loss     : 0.67808968
Valid MSE Loss     : 0.00002059	 | 	Valid MAPE Loss     : 0.35975948
lr                 : [2.9999999999999997e-05]


Epoch : 36
Train MSE Loss     : 1.00011265	 | 	Train MAPE Loss     : 0.87452853
Valid MSE Loss     : 0.00003466	 | 	Valid MAPE Loss     : 0.50302327
lr                 : [2.9999999999999997e-05]


Epoch : 37
Train MSE Loss     : 1.00012290	 | 	Train MAPE Loss     : 0.97227091
Valid MSE Loss     : 0.00001931	 | 	Valid MAPE Loss     : 0.34366134
lr                 : [2.9999999999999997e-05]


Epoch : 38
Train MSE Loss     : 1.00032485	 | 	Train MAPE Loss     : 1.62330103
Valid MSE Loss     : 0.00040616	 | 	Valid MAPE Loss     : 2.09725165
lr                 : [2.9999999999999997e-05]


Epoch : 39
Train MSE Loss     : 1.00016701	 | 	Train MAPE Loss     : 1.20040107
Valid MSE Loss     : 0.00002162	 | 	Valid MAPE Loss     : 0.38791150
lr                 : [2.9999999999999997e-05]


Epoch : 40
Train MSE Loss     : 1.00004721	 | 	Train MAPE Loss     : 0.58491617
Valid MSE Loss     : 0.00005879	 | 	Valid MAPE Loss     : 0.72138190
lr                 : [2.9999999999999997e-05]


Epoch : 41
Train MSE Loss     : 1.00006521	 | 	Train MAPE Loss     : 0.69938016
Valid MSE Loss     : 0.00007240	 | 	Valid MAPE Loss     : 0.82570112
lr                 : [2.9999999999999997e-05]


Epoch : 42
Train MSE Loss     : 1.00005901	 | 	Train MAPE Loss     : 0.65735072
Valid MSE Loss     : 0.00002888	 | 	Valid MAPE Loss     : 0.46135855
lr                 : [2.9999999999999997e-05]


Epoch : 43
Train MSE Loss     : 1.00005352	 | 	Train MAPE Loss     : 0.63007206
Valid MSE Loss     : 0.00005591	 | 	Valid MAPE Loss     : 0.69946790
lr                 : [2.9999999999999997e-05]


Epoch : 44
Train MSE Loss     : 1.00012732	 | 	Train MAPE Loss     : 1.01842368
Valid MSE Loss     : 0.00002360	 | 	Valid MAPE Loss     : 0.38299474
lr                 : [2.9999999999999997e-05]


Epoch : 45
Train MSE Loss     : 1.00007308	 | 	Train MAPE Loss     : 0.72044683
Valid MSE Loss     : 0.00002677	 | 	Valid MAPE Loss     : 0.43705291
lr                 : [2.9999999999999997e-05]


Epoch : 46
Train MSE Loss     : 1.00011718	 | 	Train MAPE Loss     : 0.95770013
Valid MSE Loss     : 0.00006900	 | 	Valid MAPE Loss     : 0.81323868
lr                 : [2.9999999999999997e-05]


Epoch : 47
Train MSE Loss     : 1.00004053	 | 	Train MAPE Loss     : 0.54607195
Valid MSE Loss     : 0.00001419	 | 	Valid MAPE Loss     : 0.30015528
lr                 : [2.9999999999999997e-05]


Epoch : 48
Train MSE Loss     : 1.00004816	 | 	Train MAPE Loss     : 0.60394365
Valid MSE Loss     : 0.00002834	 | 	Valid MAPE Loss     : 0.48009050
lr                 : [2.9999999999999997e-05]


Epoch : 49
Train MSE Loss     : 1.00003731	 | 	Train MAPE Loss     : 0.51657671
Valid MSE Loss     : 0.00002328	 | 	Valid MAPE Loss     : 0.42934045
lr                 : [2.9999999999999997e-05]


Epoch : 50
Train MSE Loss     : 1.00005734	 | 	Train MAPE Loss     : 0.65818179
Valid MSE Loss     : 0.00005632	 | 	Valid MAPE Loss     : 0.73218507
lr                 : [2.9999999999999997e-05]


Epoch : 51
Train MSE Loss     : 1.00004816	 | 	Train MAPE Loss     : 0.60924500
Valid MSE Loss     : 0.00004735	 | 	Valid MAPE Loss     : 0.65892845
lr                 : [2.9999999999999997e-05]


Epoch : 52
Train MSE Loss     : 1.00004363	 | 	Train MAPE Loss     : 0.56061727
Valid MSE Loss     : 0.00005363	 | 	Valid MAPE Loss     : 0.70806438
lr                 : [2.9999999999999997e-05]


Epoch : 53
Train MSE Loss     : 1.00004423	 | 	Train MAPE Loss     : 0.58361286
Valid MSE Loss     : 0.00001568	 | 	Valid MAPE Loss     : 0.30399317
lr                 : [2.9999999999999997e-05]


Epoch : 54
Train MSE Loss     : 1.00016451	 | 	Train MAPE Loss     : 1.09386253
Valid MSE Loss     : 0.00060801	 | 	Valid MAPE Loss     : 2.57437658
lr                 : [2.9999999999999997e-05]


Epoch : 55
Train MSE Loss     : 1.00017905	 | 	Train MAPE Loss     : 1.16437638
Valid MSE Loss     : 0.00002904	 | 	Valid MAPE Loss     : 0.48438558
lr                 : [2.9999999999999997e-05]


Epoch : 56
Train MSE Loss     : 1.00005031	 | 	Train MAPE Loss     : 0.58536571
Valid MSE Loss     : 0.00003542	 | 	Valid MAPE Loss     : 0.54368061
lr                 : [2.9999999999999997e-05]


Epoch : 57
Train MSE Loss     : 1.00004852	 | 	Train MAPE Loss     : 0.60188478
Valid MSE Loss     : 0.00001232	 | 	Valid MAPE Loss     : 0.26747546
lr                 : [2.9999999999999997e-05]


Epoch : 58
Train MSE Loss     : 1.00005448	 | 	Train MAPE Loss     : 0.63716054
Valid MSE Loss     : 0.00002514	 | 	Valid MAPE Loss     : 0.41727418
lr                 : [2.9999999999999997e-05]


Epoch : 59
Train MSE Loss     : 1.00005949	 | 	Train MAPE Loss     : 0.66483432
Valid MSE Loss     : 0.00001212	 | 	Valid MAPE Loss     : 0.26794437
lr                 : [2.9999999999999997e-05]


Epoch : 60
Train MSE Loss     : 1.00010765	 | 	Train MAPE Loss     : 0.93577784
Valid MSE Loss     : 0.00001727	 | 	Valid MAPE Loss     : 0.34588414
lr                 : [2.9999999999999997e-05]


Epoch : 61
Train MSE Loss     : 1.00011802	 | 	Train MAPE Loss     : 1.00347698
Valid MSE Loss     : 0.00005168	 | 	Valid MAPE Loss     : 0.69977832
lr                 : [2.9999999999999997e-05]


Epoch : 62
Train MSE Loss     : 1.00007427	 | 	Train MAPE Loss     : 0.77687037
Valid MSE Loss     : 0.00002096	 | 	Valid MAPE Loss     : 0.39609292
lr                 : [2.9999999999999997e-05]


Epoch : 63
Train MSE Loss     : 1.00004911	 | 	Train MAPE Loss     : 0.60493267
Valid MSE Loss     : 0.00007669	 | 	Valid MAPE Loss     : 0.85045123
lr                 : [2.9999999999999997e-05]


Epoch : 64
Train MSE Loss     : 1.00005484	 | 	Train MAPE Loss     : 0.60706967
Valid MSE Loss     : 0.00001688	 | 	Valid MAPE Loss     : 0.31660295
lr                 : [2.9999999999999997e-05]


Epoch : 65
Train MSE Loss     : 1.00005329	 | 	Train MAPE Loss     : 0.63455296
Valid MSE Loss     : 0.00005350	 | 	Valid MAPE Loss     : 0.68445301
lr                 : [2.9999999999999997e-05]


Epoch : 66
Train MSE Loss     : 1.00004184	 | 	Train MAPE Loss     : 0.55046374
Valid MSE Loss     : 0.00002163	 | 	Valid MAPE Loss     : 0.38153034
lr                 : [2.9999999999999997e-05]


Epoch : 67
Train MSE Loss     : 1.00004041	 | 	Train MAPE Loss     : 0.55107987
Valid MSE Loss     : 0.00001606	 | 	Valid MAPE Loss     : 0.30626023
lr                 : [2.9999999999999997e-05]


Epoch : 68
Train MSE Loss     : 1.00011110	 | 	Train MAPE Loss     : 0.94629008
Valid MSE Loss     : 0.00001119	 | 	Valid MAPE Loss     : 0.25586838
lr                 : [2.9999999999999997e-05]


Epoch : 69
Train MSE Loss     : 1.00004530	 | 	Train MAPE Loss     : 0.59010941
Valid MSE Loss     : 0.00001496	 | 	Valid MAPE Loss     : 0.31342077
lr                 : [2.9999999999999997e-05]


Epoch : 70
Train MSE Loss     : 1.00005054	 | 	Train MAPE Loss     : 0.62082237
Valid MSE Loss     : 0.00002069	 | 	Valid MAPE Loss     : 0.40220475
lr                 : [2.9999999999999997e-05]


Epoch : 71
Train MSE Loss     : 1.00004888	 | 	Train MAPE Loss     : 0.62536949
Valid MSE Loss     : 0.00001321	 | 	Valid MAPE Loss     : 0.28512764
lr                 : [2.9999999999999997e-05]


Epoch : 72
Train MSE Loss     : 1.00009191	 | 	Train MAPE Loss     : 0.85318047
Valid MSE Loss     : 0.00002373	 | 	Valid MAPE Loss     : 0.41988644
lr                 : [2.9999999999999997e-05]


Epoch : 73
Train MSE Loss     : 1.00006449	 | 	Train MAPE Loss     : 0.68732536
Valid MSE Loss     : 0.00001596	 | 	Valid MAPE Loss     : 0.33231962
lr                 : [2.9999999999999997e-05]


Epoch : 74
Train MSE Loss     : 1.00004494	 | 	Train MAPE Loss     : 0.58214337
Valid MSE Loss     : 0.00001184	 | 	Valid MAPE Loss     : 0.25482613
lr                 : [2.9999999999999997e-05]


Epoch : 75
Train MSE Loss     : 1.00004458	 | 	Train MAPE Loss     : 0.57989466
Valid MSE Loss     : 0.00003328	 | 	Valid MAPE Loss     : 0.54565501
lr                 : [2.9999999999999997e-05]


Epoch : 76
Train MSE Loss     : 1.00007844	 | 	Train MAPE Loss     : 0.77476370
Valid MSE Loss     : 0.00002561	 | 	Valid MAPE Loss     : 0.40584928
lr                 : [2.9999999999999997e-05]


Epoch : 77
Train MSE Loss     : 1.00013554	 | 	Train MAPE Loss     : 1.07702887
Valid MSE Loss     : 0.00007699	 | 	Valid MAPE Loss     : 0.88688338
lr                 : [2.9999999999999997e-05]


Epoch : 78
Train MSE Loss     : 1.00004303	 | 	Train MAPE Loss     : 0.58101827
Valid MSE Loss     : 0.00001782	 | 	Valid MAPE Loss     : 0.36088869
lr                 : [2.9999999999999997e-05]


Epoch : 79
Train MSE Loss     : 1.00004566	 | 	Train MAPE Loss     : 0.57629532
Valid MSE Loss     : 0.00002766	 | 	Valid MAPE Loss     : 0.46394676
lr                 : [2.9999999999999997e-05]


Epoch : 80
Train MSE Loss     : 1.00004554	 | 	Train MAPE Loss     : 0.55020994
Valid MSE Loss     : 0.00001091	 | 	Valid MAPE Loss     : 0.24727981
lr                 : [2.9999999999999997e-05]


Epoch : 81
Train MSE Loss     : 1.00004470	 | 	Train MAPE Loss     : 0.55909562
Valid MSE Loss     : 0.00007562	 | 	Valid MAPE Loss     : 0.87746167
lr                 : [2.9999999999999997e-05]


Epoch : 82
Train MSE Loss     : 1.00012493	 | 	Train MAPE Loss     : 0.99325067
Valid MSE Loss     : 0.00007864	 | 	Valid MAPE Loss     : 0.88679171
lr                 : [2.9999999999999997e-05]


Epoch : 83
Train MSE Loss     : 1.00006080	 | 	Train MAPE Loss     : 0.66740888
Valid MSE Loss     : 0.00001154	 | 	Valid MAPE Loss     : 0.26566929
lr                 : [2.9999999999999997e-05]


Epoch : 84
Train MSE Loss     : 1.00009251	 | 	Train MAPE Loss     : 0.80676687
Valid MSE Loss     : 0.00001316	 | 	Valid MAPE Loss     : 0.27712983
lr                 : [2.9999999999999997e-05]


Epoch : 85
Train MSE Loss     : 1.00006688	 | 	Train MAPE Loss     : 0.74888921
Valid MSE Loss     : 0.00005649	 | 	Valid MAPE Loss     : 0.72271883
lr                 : [2.9999999999999997e-05]


Epoch : 86
Train MSE Loss     : 1.00011623	 | 	Train MAPE Loss     : 0.99260038
Valid MSE Loss     : 0.00002106	 | 	Valid MAPE Loss     : 0.37177181
lr                 : [2.9999999999999997e-05]


Epoch : 87
Train MSE Loss     : 1.00006056	 | 	Train MAPE Loss     : 0.65306234
Valid MSE Loss     : 0.00002032	 | 	Valid MAPE Loss     : 0.39024571
lr                 : [2.9999999999999997e-05]


Epoch : 88
Train MSE Loss     : 1.00006688	 | 	Train MAPE Loss     : 0.70718360
Valid MSE Loss     : 0.00003232	 | 	Valid MAPE Loss     : 0.52544260
lr                 : [2.9999999999999997e-05]


Epoch : 89
Train MSE Loss     : 1.00008965	 | 	Train MAPE Loss     : 0.83852220
Valid MSE Loss     : 0.00008904	 | 	Valid MAPE Loss     : 0.94802260
lr                 : [2.9999999999999997e-05]


Epoch : 90
Train MSE Loss     : 1.00013578	 | 	Train MAPE Loss     : 1.06103981
Valid MSE Loss     : 0.00032770	 | 	Valid MAPE Loss     : 1.92535639
lr                 : [2.9999999999999997e-05]


Epoch : 91
Train MSE Loss     : 1.00016892	 | 	Train MAPE Loss     : 1.24856114
Valid MSE Loss     : 0.00011358	 | 	Valid MAPE Loss     : 1.08607125
lr                 : [3e-06]


Epoch : 92
Train MSE Loss     : 1.00007510	 | 	Train MAPE Loss     : 0.77151126
Valid MSE Loss     : 0.00001296	 | 	Valid MAPE Loss     : 0.29561505
lr                 : [3e-06]


Epoch : 93
Train MSE Loss     : 1.00002897	 | 	Train MAPE Loss     : 0.44092396
Valid MSE Loss     : 0.00001705	 | 	Valid MAPE Loss     : 0.33505750
lr                 : [3e-06]


Epoch : 94
Train MSE Loss     : 1.00002646	 | 	Train MAPE Loss     : 0.44379348
Valid MSE Loss     : 0.00001154	 | 	Valid MAPE Loss     : 0.25743100
lr                 : [3e-06]


Epoch : 95
Train MSE Loss     : 1.00003052	 | 	Train MAPE Loss     : 0.47108698
Valid MSE Loss     : 0.00001838	 | 	Valid MAPE Loss     : 0.36600143
lr                 : [3e-06]


Epoch : 96
Train MSE Loss     : 1.00002801	 | 	Train MAPE Loss     : 0.44489205
Valid MSE Loss     : 0.00001251	 | 	Valid MAPE Loss     : 0.27278697
lr                 : [3e-06]


Epoch : 97
Train MSE Loss     : 1.00002968	 | 	Train MAPE Loss     : 0.46637714
Valid MSE Loss     : 0.00003176	 | 	Valid MAPE Loss     : 0.54038876
lr                 : [3e-06]


Epoch : 98
Train MSE Loss     : 1.00002742	 | 	Train MAPE Loss     : 0.42403018
Valid MSE Loss     : 0.00001182	 | 	Valid MAPE Loss     : 0.25920087
lr                 : [3e-06]


Epoch : 99
Train MSE Loss     : 1.00003433	 | 	Train MAPE Loss     : 0.49579468
Valid MSE Loss     : 0.00002754	 | 	Valid MAPE Loss     : 0.49627832
lr                 : [3e-06]


Epoch : 100
Train MSE Loss     : 1.00003946	 | 	Train MAPE Loss     : 0.55339545
Valid MSE Loss     : 0.00001659	 | 	Valid MAPE Loss     : 0.34044349
lr                 : [3e-06]


Epoch : 101
Train MSE Loss     : 1.00002337	 | 	Train MAPE Loss     : 0.39924499
Valid MSE Loss     : 0.00001224	 | 	Valid MAPE Loss     : 0.27362135
lr                 : [3e-06]


Epoch : 102
Train MSE Loss     : 1.00003111	 | 	Train MAPE Loss     : 0.48858583
Valid MSE Loss     : 0.00004297	 | 	Valid MAPE Loss     : 0.64452666
lr                 : [3.0000000000000004e-07]


Epoch : 103
Train MSE Loss     : 1.00003386	 | 	Train MAPE Loss     : 0.50031269
Valid MSE Loss     : 0.00001927	 | 	Valid MAPE Loss     : 0.37998617
lr                 : [3.0000000000000004e-07]


Epoch : 104
Train MSE Loss     : 1.00002396	 | 	Train MAPE Loss     : 0.41203901
Valid MSE Loss     : 0.00001769	 | 	Valid MAPE Loss     : 0.36428586
lr                 : [3.0000000000000004e-07]


Epoch : 105
Train MSE Loss     : 1.00002360	 | 	Train MAPE Loss     : 0.41228312
Valid MSE Loss     : 0.00001117	 | 	Valid MAPE Loss     : 0.25235114
lr                 : [3.0000000000000004e-07]


Epoch : 106
Train MSE Loss     : 1.00002217	 | 	Train MAPE Loss     : 0.39672849
Valid MSE Loss     : 0.00001401	 | 	Valid MAPE Loss     : 0.29080966
lr                 : [3.0000000000000004e-07]


Epoch : 107
Train MSE Loss     : 1.00001991	 | 	Train MAPE Loss     : 0.37620851
Valid MSE Loss     : 0.00001424	 | 	Valid MAPE Loss     : 0.29874361
lr                 : [3.0000000000000004e-07]


Epoch : 108
Train MSE Loss     : 1.00002849	 | 	Train MAPE Loss     : 0.44709885
Valid MSE Loss     : 0.00001258	 | 	Valid MAPE Loss     : 0.26670447
lr                 : [3.0000000000000004e-07]


Epoch : 109
Train MSE Loss     : 1.00002670	 | 	Train MAPE Loss     : 0.44648093
Valid MSE Loss     : 0.00002111	 | 	Valid MAPE Loss     : 0.40225345
lr                 : [3.0000000000000004e-07]


Epoch : 110
Train MSE Loss     : 1.00002813	 | 	Train MAPE Loss     : 0.44088238
Valid MSE Loss     : 0.00001264	 | 	Valid MAPE Loss     : 0.26525605
lr                 : [3.0000000000000004e-07]


Epoch : 111
Train MSE Loss     : 1.00001764	 | 	Train MAPE Loss     : 0.36048883
Valid MSE Loss     : 0.00001937	 | 	Valid MAPE Loss     : 0.38817245
lr                 : [3.0000000000000004e-07]


Epoch : 112
Train MSE Loss     : 1.00002980	 | 	Train MAPE Loss     : 0.45087489
Valid MSE Loss     : 0.00003617	 | 	Valid MAPE Loss     : 0.58513659
lr                 : [3.0000000000000004e-07]


Epoch : 113
Train MSE Loss     : 1.00002456	 | 	Train MAPE Loss     : 0.42096141
Valid MSE Loss     : 0.00002044	 | 	Valid MAPE Loss     : 0.40211603
lr                 : [3.0000000000000004e-08]


Epoch : 114
Train MSE Loss     : 1.00003159	 | 	Train MAPE Loss     : 0.47230208
Valid MSE Loss     : 0.00002445	 | 	Valid MAPE Loss     : 0.45051473
lr                 : [3.0000000000000004e-08]


Epoch : 115
Train MSE Loss     : 1.00002182	 | 	Train MAPE Loss     : 0.38871193
Valid MSE Loss     : 0.00001324	 | 	Valid MAPE Loss     : 0.27522618
lr                 : [3.0000000000000004e-08]


Epoch : 116
Train MSE Loss     : 1.00002539	 | 	Train MAPE Loss     : 0.42035058
Valid MSE Loss     : 0.00001487	 | 	Valid MAPE Loss     : 0.30433816
lr                 : [3.0000000000000004e-08]


Epoch : 117
Train MSE Loss     : 1.00002789	 | 	Train MAPE Loss     : 0.45146993
Valid MSE Loss     : 0.00001148	 | 	Valid MAPE Loss     : 0.25740415
lr                 : [3.0000000000000004e-08]


Epoch : 118
Train MSE Loss     : 1.00003207	 | 	Train MAPE Loss     : 0.48129034
Valid MSE Loss     : 0.00001276	 | 	Valid MAPE Loss     : 0.26723409
lr                 : [3.0000000000000004e-08]


Epoch : 119
Train MSE Loss     : 1.00002623	 | 	Train MAPE Loss     : 0.41989538
Valid MSE Loss     : 0.00002063	 | 	Valid MAPE Loss     : 0.40522543
lr                 : [3.0000000000000004e-08]


Epoch : 120
Train MSE Loss     : 1.00003099	 | 	Train MAPE Loss     : 0.48589519
Valid MSE Loss     : 0.00002601	 | 	Valid MAPE Loss     : 0.46032730
lr                 : [3.0000000000000004e-08]


Epoch : 121
Train MSE Loss     : 1.00002873	 | 	Train MAPE Loss     : 0.46665728
Valid MSE Loss     : 0.00001425	 | 	Valid MAPE Loss     : 0.30002758
lr                 : [3.0000000000000004e-08]


Epoch : 122
Train MSE Loss     : 1.00002444	 | 	Train MAPE Loss     : 0.42273185
Valid MSE Loss     : 0.00001478	 | 	Valid MAPE Loss     : 0.30787551
lr                 : [3.0000000000000004e-08]


Epoch : 123
Train MSE Loss     : 1.00002348	 | 	Train MAPE Loss     : 0.42254084
Valid MSE Loss     : 0.00001358	 | 	Valid MAPE Loss     : 0.29386586
lr                 : [3.0000000000000004e-08]


Epoch : 124
Train MSE Loss     : 1.00002730	 | 	Train MAPE Loss     : 0.42830965
Valid MSE Loss     : 0.00001330	 | 	Valid MAPE Loss     : 0.28415146
lr                 : [3.0000000000000004e-09]


Epoch : 125
Train MSE Loss     : 1.00002849	 | 	Train MAPE Loss     : 0.43426359
Valid MSE Loss     : 0.00002094	 | 	Valid MAPE Loss     : 0.40858465
lr                 : [3.0000000000000004e-09]


Epoch : 126
Train MSE Loss     : 1.00001967	 | 	Train MAPE Loss     : 0.37311995
Valid MSE Loss     : 0.00001360	 | 	Valid MAPE Loss     : 0.28348511
lr                 : [3.0000000000000004e-09]


Epoch : 127
Train MSE Loss     : 1.00003242	 | 	Train MAPE Loss     : 0.49327561
Valid MSE Loss     : 0.00001161	 | 	Valid MAPE Loss     : 0.25379175
lr                 : [3.0000000000000004e-09]


Epoch : 128
Train MSE Loss     : 1.00002527	 | 	Train MAPE Loss     : 0.42614383
Valid MSE Loss     : 0.00001138	 | 	Valid MAPE Loss     : 0.25436094
lr                 : [3.0000000000000004e-09]


Epoch : 129
Train MSE Loss     : 1.00002205	 | 	Train MAPE Loss     : 0.39291164
Valid MSE Loss     : 0.00002410	 | 	Valid MAPE Loss     : 0.45313132
lr                 : [3.0000000000000004e-09]


Epoch : 130
Train MSE Loss     : 1.00002086	 | 	Train MAPE Loss     : 0.38062656
Valid MSE Loss     : 0.00001105	 | 	Valid MAPE Loss     : 0.24577864
lr                 : [3.0000000000000004e-09]


Epoch : 131
Train MSE Loss     : 1.00002539	 | 	Train MAPE Loss     : 0.41859731
Valid MSE Loss     : 0.00001417	 | 	Valid MAPE Loss     : 0.30100673
lr                 : [3.0000000000000004e-09]


Epoch : 132
Train MSE Loss     : 1.00002563	 | 	Train MAPE Loss     : 0.43829384
Valid MSE Loss     : 0.00001368	 | 	Valid MAPE Loss     : 0.29016089
lr                 : [3.0000000000000004e-09]


Epoch : 133
Train MSE Loss     : 1.00002742	 | 	Train MAPE Loss     : 0.44650218
Valid MSE Loss     : 0.00001263	 | 	Valid MAPE Loss     : 0.26845655
lr                 : [3.0000000000000004e-09]


Epoch : 134
Train MSE Loss     : 1.00002420	 | 	Train MAPE Loss     : 0.41298735
Valid MSE Loss     : 0.00001174	 | 	Valid MAPE Loss     : 0.26046476
lr                 : [3.0000000000000004e-09]


Epoch : 135
Train MSE Loss     : 1.00002825	 | 	Train MAPE Loss     : 0.46091908
Valid MSE Loss     : 0.00001382	 | 	Valid MAPE Loss     : 0.29205316
lr                 : [3.0000000000000004e-09]


Epoch : 136
Train MSE Loss     : 1.00001860	 | 	Train MAPE Loss     : 0.35887873
Valid MSE Loss     : 0.00001128	 | 	Valid MAPE Loss     : 0.25054708
lr                 : [3.0000000000000004e-09]


Epoch : 137
Train MSE Loss     : 1.00002587	 | 	Train MAPE Loss     : 0.43983069
Valid MSE Loss     : 0.00001178	 | 	Valid MAPE Loss     : 0.25654525
lr                 : [3.0000000000000004e-09]


Epoch : 138
Train MSE Loss     : 1.00002623	 | 	Train MAPE Loss     : 0.43632552
Valid MSE Loss     : 0.00002851	 | 	Valid MAPE Loss     : 0.50327122
lr                 : [3.0000000000000004e-09]


Epoch : 139
Train MSE Loss     : 1.00001991	 | 	Train MAPE Loss     : 0.37747735
Valid MSE Loss     : 0.00001587	 | 	Valid MAPE Loss     : 0.33287469
lr                 : [3.0000000000000004e-09]


Epoch : 140
Train MSE Loss     : 1.00002503	 | 	Train MAPE Loss     : 0.40624472
Valid MSE Loss     : 0.00001753	 | 	Valid MAPE Loss     : 0.35741273
lr                 : [3.0000000000000004e-09]


Epoch : 141
Train MSE Loss     : 1.00002980	 | 	Train MAPE Loss     : 0.46770087
Valid MSE Loss     : 0.00001759	 | 	Valid MAPE Loss     : 0.35518777
lr                 : [3.0000000000000004e-09]


Epoch : 142
Train MSE Loss     : 1.00003350	 | 	Train MAPE Loss     : 0.48775676
Valid MSE Loss     : 0.00001344	 | 	Valid MAPE Loss     : 0.27922043
lr                 : [3.0000000000000004e-09]


Epoch : 143
Train MSE Loss     : 1.00002491	 | 	Train MAPE Loss     : 0.42953235
Valid MSE Loss     : 0.00002720	 | 	Valid MAPE Loss     : 0.48186961
lr                 : [3.0000000000000004e-09]


Epoch : 144
Train MSE Loss     : 1.00002372	 | 	Train MAPE Loss     : 0.42485198
Valid MSE Loss     : 0.00001252	 | 	Valid MAPE Loss     : 0.26916265
lr                 : [3.0000000000000004e-09]


Epoch : 145
Train MSE Loss     : 1.00002301	 | 	Train MAPE Loss     : 0.39490250
Valid MSE Loss     : 0.00001209	 | 	Valid MAPE Loss     : 0.25730747
lr                 : [3.0000000000000004e-09]


Epoch : 146
Train MSE Loss     : 1.00002968	 | 	Train MAPE Loss     : 0.46583593
Valid MSE Loss     : 0.00002771	 | 	Valid MAPE Loss     : 0.49678451
lr                 : [3.0000000000000004e-09]


Epoch : 147
Train MSE Loss     : 1.00002897	 | 	Train MAPE Loss     : 0.44872504
Valid MSE Loss     : 0.00001777	 | 	Valid MAPE Loss     : 0.34754765
lr                 : [3.0000000000000004e-09]


Epoch : 148
Train MSE Loss     : 1.00002813	 | 	Train MAPE Loss     : 0.44971454
Valid MSE Loss     : 0.00002205	 | 	Valid MAPE Loss     : 0.42482036
lr                 : [3.0000000000000004e-09]


Epoch : 149
Train MSE Loss     : 1.00002289	 | 	Train MAPE Loss     : 0.40906858
Valid MSE Loss     : 0.00001838	 | 	Valid MAPE Loss     : 0.36522076
lr                 : [3.0000000000000004e-09]


Epoch : 150
Train MSE Loss     : 1.00003004	 | 	Train MAPE Loss     : 0.46679309
Valid MSE Loss     : 0.00001788	 | 	Valid MAPE Loss     : 0.35009855
lr                 : [3.0000000000000004e-09]


Evaluate on the Test set:
Test MAPE loss      :0.45368689	 | Test MSE loss      : 0.00002868

################## Training is Done! #########################
