=============================================
Dataset: cell_Tongji_NCA_data
Mode:    fine_tuned
=============================================
Fine tuning started ....

Epoch : 1
Train MSE Loss     : 1.00003171	 | 	Train MAPE Loss     : 0.37690228
Valid MSE Loss     : 0.00008589	 | 	Valid MAPE Loss     : 0.39089859
lr                 : [3e-06]


Epoch : 2
Train MSE Loss     : 1.00002849	 | 	Train MAPE Loss     : 0.36249009
Valid MSE Loss     : 0.00001260	 | 	Valid MAPE Loss     : 0.24887609
lr                 : [3e-06]


Epoch : 3
Train MSE Loss     : 1.00002646	 | 	Train MAPE Loss     : 0.35196504
Valid MSE Loss     : 0.00002816	 | 	Valid MAPE Loss     : 0.34908488
lr                 : [3e-06]


Epoch : 4
Train MSE Loss     : 1.00002992	 | 	Train MAPE Loss     : 0.38101268
Valid MSE Loss     : 0.00027965	 | 	Valid MAPE Loss     : 0.62100571
lr                 : [3e-06]


Epoch : 5
Train MSE Loss     : 1.00003314	 | 	Train MAPE Loss     : 0.40358481
Valid MSE Loss     : 0.00001538	 | 	Valid MAPE Loss     : 0.35478160
lr                 : [3e-06]


Epoch : 6
Train MSE Loss     : 1.00003564	 | 	Train MAPE Loss     : 0.38950512
Valid MSE Loss     : 0.00015763	 | 	Valid MAPE Loss     : 0.72083366
lr                 : [3e-06]


Epoch : 7
Train MSE Loss     : 1.00003076	 | 	Train MAPE Loss     : 0.38276294
Valid MSE Loss     : 0.00001177	 | 	Valid MAPE Loss     : 0.26619011
lr                 : [3e-06]


Epoch : 8
Train MSE Loss     : 1.00002742	 | 	Train MAPE Loss     : 0.36224133
Valid MSE Loss     : 0.00352857	 | 	Valid MAPE Loss     : 1.03304493
lr                 : [3e-06]


Epoch : 9
Train MSE Loss     : 1.00002599	 | 	Train MAPE Loss     : 0.34864479
Valid MSE Loss     : 0.00022881	 | 	Valid MAPE Loss     : 0.57171923
lr                 : [3e-06]


Epoch : 10
Train MSE Loss     : 1.00003028	 | 	Train MAPE Loss     : 0.38478023
Valid MSE Loss     : 0.00001300	 | 	Valid MAPE Loss     : 0.27864379
lr                 : [3e-06]


Epoch : 11
Train MSE Loss     : 1.00003040	 | 	Train MAPE Loss     : 0.37791100
Valid MSE Loss     : 0.00001001	 | 	Valid MAPE Loss     : 0.22625075
lr                 : [3e-06]


Epoch : 12
Train MSE Loss     : 1.00002646	 | 	Train MAPE Loss     : 0.34565976
Valid MSE Loss     : 0.00008651	 | 	Valid MAPE Loss     : 0.41193831
lr                 : [3e-06]


Epoch : 13
Train MSE Loss     : 1.00003028	 | 	Train MAPE Loss     : 0.35997078
Valid MSE Loss     : 0.00001161	 | 	Valid MAPE Loss     : 0.23803245
lr                 : [3e-06]


Epoch : 14
Train MSE Loss     : 1.00003147	 | 	Train MAPE Loss     : 0.40141526
Valid MSE Loss     : 0.00014688	 | 	Valid MAPE Loss     : 0.57695675
lr                 : [3e-06]


Epoch : 15
Train MSE Loss     : 1.00002778	 | 	Train MAPE Loss     : 0.36031380
Valid MSE Loss     : 0.00004764	 | 	Valid MAPE Loss     : 0.40499887
lr                 : [3e-06]


Epoch : 16
Train MSE Loss     : 1.00002825	 | 	Train MAPE Loss     : 0.36676559
Valid MSE Loss     : 0.00042447	 | 	Valid MAPE Loss     : 0.70926702
lr                 : [3e-06]


Epoch : 17
Train MSE Loss     : 1.00002575	 | 	Train MAPE Loss     : 0.34590900
Valid MSE Loss     : 0.00001188	 | 	Valid MAPE Loss     : 0.25893834
lr                 : [3e-06]


Epoch : 18
Train MSE Loss     : 1.00003028	 | 	Train MAPE Loss     : 0.38410601
Valid MSE Loss     : 0.00002218	 | 	Valid MAPE Loss     : 0.47006646
lr                 : [3e-06]


Epoch : 19
Train MSE Loss     : 1.00002635	 | 	Train MAPE Loss     : 0.34040883
Valid MSE Loss     : 0.00071789	 | 	Valid MAPE Loss     : 0.62786734
lr                 : [3e-06]


Epoch : 20
Train MSE Loss     : 1.00002527	 | 	Train MAPE Loss     : 0.33164847
Valid MSE Loss     : 0.00004321	 | 	Valid MAPE Loss     : 0.60023797
lr                 : [3e-06]


Epoch : 21
Train MSE Loss     : 1.00002933	 | 	Train MAPE Loss     : 0.38224137
Valid MSE Loss     : 0.00003841	 | 	Valid MAPE Loss     : 0.40670231
lr                 : [3e-06]


Epoch : 22
Train MSE Loss     : 1.00002468	 | 	Train MAPE Loss     : 0.31639007
Valid MSE Loss     : 0.00000966	 | 	Valid MAPE Loss     : 0.21386451
lr                 : [3e-06]


Epoch : 23
Train MSE Loss     : 1.00002682	 | 	Train MAPE Loss     : 0.34503698
Valid MSE Loss     : 0.00004941	 | 	Valid MAPE Loss     : 0.33087298
lr                 : [3e-06]


Epoch : 24
Train MSE Loss     : 1.00002754	 | 	Train MAPE Loss     : 0.34968129
Valid MSE Loss     : 0.00010905	 | 	Valid MAPE Loss     : 0.35671666
lr                 : [3e-06]


Epoch : 25
Train MSE Loss     : 1.00002456	 | 	Train MAPE Loss     : 0.33171359
Valid MSE Loss     : 0.00005553	 | 	Valid MAPE Loss     : 0.36020377
lr                 : [3e-06]


Epoch : 26
Train MSE Loss     : 1.00002837	 | 	Train MAPE Loss     : 0.36999398
Valid MSE Loss     : 0.00003989	 | 	Valid MAPE Loss     : 0.34859192
lr                 : [3e-06]


Epoch : 27
Train MSE Loss     : 1.00002480	 | 	Train MAPE Loss     : 0.32744509
Valid MSE Loss     : 0.00001543	 | 	Valid MAPE Loss     : 0.25974366
lr                 : [3e-06]


Epoch : 28
Train MSE Loss     : 1.00002670	 | 	Train MAPE Loss     : 0.36762589
Valid MSE Loss     : 0.00004797	 | 	Valid MAPE Loss     : 0.47468427
lr                 : [3e-06]


Epoch : 29
Train MSE Loss     : 1.00002670	 | 	Train MAPE Loss     : 0.34738553
Valid MSE Loss     : 0.00005455	 | 	Valid MAPE Loss     : 0.33035162
lr                 : [3e-06]


Epoch : 30
Train MSE Loss     : 1.00002670	 | 	Train MAPE Loss     : 0.36160684
Valid MSE Loss     : 0.00000997	 | 	Valid MAPE Loss     : 0.20359379
lr                 : [3e-06]


Epoch : 31
Train MSE Loss     : 1.00003576	 | 	Train MAPE Loss     : 0.38707763
Valid MSE Loss     : 0.00011999	 | 	Valid MAPE Loss     : 0.41990346
lr                 : [3e-06]


Epoch : 32
Train MSE Loss     : 1.00002539	 | 	Train MAPE Loss     : 0.32431194
Valid MSE Loss     : 0.00001478	 | 	Valid MAPE Loss     : 0.30111262
lr                 : [3e-06]


Epoch : 33
Train MSE Loss     : 1.00002563	 | 	Train MAPE Loss     : 0.33844915
Valid MSE Loss     : 0.00003437	 | 	Valid MAPE Loss     : 0.28460085
lr                 : [3e-06]


Epoch : 34
Train MSE Loss     : 1.00002480	 | 	Train MAPE Loss     : 0.34071946
Valid MSE Loss     : 0.00038111	 | 	Valid MAPE Loss     : 0.77452511
lr                 : [3e-06]


Epoch : 35
Train MSE Loss     : 1.00002539	 | 	Train MAPE Loss     : 0.33011499
Valid MSE Loss     : 0.00001066	 | 	Valid MAPE Loss     : 0.22638327
lr                 : [3e-06]


Epoch : 36
Train MSE Loss     : 1.00002420	 | 	Train MAPE Loss     : 0.31866190
Valid MSE Loss     : 0.00008394	 | 	Valid MAPE Loss     : 0.39013320
lr                 : [3e-06]


Epoch : 37
Train MSE Loss     : 1.00002491	 | 	Train MAPE Loss     : 0.33424807
Valid MSE Loss     : 0.00001381	 | 	Valid MAPE Loss     : 0.27178058
lr                 : [3e-06]


Epoch : 38
Train MSE Loss     : 1.00002742	 | 	Train MAPE Loss     : 0.36593243
Valid MSE Loss     : 0.00002726	 | 	Valid MAPE Loss     : 0.46163902
lr                 : [3e-06]


Epoch : 39
Train MSE Loss     : 1.00002527	 | 	Train MAPE Loss     : 0.32604891
Valid MSE Loss     : 0.00001065	 | 	Valid MAPE Loss     : 0.22185817
lr                 : [3e-06]


Epoch : 40
Train MSE Loss     : 1.00002456	 | 	Train MAPE Loss     : 0.33399865
Valid MSE Loss     : 0.00026466	 | 	Valid MAPE Loss     : 0.47644016
lr                 : [3e-06]


Epoch : 41
Train MSE Loss     : 1.00002527	 | 	Train MAPE Loss     : 0.30550581
Valid MSE Loss     : 0.00001496	 | 	Valid MAPE Loss     : 0.27665284
lr                 : [3.0000000000000004e-07]


Epoch : 42
Train MSE Loss     : 1.00002050	 | 	Train MAPE Loss     : 0.28417447
Valid MSE Loss     : 0.00003966	 | 	Valid MAPE Loss     : 0.36380538
lr                 : [3.0000000000000004e-07]


Epoch : 43
Train MSE Loss     : 1.00001943	 | 	Train MAPE Loss     : 0.27319443
Valid MSE Loss     : 0.00036137	 | 	Valid MAPE Loss     : 0.67448419
lr                 : [3.0000000000000004e-07]


Epoch : 44
Train MSE Loss     : 1.00002050	 | 	Train MAPE Loss     : 0.27463743
Valid MSE Loss     : 0.00001373	 | 	Valid MAPE Loss     : 0.26713070
lr                 : [3.0000000000000004e-07]


Epoch : 45
Train MSE Loss     : 1.00002038	 | 	Train MAPE Loss     : 0.28105649
Valid MSE Loss     : 0.00002582	 | 	Valid MAPE Loss     : 0.34466621
lr                 : [3.0000000000000004e-07]


Epoch : 46
Train MSE Loss     : 1.00001991	 | 	Train MAPE Loss     : 0.27053717
Valid MSE Loss     : 0.00007707	 | 	Valid MAPE Loss     : 0.48616332
lr                 : [3.0000000000000004e-07]


Epoch : 47
Train MSE Loss     : 1.00001884	 | 	Train MAPE Loss     : 0.26539496
Valid MSE Loss     : 0.00051531	 | 	Valid MAPE Loss     : 0.59534079
lr                 : [3.0000000000000004e-07]


Epoch : 48
Train MSE Loss     : 1.00002146	 | 	Train MAPE Loss     : 0.29468378
Valid MSE Loss     : 0.00061444	 | 	Valid MAPE Loss     : 0.65570921
lr                 : [3.0000000000000004e-07]


Epoch : 49
Train MSE Loss     : 1.00002062	 | 	Train MAPE Loss     : 0.28308955
Valid MSE Loss     : 0.00001722	 | 	Valid MAPE Loss     : 0.31646776
lr                 : [3.0000000000000004e-07]


Epoch : 50
Train MSE Loss     : 1.00001967	 | 	Train MAPE Loss     : 0.27492163
Valid MSE Loss     : 0.00002068	 | 	Valid MAPE Loss     : 0.39454257
lr                 : [3.0000000000000004e-07]


Epoch : 51
Train MSE Loss     : 1.00001991	 | 	Train MAPE Loss     : 0.28325334
Valid MSE Loss     : 0.00043460	 | 	Valid MAPE Loss     : 0.63585413
lr                 : [3.0000000000000004e-07]


Epoch : 52
Train MSE Loss     : 1.00002086	 | 	Train MAPE Loss     : 0.27672613
Valid MSE Loss     : 0.00110716	 | 	Valid MAPE Loss     : 0.72184312
lr                 : [3.0000000000000004e-08]


Epoch : 53
Train MSE Loss     : 1.00001931	 | 	Train MAPE Loss     : 0.27128625
Valid MSE Loss     : 0.00017285	 | 	Valid MAPE Loss     : 0.55579877
lr                 : [3.0000000000000004e-08]


Epoch : 54
Train MSE Loss     : 1.00001955	 | 	Train MAPE Loss     : 0.26995161
Valid MSE Loss     : 0.00001135	 | 	Valid MAPE Loss     : 0.23683576
lr                 : [3.0000000000000004e-08]


Epoch : 55
Train MSE Loss     : 1.00001895	 | 	Train MAPE Loss     : 0.26686290
Valid MSE Loss     : 0.00078440	 | 	Valid MAPE Loss     : 0.72384238
lr                 : [3.0000000000000004e-08]


Epoch : 56
Train MSE Loss     : 1.00001836	 | 	Train MAPE Loss     : 0.26067200
Valid MSE Loss     : 0.00001576	 | 	Valid MAPE Loss     : 0.31400928
lr                 : [3.0000000000000004e-08]


Epoch : 57
Train MSE Loss     : 1.00001991	 | 	Train MAPE Loss     : 0.27158341
Valid MSE Loss     : 0.00001091	 | 	Valid MAPE Loss     : 0.23607470
lr                 : [3.0000000000000004e-08]


Epoch : 58
Train MSE Loss     : 1.00001907	 | 	Train MAPE Loss     : 0.26942867
Valid MSE Loss     : 0.00027170	 | 	Valid MAPE Loss     : 0.53536910
lr                 : [3.0000000000000004e-08]


Epoch : 59
Train MSE Loss     : 1.00001895	 | 	Train MAPE Loss     : 0.26723775
Valid MSE Loss     : 0.00087140	 | 	Valid MAPE Loss     : 0.75137347
lr                 : [3.0000000000000004e-08]


Epoch : 60
Train MSE Loss     : 1.00001872	 | 	Train MAPE Loss     : 0.25721395
Valid MSE Loss     : 0.00001012	 | 	Valid MAPE Loss     : 0.20999826
lr                 : [3.0000000000000004e-08]


Epoch : 61
Train MSE Loss     : 1.00002062	 | 	Train MAPE Loss     : 0.27981907
Valid MSE Loss     : 0.00001382	 | 	Valid MAPE Loss     : 0.27577928
lr                 : [3.0000000000000004e-08]


Epoch : 62
Train MSE Loss     : 1.00001967	 | 	Train MAPE Loss     : 0.27156663
Valid MSE Loss     : 0.00012537	 | 	Valid MAPE Loss     : 0.39078474
lr                 : [3.0000000000000004e-08]


Epoch : 63
Train MSE Loss     : 1.00001979	 | 	Train MAPE Loss     : 0.27536610
Valid MSE Loss     : 0.00001276	 | 	Valid MAPE Loss     : 0.27458143
lr                 : [3.0000000000000004e-09]


Epoch : 64
Train MSE Loss     : 1.00001872	 | 	Train MAPE Loss     : 0.26331308
Valid MSE Loss     : 0.00028454	 | 	Valid MAPE Loss     : 0.52540344
lr                 : [3.0000000000000004e-09]


Epoch : 65
Train MSE Loss     : 1.00002038	 | 	Train MAPE Loss     : 0.27794999
Valid MSE Loss     : 0.00001143	 | 	Valid MAPE Loss     : 0.22682309
lr                 : [3.0000000000000004e-09]


Epoch : 66
Train MSE Loss     : 1.00001836	 | 	Train MAPE Loss     : 0.26007995
Valid MSE Loss     : 0.00001040	 | 	Valid MAPE Loss     : 0.22159587
lr                 : [3.0000000000000004e-09]


Epoch : 67
Train MSE Loss     : 1.00001943	 | 	Train MAPE Loss     : 0.27298570
Valid MSE Loss     : 0.00001682	 | 	Valid MAPE Loss     : 0.27923563
lr                 : [3.0000000000000004e-09]


Epoch : 68
Train MSE Loss     : 1.00001860	 | 	Train MAPE Loss     : 0.26364842
Valid MSE Loss     : 0.00001356	 | 	Valid MAPE Loss     : 0.28888452
lr                 : [3.0000000000000004e-09]


Epoch : 69
Train MSE Loss     : 1.00001824	 | 	Train MAPE Loss     : 0.25808889
Valid MSE Loss     : 0.00001879	 | 	Valid MAPE Loss     : 0.28004986
lr                 : [3.0000000000000004e-09]


Epoch : 70
Train MSE Loss     : 1.00001884	 | 	Train MAPE Loss     : 0.26110274
Valid MSE Loss     : 0.00028226	 | 	Valid MAPE Loss     : 0.50594580
lr                 : [3.0000000000000004e-09]


Epoch : 71
Train MSE Loss     : 1.00001907	 | 	Train MAPE Loss     : 0.26685336
Valid MSE Loss     : 0.00002758	 | 	Valid MAPE Loss     : 0.30963504
lr                 : [3.0000000000000004e-09]


Epoch : 72
Train MSE Loss     : 1.00001955	 | 	Train MAPE Loss     : 0.26752797
Valid MSE Loss     : 0.00001067	 | 	Valid MAPE Loss     : 0.22965065
lr                 : [3.0000000000000004e-09]


Epoch : 73
Train MSE Loss     : 1.00001955	 | 	Train MAPE Loss     : 0.26976776
Valid MSE Loss     : 0.00001022	 | 	Valid MAPE Loss     : 0.22059870
lr                 : [3.0000000000000004e-09]


Epoch : 74
Train MSE Loss     : 1.00001943	 | 	Train MAPE Loss     : 0.27088234
Valid MSE Loss     : 0.00003095	 | 	Valid MAPE Loss     : 0.43498030
lr                 : [3.0000000000000004e-09]


Epoch : 75
Train MSE Loss     : 1.00001836	 | 	Train MAPE Loss     : 0.26017523
Valid MSE Loss     : 0.00001464	 | 	Valid MAPE Loss     : 0.24728370
lr                 : [3.0000000000000004e-09]


Epoch : 76
Train MSE Loss     : 1.00001991	 | 	Train MAPE Loss     : 0.26796860
Valid MSE Loss     : 0.00005620	 | 	Valid MAPE Loss     : 0.41736940
lr                 : [3.0000000000000004e-09]


Epoch : 77
Train MSE Loss     : 1.00001967	 | 	Train MAPE Loss     : 0.27116853
Valid MSE Loss     : 0.00001155	 | 	Valid MAPE Loss     : 0.22504997
lr                 : [3.0000000000000004e-09]


Epoch : 78
Train MSE Loss     : 1.00001907	 | 	Train MAPE Loss     : 0.26759940
Valid MSE Loss     : 0.00002620	 | 	Valid MAPE Loss     : 0.28146127
lr                 : [3.0000000000000004e-09]


Epoch : 79
Train MSE Loss     : 1.00001872	 | 	Train MAPE Loss     : 0.25844526
Valid MSE Loss     : 0.00006144	 | 	Valid MAPE Loss     : 0.40917584
lr                 : [3.0000000000000004e-09]


Epoch : 80
Train MSE Loss     : 1.00001955	 | 	Train MAPE Loss     : 0.27011546
Valid MSE Loss     : 0.00002434	 | 	Valid MAPE Loss     : 0.39440098
lr                 : [3.0000000000000004e-09]


Epoch : 81
Train MSE Loss     : 1.00001907	 | 	Train MAPE Loss     : 0.26673296
Valid MSE Loss     : 0.00001015	 | 	Valid MAPE Loss     : 0.22214083
lr                 : [3.0000000000000004e-09]


Epoch : 82
Train MSE Loss     : 1.00001907	 | 	Train MAPE Loss     : 0.27322924
Valid MSE Loss     : 0.00001227	 | 	Valid MAPE Loss     : 0.23798265
lr                 : [3.0000000000000004e-09]


Epoch : 83
Train MSE Loss     : 1.00002015	 | 	Train MAPE Loss     : 0.27360931
Valid MSE Loss     : 0.00004893	 | 	Valid MAPE Loss     : 0.43751076
lr                 : [3.0000000000000004e-09]


Epoch : 84
Train MSE Loss     : 1.00001824	 | 	Train MAPE Loss     : 0.26528499
Valid MSE Loss     : 0.00181767	 | 	Valid MAPE Loss     : 0.83802259
lr                 : [3.0000000000000004e-09]


Epoch : 85
Train MSE Loss     : 1.00001788	 | 	Train MAPE Loss     : 0.25381386
Valid MSE Loss     : 0.00001175	 | 	Valid MAPE Loss     : 0.22972755
lr                 : [3.0000000000000004e-09]


Epoch : 86
Train MSE Loss     : 1.00001836	 | 	Train MAPE Loss     : 0.26148418
Valid MSE Loss     : 0.00003680	 | 	Valid MAPE Loss     : 0.32020482
lr                 : [3.0000000000000004e-09]


Epoch : 87
Train MSE Loss     : 1.00002015	 | 	Train MAPE Loss     : 0.27372059
Valid MSE Loss     : 0.00011362	 | 	Valid MAPE Loss     : 0.55247325
lr                 : [3.0000000000000004e-09]


Epoch : 88
Train MSE Loss     : 1.00001919	 | 	Train MAPE Loss     : 0.26929834
Valid MSE Loss     : 0.00000973	 | 	Valid MAPE Loss     : 0.21611576
lr                 : [3.0000000000000004e-09]


Epoch : 89
Train MSE Loss     : 1.00001919	 | 	Train MAPE Loss     : 0.26727620
Valid MSE Loss     : 0.00006812	 | 	Valid MAPE Loss     : 0.35851204
lr                 : [3.0000000000000004e-09]


Epoch : 90
Train MSE Loss     : 1.00001895	 | 	Train MAPE Loss     : 0.26715437
Valid MSE Loss     : 0.00041301	 | 	Valid MAPE Loss     : 0.73358512
lr                 : [3.0000000000000004e-09]


Epoch : 91
Train MSE Loss     : 1.00001907	 | 	Train MAPE Loss     : 0.26280466
Valid MSE Loss     : 0.00011680	 | 	Valid MAPE Loss     : 0.41694024
lr                 : [3.0000000000000004e-09]


Epoch : 92
Train MSE Loss     : 1.00001824	 | 	Train MAPE Loss     : 0.25641114
Valid MSE Loss     : 0.00002579	 | 	Valid MAPE Loss     : 0.28151882
lr                 : [3.0000000000000004e-09]


Epoch : 93
Train MSE Loss     : 1.00001884	 | 	Train MAPE Loss     : 0.26427352
Valid MSE Loss     : 0.00053708	 | 	Valid MAPE Loss     : 0.61378646
lr                 : [3.0000000000000004e-09]


Epoch : 94
Train MSE Loss     : 1.00001979	 | 	Train MAPE Loss     : 0.27206296
Valid MSE Loss     : 0.00058711	 | 	Valid MAPE Loss     : 0.82992494
lr                 : [3.0000000000000004e-09]


Epoch : 95
Train MSE Loss     : 1.00001907	 | 	Train MAPE Loss     : 0.26741293
Valid MSE Loss     : 0.00001979	 | 	Valid MAPE Loss     : 0.26719067
lr                 : [3.0000000000000004e-09]


Epoch : 96
Train MSE Loss     : 1.00002253	 | 	Train MAPE Loss     : 0.27506572
Valid MSE Loss     : 0.00055438	 | 	Valid MAPE Loss     : 0.60517114
lr                 : [3.0000000000000004e-09]


Epoch : 97
Train MSE Loss     : 1.00001967	 | 	Train MAPE Loss     : 0.27409378
Valid MSE Loss     : 0.00012909	 | 	Valid MAPE Loss     : 0.58902842
lr                 : [3.0000000000000004e-09]


Epoch : 98
Train MSE Loss     : 1.00001919	 | 	Train MAPE Loss     : 0.26420087
Valid MSE Loss     : 0.00002209	 | 	Valid MAPE Loss     : 0.28514764
lr                 : [3.0000000000000004e-09]


Epoch : 99
Train MSE Loss     : 1.00001991	 | 	Train MAPE Loss     : 0.27844951
Valid MSE Loss     : 0.00011503	 | 	Valid MAPE Loss     : 0.39702675
lr                 : [3.0000000000000004e-09]


Epoch : 100
Train MSE Loss     : 1.00001907	 | 	Train MAPE Loss     : 0.26983890
Valid MSE Loss     : 0.00004467	 | 	Valid MAPE Loss     : 0.35101777
lr                 : [3.0000000000000004e-09]


Epoch : 101
Train MSE Loss     : 1.00002015	 | 	Train MAPE Loss     : 0.27157670
Valid MSE Loss     : 0.00018535	 | 	Valid MAPE Loss     : 0.53240383
lr                 : [3.0000000000000004e-09]


Epoch : 102
Train MSE Loss     : 1.00001895	 | 	Train MAPE Loss     : 0.27270353
Valid MSE Loss     : 0.00001494	 | 	Valid MAPE Loss     : 0.30266142
lr                 : [3.0000000000000004e-09]


Epoch : 103
Train MSE Loss     : 1.00001931	 | 	Train MAPE Loss     : 0.26964235
Valid MSE Loss     : 0.00004818	 | 	Valid MAPE Loss     : 0.34364066
lr                 : [3.0000000000000004e-09]


Epoch : 104
Train MSE Loss     : 1.00001931	 | 	Train MAPE Loss     : 0.27242783
Valid MSE Loss     : 0.00003131	 | 	Valid MAPE Loss     : 0.34209096
lr                 : [3.0000000000000004e-09]


Epoch : 105
Train MSE Loss     : 1.00001919	 | 	Train MAPE Loss     : 0.27447861
Valid MSE Loss     : 0.00017938	 | 	Valid MAPE Loss     : 0.37879258
lr                 : [3.0000000000000004e-09]


Epoch : 106
Train MSE Loss     : 1.00001955	 | 	Train MAPE Loss     : 0.27404365
Valid MSE Loss     : 0.00001975	 | 	Valid MAPE Loss     : 0.27556756
lr                 : [3.0000000000000004e-09]


Epoch : 107
Train MSE Loss     : 1.00001872	 | 	Train MAPE Loss     : 0.26083672
Valid MSE Loss     : 0.00041537	 | 	Valid MAPE Loss     : 0.69211972
lr                 : [3.0000000000000004e-09]


Epoch : 108
Train MSE Loss     : 1.00002313	 | 	Train MAPE Loss     : 0.28669640
Valid MSE Loss     : 0.00037464	 | 	Valid MAPE Loss     : 0.51075280
lr                 : [3.0000000000000004e-09]


Epoch : 109
Train MSE Loss     : 1.00001907	 | 	Train MAPE Loss     : 0.25855795
Valid MSE Loss     : 0.00007838	 | 	Valid MAPE Loss     : 0.36158964
lr                 : [3.0000000000000004e-09]


Epoch : 110
Train MSE Loss     : 1.00001860	 | 	Train MAPE Loss     : 0.26003534
Valid MSE Loss     : 0.00007219	 | 	Valid MAPE Loss     : 0.56213683
lr                 : [3.0000000000000004e-09]


Epoch : 111
Train MSE Loss     : 1.00002027	 | 	Train MAPE Loss     : 0.27385435
Valid MSE Loss     : 0.00001510	 | 	Valid MAPE Loss     : 0.25706822
lr                 : [3.0000000000000004e-09]


Epoch : 112
Train MSE Loss     : 1.00001991	 | 	Train MAPE Loss     : 0.27214357
Valid MSE Loss     : 0.00010364	 | 	Valid MAPE Loss     : 0.44422865
lr                 : [3.0000000000000004e-09]


Epoch : 113
Train MSE Loss     : 1.00001919	 | 	Train MAPE Loss     : 0.27368885
Valid MSE Loss     : 0.00008528	 | 	Valid MAPE Loss     : 0.40444234
lr                 : [3.0000000000000004e-09]


Epoch : 114
Train MSE Loss     : 1.00001919	 | 	Train MAPE Loss     : 0.27595016
Valid MSE Loss     : 0.00003341	 | 	Valid MAPE Loss     : 0.38468924
lr                 : [3.0000000000000004e-09]


Epoch : 115
Train MSE Loss     : 1.00001931	 | 	Train MAPE Loss     : 0.26581848
Valid MSE Loss     : 0.00005397	 | 	Valid MAPE Loss     : 0.51713073
lr                 : [3.0000000000000004e-09]


Epoch : 116
Train MSE Loss     : 1.00001931	 | 	Train MAPE Loss     : 0.27467513
Valid MSE Loss     : 0.00001134	 | 	Valid MAPE Loss     : 0.23737694
lr                 : [3.0000000000000004e-09]


Epoch : 117
Train MSE Loss     : 1.00001955	 | 	Train MAPE Loss     : 0.26741493
Valid MSE Loss     : 0.00000966	 | 	Valid MAPE Loss     : 0.20479856
lr                 : [3.0000000000000004e-09]


Epoch : 118
Train MSE Loss     : 1.00001895	 | 	Train MAPE Loss     : 0.27024317
Valid MSE Loss     : 0.00024754	 | 	Valid MAPE Loss     : 0.50887829
lr                 : [3.0000000000000004e-09]


Epoch : 119
Train MSE Loss     : 1.00002015	 | 	Train MAPE Loss     : 0.28102076
Valid MSE Loss     : 0.00001428	 | 	Valid MAPE Loss     : 0.26227945
lr                 : [3.0000000000000004e-09]


Epoch : 120
Train MSE Loss     : 1.00001907	 | 	Train MAPE Loss     : 0.26318339
Valid MSE Loss     : 0.00001666	 | 	Valid MAPE Loss     : 0.34128791
lr                 : [3.0000000000000004e-09]


Epoch : 121
Train MSE Loss     : 1.00001824	 | 	Train MAPE Loss     : 0.25835371
Valid MSE Loss     : 0.00001258	 | 	Valid MAPE Loss     : 0.27314603
lr                 : [3.0000000000000004e-09]


Epoch : 122
Train MSE Loss     : 1.00002027	 | 	Train MAPE Loss     : 0.28128770
Valid MSE Loss     : 0.00006409	 | 	Valid MAPE Loss     : 0.35529321
lr                 : [3.0000000000000004e-09]


Epoch : 123
Train MSE Loss     : 1.00002015	 | 	Train MAPE Loss     : 0.27627483
Valid MSE Loss     : 0.00099699	 | 	Valid MAPE Loss     : 0.76058996
lr                 : [3.0000000000000004e-09]


Epoch : 124
Train MSE Loss     : 1.00001919	 | 	Train MAPE Loss     : 0.27018955
Valid MSE Loss     : 0.00002994	 | 	Valid MAPE Loss     : 0.45840880
lr                 : [3.0000000000000004e-09]


Epoch : 125
Train MSE Loss     : 1.00001907	 | 	Train MAPE Loss     : 0.26057184
Valid MSE Loss     : 0.00077293	 | 	Valid MAPE Loss     : 0.85782415
lr                 : [3.0000000000000004e-09]


Epoch : 126
Train MSE Loss     : 1.00001943	 | 	Train MAPE Loss     : 0.27108318
Valid MSE Loss     : 0.00001067	 | 	Valid MAPE Loss     : 0.22083519
lr                 : [3.0000000000000004e-09]


Epoch : 127
Train MSE Loss     : 1.00001955	 | 	Train MAPE Loss     : 0.26781315
Valid MSE Loss     : 0.00019279	 | 	Valid MAPE Loss     : 0.57358646
lr                 : [3.0000000000000004e-09]


Epoch : 128
Train MSE Loss     : 1.00001907	 | 	Train MAPE Loss     : 0.26699516
Valid MSE Loss     : 0.00030915	 | 	Valid MAPE Loss     : 0.62374753
lr                 : [3.0000000000000004e-09]


Epoch : 129
Train MSE Loss     : 1.00001872	 | 	Train MAPE Loss     : 0.26644167
Valid MSE Loss     : 0.00049097	 | 	Valid MAPE Loss     : 0.57967544
lr                 : [3.0000000000000004e-09]


Epoch : 130
Train MSE Loss     : 1.00001991	 | 	Train MAPE Loss     : 0.28098199
Valid MSE Loss     : 0.00005092	 | 	Valid MAPE Loss     : 0.38163957
lr                 : [3.0000000000000004e-09]


Epoch : 131
Train MSE Loss     : 1.00001955	 | 	Train MAPE Loss     : 0.27349538
Valid MSE Loss     : 0.00008916	 | 	Valid MAPE Loss     : 0.56134957
lr                 : [3.0000000000000004e-09]


Epoch : 132
Train MSE Loss     : 1.00002027	 | 	Train MAPE Loss     : 0.27661362
Valid MSE Loss     : 0.00045810	 | 	Valid MAPE Loss     : 0.65749574
lr                 : [3.0000000000000004e-09]


Epoch : 133
Train MSE Loss     : 1.00001895	 | 	Train MAPE Loss     : 0.26463410
Valid MSE Loss     : 0.00004189	 | 	Valid MAPE Loss     : 0.33105010
lr                 : [3.0000000000000004e-09]


Epoch : 134
Train MSE Loss     : 1.00001919	 | 	Train MAPE Loss     : 0.27031416
Valid MSE Loss     : 0.00001074	 | 	Valid MAPE Loss     : 0.23762140
lr                 : [3.0000000000000004e-09]


Epoch : 135
Train MSE Loss     : 1.00001848	 | 	Train MAPE Loss     : 0.26212877
Valid MSE Loss     : 0.00011555	 | 	Valid MAPE Loss     : 0.40308106
lr                 : [3.0000000000000004e-09]


Epoch : 136
Train MSE Loss     : 1.00001848	 | 	Train MAPE Loss     : 0.26212281
Valid MSE Loss     : 0.00001029	 | 	Valid MAPE Loss     : 0.22527380
lr                 : [3.0000000000000004e-09]


Epoch : 137
Train MSE Loss     : 1.00001872	 | 	Train MAPE Loss     : 0.26464355
Valid MSE Loss     : 0.00009023	 | 	Valid MAPE Loss     : 0.44227222
lr                 : [3.0000000000000004e-09]


Epoch : 138
Train MSE Loss     : 1.00002360	 | 	Train MAPE Loss     : 0.28189054
Valid MSE Loss     : 0.00097653	 | 	Valid MAPE Loss     : 0.81527805
lr                 : [3.0000000000000004e-09]


Epoch : 139
Train MSE Loss     : 1.00001860	 | 	Train MAPE Loss     : 0.26061964
Valid MSE Loss     : 0.00001263	 | 	Valid MAPE Loss     : 0.25186905
lr                 : [3.0000000000000004e-09]


Epoch : 140
Train MSE Loss     : 1.00001848	 | 	Train MAPE Loss     : 0.26533487
Valid MSE Loss     : 0.00013521	 | 	Valid MAPE Loss     : 0.40001366
lr                 : [3.0000000000000004e-09]


Epoch : 141
Train MSE Loss     : 1.00001895	 | 	Train MAPE Loss     : 0.26496711
Valid MSE Loss     : 0.00006944	 | 	Valid MAPE Loss     : 0.35226029
lr                 : [3.0000000000000004e-09]


Epoch : 142
Train MSE Loss     : 1.00002098	 | 	Train MAPE Loss     : 0.27868077
Valid MSE Loss     : 0.00010907	 | 	Valid MAPE Loss     : 0.38590890
lr                 : [3.0000000000000004e-09]


Epoch : 143
Train MSE Loss     : 1.00001967	 | 	Train MAPE Loss     : 0.27800331
Valid MSE Loss     : 0.00055156	 | 	Valid MAPE Loss     : 0.66839951
lr                 : [3.0000000000000004e-09]


Epoch : 144
Train MSE Loss     : 1.00001979	 | 	Train MAPE Loss     : 0.27860653
Valid MSE Loss     : 0.00004202	 | 	Valid MAPE Loss     : 0.51538730
lr                 : [3.0000000000000004e-09]


Epoch : 145
Train MSE Loss     : 1.00001824	 | 	Train MAPE Loss     : 0.25041375
Valid MSE Loss     : 0.00000948	 | 	Valid MAPE Loss     : 0.20083117
lr                 : [3.0000000000000004e-09]


Epoch : 146
Train MSE Loss     : 1.00001955	 | 	Train MAPE Loss     : 0.26838121
Valid MSE Loss     : 0.00001296	 | 	Valid MAPE Loss     : 0.26351008
lr                 : [3.0000000000000004e-09]


Epoch : 147
Train MSE Loss     : 1.00001907	 | 	Train MAPE Loss     : 0.27260223
Valid MSE Loss     : 0.00004132	 | 	Valid MAPE Loss     : 0.53110307
lr                 : [3.0000000000000004e-09]


Epoch : 148
Train MSE Loss     : 1.00001919	 | 	Train MAPE Loss     : 0.26752669
Valid MSE Loss     : 0.00004956	 | 	Valid MAPE Loss     : 0.36063603
lr                 : [3.0000000000000004e-09]


Epoch : 149
Train MSE Loss     : 1.00001800	 | 	Train MAPE Loss     : 0.25649729
Valid MSE Loss     : 0.00001065	 | 	Valid MAPE Loss     : 0.24259032
lr                 : [3.0000000000000004e-09]


Epoch : 150
Train MSE Loss     : 1.00002086	 | 	Train MAPE Loss     : 0.27376589
Valid MSE Loss     : 0.00002676	 | 	Valid MAPE Loss     : 0.41918370
lr                 : [3.0000000000000004e-09]


Evaluate on the Test set:
Test MAPE loss      :0.48190880	 | Test MSE loss      : 0.00005005

################## Training is Done! #########################
