=============================================
Dataset: cell_XJTU_batch2_prepocess_data
Mode:    predict_module
=============================================
Training started ....

Epoch : 1
Train MSE Loss     : 0.32035610	 | 	Train MAPE Loss     : 33.52429199
Valid MSE Loss     : 0.00788856	 | 	Valid MAPE Loss     : 9.43448544
lr                 : [0.0003]


Epoch : 2
Train MSE Loss     : 0.04612622	 | 	Train MAPE Loss     : 13.53045940
Valid MSE Loss     : 0.00111678	 | 	Valid MAPE Loss     : 3.03360701
lr                 : [0.0003]


Epoch : 3
Train MSE Loss     : 0.03045928	 | 	Train MAPE Loss     : 10.84882355
Valid MSE Loss     : 0.00045210	 | 	Valid MAPE Loss     : 1.99199474
lr                 : [0.0003]


Epoch : 4
Train MSE Loss     : 0.02684936	 | 	Train MAPE Loss     : 10.29343891
Valid MSE Loss     : 0.00076805	 | 	Valid MAPE Loss     : 2.66281891
lr                 : [0.0003]


Epoch : 5
Train MSE Loss     : 0.02585984	 | 	Train MAPE Loss     : 10.05959129
Valid MSE Loss     : 0.00151378	 | 	Valid MAPE Loss     : 3.62310553
lr                 : [0.0003]


Epoch : 6
Train MSE Loss     : 0.02336955	 | 	Train MAPE Loss     : 9.49400902
Valid MSE Loss     : 0.00133308	 | 	Valid MAPE Loss     : 3.51422739
lr                 : [0.0003]


Epoch : 7
Train MSE Loss     : 0.02238433	 | 	Train MAPE Loss     : 9.31353664
Valid MSE Loss     : 0.00027598	 | 	Valid MAPE Loss     : 1.49356210
lr                 : [0.0003]


Epoch : 8
Train MSE Loss     : 0.02208327	 | 	Train MAPE Loss     : 9.16369629
Valid MSE Loss     : 0.00028866	 | 	Valid MAPE Loss     : 1.54613936
lr                 : [0.0003]


Epoch : 9
Train MSE Loss     : 0.02102483	 | 	Train MAPE Loss     : 8.95151329
Valid MSE Loss     : 0.00054712	 | 	Valid MAPE Loss     : 2.09486222
lr                 : [0.0003]


Epoch : 10
Train MSE Loss     : 0.02141427	 | 	Train MAPE Loss     : 9.15835190
Valid MSE Loss     : 0.00186680	 | 	Valid MAPE Loss     : 4.25567961
lr                 : [0.0003]


Epoch : 11
Train MSE Loss     : 0.02083135	 | 	Train MAPE Loss     : 8.99997711
Valid MSE Loss     : 0.00182295	 | 	Valid MAPE Loss     : 4.41278839
lr                 : [0.0003]


Epoch : 12
Train MSE Loss     : 0.02068487	 | 	Train MAPE Loss     : 9.03823280
Valid MSE Loss     : 0.00297173	 | 	Valid MAPE Loss     : 5.52611113
lr                 : [0.0003]


Epoch : 13
Train MSE Loss     : 0.01904375	 | 	Train MAPE Loss     : 8.63629818
Valid MSE Loss     : 0.00146462	 | 	Valid MAPE Loss     : 3.85671091
lr                 : [0.0003]


Epoch : 14
Train MSE Loss     : 0.01898079	 | 	Train MAPE Loss     : 8.51345062
Valid MSE Loss     : 0.00074594	 | 	Valid MAPE Loss     : 2.50068164
lr                 : [0.0003]


Epoch : 15
Train MSE Loss     : 0.01919707	 | 	Train MAPE Loss     : 8.52220917
Valid MSE Loss     : 0.00020193	 | 	Valid MAPE Loss     : 1.27590108
lr                 : [0.0003]


Epoch : 16
Train MSE Loss     : 0.02108403	 | 	Train MAPE Loss     : 9.00609684
Valid MSE Loss     : 0.00178761	 | 	Valid MAPE Loss     : 3.95531607
lr                 : [0.0003]


Epoch : 17
Train MSE Loss     : 0.02173093	 | 	Train MAPE Loss     : 9.19686317
Valid MSE Loss     : 0.00109748	 | 	Valid MAPE Loss     : 3.11540103
lr                 : [0.0003]


Epoch : 18
Train MSE Loss     : 0.01980722	 | 	Train MAPE Loss     : 8.76834297
Valid MSE Loss     : 0.00129410	 | 	Valid MAPE Loss     : 3.16150165
lr                 : [0.0003]


Epoch : 19
Train MSE Loss     : 0.02015433	 | 	Train MAPE Loss     : 8.77826881
Valid MSE Loss     : 0.00216053	 | 	Valid MAPE Loss     : 4.73486185
lr                 : [0.0003]


Epoch : 20
Train MSE Loss     : 0.02124768	 | 	Train MAPE Loss     : 9.19186974
Valid MSE Loss     : 0.00452870	 | 	Valid MAPE Loss     : 7.21334791
lr                 : [0.0003]


Epoch : 21
Train MSE Loss     : 0.02067924	 | 	Train MAPE Loss     : 8.87825203
Valid MSE Loss     : 0.00265655	 | 	Valid MAPE Loss     : 5.24927139
lr                 : [0.0003]


Epoch : 22
Train MSE Loss     : 0.01966080	 | 	Train MAPE Loss     : 8.65815544
Valid MSE Loss     : 0.00189299	 | 	Valid MAPE Loss     : 4.08203220
lr                 : [0.0003]


Epoch : 23
Train MSE Loss     : 0.02197616	 | 	Train MAPE Loss     : 9.21718216
Valid MSE Loss     : 0.00238557	 | 	Valid MAPE Loss     : 4.88494158
lr                 : [0.0003]


Epoch : 24
Train MSE Loss     : 0.02005078	 | 	Train MAPE Loss     : 8.83012199
Valid MSE Loss     : 0.00234239	 | 	Valid MAPE Loss     : 5.04455090
lr                 : [0.0003]


Epoch : 25
Train MSE Loss     : 0.02105646	 | 	Train MAPE Loss     : 9.11670780
Valid MSE Loss     : 0.00230269	 | 	Valid MAPE Loss     : 4.95905161
lr                 : [0.0003]


Epoch : 26
Train MSE Loss     : 0.01860764	 | 	Train MAPE Loss     : 8.42311573
Valid MSE Loss     : 0.00076723	 | 	Valid MAPE Loss     : 2.45849466
lr                 : [2.9999999999999997e-05]


Epoch : 27
Train MSE Loss     : 0.01982438	 | 	Train MAPE Loss     : 8.89334297
Valid MSE Loss     : 0.00200945	 | 	Valid MAPE Loss     : 4.65409517
lr                 : [2.9999999999999997e-05]


Epoch : 28
Train MSE Loss     : 0.01751386	 | 	Train MAPE Loss     : 8.20750332
Valid MSE Loss     : 0.00121909	 | 	Valid MAPE Loss     : 3.54301333
lr                 : [2.9999999999999997e-05]


Epoch : 29
Train MSE Loss     : 0.01798948	 | 	Train MAPE Loss     : 8.34155560
Valid MSE Loss     : 0.00029538	 | 	Valid MAPE Loss     : 1.54883087
lr                 : [2.9999999999999997e-05]


Epoch : 30
Train MSE Loss     : 0.01704520	 | 	Train MAPE Loss     : 8.14330769
Valid MSE Loss     : 0.00064669	 | 	Valid MAPE Loss     : 2.47279239
lr                 : [2.9999999999999997e-05]


Epoch : 31
Train MSE Loss     : 0.01756940	 | 	Train MAPE Loss     : 8.28610229
Valid MSE Loss     : 0.00098512	 | 	Valid MAPE Loss     : 3.18810153
lr                 : [2.9999999999999997e-05]


Epoch : 32
Train MSE Loss     : 0.01733637	 | 	Train MAPE Loss     : 8.19069386
Valid MSE Loss     : 0.00123629	 | 	Valid MAPE Loss     : 3.41506052
lr                 : [2.9999999999999997e-05]


Epoch : 33
Train MSE Loss     : 0.01785409	 | 	Train MAPE Loss     : 8.40086651
Valid MSE Loss     : 0.00391241	 | 	Valid MAPE Loss     : 6.52172565
lr                 : [2.9999999999999997e-05]


Epoch : 34
Train MSE Loss     : 0.01796953	 | 	Train MAPE Loss     : 8.37801170
Valid MSE Loss     : 0.00262183	 | 	Valid MAPE Loss     : 5.45415592
lr                 : [2.9999999999999997e-05]


Epoch : 35
Train MSE Loss     : 0.01862630	 | 	Train MAPE Loss     : 8.55805683
Valid MSE Loss     : 0.00073414	 | 	Valid MAPE Loss     : 2.69852066
lr                 : [2.9999999999999997e-05]


Epoch : 36
Train MSE Loss     : 0.01718850	 | 	Train MAPE Loss     : 8.09788036
Valid MSE Loss     : 0.00071500	 | 	Valid MAPE Loss     : 2.31522894
lr                 : [2.9999999999999997e-05]


Epoch : 37
Train MSE Loss     : 0.01825754	 | 	Train MAPE Loss     : 8.49962044
Valid MSE Loss     : 0.00106212	 | 	Valid MAPE Loss     : 3.26538634
lr                 : [3e-06]


Epoch : 38
Train MSE Loss     : 0.01814180	 | 	Train MAPE Loss     : 8.47605324
Valid MSE Loss     : 0.00070171	 | 	Valid MAPE Loss     : 2.68655896
lr                 : [3e-06]


Epoch : 39
Train MSE Loss     : 0.01711768	 | 	Train MAPE Loss     : 8.19418812
Valid MSE Loss     : 0.00115802	 | 	Valid MAPE Loss     : 3.57770181
lr                 : [3e-06]


Epoch : 40
Train MSE Loss     : 0.01731630	 | 	Train MAPE Loss     : 8.14949131
Valid MSE Loss     : 0.00019633	 | 	Valid MAPE Loss     : 1.31276166
lr                 : [3e-06]


Epoch : 41
Train MSE Loss     : 0.01752571	 | 	Train MAPE Loss     : 8.23476219
Valid MSE Loss     : 0.00053124	 | 	Valid MAPE Loss     : 2.21247268
lr                 : [3e-06]


Epoch : 42
Train MSE Loss     : 0.01646443	 | 	Train MAPE Loss     : 8.05162430
Valid MSE Loss     : 0.00109456	 | 	Valid MAPE Loss     : 3.42746711
lr                 : [3e-06]

