=============================================
Dataset: cell_XJTU_batch2_prepocess_data
Mode:    predict_module
=============================================
Training started ....

Epoch : 1
Train MSE Loss     : 1.13949502	 | 	Train MAPE Loss     : 29.13486481
Valid MSE Loss     : 0.01056068	 | 	Valid MAPE Loss     : 10.90698528
lr                 : [0.0003]


Epoch : 2
Train MSE Loss     : 1.01649976	 | 	Train MAPE Loss     : 11.30331326
Valid MSE Loss     : 0.00059520	 | 	Valid MAPE Loss     : 2.27535319
lr                 : [0.0003]


Epoch : 3
Train MSE Loss     : 1.01209772	 | 	Train MAPE Loss     : 9.78509426
Valid MSE Loss     : 0.00265549	 | 	Valid MAPE Loss     : 5.17497206
lr                 : [0.0003]


Epoch : 4
Train MSE Loss     : 1.01325572	 | 	Train MAPE Loss     : 10.13004398
Valid MSE Loss     : 0.00253216	 | 	Valid MAPE Loss     : 5.06376314
lr                 : [0.0003]


Epoch : 5
Train MSE Loss     : 1.01223505	 | 	Train MAPE Loss     : 9.72446251
Valid MSE Loss     : 0.00153730	 | 	Valid MAPE Loss     : 3.74581146
lr                 : [0.0003]


Epoch : 6
Train MSE Loss     : 1.01094782	 | 	Train MAPE Loss     : 9.17008781
Valid MSE Loss     : 0.00111567	 | 	Valid MAPE Loss     : 3.09421802
lr                 : [0.0003]


Epoch : 7
Train MSE Loss     : 1.01091862	 | 	Train MAPE Loss     : 9.11412048
Valid MSE Loss     : 0.00103823	 | 	Valid MAPE Loss     : 2.87757039
lr                 : [0.0003]


Epoch : 8
Train MSE Loss     : 1.01066077	 | 	Train MAPE Loss     : 9.03791428
Valid MSE Loss     : 0.00108729	 | 	Valid MAPE Loss     : 3.02705598
lr                 : [0.0003]


Epoch : 9
Train MSE Loss     : 1.01023066	 | 	Train MAPE Loss     : 8.92035294
Valid MSE Loss     : 0.00242580	 | 	Valid MAPE Loss     : 5.02456808
lr                 : [0.0003]


Epoch : 10
Train MSE Loss     : 1.01103938	 | 	Train MAPE Loss     : 9.32092667
Valid MSE Loss     : 0.00305608	 | 	Valid MAPE Loss     : 5.50742483
lr                 : [0.0003]


Epoch : 11
Train MSE Loss     : 1.01231813	 | 	Train MAPE Loss     : 9.72711945
Valid MSE Loss     : 0.00386788	 | 	Valid MAPE Loss     : 6.62868214
lr                 : [0.0003]


Epoch : 12
Train MSE Loss     : 1.01131892	 | 	Train MAPE Loss     : 9.45733452
Valid MSE Loss     : 0.00050979	 | 	Valid MAPE Loss     : 2.08458304
lr                 : [0.0003]


Epoch : 13
Train MSE Loss     : 1.01025701	 | 	Train MAPE Loss     : 8.91683865
Valid MSE Loss     : 0.00060764	 | 	Valid MAPE Loss     : 2.17814302
lr                 : [0.0003]


Epoch : 14
Train MSE Loss     : 1.00951576	 | 	Train MAPE Loss     : 8.52531433
Valid MSE Loss     : 0.00050426	 | 	Valid MAPE Loss     : 2.01790500
lr                 : [0.0003]


Epoch : 15
Train MSE Loss     : 1.00940657	 | 	Train MAPE Loss     : 8.44046879
Valid MSE Loss     : 0.00136193	 | 	Valid MAPE Loss     : 3.77839613
lr                 : [0.0003]


Epoch : 16
Train MSE Loss     : 1.01022971	 | 	Train MAPE Loss     : 8.88256645
Valid MSE Loss     : 0.00200946	 | 	Valid MAPE Loss     : 4.34357357
lr                 : [0.0003]


Epoch : 17
Train MSE Loss     : 1.01127708	 | 	Train MAPE Loss     : 9.38314724
Valid MSE Loss     : 0.00042818	 | 	Valid MAPE Loss     : 1.79631221
lr                 : [0.0003]


Epoch : 18
Train MSE Loss     : 1.00976896	 | 	Train MAPE Loss     : 8.73229694
Valid MSE Loss     : 0.00035477	 | 	Valid MAPE Loss     : 1.79081404
lr                 : [0.0003]


Epoch : 19
Train MSE Loss     : 1.00942433	 | 	Train MAPE Loss     : 8.52015877
Valid MSE Loss     : 0.00057468	 | 	Valid MAPE Loss     : 2.24223995
lr                 : [0.0003]


Epoch : 20
Train MSE Loss     : 1.00983024	 | 	Train MAPE Loss     : 8.83638954
Valid MSE Loss     : 0.00159630	 | 	Valid MAPE Loss     : 3.88814092
lr                 : [0.0003]


Epoch : 21
Train MSE Loss     : 1.00980842	 | 	Train MAPE Loss     : 8.67603588
Valid MSE Loss     : 0.00080043	 | 	Valid MAPE Loss     : 2.80967093
lr                 : [0.0003]


Epoch : 22
Train MSE Loss     : 1.00946009	 | 	Train MAPE Loss     : 8.53119373
Valid MSE Loss     : 0.00248767	 | 	Valid MAPE Loss     : 5.13779116
lr                 : [0.0003]


Epoch : 23
Train MSE Loss     : 1.01016784	 | 	Train MAPE Loss     : 8.87426186
Valid MSE Loss     : 0.00049832	 | 	Valid MAPE Loss     : 2.09383941
lr                 : [0.0003]


Epoch : 24
Train MSE Loss     : 1.00966191	 | 	Train MAPE Loss     : 8.62168980
Valid MSE Loss     : 0.00202506	 | 	Valid MAPE Loss     : 4.23002863
lr                 : [0.0003]


Epoch : 25
Train MSE Loss     : 1.00985932	 | 	Train MAPE Loss     : 8.83331966
Valid MSE Loss     : 0.00043647	 | 	Valid MAPE Loss     : 2.04893303
lr                 : [0.0003]


Epoch : 26
Train MSE Loss     : 1.00956428	 | 	Train MAPE Loss     : 8.57090378
Valid MSE Loss     : 0.00226364	 | 	Valid MAPE Loss     : 5.00009537
lr                 : [0.0003]


Epoch : 27
Train MSE Loss     : 1.01077640	 | 	Train MAPE Loss     : 9.24097157
Valid MSE Loss     : 0.00193660	 | 	Valid MAPE Loss     : 4.56433964
lr                 : [0.0003]


Epoch : 28
Train MSE Loss     : 1.00917614	 | 	Train MAPE Loss     : 8.43870544
Valid MSE Loss     : 0.00227332	 | 	Valid MAPE Loss     : 5.11826611
lr                 : [0.0003]


Epoch : 29
Train MSE Loss     : 1.00951040	 | 	Train MAPE Loss     : 8.57626057
Valid MSE Loss     : 0.00021711	 | 	Valid MAPE Loss     : 1.43238735
lr                 : [0.0003]


Epoch : 30
Train MSE Loss     : 1.00865328	 | 	Train MAPE Loss     : 8.21962166
Valid MSE Loss     : 0.00013205	 | 	Valid MAPE Loss     : 1.05144930
lr                 : [0.0003]


Epoch : 31
Train MSE Loss     : 1.00899661	 | 	Train MAPE Loss     : 8.34266472
Valid MSE Loss     : 0.00310560	 | 	Valid MAPE Loss     : 5.11652422
lr                 : [0.0003]


Epoch : 32
Train MSE Loss     : 1.00916159	 | 	Train MAPE Loss     : 8.35745907
Valid MSE Loss     : 0.00054805	 | 	Valid MAPE Loss     : 2.42029166
lr                 : [0.0003]


Epoch : 33
Train MSE Loss     : 1.01000631	 | 	Train MAPE Loss     : 8.93904305
Valid MSE Loss     : 0.00370635	 | 	Valid MAPE Loss     : 6.61855364
lr                 : [0.0003]


Epoch : 34
Train MSE Loss     : 1.00952935	 | 	Train MAPE Loss     : 8.67494202
Valid MSE Loss     : 0.00016266	 | 	Valid MAPE Loss     : 1.19803214
lr                 : [0.0003]


Epoch : 35
Train MSE Loss     : 1.00934744	 | 	Train MAPE Loss     : 8.58721161
Valid MSE Loss     : 0.00008121	 | 	Valid MAPE Loss     : 0.78069919
lr                 : [0.0003]


Epoch : 36
Train MSE Loss     : 1.00880754	 | 	Train MAPE Loss     : 8.26390362
Valid MSE Loss     : 0.00034865	 | 	Valid MAPE Loss     : 1.70836282
lr                 : [0.0003]


Epoch : 37
Train MSE Loss     : 1.00896919	 | 	Train MAPE Loss     : 8.35689163
Valid MSE Loss     : 0.00228792	 | 	Valid MAPE Loss     : 4.42382193
lr                 : [0.0003]


Epoch : 38
Train MSE Loss     : 1.00880170	 | 	Train MAPE Loss     : 8.30343246
Valid MSE Loss     : 0.00010118	 | 	Valid MAPE Loss     : 0.87134600
lr                 : [0.0003]


Epoch : 39
Train MSE Loss     : 1.00848901	 | 	Train MAPE Loss     : 8.08863354
Valid MSE Loss     : 0.00015947	 | 	Valid MAPE Loss     : 1.13977015
lr                 : [0.0003]


Epoch : 40
Train MSE Loss     : 1.00849187	 | 	Train MAPE Loss     : 8.05646706
Valid MSE Loss     : 0.00022029	 | 	Valid MAPE Loss     : 1.34934843
lr                 : [0.0003]


Epoch : 41
Train MSE Loss     : 1.00889838	 | 	Train MAPE Loss     : 8.30685997
Valid MSE Loss     : 0.00006846	 | 	Valid MAPE Loss     : 0.73744816
lr                 : [0.0003]


Epoch : 42
Train MSE Loss     : 1.00813830	 | 	Train MAPE Loss     : 8.00375175
Valid MSE Loss     : 0.00007196	 | 	Valid MAPE Loss     : 0.74549800
lr                 : [0.0003]


Epoch : 43
Train MSE Loss     : 1.00921285	 | 	Train MAPE Loss     : 8.48372650
Valid MSE Loss     : 0.00025208	 | 	Valid MAPE Loss     : 1.53389359
lr                 : [0.0003]


Epoch : 44
Train MSE Loss     : 1.00860989	 | 	Train MAPE Loss     : 8.28497791
Valid MSE Loss     : 0.00008769	 | 	Valid MAPE Loss     : 0.87259185
lr                 : [0.0003]


Epoch : 45
Train MSE Loss     : 1.00898647	 | 	Train MAPE Loss     : 8.27021503
Valid MSE Loss     : 0.00016198	 | 	Valid MAPE Loss     : 1.15576994
lr                 : [0.0003]


Epoch : 46
Train MSE Loss     : 1.00843525	 | 	Train MAPE Loss     : 8.10168076
Valid MSE Loss     : 0.00021715	 | 	Valid MAPE Loss     : 1.35943615
lr                 : [0.0003]


Epoch : 47
Train MSE Loss     : 1.00850236	 | 	Train MAPE Loss     : 8.11323547
Valid MSE Loss     : 0.00077559	 | 	Valid MAPE Loss     : 2.82759714
lr                 : [0.0003]


Epoch : 48
Train MSE Loss     : 1.00841630	 | 	Train MAPE Loss     : 8.08406830
Valid MSE Loss     : 0.00056975	 | 	Valid MAPE Loss     : 2.46116447
lr                 : [0.0003]


Epoch : 49
Train MSE Loss     : 1.00884426	 | 	Train MAPE Loss     : 8.21406174
Valid MSE Loss     : 0.00036096	 | 	Valid MAPE Loss     : 1.73592377
lr                 : [0.0003]


Epoch : 50
Train MSE Loss     : 1.00837457	 | 	Train MAPE Loss     : 8.02113056
Valid MSE Loss     : 0.00030666	 | 	Valid MAPE Loss     : 1.65995944
lr                 : [0.0003]


Epoch : 51
Train MSE Loss     : 1.00885415	 | 	Train MAPE Loss     : 8.21137524
Valid MSE Loss     : 0.00128115	 | 	Valid MAPE Loss     : 3.64657593
lr                 : [0.0003]


Epoch : 52
Train MSE Loss     : 1.00793827	 | 	Train MAPE Loss     : 7.91343975
Valid MSE Loss     : 0.00065536	 | 	Valid MAPE Loss     : 2.41091108
lr                 : [2.9999999999999997e-05]


Epoch : 53
Train MSE Loss     : 1.00780845	 | 	Train MAPE Loss     : 7.77843380
Valid MSE Loss     : 0.00039512	 | 	Valid MAPE Loss     : 1.90945280
lr                 : [2.9999999999999997e-05]


Epoch : 54
Train MSE Loss     : 1.00749826	 | 	Train MAPE Loss     : 7.55563307
Valid MSE Loss     : 0.00006646	 | 	Valid MAPE Loss     : 0.77070528
lr                 : [2.9999999999999997e-05]


Epoch : 55
Train MSE Loss     : 1.00797749	 | 	Train MAPE Loss     : 7.76090574
Valid MSE Loss     : 0.00057576	 | 	Valid MAPE Loss     : 2.55844116
lr                 : [2.9999999999999997e-05]


Epoch : 56
Train MSE Loss     : 1.00779223	 | 	Train MAPE Loss     : 7.79530239
Valid MSE Loss     : 0.00203909	 | 	Valid MAPE Loss     : 4.78350782
lr                 : [2.9999999999999997e-05]


Epoch : 57
Train MSE Loss     : 1.00748551	 | 	Train MAPE Loss     : 7.59035683
Valid MSE Loss     : 0.00046350	 | 	Valid MAPE Loss     : 1.94310820
lr                 : [2.9999999999999997e-05]


Epoch : 58
Train MSE Loss     : 1.00722969	 | 	Train MAPE Loss     : 7.47389030
Valid MSE Loss     : 0.00019984	 | 	Valid MAPE Loss     : 1.27902305
lr                 : [2.9999999999999997e-05]


Epoch : 59
Train MSE Loss     : 1.00785875	 | 	Train MAPE Loss     : 7.79401350
Valid MSE Loss     : 0.00007875	 | 	Valid MAPE Loss     : 0.77859288
lr                 : [2.9999999999999997e-05]


Epoch : 60
Train MSE Loss     : 1.00765717	 | 	Train MAPE Loss     : 7.62825823
Valid MSE Loss     : 0.00004947	 | 	Valid MAPE Loss     : 0.62449020
lr                 : [2.9999999999999997e-05]


Epoch : 61
Train MSE Loss     : 1.00765252	 | 	Train MAPE Loss     : 7.72764826
Valid MSE Loss     : 0.00038960	 | 	Valid MAPE Loss     : 1.95243156
lr                 : [2.9999999999999997e-05]


Epoch : 62
Train MSE Loss     : 1.00747120	 | 	Train MAPE Loss     : 7.63542509
Valid MSE Loss     : 0.00045121	 | 	Valid MAPE Loss     : 2.11026216
lr                 : [2.9999999999999997e-05]


Epoch : 63
Train MSE Loss     : 1.00827122	 | 	Train MAPE Loss     : 8.04335785
Valid MSE Loss     : 0.00072165	 | 	Valid MAPE Loss     : 2.82916117
lr                 : [2.9999999999999997e-05]


Epoch : 64
Train MSE Loss     : 1.00732231	 | 	Train MAPE Loss     : 7.40891218
Valid MSE Loss     : 0.00024603	 | 	Valid MAPE Loss     : 1.43681657
lr                 : [2.9999999999999997e-05]


Epoch : 65
Train MSE Loss     : 1.00741875	 | 	Train MAPE Loss     : 7.54198933
Valid MSE Loss     : 0.00028572	 | 	Valid MAPE Loss     : 1.60386944
lr                 : [2.9999999999999997e-05]


Epoch : 66
Train MSE Loss     : 1.00790012	 | 	Train MAPE Loss     : 7.73427773
Valid MSE Loss     : 0.00065036	 | 	Valid MAPE Loss     : 2.65167284
lr                 : [2.9999999999999997e-05]


Epoch : 67
Train MSE Loss     : 1.00766301	 | 	Train MAPE Loss     : 7.69113779
Valid MSE Loss     : 0.00021271	 | 	Valid MAPE Loss     : 1.34225285
lr                 : [2.9999999999999997e-05]


Epoch : 68
Train MSE Loss     : 1.00762510	 | 	Train MAPE Loss     : 7.57067919
Valid MSE Loss     : 0.00007876	 | 	Valid MAPE Loss     : 0.78068775
lr                 : [2.9999999999999997e-05]


Epoch : 69
Train MSE Loss     : 1.00737786	 | 	Train MAPE Loss     : 7.54341507
Valid MSE Loss     : 0.00014342	 | 	Valid MAPE Loss     : 1.13072646
lr                 : [2.9999999999999997e-05]


Epoch : 70
Train MSE Loss     : 1.00743842	 | 	Train MAPE Loss     : 7.60117435
Valid MSE Loss     : 0.00041433	 | 	Valid MAPE Loss     : 1.84139335
lr                 : [2.9999999999999997e-05]


Epoch : 71
Train MSE Loss     : 1.00727117	 | 	Train MAPE Loss     : 7.46383572
Valid MSE Loss     : 0.00039310	 | 	Valid MAPE Loss     : 1.84413648
lr                 : [3e-06]


Epoch : 72
Train MSE Loss     : 1.00738204	 | 	Train MAPE Loss     : 7.55961323
Valid MSE Loss     : 0.00009500	 | 	Valid MAPE Loss     : 0.91948193
lr                 : [3e-06]


Epoch : 73
Train MSE Loss     : 1.00760639	 | 	Train MAPE Loss     : 7.73660851
Valid MSE Loss     : 0.00018040	 | 	Valid MAPE Loss     : 1.31128657
lr                 : [3e-06]


Epoch : 74
Train MSE Loss     : 1.00730646	 | 	Train MAPE Loss     : 7.51260281
Valid MSE Loss     : 0.00007734	 | 	Valid MAPE Loss     : 0.83448821
lr                 : [3e-06]


Epoch : 75
Train MSE Loss     : 1.00762773	 | 	Train MAPE Loss     : 7.62767744
Valid MSE Loss     : 0.00068442	 | 	Valid MAPE Loss     : 2.40811229
lr                 : [3e-06]


Epoch : 76
Train MSE Loss     : 1.00778663	 | 	Train MAPE Loss     : 7.71061277
Valid MSE Loss     : 0.00022972	 | 	Valid MAPE Loss     : 1.52483654
lr                 : [3e-06]


Epoch : 77
Train MSE Loss     : 1.00736547	 | 	Train MAPE Loss     : 7.52412701
Valid MSE Loss     : 0.00011464	 | 	Valid MAPE Loss     : 0.99157965
lr                 : [3e-06]


Epoch : 78
Train MSE Loss     : 1.00752795	 | 	Train MAPE Loss     : 7.64615440
Valid MSE Loss     : 0.00023156	 | 	Valid MAPE Loss     : 1.47671783
lr                 : [3e-06]


Epoch : 79
Train MSE Loss     : 1.00764799	 | 	Train MAPE Loss     : 7.71627808
Valid MSE Loss     : 0.00047174	 | 	Valid MAPE Loss     : 2.18465424
lr                 : [3e-06]


Epoch : 80
Train MSE Loss     : 1.00751066	 | 	Train MAPE Loss     : 7.61240101
Valid MSE Loss     : 0.00032071	 | 	Valid MAPE Loss     : 1.72030079
lr                 : [3e-06]


Epoch : 81
Train MSE Loss     : 1.00737834	 | 	Train MAPE Loss     : 7.49927759
Valid MSE Loss     : 0.00012520	 | 	Valid MAPE Loss     : 1.10627246
lr                 : [3e-06]


Epoch : 82
Train MSE Loss     : 1.00765157	 | 	Train MAPE Loss     : 7.73804951
Valid MSE Loss     : 0.00012875	 | 	Valid MAPE Loss     : 1.10781348
lr                 : [3.0000000000000004e-07]


Epoch : 83
Train MSE Loss     : 1.00747025	 | 	Train MAPE Loss     : 7.59486198
Valid MSE Loss     : 0.00170654	 | 	Valid MAPE Loss     : 4.32608080
lr                 : [3.0000000000000004e-07]


Epoch : 84
Train MSE Loss     : 1.00707722	 | 	Train MAPE Loss     : 7.41341639
Valid MSE Loss     : 0.00010058	 | 	Valid MAPE Loss     : 0.96551400
lr                 : [3.0000000000000004e-07]


Epoch : 85
Train MSE Loss     : 1.00805366	 | 	Train MAPE Loss     : 7.95099449
Valid MSE Loss     : 0.00031093	 | 	Valid MAPE Loss     : 1.67584813
lr                 : [3.0000000000000004e-07]


Epoch : 86
Train MSE Loss     : 1.00751770	 | 	Train MAPE Loss     : 7.64218187
Valid MSE Loss     : 0.00103525	 | 	Valid MAPE Loss     : 3.15374112
lr                 : [3.0000000000000004e-07]


Epoch : 87
Train MSE Loss     : 1.00779366	 | 	Train MAPE Loss     : 7.73347044
Valid MSE Loss     : 0.00007723	 | 	Valid MAPE Loss     : 0.79515368
lr                 : [3.0000000000000004e-07]


Epoch : 88
Train MSE Loss     : 1.00732839	 | 	Train MAPE Loss     : 7.52911997
Valid MSE Loss     : 0.00066496	 | 	Valid MAPE Loss     : 2.71895623
lr                 : [3.0000000000000004e-07]


Epoch : 89
Train MSE Loss     : 1.00788164	 | 	Train MAPE Loss     : 7.87396193
Valid MSE Loss     : 0.00006384	 | 	Valid MAPE Loss     : 0.68070859
lr                 : [3.0000000000000004e-07]


Epoch : 90
Train MSE Loss     : 1.00723588	 | 	Train MAPE Loss     : 7.52010059
Valid MSE Loss     : 0.00128429	 | 	Valid MAPE Loss     : 3.67884064
lr                 : [3.0000000000000004e-07]


Epoch : 91
Train MSE Loss     : 1.00752735	 | 	Train MAPE Loss     : 7.59267092
Valid MSE Loss     : 0.00060522	 | 	Valid MAPE Loss     : 2.42956042
lr                 : [3.0000000000000004e-07]


Epoch : 92
Train MSE Loss     : 1.00745118	 | 	Train MAPE Loss     : 7.63029671
Valid MSE Loss     : 0.00056625	 | 	Valid MAPE Loss     : 2.31420135
lr                 : [3.0000000000000004e-07]


Epoch : 93
Train MSE Loss     : 1.00715935	 | 	Train MAPE Loss     : 7.43284655
Valid MSE Loss     : 0.00013454	 | 	Valid MAPE Loss     : 1.06924498
lr                 : [3.0000000000000004e-08]


Epoch : 94
Train MSE Loss     : 1.00742722	 | 	Train MAPE Loss     : 7.59637356
Valid MSE Loss     : 0.00039527	 | 	Valid MAPE Loss     : 1.80095971
lr                 : [3.0000000000000004e-08]


Epoch : 95
Train MSE Loss     : 1.00707614	 | 	Train MAPE Loss     : 7.31245708
Valid MSE Loss     : 0.00022484	 | 	Valid MAPE Loss     : 1.40645754
lr                 : [3.0000000000000004e-08]


Epoch : 96
Train MSE Loss     : 1.00731874	 | 	Train MAPE Loss     : 7.44665527
Valid MSE Loss     : 0.00016745	 | 	Valid MAPE Loss     : 1.20039046
lr                 : [3.0000000000000004e-08]


Epoch : 97
Train MSE Loss     : 1.00746834	 | 	Train MAPE Loss     : 7.51562977
Valid MSE Loss     : 0.00184065	 | 	Valid MAPE Loss     : 4.54813528
lr                 : [3.0000000000000004e-08]


Epoch : 98
Train MSE Loss     : 1.00770009	 | 	Train MAPE Loss     : 7.73049879
Valid MSE Loss     : 0.00177643	 | 	Valid MAPE Loss     : 4.47303867
lr                 : [3.0000000000000004e-08]


Epoch : 99
Train MSE Loss     : 1.00717461	 | 	Train MAPE Loss     : 7.41324377
Valid MSE Loss     : 0.00019976	 | 	Valid MAPE Loss     : 1.38485312
lr                 : [3.0000000000000004e-08]


Epoch : 100
Train MSE Loss     : 1.00717235	 | 	Train MAPE Loss     : 7.40805721
Valid MSE Loss     : 0.00018160	 | 	Valid MAPE Loss     : 1.35245049
lr                 : [3.0000000000000004e-08]


Epoch : 101
Train MSE Loss     : 1.00747752	 | 	Train MAPE Loss     : 7.57592010
Valid MSE Loss     : 0.00085518	 | 	Valid MAPE Loss     : 2.88311315
lr                 : [3.0000000000000004e-08]


Epoch : 102
Train MSE Loss     : 1.00732470	 | 	Train MAPE Loss     : 7.55092049
Valid MSE Loss     : 0.00025488	 | 	Valid MAPE Loss     : 1.47675669
lr                 : [3.0000000000000004e-08]


Epoch : 103
Train MSE Loss     : 1.00757277	 | 	Train MAPE Loss     : 7.63401318
Valid MSE Loss     : 0.00032909	 | 	Valid MAPE Loss     : 1.84149432
lr                 : [3.0000000000000004e-08]


Epoch : 104
Train MSE Loss     : 1.00720274	 | 	Train MAPE Loss     : 7.50056267
Valid MSE Loss     : 0.00113803	 | 	Valid MAPE Loss     : 3.46100307
lr                 : [3.0000000000000004e-09]


Epoch : 105
Train MSE Loss     : 1.00796092	 | 	Train MAPE Loss     : 7.86868763
Valid MSE Loss     : 0.00286665	 | 	Valid MAPE Loss     : 5.19698715
lr                 : [3.0000000000000004e-09]


Epoch : 106
Train MSE Loss     : 1.00760603	 | 	Train MAPE Loss     : 7.59646511
Valid MSE Loss     : 0.00235550	 | 	Valid MAPE Loss     : 4.77866268
lr                 : [3.0000000000000004e-09]


Epoch : 107
Train MSE Loss     : 1.00720966	 | 	Train MAPE Loss     : 7.42341089
Valid MSE Loss     : 0.00025857	 | 	Valid MAPE Loss     : 1.55931342
lr                 : [3.0000000000000004e-09]


Epoch : 108
Train MSE Loss     : 1.00774479	 | 	Train MAPE Loss     : 7.73121595
Valid MSE Loss     : 0.00019678	 | 	Valid MAPE Loss     : 1.15426922
lr                 : [3.0000000000000004e-09]


Epoch : 109
Train MSE Loss     : 1.00745416	 | 	Train MAPE Loss     : 7.55348682
Valid MSE Loss     : 0.00055894	 | 	Valid MAPE Loss     : 2.22207332
lr                 : [3.0000000000000004e-09]


Epoch : 110
Train MSE Loss     : 1.00751436	 | 	Train MAPE Loss     : 7.60396338
Valid MSE Loss     : 0.00009058	 | 	Valid MAPE Loss     : 0.88820922
lr                 : [3.0000000000000004e-09]


Epoch : 111
Train MSE Loss     : 1.00729144	 | 	Train MAPE Loss     : 7.52130032
Valid MSE Loss     : 0.00017556	 | 	Valid MAPE Loss     : 1.23413289
lr                 : [3.0000000000000004e-09]


Epoch : 112
Train MSE Loss     : 1.00708032	 | 	Train MAPE Loss     : 7.39997625
Valid MSE Loss     : 0.00098925	 | 	Valid MAPE Loss     : 3.36140060
lr                 : [3.0000000000000004e-09]


Epoch : 113
Train MSE Loss     : 1.00748038	 | 	Train MAPE Loss     : 7.61157846
Valid MSE Loss     : 0.00015375	 | 	Valid MAPE Loss     : 1.18371093
lr                 : [3.0000000000000004e-09]


Epoch : 114
Train MSE Loss     : 1.00735712	 | 	Train MAPE Loss     : 7.54249048
Valid MSE Loss     : 0.00003116	 | 	Valid MAPE Loss     : 0.47193804
lr                 : [3.0000000000000004e-09]


Epoch : 115
Train MSE Loss     : 1.00722134	 | 	Train MAPE Loss     : 7.48164034
Valid MSE Loss     : 0.00021013	 | 	Valid MAPE Loss     : 1.49264693
lr                 : [3.0000000000000004e-09]


Epoch : 116
Train MSE Loss     : 1.00742269	 | 	Train MAPE Loss     : 7.51984930
Valid MSE Loss     : 0.00011285	 | 	Valid MAPE Loss     : 1.08786690
lr                 : [3.0000000000000004e-09]


Epoch : 117
Train MSE Loss     : 1.00738633	 | 	Train MAPE Loss     : 7.54237080
Valid MSE Loss     : 0.00001927	 | 	Valid MAPE Loss     : 0.37597489
lr                 : [3.0000000000000004e-09]


Epoch : 118
Train MSE Loss     : 1.00734997	 | 	Train MAPE Loss     : 7.55121613
Valid MSE Loss     : 0.00104278	 | 	Valid MAPE Loss     : 3.32810545
lr                 : [3.0000000000000004e-09]


Epoch : 119
Train MSE Loss     : 1.00712621	 | 	Train MAPE Loss     : 7.41631794
Valid MSE Loss     : 0.00017230	 | 	Valid MAPE Loss     : 1.17375171
lr                 : [3.0000000000000004e-09]


Epoch : 120
Train MSE Loss     : 1.00804436	 | 	Train MAPE Loss     : 7.85478163
Valid MSE Loss     : 0.00004760	 | 	Valid MAPE Loss     : 0.59643584
lr                 : [3.0000000000000004e-09]


Epoch : 121
Train MSE Loss     : 1.00708950	 | 	Train MAPE Loss     : 7.45370007
Valid MSE Loss     : 0.00090343	 | 	Valid MAPE Loss     : 3.22741461
lr                 : [3.0000000000000004e-09]


Epoch : 122
Train MSE Loss     : 1.00733566	 | 	Train MAPE Loss     : 7.57052517
Valid MSE Loss     : 0.00010858	 | 	Valid MAPE Loss     : 1.00907934
lr                 : [3.0000000000000004e-09]


Epoch : 123
Train MSE Loss     : 1.00752270	 | 	Train MAPE Loss     : 7.51468563
Valid MSE Loss     : 0.00009410	 | 	Valid MAPE Loss     : 0.89603204
lr                 : [3.0000000000000004e-09]


Epoch : 124
Train MSE Loss     : 1.00729573	 | 	Train MAPE Loss     : 7.56742477
Valid MSE Loss     : 0.00099088	 | 	Valid MAPE Loss     : 3.27592874
lr                 : [3.0000000000000004e-09]


Epoch : 125
Train MSE Loss     : 1.00769329	 | 	Train MAPE Loss     : 7.75879288
Valid MSE Loss     : 0.00013214	 | 	Valid MAPE Loss     : 1.11796594
lr                 : [3.0000000000000004e-09]


Epoch : 126
Train MSE Loss     : 1.00740838	 | 	Train MAPE Loss     : 7.56650066
Valid MSE Loss     : 0.00003109	 | 	Valid MAPE Loss     : 0.47699520
lr                 : [3.0000000000000004e-09]


Epoch : 127
Train MSE Loss     : 1.00737071	 | 	Train MAPE Loss     : 7.52730131
Valid MSE Loss     : 0.00006877	 | 	Valid MAPE Loss     : 0.74206609
lr                 : [3.0000000000000004e-09]


Epoch : 128
Train MSE Loss     : 1.00737441	 | 	Train MAPE Loss     : 7.48176146
Valid MSE Loss     : 0.00070558	 | 	Valid MAPE Loss     : 2.69344401
lr                 : [3.0000000000000004e-09]


Epoch : 129
Train MSE Loss     : 1.00728798	 | 	Train MAPE Loss     : 7.43095255
Valid MSE Loss     : 0.00434540	 | 	Valid MAPE Loss     : 6.88311672
lr                 : [3.0000000000000004e-09]


Epoch : 130
Train MSE Loss     : 1.00691044	 | 	Train MAPE Loss     : 7.33379841
Valid MSE Loss     : 0.00014531	 | 	Valid MAPE Loss     : 1.11558807
lr                 : [3.0000000000000004e-09]


Epoch : 131
Train MSE Loss     : 1.00719631	 | 	Train MAPE Loss     : 7.46263647
Valid MSE Loss     : 0.00003352	 | 	Valid MAPE Loss     : 0.52245176
lr                 : [3.0000000000000004e-09]


Epoch : 132
Train MSE Loss     : 1.00748599	 | 	Train MAPE Loss     : 7.58685923
Valid MSE Loss     : 0.00022106	 | 	Valid MAPE Loss     : 1.52568245
lr                 : [3.0000000000000004e-09]


Epoch : 133
Train MSE Loss     : 1.00745094	 | 	Train MAPE Loss     : 7.58858967
Valid MSE Loss     : 0.00002802	 | 	Valid MAPE Loss     : 0.49303716
lr                 : [3.0000000000000004e-09]


Epoch : 134
Train MSE Loss     : 1.00765932	 | 	Train MAPE Loss     : 7.67855835
Valid MSE Loss     : 0.00004066	 | 	Valid MAPE Loss     : 0.59315211
lr                 : [3.0000000000000004e-09]


Epoch : 135
Train MSE Loss     : 1.00756168	 | 	Train MAPE Loss     : 7.64996910
Valid MSE Loss     : 0.00008134	 | 	Valid MAPE Loss     : 0.81536740
lr                 : [3.0000000000000004e-09]


Epoch : 136
Train MSE Loss     : 1.00726151	 | 	Train MAPE Loss     : 7.52443695
Valid MSE Loss     : 0.00023329	 | 	Valid MAPE Loss     : 1.53898346
lr                 : [3.0000000000000004e-09]


Epoch : 137
Train MSE Loss     : 1.00759947	 | 	Train MAPE Loss     : 7.72407722
Valid MSE Loss     : 0.00275028	 | 	Valid MAPE Loss     : 5.71733046
lr                 : [3.0000000000000004e-09]


Epoch : 138
Train MSE Loss     : 1.00715566	 | 	Train MAPE Loss     : 7.31467247
Valid MSE Loss     : 0.00004800	 | 	Valid MAPE Loss     : 0.63046598
lr                 : [3.0000000000000004e-09]


Epoch : 139
Train MSE Loss     : 1.00737774	 | 	Train MAPE Loss     : 7.54158878
Valid MSE Loss     : 0.00020295	 | 	Valid MAPE Loss     : 1.47269130
lr                 : [3.0000000000000004e-09]


Epoch : 140
Train MSE Loss     : 1.00741732	 | 	Train MAPE Loss     : 7.42568111
Valid MSE Loss     : 0.00018349	 | 	Valid MAPE Loss     : 1.24937332
lr                 : [3.0000000000000004e-09]


Epoch : 141
Train MSE Loss     : 1.00726354	 | 	Train MAPE Loss     : 7.50960112
Valid MSE Loss     : 0.00004092	 | 	Valid MAPE Loss     : 0.60913360
lr                 : [3.0000000000000004e-09]


Epoch : 142
Train MSE Loss     : 1.00762379	 | 	Train MAPE Loss     : 7.63111925
Valid MSE Loss     : 0.00085476	 | 	Valid MAPE Loss     : 2.93021989
lr                 : [3.0000000000000004e-09]


Epoch : 143
Train MSE Loss     : 1.00712609	 | 	Train MAPE Loss     : 7.48140574
Valid MSE Loss     : 0.00020152	 | 	Valid MAPE Loss     : 1.35420096
lr                 : [3.0000000000000004e-09]


Epoch : 144
Train MSE Loss     : 1.00750828	 | 	Train MAPE Loss     : 7.59765720
Valid MSE Loss     : 0.00008770	 | 	Valid MAPE Loss     : 0.92162961
lr                 : [3.0000000000000004e-09]


Epoch : 145
Train MSE Loss     : 1.00762379	 | 	Train MAPE Loss     : 7.61929083
Valid MSE Loss     : 0.00016455	 | 	Valid MAPE Loss     : 1.14260781
lr                 : [3.0000000000000004e-09]


Epoch : 146
Train MSE Loss     : 1.00721729	 | 	Train MAPE Loss     : 7.47182274
Valid MSE Loss     : 0.00011920	 | 	Valid MAPE Loss     : 1.03238165
lr                 : [3.0000000000000004e-09]


Epoch : 147
Train MSE Loss     : 1.00745523	 | 	Train MAPE Loss     : 7.56613636
Valid MSE Loss     : 0.00008739	 | 	Valid MAPE Loss     : 0.81757623
lr                 : [3.0000000000000004e-09]


Epoch : 148
Train MSE Loss     : 1.00747442	 | 	Train MAPE Loss     : 7.50575733
Valid MSE Loss     : 0.00164803	 | 	Valid MAPE Loss     : 4.33853436
lr                 : [3.0000000000000004e-09]


Epoch : 149
Train MSE Loss     : 1.00761938	 | 	Train MAPE Loss     : 7.63484383
Valid MSE Loss     : 0.00042613	 | 	Valid MAPE Loss     : 2.16308570
lr                 : [3.0000000000000004e-09]


Epoch : 150
Train MSE Loss     : 1.00761700	 | 	Train MAPE Loss     : 7.65687895
Valid MSE Loss     : 0.00015883	 | 	Valid MAPE Loss     : 1.20502210
lr                 : [3.0000000000000004e-09]


Evaluate on the Test set:
