=============================================
Dataset: cell_XJTU_batch3_prepocess_data
Mode:    supervised_with_contrast
=============================================
Training started ....

Epoch : 1
Train MSE Loss     : 8.45021534	 | 	Train MAPE Loss     : 200.90592957
Valid MSE Loss     : 2.50567794	 | 	Valid MAPE Loss     : 129.76220703
lr                 : [0.0003]


Epoch : 2
Train MSE Loss     : 2.20751667	 | 	Train MAPE Loss     : 85.31741333
Valid MSE Loss     : 0.37657729	 | 	Valid MAPE Loss     : 48.04569244
lr                 : [0.0003]


Epoch : 3
Train MSE Loss     : 1.47638416	 | 	Train MAPE Loss     : 55.18453217
Valid MSE Loss     : 0.25538325	 | 	Valid MAPE Loss     : 49.61044312
lr                 : [0.0003]


Epoch : 4
Train MSE Loss     : 1.39979124	 | 	Train MAPE Loss     : 57.50752640
Valid MSE Loss     : 0.33746922	 | 	Valid MAPE Loss     : 32.77514267
lr                 : [0.0003]


Epoch : 5
Train MSE Loss     : 1.90972733	 | 	Train MAPE Loss     : 59.60016632
Valid MSE Loss     : 0.19817436	 | 	Valid MAPE Loss     : 43.50441360
lr                 : [0.0003]


Epoch : 6
Train MSE Loss     : 1.88072538	 | 	Train MAPE Loss     : 85.38945007
Valid MSE Loss     : 0.55372047	 | 	Valid MAPE Loss     : 55.24803162
lr                 : [0.0003]


Epoch : 7
Train MSE Loss     : 3.35067439	 | 	Train MAPE Loss     : 115.82491302
Valid MSE Loss     : 0.69555312	 | 	Valid MAPE Loss     : 70.01200104
lr                 : [0.0003]


Epoch : 8
Train MSE Loss     : 2.15527415	 | 	Train MAPE Loss     : 80.07929230
Valid MSE Loss     : 6.55527782	 | 	Valid MAPE Loss     : 260.84140015
lr                 : [0.0003]


Epoch : 9
Train MSE Loss     : 4.09483671	 | 	Train MAPE Loss     : 152.98291016
Valid MSE Loss     : 0.41672137	 | 	Valid MAPE Loss     : 35.58765411
lr                 : [0.0003]


Epoch : 10
Train MSE Loss     : 1.42430484	 | 	Train MAPE Loss     : 49.30750656
Valid MSE Loss     : 0.13377689	 | 	Valid MAPE Loss     : 22.54988098
lr                 : [0.0003]


Epoch : 11
Train MSE Loss     : 4.37718678	 | 	Train MAPE Loss     : 95.14289093
Valid MSE Loss     : 11.11303902	 | 	Valid MAPE Loss     : 214.90525818
lr                 : [0.0003]


Epoch : 12
Train MSE Loss     : 5.54714727	 | 	Train MAPE Loss     : 114.45243073
Valid MSE Loss     : 0.29176831	 | 	Valid MAPE Loss     : 32.96595001
lr                 : [0.0003]


Epoch : 13
Train MSE Loss     : 2.11548114	 | 	Train MAPE Loss     : 62.92586136
Valid MSE Loss     : 4.50010347	 | 	Valid MAPE Loss     : 154.85598755
lr                 : [0.0003]


Epoch : 14
Train MSE Loss     : 2.58166552	 | 	Train MAPE Loss     : 70.11853790
Valid MSE Loss     : 0.08301399	 | 	Valid MAPE Loss     : 15.95102787
lr                 : [0.0003]


Epoch : 15
Train MSE Loss     : 2.45461369	 | 	Train MAPE Loss     : 59.41335678
Valid MSE Loss     : 1.31852090	 | 	Valid MAPE Loss     : 64.69063568
lr                 : [0.0003]


Epoch : 16
Train MSE Loss     : 1.18343604	 | 	Train MAPE Loss     : 27.44250298
Valid MSE Loss     : 0.05866262	 | 	Valid MAPE Loss     : 25.57041931
lr                 : [0.0003]


Epoch : 17
Train MSE Loss     : 1.05979073	 | 	Train MAPE Loss     : 18.21387482
Valid MSE Loss     : 0.33202064	 | 	Valid MAPE Loss     : 46.67190933
lr                 : [0.0003]


Epoch : 18
Train MSE Loss     : 1.10179424	 | 	Train MAPE Loss     : 24.87691116
Valid MSE Loss     : 0.01330232	 | 	Valid MAPE Loss     : 10.24642277
lr                 : [0.0003]


Epoch : 19
Train MSE Loss     : 1.07574427	 | 	Train MAPE Loss     : 25.94499397
Valid MSE Loss     : 0.02275645	 | 	Valid MAPE Loss     : 15.26091385
lr                 : [0.0003]


Epoch : 20
Train MSE Loss     : 1.10426962	 | 	Train MAPE Loss     : 23.50998688
Valid MSE Loss     : 0.46433318	 | 	Valid MAPE Loss     : 53.98818970
lr                 : [0.0003]


Epoch : 21
Train MSE Loss     : 1.17064714	 | 	Train MAPE Loss     : 31.39827156
Valid MSE Loss     : 0.88594031	 | 	Valid MAPE Loss     : 81.22101593
lr                 : [0.0003]


Epoch : 22
Train MSE Loss     : 1.83644485	 | 	Train MAPE Loss     : 90.13781738
Valid MSE Loss     : 0.38789207	 | 	Valid MAPE Loss     : 61.93394470
lr                 : [0.0003]


Epoch : 23
Train MSE Loss     : 1.14051187	 | 	Train MAPE Loss     : 25.99729538
Valid MSE Loss     : 0.04298221	 | 	Valid MAPE Loss     : 14.21599388
lr                 : [0.0003]


Epoch : 24
Train MSE Loss     : 3.62620282	 | 	Train MAPE Loss     : 93.15636444
Valid MSE Loss     : 8.62887669	 | 	Valid MAPE Loss     : 202.00357056
lr                 : [0.0003]


Epoch : 25
Train MSE Loss     : 5.70607805	 | 	Train MAPE Loss     : 157.53240967
Valid MSE Loss     : 1.39966226	 | 	Valid MAPE Loss     : 105.33413696
lr                 : [0.0003]


Epoch : 26
Train MSE Loss     : 1.87689018	 | 	Train MAPE Loss     : 56.69425583
Valid MSE Loss     : 4.74044895	 | 	Valid MAPE Loss     : 100.05213928
lr                 : [0.0003]


Epoch : 27
Train MSE Loss     : 3.57977343	 | 	Train MAPE Loss     : 74.21894073
Valid MSE Loss     : 0.14319611	 | 	Valid MAPE Loss     : 36.12004471
lr                 : [0.0003]


Epoch : 28
Train MSE Loss     : 1.09279692	 | 	Train MAPE Loss     : 23.56183434
Valid MSE Loss     : 0.05879591	 | 	Valid MAPE Loss     : 12.69359779
lr                 : [0.0003]


Epoch : 29
Train MSE Loss     : 1.09014094	 | 	Train MAPE Loss     : 18.85181236
Valid MSE Loss     : 0.00654922	 | 	Valid MAPE Loss     : 7.95307922
lr                 : [0.0003]


Epoch : 30
Train MSE Loss     : 1.06104755	 | 	Train MAPE Loss     : 21.73761368
Valid MSE Loss     : 0.04199065	 | 	Valid MAPE Loss     : 10.09125900
lr                 : [0.0003]


Epoch : 31
Train MSE Loss     : 1.40055907	 | 	Train MAPE Loss     : 33.83918762
Valid MSE Loss     : 2.31472778	 | 	Valid MAPE Loss     : 108.32958221
lr                 : [0.0003]


Epoch : 32
Train MSE Loss     : 2.18903112	 | 	Train MAPE Loss     : 78.53343964
Valid MSE Loss     : 0.04310919	 | 	Valid MAPE Loss     : 10.78609657
lr                 : [0.0003]


Epoch : 33
Train MSE Loss     : 1.61535954	 | 	Train MAPE Loss     : 32.33858871
Valid MSE Loss     : 2.95972323	 | 	Valid MAPE Loss     : 89.97133636
lr                 : [0.0003]


Epoch : 34
Train MSE Loss     : 2.57047248	 | 	Train MAPE Loss     : 56.76903152
Valid MSE Loss     : 0.01576395	 | 	Valid MAPE Loss     : 12.89387798
lr                 : [0.0003]


Epoch : 35
Train MSE Loss     : 1.10180819	 | 	Train MAPE Loss     : 29.14285278
Valid MSE Loss     : 0.07617961	 | 	Valid MAPE Loss     : 27.19792938
lr                 : [0.0003]


Epoch : 36
Train MSE Loss     : 1.12711275	 | 	Train MAPE Loss     : 31.42227173
Valid MSE Loss     : 0.47347617	 | 	Valid MAPE Loss     : 30.86938095
lr                 : [0.0003]


Epoch : 37
Train MSE Loss     : 1.18649054	 | 	Train MAPE Loss     : 29.41441536
Valid MSE Loss     : 0.13344201	 | 	Valid MAPE Loss     : 20.13722038
lr                 : [0.0003]


Epoch : 38
Train MSE Loss     : 1.04110956	 | 	Train MAPE Loss     : 14.73798656
Valid MSE Loss     : 0.05558434	 | 	Valid MAPE Loss     : 17.34598160
lr                 : [0.0003]


Epoch : 39
Train MSE Loss     : 1.03780115	 | 	Train MAPE Loss     : 15.84948540
Valid MSE Loss     : 0.22524787	 | 	Valid MAPE Loss     : 20.50786209
lr                 : [0.0003]


Epoch : 40
Train MSE Loss     : 1.10824013	 | 	Train MAPE Loss     : 22.10147476
Valid MSE Loss     : 0.22560826	 | 	Valid MAPE Loss     : 34.42329788
lr                 : [2.9999999999999997e-05]


Epoch : 41
Train MSE Loss     : 1.11743808	 | 	Train MAPE Loss     : 27.68786240
Valid MSE Loss     : 0.01034450	 | 	Valid MAPE Loss     : 10.46566963
lr                 : [2.9999999999999997e-05]


Epoch : 42
Train MSE Loss     : 1.01057553	 | 	Train MAPE Loss     : 9.00110912
Valid MSE Loss     : 0.00286909	 | 	Valid MAPE Loss     : 3.57491279
lr                 : [2.9999999999999997e-05]


Epoch : 43
Train MSE Loss     : 1.01999700	 | 	Train MAPE Loss     : 10.99755573
Valid MSE Loss     : 0.01398705	 | 	Valid MAPE Loss     : 10.53527641
lr                 : [2.9999999999999997e-05]


Epoch : 44
Train MSE Loss     : 1.01074457	 | 	Train MAPE Loss     : 8.53252029
Valid MSE Loss     : 0.00556299	 | 	Valid MAPE Loss     : 4.95032072
lr                 : [2.9999999999999997e-05]


Epoch : 45
Train MSE Loss     : 1.00928175	 | 	Train MAPE Loss     : 7.95083189
Valid MSE Loss     : 0.00906123	 | 	Valid MAPE Loss     : 7.63485956
lr                 : [2.9999999999999997e-05]


Epoch : 46
Train MSE Loss     : 1.00892651	 | 	Train MAPE Loss     : 8.31243420
Valid MSE Loss     : 0.00131331	 | 	Valid MAPE Loss     : 2.79954600
lr                 : [2.9999999999999997e-05]


Epoch : 47
Train MSE Loss     : 1.00876093	 | 	Train MAPE Loss     : 8.14320278
Valid MSE Loss     : 0.00049517	 | 	Valid MAPE Loss     : 1.40083134
lr                 : [2.9999999999999997e-05]


Epoch : 48
Train MSE Loss     : 1.00457335	 | 	Train MAPE Loss     : 5.67164040
Valid MSE Loss     : 0.00535850	 | 	Valid MAPE Loss     : 7.75978851
lr                 : [2.9999999999999997e-05]


Epoch : 49
Train MSE Loss     : 1.00495076	 | 	Train MAPE Loss     : 5.99476385
Valid MSE Loss     : 0.00148007	 | 	Valid MAPE Loss     : 3.57284093
lr                 : [2.9999999999999997e-05]


Epoch : 50
Train MSE Loss     : 1.00373507	 | 	Train MAPE Loss     : 5.27668190
Valid MSE Loss     : 0.00044548	 | 	Valid MAPE Loss     : 1.82472706
lr                 : [2.9999999999999997e-05]


Epoch : 51
Train MSE Loss     : 1.00454879	 | 	Train MAPE Loss     : 5.84362555
Valid MSE Loss     : 0.00093174	 | 	Valid MAPE Loss     : 2.66620588
lr                 : [2.9999999999999997e-05]


Epoch : 52
Train MSE Loss     : 1.00359583	 | 	Train MAPE Loss     : 4.94214201
Valid MSE Loss     : 0.00029673	 | 	Valid MAPE Loss     : 1.17856050
lr                 : [2.9999999999999997e-05]


Epoch : 53
Train MSE Loss     : 1.00332212	 | 	Train MAPE Loss     : 5.24128962
Valid MSE Loss     : 0.00146989	 | 	Valid MAPE Loss     : 3.94145679
lr                 : [2.9999999999999997e-05]


Epoch : 54
Train MSE Loss     : 1.00271189	 | 	Train MAPE Loss     : 4.36156273
Valid MSE Loss     : 0.00070126	 | 	Valid MAPE Loss     : 2.69286513
lr                 : [2.9999999999999997e-05]


Epoch : 55
Train MSE Loss     : 1.00126290	 | 	Train MAPE Loss     : 2.79249215
Valid MSE Loss     : 0.00011950	 | 	Valid MAPE Loss     : 0.89130521
lr                 : [2.9999999999999997e-05]


Epoch : 56
Train MSE Loss     : 1.00080824	 | 	Train MAPE Loss     : 2.48399305
Valid MSE Loss     : 0.00027132	 | 	Valid MAPE Loss     : 1.56661427
lr                 : [2.9999999999999997e-05]


Epoch : 57
Train MSE Loss     : 1.00193357	 | 	Train MAPE Loss     : 3.77470899
Valid MSE Loss     : 0.00339307	 | 	Valid MAPE Loss     : 5.58187246
lr                 : [2.9999999999999997e-05]


Epoch : 58
Train MSE Loss     : 1.00234091	 | 	Train MAPE Loss     : 4.19967222
Valid MSE Loss     : 0.00017147	 | 	Valid MAPE Loss     : 0.99145609
lr                 : [2.9999999999999997e-05]


Epoch : 59
Train MSE Loss     : 1.00127316	 | 	Train MAPE Loss     : 3.04826784
Valid MSE Loss     : 0.00033299	 | 	Valid MAPE Loss     : 1.68446970
lr                 : [2.9999999999999997e-05]


Epoch : 60
Train MSE Loss     : 1.00150478	 | 	Train MAPE Loss     : 3.14970565
Valid MSE Loss     : 0.00005262	 | 	Valid MAPE Loss     : 0.58030647
lr                 : [2.9999999999999997e-05]


Epoch : 61
Train MSE Loss     : 1.00208235	 | 	Train MAPE Loss     : 3.27331114
Valid MSE Loss     : 0.00245845	 | 	Valid MAPE Loss     : 3.21846867
lr                 : [2.9999999999999997e-05]


Epoch : 62
Train MSE Loss     : 1.00171745	 | 	Train MAPE Loss     : 3.02509642
Valid MSE Loss     : 0.00038192	 | 	Valid MAPE Loss     : 1.46102214
lr                 : [2.9999999999999997e-05]


Epoch : 63
Train MSE Loss     : 1.00108266	 | 	Train MAPE Loss     : 2.74488115
Valid MSE Loss     : 0.00060099	 | 	Valid MAPE Loss     : 1.37188685
lr                 : [2.9999999999999997e-05]


Epoch : 64
Train MSE Loss     : 1.00164604	 | 	Train MAPE Loss     : 3.64137006
Valid MSE Loss     : 0.00014305	 | 	Valid MAPE Loss     : 0.85594332
lr                 : [2.9999999999999997e-05]


Epoch : 65
Train MSE Loss     : 1.00160372	 | 	Train MAPE Loss     : 3.08455181
Valid MSE Loss     : 0.00048900	 | 	Valid MAPE Loss     : 2.02907658
lr                 : [2.9999999999999997e-05]


Epoch : 66
Train MSE Loss     : 1.00064802	 | 	Train MAPE Loss     : 2.35958004
Valid MSE Loss     : 0.00034897	 | 	Valid MAPE Loss     : 1.30260086
lr                 : [2.9999999999999997e-05]


Epoch : 67
Train MSE Loss     : 1.00131536	 | 	Train MAPE Loss     : 3.43401980
Valid MSE Loss     : 0.00075407	 | 	Valid MAPE Loss     : 2.74730039
lr                 : [2.9999999999999997e-05]


Epoch : 68
Train MSE Loss     : 1.00051880	 | 	Train MAPE Loss     : 1.98998749
Valid MSE Loss     : 0.00132793	 | 	Valid MAPE Loss     : 2.67872953
lr                 : [2.9999999999999997e-05]


Epoch : 69
Train MSE Loss     : 1.00113392	 | 	Train MAPE Loss     : 2.36628056
Valid MSE Loss     : 0.00157191	 | 	Valid MAPE Loss     : 2.29808736
lr                 : [2.9999999999999997e-05]


Epoch : 70
Train MSE Loss     : 1.00074518	 | 	Train MAPE Loss     : 2.05064583
Valid MSE Loss     : 0.00053698	 | 	Valid MAPE Loss     : 1.89545369
lr                 : [2.9999999999999997e-05]


Epoch : 71
Train MSE Loss     : 1.00038850	 | 	Train MAPE Loss     : 1.80040848
Valid MSE Loss     : 0.00025027	 | 	Valid MAPE Loss     : 1.23636162
lr                 : [3e-06]


Epoch : 72
Train MSE Loss     : 1.00027251	 | 	Train MAPE Loss     : 1.27384949
Valid MSE Loss     : 0.00009499	 | 	Valid MAPE Loss     : 0.86707926
lr                 : [3e-06]


Epoch : 73
Train MSE Loss     : 1.00015342	 | 	Train MAPE Loss     : 1.03494322
Valid MSE Loss     : 0.00007943	 | 	Valid MAPE Loss     : 0.65108597
lr                 : [3e-06]


Epoch : 74
Train MSE Loss     : 1.00016177	 | 	Train MAPE Loss     : 1.00571775
Valid MSE Loss     : 0.00004427	 | 	Valid MAPE Loss     : 0.54452944
lr                 : [3e-06]


Epoch : 75
Train MSE Loss     : 1.00015438	 | 	Train MAPE Loss     : 0.97603184
Valid MSE Loss     : 0.00004409	 | 	Valid MAPE Loss     : 0.53491682
lr                 : [3e-06]


Epoch : 76
Train MSE Loss     : 1.00027931	 | 	Train MAPE Loss     : 1.39400339
Valid MSE Loss     : 0.00011302	 | 	Valid MAPE Loss     : 0.94174373
lr                 : [3e-06]


Epoch : 77
Train MSE Loss     : 1.00022924	 | 	Train MAPE Loss     : 1.19961023
Valid MSE Loss     : 0.00004698	 | 	Valid MAPE Loss     : 0.56338876
lr                 : [3e-06]


Epoch : 78
Train MSE Loss     : 1.00015974	 | 	Train MAPE Loss     : 1.07916892
Valid MSE Loss     : 0.00008849	 | 	Valid MAPE Loss     : 0.69246697
lr                 : [3e-06]


Epoch : 79
Train MSE Loss     : 1.00017297	 | 	Train MAPE Loss     : 1.11072302
Valid MSE Loss     : 0.00009180	 | 	Valid MAPE Loss     : 0.70671606
lr                 : [3e-06]


Epoch : 80
Train MSE Loss     : 1.00017905	 | 	Train MAPE Loss     : 1.13550425
Valid MSE Loss     : 0.00022085	 | 	Valid MAPE Loss     : 1.38228345
lr                 : [3e-06]


Epoch : 81
Train MSE Loss     : 1.00013447	 | 	Train MAPE Loss     : 0.98778272
Valid MSE Loss     : 0.00008066	 | 	Valid MAPE Loss     : 0.79888999
lr                 : [3e-06]


Epoch : 82
Train MSE Loss     : 1.00019372	 | 	Train MAPE Loss     : 1.11825514
Valid MSE Loss     : 0.00005111	 | 	Valid MAPE Loss     : 0.57321358
lr                 : [3e-06]


Epoch : 83
Train MSE Loss     : 1.00020206	 | 	Train MAPE Loss     : 1.23446858
Valid MSE Loss     : 0.00010257	 | 	Valid MAPE Loss     : 0.92775381
lr                 : [3e-06]


Epoch : 84
Train MSE Loss     : 1.00014412	 | 	Train MAPE Loss     : 1.03626323
Valid MSE Loss     : 0.00004785	 | 	Valid MAPE Loss     : 0.56799912
lr                 : [3e-06]


Epoch : 85
Train MSE Loss     : 1.00014424	 | 	Train MAPE Loss     : 0.97878754
Valid MSE Loss     : 0.00008412	 | 	Valid MAPE Loss     : 0.81945479
lr                 : [3e-06]


Epoch : 86
Train MSE Loss     : 1.00018275	 | 	Train MAPE Loss     : 1.13976967
Valid MSE Loss     : 0.00006225	 | 	Valid MAPE Loss     : 0.61246359
lr                 : [3.0000000000000004e-07]


Epoch : 87
Train MSE Loss     : 1.00014842	 | 	Train MAPE Loss     : 1.02261043
Valid MSE Loss     : 0.00004558	 | 	Valid MAPE Loss     : 0.55364746
lr                 : [3.0000000000000004e-07]


Epoch : 88
Train MSE Loss     : 1.00011146	 | 	Train MAPE Loss     : 0.86566758
Valid MSE Loss     : 0.00007627	 | 	Valid MAPE Loss     : 0.76596296
lr                 : [3.0000000000000004e-07]


Epoch : 89
Train MSE Loss     : 1.00016093	 | 	Train MAPE Loss     : 1.10078514
Valid MSE Loss     : 0.00005871	 | 	Valid MAPE Loss     : 0.65939569
lr                 : [3.0000000000000004e-07]


Epoch : 90
Train MSE Loss     : 1.00020444	 | 	Train MAPE Loss     : 1.11088872
Valid MSE Loss     : 0.00009563	 | 	Valid MAPE Loss     : 0.89178580
lr                 : [3.0000000000000004e-07]


Epoch : 91
Train MSE Loss     : 1.00015295	 | 	Train MAPE Loss     : 1.01805615
Valid MSE Loss     : 0.00008287	 | 	Valid MAPE Loss     : 0.81883693
lr                 : [3.0000000000000004e-07]


Epoch : 92
Train MSE Loss     : 1.00013649	 | 	Train MAPE Loss     : 0.97332406
Valid MSE Loss     : 0.00003791	 | 	Valid MAPE Loss     : 0.47806713
lr                 : [3.0000000000000004e-07]


Epoch : 93
Train MSE Loss     : 1.00014532	 | 	Train MAPE Loss     : 0.97031140
Valid MSE Loss     : 0.00006686	 | 	Valid MAPE Loss     : 0.70526505
lr                 : [3.0000000000000004e-07]


Epoch : 94
Train MSE Loss     : 1.00016868	 | 	Train MAPE Loss     : 1.08373785
Valid MSE Loss     : 0.00005479	 | 	Valid MAPE Loss     : 0.60360694
lr                 : [3.0000000000000004e-07]


Epoch : 95
Train MSE Loss     : 1.00020075	 | 	Train MAPE Loss     : 1.15299940
Valid MSE Loss     : 0.00005643	 | 	Valid MAPE Loss     : 0.65394068
lr                 : [3.0000000000000004e-07]


Epoch : 96
Train MSE Loss     : 1.00005865	 | 	Train MAPE Loss     : 0.61024374
Valid MSE Loss     : 0.00003919	 | 	Valid MAPE Loss     : 0.50268173
lr                 : [3.0000000000000004e-07]


Epoch : 97
Train MSE Loss     : 1.00012589	 | 	Train MAPE Loss     : 0.88741344
Valid MSE Loss     : 0.00005332	 | 	Valid MAPE Loss     : 0.57411927
lr                 : [3.0000000000000004e-07]


Epoch : 98
Train MSE Loss     : 1.00013602	 | 	Train MAPE Loss     : 1.00171292
Valid MSE Loss     : 0.00003779	 | 	Valid MAPE Loss     : 0.48672768
lr                 : [3.0000000000000004e-07]


Epoch : 99
Train MSE Loss     : 1.00020123	 | 	Train MAPE Loss     : 1.18023646
Valid MSE Loss     : 0.00007271	 | 	Valid MAPE Loss     : 0.75444758
lr                 : [3.0000000000000004e-07]


Epoch : 100
Train MSE Loss     : 1.00011992	 | 	Train MAPE Loss     : 0.93996662
Valid MSE Loss     : 0.00014186	 | 	Valid MAPE Loss     : 1.09991491
lr                 : [3.0000000000000004e-07]


Epoch : 101
Train MSE Loss     : 1.00011361	 | 	Train MAPE Loss     : 0.88922501
Valid MSE Loss     : 0.00005627	 | 	Valid MAPE Loss     : 0.62771624
lr                 : [3.0000000000000004e-07]


Epoch : 102
Train MSE Loss     : 1.00012434	 | 	Train MAPE Loss     : 0.94986397
Valid MSE Loss     : 0.00005018	 | 	Valid MAPE Loss     : 0.59108204
lr                 : [3.0000000000000004e-07]


Epoch : 103
Train MSE Loss     : 1.00010240	 | 	Train MAPE Loss     : 0.86659515
Valid MSE Loss     : 0.00008967	 | 	Valid MAPE Loss     : 0.85351932
lr                 : [3.0000000000000004e-08]


Epoch : 104
Train MSE Loss     : 1.00013483	 | 	Train MAPE Loss     : 0.98109806
Valid MSE Loss     : 0.00006440	 | 	Valid MAPE Loss     : 0.69931853
lr                 : [3.0000000000000004e-08]


Epoch : 105
Train MSE Loss     : 1.00013876	 | 	Train MAPE Loss     : 1.00225806
Valid MSE Loss     : 0.00004427	 | 	Valid MAPE Loss     : 0.55070257
lr                 : [3.0000000000000004e-08]


Epoch : 106
Train MSE Loss     : 1.00015914	 | 	Train MAPE Loss     : 1.03631020
Valid MSE Loss     : 0.00005735	 | 	Valid MAPE Loss     : 0.65148020
lr                 : [3.0000000000000004e-08]


Epoch : 107
Train MSE Loss     : 1.00013995	 | 	Train MAPE Loss     : 1.05311048
Valid MSE Loss     : 0.00007786	 | 	Valid MAPE Loss     : 0.78309840
lr                 : [3.0000000000000004e-08]


Epoch : 108
Train MSE Loss     : 1.00013971	 | 	Train MAPE Loss     : 0.98068261
Valid MSE Loss     : 0.00004312	 | 	Valid MAPE Loss     : 0.52390277
lr                 : [3.0000000000000004e-08]


Epoch : 109
Train MSE Loss     : 1.00016594	 | 	Train MAPE Loss     : 0.97136676
Valid MSE Loss     : 0.00003839	 | 	Valid MAPE Loss     : 0.47219834
lr                 : [3.0000000000000004e-08]


Epoch : 110
Train MSE Loss     : 1.00012922	 | 	Train MAPE Loss     : 0.99704200
Valid MSE Loss     : 0.00003754	 | 	Valid MAPE Loss     : 0.47489041
lr                 : [3.0000000000000004e-08]


Epoch : 111
Train MSE Loss     : 1.00009179	 | 	Train MAPE Loss     : 0.80524808
Valid MSE Loss     : 0.00003788	 | 	Valid MAPE Loss     : 0.47568363
lr                 : [3.0000000000000004e-08]


Epoch : 112
Train MSE Loss     : 1.00013113	 | 	Train MAPE Loss     : 0.96002930
Valid MSE Loss     : 0.00003805	 | 	Valid MAPE Loss     : 0.51082760
lr                 : [3.0000000000000004e-08]


Epoch : 113
Train MSE Loss     : 1.00016868	 | 	Train MAPE Loss     : 1.03346956
Valid MSE Loss     : 0.00004322	 | 	Valid MAPE Loss     : 0.53367758
lr                 : [3.0000000000000004e-08]


Epoch : 114
Train MSE Loss     : 1.00015771	 | 	Train MAPE Loss     : 1.09401703
Valid MSE Loss     : 0.00004928	 | 	Valid MAPE Loss     : 0.55326909
lr                 : [3.0000000000000004e-08]


Epoch : 115
Train MSE Loss     : 1.00011587	 | 	Train MAPE Loss     : 0.91504693
Valid MSE Loss     : 0.00006198	 | 	Valid MAPE Loss     : 0.66847670
lr                 : [3.0000000000000004e-08]


Epoch : 116
Train MSE Loss     : 1.00011969	 | 	Train MAPE Loss     : 0.90737110
Valid MSE Loss     : 0.00010269	 | 	Valid MAPE Loss     : 0.91777128
lr                 : [3.0000000000000004e-08]


Epoch : 117
Train MSE Loss     : 1.00012159	 | 	Train MAPE Loss     : 0.95655495
Valid MSE Loss     : 0.00004009	 | 	Valid MAPE Loss     : 0.50939637
lr                 : [3.0000000000000004e-08]


Epoch : 118
Train MSE Loss     : 1.00014424	 | 	Train MAPE Loss     : 1.03068292
Valid MSE Loss     : 0.00003542	 | 	Valid MAPE Loss     : 0.46186048
lr                 : [3.0000000000000004e-08]


Epoch : 119
Train MSE Loss     : 1.00023150	 | 	Train MAPE Loss     : 1.23838079
Valid MSE Loss     : 0.00003727	 | 	Valid MAPE Loss     : 0.47584784
lr                 : [3.0000000000000004e-08]


Epoch : 120
Train MSE Loss     : 1.00010896	 | 	Train MAPE Loss     : 0.88345379
Valid MSE Loss     : 0.00003709	 | 	Valid MAPE Loss     : 0.48791611
lr                 : [3.0000000000000004e-08]


Epoch : 121
Train MSE Loss     : 1.00009775	 | 	Train MAPE Loss     : 0.82233799
Valid MSE Loss     : 0.00004875	 | 	Valid MAPE Loss     : 0.58360988
lr                 : [3.0000000000000004e-08]


Epoch : 122
Train MSE Loss     : 1.00013900	 | 	Train MAPE Loss     : 1.01257110
Valid MSE Loss     : 0.00005157	 | 	Valid MAPE Loss     : 0.61225140
lr                 : [3.0000000000000004e-08]


Epoch : 123
Train MSE Loss     : 1.00011265	 | 	Train MAPE Loss     : 0.92513680
Valid MSE Loss     : 0.00005504	 | 	Valid MAPE Loss     : 0.59084648
lr                 : [3.0000000000000004e-08]


Epoch : 124
Train MSE Loss     : 1.00014818	 | 	Train MAPE Loss     : 1.02879775
Valid MSE Loss     : 0.00005290	 | 	Valid MAPE Loss     : 0.61459363
lr                 : [3.0000000000000004e-08]


Epoch : 125
Train MSE Loss     : 1.00010026	 | 	Train MAPE Loss     : 0.82074898
Valid MSE Loss     : 0.00007375	 | 	Valid MAPE Loss     : 0.69607210
lr                 : [3.0000000000000004e-08]


Epoch : 126
Train MSE Loss     : 1.00014007	 | 	Train MAPE Loss     : 1.02130926
Valid MSE Loss     : 0.00006025	 | 	Valid MAPE Loss     : 0.65625894
lr                 : [3.0000000000000004e-08]


Epoch : 127
Train MSE Loss     : 1.00018489	 | 	Train MAPE Loss     : 1.13733113
Valid MSE Loss     : 0.00006124	 | 	Valid MAPE Loss     : 0.66928095
lr                 : [3.0000000000000004e-08]


Epoch : 128
Train MSE Loss     : 1.00012887	 | 	Train MAPE Loss     : 0.96227849
Valid MSE Loss     : 0.00005138	 | 	Valid MAPE Loss     : 0.56275249
lr                 : [3.0000000000000004e-08]


Epoch : 129
Train MSE Loss     : 1.00021505	 | 	Train MAPE Loss     : 1.27768350
Valid MSE Loss     : 0.00004156	 | 	Valid MAPE Loss     : 0.53359175
lr                 : [3.0000000000000004e-09]


Epoch : 130
Train MSE Loss     : 1.00012195	 | 	Train MAPE Loss     : 0.96327919
Valid MSE Loss     : 0.00003963	 | 	Valid MAPE Loss     : 0.50842321
lr                 : [3.0000000000000004e-09]


Epoch : 131
Train MSE Loss     : 1.00018680	 | 	Train MAPE Loss     : 1.12450874
Valid MSE Loss     : 0.00005282	 | 	Valid MAPE Loss     : 0.61975694
lr                 : [3.0000000000000004e-09]


Epoch : 132
Train MSE Loss     : 1.00009084	 | 	Train MAPE Loss     : 0.80402130
Valid MSE Loss     : 0.00005461	 | 	Valid MAPE Loss     : 0.63435382
lr                 : [3.0000000000000004e-09]


Epoch : 133
Train MSE Loss     : 1.00014269	 | 	Train MAPE Loss     : 1.00904882
Valid MSE Loss     : 0.00003912	 | 	Valid MAPE Loss     : 0.49615443
lr                 : [3.0000000000000004e-09]


Epoch : 134
Train MSE Loss     : 1.00029588	 | 	Train MAPE Loss     : 1.40570486
Valid MSE Loss     : 0.00006824	 | 	Valid MAPE Loss     : 0.64975166
lr                 : [3.0000000000000004e-09]


Epoch : 135
Train MSE Loss     : 1.00009549	 | 	Train MAPE Loss     : 0.82099640
Valid MSE Loss     : 0.00004259	 | 	Valid MAPE Loss     : 0.55009907
lr                 : [3.0000000000000004e-09]


Epoch : 136
Train MSE Loss     : 1.00015914	 | 	Train MAPE Loss     : 1.00868285
Valid MSE Loss     : 0.00006852	 | 	Valid MAPE Loss     : 0.69838035
lr                 : [3.0000000000000004e-09]


Epoch : 137
Train MSE Loss     : 1.00009084	 | 	Train MAPE Loss     : 0.80870557
Valid MSE Loss     : 0.00006609	 | 	Valid MAPE Loss     : 0.70818067
lr                 : [3.0000000000000004e-09]


Epoch : 138
Train MSE Loss     : 1.00016868	 | 	Train MAPE Loss     : 1.05349386
Valid MSE Loss     : 0.00004340	 | 	Valid MAPE Loss     : 0.55387986
lr                 : [3.0000000000000004e-09]


Epoch : 139
Train MSE Loss     : 1.00008118	 | 	Train MAPE Loss     : 0.75417680
Valid MSE Loss     : 0.00005605	 | 	Valid MAPE Loss     : 0.64110065
lr                 : [3.0000000000000004e-09]


Epoch : 140
Train MSE Loss     : 1.00013006	 | 	Train MAPE Loss     : 0.97325218
Valid MSE Loss     : 0.00004952	 | 	Valid MAPE Loss     : 0.55003470
lr                 : [3.0000000000000004e-09]


Epoch : 141
Train MSE Loss     : 1.00012457	 | 	Train MAPE Loss     : 0.94251442
Valid MSE Loss     : 0.00005714	 | 	Valid MAPE Loss     : 0.65013027
lr                 : [3.0000000000000004e-09]


Epoch : 142
Train MSE Loss     : 1.00015247	 | 	Train MAPE Loss     : 1.05408001
Valid MSE Loss     : 0.00007057	 | 	Valid MAPE Loss     : 0.73379666
lr                 : [3.0000000000000004e-09]


Epoch : 143
Train MSE Loss     : 1.00017381	 | 	Train MAPE Loss     : 1.11092055
Valid MSE Loss     : 0.00008867	 | 	Valid MAPE Loss     : 0.84887838
lr                 : [3.0000000000000004e-09]


Epoch : 144
Train MSE Loss     : 1.00012946	 | 	Train MAPE Loss     : 0.94330311
Valid MSE Loss     : 0.00006092	 | 	Valid MAPE Loss     : 0.67591047
lr                 : [3.0000000000000004e-09]


Epoch : 145
Train MSE Loss     : 1.00011861	 | 	Train MAPE Loss     : 0.87830400
Valid MSE Loss     : 0.00003897	 | 	Valid MAPE Loss     : 0.51259577
lr                 : [3.0000000000000004e-09]


Epoch : 146
Train MSE Loss     : 1.00013745	 | 	Train MAPE Loss     : 1.03254306
Valid MSE Loss     : 0.00004967	 | 	Valid MAPE Loss     : 0.54910105
lr                 : [3.0000000000000004e-09]


Epoch : 147
Train MSE Loss     : 1.00016451	 | 	Train MAPE Loss     : 1.09047687
Valid MSE Loss     : 0.00009307	 | 	Valid MAPE Loss     : 0.87176812
lr                 : [3.0000000000000004e-09]


Epoch : 148
Train MSE Loss     : 1.00015736	 | 	Train MAPE Loss     : 1.06014335
Valid MSE Loss     : 0.00005316	 | 	Valid MAPE Loss     : 0.60387778
lr                 : [3.0000000000000004e-09]


Epoch : 149
Train MSE Loss     : 1.00011158	 | 	Train MAPE Loss     : 0.81116140
Valid MSE Loss     : 0.00003575	 | 	Valid MAPE Loss     : 0.47335121
lr                 : [3.0000000000000004e-09]


Epoch : 150
Train MSE Loss     : 1.00011003	 | 	Train MAPE Loss     : 0.89274764
Valid MSE Loss     : 0.00004422	 | 	Valid MAPE Loss     : 0.55241162
lr                 : [3.0000000000000004e-09]


Evaluate on the Test set:
Test MAPE loss      :0.81536639	 | Test MSE loss      : 0.00053227

################## Training is Done! #########################
