=============================================
Dataset: cell_XJTU_batch2_prepocess_data
Mode:    supervised_with_contrast
=============================================
Training started ....

Epoch : 1
Train MSE Loss     : 1.38772750	 | 	Train MAPE Loss     : 64.37627411
Valid MSE Loss     : 0.61406380	 | 	Valid MAPE Loss     : 85.37705231
lr                 : [0.0003]


Epoch : 2
Train MSE Loss     : 1.39338744	 | 	Train MAPE Loss     : 68.15254211
Valid MSE Loss     : 0.18662705	 | 	Valid MAPE Loss     : 46.74621582
lr                 : [0.0003]


Epoch : 3
Train MSE Loss     : 1.03545153	 | 	Train MAPE Loss     : 16.96690559
Valid MSE Loss     : 0.00103377	 | 	Valid MAPE Loss     : 2.84297395
lr                 : [0.0003]


Epoch : 4
Train MSE Loss     : 1.02166402	 | 	Train MAPE Loss     : 13.99719429
Valid MSE Loss     : 0.00269459	 | 	Valid MAPE Loss     : 5.17165232
lr                 : [0.0003]


Epoch : 5
Train MSE Loss     : 1.00672698	 | 	Train MAPE Loss     : 7.50987244
Valid MSE Loss     : 0.04264938	 | 	Valid MAPE Loss     : 22.38406754
lr                 : [0.0003]


Epoch : 6
Train MSE Loss     : 1.03428411	 | 	Train MAPE Loss     : 18.74956322
Valid MSE Loss     : 0.04297300	 | 	Valid MAPE Loss     : 22.67242050
lr                 : [0.0003]


Epoch : 7
Train MSE Loss     : 1.01661706	 | 	Train MAPE Loss     : 12.98209190
Valid MSE Loss     : 0.00075302	 | 	Valid MAPE Loss     : 2.44753194
lr                 : [0.0003]


Epoch : 8
Train MSE Loss     : 1.00917852	 | 	Train MAPE Loss     : 9.20229053
Valid MSE Loss     : 0.00476016	 | 	Valid MAPE Loss     : 7.21862030
lr                 : [0.0003]


Epoch : 9
Train MSE Loss     : 1.01758969	 | 	Train MAPE Loss     : 13.35666180
Valid MSE Loss     : 0.00404170	 | 	Valid MAPE Loss     : 6.61987257
lr                 : [0.0003]


Epoch : 10
Train MSE Loss     : 1.02170146	 | 	Train MAPE Loss     : 14.50858307
Valid MSE Loss     : 0.00053143	 | 	Valid MAPE Loss     : 2.18933988
lr                 : [0.0003]


Epoch : 11
Train MSE Loss     : 1.04617286	 | 	Train MAPE Loss     : 22.74424553
Valid MSE Loss     : 0.00728013	 | 	Valid MAPE Loss     : 8.91746044
lr                 : [0.0003]


Epoch : 12
Train MSE Loss     : 1.00521135	 | 	Train MAPE Loss     : 6.72375584
Valid MSE Loss     : 0.00194857	 | 	Valid MAPE Loss     : 4.30521345
lr                 : [0.0003]


Epoch : 13
Train MSE Loss     : 1.00072420	 | 	Train MAPE Loss     : 2.50068378
Valid MSE Loss     : 0.00012852	 | 	Valid MAPE Loss     : 1.02342439
lr                 : [0.0003]


Epoch : 14
Train MSE Loss     : 1.00176120	 | 	Train MAPE Loss     : 3.88650322
Valid MSE Loss     : 0.00026648	 | 	Valid MAPE Loss     : 1.31980991
lr                 : [0.0003]


Epoch : 15
Train MSE Loss     : 1.00495231	 | 	Train MAPE Loss     : 6.46839952
Valid MSE Loss     : 0.00598952	 | 	Valid MAPE Loss     : 8.40609264
lr                 : [0.0003]


Epoch : 16
Train MSE Loss     : 1.01011157	 | 	Train MAPE Loss     : 9.65562916
Valid MSE Loss     : 0.00011655	 | 	Valid MAPE Loss     : 0.89227504
lr                 : [0.0003]


Epoch : 17
Train MSE Loss     : 1.00301480	 | 	Train MAPE Loss     : 5.44813824
Valid MSE Loss     : 0.00116081	 | 	Valid MAPE Loss     : 3.53179741
lr                 : [0.0003]


Epoch : 18
Train MSE Loss     : 1.04134762	 | 	Train MAPE Loss     : 18.35129547
Valid MSE Loss     : 0.15540013	 | 	Valid MAPE Loss     : 42.85489655
lr                 : [0.0003]


Epoch : 19
Train MSE Loss     : 1.09458268	 | 	Train MAPE Loss     : 33.20275116
Valid MSE Loss     : 0.06197923	 | 	Valid MAPE Loss     : 26.79303169
lr                 : [0.0003]


Epoch : 20
Train MSE Loss     : 1.00860310	 | 	Train MAPE Loss     : 8.15174675
Valid MSE Loss     : 0.00526622	 | 	Valid MAPE Loss     : 7.91481113
lr                 : [0.0003]


Epoch : 21
Train MSE Loss     : 1.00245619	 | 	Train MAPE Loss     : 4.63282871
Valid MSE Loss     : 0.00094174	 | 	Valid MAPE Loss     : 2.97601676
lr                 : [0.0003]


Epoch : 22
Train MSE Loss     : 1.00192690	 | 	Train MAPE Loss     : 4.43388462
Valid MSE Loss     : 0.00024928	 | 	Valid MAPE Loss     : 1.46395290
lr                 : [0.0003]


Epoch : 23
Train MSE Loss     : 1.00457716	 | 	Train MAPE Loss     : 5.47527695
Valid MSE Loss     : 0.00560205	 | 	Valid MAPE Loss     : 8.03098869
lr                 : [0.0003]


Epoch : 24
Train MSE Loss     : 1.01039886	 | 	Train MAPE Loss     : 9.58397102
Valid MSE Loss     : 0.00025834	 | 	Valid MAPE Loss     : 1.09459150
lr                 : [0.0003]


Epoch : 25
Train MSE Loss     : 1.00180471	 | 	Train MAPE Loss     : 3.73245859
Valid MSE Loss     : 0.00513399	 | 	Valid MAPE Loss     : 7.69398022
lr                 : [0.0003]


Epoch : 26
Train MSE Loss     : 1.01053131	 | 	Train MAPE Loss     : 10.44475937
Valid MSE Loss     : 0.00659176	 | 	Valid MAPE Loss     : 8.72028828
lr                 : [0.0003]


Epoch : 27
Train MSE Loss     : 1.00234616	 | 	Train MAPE Loss     : 4.59684849
Valid MSE Loss     : 0.00339035	 | 	Valid MAPE Loss     : 5.83523273
lr                 : [2.9999999999999997e-05]


Epoch : 28
Train MSE Loss     : 1.00039458	 | 	Train MAPE Loss     : 1.78355908
Valid MSE Loss     : 0.00048718	 | 	Valid MAPE Loss     : 2.12260962
lr                 : [2.9999999999999997e-05]


Epoch : 29
Train MSE Loss     : 1.00007606	 | 	Train MAPE Loss     : 0.76535124
Valid MSE Loss     : 0.00008619	 | 	Valid MAPE Loss     : 0.61859399
lr                 : [2.9999999999999997e-05]


Epoch : 30
Train MSE Loss     : 1.00019825	 | 	Train MAPE Loss     : 1.27390814
Valid MSE Loss     : 0.00132091	 | 	Valid MAPE Loss     : 3.83015108
lr                 : [2.9999999999999997e-05]


Epoch : 31
Train MSE Loss     : 1.00052810	 | 	Train MAPE Loss     : 2.28631854
Valid MSE Loss     : 0.00086410	 | 	Valid MAPE Loss     : 3.13265586
lr                 : [2.9999999999999997e-05]


Epoch : 32
Train MSE Loss     : 1.00008357	 | 	Train MAPE Loss     : 0.75825232
Valid MSE Loss     : 0.00007922	 | 	Valid MAPE Loss     : 0.47028780
lr                 : [2.9999999999999997e-05]


Epoch : 33
Train MSE Loss     : 1.00020421	 | 	Train MAPE Loss     : 1.34199643
Valid MSE Loss     : 0.00083991	 | 	Valid MAPE Loss     : 3.01986241
lr                 : [2.9999999999999997e-05]


Epoch : 34
Train MSE Loss     : 1.00008333	 | 	Train MAPE Loss     : 0.75558615
Valid MSE Loss     : 0.00009826	 | 	Valid MAPE Loss     : 0.70591396
lr                 : [2.9999999999999997e-05]


Epoch : 35
Train MSE Loss     : 1.00006592	 | 	Train MAPE Loss     : 0.69009054
Valid MSE Loss     : 0.00022306	 | 	Valid MAPE Loss     : 1.59733641
lr                 : [2.9999999999999997e-05]


Epoch : 36
Train MSE Loss     : 1.00010705	 | 	Train MAPE Loss     : 0.82644379
Valid MSE Loss     : 0.00014772	 | 	Valid MAPE Loss     : 1.05532193
lr                 : [2.9999999999999997e-05]


Epoch : 37
Train MSE Loss     : 1.00007427	 | 	Train MAPE Loss     : 0.77418464
Valid MSE Loss     : 0.00034128	 | 	Valid MAPE Loss     : 1.93310547
lr                 : [2.9999999999999997e-05]


Epoch : 38
Train MSE Loss     : 1.00005901	 | 	Train MAPE Loss     : 0.69648612
Valid MSE Loss     : 0.00012815	 | 	Valid MAPE Loss     : 0.84511048
lr                 : [2.9999999999999997e-05]


Epoch : 39
Train MSE Loss     : 1.00014794	 | 	Train MAPE Loss     : 1.15261781
Valid MSE Loss     : 0.00025450	 | 	Valid MAPE Loss     : 1.69895256
lr                 : [2.9999999999999997e-05]


Epoch : 40
Train MSE Loss     : 1.00009012	 | 	Train MAPE Loss     : 0.82650471
Valid MSE Loss     : 0.00018462	 | 	Valid MAPE Loss     : 1.43722725
lr                 : [2.9999999999999997e-05]


Epoch : 41
Train MSE Loss     : 1.00010753	 | 	Train MAPE Loss     : 0.98573142
Valid MSE Loss     : 0.00008372	 | 	Valid MAPE Loss     : 0.54197824
lr                 : [2.9999999999999997e-05]


Epoch : 42
Train MSE Loss     : 1.00004172	 | 	Train MAPE Loss     : 0.59313047
Valid MSE Loss     : 0.00017672	 | 	Valid MAPE Loss     : 1.20052552
lr                 : [2.9999999999999997e-05]


Epoch : 43
Train MSE Loss     : 1.00002241	 | 	Train MAPE Loss     : 0.40345609
Valid MSE Loss     : 0.00010476	 | 	Valid MAPE Loss     : 0.76944286
lr                 : [3e-06]


Epoch : 44
Train MSE Loss     : 1.00001955	 | 	Train MAPE Loss     : 0.38649827
Valid MSE Loss     : 0.00006392	 | 	Valid MAPE Loss     : 0.35505915
lr                 : [3e-06]


Epoch : 45
Train MSE Loss     : 1.00001216	 | 	Train MAPE Loss     : 0.29443997
Valid MSE Loss     : 0.00006366	 | 	Valid MAPE Loss     : 0.36211324
lr                 : [3e-06]


Epoch : 46
Train MSE Loss     : 1.00001848	 | 	Train MAPE Loss     : 0.36710143
Valid MSE Loss     : 0.00006702	 | 	Valid MAPE Loss     : 0.37983990
lr                 : [3e-06]


Epoch : 47
Train MSE Loss     : 1.00001526	 | 	Train MAPE Loss     : 0.32854596
Valid MSE Loss     : 0.00006590	 | 	Valid MAPE Loss     : 0.37852827
lr                 : [3e-06]


Epoch : 48
Train MSE Loss     : 1.00002718	 | 	Train MAPE Loss     : 0.45860076
Valid MSE Loss     : 0.00009806	 | 	Valid MAPE Loss     : 0.69679511
lr                 : [3e-06]


Epoch : 49
Train MSE Loss     : 1.00002277	 | 	Train MAPE Loss     : 0.42692244
Valid MSE Loss     : 0.00005962	 | 	Valid MAPE Loss     : 0.51123893
lr                 : [3e-06]


Epoch : 50
Train MSE Loss     : 1.00003183	 | 	Train MAPE Loss     : 0.50525051
Valid MSE Loss     : 0.00007972	 | 	Valid MAPE Loss     : 0.50993413
lr                 : [3e-06]


Epoch : 51
Train MSE Loss     : 1.00001383	 | 	Train MAPE Loss     : 0.31658357
Valid MSE Loss     : 0.00006295	 | 	Valid MAPE Loss     : 0.35593173
lr                 : [3e-06]


Epoch : 52
Train MSE Loss     : 1.00001061	 | 	Train MAPE Loss     : 0.27398321
Valid MSE Loss     : 0.00006463	 | 	Valid MAPE Loss     : 0.36407277
lr                 : [3e-06]


Epoch : 53
Train MSE Loss     : 1.00002646	 | 	Train MAPE Loss     : 0.44926047
Valid MSE Loss     : 0.00006554	 | 	Valid MAPE Loss     : 0.36800697
lr                 : [3e-06]


Epoch : 54
Train MSE Loss     : 1.00001574	 | 	Train MAPE Loss     : 0.33518681
Valid MSE Loss     : 0.00006186	 | 	Valid MAPE Loss     : 0.35950592
lr                 : [3e-06]


Epoch : 55
Train MSE Loss     : 1.00001073	 | 	Train MAPE Loss     : 0.29020873
Valid MSE Loss     : 0.00007093	 | 	Valid MAPE Loss     : 0.40576527
lr                 : [3.0000000000000004e-07]


Epoch : 56
Train MSE Loss     : 1.00002170	 | 	Train MAPE Loss     : 0.40045035
Valid MSE Loss     : 0.00006214	 | 	Valid MAPE Loss     : 0.36763006
lr                 : [3.0000000000000004e-07]


Epoch : 57
Train MSE Loss     : 1.00002444	 | 	Train MAPE Loss     : 0.42937976
Valid MSE Loss     : 0.00006352	 | 	Valid MAPE Loss     : 0.39898875
lr                 : [3.0000000000000004e-07]


Epoch : 58
Train MSE Loss     : 1.00001276	 | 	Train MAPE Loss     : 0.31408435
Valid MSE Loss     : 0.00006158	 | 	Valid MAPE Loss     : 0.35583273
lr                 : [3.0000000000000004e-07]


Epoch : 59
Train MSE Loss     : 1.00002170	 | 	Train MAPE Loss     : 0.42454895
Valid MSE Loss     : 0.00008682	 | 	Valid MAPE Loss     : 0.55637926
lr                 : [3.0000000000000004e-07]


Epoch : 60
Train MSE Loss     : 1.00001049	 | 	Train MAPE Loss     : 0.26897532
Valid MSE Loss     : 0.00005975	 | 	Valid MAPE Loss     : 0.37109271
lr                 : [3.0000000000000004e-07]


Epoch : 61
Train MSE Loss     : 1.00001144	 | 	Train MAPE Loss     : 0.28823212
Valid MSE Loss     : 0.00006437	 | 	Valid MAPE Loss     : 0.36422279
lr                 : [3.0000000000000004e-07]


Epoch : 62
Train MSE Loss     : 1.00002086	 | 	Train MAPE Loss     : 0.36642319
Valid MSE Loss     : 0.00008642	 | 	Valid MAPE Loss     : 0.57261807
lr                 : [3.0000000000000004e-07]


Epoch : 63
Train MSE Loss     : 1.00001395	 | 	Train MAPE Loss     : 0.32271418
Valid MSE Loss     : 0.00006662	 | 	Valid MAPE Loss     : 0.37229806
lr                 : [3.0000000000000004e-07]


Epoch : 64
Train MSE Loss     : 1.00001597	 | 	Train MAPE Loss     : 0.35489166
Valid MSE Loss     : 0.00007755	 | 	Valid MAPE Loss     : 0.44619918
lr                 : [3.0000000000000004e-07]


Epoch : 65
Train MSE Loss     : 1.00001967	 | 	Train MAPE Loss     : 0.40380555
Valid MSE Loss     : 0.00007062	 | 	Valid MAPE Loss     : 0.43202808
lr                 : [3.0000000000000004e-07]


Epoch : 66
Train MSE Loss     : 1.00002062	 | 	Train MAPE Loss     : 0.40974656
Valid MSE Loss     : 0.00006368	 | 	Valid MAPE Loss     : 0.36677057
lr                 : [3.0000000000000004e-08]


Epoch : 67
Train MSE Loss     : 1.00001669	 | 	Train MAPE Loss     : 0.36508742
Valid MSE Loss     : 0.00008084	 | 	Valid MAPE Loss     : 0.48329678
lr                 : [3.0000000000000004e-08]


Epoch : 68
Train MSE Loss     : 1.00001764	 | 	Train MAPE Loss     : 0.35216600
Valid MSE Loss     : 0.00006830	 | 	Valid MAPE Loss     : 0.39808616
lr                 : [3.0000000000000004e-08]


Epoch : 69
Train MSE Loss     : 1.00001502	 | 	Train MAPE Loss     : 0.35199034
Valid MSE Loss     : 0.00006404	 | 	Valid MAPE Loss     : 0.37491387
lr                 : [3.0000000000000004e-08]


Epoch : 70
Train MSE Loss     : 1.00001621	 | 	Train MAPE Loss     : 0.36644813
Valid MSE Loss     : 0.00007020	 | 	Valid MAPE Loss     : 0.39011782
lr                 : [3.0000000000000004e-08]


Epoch : 71
Train MSE Loss     : 1.00002742	 | 	Train MAPE Loss     : 0.45764905
Valid MSE Loss     : 0.00006021	 | 	Valid MAPE Loss     : 0.39783415
lr                 : [3.0000000000000004e-08]


Epoch : 72
Train MSE Loss     : 1.00001657	 | 	Train MAPE Loss     : 0.34973204
Valid MSE Loss     : 0.00006592	 | 	Valid MAPE Loss     : 0.36767608
lr                 : [3.0000000000000004e-08]


Epoch : 73
Train MSE Loss     : 1.00001919	 | 	Train MAPE Loss     : 0.36118698
Valid MSE Loss     : 0.00006043	 | 	Valid MAPE Loss     : 0.43889886
lr                 : [3.0000000000000004e-08]


Epoch : 74
Train MSE Loss     : 1.00002229	 | 	Train MAPE Loss     : 0.40583879
Valid MSE Loss     : 0.00006220	 | 	Valid MAPE Loss     : 0.36366481
lr                 : [3.0000000000000004e-08]


Epoch : 75
Train MSE Loss     : 1.00000978	 | 	Train MAPE Loss     : 0.25603068
Valid MSE Loss     : 0.00006954	 | 	Valid MAPE Loss     : 0.40795666
lr                 : [3.0000000000000004e-08]


Epoch : 76
Train MSE Loss     : 1.00001729	 | 	Train MAPE Loss     : 0.35311881
Valid MSE Loss     : 0.00006353	 | 	Valid MAPE Loss     : 0.35973242
lr                 : [3.0000000000000004e-08]


Epoch : 77
Train MSE Loss     : 1.00001669	 | 	Train MAPE Loss     : 0.34858224
Valid MSE Loss     : 0.00006649	 | 	Valid MAPE Loss     : 0.37828070
lr                 : [3.0000000000000004e-09]


Epoch : 78
Train MSE Loss     : 1.00002873	 | 	Train MAPE Loss     : 0.46680641
Valid MSE Loss     : 0.00008665	 | 	Valid MAPE Loss     : 0.54449600
lr                 : [3.0000000000000004e-09]


Epoch : 79
Train MSE Loss     : 1.00002229	 | 	Train MAPE Loss     : 0.41349518
Valid MSE Loss     : 0.00007009	 | 	Valid MAPE Loss     : 0.38806513
lr                 : [3.0000000000000004e-09]


Epoch : 80
Train MSE Loss     : 1.00001621	 | 	Train MAPE Loss     : 0.33600318
Valid MSE Loss     : 0.00006493	 | 	Valid MAPE Loss     : 0.37810436
lr                 : [3.0000000000000004e-09]


Epoch : 81
Train MSE Loss     : 1.00001359	 | 	Train MAPE Loss     : 0.32079846
Valid MSE Loss     : 0.00006107	 | 	Valid MAPE Loss     : 0.38689852
lr                 : [3.0000000000000004e-09]


Epoch : 82
Train MSE Loss     : 1.00001407	 | 	Train MAPE Loss     : 0.34484205
Valid MSE Loss     : 0.00006350	 | 	Valid MAPE Loss     : 0.36140069
lr                 : [3.0000000000000004e-09]


Epoch : 83
Train MSE Loss     : 1.00002384	 | 	Train MAPE Loss     : 0.44175884
Valid MSE Loss     : 0.00007329	 | 	Valid MAPE Loss     : 0.43513185
lr                 : [3.0000000000000004e-09]


Epoch : 84
Train MSE Loss     : 1.00001585	 | 	Train MAPE Loss     : 0.33401018
Valid MSE Loss     : 0.00006209	 | 	Valid MAPE Loss     : 0.37303641
lr                 : [3.0000000000000004e-09]


Epoch : 85
Train MSE Loss     : 1.00001085	 | 	Train MAPE Loss     : 0.27168348
Valid MSE Loss     : 0.00007022	 | 	Valid MAPE Loss     : 0.38544533
lr                 : [3.0000000000000004e-09]


Epoch : 86
Train MSE Loss     : 1.00001442	 | 	Train MAPE Loss     : 0.32831481
Valid MSE Loss     : 0.00007198	 | 	Valid MAPE Loss     : 0.39499474
lr                 : [3.0000000000000004e-09]


Epoch : 87
Train MSE Loss     : 1.00002003	 | 	Train MAPE Loss     : 0.39944381
Valid MSE Loss     : 0.00006215	 | 	Valid MAPE Loss     : 0.36662558
lr                 : [3.0000000000000004e-09]


Epoch : 88
Train MSE Loss     : 1.00001681	 | 	Train MAPE Loss     : 0.35911399
Valid MSE Loss     : 0.00006770	 | 	Valid MAPE Loss     : 0.37852687
lr                 : [3.0000000000000004e-09]


Epoch : 89
Train MSE Loss     : 1.00001907	 | 	Train MAPE Loss     : 0.40313286
Valid MSE Loss     : 0.00006323	 | 	Valid MAPE Loss     : 0.44165555
lr                 : [3.0000000000000004e-09]


Epoch : 90
Train MSE Loss     : 1.00001049	 | 	Train MAPE Loss     : 0.27197376
Valid MSE Loss     : 0.00006453	 | 	Valid MAPE Loss     : 0.36907122
lr                 : [3.0000000000000004e-09]


Epoch : 91
Train MSE Loss     : 1.00001800	 | 	Train MAPE Loss     : 0.35733682
Valid MSE Loss     : 0.00006497	 | 	Valid MAPE Loss     : 0.36998430
lr                 : [3.0000000000000004e-09]


Epoch : 92
Train MSE Loss     : 1.00000978	 | 	Train MAPE Loss     : 0.25705352
Valid MSE Loss     : 0.00006242	 | 	Valid MAPE Loss     : 0.36284587
lr                 : [3.0000000000000004e-09]


Epoch : 93
Train MSE Loss     : 1.00001681	 | 	Train MAPE Loss     : 0.35259345
Valid MSE Loss     : 0.00006965	 | 	Valid MAPE Loss     : 0.39953610
lr                 : [3.0000000000000004e-09]


Epoch : 94
Train MSE Loss     : 1.00001657	 | 	Train MAPE Loss     : 0.34700602
Valid MSE Loss     : 0.00006520	 | 	Valid MAPE Loss     : 0.36879283
lr                 : [3.0000000000000004e-09]


Epoch : 95
Train MSE Loss     : 1.00001180	 | 	Train MAPE Loss     : 0.29522985
Valid MSE Loss     : 0.00006220	 | 	Valid MAPE Loss     : 0.36022562
lr                 : [3.0000000000000004e-09]


Epoch : 96
Train MSE Loss     : 1.00001824	 | 	Train MAPE Loss     : 0.37185815
Valid MSE Loss     : 0.00007911	 | 	Valid MAPE Loss     : 0.49437094
lr                 : [3.0000000000000004e-09]


Epoch : 97
Train MSE Loss     : 1.00001550	 | 	Train MAPE Loss     : 0.31469390
Valid MSE Loss     : 0.00006180	 | 	Valid MAPE Loss     : 0.37600374
lr                 : [3.0000000000000004e-09]


Epoch : 98
Train MSE Loss     : 1.00002074	 | 	Train MAPE Loss     : 0.39319956
Valid MSE Loss     : 0.00006436	 | 	Valid MAPE Loss     : 0.37893131
lr                 : [3.0000000000000004e-09]


Epoch : 99
Train MSE Loss     : 1.00001764	 | 	Train MAPE Loss     : 0.36967102
Valid MSE Loss     : 0.00006667	 | 	Valid MAPE Loss     : 0.37047938
lr                 : [3.0000000000000004e-09]


Epoch : 100
Train MSE Loss     : 1.00001049	 | 	Train MAPE Loss     : 0.26401728
Valid MSE Loss     : 0.00006702	 | 	Valid MAPE Loss     : 0.37408692
lr                 : [3.0000000000000004e-09]


Epoch : 101
Train MSE Loss     : 1.00001252	 | 	Train MAPE Loss     : 0.30779085
Valid MSE Loss     : 0.00006534	 | 	Valid MAPE Loss     : 0.36896965
lr                 : [3.0000000000000004e-09]


Epoch : 102
Train MSE Loss     : 1.00001538	 | 	Train MAPE Loss     : 0.33893204
Valid MSE Loss     : 0.00006150	 | 	Valid MAPE Loss     : 0.40441784
lr                 : [3.0000000000000004e-09]


Epoch : 103
Train MSE Loss     : 1.00001252	 | 	Train MAPE Loss     : 0.29989249
Valid MSE Loss     : 0.00006307	 | 	Valid MAPE Loss     : 0.39947897
lr                 : [3.0000000000000004e-09]


Epoch : 104
Train MSE Loss     : 1.00001717	 | 	Train MAPE Loss     : 0.36331013
Valid MSE Loss     : 0.00007270	 | 	Valid MAPE Loss     : 0.41492400
lr                 : [3.0000000000000004e-09]


Epoch : 105
Train MSE Loss     : 1.00001383	 | 	Train MAPE Loss     : 0.31462032
Valid MSE Loss     : 0.00007864	 | 	Valid MAPE Loss     : 0.47101066
lr                 : [3.0000000000000004e-09]


Epoch : 106
Train MSE Loss     : 1.00001121	 | 	Train MAPE Loss     : 0.27891022
Valid MSE Loss     : 0.00005936	 | 	Valid MAPE Loss     : 0.35066444
lr                 : [3.0000000000000004e-09]


Epoch : 107
Train MSE Loss     : 1.00001919	 | 	Train MAPE Loss     : 0.38903779
Valid MSE Loss     : 0.00005815	 | 	Valid MAPE Loss     : 0.44390202
lr                 : [3.0000000000000004e-09]


Epoch : 108
Train MSE Loss     : 1.00002229	 | 	Train MAPE Loss     : 0.44344598
Valid MSE Loss     : 0.00006351	 | 	Valid MAPE Loss     : 0.41362840
lr                 : [3.0000000000000004e-09]


Epoch : 109
Train MSE Loss     : 1.00001550	 | 	Train MAPE Loss     : 0.32600108
Valid MSE Loss     : 0.00007712	 | 	Valid MAPE Loss     : 0.44301987
lr                 : [3.0000000000000004e-09]


Epoch : 110
Train MSE Loss     : 1.00001609	 | 	Train MAPE Loss     : 0.33273813
Valid MSE Loss     : 0.00007097	 | 	Valid MAPE Loss     : 0.38664868
lr                 : [3.0000000000000004e-09]


Epoch : 111
Train MSE Loss     : 1.00002134	 | 	Train MAPE Loss     : 0.39870545
Valid MSE Loss     : 0.00006886	 | 	Valid MAPE Loss     : 0.38282999
lr                 : [3.0000000000000004e-09]


Epoch : 112
Train MSE Loss     : 1.00001740	 | 	Train MAPE Loss     : 0.34744984
Valid MSE Loss     : 0.00006809	 | 	Valid MAPE Loss     : 0.38041076
lr                 : [3.0000000000000004e-09]


Epoch : 113
Train MSE Loss     : 1.00001144	 | 	Train MAPE Loss     : 0.27465773
Valid MSE Loss     : 0.00006384	 | 	Valid MAPE Loss     : 0.36118692
lr                 : [3.0000000000000004e-09]


Epoch : 114
Train MSE Loss     : 1.00001097	 | 	Train MAPE Loss     : 0.28886771
Valid MSE Loss     : 0.00006615	 | 	Valid MAPE Loss     : 0.37597057
lr                 : [3.0000000000000004e-09]


Epoch : 115
Train MSE Loss     : 1.00001085	 | 	Train MAPE Loss     : 0.26847920
Valid MSE Loss     : 0.00007271	 | 	Valid MAPE Loss     : 0.39986277
lr                 : [3.0000000000000004e-09]


Epoch : 116
Train MSE Loss     : 1.00001431	 | 	Train MAPE Loss     : 0.29904798
Valid MSE Loss     : 0.00006116	 | 	Valid MAPE Loss     : 0.36211824
lr                 : [3.0000000000000004e-09]


Epoch : 117
Train MSE Loss     : 1.00001681	 | 	Train MAPE Loss     : 0.33222759
Valid MSE Loss     : 0.00006612	 | 	Valid MAPE Loss     : 0.36905026
lr                 : [3.0000000000000004e-09]


Epoch : 118
Train MSE Loss     : 1.00002038	 | 	Train MAPE Loss     : 0.37772292
Valid MSE Loss     : 0.00006627	 | 	Valid MAPE Loss     : 0.37765244
lr                 : [3.0000000000000004e-09]


Epoch : 119
Train MSE Loss     : 1.00001943	 | 	Train MAPE Loss     : 0.38499418
Valid MSE Loss     : 0.00006184	 | 	Valid MAPE Loss     : 0.38891938
lr                 : [3.0000000000000004e-09]


Epoch : 120
Train MSE Loss     : 1.00001347	 | 	Train MAPE Loss     : 0.30737516
Valid MSE Loss     : 0.00006766	 | 	Valid MAPE Loss     : 0.37453619
lr                 : [3.0000000000000004e-09]


Epoch : 121
Train MSE Loss     : 1.00001848	 | 	Train MAPE Loss     : 0.37814599
Valid MSE Loss     : 0.00006764	 | 	Valid MAPE Loss     : 0.38148093
lr                 : [3.0000000000000004e-09]


Epoch : 122
Train MSE Loss     : 1.00001597	 | 	Train MAPE Loss     : 0.34476018
Valid MSE Loss     : 0.00008195	 | 	Valid MAPE Loss     : 0.50609469
lr                 : [3.0000000000000004e-09]


Epoch : 123
Train MSE Loss     : 1.00001478	 | 	Train MAPE Loss     : 0.33313343
Valid MSE Loss     : 0.00006109	 | 	Valid MAPE Loss     : 0.38769442
lr                 : [3.0000000000000004e-09]


Epoch : 124
Train MSE Loss     : 1.00001740	 | 	Train MAPE Loss     : 0.37240699
Valid MSE Loss     : 0.00008430	 | 	Valid MAPE Loss     : 0.55263579
lr                 : [3.0000000000000004e-09]


Epoch : 125
Train MSE Loss     : 1.00001717	 | 	Train MAPE Loss     : 0.36545104
Valid MSE Loss     : 0.00006250	 | 	Valid MAPE Loss     : 0.37511501
lr                 : [3.0000000000000004e-09]


Epoch : 126
Train MSE Loss     : 1.00001287	 | 	Train MAPE Loss     : 0.31170881
Valid MSE Loss     : 0.00006687	 | 	Valid MAPE Loss     : 0.38497570
lr                 : [3.0000000000000004e-09]


Epoch : 127
Train MSE Loss     : 1.00001884	 | 	Train MAPE Loss     : 0.37605637
Valid MSE Loss     : 0.00006028	 | 	Valid MAPE Loss     : 0.36257896
lr                 : [3.0000000000000004e-09]


Epoch : 128
Train MSE Loss     : 1.00001848	 | 	Train MAPE Loss     : 0.36163735
Valid MSE Loss     : 0.00006677	 | 	Valid MAPE Loss     : 0.37324578
lr                 : [3.0000000000000004e-09]


Epoch : 129
Train MSE Loss     : 1.00002170	 | 	Train MAPE Loss     : 0.43706343
Valid MSE Loss     : 0.00006378	 | 	Valid MAPE Loss     : 0.36660400
lr                 : [3.0000000000000004e-09]


Epoch : 130
Train MSE Loss     : 1.00001383	 | 	Train MAPE Loss     : 0.32096848
Valid MSE Loss     : 0.00006103	 | 	Valid MAPE Loss     : 0.36555558
lr                 : [3.0000000000000004e-09]


Epoch : 131
Train MSE Loss     : 1.00001311	 | 	Train MAPE Loss     : 0.31299761
Valid MSE Loss     : 0.00005612	 | 	Valid MAPE Loss     : 0.38404161
lr                 : [3.0000000000000004e-09]


Epoch : 132
Train MSE Loss     : 1.00001121	 | 	Train MAPE Loss     : 0.28255880
Valid MSE Loss     : 0.00006404	 | 	Valid MAPE Loss     : 0.37873167
lr                 : [3.0000000000000004e-09]


Epoch : 133
Train MSE Loss     : 1.00000811	 | 	Train MAPE Loss     : 0.23258409
Valid MSE Loss     : 0.00006712	 | 	Valid MAPE Loss     : 0.37264135
lr                 : [3.0000000000000004e-09]


Epoch : 134
Train MSE Loss     : 1.00001359	 | 	Train MAPE Loss     : 0.33246309
Valid MSE Loss     : 0.00007091	 | 	Valid MAPE Loss     : 0.39476839
lr                 : [3.0000000000000004e-09]


Epoch : 135
Train MSE Loss     : 1.00001562	 | 	Train MAPE Loss     : 0.36402452
Valid MSE Loss     : 0.00006485	 | 	Valid MAPE Loss     : 0.36439738
lr                 : [3.0000000000000004e-09]


Epoch : 136
Train MSE Loss     : 1.00001442	 | 	Train MAPE Loss     : 0.34304178
Valid MSE Loss     : 0.00006462	 | 	Valid MAPE Loss     : 0.37096113
lr                 : [3.0000000000000004e-09]


Epoch : 137
Train MSE Loss     : 1.00001919	 | 	Train MAPE Loss     : 0.39057353
Valid MSE Loss     : 0.00008709	 | 	Valid MAPE Loss     : 0.56081605
lr                 : [3.0000000000000004e-09]


Epoch : 138
Train MSE Loss     : 1.00001943	 | 	Train MAPE Loss     : 0.36860007
Valid MSE Loss     : 0.00005900	 | 	Valid MAPE Loss     : 0.42307585
lr                 : [3.0000000000000004e-09]


Epoch : 139
Train MSE Loss     : 1.00001729	 | 	Train MAPE Loss     : 0.35916376
Valid MSE Loss     : 0.00007312	 | 	Valid MAPE Loss     : 0.45969558
lr                 : [3.0000000000000004e-09]


Epoch : 140
Train MSE Loss     : 1.00001395	 | 	Train MAPE Loss     : 0.31835583
Valid MSE Loss     : 0.00006996	 | 	Valid MAPE Loss     : 0.38360339
lr                 : [3.0000000000000004e-09]


Epoch : 141
Train MSE Loss     : 1.00001061	 | 	Train MAPE Loss     : 0.27793056
Valid MSE Loss     : 0.00006076	 | 	Valid MAPE Loss     : 0.35793322
lr                 : [3.0000000000000004e-09]


Epoch : 142
Train MSE Loss     : 1.00001025	 | 	Train MAPE Loss     : 0.26686162
Valid MSE Loss     : 0.00006222	 | 	Valid MAPE Loss     : 0.37641105
lr                 : [3.0000000000000004e-09]


Epoch : 143
Train MSE Loss     : 1.00002599	 | 	Train MAPE Loss     : 0.42305779
Valid MSE Loss     : 0.00007316	 | 	Valid MAPE Loss     : 0.43133125
lr                 : [3.0000000000000004e-09]


Epoch : 144
Train MSE Loss     : 1.00002098	 | 	Train MAPE Loss     : 0.40680844
Valid MSE Loss     : 0.00007294	 | 	Valid MAPE Loss     : 0.42784312
lr                 : [3.0000000000000004e-09]


Epoch : 145
Train MSE Loss     : 1.00001216	 | 	Train MAPE Loss     : 0.30284491
Valid MSE Loss     : 0.00007890	 | 	Valid MAPE Loss     : 0.45820469
lr                 : [3.0000000000000004e-09]


Epoch : 146
Train MSE Loss     : 1.00001264	 | 	Train MAPE Loss     : 0.30787587
Valid MSE Loss     : 0.00007195	 | 	Valid MAPE Loss     : 0.41818681
lr                 : [3.0000000000000004e-09]


Epoch : 147
Train MSE Loss     : 1.00001490	 | 	Train MAPE Loss     : 0.32619381
Valid MSE Loss     : 0.00007041	 | 	Valid MAPE Loss     : 0.38702473
lr                 : [3.0000000000000004e-09]


Epoch : 148
Train MSE Loss     : 1.00002146	 | 	Train MAPE Loss     : 0.40752003
Valid MSE Loss     : 0.00006089	 | 	Valid MAPE Loss     : 0.44728190
lr                 : [3.0000000000000004e-09]


Epoch : 149
Train MSE Loss     : 1.00001287	 | 	Train MAPE Loss     : 0.29942459
Valid MSE Loss     : 0.00006349	 | 	Valid MAPE Loss     : 0.36343241
lr                 : [3.0000000000000004e-09]


Epoch : 150
Train MSE Loss     : 1.00001478	 | 	Train MAPE Loss     : 0.32520610
Valid MSE Loss     : 0.00006333	 | 	Valid MAPE Loss     : 0.36190704
lr                 : [3.0000000000000004e-09]


Evaluate on the Test set:
Test MAPE loss      :0.15541892	 | Test MSE loss      : 0.00000338

################## Training is Done! #########################
