=============================================
Dataset: cell_XJTU_batch5_prepocess_data
Mode:    supervised_with_contrast
=============================================
Training started ....

Epoch : 1
Train MSE Loss     : 1.06000173	 | 	Train MAPE Loss     : 23.73787689
Valid MSE Loss     : 0.07092361	 | 	Valid MAPE Loss     : 27.77294540
lr                 : [0.0003]


Epoch : 2
Train MSE Loss     : 1.08464777	 | 	Train MAPE Loss     : 30.72349930
Valid MSE Loss     : 0.05191770	 | 	Valid MAPE Loss     : 23.69279861
lr                 : [0.0003]


Epoch : 3
Train MSE Loss     : 1.01281166	 | 	Train MAPE Loss     : 9.91721344
Valid MSE Loss     : 0.00117622	 | 	Valid MAPE Loss     : 3.21915412
lr                 : [0.0003]


Epoch : 4
Train MSE Loss     : 1.00046420	 | 	Train MAPE Loss     : 1.83206201
Valid MSE Loss     : 0.00027115	 | 	Valid MAPE Loss     : 1.45428884
lr                 : [0.0003]


Epoch : 5
Train MSE Loss     : 1.00042999	 | 	Train MAPE Loss     : 1.81224322
Valid MSE Loss     : 0.00127212	 | 	Valid MAPE Loss     : 3.47783113
lr                 : [0.0003]


Epoch : 6
Train MSE Loss     : 1.00063038	 | 	Train MAPE Loss     : 2.26006007
Valid MSE Loss     : 0.00024564	 | 	Valid MAPE Loss     : 1.29241478
lr                 : [0.0003]


Epoch : 7
Train MSE Loss     : 1.00138426	 | 	Train MAPE Loss     : 3.27141142
Valid MSE Loss     : 0.00381633	 | 	Valid MAPE Loss     : 6.32350731
lr                 : [0.0003]


Epoch : 8
Train MSE Loss     : 1.00478303	 | 	Train MAPE Loss     : 6.38731289
Valid MSE Loss     : 0.01192695	 | 	Valid MAPE Loss     : 11.39144039
lr                 : [0.0003]


Epoch : 9
Train MSE Loss     : 1.00747192	 | 	Train MAPE Loss     : 8.14046097
Valid MSE Loss     : 0.00149426	 | 	Valid MAPE Loss     : 3.78907180
lr                 : [0.0003]


Epoch : 10
Train MSE Loss     : 1.00343359	 | 	Train MAPE Loss     : 5.50785303
Valid MSE Loss     : 0.00546596	 | 	Valid MAPE Loss     : 7.60251904
lr                 : [0.0003]


Epoch : 11
Train MSE Loss     : 1.00176990	 | 	Train MAPE Loss     : 3.61901593
Valid MSE Loss     : 0.00120562	 | 	Valid MAPE Loss     : 3.40439153
lr                 : [0.0003]


Epoch : 12
Train MSE Loss     : 1.00078201	 | 	Train MAPE Loss     : 2.50051451
Valid MSE Loss     : 0.00027355	 | 	Valid MAPE Loss     : 1.40108013
lr                 : [0.0003]


Epoch : 13
Train MSE Loss     : 1.00031316	 | 	Train MAPE Loss     : 1.45602107
Valid MSE Loss     : 0.00020930	 | 	Valid MAPE Loss     : 1.30351877
lr                 : [0.0003]


Epoch : 14
Train MSE Loss     : 1.00031459	 | 	Train MAPE Loss     : 1.57651973
Valid MSE Loss     : 0.00014825	 | 	Valid MAPE Loss     : 1.05143487
lr                 : [0.0003]


Epoch : 15
Train MSE Loss     : 1.00033736	 | 	Train MAPE Loss     : 1.66540444
Valid MSE Loss     : 0.00013299	 | 	Valid MAPE Loss     : 0.93916690
lr                 : [0.0003]


Epoch : 16
Train MSE Loss     : 1.00035107	 | 	Train MAPE Loss     : 1.65270627
Valid MSE Loss     : 0.00007711	 | 	Valid MAPE Loss     : 0.72597533
lr                 : [0.0003]


Epoch : 17
Train MSE Loss     : 1.00023782	 | 	Train MAPE Loss     : 1.34098935
Valid MSE Loss     : 0.00007626	 | 	Valid MAPE Loss     : 0.68619090
lr                 : [0.0003]


Epoch : 18
Train MSE Loss     : 1.00030673	 | 	Train MAPE Loss     : 1.59085691
Valid MSE Loss     : 0.00030513	 | 	Valid MAPE Loss     : 1.61297226
lr                 : [0.0003]


Epoch : 19
Train MSE Loss     : 1.00053334	 | 	Train MAPE Loss     : 2.15317988
Valid MSE Loss     : 0.00125150	 | 	Valid MAPE Loss     : 3.60754657
lr                 : [0.0003]


Epoch : 20
Train MSE Loss     : 1.00213408	 | 	Train MAPE Loss     : 4.46472836
Valid MSE Loss     : 0.00013643	 | 	Valid MAPE Loss     : 1.02144587
lr                 : [0.0003]


Epoch : 21
Train MSE Loss     : 1.00037384	 | 	Train MAPE Loss     : 1.70341098
Valid MSE Loss     : 0.00039681	 | 	Valid MAPE Loss     : 1.94145370
lr                 : [0.0003]


Epoch : 22
Train MSE Loss     : 1.00030875	 | 	Train MAPE Loss     : 1.52513397
Valid MSE Loss     : 0.00015868	 | 	Valid MAPE Loss     : 1.03271866
lr                 : [0.0003]


Epoch : 23
Train MSE Loss     : 1.00055718	 | 	Train MAPE Loss     : 2.21158648
Valid MSE Loss     : 0.00091794	 | 	Valid MAPE Loss     : 3.01692724
lr                 : [0.0003]


Epoch : 24
Train MSE Loss     : 1.00074005	 | 	Train MAPE Loss     : 2.36877799
Valid MSE Loss     : 0.00057966	 | 	Valid MAPE Loss     : 2.41421080
lr                 : [0.0003]


Epoch : 25
Train MSE Loss     : 1.00070846	 | 	Train MAPE Loss     : 2.14494300
Valid MSE Loss     : 0.00611246	 | 	Valid MAPE Loss     : 8.10840130
lr                 : [0.0003]


Epoch : 26
Train MSE Loss     : 1.00061691	 | 	Train MAPE Loss     : 2.17416906
Valid MSE Loss     : 0.00014933	 | 	Valid MAPE Loss     : 1.04031670
lr                 : [0.0003]


Epoch : 27
Train MSE Loss     : 1.00098681	 | 	Train MAPE Loss     : 2.99590111
Valid MSE Loss     : 0.00178041	 | 	Valid MAPE Loss     : 4.31026602
lr                 : [0.0003]


Epoch : 28
Train MSE Loss     : 1.00067997	 | 	Train MAPE Loss     : 2.44464087
Valid MSE Loss     : 0.00006724	 | 	Valid MAPE Loss     : 0.66928464
lr                 : [0.0003]


Epoch : 29
Train MSE Loss     : 1.00072014	 | 	Train MAPE Loss     : 2.50182390
Valid MSE Loss     : 0.00020410	 | 	Valid MAPE Loss     : 1.40171075
lr                 : [0.0003]


Epoch : 30
Train MSE Loss     : 1.00052512	 | 	Train MAPE Loss     : 2.19857049
Valid MSE Loss     : 0.00020059	 | 	Valid MAPE Loss     : 1.29611039
lr                 : [0.0003]


Epoch : 31
Train MSE Loss     : 1.00202775	 | 	Train MAPE Loss     : 4.32713366
Valid MSE Loss     : 0.00138953	 | 	Valid MAPE Loss     : 3.87028718
lr                 : [0.0003]


Epoch : 32
Train MSE Loss     : 1.00182462	 | 	Train MAPE Loss     : 4.14890528
Valid MSE Loss     : 0.00010536	 | 	Valid MAPE Loss     : 0.73205477
lr                 : [0.0003]


Epoch : 33
Train MSE Loss     : 1.00068545	 | 	Train MAPE Loss     : 2.42157221
Valid MSE Loss     : 0.00005727	 | 	Valid MAPE Loss     : 0.60275215
lr                 : [0.0003]


Epoch : 34
Train MSE Loss     : 1.00012898	 | 	Train MAPE Loss     : 0.94892442
Valid MSE Loss     : 0.00032059	 | 	Valid MAPE Loss     : 1.73583031
lr                 : [0.0003]


Epoch : 35
Train MSE Loss     : 1.00028908	 | 	Train MAPE Loss     : 1.55923212
Valid MSE Loss     : 0.00182677	 | 	Valid MAPE Loss     : 4.34509134
lr                 : [0.0003]


Epoch : 36
Train MSE Loss     : 1.00029290	 | 	Train MAPE Loss     : 1.56899714
Valid MSE Loss     : 0.00007981	 | 	Valid MAPE Loss     : 0.73747259
lr                 : [0.0003]


Epoch : 37
Train MSE Loss     : 1.00017166	 | 	Train MAPE Loss     : 1.14222789
Valid MSE Loss     : 0.00010049	 | 	Valid MAPE Loss     : 0.86577058
lr                 : [0.0003]


Epoch : 38
Train MSE Loss     : 1.00017977	 | 	Train MAPE Loss     : 1.11073196
Valid MSE Loss     : 0.00073844	 | 	Valid MAPE Loss     : 2.73043036
lr                 : [0.0003]


Epoch : 39
Train MSE Loss     : 1.00024188	 | 	Train MAPE Loss     : 1.40381658
Valid MSE Loss     : 0.00099116	 | 	Valid MAPE Loss     : 3.25869250
lr                 : [0.0003]


Epoch : 40
Train MSE Loss     : 1.00022507	 | 	Train MAPE Loss     : 1.35686219
Valid MSE Loss     : 0.00005875	 | 	Valid MAPE Loss     : 0.56291783
lr                 : [0.0003]


Epoch : 41
Train MSE Loss     : 1.00015283	 | 	Train MAPE Loss     : 1.06075621
Valid MSE Loss     : 0.00010554	 | 	Valid MAPE Loss     : 0.84190613
lr                 : [0.0003]


Epoch : 42
Train MSE Loss     : 1.00024498	 | 	Train MAPE Loss     : 1.32199800
Valid MSE Loss     : 0.00034175	 | 	Valid MAPE Loss     : 1.66185296
lr                 : [0.0003]


Epoch : 43
Train MSE Loss     : 1.00012493	 | 	Train MAPE Loss     : 0.95535982
Valid MSE Loss     : 0.00011850	 | 	Valid MAPE Loss     : 0.89512241
lr                 : [0.0003]


Epoch : 44
Train MSE Loss     : 1.00010812	 | 	Train MAPE Loss     : 0.91053057
Valid MSE Loss     : 0.00021604	 | 	Valid MAPE Loss     : 1.43657470
lr                 : [0.0003]


Epoch : 45
Train MSE Loss     : 1.00014699	 | 	Train MAPE Loss     : 1.07809126
Valid MSE Loss     : 0.00005675	 | 	Valid MAPE Loss     : 0.59364259
lr                 : [0.0003]


Epoch : 46
Train MSE Loss     : 1.00023639	 | 	Train MAPE Loss     : 1.36168420
Valid MSE Loss     : 0.00063638	 | 	Valid MAPE Loss     : 2.53346086
lr                 : [0.0003]


Epoch : 47
Train MSE Loss     : 1.00027251	 | 	Train MAPE Loss     : 1.48067701
Valid MSE Loss     : 0.00014422	 | 	Valid MAPE Loss     : 1.12539887
lr                 : [0.0003]


Epoch : 48
Train MSE Loss     : 1.00167418	 | 	Train MAPE Loss     : 3.87807918
Valid MSE Loss     : 0.00317900	 | 	Valid MAPE Loss     : 5.89792585
lr                 : [0.0003]


Epoch : 49
Train MSE Loss     : 1.00127232	 | 	Train MAPE Loss     : 3.36978674
Valid MSE Loss     : 0.00067268	 | 	Valid MAPE Loss     : 2.57029319
lr                 : [0.0003]


Epoch : 50
Train MSE Loss     : 1.00056326	 | 	Train MAPE Loss     : 1.98561883
Valid MSE Loss     : 0.00004269	 | 	Valid MAPE Loss     : 0.47387490
lr                 : [0.0003]


Epoch : 51
Train MSE Loss     : 1.00026894	 | 	Train MAPE Loss     : 1.48056746
Valid MSE Loss     : 0.00012680	 | 	Valid MAPE Loss     : 0.99100041
lr                 : [0.0003]


Epoch : 52
Train MSE Loss     : 1.00034487	 | 	Train MAPE Loss     : 1.53900480
Valid MSE Loss     : 0.00021339	 | 	Valid MAPE Loss     : 1.42509246
lr                 : [0.0003]


Epoch : 53
Train MSE Loss     : 1.00009036	 | 	Train MAPE Loss     : 0.81939191
Valid MSE Loss     : 0.00072431	 | 	Valid MAPE Loss     : 2.76064873
lr                 : [0.0003]


Epoch : 54
Train MSE Loss     : 1.00014377	 | 	Train MAPE Loss     : 1.04918385
Valid MSE Loss     : 0.00013461	 | 	Valid MAPE Loss     : 1.00780833
lr                 : [0.0003]


Epoch : 55
Train MSE Loss     : 1.00009465	 | 	Train MAPE Loss     : 0.83380634
Valid MSE Loss     : 0.00037985	 | 	Valid MAPE Loss     : 1.93817949
lr                 : [0.0003]


Epoch : 56
Train MSE Loss     : 1.00008130	 | 	Train MAPE Loss     : 0.76965618
Valid MSE Loss     : 0.00010264	 | 	Valid MAPE Loss     : 0.91641492
lr                 : [0.0003]


Epoch : 57
Train MSE Loss     : 1.00012517	 | 	Train MAPE Loss     : 1.01439238
Valid MSE Loss     : 0.00005538	 | 	Valid MAPE Loss     : 0.58716518
lr                 : [0.0003]


Epoch : 58
Train MSE Loss     : 1.00036907	 | 	Train MAPE Loss     : 1.74033654
Valid MSE Loss     : 0.00179709	 | 	Valid MAPE Loss     : 4.40191412
lr                 : [0.0003]


Epoch : 59
Train MSE Loss     : 1.00087547	 | 	Train MAPE Loss     : 2.83987427
Valid MSE Loss     : 0.00005614	 | 	Valid MAPE Loss     : 0.61974776
lr                 : [0.0003]


Epoch : 60
Train MSE Loss     : 1.00021231	 | 	Train MAPE Loss     : 1.33193433
Valid MSE Loss     : 0.00015789	 | 	Valid MAPE Loss     : 1.19501400
lr                 : [0.0003]


Epoch : 61
Train MSE Loss     : 1.00016713	 | 	Train MAPE Loss     : 1.18640471
Valid MSE Loss     : 0.00012035	 | 	Valid MAPE Loss     : 0.91337824
lr                 : [2.9999999999999997e-05]


Epoch : 62
Train MSE Loss     : 1.00005233	 | 	Train MAPE Loss     : 0.59680206
Valid MSE Loss     : 0.00002976	 | 	Valid MAPE Loss     : 0.40643802
lr                 : [2.9999999999999997e-05]


Epoch : 63
Train MSE Loss     : 1.00004363	 | 	Train MAPE Loss     : 0.55069470
Valid MSE Loss     : 0.00003772	 | 	Valid MAPE Loss     : 0.50275677
lr                 : [2.9999999999999997e-05]


Epoch : 64
Train MSE Loss     : 1.00004363	 | 	Train MAPE Loss     : 0.58124983
Valid MSE Loss     : 0.00002945	 | 	Valid MAPE Loss     : 0.39177710
lr                 : [2.9999999999999997e-05]


Epoch : 65
Train MSE Loss     : 1.00008237	 | 	Train MAPE Loss     : 0.78785390
Valid MSE Loss     : 0.00009533	 | 	Valid MAPE Loss     : 0.96364653
lr                 : [2.9999999999999997e-05]


Epoch : 66
Train MSE Loss     : 1.00004864	 | 	Train MAPE Loss     : 0.61183906
Valid MSE Loss     : 0.00003135	 | 	Valid MAPE Loss     : 0.40939087
lr                 : [2.9999999999999997e-05]


Epoch : 67
Train MSE Loss     : 1.00003362	 | 	Train MAPE Loss     : 0.48876271
Valid MSE Loss     : 0.00002366	 | 	Valid MAPE Loss     : 0.36402780
lr                 : [2.9999999999999997e-05]


Epoch : 68
Train MSE Loss     : 1.00005424	 | 	Train MAPE Loss     : 0.57390064
Valid MSE Loss     : 0.00016771	 | 	Valid MAPE Loss     : 1.30634081
lr                 : [2.9999999999999997e-05]


Epoch : 69
Train MSE Loss     : 1.00003767	 | 	Train MAPE Loss     : 0.53152472
Valid MSE Loss     : 0.00003627	 | 	Valid MAPE Loss     : 0.46463180
lr                 : [2.9999999999999997e-05]


Epoch : 70
Train MSE Loss     : 1.00002801	 | 	Train MAPE Loss     : 0.44509515
Valid MSE Loss     : 0.00005458	 | 	Valid MAPE Loss     : 0.70576948
lr                 : [2.9999999999999997e-05]


Epoch : 71
Train MSE Loss     : 1.00002658	 | 	Train MAPE Loss     : 0.42901403
Valid MSE Loss     : 0.00007448	 | 	Valid MAPE Loss     : 0.75051570
lr                 : [2.9999999999999997e-05]


Epoch : 72
Train MSE Loss     : 1.00008368	 | 	Train MAPE Loss     : 0.70571554
Valid MSE Loss     : 0.00006705	 | 	Valid MAPE Loss     : 0.80072051
lr                 : [2.9999999999999997e-05]


Epoch : 73
Train MSE Loss     : 1.00006306	 | 	Train MAPE Loss     : 0.67812610
Valid MSE Loss     : 0.00002360	 | 	Valid MAPE Loss     : 0.35822958
lr                 : [2.9999999999999997e-05]


Epoch : 74
Train MSE Loss     : 1.00003505	 | 	Train MAPE Loss     : 0.50092351
Valid MSE Loss     : 0.00002163	 | 	Valid MAPE Loss     : 0.33900431
lr                 : [2.9999999999999997e-05]


Epoch : 75
Train MSE Loss     : 1.00002623	 | 	Train MAPE Loss     : 0.41144040
Valid MSE Loss     : 0.00002354	 | 	Valid MAPE Loss     : 0.35868892
lr                 : [2.9999999999999997e-05]


Epoch : 76
Train MSE Loss     : 1.00004852	 | 	Train MAPE Loss     : 0.61377096
Valid MSE Loss     : 0.00005695	 | 	Valid MAPE Loss     : 0.72714525
lr                 : [2.9999999999999997e-05]


Epoch : 77
Train MSE Loss     : 1.00010753	 | 	Train MAPE Loss     : 0.92307556
Valid MSE Loss     : 0.00017407	 | 	Valid MAPE Loss     : 1.29130507
lr                 : [2.9999999999999997e-05]


Epoch : 78
Train MSE Loss     : 1.00005054	 | 	Train MAPE Loss     : 0.63223386
Valid MSE Loss     : 0.00008609	 | 	Valid MAPE Loss     : 0.91570139
lr                 : [2.9999999999999997e-05]


Epoch : 79
Train MSE Loss     : 1.00007176	 | 	Train MAPE Loss     : 0.69467258
Valid MSE Loss     : 0.00002549	 | 	Valid MAPE Loss     : 0.37808144
lr                 : [2.9999999999999997e-05]


Epoch : 80
Train MSE Loss     : 1.00003231	 | 	Train MAPE Loss     : 0.47027993
Valid MSE Loss     : 0.00001921	 | 	Valid MAPE Loss     : 0.30357704
lr                 : [2.9999999999999997e-05]


Epoch : 81
Train MSE Loss     : 1.00003195	 | 	Train MAPE Loss     : 0.47889972
Valid MSE Loss     : 0.00002366	 | 	Valid MAPE Loss     : 0.34793025
lr                 : [2.9999999999999997e-05]


Epoch : 82
Train MSE Loss     : 1.00002766	 | 	Train MAPE Loss     : 0.44640213
Valid MSE Loss     : 0.00002002	 | 	Valid MAPE Loss     : 0.31432626
lr                 : [2.9999999999999997e-05]


Epoch : 83
Train MSE Loss     : 1.00003719	 | 	Train MAPE Loss     : 0.51865041
Valid MSE Loss     : 0.00001712	 | 	Valid MAPE Loss     : 0.29576603
lr                 : [2.9999999999999997e-05]


Epoch : 84
Train MSE Loss     : 1.00002241	 | 	Train MAPE Loss     : 0.40010273
Valid MSE Loss     : 0.00001996	 | 	Valid MAPE Loss     : 0.33063212
lr                 : [2.9999999999999997e-05]


Epoch : 85
Train MSE Loss     : 1.00001490	 | 	Train MAPE Loss     : 0.29318374
Valid MSE Loss     : 0.00003004	 | 	Valid MAPE Loss     : 0.48583996
lr                 : [2.9999999999999997e-05]


Epoch : 86
Train MSE Loss     : 1.00005841	 | 	Train MAPE Loss     : 0.68408388
Valid MSE Loss     : 0.00002040	 | 	Valid MAPE Loss     : 0.33469266
lr                 : [2.9999999999999997e-05]


Epoch : 87
Train MSE Loss     : 1.00003576	 | 	Train MAPE Loss     : 0.46609917
Valid MSE Loss     : 0.00001811	 | 	Valid MAPE Loss     : 0.31581613
lr                 : [2.9999999999999997e-05]


Epoch : 88
Train MSE Loss     : 1.00006485	 | 	Train MAPE Loss     : 0.70582074
Valid MSE Loss     : 0.00006038	 | 	Valid MAPE Loss     : 0.73753798
lr                 : [2.9999999999999997e-05]


Epoch : 89
Train MSE Loss     : 1.00002730	 | 	Train MAPE Loss     : 0.46616817
Valid MSE Loss     : 0.00002324	 | 	Valid MAPE Loss     : 0.37759948
lr                 : [2.9999999999999997e-05]


Epoch : 90
Train MSE Loss     : 1.00002968	 | 	Train MAPE Loss     : 0.45483276
Valid MSE Loss     : 0.00003556	 | 	Valid MAPE Loss     : 0.51534039
lr                 : [2.9999999999999997e-05]


Epoch : 91
Train MSE Loss     : 1.00003886	 | 	Train MAPE Loss     : 0.56525230
Valid MSE Loss     : 0.00002406	 | 	Valid MAPE Loss     : 0.36257342
lr                 : [2.9999999999999997e-05]


Epoch : 92
Train MSE Loss     : 1.00010157	 | 	Train MAPE Loss     : 0.90797764
Valid MSE Loss     : 0.00016107	 | 	Valid MAPE Loss     : 1.27155590
lr                 : [2.9999999999999997e-05]


Epoch : 93
Train MSE Loss     : 1.00006783	 | 	Train MAPE Loss     : 0.64894032
Valid MSE Loss     : 0.00004921	 | 	Valid MAPE Loss     : 0.59229916
lr                 : [2.9999999999999997e-05]


Epoch : 94
Train MSE Loss     : 1.00003672	 | 	Train MAPE Loss     : 0.54262549
Valid MSE Loss     : 0.00002708	 | 	Valid MAPE Loss     : 0.43991375
lr                 : [3e-06]


Epoch : 95
Train MSE Loss     : 1.00002766	 | 	Train MAPE Loss     : 0.42661577
Valid MSE Loss     : 0.00001846	 | 	Valid MAPE Loss     : 0.32172915
lr                 : [3e-06]


Epoch : 96
Train MSE Loss     : 1.00002789	 | 	Train MAPE Loss     : 0.41088596
Valid MSE Loss     : 0.00002284	 | 	Valid MAPE Loss     : 0.35429689
lr                 : [3e-06]


Epoch : 97
Train MSE Loss     : 1.00002730	 | 	Train MAPE Loss     : 0.41488189
Valid MSE Loss     : 0.00001970	 | 	Valid MAPE Loss     : 0.31656808
lr                 : [3e-06]


Epoch : 98
Train MSE Loss     : 1.00002241	 | 	Train MAPE Loss     : 0.40438426
Valid MSE Loss     : 0.00001939	 | 	Valid MAPE Loss     : 0.33534589
lr                 : [3e-06]


Epoch : 99
Train MSE Loss     : 1.00003362	 | 	Train MAPE Loss     : 0.52048957
Valid MSE Loss     : 0.00003134	 | 	Valid MAPE Loss     : 0.49766195
lr                 : [3e-06]


Epoch : 100
Train MSE Loss     : 1.00002730	 | 	Train MAPE Loss     : 0.45268798
Valid MSE Loss     : 0.00002850	 | 	Valid MAPE Loss     : 0.45909286
lr                 : [3e-06]


Epoch : 101
Train MSE Loss     : 1.00002885	 | 	Train MAPE Loss     : 0.46500495
Valid MSE Loss     : 0.00001910	 | 	Valid MAPE Loss     : 0.33139426
lr                 : [3e-06]


Epoch : 102
Train MSE Loss     : 1.00004649	 | 	Train MAPE Loss     : 0.60645950
Valid MSE Loss     : 0.00003001	 | 	Valid MAPE Loss     : 0.42238119
lr                 : [3e-06]


Epoch : 103
Train MSE Loss     : 1.00003111	 | 	Train MAPE Loss     : 0.47623479
Valid MSE Loss     : 0.00002343	 | 	Valid MAPE Loss     : 0.35099351
lr                 : [3e-06]


Epoch : 104
Train MSE Loss     : 1.00001681	 | 	Train MAPE Loss     : 0.32424751
Valid MSE Loss     : 0.00001828	 | 	Valid MAPE Loss     : 0.31939733
lr                 : [3e-06]


Epoch : 105
Train MSE Loss     : 1.00002277	 | 	Train MAPE Loss     : 0.39869732
Valid MSE Loss     : 0.00001853	 | 	Valid MAPE Loss     : 0.32552204
lr                 : [3.0000000000000004e-07]


Epoch : 106
Train MSE Loss     : 1.00003386	 | 	Train MAPE Loss     : 0.45308098
Valid MSE Loss     : 0.00001856	 | 	Valid MAPE Loss     : 0.31677583
lr                 : [3.0000000000000004e-07]


Epoch : 107
Train MSE Loss     : 1.00001764	 | 	Train MAPE Loss     : 0.34522480
Valid MSE Loss     : 0.00001675	 | 	Valid MAPE Loss     : 0.29676720
lr                 : [3.0000000000000004e-07]


Epoch : 108
Train MSE Loss     : 1.00001609	 | 	Train MAPE Loss     : 0.31340599
Valid MSE Loss     : 0.00001845	 | 	Valid MAPE Loss     : 0.32125598
lr                 : [3.0000000000000004e-07]


Epoch : 109
Train MSE Loss     : 1.00003016	 | 	Train MAPE Loss     : 0.47742411
Valid MSE Loss     : 0.00001772	 | 	Valid MAPE Loss     : 0.30502257
lr                 : [3.0000000000000004e-07]


Epoch : 110
Train MSE Loss     : 1.00002372	 | 	Train MAPE Loss     : 0.41527519
Valid MSE Loss     : 0.00001901	 | 	Valid MAPE Loss     : 0.32785147
lr                 : [3.0000000000000004e-07]


Epoch : 111
Train MSE Loss     : 1.00001454	 | 	Train MAPE Loss     : 0.30599773
Valid MSE Loss     : 0.00001974	 | 	Valid MAPE Loss     : 0.33924845
lr                 : [3.0000000000000004e-07]


Epoch : 112
Train MSE Loss     : 1.00002706	 | 	Train MAPE Loss     : 0.44682673
Valid MSE Loss     : 0.00001797	 | 	Valid MAPE Loss     : 0.31820345
lr                 : [3.0000000000000004e-07]


Epoch : 113
Train MSE Loss     : 1.00002539	 | 	Train MAPE Loss     : 0.42807156
Valid MSE Loss     : 0.00001807	 | 	Valid MAPE Loss     : 0.31142485
lr                 : [3.0000000000000004e-07]


Epoch : 114
Train MSE Loss     : 1.00001919	 | 	Train MAPE Loss     : 0.36341766
Valid MSE Loss     : 0.00001778	 | 	Valid MAPE Loss     : 0.30661443
lr                 : [3.0000000000000004e-07]


Epoch : 115
Train MSE Loss     : 1.00001848	 | 	Train MAPE Loss     : 0.36264253
Valid MSE Loss     : 0.00001927	 | 	Valid MAPE Loss     : 0.33293149
lr                 : [3.0000000000000004e-07]


Epoch : 116
Train MSE Loss     : 1.00004029	 | 	Train MAPE Loss     : 0.60040253
Valid MSE Loss     : 0.00001743	 | 	Valid MAPE Loss     : 0.29814073
lr                 : [3.0000000000000004e-08]


Epoch : 117
Train MSE Loss     : 1.00001764	 | 	Train MAPE Loss     : 0.33609506
Valid MSE Loss     : 0.00001924	 | 	Valid MAPE Loss     : 0.33490801
lr                 : [3.0000000000000004e-08]


Epoch : 118
Train MSE Loss     : 1.00001800	 | 	Train MAPE Loss     : 0.34961739
Valid MSE Loss     : 0.00001786	 | 	Valid MAPE Loss     : 0.31172901
lr                 : [3.0000000000000004e-08]


Epoch : 119
Train MSE Loss     : 1.00001645	 | 	Train MAPE Loss     : 0.32974344
Valid MSE Loss     : 0.00001802	 | 	Valid MAPE Loss     : 0.31133288
lr                 : [3.0000000000000004e-08]


Epoch : 120
Train MSE Loss     : 1.00002301	 | 	Train MAPE Loss     : 0.39163259
Valid MSE Loss     : 0.00001913	 | 	Valid MAPE Loss     : 0.32853764
lr                 : [3.0000000000000004e-08]


Epoch : 121
Train MSE Loss     : 1.00002158	 | 	Train MAPE Loss     : 0.39022142
Valid MSE Loss     : 0.00001827	 | 	Valid MAPE Loss     : 0.31373245
lr                 : [3.0000000000000004e-08]


Epoch : 122
Train MSE Loss     : 1.00002265	 | 	Train MAPE Loss     : 0.38168377
Valid MSE Loss     : 0.00001958	 | 	Valid MAPE Loss     : 0.31925094
lr                 : [3.0000000000000004e-08]


Epoch : 123
Train MSE Loss     : 1.00001609	 | 	Train MAPE Loss     : 0.32040235
Valid MSE Loss     : 0.00001961	 | 	Valid MAPE Loss     : 0.33812025
lr                 : [3.0000000000000004e-08]


Epoch : 124
Train MSE Loss     : 1.00003541	 | 	Train MAPE Loss     : 0.48857048
Valid MSE Loss     : 0.00001884	 | 	Valid MAPE Loss     : 0.31075430
lr                 : [3.0000000000000004e-08]


Epoch : 125
Train MSE Loss     : 1.00002241	 | 	Train MAPE Loss     : 0.40377083
Valid MSE Loss     : 0.00001801	 | 	Valid MAPE Loss     : 0.30692676
lr                 : [3.0000000000000004e-08]


Epoch : 126
Train MSE Loss     : 1.00004256	 | 	Train MAPE Loss     : 0.56607544
Valid MSE Loss     : 0.00001909	 | 	Valid MAPE Loss     : 0.32995018
lr                 : [3.0000000000000004e-08]


Epoch : 127
Train MSE Loss     : 1.00001943	 | 	Train MAPE Loss     : 0.37943977
Valid MSE Loss     : 0.00001846	 | 	Valid MAPE Loss     : 0.31681034
lr                 : [3.0000000000000004e-09]


Epoch : 128
Train MSE Loss     : 1.00002873	 | 	Train MAPE Loss     : 0.45706922
Valid MSE Loss     : 0.00001861	 | 	Valid MAPE Loss     : 0.31658745
lr                 : [3.0000000000000004e-09]


Epoch : 129
Train MSE Loss     : 1.00002921	 | 	Train MAPE Loss     : 0.46338439
Valid MSE Loss     : 0.00001880	 | 	Valid MAPE Loss     : 0.31635264
lr                 : [3.0000000000000004e-09]


Epoch : 130
Train MSE Loss     : 1.00003111	 | 	Train MAPE Loss     : 0.45532465
Valid MSE Loss     : 0.00002024	 | 	Valid MAPE Loss     : 0.34507650
lr                 : [3.0000000000000004e-09]


Epoch : 131
Train MSE Loss     : 1.00002706	 | 	Train MAPE Loss     : 0.42418283
Valid MSE Loss     : 0.00001867	 | 	Valid MAPE Loss     : 0.32093045
lr                 : [3.0000000000000004e-09]


Epoch : 132
Train MSE Loss     : 1.00002241	 | 	Train MAPE Loss     : 0.39113843
Valid MSE Loss     : 0.00002163	 | 	Valid MAPE Loss     : 0.36588496
lr                 : [3.0000000000000004e-09]


Epoch : 133
Train MSE Loss     : 1.00003433	 | 	Train MAPE Loss     : 0.52680928
Valid MSE Loss     : 0.00001855	 | 	Valid MAPE Loss     : 0.32517606
lr                 : [3.0000000000000004e-09]


Epoch : 134
Train MSE Loss     : 1.00001729	 | 	Train MAPE Loss     : 0.33741090
Valid MSE Loss     : 0.00002184	 | 	Valid MAPE Loss     : 0.37075984
lr                 : [3.0000000000000004e-09]


Epoch : 135
Train MSE Loss     : 1.00001597	 | 	Train MAPE Loss     : 0.31740040
Valid MSE Loss     : 0.00001839	 | 	Valid MAPE Loss     : 0.31377858
lr                 : [3.0000000000000004e-09]


Epoch : 136
Train MSE Loss     : 1.00001860	 | 	Train MAPE Loss     : 0.34945726
Valid MSE Loss     : 0.00001862	 | 	Valid MAPE Loss     : 0.31856400
lr                 : [3.0000000000000004e-09]


Epoch : 137
Train MSE Loss     : 1.00002408	 | 	Train MAPE Loss     : 0.40205383
Valid MSE Loss     : 0.00001906	 | 	Valid MAPE Loss     : 0.33283192
lr                 : [3.0000000000000004e-09]


Epoch : 138
Train MSE Loss     : 1.00001287	 | 	Train MAPE Loss     : 0.28316447
Valid MSE Loss     : 0.00001910	 | 	Valid MAPE Loss     : 0.32925391
lr                 : [3.0000000000000004e-09]


Epoch : 139
Train MSE Loss     : 1.00001955	 | 	Train MAPE Loss     : 0.36886203
Valid MSE Loss     : 0.00001766	 | 	Valid MAPE Loss     : 0.30507404
lr                 : [3.0000000000000004e-09]


Epoch : 140
Train MSE Loss     : 1.00002909	 | 	Train MAPE Loss     : 0.47890243
Valid MSE Loss     : 0.00001988	 | 	Valid MAPE Loss     : 0.33809042
lr                 : [3.0000000000000004e-09]


Epoch : 141
Train MSE Loss     : 1.00001407	 | 	Train MAPE Loss     : 0.29899430
Valid MSE Loss     : 0.00001879	 | 	Valid MAPE Loss     : 0.32610312
lr                 : [3.0000000000000004e-09]


Epoch : 142
Train MSE Loss     : 1.00002837	 | 	Train MAPE Loss     : 0.45773488
Valid MSE Loss     : 0.00002100	 | 	Valid MAPE Loss     : 0.36001900
lr                 : [3.0000000000000004e-09]


Epoch : 143
Train MSE Loss     : 1.00002420	 | 	Train MAPE Loss     : 0.43507636
Valid MSE Loss     : 0.00001830	 | 	Valid MAPE Loss     : 0.31878260
lr                 : [3.0000000000000004e-09]


Epoch : 144
Train MSE Loss     : 1.00002003	 | 	Train MAPE Loss     : 0.37998956
Valid MSE Loss     : 0.00001921	 | 	Valid MAPE Loss     : 0.33594197
lr                 : [3.0000000000000004e-09]


Epoch : 145
Train MSE Loss     : 1.00001907	 | 	Train MAPE Loss     : 0.36194697
Valid MSE Loss     : 0.00001867	 | 	Valid MAPE Loss     : 0.32178926
lr                 : [3.0000000000000004e-09]


Epoch : 146
Train MSE Loss     : 1.00002861	 | 	Train MAPE Loss     : 0.44052130
Valid MSE Loss     : 0.00001904	 | 	Valid MAPE Loss     : 0.32288811
lr                 : [3.0000000000000004e-09]


Epoch : 147
Train MSE Loss     : 1.00001860	 | 	Train MAPE Loss     : 0.35285482
Valid MSE Loss     : 0.00001984	 | 	Valid MAPE Loss     : 0.33978257
lr                 : [3.0000000000000004e-09]


Epoch : 148
Train MSE Loss     : 1.00002337	 | 	Train MAPE Loss     : 0.39738005
Valid MSE Loss     : 0.00001838	 | 	Valid MAPE Loss     : 0.30530077
lr                 : [3.0000000000000004e-09]


Epoch : 149
Train MSE Loss     : 1.00001955	 | 	Train MAPE Loss     : 0.36859301
Valid MSE Loss     : 0.00001754	 | 	Valid MAPE Loss     : 0.30400226
lr                 : [3.0000000000000004e-09]


Epoch : 150
Train MSE Loss     : 1.00002527	 | 	Train MAPE Loss     : 0.43794122
Valid MSE Loss     : 0.00001962	 | 	Valid MAPE Loss     : 0.33770317
lr                 : [3.0000000000000004e-09]


Evaluate on the Test set:
Test MAPE loss      :0.43237218	 | Test MSE loss      : 0.00002753

################## Training is Done! #########################
