=============================================
Dataset: cell_XJTU_batch2_prepocess_data
Mode:    supervised
=============================================
Training started ....

Epoch : 1
Train MSE Loss     : 0.21126673	 | 	Train MAPE Loss     : 36.45084381
Valid MSE Loss     : 0.00627156	 | 	Valid MAPE Loss     : 7.95946789
lr                 : [0.0003]


Epoch : 2
Train MSE Loss     : 0.01368959	 | 	Train MAPE Loss     : 10.96368599
Valid MSE Loss     : 0.02929346	 | 	Valid MAPE Loss     : 18.57837105
lr                 : [0.0003]


Epoch : 3
Train MSE Loss     : 0.00373164	 | 	Train MAPE Loss     : 5.66115952
Valid MSE Loss     : 0.00078244	 | 	Valid MAPE Loss     : 2.38694191
lr                 : [0.0003]


Epoch : 4
Train MSE Loss     : 0.00136952	 | 	Train MAPE Loss     : 3.33257651
Valid MSE Loss     : 0.00052072	 | 	Valid MAPE Loss     : 2.11798358
lr                 : [0.0003]


Epoch : 5
Train MSE Loss     : 0.00089175	 | 	Train MAPE Loss     : 2.64268875
Valid MSE Loss     : 0.00072936	 | 	Valid MAPE Loss     : 2.54688668
lr                 : [0.0003]


Epoch : 6
Train MSE Loss     : 0.00068301	 | 	Train MAPE Loss     : 2.28524637
Valid MSE Loss     : 0.00274830	 | 	Valid MAPE Loss     : 5.19412374
lr                 : [0.0003]


Epoch : 7
Train MSE Loss     : 0.00054497	 | 	Train MAPE Loss     : 2.00659823
Valid MSE Loss     : 0.00243388	 | 	Valid MAPE Loss     : 4.91705370
lr                 : [0.0003]


Epoch : 8
Train MSE Loss     : 0.00047018	 | 	Train MAPE Loss     : 1.85337043
Valid MSE Loss     : 0.00316166	 | 	Valid MAPE Loss     : 5.73738813
lr                 : [0.0003]


Epoch : 9
Train MSE Loss     : 0.00037909	 | 	Train MAPE Loss     : 1.65809166
Valid MSE Loss     : 0.00380983	 | 	Valid MAPE Loss     : 6.43968916
lr                 : [0.0003]


Epoch : 10
Train MSE Loss     : 0.00030586	 | 	Train MAPE Loss     : 1.53874195
Valid MSE Loss     : 0.00409087	 | 	Valid MAPE Loss     : 6.74712992
lr                 : [0.0003]


Epoch : 11
Train MSE Loss     : 0.00025690	 | 	Train MAPE Loss     : 1.39951015
Valid MSE Loss     : 0.00316264	 | 	Valid MAPE Loss     : 5.92189550
lr                 : [0.0003]


Epoch : 12
Train MSE Loss     : 0.00024600	 | 	Train MAPE Loss     : 1.41927850
Valid MSE Loss     : 0.00360707	 | 	Valid MAPE Loss     : 6.40179062
lr                 : [0.0003]


Epoch : 13
Train MSE Loss     : 0.00021259	 | 	Train MAPE Loss     : 1.32088912
Valid MSE Loss     : 0.00692649	 | 	Valid MAPE Loss     : 8.96445274
lr                 : [0.0003]


Epoch : 14
Train MSE Loss     : 0.00020744	 | 	Train MAPE Loss     : 1.28310466
Valid MSE Loss     : 0.00397398	 | 	Valid MAPE Loss     : 6.75884151
lr                 : [0.0003]


Epoch : 15
Train MSE Loss     : 0.00008672	 | 	Train MAPE Loss     : 0.81467587
Valid MSE Loss     : 0.00519643	 | 	Valid MAPE Loss     : 7.77976656
lr                 : [2.9999999999999997e-05]


Epoch : 16
Train MSE Loss     : 0.00008590	 | 	Train MAPE Loss     : 0.80615634
Valid MSE Loss     : 0.00042447	 | 	Valid MAPE Loss     : 2.04166365
lr                 : [2.9999999999999997e-05]


Epoch : 17
Train MSE Loss     : 0.00005666	 | 	Train MAPE Loss     : 0.65032578
Valid MSE Loss     : 0.00017150	 | 	Valid MAPE Loss     : 1.22520792
lr                 : [2.9999999999999997e-05]


Epoch : 18
Train MSE Loss     : 0.00005877	 | 	Train MAPE Loss     : 0.66547632
Valid MSE Loss     : 0.00015223	 | 	Valid MAPE Loss     : 1.14073253
lr                 : [2.9999999999999997e-05]


Epoch : 19
Train MSE Loss     : 0.00005445	 | 	Train MAPE Loss     : 0.62955886
Valid MSE Loss     : 0.00014788	 | 	Valid MAPE Loss     : 1.12417662
lr                 : [2.9999999999999997e-05]


Epoch : 20
Train MSE Loss     : 0.00005403	 | 	Train MAPE Loss     : 0.63351274
Valid MSE Loss     : 0.00015529	 | 	Valid MAPE Loss     : 1.15360987
lr                 : [2.9999999999999997e-05]


Epoch : 21
Train MSE Loss     : 0.00006118	 | 	Train MAPE Loss     : 0.69045305
Valid MSE Loss     : 0.00020289	 | 	Valid MAPE Loss     : 1.35199296
lr                 : [2.9999999999999997e-05]


Epoch : 22
Train MSE Loss     : 0.00006003	 | 	Train MAPE Loss     : 0.68011212
Valid MSE Loss     : 0.00014105	 | 	Valid MAPE Loss     : 1.07489419
lr                 : [2.9999999999999997e-05]


Epoch : 23
Train MSE Loss     : 0.00005440	 | 	Train MAPE Loss     : 0.63088399
Valid MSE Loss     : 0.00016425	 | 	Valid MAPE Loss     : 1.18188822
lr                 : [2.9999999999999997e-05]


Epoch : 24
Train MSE Loss     : 0.00004789	 | 	Train MAPE Loss     : 0.60316634
Valid MSE Loss     : 0.00020388	 | 	Valid MAPE Loss     : 1.35973048
lr                 : [2.9999999999999997e-05]


Epoch : 25
Train MSE Loss     : 0.00005011	 | 	Train MAPE Loss     : 0.60021412
Valid MSE Loss     : 0.00015792	 | 	Valid MAPE Loss     : 1.16176069
lr                 : [2.9999999999999997e-05]


Epoch : 26
Train MSE Loss     : 0.00004366	 | 	Train MAPE Loss     : 0.57300937
Valid MSE Loss     : 0.00021520	 | 	Valid MAPE Loss     : 1.39745998
lr                 : [2.9999999999999997e-05]


Epoch : 27
Train MSE Loss     : 0.00004576	 | 	Train MAPE Loss     : 0.57456142
Valid MSE Loss     : 0.00030153	 | 	Valid MAPE Loss     : 1.71327269
lr                 : [2.9999999999999997e-05]


Epoch : 28
Train MSE Loss     : 0.00005467	 | 	Train MAPE Loss     : 0.65027833
Valid MSE Loss     : 0.00035326	 | 	Valid MAPE Loss     : 1.85949612
lr                 : [2.9999999999999997e-05]


Epoch : 29
Train MSE Loss     : 0.00005276	 | 	Train MAPE Loss     : 0.64406502
Valid MSE Loss     : 0.00025939	 | 	Valid MAPE Loss     : 1.57130241
lr                 : [2.9999999999999997e-05]


Epoch : 30
Train MSE Loss     : 0.00004366	 | 	Train MAPE Loss     : 0.56608605
Valid MSE Loss     : 0.00043146	 | 	Valid MAPE Loss     : 2.08438516
lr                 : [2.9999999999999997e-05]


Epoch : 31
Train MSE Loss     : 0.00004405	 | 	Train MAPE Loss     : 0.57133806
Valid MSE Loss     : 0.00021370	 | 	Valid MAPE Loss     : 1.38499200
lr                 : [2.9999999999999997e-05]


Epoch : 32
Train MSE Loss     : 0.00007880	 | 	Train MAPE Loss     : 0.78434068
Valid MSE Loss     : 0.00019027	 | 	Valid MAPE Loss     : 1.29689968
lr                 : [2.9999999999999997e-05]


Epoch : 33
Train MSE Loss     : 0.00004650	 | 	Train MAPE Loss     : 0.57938534
Valid MSE Loss     : 0.00021744	 | 	Valid MAPE Loss     : 1.40288448
lr                 : [3e-06]


Epoch : 34
Train MSE Loss     : 0.00004985	 | 	Train MAPE Loss     : 0.62139595
Valid MSE Loss     : 0.00013518	 | 	Valid MAPE Loss     : 0.97926658
lr                 : [3e-06]


Epoch : 35
Train MSE Loss     : 0.00003288	 | 	Train MAPE Loss     : 0.49748427
Valid MSE Loss     : 0.00012601	 | 	Valid MAPE Loss     : 0.88403428
lr                 : [3e-06]


Epoch : 36
Train MSE Loss     : 0.00003403	 | 	Train MAPE Loss     : 0.50050509
Valid MSE Loss     : 0.00012765	 | 	Valid MAPE Loss     : 0.90171570
lr                 : [3e-06]


Epoch : 37
Train MSE Loss     : 0.00002919	 | 	Train MAPE Loss     : 0.45824790
Valid MSE Loss     : 0.00012655	 | 	Valid MAPE Loss     : 0.87926716
lr                 : [3e-06]


Epoch : 38
Train MSE Loss     : 0.00003286	 | 	Train MAPE Loss     : 0.49104276
Valid MSE Loss     : 0.00011799	 | 	Valid MAPE Loss     : 0.86520225
lr                 : [3e-06]


Epoch : 39
Train MSE Loss     : 0.00002965	 | 	Train MAPE Loss     : 0.46829146
Valid MSE Loss     : 0.00012851	 | 	Valid MAPE Loss     : 0.89043373
lr                 : [3e-06]


Epoch : 40
Train MSE Loss     : 0.00002912	 | 	Train MAPE Loss     : 0.46614793
Valid MSE Loss     : 0.00012751	 | 	Valid MAPE Loss     : 0.88759822
lr                 : [3e-06]


Epoch : 41
Train MSE Loss     : 0.00003231	 | 	Train MAPE Loss     : 0.48935699
Valid MSE Loss     : 0.00012766	 | 	Valid MAPE Loss     : 0.89286578
lr                 : [3e-06]


Epoch : 42
Train MSE Loss     : 0.00004190	 | 	Train MAPE Loss     : 0.55579793
Valid MSE Loss     : 0.00013758	 | 	Valid MAPE Loss     : 0.91266829
lr                 : [3e-06]


Epoch : 43
Train MSE Loss     : 0.00003573	 | 	Train MAPE Loss     : 0.51244801
Valid MSE Loss     : 0.00013373	 | 	Valid MAPE Loss     : 0.90820402
lr                 : [3e-06]


Epoch : 44
Train MSE Loss     : 0.00003753	 | 	Train MAPE Loss     : 0.53824991
Valid MSE Loss     : 0.00013154	 | 	Valid MAPE Loss     : 0.91218919
lr                 : [3e-06]


Epoch : 45
Train MSE Loss     : 0.00003040	 | 	Train MAPE Loss     : 0.47520015
Valid MSE Loss     : 0.00012094	 | 	Valid MAPE Loss     : 0.88690579
lr                 : [3e-06]


Epoch : 46
Train MSE Loss     : 0.00003359	 | 	Train MAPE Loss     : 0.49002874
Valid MSE Loss     : 0.00013084	 | 	Valid MAPE Loss     : 0.91745538
lr                 : [3e-06]


Epoch : 47
Train MSE Loss     : 0.00003338	 | 	Train MAPE Loss     : 0.49123323
Valid MSE Loss     : 0.00012521	 | 	Valid MAPE Loss     : 0.85959238
lr                 : [3e-06]


Epoch : 48
Train MSE Loss     : 0.00003198	 | 	Train MAPE Loss     : 0.48867467
Valid MSE Loss     : 0.00014719	 | 	Valid MAPE Loss     : 0.96112347
lr                 : [3e-06]


Epoch : 49
Train MSE Loss     : 0.00003185	 | 	Train MAPE Loss     : 0.48728618
Valid MSE Loss     : 0.00013035	 | 	Valid MAPE Loss     : 0.89825761
lr                 : [3e-06]


Epoch : 50
Train MSE Loss     : 0.00003341	 | 	Train MAPE Loss     : 0.49003956
Valid MSE Loss     : 0.00013502	 | 	Valid MAPE Loss     : 0.92735201
lr                 : [3e-06]


Epoch : 51
Train MSE Loss     : 0.00003848	 | 	Train MAPE Loss     : 0.53754115
Valid MSE Loss     : 0.00012879	 | 	Valid MAPE Loss     : 0.91017187
lr                 : [3e-06]


Epoch : 52
Train MSE Loss     : 0.00003616	 | 	Train MAPE Loss     : 0.52220881
Valid MSE Loss     : 0.00012739	 | 	Valid MAPE Loss     : 0.89231431
lr                 : [3e-06]


Epoch : 53
Train MSE Loss     : 0.00003232	 | 	Train MAPE Loss     : 0.48583657
Valid MSE Loss     : 0.00013137	 | 	Valid MAPE Loss     : 0.88030130
lr                 : [3e-06]


Epoch : 54
Train MSE Loss     : 0.00003106	 | 	Train MAPE Loss     : 0.47567680
Valid MSE Loss     : 0.00013475	 | 	Valid MAPE Loss     : 0.93305582
lr                 : [3e-06]


Epoch : 55
Train MSE Loss     : 0.00003362	 | 	Train MAPE Loss     : 0.49892062
Valid MSE Loss     : 0.00012634	 | 	Valid MAPE Loss     : 0.85298318
lr                 : [3e-06]


Epoch : 56
Train MSE Loss     : 0.00003519	 | 	Train MAPE Loss     : 0.51471293
Valid MSE Loss     : 0.00013210	 | 	Valid MAPE Loss     : 0.90155995
lr                 : [3e-06]


Epoch : 57
Train MSE Loss     : 0.00004381	 | 	Train MAPE Loss     : 0.57576394
Valid MSE Loss     : 0.00013861	 | 	Valid MAPE Loss     : 0.95881182
lr                 : [3e-06]


Epoch : 58
Train MSE Loss     : 0.00003006	 | 	Train MAPE Loss     : 0.47244072
Valid MSE Loss     : 0.00013841	 | 	Valid MAPE Loss     : 0.91758305
lr                 : [3e-06]


Epoch : 59
Train MSE Loss     : 0.00003344	 | 	Train MAPE Loss     : 0.50072873
Valid MSE Loss     : 0.00015248	 | 	Valid MAPE Loss     : 0.92590970
lr                 : [3e-06]


Epoch : 60
Train MSE Loss     : 0.00004710	 | 	Train MAPE Loss     : 0.58679450
Valid MSE Loss     : 0.00012610	 | 	Valid MAPE Loss     : 0.89151096
lr                 : [3e-06]


Epoch : 61
Train MSE Loss     : 0.00004180	 | 	Train MAPE Loss     : 0.56741697
Valid MSE Loss     : 0.00012975	 | 	Valid MAPE Loss     : 0.88871175
lr                 : [3e-06]


Epoch : 62
Train MSE Loss     : 0.00004552	 | 	Train MAPE Loss     : 0.58675885
Valid MSE Loss     : 0.00013265	 | 	Valid MAPE Loss     : 0.91730767
lr                 : [3e-06]


Epoch : 63
Train MSE Loss     : 0.00003646	 | 	Train MAPE Loss     : 0.52285695
Valid MSE Loss     : 0.00014182	 | 	Valid MAPE Loss     : 0.91725093
lr                 : [3e-06]


Epoch : 64
Train MSE Loss     : 0.00003474	 | 	Train MAPE Loss     : 0.50172871
Valid MSE Loss     : 0.00014767	 | 	Valid MAPE Loss     : 0.94144857
lr                 : [3e-06]


Epoch : 65
Train MSE Loss     : 0.00003852	 | 	Train MAPE Loss     : 0.53996265
Valid MSE Loss     : 0.00015650	 | 	Valid MAPE Loss     : 0.93897563
lr                 : [3e-06]


Epoch : 66
Train MSE Loss     : 0.00002796	 | 	Train MAPE Loss     : 0.44748312
Valid MSE Loss     : 0.00013111	 | 	Valid MAPE Loss     : 0.89342970
lr                 : [3.0000000000000004e-07]


Epoch : 67
Train MSE Loss     : 0.00002666	 | 	Train MAPE Loss     : 0.43972367
Valid MSE Loss     : 0.00014501	 | 	Valid MAPE Loss     : 0.89797211
lr                 : [3.0000000000000004e-07]


Epoch : 68
Train MSE Loss     : 0.00002527	 | 	Train MAPE Loss     : 0.43245298
Valid MSE Loss     : 0.00014767	 | 	Valid MAPE Loss     : 0.91258889
lr                 : [3.0000000000000004e-07]


Epoch : 69
Train MSE Loss     : 0.00002715	 | 	Train MAPE Loss     : 0.44560674
Valid MSE Loss     : 0.00016301	 | 	Valid MAPE Loss     : 0.94957721
lr                 : [3.0000000000000004e-07]


Epoch : 70
Train MSE Loss     : 0.00002718	 | 	Train MAPE Loss     : 0.44845897
Valid MSE Loss     : 0.00014546	 | 	Valid MAPE Loss     : 0.90593201
lr                 : [3.0000000000000004e-07]


Epoch : 71
Train MSE Loss     : 0.00002956	 | 	Train MAPE Loss     : 0.46677837
Valid MSE Loss     : 0.00014823	 | 	Valid MAPE Loss     : 0.91810799
lr                 : [3.0000000000000004e-07]


Epoch : 72
Train MSE Loss     : 0.00003083	 | 	Train MAPE Loss     : 0.46993208
Valid MSE Loss     : 0.00015860	 | 	Valid MAPE Loss     : 0.92696601
lr                 : [3.0000000000000004e-07]


Epoch : 73
Train MSE Loss     : 0.00002320	 | 	Train MAPE Loss     : 0.40936267
Valid MSE Loss     : 0.00015753	 | 	Valid MAPE Loss     : 0.93514454
lr                 : [3.0000000000000004e-07]


Epoch : 74
Train MSE Loss     : 0.00002287	 | 	Train MAPE Loss     : 0.40071642
Valid MSE Loss     : 0.00015585	 | 	Valid MAPE Loss     : 0.92748791
lr                 : [3.0000000000000004e-07]


Epoch : 75
Train MSE Loss     : 0.00002773	 | 	Train MAPE Loss     : 0.45200405
Valid MSE Loss     : 0.00015468	 | 	Valid MAPE Loss     : 0.93447697
lr                 : [3.0000000000000004e-07]


Epoch : 76
Train MSE Loss     : 0.00002903	 | 	Train MAPE Loss     : 0.46006659
Valid MSE Loss     : 0.00015801	 | 	Valid MAPE Loss     : 0.94253558
lr                 : [3.0000000000000004e-07]


Epoch : 77
Train MSE Loss     : 0.00003130	 | 	Train MAPE Loss     : 0.48117647
Valid MSE Loss     : 0.00014608	 | 	Valid MAPE Loss     : 0.91339213
lr                 : [3.0000000000000004e-08]


Epoch : 78
Train MSE Loss     : 0.00003003	 | 	Train MAPE Loss     : 0.46923235
Valid MSE Loss     : 0.00015113	 | 	Valid MAPE Loss     : 0.92243779
lr                 : [3.0000000000000004e-08]


Epoch : 79
Train MSE Loss     : 0.00002778	 | 	Train MAPE Loss     : 0.44723693
Valid MSE Loss     : 0.00015329	 | 	Valid MAPE Loss     : 0.92660433
lr                 : [3.0000000000000004e-08]


Epoch : 80
Train MSE Loss     : 0.00002656	 | 	Train MAPE Loss     : 0.44297886
Valid MSE Loss     : 0.00016246	 | 	Valid MAPE Loss     : 0.94815147
lr                 : [3.0000000000000004e-08]


Epoch : 81
Train MSE Loss     : 0.00002601	 | 	Train MAPE Loss     : 0.43806654
Valid MSE Loss     : 0.00016264	 | 	Valid MAPE Loss     : 0.94429785
lr                 : [3.0000000000000004e-08]


Epoch : 82
Train MSE Loss     : 0.00002787	 | 	Train MAPE Loss     : 0.44924492
Valid MSE Loss     : 0.00016237	 | 	Valid MAPE Loss     : 0.94702995
lr                 : [3.0000000000000004e-08]


Epoch : 83
Train MSE Loss     : 0.00002551	 | 	Train MAPE Loss     : 0.43269920
Valid MSE Loss     : 0.00015095	 | 	Valid MAPE Loss     : 0.92094797
lr                 : [3.0000000000000004e-08]


Epoch : 84
Train MSE Loss     : 0.00002732	 | 	Train MAPE Loss     : 0.44054779
Valid MSE Loss     : 0.00015305	 | 	Valid MAPE Loss     : 0.92353183
lr                 : [3.0000000000000004e-08]


Epoch : 85
Train MSE Loss     : 0.00002543	 | 	Train MAPE Loss     : 0.42592061
Valid MSE Loss     : 0.00015982	 | 	Valid MAPE Loss     : 0.94079369
lr                 : [3.0000000000000004e-08]


Epoch : 86
Train MSE Loss     : 0.00002789	 | 	Train MAPE Loss     : 0.45039862
Valid MSE Loss     : 0.00015560	 | 	Valid MAPE Loss     : 0.93595970
lr                 : [3.0000000000000004e-08]


Epoch : 87
Train MSE Loss     : 0.00002560	 | 	Train MAPE Loss     : 0.43514451
Valid MSE Loss     : 0.00015831	 | 	Valid MAPE Loss     : 0.94091022
lr                 : [3.0000000000000004e-08]


Epoch : 88
Train MSE Loss     : 0.00003093	 | 	Train MAPE Loss     : 0.48392719
Valid MSE Loss     : 0.00016158	 | 	Valid MAPE Loss     : 0.94837475
lr                 : [3.0000000000000004e-09]


Epoch : 89
Train MSE Loss     : 0.00002606	 | 	Train MAPE Loss     : 0.43585828
Valid MSE Loss     : 0.00015217	 | 	Valid MAPE Loss     : 0.92110354
lr                 : [3.0000000000000004e-09]


Epoch : 90
Train MSE Loss     : 0.00003481	 | 	Train MAPE Loss     : 0.50507885
Valid MSE Loss     : 0.00016252	 | 	Valid MAPE Loss     : 0.95188779
lr                 : [3.0000000000000004e-09]


Epoch : 91
Train MSE Loss     : 0.00002805	 | 	Train MAPE Loss     : 0.45896780
Valid MSE Loss     : 0.00016619	 | 	Valid MAPE Loss     : 0.95395213
lr                 : [3.0000000000000004e-09]


Epoch : 92
Train MSE Loss     : 0.00003169	 | 	Train MAPE Loss     : 0.48595592
Valid MSE Loss     : 0.00015724	 | 	Valid MAPE Loss     : 0.93671578
lr                 : [3.0000000000000004e-09]


Epoch : 93
Train MSE Loss     : 0.00002586	 | 	Train MAPE Loss     : 0.43645266
Valid MSE Loss     : 0.00015598	 | 	Valid MAPE Loss     : 0.92817050
lr                 : [3.0000000000000004e-09]


Epoch : 94
Train MSE Loss     : 0.00002968	 | 	Train MAPE Loss     : 0.45837051
Valid MSE Loss     : 0.00016097	 | 	Valid MAPE Loss     : 0.94336140
lr                 : [3.0000000000000004e-09]


Epoch : 95
Train MSE Loss     : 0.00002450	 | 	Train MAPE Loss     : 0.41879690
Valid MSE Loss     : 0.00015954	 | 	Valid MAPE Loss     : 0.93973541
lr                 : [3.0000000000000004e-09]


Epoch : 96
Train MSE Loss     : 0.00002492	 | 	Train MAPE Loss     : 0.42311072
Valid MSE Loss     : 0.00015217	 | 	Valid MAPE Loss     : 0.92372310
lr                 : [3.0000000000000004e-09]


Epoch : 97
Train MSE Loss     : 0.00002584	 | 	Train MAPE Loss     : 0.43369773
Valid MSE Loss     : 0.00015799	 | 	Valid MAPE Loss     : 0.93677056
lr                 : [3.0000000000000004e-09]


Epoch : 98
Train MSE Loss     : 0.00002442	 | 	Train MAPE Loss     : 0.41838375
Valid MSE Loss     : 0.00015959	 | 	Valid MAPE Loss     : 0.94082326
lr                 : [3.0000000000000004e-09]


Epoch : 99
Train MSE Loss     : 0.00002494	 | 	Train MAPE Loss     : 0.42590356
Valid MSE Loss     : 0.00014607	 | 	Valid MAPE Loss     : 0.91142613
lr                 : [3.0000000000000004e-09]


Epoch : 100
Train MSE Loss     : 0.00002792	 | 	Train MAPE Loss     : 0.45090449
Valid MSE Loss     : 0.00016259	 | 	Valid MAPE Loss     : 0.94539547
lr                 : [3.0000000000000004e-09]


Epoch : 101
Train MSE Loss     : 0.00003251	 | 	Train MAPE Loss     : 0.48739696
Valid MSE Loss     : 0.00015721	 | 	Valid MAPE Loss     : 0.93229645
lr                 : [3.0000000000000004e-09]


Epoch : 102
Train MSE Loss     : 0.00003028	 | 	Train MAPE Loss     : 0.47192073
Valid MSE Loss     : 0.00016037	 | 	Valid MAPE Loss     : 0.94180596
lr                 : [3.0000000000000004e-09]


Epoch : 103
Train MSE Loss     : 0.00002455	 | 	Train MAPE Loss     : 0.42179614
Valid MSE Loss     : 0.00015506	 | 	Valid MAPE Loss     : 0.93525183
lr                 : [3.0000000000000004e-09]


Epoch : 104
Train MSE Loss     : 0.00002822	 | 	Train MAPE Loss     : 0.45114055
Valid MSE Loss     : 0.00014822	 | 	Valid MAPE Loss     : 0.91771555
lr                 : [3.0000000000000004e-09]


Epoch : 105
Train MSE Loss     : 0.00002625	 | 	Train MAPE Loss     : 0.43574008
Valid MSE Loss     : 0.00014884	 | 	Valid MAPE Loss     : 0.91854382
lr                 : [3.0000000000000004e-09]


Epoch : 106
Train MSE Loss     : 0.00002583	 | 	Train MAPE Loss     : 0.43357792
Valid MSE Loss     : 0.00015874	 | 	Valid MAPE Loss     : 0.93689489
lr                 : [3.0000000000000004e-09]


Epoch : 107
Train MSE Loss     : 0.00002800	 | 	Train MAPE Loss     : 0.44990394
Valid MSE Loss     : 0.00015480	 | 	Valid MAPE Loss     : 0.93245995
lr                 : [3.0000000000000004e-09]


Epoch : 108
Train MSE Loss     : 0.00002875	 | 	Train MAPE Loss     : 0.45859680
Valid MSE Loss     : 0.00016017	 | 	Valid MAPE Loss     : 0.94548482
lr                 : [3.0000000000000004e-09]


Epoch : 109
Train MSE Loss     : 0.00002929	 | 	Train MAPE Loss     : 0.45765433
Valid MSE Loss     : 0.00015003	 | 	Valid MAPE Loss     : 0.92227143
lr                 : [3.0000000000000004e-09]


Epoch : 110
Train MSE Loss     : 0.00002825	 | 	Train MAPE Loss     : 0.45220694
Valid MSE Loss     : 0.00016003	 | 	Valid MAPE Loss     : 0.94227839
lr                 : [3.0000000000000004e-09]


Epoch : 111
Train MSE Loss     : 0.00002639	 | 	Train MAPE Loss     : 0.43798885
Valid MSE Loss     : 0.00015299	 | 	Valid MAPE Loss     : 0.92740148
lr                 : [3.0000000000000004e-09]


Epoch : 112
Train MSE Loss     : 0.00002544	 | 	Train MAPE Loss     : 0.43024120
Valid MSE Loss     : 0.00015391	 | 	Valid MAPE Loss     : 0.93400818
lr                 : [3.0000000000000004e-09]


Epoch : 113
Train MSE Loss     : 0.00002649	 | 	Train MAPE Loss     : 0.44015083
Valid MSE Loss     : 0.00016639	 | 	Valid MAPE Loss     : 0.95542634
lr                 : [3.0000000000000004e-09]


Epoch : 114
Train MSE Loss     : 0.00002615	 | 	Train MAPE Loss     : 0.43589097
Valid MSE Loss     : 0.00015531	 | 	Valid MAPE Loss     : 0.93534297
lr                 : [3.0000000000000004e-09]


Epoch : 115
Train MSE Loss     : 0.00002713	 | 	Train MAPE Loss     : 0.44367433
Valid MSE Loss     : 0.00015993	 | 	Valid MAPE Loss     : 0.94018495
lr                 : [3.0000000000000004e-09]


Epoch : 116
Train MSE Loss     : 0.00002967	 | 	Train MAPE Loss     : 0.46677577
Valid MSE Loss     : 0.00015522	 | 	Valid MAPE Loss     : 0.93171799
lr                 : [3.0000000000000004e-09]


Epoch : 117
Train MSE Loss     : 0.00003022	 | 	Train MAPE Loss     : 0.46768746
Valid MSE Loss     : 0.00015855	 | 	Valid MAPE Loss     : 0.93787968
lr                 : [3.0000000000000004e-09]


Epoch : 118
Train MSE Loss     : 0.00002419	 | 	Train MAPE Loss     : 0.41658133
Valid MSE Loss     : 0.00015653	 | 	Valid MAPE Loss     : 0.93557203
lr                 : [3.0000000000000004e-09]


Epoch : 119
Train MSE Loss     : 0.00002966	 | 	Train MAPE Loss     : 0.46474245
Valid MSE Loss     : 0.00015540	 | 	Valid MAPE Loss     : 0.93112528
lr                 : [3.0000000000000004e-09]


Epoch : 120
Train MSE Loss     : 0.00002377	 | 	Train MAPE Loss     : 0.40820640
Valid MSE Loss     : 0.00015314	 | 	Valid MAPE Loss     : 0.92737812
lr                 : [3.0000000000000004e-09]


Epoch : 121
Train MSE Loss     : 0.00002585	 | 	Train MAPE Loss     : 0.43991235
Valid MSE Loss     : 0.00015833	 | 	Valid MAPE Loss     : 0.93821448
lr                 : [3.0000000000000004e-09]


Epoch : 122
Train MSE Loss     : 0.00002703	 | 	Train MAPE Loss     : 0.43893641
Valid MSE Loss     : 0.00015274	 | 	Valid MAPE Loss     : 0.92334878
lr                 : [3.0000000000000004e-09]


Epoch : 123
Train MSE Loss     : 0.00002820	 | 	Train MAPE Loss     : 0.45489946
Valid MSE Loss     : 0.00016331	 | 	Valid MAPE Loss     : 0.94711393
lr                 : [3.0000000000000004e-09]


Epoch : 124
Train MSE Loss     : 0.00002717	 | 	Train MAPE Loss     : 0.45187640
Valid MSE Loss     : 0.00016217	 | 	Valid MAPE Loss     : 0.94429195
lr                 : [3.0000000000000004e-09]


Epoch : 125
Train MSE Loss     : 0.00002448	 | 	Train MAPE Loss     : 0.42181456
Valid MSE Loss     : 0.00015885	 | 	Valid MAPE Loss     : 0.93796653
lr                 : [3.0000000000000004e-09]


Epoch : 126
Train MSE Loss     : 0.00002791	 | 	Train MAPE Loss     : 0.45525053
Valid MSE Loss     : 0.00015285	 | 	Valid MAPE Loss     : 0.92338949
lr                 : [3.0000000000000004e-09]


Epoch : 127
Train MSE Loss     : 0.00003326	 | 	Train MAPE Loss     : 0.49688095
Valid MSE Loss     : 0.00015310	 | 	Valid MAPE Loss     : 0.92992532
lr                 : [3.0000000000000004e-09]


Epoch : 128
Train MSE Loss     : 0.00002733	 | 	Train MAPE Loss     : 0.44341892
Valid MSE Loss     : 0.00015686	 | 	Valid MAPE Loss     : 0.93381774
lr                 : [3.0000000000000004e-09]


Epoch : 129
Train MSE Loss     : 0.00003033	 | 	Train MAPE Loss     : 0.46763295
Valid MSE Loss     : 0.00016695	 | 	Valid MAPE Loss     : 0.95017052
lr                 : [3.0000000000000004e-09]


Epoch : 130
Train MSE Loss     : 0.00002852	 | 	Train MAPE Loss     : 0.46528745
Valid MSE Loss     : 0.00015884	 | 	Valid MAPE Loss     : 0.93853384
lr                 : [3.0000000000000004e-09]


Epoch : 131
Train MSE Loss     : 0.00002376	 | 	Train MAPE Loss     : 0.41607758
Valid MSE Loss     : 0.00015166	 | 	Valid MAPE Loss     : 0.92439836
lr                 : [3.0000000000000004e-09]


Epoch : 132
Train MSE Loss     : 0.00002723	 | 	Train MAPE Loss     : 0.44442970
Valid MSE Loss     : 0.00015623	 | 	Valid MAPE Loss     : 0.93237656
lr                 : [3.0000000000000004e-09]


Epoch : 133
Train MSE Loss     : 0.00002657	 | 	Train MAPE Loss     : 0.43923646
Valid MSE Loss     : 0.00015861	 | 	Valid MAPE Loss     : 0.93681324
lr                 : [3.0000000000000004e-09]


Epoch : 134
Train MSE Loss     : 0.00002774	 | 	Train MAPE Loss     : 0.45189983
Valid MSE Loss     : 0.00016100	 | 	Valid MAPE Loss     : 0.94429195
lr                 : [3.0000000000000004e-09]


Epoch : 135
Train MSE Loss     : 0.00002723	 | 	Train MAPE Loss     : 0.44659215
Valid MSE Loss     : 0.00016528	 | 	Valid MAPE Loss     : 0.95132780
lr                 : [3.0000000000000004e-09]


Epoch : 136
Train MSE Loss     : 0.00002718	 | 	Train MAPE Loss     : 0.44362995
Valid MSE Loss     : 0.00016726	 | 	Valid MAPE Loss     : 0.95235747
lr                 : [3.0000000000000004e-09]


Epoch : 137
Train MSE Loss     : 0.00003345	 | 	Train MAPE Loss     : 0.49257547
Valid MSE Loss     : 0.00016282	 | 	Valid MAPE Loss     : 0.94070989
lr                 : [3.0000000000000004e-09]


Epoch : 138
Train MSE Loss     : 0.00002384	 | 	Train MAPE Loss     : 0.42042622
Valid MSE Loss     : 0.00016114	 | 	Valid MAPE Loss     : 0.94182640
lr                 : [3.0000000000000004e-09]


Epoch : 139
Train MSE Loss     : 0.00002545	 | 	Train MAPE Loss     : 0.43149251
Valid MSE Loss     : 0.00015248	 | 	Valid MAPE Loss     : 0.93087775
lr                 : [3.0000000000000004e-09]


Epoch : 140
Train MSE Loss     : 0.00003252	 | 	Train MAPE Loss     : 0.48959842
Valid MSE Loss     : 0.00016258	 | 	Valid MAPE Loss     : 0.94924390
lr                 : [3.0000000000000004e-09]


Epoch : 141
Train MSE Loss     : 0.00002801	 | 	Train MAPE Loss     : 0.45437154
Valid MSE Loss     : 0.00015327	 | 	Valid MAPE Loss     : 0.92928547
lr                 : [3.0000000000000004e-09]


Epoch : 142
Train MSE Loss     : 0.00002924	 | 	Train MAPE Loss     : 0.46721220
Valid MSE Loss     : 0.00016663	 | 	Valid MAPE Loss     : 0.95652926
lr                 : [3.0000000000000004e-09]


Epoch : 143
Train MSE Loss     : 0.00003151	 | 	Train MAPE Loss     : 0.47673488
Valid MSE Loss     : 0.00015331	 | 	Valid MAPE Loss     : 0.92706269
lr                 : [3.0000000000000004e-09]


Epoch : 144
Train MSE Loss     : 0.00002685	 | 	Train MAPE Loss     : 0.44272119
Valid MSE Loss     : 0.00016053	 | 	Valid MAPE Loss     : 0.94374067
lr                 : [3.0000000000000004e-09]


Epoch : 145
Train MSE Loss     : 0.00002404	 | 	Train MAPE Loss     : 0.41292498
Valid MSE Loss     : 0.00015588	 | 	Valid MAPE Loss     : 0.93735015
lr                 : [3.0000000000000004e-09]


Epoch : 146
Train MSE Loss     : 0.00002681	 | 	Train MAPE Loss     : 0.44267327
Valid MSE Loss     : 0.00015779	 | 	Valid MAPE Loss     : 0.93994290
lr                 : [3.0000000000000004e-09]


Epoch : 147
Train MSE Loss     : 0.00003036	 | 	Train MAPE Loss     : 0.47407711
Valid MSE Loss     : 0.00015668	 | 	Valid MAPE Loss     : 0.93921763
lr                 : [3.0000000000000004e-09]


Epoch : 148
Train MSE Loss     : 0.00002443	 | 	Train MAPE Loss     : 0.41646019
Valid MSE Loss     : 0.00016355	 | 	Valid MAPE Loss     : 0.94842392
lr                 : [3.0000000000000004e-09]


Epoch : 149
Train MSE Loss     : 0.00002943	 | 	Train MAPE Loss     : 0.46349290
Valid MSE Loss     : 0.00016365	 | 	Valid MAPE Loss     : 0.95101076
lr                 : [3.0000000000000004e-09]


Epoch : 150
Train MSE Loss     : 0.00002547	 | 	Train MAPE Loss     : 0.43100759
Valid MSE Loss     : 0.00015896	 | 	Valid MAPE Loss     : 0.94235861
lr                 : [3.0000000000000004e-09]


Evaluate on the Test set:
Test MAPE loss      :0.74668044	 | Test MSE loss      : 0.00007047

################## Training is Done! #########################
