=============================================
Dataset: cell_XJTU_batch3_prepocess_data
Mode:    supervised_with_contrast
=============================================
Training started ....

Epoch : 1
Train MSE Loss     : 1904.31555176	 | 	Train MAPE Loss     : 4388.25634766
Valid MSE Loss     : 2358.29199219	 | 	Valid MAPE Loss     : 5078.05322266
lr                 : [0.0003]


Epoch : 2
Train MSE Loss     : 1421.69091797	 | 	Train MAPE Loss     : 3846.00390625
Valid MSE Loss     : 145.18858337	 | 	Valid MAPE Loss     : 1282.66589355
lr                 : [0.0003]


Epoch : 3
Train MSE Loss     : 30.43391609	 | 	Train MAPE Loss     : 468.95312500
Valid MSE Loss     : 51.63920975	 | 	Valid MAPE Loss     : 741.94726562
lr                 : [0.0003]


Epoch : 4
Train MSE Loss     : 128.56230164	 | 	Train MAPE Loss     : 1082.75402832
Valid MSE Loss     : 163.58551025	 | 	Valid MAPE Loss     : 1341.23168945
lr                 : [0.0003]


Epoch : 5
Train MSE Loss     : 50.69295883	 | 	Train MAPE Loss     : 664.79113770
Valid MSE Loss     : 8.42051506	 | 	Valid MAPE Loss     : 249.38880920
lr                 : [0.0003]


Epoch : 6
Train MSE Loss     : 3.56941223	 | 	Train MAPE Loss     : 132.39341736
Valid MSE Loss     : 1.72246730	 | 	Valid MAPE Loss     : 110.49128723
lr                 : [0.0003]


Epoch : 7
Train MSE Loss     : 6.20100498	 | 	Train MAPE Loss     : 175.52580261
Valid MSE Loss     : 3.25310850	 | 	Valid MAPE Loss     : 180.37258911
lr                 : [0.0003]


Epoch : 8
Train MSE Loss     : 2.13431883	 | 	Train MAPE Loss     : 91.71460724
Valid MSE Loss     : 0.23902088	 | 	Valid MAPE Loss     : 48.08464050
lr                 : [0.0003]


Epoch : 9
Train MSE Loss     : 1.62734556	 | 	Train MAPE Loss     : 68.29926300
Valid MSE Loss     : 0.58507192	 | 	Valid MAPE Loss     : 73.44837952
lr                 : [0.0003]


Epoch : 10
Train MSE Loss     : 1.41737700	 | 	Train MAPE Loss     : 56.64329529
Valid MSE Loss     : 0.24913368	 | 	Valid MAPE Loss     : 41.14664459
lr                 : [0.0003]


Epoch : 11
Train MSE Loss     : 1.58221769	 | 	Train MAPE Loss     : 71.80545807
Valid MSE Loss     : 0.54491085	 | 	Valid MAPE Loss     : 77.66732788
lr                 : [0.0003]


Epoch : 12
Train MSE Loss     : 3.24830866	 | 	Train MAPE Loss     : 119.55908203
Valid MSE Loss     : 3.52950597	 | 	Valid MAPE Loss     : 160.76956177
lr                 : [0.0003]


Epoch : 13
Train MSE Loss     : 2.01262665	 | 	Train MAPE Loss     : 85.49647522
Valid MSE Loss     : 0.48786789	 | 	Valid MAPE Loss     : 60.18182373
lr                 : [0.0003]


Epoch : 14
Train MSE Loss     : 1.11049318	 | 	Train MAPE Loss     : 26.82717323
Valid MSE Loss     : 0.09692028	 | 	Valid MAPE Loss     : 27.68441010
lr                 : [0.0003]


Epoch : 15
Train MSE Loss     : 1.08374834	 | 	Train MAPE Loss     : 25.46904182
Valid MSE Loss     : 0.03856219	 | 	Valid MAPE Loss     : 18.22449112
lr                 : [0.0003]


Epoch : 16
Train MSE Loss     : 1.24289036	 | 	Train MAPE Loss     : 45.30384445
Valid MSE Loss     : 0.04506136	 | 	Valid MAPE Loss     : 20.89693642
lr                 : [0.0003]


Epoch : 17
Train MSE Loss     : 1.06723154	 | 	Train MAPE Loss     : 23.77171707
Valid MSE Loss     : 0.06890859	 | 	Valid MAPE Loss     : 26.60171890
lr                 : [0.0003]


Epoch : 18
Train MSE Loss     : 1.04735112	 | 	Train MAPE Loss     : 19.21007347
Valid MSE Loss     : 0.12448886	 | 	Valid MAPE Loss     : 35.99932861
lr                 : [0.0003]


Epoch : 19
Train MSE Loss     : 1.01828361	 | 	Train MAPE Loss     : 10.68407440
Valid MSE Loss     : 0.00395201	 | 	Valid MAPE Loss     : 4.68280554
lr                 : [0.0003]


Epoch : 20
Train MSE Loss     : 1.01344180	 | 	Train MAPE Loss     : 9.15056324
Valid MSE Loss     : 0.01018368	 | 	Valid MAPE Loss     : 10.09898949
lr                 : [0.0003]


Epoch : 21
Train MSE Loss     : 1.01277196	 | 	Train MAPE Loss     : 10.49512768
Valid MSE Loss     : 0.04281579	 | 	Valid MAPE Loss     : 21.07824707
lr                 : [0.0003]


Epoch : 22
Train MSE Loss     : 1.08177376	 | 	Train MAPE Loss     : 28.09187698
Valid MSE Loss     : 0.02894089	 | 	Valid MAPE Loss     : 17.13729477
lr                 : [0.0003]


Epoch : 23
Train MSE Loss     : 1.14385903	 | 	Train MAPE Loss     : 32.68298340
Valid MSE Loss     : 0.01110956	 | 	Valid MAPE Loss     : 8.22580910
lr                 : [0.0003]


Epoch : 24
Train MSE Loss     : 1.09901178	 | 	Train MAPE Loss     : 23.20917702
Valid MSE Loss     : 0.41928950	 | 	Valid MAPE Loss     : 66.71604156
lr                 : [0.0003]


Epoch : 25
Train MSE Loss     : 1.13386297	 | 	Train MAPE Loss     : 30.63856316
Valid MSE Loss     : 0.05505964	 | 	Valid MAPE Loss     : 24.72014236
lr                 : [0.0003]


Epoch : 26
Train MSE Loss     : 1.07093871	 | 	Train MAPE Loss     : 24.39994240
Valid MSE Loss     : 0.03558490	 | 	Valid MAPE Loss     : 19.40482330
lr                 : [0.0003]


Epoch : 27
Train MSE Loss     : 1.03501379	 | 	Train MAPE Loss     : 16.94205284
Valid MSE Loss     : 0.00030339	 | 	Valid MAPE Loss     : 1.48240888
lr                 : [0.0003]


Epoch : 28
Train MSE Loss     : 1.13660860	 | 	Train MAPE Loss     : 34.70446014
Valid MSE Loss     : 0.17426519	 | 	Valid MAPE Loss     : 43.48154068
lr                 : [0.0003]


Epoch : 29
Train MSE Loss     : 1.07077706	 | 	Train MAPE Loss     : 24.27556610
Valid MSE Loss     : 0.10845470	 | 	Valid MAPE Loss     : 32.87810898
lr                 : [0.0003]


Epoch : 30
Train MSE Loss     : 1.02951980	 | 	Train MAPE Loss     : 14.21902084
Valid MSE Loss     : 0.00570504	 | 	Valid MAPE Loss     : 7.17172384
lr                 : [0.0003]


Epoch : 31
Train MSE Loss     : 1.00572360	 | 	Train MAPE Loss     : 6.50443459
Valid MSE Loss     : 0.01408370	 | 	Valid MAPE Loss     : 12.41077614
lr                 : [0.0003]


Epoch : 32
Train MSE Loss     : 1.07964623	 | 	Train MAPE Loss     : 24.70627403
Valid MSE Loss     : 0.20236188	 | 	Valid MAPE Loss     : 47.19535828
lr                 : [0.0003]


Epoch : 33
Train MSE Loss     : 1.07092392	 | 	Train MAPE Loss     : 23.03804970
Valid MSE Loss     : 0.00195975	 | 	Valid MAPE Loss     : 4.32308102
lr                 : [0.0003]


Epoch : 34
Train MSE Loss     : 1.03296149	 | 	Train MAPE Loss     : 16.37877464
Valid MSE Loss     : 0.01452921	 | 	Valid MAPE Loss     : 11.98337078
lr                 : [0.0003]


Epoch : 35
Train MSE Loss     : 1.01723254	 | 	Train MAPE Loss     : 12.22654915
Valid MSE Loss     : 0.00935990	 | 	Valid MAPE Loss     : 9.75971794
lr                 : [0.0003]


Epoch : 36
Train MSE Loss     : 1.06468689	 | 	Train MAPE Loss     : 20.69387436
Valid MSE Loss     : 0.19285111	 | 	Valid MAPE Loss     : 46.78598785
lr                 : [0.0003]


Epoch : 37
Train MSE Loss     : 1.11348295	 | 	Train MAPE Loss     : 32.58105087
Valid MSE Loss     : 0.00124292	 | 	Valid MAPE Loss     : 2.59488153
lr                 : [0.0003]


Epoch : 38
Train MSE Loss     : 1.05553091	 | 	Train MAPE Loss     : 22.28381729
Valid MSE Loss     : 0.10367258	 | 	Valid MAPE Loss     : 32.45967484
lr                 : [2.9999999999999997e-05]


Epoch : 39
Train MSE Loss     : 1.06015968	 | 	Train MAPE Loss     : 23.77994347
Valid MSE Loss     : 0.01369293	 | 	Valid MAPE Loss     : 10.41299152
lr                 : [2.9999999999999997e-05]


Epoch : 40
Train MSE Loss     : 1.00315332	 | 	Train MAPE Loss     : 4.73840523
Valid MSE Loss     : 0.00223979	 | 	Valid MAPE Loss     : 4.97165775
lr                 : [2.9999999999999997e-05]


Epoch : 41
Train MSE Loss     : 1.00132918	 | 	Train MAPE Loss     : 3.31927776
Valid MSE Loss     : 0.00012929	 | 	Valid MAPE Loss     : 0.90219122
lr                 : [2.9999999999999997e-05]


Epoch : 42
Train MSE Loss     : 1.00087762	 | 	Train MAPE Loss     : 2.46774173
Valid MSE Loss     : 0.00072001	 | 	Valid MAPE Loss     : 2.61524820
lr                 : [2.9999999999999997e-05]


Epoch : 43
Train MSE Loss     : 1.00314522	 | 	Train MAPE Loss     : 5.30773449
Valid MSE Loss     : 0.00009911	 | 	Valid MAPE Loss     : 0.81341970
lr                 : [2.9999999999999997e-05]


Epoch : 44
Train MSE Loss     : 1.00052989	 | 	Train MAPE Loss     : 1.98885179
Valid MSE Loss     : 0.00010708	 | 	Valid MAPE Loss     : 0.83290267
lr                 : [2.9999999999999997e-05]


Epoch : 45
Train MSE Loss     : 1.00283539	 | 	Train MAPE Loss     : 5.19474459
Valid MSE Loss     : 0.00154792	 | 	Valid MAPE Loss     : 4.09723473
lr                 : [2.9999999999999997e-05]


Epoch : 46
Train MSE Loss     : 1.00362158	 | 	Train MAPE Loss     : 5.59673071
Valid MSE Loss     : 0.00300819	 | 	Valid MAPE Loss     : 5.55208111
lr                 : [2.9999999999999997e-05]


Epoch : 47
Train MSE Loss     : 1.00106752	 | 	Train MAPE Loss     : 3.09911418
Valid MSE Loss     : 0.00020068	 | 	Valid MAPE Loss     : 1.21247423
lr                 : [2.9999999999999997e-05]


Epoch : 48
Train MSE Loss     : 1.00051904	 | 	Train MAPE Loss     : 2.07839823
Valid MSE Loss     : 0.00005567	 | 	Valid MAPE Loss     : 0.59032530
lr                 : [2.9999999999999997e-05]


Epoch : 49
Train MSE Loss     : 1.00278652	 | 	Train MAPE Loss     : 4.79833031
Valid MSE Loss     : 0.00255619	 | 	Valid MAPE Loss     : 5.05072498
lr                 : [2.9999999999999997e-05]


Epoch : 50
Train MSE Loss     : 1.00098300	 | 	Train MAPE Loss     : 2.76080036
Valid MSE Loss     : 0.00027179	 | 	Valid MAPE Loss     : 1.59788632
lr                 : [2.9999999999999997e-05]


Epoch : 51
Train MSE Loss     : 1.00080395	 | 	Train MAPE Loss     : 2.47537756
Valid MSE Loss     : 0.00025043	 | 	Valid MAPE Loss     : 1.26051807
lr                 : [2.9999999999999997e-05]


Epoch : 52
Train MSE Loss     : 1.00025856	 | 	Train MAPE Loss     : 1.31943929
Valid MSE Loss     : 0.00022833	 | 	Valid MAPE Loss     : 1.39522147
lr                 : [2.9999999999999997e-05]


Epoch : 53
Train MSE Loss     : 1.00105309	 | 	Train MAPE Loss     : 2.95283175
Valid MSE Loss     : 0.00014588	 | 	Valid MAPE Loss     : 1.15869582
lr                 : [2.9999999999999997e-05]


Epoch : 54
Train MSE Loss     : 1.00076187	 | 	Train MAPE Loss     : 2.65293431
Valid MSE Loss     : 0.00015424	 | 	Valid MAPE Loss     : 1.18560386
lr                 : [2.9999999999999997e-05]


Epoch : 55
Train MSE Loss     : 1.00042832	 | 	Train MAPE Loss     : 1.75493121
Valid MSE Loss     : 0.00072236	 | 	Valid MAPE Loss     : 2.63060236
lr                 : [2.9999999999999997e-05]


Epoch : 56
Train MSE Loss     : 1.00169051	 | 	Train MAPE Loss     : 3.55859876
Valid MSE Loss     : 0.00430933	 | 	Valid MAPE Loss     : 6.97760582
lr                 : [2.9999999999999997e-05]


Epoch : 57
Train MSE Loss     : 1.00436676	 | 	Train MAPE Loss     : 6.25916862
Valid MSE Loss     : 0.00009703	 | 	Valid MAPE Loss     : 0.89055973
lr                 : [2.9999999999999997e-05]


Epoch : 58
Train MSE Loss     : 1.00117671	 | 	Train MAPE Loss     : 3.29058838
Valid MSE Loss     : 0.00006193	 | 	Valid MAPE Loss     : 0.64299589
lr                 : [2.9999999999999997e-05]


Epoch : 59
Train MSE Loss     : 1.00162840	 | 	Train MAPE Loss     : 3.67902923
Valid MSE Loss     : 0.00168432	 | 	Valid MAPE Loss     : 4.32348061
lr                 : [3e-06]


Epoch : 60
Train MSE Loss     : 1.00108325	 | 	Train MAPE Loss     : 3.13489532
Valid MSE Loss     : 0.00008371	 | 	Valid MAPE Loss     : 0.79204518
lr                 : [3e-06]


Epoch : 61
Train MSE Loss     : 1.00029588	 | 	Train MAPE Loss     : 1.63386488
Valid MSE Loss     : 0.00027545	 | 	Valid MAPE Loss     : 1.66079545
lr                 : [3e-06]


Epoch : 62
Train MSE Loss     : 1.00024402	 | 	Train MAPE Loss     : 1.33581495
Valid MSE Loss     : 0.00005443	 | 	Valid MAPE Loss     : 0.62693083
lr                 : [3e-06]


Epoch : 63
Train MSE Loss     : 1.00012672	 | 	Train MAPE Loss     : 0.90435916
Valid MSE Loss     : 0.00005591	 | 	Valid MAPE Loss     : 0.60823631
lr                 : [3e-06]


Epoch : 64
Train MSE Loss     : 1.00027120	 | 	Train MAPE Loss     : 1.39792228
Valid MSE Loss     : 0.00011917	 | 	Valid MAPE Loss     : 1.03635871
lr                 : [3e-06]


Epoch : 65
Train MSE Loss     : 1.00012922	 | 	Train MAPE Loss     : 0.97514534
Valid MSE Loss     : 0.00004948	 | 	Valid MAPE Loss     : 0.60797083
lr                 : [3e-06]


Epoch : 66
Train MSE Loss     : 1.00051117	 | 	Train MAPE Loss     : 2.09069538
Valid MSE Loss     : 0.00016103	 | 	Valid MAPE Loss     : 1.24673355
lr                 : [3e-06]


Epoch : 67
Train MSE Loss     : 1.00025678	 | 	Train MAPE Loss     : 1.45027733
Valid MSE Loss     : 0.00002959	 | 	Valid MAPE Loss     : 0.42645875
lr                 : [3e-06]


Epoch : 68
Train MSE Loss     : 1.00019753	 | 	Train MAPE Loss     : 1.26959503
Valid MSE Loss     : 0.00003799	 | 	Valid MAPE Loss     : 0.49813929
lr                 : [3e-06]


Epoch : 69
Train MSE Loss     : 1.00014317	 | 	Train MAPE Loss     : 0.96144706
Valid MSE Loss     : 0.00004215	 | 	Valid MAPE Loss     : 0.55680275
lr                 : [3e-06]


Epoch : 70
Train MSE Loss     : 1.00016987	 | 	Train MAPE Loss     : 1.22762930
Valid MSE Loss     : 0.00010334	 | 	Valid MAPE Loss     : 0.94895685
lr                 : [3e-06]


Epoch : 71
Train MSE Loss     : 1.00023544	 | 	Train MAPE Loss     : 1.29340470
Valid MSE Loss     : 0.00012825	 | 	Valid MAPE Loss     : 1.08910465
lr                 : [3e-06]


Epoch : 72
Train MSE Loss     : 1.00022840	 | 	Train MAPE Loss     : 1.31685317
Valid MSE Loss     : 0.00003350	 | 	Valid MAPE Loss     : 0.47907907
lr                 : [3e-06]


Epoch : 73
Train MSE Loss     : 1.00020921	 | 	Train MAPE Loss     : 1.18960607
Valid MSE Loss     : 0.00009089	 | 	Valid MAPE Loss     : 0.87095624
lr                 : [3e-06]


Epoch : 74
Train MSE Loss     : 1.00018525	 | 	Train MAPE Loss     : 1.11363077
Valid MSE Loss     : 0.00003396	 | 	Valid MAPE Loss     : 0.43572578
lr                 : [3e-06]


Epoch : 75
Train MSE Loss     : 1.00033760	 | 	Train MAPE Loss     : 1.49569345
Valid MSE Loss     : 0.00020742	 | 	Valid MAPE Loss     : 1.43099308
lr                 : [3e-06]


Epoch : 76
Train MSE Loss     : 1.00013793	 | 	Train MAPE Loss     : 1.02669358
Valid MSE Loss     : 0.00003093	 | 	Valid MAPE Loss     : 0.41753322
lr                 : [3e-06]


Epoch : 77
Train MSE Loss     : 1.00019825	 | 	Train MAPE Loss     : 1.09946418
Valid MSE Loss     : 0.00006637	 | 	Valid MAPE Loss     : 0.73940843
lr                 : [3e-06]


Epoch : 78
Train MSE Loss     : 1.00015211	 | 	Train MAPE Loss     : 1.07340038
Valid MSE Loss     : 0.00003124	 | 	Valid MAPE Loss     : 0.44702870
lr                 : [3e-06]


Epoch : 79
Train MSE Loss     : 1.00017035	 | 	Train MAPE Loss     : 1.14591849
Valid MSE Loss     : 0.00004846	 | 	Valid MAPE Loss     : 0.61224228
lr                 : [3e-06]


Epoch : 80
Train MSE Loss     : 1.00024843	 | 	Train MAPE Loss     : 1.22001410
Valid MSE Loss     : 0.00005256	 | 	Valid MAPE Loss     : 0.60526019
lr                 : [3e-06]


Epoch : 81
Train MSE Loss     : 1.00010145	 | 	Train MAPE Loss     : 0.80879796
Valid MSE Loss     : 0.00003669	 | 	Valid MAPE Loss     : 0.48167697
lr                 : [3e-06]


Epoch : 82
Train MSE Loss     : 1.00010812	 | 	Train MAPE Loss     : 0.90278596
Valid MSE Loss     : 0.00003780	 | 	Valid MAPE Loss     : 0.52274734
lr                 : [3e-06]


Epoch : 83
Train MSE Loss     : 1.00009084	 | 	Train MAPE Loss     : 0.76110852
Valid MSE Loss     : 0.00006976	 | 	Valid MAPE Loss     : 0.77081424
lr                 : [3e-06]


Epoch : 84
Train MSE Loss     : 1.00015020	 | 	Train MAPE Loss     : 0.94478703
Valid MSE Loss     : 0.00006474	 | 	Valid MAPE Loss     : 0.72365773
lr                 : [3e-06]


Epoch : 85
Train MSE Loss     : 1.00019014	 | 	Train MAPE Loss     : 1.26806819
Valid MSE Loss     : 0.00008045	 | 	Valid MAPE Loss     : 0.80453634
lr                 : [3e-06]


Epoch : 86
Train MSE Loss     : 1.00018501	 | 	Train MAPE Loss     : 1.23432314
Valid MSE Loss     : 0.00008768	 | 	Valid MAPE Loss     : 0.88110763
lr                 : [3e-06]


Epoch : 87
Train MSE Loss     : 1.00024605	 | 	Train MAPE Loss     : 1.35314369
Valid MSE Loss     : 0.00022479	 | 	Valid MAPE Loss     : 1.49141371
lr                 : [3.0000000000000004e-07]


Epoch : 88
Train MSE Loss     : 1.00010061	 | 	Train MAPE Loss     : 0.80542666
Valid MSE Loss     : 0.00004983	 | 	Valid MAPE Loss     : 0.62532562
lr                 : [3.0000000000000004e-07]


Epoch : 89
Train MSE Loss     : 1.00010443	 | 	Train MAPE Loss     : 0.89685279
Valid MSE Loss     : 0.00003099	 | 	Valid MAPE Loss     : 0.46157789
lr                 : [3.0000000000000004e-07]


Epoch : 90
Train MSE Loss     : 1.00007820	 | 	Train MAPE Loss     : 0.70374966
Valid MSE Loss     : 0.00004159	 | 	Valid MAPE Loss     : 0.55637610
lr                 : [3.0000000000000004e-07]


Epoch : 91
Train MSE Loss     : 1.00008202	 | 	Train MAPE Loss     : 0.78238058
Valid MSE Loss     : 0.00002892	 | 	Valid MAPE Loss     : 0.43841326
lr                 : [3.0000000000000004e-07]


Epoch : 92
Train MSE Loss     : 1.00018823	 | 	Train MAPE Loss     : 1.17027521
Valid MSE Loss     : 0.00004229	 | 	Valid MAPE Loss     : 0.55990386
lr                 : [3.0000000000000004e-07]


Epoch : 93
Train MSE Loss     : 1.00010121	 | 	Train MAPE Loss     : 0.82831657
Valid MSE Loss     : 0.00003774	 | 	Valid MAPE Loss     : 0.51820028
lr                 : [3.0000000000000004e-07]


Epoch : 94
Train MSE Loss     : 1.00013280	 | 	Train MAPE Loss     : 1.04812217
Valid MSE Loss     : 0.00003685	 | 	Valid MAPE Loss     : 0.51688451
lr                 : [3.0000000000000004e-07]


Epoch : 95
Train MSE Loss     : 1.00010443	 | 	Train MAPE Loss     : 0.90150028
Valid MSE Loss     : 0.00003646	 | 	Valid MAPE Loss     : 0.51634490
lr                 : [3.0000000000000004e-07]


Epoch : 96
Train MSE Loss     : 1.00017345	 | 	Train MAPE Loss     : 1.19369030
Valid MSE Loss     : 0.00003312	 | 	Valid MAPE Loss     : 0.48566344
lr                 : [3.0000000000000004e-07]


Epoch : 97
Train MSE Loss     : 1.00012064	 | 	Train MAPE Loss     : 0.97581208
Valid MSE Loss     : 0.00002877	 | 	Valid MAPE Loss     : 0.41064870
lr                 : [3.0000000000000004e-07]


Epoch : 98
Train MSE Loss     : 1.00013375	 | 	Train MAPE Loss     : 1.02504849
Valid MSE Loss     : 0.00003452	 | 	Valid MAPE Loss     : 0.49232659
lr                 : [3.0000000000000004e-07]


Epoch : 99
Train MSE Loss     : 1.00013721	 | 	Train MAPE Loss     : 1.05479777
Valid MSE Loss     : 0.00006405	 | 	Valid MAPE Loss     : 0.72598886
lr                 : [3.0000000000000004e-07]


Epoch : 100
Train MSE Loss     : 1.00018787	 | 	Train MAPE Loss     : 1.23520517
Valid MSE Loss     : 0.00002726	 | 	Valid MAPE Loss     : 0.41018328
lr                 : [3.0000000000000004e-07]


Epoch : 101
Train MSE Loss     : 1.00011086	 | 	Train MAPE Loss     : 0.91446304
Valid MSE Loss     : 0.00002747	 | 	Valid MAPE Loss     : 0.40143496
lr                 : [3.0000000000000004e-07]


Epoch : 102
Train MSE Loss     : 1.00022042	 | 	Train MAPE Loss     : 1.22175908
Valid MSE Loss     : 0.00005173	 | 	Valid MAPE Loss     : 0.64342511
lr                 : [3.0000000000000004e-07]


Epoch : 103
Train MSE Loss     : 1.00012910	 | 	Train MAPE Loss     : 0.96117157
Valid MSE Loss     : 0.00002757	 | 	Valid MAPE Loss     : 0.43075860
lr                 : [3.0000000000000004e-07]


Epoch : 104
Train MSE Loss     : 1.00016153	 | 	Train MAPE Loss     : 1.17230046
Valid MSE Loss     : 0.00003851	 | 	Valid MAPE Loss     : 0.49747357
lr                 : [3.0000000000000004e-07]


Epoch : 105
Train MSE Loss     : 1.00018167	 | 	Train MAPE Loss     : 1.16746974
Valid MSE Loss     : 0.00010238	 | 	Valid MAPE Loss     : 0.95656824
lr                 : [3.0000000000000004e-07]


Epoch : 106
Train MSE Loss     : 1.00012529	 | 	Train MAPE Loss     : 0.94604373
Valid MSE Loss     : 0.00006541	 | 	Valid MAPE Loss     : 0.73903584
lr                 : [3.0000000000000004e-07]


Epoch : 107
Train MSE Loss     : 1.00010419	 | 	Train MAPE Loss     : 0.86878753
Valid MSE Loss     : 0.00006084	 | 	Valid MAPE Loss     : 0.68003070
lr                 : [3.0000000000000004e-07]


Epoch : 108
Train MSE Loss     : 1.00011873	 | 	Train MAPE Loss     : 0.93315136
Valid MSE Loss     : 0.00002412	 | 	Valid MAPE Loss     : 0.38509589
lr                 : [3.0000000000000004e-07]


Epoch : 109
Train MSE Loss     : 1.00014794	 | 	Train MAPE Loss     : 1.02943969
Valid MSE Loss     : 0.00007398	 | 	Valid MAPE Loss     : 0.80087507
lr                 : [3.0000000000000004e-07]


Epoch : 110
Train MSE Loss     : 1.00008523	 | 	Train MAPE Loss     : 0.80867600
Valid MSE Loss     : 0.00003738	 | 	Valid MAPE Loss     : 0.52014458
lr                 : [3.0000000000000004e-07]


Epoch : 111
Train MSE Loss     : 1.00016320	 | 	Train MAPE Loss     : 1.17345130
Valid MSE Loss     : 0.00002499	 | 	Valid MAPE Loss     : 0.39051962
lr                 : [3.0000000000000004e-07]


Epoch : 112
Train MSE Loss     : 1.00012255	 | 	Train MAPE Loss     : 0.91286933
Valid MSE Loss     : 0.00003913	 | 	Valid MAPE Loss     : 0.50978470
lr                 : [3.0000000000000004e-07]


Epoch : 113
Train MSE Loss     : 1.00011444	 | 	Train MAPE Loss     : 0.93883622
Valid MSE Loss     : 0.00003798	 | 	Valid MAPE Loss     : 0.52688837
lr                 : [3.0000000000000004e-07]


Epoch : 114
Train MSE Loss     : 1.00012827	 | 	Train MAPE Loss     : 0.93961948
Valid MSE Loss     : 0.00002987	 | 	Valid MAPE Loss     : 0.44131064
lr                 : [3.0000000000000004e-07]


Epoch : 115
Train MSE Loss     : 1.00016630	 | 	Train MAPE Loss     : 1.07262099
Valid MSE Loss     : 0.00004103	 | 	Valid MAPE Loss     : 0.55286115
lr                 : [3.0000000000000004e-07]


Epoch : 116
Train MSE Loss     : 1.00010204	 | 	Train MAPE Loss     : 0.90343136
Valid MSE Loss     : 0.00002954	 | 	Valid MAPE Loss     : 0.44771814
lr                 : [3.0000000000000004e-07]


Epoch : 117
Train MSE Loss     : 1.00014091	 | 	Train MAPE Loss     : 1.06759691
Valid MSE Loss     : 0.00005787	 | 	Valid MAPE Loss     : 0.68623626
lr                 : [3.0000000000000004e-07]


Epoch : 118
Train MSE Loss     : 1.00013840	 | 	Train MAPE Loss     : 1.03472841
Valid MSE Loss     : 0.00002530	 | 	Valid MAPE Loss     : 0.39969090
lr                 : [3.0000000000000004e-07]


Epoch : 119
Train MSE Loss     : 1.00012207	 | 	Train MAPE Loss     : 0.97529984
Valid MSE Loss     : 0.00005137	 | 	Valid MAPE Loss     : 0.60506421
lr                 : [3.0000000000000004e-08]


Epoch : 120
Train MSE Loss     : 1.00016308	 | 	Train MAPE Loss     : 1.14216149
Valid MSE Loss     : 0.00003023	 | 	Valid MAPE Loss     : 0.43968225
lr                 : [3.0000000000000004e-08]


Epoch : 121
Train MSE Loss     : 1.00010407	 | 	Train MAPE Loss     : 0.86685836
Valid MSE Loss     : 0.00004292	 | 	Valid MAPE Loss     : 0.56446248
lr                 : [3.0000000000000004e-08]


Epoch : 122
Train MSE Loss     : 1.00009704	 | 	Train MAPE Loss     : 0.90721059
Valid MSE Loss     : 0.00003136	 | 	Valid MAPE Loss     : 0.42269129
lr                 : [3.0000000000000004e-08]


Epoch : 123
Train MSE Loss     : 1.00013888	 | 	Train MAPE Loss     : 0.94528455
Valid MSE Loss     : 0.00017008	 | 	Valid MAPE Loss     : 1.26672506
lr                 : [3.0000000000000004e-08]


Epoch : 124
Train MSE Loss     : 1.00013876	 | 	Train MAPE Loss     : 0.96624660
Valid MSE Loss     : 0.00005053	 | 	Valid MAPE Loss     : 0.63568401
lr                 : [3.0000000000000004e-08]


Epoch : 125
Train MSE Loss     : 1.00014544	 | 	Train MAPE Loss     : 1.01554251
Valid MSE Loss     : 0.00003445	 | 	Valid MAPE Loss     : 0.49554560
lr                 : [3.0000000000000004e-08]


Epoch : 126
Train MSE Loss     : 1.00006306	 | 	Train MAPE Loss     : 0.70328265
Valid MSE Loss     : 0.00002659	 | 	Valid MAPE Loss     : 0.41273004
lr                 : [3.0000000000000004e-08]


Epoch : 127
Train MSE Loss     : 1.00013685	 | 	Train MAPE Loss     : 1.01130867
Valid MSE Loss     : 0.00002519	 | 	Valid MAPE Loss     : 0.39504221
lr                 : [3.0000000000000004e-08]


Epoch : 128
Train MSE Loss     : 1.00014412	 | 	Train MAPE Loss     : 1.05885291
Valid MSE Loss     : 0.00002686	 | 	Valid MAPE Loss     : 0.41955015
lr                 : [3.0000000000000004e-08]


Epoch : 129
Train MSE Loss     : 1.00010872	 | 	Train MAPE Loss     : 0.90389931
Valid MSE Loss     : 0.00002866	 | 	Valid MAPE Loss     : 0.44056723
lr                 : [3.0000000000000004e-08]


Epoch : 130
Train MSE Loss     : 1.00013077	 | 	Train MAPE Loss     : 0.96221650
Valid MSE Loss     : 0.00002909	 | 	Valid MAPE Loss     : 0.41848689
lr                 : [3.0000000000000004e-09]


Epoch : 131
Train MSE Loss     : 1.00012422	 | 	Train MAPE Loss     : 1.01644003
Valid MSE Loss     : 0.00006031	 | 	Valid MAPE Loss     : 0.70476037
lr                 : [3.0000000000000004e-09]


Epoch : 132
Train MSE Loss     : 1.00015950	 | 	Train MAPE Loss     : 1.08082056
Valid MSE Loss     : 0.00002648	 | 	Valid MAPE Loss     : 0.41759419
lr                 : [3.0000000000000004e-09]


Epoch : 133
Train MSE Loss     : 1.00010848	 | 	Train MAPE Loss     : 0.82010633
Valid MSE Loss     : 0.00003057	 | 	Valid MAPE Loss     : 0.46052060
lr                 : [3.0000000000000004e-09]


Epoch : 134
Train MSE Loss     : 1.00010514	 | 	Train MAPE Loss     : 0.84681672
Valid MSE Loss     : 0.00004415	 | 	Valid MAPE Loss     : 0.56219953
lr                 : [3.0000000000000004e-09]


Epoch : 135
Train MSE Loss     : 1.00008535	 | 	Train MAPE Loss     : 0.75298649
Valid MSE Loss     : 0.00002837	 | 	Valid MAPE Loss     : 0.41046196
lr                 : [3.0000000000000004e-09]


Epoch : 136
Train MSE Loss     : 1.00011492	 | 	Train MAPE Loss     : 0.93201911
Valid MSE Loss     : 0.00003056	 | 	Valid MAPE Loss     : 0.45778707
lr                 : [3.0000000000000004e-09]


Epoch : 137
Train MSE Loss     : 1.00022233	 | 	Train MAPE Loss     : 1.34879029
Valid MSE Loss     : 0.00007373	 | 	Valid MAPE Loss     : 0.78664446
lr                 : [3.0000000000000004e-09]


Epoch : 138
Train MSE Loss     : 1.00012589	 | 	Train MAPE Loss     : 0.95622063
Valid MSE Loss     : 0.00002573	 | 	Valid MAPE Loss     : 0.39382538
lr                 : [3.0000000000000004e-09]


Epoch : 139
Train MSE Loss     : 1.00010812	 | 	Train MAPE Loss     : 0.84804517
Valid MSE Loss     : 0.00003346	 | 	Valid MAPE Loss     : 0.48863474
lr                 : [3.0000000000000004e-09]


Epoch : 140
Train MSE Loss     : 1.00013590	 | 	Train MAPE Loss     : 1.02896190
Valid MSE Loss     : 0.00002646	 | 	Valid MAPE Loss     : 0.39752561
lr                 : [3.0000000000000004e-09]


Epoch : 141
Train MSE Loss     : 1.00009942	 | 	Train MAPE Loss     : 0.84844428
Valid MSE Loss     : 0.00003360	 | 	Valid MAPE Loss     : 0.48283452
lr                 : [3.0000000000000004e-09]


Epoch : 142
Train MSE Loss     : 1.00010264	 | 	Train MAPE Loss     : 0.87996346
Valid MSE Loss     : 0.00004560	 | 	Valid MAPE Loss     : 0.59547698
lr                 : [3.0000000000000004e-09]


Epoch : 143
Train MSE Loss     : 1.00012159	 | 	Train MAPE Loss     : 0.98355949
Valid MSE Loss     : 0.00002618	 | 	Valid MAPE Loss     : 0.41332802
lr                 : [3.0000000000000004e-09]


Epoch : 144
Train MSE Loss     : 1.00013018	 | 	Train MAPE Loss     : 0.99095947
Valid MSE Loss     : 0.00003452	 | 	Valid MAPE Loss     : 0.49374855
lr                 : [3.0000000000000004e-09]


Epoch : 145
Train MSE Loss     : 1.00015235	 | 	Train MAPE Loss     : 1.06810272
Valid MSE Loss     : 0.00003049	 | 	Valid MAPE Loss     : 0.45681453
lr                 : [3.0000000000000004e-09]


Epoch : 146
Train MSE Loss     : 1.00012624	 | 	Train MAPE Loss     : 0.99563175
Valid MSE Loss     : 0.00003366	 | 	Valid MAPE Loss     : 0.48583245
lr                 : [3.0000000000000004e-09]


Epoch : 147
Train MSE Loss     : 1.00009012	 | 	Train MAPE Loss     : 0.83010775
Valid MSE Loss     : 0.00005091	 | 	Valid MAPE Loss     : 0.63408315
lr                 : [3.0000000000000004e-09]


Epoch : 148
Train MSE Loss     : 1.00012934	 | 	Train MAPE Loss     : 0.98291820
Valid MSE Loss     : 0.00003998	 | 	Valid MAPE Loss     : 0.54625887
lr                 : [3.0000000000000004e-09]


Epoch : 149
Train MSE Loss     : 1.00017977	 | 	Train MAPE Loss     : 1.17509818
Valid MSE Loss     : 0.00003128	 | 	Valid MAPE Loss     : 0.43765432
lr                 : [3.0000000000000004e-09]


Epoch : 150
Train MSE Loss     : 1.00009203	 | 	Train MAPE Loss     : 0.81705445
Valid MSE Loss     : 0.00005710	 | 	Valid MAPE Loss     : 0.68255281
lr                 : [3.0000000000000004e-09]


Evaluate on the Test set:
Test MAPE loss      :0.75864464	 | Test MSE loss      : 0.00115977

################## Training is Done! #########################
