=============================================
Dataset: cell_XJTU_batch3_prepocess_data
Mode:    supervised_with_contrast
=============================================
Training started ....

Epoch : 1
Train MSE Loss     : 1.46761703	 | 	Train MAPE Loss     : 28.26250458
Valid MSE Loss     : 0.00487593	 | 	Valid MAPE Loss     : 5.45605659
lr                 : [0.0003]


Epoch : 2
Train MSE Loss     : 1.01187134	 | 	Train MAPE Loss     : 7.24082947
Valid MSE Loss     : 0.00076536	 | 	Valid MAPE Loss     : 2.35537529
lr                 : [0.0003]


Epoch : 3
Train MSE Loss     : 1.07923782	 | 	Train MAPE Loss     : 16.24454498
Valid MSE Loss     : 0.04340171	 | 	Valid MAPE Loss     : 20.98158264
lr                 : [0.0003]


Epoch : 4
Train MSE Loss     : 1.01644564	 | 	Train MAPE Loss     : 8.66107941
Valid MSE Loss     : 0.00175296	 | 	Valid MAPE Loss     : 4.40654659
lr                 : [0.0003]


Epoch : 5
Train MSE Loss     : 1.07495499	 | 	Train MAPE Loss     : 12.84838963
Valid MSE Loss     : 0.00114349	 | 	Valid MAPE Loss     : 3.27672505
lr                 : [0.0003]


Epoch : 6
Train MSE Loss     : 1.06482935	 | 	Train MAPE Loss     : 11.12505054
Valid MSE Loss     : 0.00882105	 | 	Valid MAPE Loss     : 5.46569729
lr                 : [0.0003]


Epoch : 7
Train MSE Loss     : 1.02371967	 | 	Train MAPE Loss     : 11.19795322
Valid MSE Loss     : 0.00183199	 | 	Valid MAPE Loss     : 3.73432279
lr                 : [0.0003]


Epoch : 8
Train MSE Loss     : 1.03387153	 | 	Train MAPE Loss     : 9.93806362
Valid MSE Loss     : 0.01215279	 | 	Valid MAPE Loss     : 11.02539921
lr                 : [0.0003]


Epoch : 9
Train MSE Loss     : 1.01249015	 | 	Train MAPE Loss     : 7.43081856
Valid MSE Loss     : 0.00349513	 | 	Valid MAPE Loss     : 6.20080423
lr                 : [0.0003]


Epoch : 10
Train MSE Loss     : 1.03015924	 | 	Train MAPE Loss     : 9.50353336
Valid MSE Loss     : 0.00289725	 | 	Valid MAPE Loss     : 5.54839420
lr                 : [0.0003]


Epoch : 11
Train MSE Loss     : 1.06330407	 | 	Train MAPE Loss     : 10.95966053
Valid MSE Loss     : 0.02965937	 | 	Valid MAPE Loss     : 17.76799202
lr                 : [0.0003]


Epoch : 12
Train MSE Loss     : 1.01939189	 | 	Train MAPE Loss     : 9.70253944
Valid MSE Loss     : 0.00059295	 | 	Valid MAPE Loss     : 2.42043519
lr                 : [0.0003]


Epoch : 13
Train MSE Loss     : 1.05820072	 | 	Train MAPE Loss     : 16.85508919
Valid MSE Loss     : 0.00046714	 | 	Valid MAPE Loss     : 1.99653006
lr                 : [0.0003]


Epoch : 14
Train MSE Loss     : 1.05421460	 | 	Train MAPE Loss     : 14.88372803
Valid MSE Loss     : 0.01160558	 | 	Valid MAPE Loss     : 11.56676102
lr                 : [0.0003]


Epoch : 15
Train MSE Loss     : 1.01751471	 | 	Train MAPE Loss     : 11.32312202
Valid MSE Loss     : 0.02123391	 | 	Valid MAPE Loss     : 15.55804443
lr                 : [0.0003]


Epoch : 16
Train MSE Loss     : 1.02003062	 | 	Train MAPE Loss     : 11.76243687
Valid MSE Loss     : 0.00231507	 | 	Valid MAPE Loss     : 4.71962690
lr                 : [0.0003]


Epoch : 17
Train MSE Loss     : 1.00962746	 | 	Train MAPE Loss     : 5.58532000
Valid MSE Loss     : 0.00451455	 | 	Valid MAPE Loss     : 4.56121111
lr                 : [0.0003]


Epoch : 18
Train MSE Loss     : 1.05929780	 | 	Train MAPE Loss     : 7.29610014
Valid MSE Loss     : 0.04433390	 | 	Valid MAPE Loss     : 10.56163788
lr                 : [0.0003]


Epoch : 19
Train MSE Loss     : 1.13609540	 | 	Train MAPE Loss     : 15.76983738
Valid MSE Loss     : 0.00388881	 | 	Valid MAPE Loss     : 5.76827812
lr                 : [0.0003]


Epoch : 20
Train MSE Loss     : 1.22217166	 | 	Train MAPE Loss     : 14.98772526
Valid MSE Loss     : 0.07734401	 | 	Valid MAPE Loss     : 10.08321381
lr                 : [0.0003]


Epoch : 21
Train MSE Loss     : 1.14050150	 | 	Train MAPE Loss     : 10.88994694
Valid MSE Loss     : 0.00234515	 | 	Valid MAPE Loss     : 4.55621433
lr                 : [0.0003]


Epoch : 22
Train MSE Loss     : 1.00952482	 | 	Train MAPE Loss     : 5.89078045
Valid MSE Loss     : 0.00413598	 | 	Valid MAPE Loss     : 4.58784389
lr                 : [0.0003]


Epoch : 23
Train MSE Loss     : 1.07737684	 | 	Train MAPE Loss     : 13.47509098
Valid MSE Loss     : 0.00762584	 | 	Valid MAPE Loss     : 3.40048957
lr                 : [0.0003]


Epoch : 24
Train MSE Loss     : 1.01336789	 | 	Train MAPE Loss     : 8.08149910
Valid MSE Loss     : 0.01316253	 | 	Valid MAPE Loss     : 12.03081608
lr                 : [2.9999999999999997e-05]


Epoch : 25
Train MSE Loss     : 1.04652536	 | 	Train MAPE Loss     : 16.70571136
Valid MSE Loss     : 0.01672199	 | 	Valid MAPE Loss     : 13.74795151
lr                 : [2.9999999999999997e-05]


Epoch : 26
Train MSE Loss     : 1.01019907	 | 	Train MAPE Loss     : 8.89307594
Valid MSE Loss     : 0.00056186	 | 	Valid MAPE Loss     : 2.42407846
lr                 : [2.9999999999999997e-05]


Epoch : 27
Train MSE Loss     : 1.00227082	 | 	Train MAPE Loss     : 4.40058851
Valid MSE Loss     : 0.00011769	 | 	Valid MAPE Loss     : 0.99031496
lr                 : [2.9999999999999997e-05]


Epoch : 28
Train MSE Loss     : 1.00149608	 | 	Train MAPE Loss     : 2.12080312
Valid MSE Loss     : 0.00025907	 | 	Valid MAPE Loss     : 1.59841895
lr                 : [2.9999999999999997e-05]


Epoch : 29
Train MSE Loss     : 1.00025737	 | 	Train MAPE Loss     : 1.37334239
Valid MSE Loss     : 0.00009524	 | 	Valid MAPE Loss     : 0.89448225
lr                 : [2.9999999999999997e-05]


Epoch : 30
Train MSE Loss     : 1.00019121	 | 	Train MAPE Loss     : 1.10396481
Valid MSE Loss     : 0.00004133	 | 	Valid MAPE Loss     : 0.53191990
lr                 : [2.9999999999999997e-05]


Epoch : 31
Train MSE Loss     : 1.00011396	 | 	Train MAPE Loss     : 0.92955106
Valid MSE Loss     : 0.00003095	 | 	Valid MAPE Loss     : 0.43486246
lr                 : [2.9999999999999997e-05]


Epoch : 32
Train MSE Loss     : 1.00009787	 | 	Train MAPE Loss     : 0.80965954
Valid MSE Loss     : 0.00004145	 | 	Valid MAPE Loss     : 0.53644609
lr                 : [2.9999999999999997e-05]


Epoch : 33
Train MSE Loss     : 1.00016546	 | 	Train MAPE Loss     : 1.10629690
Valid MSE Loss     : 0.00005394	 | 	Valid MAPE Loss     : 0.61799085
lr                 : [2.9999999999999997e-05]


Epoch : 34
Train MSE Loss     : 1.00008261	 | 	Train MAPE Loss     : 0.72731298
Valid MSE Loss     : 0.00003427	 | 	Valid MAPE Loss     : 0.48306346
lr                 : [2.9999999999999997e-05]


Epoch : 35
Train MSE Loss     : 1.00006497	 | 	Train MAPE Loss     : 0.66892487
Valid MSE Loss     : 0.00005642	 | 	Valid MAPE Loss     : 0.67657924
lr                 : [2.9999999999999997e-05]


Epoch : 36
Train MSE Loss     : 1.00006676	 | 	Train MAPE Loss     : 0.67513770
Valid MSE Loss     : 0.00004584	 | 	Valid MAPE Loss     : 0.59351051
lr                 : [2.9999999999999997e-05]


Epoch : 37
Train MSE Loss     : 1.00083852	 | 	Train MAPE Loss     : 1.29517627
Valid MSE Loss     : 0.00003435	 | 	Valid MAPE Loss     : 0.48445597
lr                 : [2.9999999999999997e-05]


Epoch : 38
Train MSE Loss     : 1.00006819	 | 	Train MAPE Loss     : 0.69716042
Valid MSE Loss     : 0.00005196	 | 	Valid MAPE Loss     : 0.60363358
lr                 : [2.9999999999999997e-05]


Epoch : 39
Train MSE Loss     : 1.00004458	 | 	Train MAPE Loss     : 0.55612582
Valid MSE Loss     : 0.00002832	 | 	Valid MAPE Loss     : 0.40458530
lr                 : [2.9999999999999997e-05]


Epoch : 40
Train MSE Loss     : 1.00006187	 | 	Train MAPE Loss     : 0.61274391
Valid MSE Loss     : 0.00002973	 | 	Valid MAPE Loss     : 0.43149033
lr                 : [2.9999999999999997e-05]


Epoch : 41
Train MSE Loss     : 1.00003731	 | 	Train MAPE Loss     : 0.49540880
Valid MSE Loss     : 0.00002986	 | 	Valid MAPE Loss     : 0.43816575
lr                 : [2.9999999999999997e-05]


Epoch : 42
Train MSE Loss     : 1.00003552	 | 	Train MAPE Loss     : 0.48724765
Valid MSE Loss     : 0.00002635	 | 	Valid MAPE Loss     : 0.40490499
lr                 : [2.9999999999999997e-05]


Epoch : 43
Train MSE Loss     : 1.00004029	 | 	Train MAPE Loss     : 0.53081393
Valid MSE Loss     : 0.00002375	 | 	Valid MAPE Loss     : 0.37841678
lr                 : [2.9999999999999997e-05]


Epoch : 44
Train MSE Loss     : 1.00004911	 | 	Train MAPE Loss     : 0.58849216
Valid MSE Loss     : 0.00005048	 | 	Valid MAPE Loss     : 0.61167330
lr                 : [2.9999999999999997e-05]


Epoch : 45
Train MSE Loss     : 1.00011623	 | 	Train MAPE Loss     : 0.81026226
Valid MSE Loss     : 0.00003836	 | 	Valid MAPE Loss     : 0.45521984
lr                 : [2.9999999999999997e-05]


Epoch : 46
Train MSE Loss     : 1.00004148	 | 	Train MAPE Loss     : 0.49813938
Valid MSE Loss     : 0.00003557	 | 	Valid MAPE Loss     : 0.50612301
lr                 : [2.9999999999999997e-05]


Epoch : 47
Train MSE Loss     : 1.00005484	 | 	Train MAPE Loss     : 0.58460450
Valid MSE Loss     : 0.00002338	 | 	Valid MAPE Loss     : 0.38968027
lr                 : [2.9999999999999997e-05]


Epoch : 48
Train MSE Loss     : 1.00004566	 | 	Train MAPE Loss     : 0.54681897
Valid MSE Loss     : 0.00003598	 | 	Valid MAPE Loss     : 0.51907760
lr                 : [2.9999999999999997e-05]


Epoch : 49
Train MSE Loss     : 1.00004041	 | 	Train MAPE Loss     : 0.51602471
Valid MSE Loss     : 0.00002247	 | 	Valid MAPE Loss     : 0.35837397
lr                 : [2.9999999999999997e-05]


Epoch : 50
Train MSE Loss     : 1.00003636	 | 	Train MAPE Loss     : 0.50696003
Valid MSE Loss     : 0.00002110	 | 	Valid MAPE Loss     : 0.33922404
lr                 : [2.9999999999999997e-05]


Epoch : 51
Train MSE Loss     : 1.00005841	 | 	Train MAPE Loss     : 0.57548243
Valid MSE Loss     : 0.00007155	 | 	Valid MAPE Loss     : 0.75976813
lr                 : [2.9999999999999997e-05]


Epoch : 52
Train MSE Loss     : 1.00005805	 | 	Train MAPE Loss     : 0.63739210
Valid MSE Loss     : 0.00007018	 | 	Valid MAPE Loss     : 0.80965084
lr                 : [2.9999999999999997e-05]


Epoch : 53
Train MSE Loss     : 1.00003290	 | 	Train MAPE Loss     : 0.46647358
Valid MSE Loss     : 0.00001868	 | 	Valid MAPE Loss     : 0.33384943
lr                 : [2.9999999999999997e-05]


Epoch : 54
Train MSE Loss     : 1.00007045	 | 	Train MAPE Loss     : 0.62079489
Valid MSE Loss     : 0.00002411	 | 	Valid MAPE Loss     : 0.39337477
lr                 : [2.9999999999999997e-05]


Epoch : 55
Train MSE Loss     : 1.00003755	 | 	Train MAPE Loss     : 0.46667102
Valid MSE Loss     : 0.00002365	 | 	Valid MAPE Loss     : 0.37919012
lr                 : [2.9999999999999997e-05]


Epoch : 56
Train MSE Loss     : 1.00004005	 | 	Train MAPE Loss     : 0.51749682
Valid MSE Loss     : 0.00002687	 | 	Valid MAPE Loss     : 0.41274348
lr                 : [2.9999999999999997e-05]


Epoch : 57
Train MSE Loss     : 1.00005472	 | 	Train MAPE Loss     : 0.63635832
Valid MSE Loss     : 0.00001934	 | 	Valid MAPE Loss     : 0.33822718
lr                 : [2.9999999999999997e-05]


Epoch : 58
Train MSE Loss     : 1.00003004	 | 	Train MAPE Loss     : 0.45326540
Valid MSE Loss     : 0.00001943	 | 	Valid MAPE Loss     : 0.34300339
lr                 : [2.9999999999999997e-05]


Epoch : 59
Train MSE Loss     : 1.00005114	 | 	Train MAPE Loss     : 0.53760719
Valid MSE Loss     : 0.00006495	 | 	Valid MAPE Loss     : 0.71040380
lr                 : [2.9999999999999997e-05]


Epoch : 60
Train MSE Loss     : 1.00006580	 | 	Train MAPE Loss     : 0.62506515
Valid MSE Loss     : 0.00002220	 | 	Valid MAPE Loss     : 0.37032396
lr                 : [2.9999999999999997e-05]


Epoch : 61
Train MSE Loss     : 1.00005019	 | 	Train MAPE Loss     : 0.50694650
Valid MSE Loss     : 0.00002113	 | 	Valid MAPE Loss     : 0.37446445
lr                 : [2.9999999999999997e-05]


Epoch : 62
Train MSE Loss     : 1.00003481	 | 	Train MAPE Loss     : 0.49419585
Valid MSE Loss     : 0.00006674	 | 	Valid MAPE Loss     : 0.78237593
lr                 : [2.9999999999999997e-05]


Epoch : 63
Train MSE Loss     : 1.00003684	 | 	Train MAPE Loss     : 0.51656437
Valid MSE Loss     : 0.00004919	 | 	Valid MAPE Loss     : 0.60859066
lr                 : [2.9999999999999997e-05]


Epoch : 64
Train MSE Loss     : 1.00008011	 | 	Train MAPE Loss     : 0.61949724
Valid MSE Loss     : 0.00001990	 | 	Valid MAPE Loss     : 0.33839107
lr                 : [3e-06]


Epoch : 65
Train MSE Loss     : 1.00003159	 | 	Train MAPE Loss     : 0.46913159
Valid MSE Loss     : 0.00004032	 | 	Valid MAPE Loss     : 0.59654760
lr                 : [3e-06]


Epoch : 66
Train MSE Loss     : 1.00002122	 | 	Train MAPE Loss     : 0.37215212
Valid MSE Loss     : 0.00002040	 | 	Valid MAPE Loss     : 0.37085611
lr                 : [3e-06]


Epoch : 67
Train MSE Loss     : 1.00002110	 | 	Train MAPE Loss     : 0.37298405
Valid MSE Loss     : 0.00002174	 | 	Valid MAPE Loss     : 0.38215184
lr                 : [3e-06]


Epoch : 68
Train MSE Loss     : 1.00002038	 | 	Train MAPE Loss     : 0.36982259
Valid MSE Loss     : 0.00002661	 | 	Valid MAPE Loss     : 0.44483778
lr                 : [3e-06]


Epoch : 69
Train MSE Loss     : 1.00002015	 | 	Train MAPE Loss     : 0.36351880
Valid MSE Loss     : 0.00002379	 | 	Valid MAPE Loss     : 0.41427335
lr                 : [3e-06]


Epoch : 70
Train MSE Loss     : 1.00002098	 | 	Train MAPE Loss     : 0.37231198
Valid MSE Loss     : 0.00001814	 | 	Valid MAPE Loss     : 0.34358135
lr                 : [3e-06]


Epoch : 71
Train MSE Loss     : 1.00002050	 | 	Train MAPE Loss     : 0.36088654
Valid MSE Loss     : 0.00002141	 | 	Valid MAPE Loss     : 0.38660702
lr                 : [3e-06]


Epoch : 72
Train MSE Loss     : 1.00002980	 | 	Train MAPE Loss     : 0.42568386
Valid MSE Loss     : 0.00002119	 | 	Valid MAPE Loss     : 0.38447964
lr                 : [3e-06]


Epoch : 73
Train MSE Loss     : 1.00001991	 | 	Train MAPE Loss     : 0.35930780
Valid MSE Loss     : 0.00002820	 | 	Valid MAPE Loss     : 0.46424359
lr                 : [3e-06]


Epoch : 74
Train MSE Loss     : 1.00002253	 | 	Train MAPE Loss     : 0.38232738
Valid MSE Loss     : 0.00003687	 | 	Valid MAPE Loss     : 0.55569410
lr                 : [3e-06]


Epoch : 75
Train MSE Loss     : 1.00007212	 | 	Train MAPE Loss     : 0.52950931
Valid MSE Loss     : 0.00002718	 | 	Valid MAPE Loss     : 0.45852613
lr                 : [3.0000000000000004e-07]


Epoch : 76
Train MSE Loss     : 1.00001717	 | 	Train MAPE Loss     : 0.34041262
Valid MSE Loss     : 0.00002871	 | 	Valid MAPE Loss     : 0.47801667
lr                 : [3.0000000000000004e-07]


Epoch : 77
Train MSE Loss     : 1.00001872	 | 	Train MAPE Loss     : 0.34842181
Valid MSE Loss     : 0.00002494	 | 	Valid MAPE Loss     : 0.42930526
lr                 : [3.0000000000000004e-07]


Epoch : 78
Train MSE Loss     : 1.00001860	 | 	Train MAPE Loss     : 0.35269734
Valid MSE Loss     : 0.00002143	 | 	Valid MAPE Loss     : 0.38760442
lr                 : [3.0000000000000004e-07]


Epoch : 79
Train MSE Loss     : 1.00001955	 | 	Train MAPE Loss     : 0.35972062
Valid MSE Loss     : 0.00002345	 | 	Valid MAPE Loss     : 0.41194060
lr                 : [3.0000000000000004e-07]


Epoch : 80
Train MSE Loss     : 1.00001788	 | 	Train MAPE Loss     : 0.34421727
Valid MSE Loss     : 0.00002674	 | 	Valid MAPE Loss     : 0.45065260
lr                 : [3.0000000000000004e-07]


Epoch : 81
Train MSE Loss     : 1.00002146	 | 	Train MAPE Loss     : 0.37356576
Valid MSE Loss     : 0.00001919	 | 	Valid MAPE Loss     : 0.35266477
lr                 : [3.0000000000000004e-07]


Epoch : 82
Train MSE Loss     : 1.00001919	 | 	Train MAPE Loss     : 0.35596529
Valid MSE Loss     : 0.00002455	 | 	Valid MAPE Loss     : 0.42786849
lr                 : [3.0000000000000004e-07]


Epoch : 83
Train MSE Loss     : 1.00001907	 | 	Train MAPE Loss     : 0.35576802
Valid MSE Loss     : 0.00002903	 | 	Valid MAPE Loss     : 0.47869068
lr                 : [3.0000000000000004e-07]


Epoch : 84
Train MSE Loss     : 1.00004601	 | 	Train MAPE Loss     : 0.45401028
Valid MSE Loss     : 0.00002159	 | 	Valid MAPE Loss     : 0.38606104
lr                 : [3.0000000000000004e-07]


Epoch : 85
Train MSE Loss     : 1.00001955	 | 	Train MAPE Loss     : 0.35656908
Valid MSE Loss     : 0.00002565	 | 	Valid MAPE Loss     : 0.44079167
lr                 : [3.0000000000000004e-07]


Epoch : 86
Train MSE Loss     : 1.00002050	 | 	Train MAPE Loss     : 0.37002307
Valid MSE Loss     : 0.00002318	 | 	Valid MAPE Loss     : 0.40367928
lr                 : [3.0000000000000004e-08]


Epoch : 87
Train MSE Loss     : 1.00004911	 | 	Train MAPE Loss     : 0.46679038
Valid MSE Loss     : 0.00002494	 | 	Valid MAPE Loss     : 0.42601699
lr                 : [3.0000000000000004e-08]


Epoch : 88
Train MSE Loss     : 1.00002074	 | 	Train MAPE Loss     : 0.37222034
Valid MSE Loss     : 0.00002328	 | 	Valid MAPE Loss     : 0.41118789
lr                 : [3.0000000000000004e-08]


Epoch : 89
Train MSE Loss     : 1.00001824	 | 	Train MAPE Loss     : 0.34259412
Valid MSE Loss     : 0.00002752	 | 	Valid MAPE Loss     : 0.46350005
lr                 : [3.0000000000000004e-08]


Epoch : 90
Train MSE Loss     : 1.00002253	 | 	Train MAPE Loss     : 0.38353816
Valid MSE Loss     : 0.00002011	 | 	Valid MAPE Loss     : 0.36887890
lr                 : [3.0000000000000004e-08]


Epoch : 91
Train MSE Loss     : 1.00001800	 | 	Train MAPE Loss     : 0.34709522
Valid MSE Loss     : 0.00002689	 | 	Valid MAPE Loss     : 0.45306835
lr                 : [3.0000000000000004e-08]


Epoch : 92
Train MSE Loss     : 1.00001955	 | 	Train MAPE Loss     : 0.35423124
Valid MSE Loss     : 0.00002209	 | 	Valid MAPE Loss     : 0.39612070
lr                 : [3.0000000000000004e-08]


Epoch : 93
Train MSE Loss     : 1.00010395	 | 	Train MAPE Loss     : 0.55150384
Valid MSE Loss     : 0.00002530	 | 	Valid MAPE Loss     : 0.43102959
lr                 : [3.0000000000000004e-08]


Epoch : 94
Train MSE Loss     : 1.00001931	 | 	Train MAPE Loss     : 0.35604981
Valid MSE Loss     : 0.00002117	 | 	Valid MAPE Loss     : 0.38018233
lr                 : [3.0000000000000004e-08]


Epoch : 95
Train MSE Loss     : 1.00001740	 | 	Train MAPE Loss     : 0.33813950
Valid MSE Loss     : 0.00002000	 | 	Valid MAPE Loss     : 0.36011925
lr                 : [3.0000000000000004e-08]


Epoch : 96
Train MSE Loss     : 1.00001800	 | 	Train MAPE Loss     : 0.33970296
Valid MSE Loss     : 0.00002073	 | 	Valid MAPE Loss     : 0.37674987
lr                 : [3.0000000000000004e-08]


Epoch : 97
Train MSE Loss     : 1.00001788	 | 	Train MAPE Loss     : 0.34478486
Valid MSE Loss     : 0.00002091	 | 	Valid MAPE Loss     : 0.38276455
lr                 : [3.0000000000000004e-09]


Epoch : 98
Train MSE Loss     : 1.00002217	 | 	Train MAPE Loss     : 0.37777770
Valid MSE Loss     : 0.00001971	 | 	Valid MAPE Loss     : 0.36494040
lr                 : [3.0000000000000004e-09]


Epoch : 99
Train MSE Loss     : 1.00001848	 | 	Train MAPE Loss     : 0.35295859
Valid MSE Loss     : 0.00002630	 | 	Valid MAPE Loss     : 0.44620422
lr                 : [3.0000000000000004e-09]


Epoch : 100
Train MSE Loss     : 1.00045896	 | 	Train MAPE Loss     : 0.81540322
Valid MSE Loss     : 0.00002316	 | 	Valid MAPE Loss     : 0.40522718
lr                 : [3.0000000000000004e-09]


Epoch : 101
Train MSE Loss     : 1.00001895	 | 	Train MAPE Loss     : 0.35258934
Valid MSE Loss     : 0.00002091	 | 	Valid MAPE Loss     : 0.37746644
lr                 : [3.0000000000000004e-09]


Epoch : 102
Train MSE Loss     : 1.00003278	 | 	Train MAPE Loss     : 0.42173603
Valid MSE Loss     : 0.00002357	 | 	Valid MAPE Loss     : 0.41369879
lr                 : [3.0000000000000004e-09]


Epoch : 103
Train MSE Loss     : 1.00001895	 | 	Train MAPE Loss     : 0.35151684
Valid MSE Loss     : 0.00002511	 | 	Valid MAPE Loss     : 0.43222708
lr                 : [3.0000000000000004e-09]


Epoch : 104
Train MSE Loss     : 1.00001776	 | 	Train MAPE Loss     : 0.34045208
Valid MSE Loss     : 0.00002765	 | 	Valid MAPE Loss     : 0.46158573
lr                 : [3.0000000000000004e-09]


Epoch : 105
Train MSE Loss     : 1.00004721	 | 	Train MAPE Loss     : 0.45838487
Valid MSE Loss     : 0.00001987	 | 	Valid MAPE Loss     : 0.36495793
lr                 : [3.0000000000000004e-09]


Epoch : 106
Train MSE Loss     : 1.00001788	 | 	Train MAPE Loss     : 0.34145758
Valid MSE Loss     : 0.00002778	 | 	Valid MAPE Loss     : 0.46130568
lr                 : [3.0000000000000004e-09]


Epoch : 107
Train MSE Loss     : 1.00004900	 | 	Train MAPE Loss     : 0.45028809
Valid MSE Loss     : 0.00002656	 | 	Valid MAPE Loss     : 0.45221823
lr                 : [3.0000000000000004e-09]


Epoch : 108
Train MSE Loss     : 1.00001860	 | 	Train MAPE Loss     : 0.34985921
Valid MSE Loss     : 0.00002389	 | 	Valid MAPE Loss     : 0.41998187
lr                 : [3.0000000000000004e-09]


Epoch : 109
Train MSE Loss     : 1.00004470	 | 	Train MAPE Loss     : 0.44723332
Valid MSE Loss     : 0.00002106	 | 	Valid MAPE Loss     : 0.37786448
lr                 : [3.0000000000000004e-09]


Epoch : 110
Train MSE Loss     : 1.00002015	 | 	Train MAPE Loss     : 0.36019143
Valid MSE Loss     : 0.00002313	 | 	Valid MAPE Loss     : 0.40155762
lr                 : [3.0000000000000004e-09]


Epoch : 111
Train MSE Loss     : 1.00001872	 | 	Train MAPE Loss     : 0.34961584
Valid MSE Loss     : 0.00002052	 | 	Valid MAPE Loss     : 0.37220639
lr                 : [3.0000000000000004e-09]


Epoch : 112
Train MSE Loss     : 1.00001764	 | 	Train MAPE Loss     : 0.33949617
Valid MSE Loss     : 0.00002767	 | 	Valid MAPE Loss     : 0.45929772
lr                 : [3.0000000000000004e-09]


Epoch : 113
Train MSE Loss     : 1.00001764	 | 	Train MAPE Loss     : 0.34309053
Valid MSE Loss     : 0.00002918	 | 	Valid MAPE Loss     : 0.48097503
lr                 : [3.0000000000000004e-09]


Epoch : 114
Train MSE Loss     : 1.00002038	 | 	Train MAPE Loss     : 0.36512107
Valid MSE Loss     : 0.00001761	 | 	Valid MAPE Loss     : 0.33531931
lr                 : [3.0000000000000004e-09]


Epoch : 115
Train MSE Loss     : 1.00002038	 | 	Train MAPE Loss     : 0.36385927
Valid MSE Loss     : 0.00003136	 | 	Valid MAPE Loss     : 0.50456542
lr                 : [3.0000000000000004e-09]


Epoch : 116
Train MSE Loss     : 1.00003958	 | 	Train MAPE Loss     : 0.43867388
Valid MSE Loss     : 0.00002695	 | 	Valid MAPE Loss     : 0.45255584
lr                 : [3.0000000000000004e-09]


Epoch : 117
Train MSE Loss     : 1.00002015	 | 	Train MAPE Loss     : 0.36288255
Valid MSE Loss     : 0.00002461	 | 	Valid MAPE Loss     : 0.42844528
lr                 : [3.0000000000000004e-09]


Epoch : 118
Train MSE Loss     : 1.00001752	 | 	Train MAPE Loss     : 0.33737755
Valid MSE Loss     : 0.00002353	 | 	Valid MAPE Loss     : 0.41368070
lr                 : [3.0000000000000004e-09]


Epoch : 119
Train MSE Loss     : 1.00001740	 | 	Train MAPE Loss     : 0.33964145
Valid MSE Loss     : 0.00002773	 | 	Valid MAPE Loss     : 0.45886862
lr                 : [3.0000000000000004e-09]


Epoch : 120
Train MSE Loss     : 1.00001907	 | 	Train MAPE Loss     : 0.35429585
Valid MSE Loss     : 0.00002177	 | 	Valid MAPE Loss     : 0.38833168
lr                 : [3.0000000000000004e-09]


Epoch : 121
Train MSE Loss     : 1.00006568	 | 	Train MAPE Loss     : 0.48646080
Valid MSE Loss     : 0.00002162	 | 	Valid MAPE Loss     : 0.39207786
lr                 : [3.0000000000000004e-09]


Epoch : 122
Train MSE Loss     : 1.00001669	 | 	Train MAPE Loss     : 0.33034685
Valid MSE Loss     : 0.00002368	 | 	Valid MAPE Loss     : 0.41648838
lr                 : [3.0000000000000004e-09]


Epoch : 123
Train MSE Loss     : 1.00001788	 | 	Train MAPE Loss     : 0.34128731
Valid MSE Loss     : 0.00002731	 | 	Valid MAPE Loss     : 0.45806822
lr                 : [3.0000000000000004e-09]


Epoch : 124
Train MSE Loss     : 1.00001717	 | 	Train MAPE Loss     : 0.33234456
Valid MSE Loss     : 0.00002247	 | 	Valid MAPE Loss     : 0.39603508
lr                 : [3.0000000000000004e-09]


Epoch : 125
Train MSE Loss     : 1.00001717	 | 	Train MAPE Loss     : 0.33508304
Valid MSE Loss     : 0.00003151	 | 	Valid MAPE Loss     : 0.50162280
lr                 : [3.0000000000000004e-09]


Epoch : 126
Train MSE Loss     : 1.00001729	 | 	Train MAPE Loss     : 0.33507261
Valid MSE Loss     : 0.00002712	 | 	Valid MAPE Loss     : 0.46049383
lr                 : [3.0000000000000004e-09]


Epoch : 127
Train MSE Loss     : 1.00001740	 | 	Train MAPE Loss     : 0.33274102
Valid MSE Loss     : 0.00002064	 | 	Valid MAPE Loss     : 0.37742591
lr                 : [3.0000000000000004e-09]


Epoch : 128
Train MSE Loss     : 1.00001681	 | 	Train MAPE Loss     : 0.32979947
Valid MSE Loss     : 0.00002136	 | 	Valid MAPE Loss     : 0.38350403
lr                 : [3.0000000000000004e-09]


Epoch : 129
Train MSE Loss     : 1.00001907	 | 	Train MAPE Loss     : 0.34899464
Valid MSE Loss     : 0.00003590	 | 	Valid MAPE Loss     : 0.54727018
lr                 : [3.0000000000000004e-09]


Epoch : 130
Train MSE Loss     : 1.00001907	 | 	Train MAPE Loss     : 0.35402820
Valid MSE Loss     : 0.00002298	 | 	Valid MAPE Loss     : 0.40020442
lr                 : [3.0000000000000004e-09]


Epoch : 131
Train MSE Loss     : 1.00019014	 | 	Train MAPE Loss     : 0.64694601
Valid MSE Loss     : 0.00002506	 | 	Valid MAPE Loss     : 0.42443663
lr                 : [3.0000000000000004e-09]


Epoch : 132
Train MSE Loss     : 1.00001836	 | 	Train MAPE Loss     : 0.34665802
Valid MSE Loss     : 0.00002596	 | 	Valid MAPE Loss     : 0.44162342
lr                 : [3.0000000000000004e-09]


Epoch : 133
Train MSE Loss     : 1.00008678	 | 	Train MAPE Loss     : 0.50798279
Valid MSE Loss     : 0.00002239	 | 	Valid MAPE Loss     : 0.38981837
lr                 : [3.0000000000000004e-09]


Epoch : 134
Train MSE Loss     : 1.00001824	 | 	Train MAPE Loss     : 0.34143412
Valid MSE Loss     : 0.00002097	 | 	Valid MAPE Loss     : 0.37614575
lr                 : [3.0000000000000004e-09]


Epoch : 135
Train MSE Loss     : 1.00001919	 | 	Train MAPE Loss     : 0.35723364
Valid MSE Loss     : 0.00002302	 | 	Valid MAPE Loss     : 0.40893364
lr                 : [3.0000000000000004e-09]


Epoch : 136
Train MSE Loss     : 1.00009429	 | 	Train MAPE Loss     : 0.54164213
Valid MSE Loss     : 0.00002043	 | 	Valid MAPE Loss     : 0.37122583
lr                 : [3.0000000000000004e-09]


Epoch : 137
Train MSE Loss     : 1.00002134	 | 	Train MAPE Loss     : 0.38316652
Valid MSE Loss     : 0.00002205	 | 	Valid MAPE Loss     : 0.39460152
lr                 : [3.0000000000000004e-09]


Epoch : 138
Train MSE Loss     : 1.00001860	 | 	Train MAPE Loss     : 0.34436879
Valid MSE Loss     : 0.00002489	 | 	Valid MAPE Loss     : 0.42798913
lr                 : [3.0000000000000004e-09]


Epoch : 139
Train MSE Loss     : 1.00001776	 | 	Train MAPE Loss     : 0.33802953
Valid MSE Loss     : 0.00002108	 | 	Valid MAPE Loss     : 0.38524666
lr                 : [3.0000000000000004e-09]


Epoch : 140
Train MSE Loss     : 1.00002027	 | 	Train MAPE Loss     : 0.36594474
Valid MSE Loss     : 0.00001952	 | 	Valid MAPE Loss     : 0.36064506
lr                 : [3.0000000000000004e-09]


Epoch : 141
Train MSE Loss     : 1.00001991	 | 	Train MAPE Loss     : 0.35869762
Valid MSE Loss     : 0.00001825	 | 	Valid MAPE Loss     : 0.34608334
lr                 : [3.0000000000000004e-09]


Epoch : 142
Train MSE Loss     : 1.00002098	 | 	Train MAPE Loss     : 0.37629509
Valid MSE Loss     : 0.00001976	 | 	Valid MAPE Loss     : 0.36186039
lr                 : [3.0000000000000004e-09]


Epoch : 143
Train MSE Loss     : 1.00002527	 | 	Train MAPE Loss     : 0.39960238
Valid MSE Loss     : 0.00002057	 | 	Valid MAPE Loss     : 0.37581313
lr                 : [3.0000000000000004e-09]


Epoch : 144
Train MSE Loss     : 1.00002527	 | 	Train MAPE Loss     : 0.39378607
Valid MSE Loss     : 0.00002479	 | 	Valid MAPE Loss     : 0.42683464
lr                 : [3.0000000000000004e-09]


Epoch : 145
Train MSE Loss     : 1.00001705	 | 	Train MAPE Loss     : 0.33428136
Valid MSE Loss     : 0.00002270	 | 	Valid MAPE Loss     : 0.40323305
lr                 : [3.0000000000000004e-09]


Epoch : 146
Train MSE Loss     : 1.00001919	 | 	Train MAPE Loss     : 0.35151127
Valid MSE Loss     : 0.00001900	 | 	Valid MAPE Loss     : 0.35813206
lr                 : [3.0000000000000004e-09]


Epoch : 147
Train MSE Loss     : 1.00001788	 | 	Train MAPE Loss     : 0.34469736
Valid MSE Loss     : 0.00002233	 | 	Valid MAPE Loss     : 0.39896432
lr                 : [3.0000000000000004e-09]


Epoch : 148
Train MSE Loss     : 1.00001705	 | 	Train MAPE Loss     : 0.33130243
Valid MSE Loss     : 0.00002263	 | 	Valid MAPE Loss     : 0.39410514
lr                 : [3.0000000000000004e-09]


Epoch : 149
Train MSE Loss     : 1.00001800	 | 	Train MAPE Loss     : 0.34211338
Valid MSE Loss     : 0.00002422	 | 	Valid MAPE Loss     : 0.41988662
lr                 : [3.0000000000000004e-09]


Epoch : 150
Train MSE Loss     : 1.00035632	 | 	Train MAPE Loss     : 0.75239772
Valid MSE Loss     : 0.00003637	 | 	Valid MAPE Loss     : 0.54993898
lr                 : [3.0000000000000004e-09]


Evaluate on the Test set:
Test MAPE loss      :0.49713674	 | Test MSE loss      : 0.00024726

################## Training is Done! #########################
Training time is : 1:12:12.970056
