=============================================
Dataset: cell_XJTU_batch3_prepocess_data
Mode:    supervised_with_contrast
=============================================
Training started ....

Epoch : 1
Train MSE Loss     : 1.16329598	 | 	Train MAPE Loss     : 35.11598587
Valid MSE Loss     : 0.00249987	 | 	Valid MAPE Loss     : 5.05305147
lr                 : [0.0003]


Epoch : 2
Train MSE Loss     : 1.01199269	 | 	Train MAPE Loss     : 9.40607357
Valid MSE Loss     : 0.00194808	 | 	Valid MAPE Loss     : 3.78559637
lr                 : [0.0003]


Epoch : 3
Train MSE Loss     : 1.02576077	 | 	Train MAPE Loss     : 13.22663784
Valid MSE Loss     : 0.00246348	 | 	Valid MAPE Loss     : 5.12348843
lr                 : [0.0003]


Epoch : 4
Train MSE Loss     : 1.14438140	 | 	Train MAPE Loss     : 34.43493271
Valid MSE Loss     : 0.59932762	 | 	Valid MAPE Loss     : 82.34460449
lr                 : [0.0003]


Epoch : 5
Train MSE Loss     : 1.93148720	 | 	Train MAPE Loss     : 102.18897247
Valid MSE Loss     : 0.72535330	 | 	Valid MAPE Loss     : 91.26027679
lr                 : [0.0003]


Epoch : 6
Train MSE Loss     : 1.27416420	 | 	Train MAPE Loss     : 45.58315277
Valid MSE Loss     : 0.00211078	 | 	Valid MAPE Loss     : 3.39894438
lr                 : [0.0003]


Epoch : 7
Train MSE Loss     : 1.02720654	 | 	Train MAPE Loss     : 14.76336098
Valid MSE Loss     : 0.06741355	 | 	Valid MAPE Loss     : 27.86734390
lr                 : [0.0003]


Epoch : 8
Train MSE Loss     : 1.08136034	 | 	Train MAPE Loss     : 26.53249931
Valid MSE Loss     : 0.01152218	 | 	Valid MAPE Loss     : 11.39276123
lr                 : [0.0003]


Epoch : 9
Train MSE Loss     : 1.10810220	 | 	Train MAPE Loss     : 25.70485115
Valid MSE Loss     : 0.30207643	 | 	Valid MAPE Loss     : 57.26147079
lr                 : [0.0003]


Epoch : 10
Train MSE Loss     : 1.16964900	 | 	Train MAPE Loss     : 38.20639038
Valid MSE Loss     : 0.00376053	 | 	Valid MAPE Loss     : 5.13546848
lr                 : [0.0003]


Epoch : 11
Train MSE Loss     : 1.00645578	 | 	Train MAPE Loss     : 6.84134960
Valid MSE Loss     : 0.00676373	 | 	Valid MAPE Loss     : 8.24188995
lr                 : [0.0003]


Epoch : 12
Train MSE Loss     : 1.01918554	 | 	Train MAPE Loss     : 11.10053253
Valid MSE Loss     : 0.00510373	 | 	Valid MAPE Loss     : 5.78064156
lr                 : [0.0003]


Epoch : 13
Train MSE Loss     : 1.01746750	 | 	Train MAPE Loss     : 12.38642883
Valid MSE Loss     : 0.07152618	 | 	Valid MAPE Loss     : 28.63667679
lr                 : [0.0003]


Epoch : 14
Train MSE Loss     : 1.17536366	 | 	Train MAPE Loss     : 40.83770370
Valid MSE Loss     : 0.00215833	 | 	Valid MAPE Loss     : 4.39926243
lr                 : [0.0003]


Epoch : 15
Train MSE Loss     : 1.00598347	 | 	Train MAPE Loss     : 7.01690054
Valid MSE Loss     : 0.00111178	 | 	Valid MAPE Loss     : 2.29664564
lr                 : [0.0003]


Epoch : 16
Train MSE Loss     : 1.13178611	 | 	Train MAPE Loss     : 33.37143326
Valid MSE Loss     : 0.01793466	 | 	Valid MAPE Loss     : 11.21977425
lr                 : [0.0003]


Epoch : 17
Train MSE Loss     : 1.00734854	 | 	Train MAPE Loss     : 6.82469320
Valid MSE Loss     : 0.00022592	 | 	Valid MAPE Loss     : 1.26795387
lr                 : [0.0003]


Epoch : 18
Train MSE Loss     : 1.00400162	 | 	Train MAPE Loss     : 5.69462156
Valid MSE Loss     : 0.00287606	 | 	Valid MAPE Loss     : 5.51740646
lr                 : [0.0003]


Epoch : 19
Train MSE Loss     : 1.00177944	 | 	Train MAPE Loss     : 3.74547577
Valid MSE Loss     : 0.00050041	 | 	Valid MAPE Loss     : 1.84338152
lr                 : [0.0003]


Epoch : 20
Train MSE Loss     : 1.04712212	 | 	Train MAPE Loss     : 14.80814171
Valid MSE Loss     : 0.29015207	 | 	Valid MAPE Loss     : 57.79289246
lr                 : [0.0003]


Epoch : 21
Train MSE Loss     : 1.61618662	 | 	Train MAPE Loss     : 83.19872284
Valid MSE Loss     : 0.18244654	 | 	Valid MAPE Loss     : 45.77923584
lr                 : [0.0003]


Epoch : 22
Train MSE Loss     : 1.03078067	 | 	Train MAPE Loss     : 16.27604866
Valid MSE Loss     : 0.00829727	 | 	Valid MAPE Loss     : 9.72925282
lr                 : [0.0003]


Epoch : 23
Train MSE Loss     : 1.07268322	 | 	Train MAPE Loss     : 25.35690880
Valid MSE Loss     : 0.19860829	 | 	Valid MAPE Loss     : 47.61257172
lr                 : [0.0003]


Epoch : 24
Train MSE Loss     : 1.14632642	 | 	Train MAPE Loss     : 35.03940964
Valid MSE Loss     : 0.00951209	 | 	Valid MAPE Loss     : 9.85832977
lr                 : [0.0003]


Epoch : 25
Train MSE Loss     : 1.03519166	 | 	Train MAPE Loss     : 17.63335800
Valid MSE Loss     : 0.01491966	 | 	Valid MAPE Loss     : 11.43944359
lr                 : [0.0003]


Epoch : 26
Train MSE Loss     : 1.01499605	 | 	Train MAPE Loss     : 11.71313858
Valid MSE Loss     : 0.01455462	 | 	Valid MAPE Loss     : 12.77584839
lr                 : [0.0003]


Epoch : 27
Train MSE Loss     : 1.00573635	 | 	Train MAPE Loss     : 6.67765617
Valid MSE Loss     : 0.00208898	 | 	Valid MAPE Loss     : 4.61511707
lr                 : [0.0003]


Epoch : 28
Train MSE Loss     : 1.02625775	 | 	Train MAPE Loss     : 15.34044456
Valid MSE Loss     : 0.00801897	 | 	Valid MAPE Loss     : 9.18354988
lr                 : [2.9999999999999997e-05]


Epoch : 29
Train MSE Loss     : 1.00438035	 | 	Train MAPE Loss     : 5.92519712
Valid MSE Loss     : 0.00026444	 | 	Valid MAPE Loss     : 1.51108074
lr                 : [2.9999999999999997e-05]


Epoch : 30
Train MSE Loss     : 1.00081897	 | 	Train MAPE Loss     : 2.55942440
Valid MSE Loss     : 0.00007169	 | 	Valid MAPE Loss     : 0.71710575
lr                 : [2.9999999999999997e-05]


Epoch : 31
Train MSE Loss     : 1.00372934	 | 	Train MAPE Loss     : 5.09329557
Valid MSE Loss     : 0.00791140	 | 	Valid MAPE Loss     : 9.47921371
lr                 : [2.9999999999999997e-05]


Epoch : 32
Train MSE Loss     : 1.00245392	 | 	Train MAPE Loss     : 3.96065903
Valid MSE Loss     : 0.00056075	 | 	Valid MAPE Loss     : 2.35551214
lr                 : [2.9999999999999997e-05]


Epoch : 33
Train MSE Loss     : 1.00142741	 | 	Train MAPE Loss     : 3.23815536
Valid MSE Loss     : 0.00091919	 | 	Valid MAPE Loss     : 3.14276123
lr                 : [2.9999999999999997e-05]


Epoch : 34
Train MSE Loss     : 1.00102663	 | 	Train MAPE Loss     : 2.71437860
Valid MSE Loss     : 0.00009320	 | 	Valid MAPE Loss     : 0.80323577
lr                 : [2.9999999999999997e-05]


Epoch : 35
Train MSE Loss     : 1.00077212	 | 	Train MAPE Loss     : 2.35171485
Valid MSE Loss     : 0.00007828	 | 	Valid MAPE Loss     : 0.70899040
lr                 : [2.9999999999999997e-05]


Epoch : 36
Train MSE Loss     : 1.00093913	 | 	Train MAPE Loss     : 2.87224960
Valid MSE Loss     : 0.00055143	 | 	Valid MAPE Loss     : 2.40083170
lr                 : [2.9999999999999997e-05]


Epoch : 37
Train MSE Loss     : 1.00431180	 | 	Train MAPE Loss     : 5.99756813
Valid MSE Loss     : 0.00286562	 | 	Valid MAPE Loss     : 5.66325665
lr                 : [2.9999999999999997e-05]


Epoch : 38
Train MSE Loss     : 1.00097322	 | 	Train MAPE Loss     : 2.79419398
Valid MSE Loss     : 0.00118128	 | 	Valid MAPE Loss     : 3.64892697
lr                 : [2.9999999999999997e-05]


Epoch : 39
Train MSE Loss     : 1.00228393	 | 	Train MAPE Loss     : 4.80380249
Valid MSE Loss     : 0.00162728	 | 	Valid MAPE Loss     : 4.27808952
lr                 : [2.9999999999999997e-05]


Epoch : 40
Train MSE Loss     : 1.00100386	 | 	Train MAPE Loss     : 2.77601886
Valid MSE Loss     : 0.00006444	 | 	Valid MAPE Loss     : 0.70461833
lr                 : [2.9999999999999997e-05]


Epoch : 41
Train MSE Loss     : 1.00092852	 | 	Train MAPE Loss     : 2.83788323
Valid MSE Loss     : 0.00242113	 | 	Valid MAPE Loss     : 5.25848150
lr                 : [2.9999999999999997e-05]


Epoch : 42
Train MSE Loss     : 1.00215292	 | 	Train MAPE Loss     : 4.20993853
Valid MSE Loss     : 0.00035586	 | 	Valid MAPE Loss     : 1.90580750
lr                 : [2.9999999999999997e-05]


Epoch : 43
Train MSE Loss     : 1.00078189	 | 	Train MAPE Loss     : 2.37513709
Valid MSE Loss     : 0.00028164	 | 	Valid MAPE Loss     : 1.67715430
lr                 : [2.9999999999999997e-05]


Epoch : 44
Train MSE Loss     : 1.00092149	 | 	Train MAPE Loss     : 2.65392280
Valid MSE Loss     : 0.00090021	 | 	Valid MAPE Loss     : 3.12865281
lr                 : [2.9999999999999997e-05]


Epoch : 45
Train MSE Loss     : 1.00041187	 | 	Train MAPE Loss     : 1.76166415
Valid MSE Loss     : 0.00020522	 | 	Valid MAPE Loss     : 1.30748832
lr                 : [2.9999999999999997e-05]


Epoch : 46
Train MSE Loss     : 1.00049603	 | 	Train MAPE Loss     : 1.96909261
Valid MSE Loss     : 0.00048795	 | 	Valid MAPE Loss     : 2.31387734
lr                 : [2.9999999999999997e-05]


Epoch : 47
Train MSE Loss     : 1.00104034	 | 	Train MAPE Loss     : 2.88922620
Valid MSE Loss     : 0.00006204	 | 	Valid MAPE Loss     : 0.64155769
lr                 : [2.9999999999999997e-05]


Epoch : 48
Train MSE Loss     : 1.00057518	 | 	Train MAPE Loss     : 2.20512271
Valid MSE Loss     : 0.00004121	 | 	Valid MAPE Loss     : 0.51205230
lr                 : [2.9999999999999997e-05]


Epoch : 49
Train MSE Loss     : 1.00096714	 | 	Train MAPE Loss     : 2.80721498
Valid MSE Loss     : 0.00010135	 | 	Valid MAPE Loss     : 0.96442258
lr                 : [2.9999999999999997e-05]


Epoch : 50
Train MSE Loss     : 1.00054443	 | 	Train MAPE Loss     : 2.11632133
Valid MSE Loss     : 0.00035637	 | 	Valid MAPE Loss     : 1.94481719
lr                 : [2.9999999999999997e-05]


Epoch : 51
Train MSE Loss     : 1.00190413	 | 	Train MAPE Loss     : 4.25620699
Valid MSE Loss     : 0.00151181	 | 	Valid MAPE Loss     : 4.12246847
lr                 : [2.9999999999999997e-05]


Epoch : 52
Train MSE Loss     : 1.00072110	 | 	Train MAPE Loss     : 2.09318686
Valid MSE Loss     : 0.00023910	 | 	Valid MAPE Loss     : 1.55117154
lr                 : [2.9999999999999997e-05]


Epoch : 53
Train MSE Loss     : 1.00067437	 | 	Train MAPE Loss     : 2.26910782
Valid MSE Loss     : 0.00005624	 | 	Valid MAPE Loss     : 0.60998833
lr                 : [2.9999999999999997e-05]


Epoch : 54
Train MSE Loss     : 1.00077999	 | 	Train MAPE Loss     : 2.34694958
Valid MSE Loss     : 0.00005246	 | 	Valid MAPE Loss     : 0.53360677
lr                 : [2.9999999999999997e-05]


Epoch : 55
Train MSE Loss     : 1.00024879	 | 	Train MAPE Loss     : 1.43652654
Valid MSE Loss     : 0.00002649	 | 	Valid MAPE Loss     : 0.39431971
lr                 : [2.9999999999999997e-05]


Epoch : 56
Train MSE Loss     : 1.00118113	 | 	Train MAPE Loss     : 3.00434518
Valid MSE Loss     : 0.00256581	 | 	Valid MAPE Loss     : 5.41700172
lr                 : [2.9999999999999997e-05]


Epoch : 57
Train MSE Loss     : 1.00065899	 | 	Train MAPE Loss     : 2.33588147
Valid MSE Loss     : 0.00042165	 | 	Valid MAPE Loss     : 2.07149458
lr                 : [2.9999999999999997e-05]


Epoch : 58
Train MSE Loss     : 1.00056434	 | 	Train MAPE Loss     : 2.12085748
Valid MSE Loss     : 0.00024518	 | 	Valid MAPE Loss     : 1.57538712
lr                 : [2.9999999999999997e-05]


Epoch : 59
Train MSE Loss     : 1.00040483	 | 	Train MAPE Loss     : 1.80684781
Valid MSE Loss     : 0.00032730	 | 	Valid MAPE Loss     : 1.82673156
lr                 : [2.9999999999999997e-05]


Epoch : 60
Train MSE Loss     : 1.00049257	 | 	Train MAPE Loss     : 1.97729683
Valid MSE Loss     : 0.00003838	 | 	Valid MAPE Loss     : 0.53966141
lr                 : [2.9999999999999997e-05]


Epoch : 61
Train MSE Loss     : 1.00164700	 | 	Train MAPE Loss     : 3.72231078
Valid MSE Loss     : 0.00005906	 | 	Valid MAPE Loss     : 0.72416931
lr                 : [2.9999999999999997e-05]


Epoch : 62
Train MSE Loss     : 1.00052488	 | 	Train MAPE Loss     : 2.05748582
Valid MSE Loss     : 0.00005375	 | 	Valid MAPE Loss     : 0.62755817
lr                 : [2.9999999999999997e-05]


Epoch : 63
Train MSE Loss     : 1.00036967	 | 	Train MAPE Loss     : 1.64114308
Valid MSE Loss     : 0.00013958	 | 	Valid MAPE Loss     : 1.16074336
lr                 : [2.9999999999999997e-05]


Epoch : 64
Train MSE Loss     : 1.00047767	 | 	Train MAPE Loss     : 1.98997462
Valid MSE Loss     : 0.00002975	 | 	Valid MAPE Loss     : 0.43868276
lr                 : [2.9999999999999997e-05]


Epoch : 65
Train MSE Loss     : 1.00035274	 | 	Train MAPE Loss     : 1.61306655
Valid MSE Loss     : 0.00003830	 | 	Valid MAPE Loss     : 0.52722442
lr                 : [2.9999999999999997e-05]


Epoch : 66
Train MSE Loss     : 1.00033820	 | 	Train MAPE Loss     : 1.51869690
Valid MSE Loss     : 0.00004254	 | 	Valid MAPE Loss     : 0.60056984
lr                 : [3e-06]


Epoch : 67
Train MSE Loss     : 1.00021815	 | 	Train MAPE Loss     : 1.27260554
Valid MSE Loss     : 0.00006200	 | 	Valid MAPE Loss     : 0.74539000
lr                 : [3e-06]


Epoch : 68
Train MSE Loss     : 1.00048864	 | 	Train MAPE Loss     : 1.85404897
Valid MSE Loss     : 0.00020101	 | 	Valid MAPE Loss     : 1.42395401
lr                 : [3e-06]


Epoch : 69
Train MSE Loss     : 1.00031102	 | 	Train MAPE Loss     : 1.55295646
Valid MSE Loss     : 0.00004870	 | 	Valid MAPE Loss     : 0.63984388
lr                 : [3e-06]


Epoch : 70
Train MSE Loss     : 1.00035584	 | 	Train MAPE Loss     : 1.60378540
Valid MSE Loss     : 0.00006653	 | 	Valid MAPE Loss     : 0.74432874
lr                 : [3e-06]


Epoch : 71
Train MSE Loss     : 1.00020134	 | 	Train MAPE Loss     : 1.14025426
Valid MSE Loss     : 0.00012711	 | 	Valid MAPE Loss     : 1.10757637
lr                 : [3e-06]


Epoch : 72
Train MSE Loss     : 1.00022447	 | 	Train MAPE Loss     : 1.35672832
Valid MSE Loss     : 0.00003592	 | 	Valid MAPE Loss     : 0.53201097
lr                 : [3e-06]


Epoch : 73
Train MSE Loss     : 1.00020826	 | 	Train MAPE Loss     : 1.17479050
Valid MSE Loss     : 0.00002737	 | 	Valid MAPE Loss     : 0.41988260
lr                 : [3e-06]


Epoch : 74
Train MSE Loss     : 1.00026369	 | 	Train MAPE Loss     : 1.38056314
Valid MSE Loss     : 0.00010119	 | 	Valid MAPE Loss     : 0.98759115
lr                 : [3e-06]


Epoch : 75
Train MSE Loss     : 1.00012577	 | 	Train MAPE Loss     : 0.98620754
Valid MSE Loss     : 0.00009302	 | 	Valid MAPE Loss     : 0.93438423
lr                 : [3e-06]


Epoch : 76
Train MSE Loss     : 1.00026751	 | 	Train MAPE Loss     : 1.45097089
Valid MSE Loss     : 0.00006790	 | 	Valid MAPE Loss     : 0.78776765
lr                 : [3e-06]


Epoch : 77
Train MSE Loss     : 1.00025940	 | 	Train MAPE Loss     : 1.45243537
Valid MSE Loss     : 0.00004276	 | 	Valid MAPE Loss     : 0.59447765
lr                 : [3.0000000000000004e-07]


Epoch : 78
Train MSE Loss     : 1.00022328	 | 	Train MAPE Loss     : 1.27307403
Valid MSE Loss     : 0.00002976	 | 	Valid MAPE Loss     : 0.46447456
lr                 : [3.0000000000000004e-07]


Epoch : 79
Train MSE Loss     : 1.00015652	 | 	Train MAPE Loss     : 1.05280948
Valid MSE Loss     : 0.00002361	 | 	Valid MAPE Loss     : 0.37546092
lr                 : [3.0000000000000004e-07]


Epoch : 80
Train MSE Loss     : 1.00029099	 | 	Train MAPE Loss     : 1.44180393
Valid MSE Loss     : 0.00008111	 | 	Valid MAPE Loss     : 0.88115239
lr                 : [3.0000000000000004e-07]


Epoch : 81
Train MSE Loss     : 1.00022805	 | 	Train MAPE Loss     : 1.24301481
Valid MSE Loss     : 0.00002478	 | 	Valid MAPE Loss     : 0.40310737
lr                 : [3.0000000000000004e-07]


Epoch : 82
Train MSE Loss     : 1.00023842	 | 	Train MAPE Loss     : 1.29848599
Valid MSE Loss     : 0.00021168	 | 	Valid MAPE Loss     : 1.48740458
lr                 : [3.0000000000000004e-07]


Epoch : 83
Train MSE Loss     : 1.00013089	 | 	Train MAPE Loss     : 1.02422488
Valid MSE Loss     : 0.00002288	 | 	Valid MAPE Loss     : 0.35711083
lr                 : [3.0000000000000004e-07]


Epoch : 84
Train MSE Loss     : 1.00028718	 | 	Train MAPE Loss     : 1.35694683
Valid MSE Loss     : 0.00032301	 | 	Valid MAPE Loss     : 1.86961126
lr                 : [3.0000000000000004e-07]


Epoch : 85
Train MSE Loss     : 1.00013113	 | 	Train MAPE Loss     : 0.94393504
Valid MSE Loss     : 0.00002568	 | 	Valid MAPE Loss     : 0.41932213
lr                 : [3.0000000000000004e-07]


Epoch : 86
Train MSE Loss     : 1.00015819	 | 	Train MAPE Loss     : 0.98060519
Valid MSE Loss     : 0.00007121	 | 	Valid MAPE Loss     : 0.81234640
lr                 : [3.0000000000000004e-07]


Epoch : 87
Train MSE Loss     : 1.00016832	 | 	Train MAPE Loss     : 1.07928836
Valid MSE Loss     : 0.00005324	 | 	Valid MAPE Loss     : 0.68064135
lr                 : [3.0000000000000004e-07]


Epoch : 88
Train MSE Loss     : 1.00020909	 | 	Train MAPE Loss     : 1.20978069
Valid MSE Loss     : 0.00002912	 | 	Valid MAPE Loss     : 0.42106885
lr                 : [3.0000000000000004e-07]


Epoch : 89
Train MSE Loss     : 1.00022209	 | 	Train MAPE Loss     : 1.27675235
Valid MSE Loss     : 0.00002285	 | 	Valid MAPE Loss     : 0.38446769
lr                 : [3.0000000000000004e-07]


Epoch : 90
Train MSE Loss     : 1.00018823	 | 	Train MAPE Loss     : 1.16848445
Valid MSE Loss     : 0.00003866	 | 	Valid MAPE Loss     : 0.56752408
lr                 : [3.0000000000000004e-07]


Epoch : 91
Train MSE Loss     : 1.00014770	 | 	Train MAPE Loss     : 1.05884326
Valid MSE Loss     : 0.00003439	 | 	Valid MAPE Loss     : 0.53093851
lr                 : [3.0000000000000004e-07]


Epoch : 92
Train MSE Loss     : 1.00010598	 | 	Train MAPE Loss     : 0.87360865
Valid MSE Loss     : 0.00003935	 | 	Valid MAPE Loss     : 0.54447949
lr                 : [3.0000000000000004e-07]


Epoch : 93
Train MSE Loss     : 1.00030470	 | 	Train MAPE Loss     : 1.50271297
Valid MSE Loss     : 0.00011889	 | 	Valid MAPE Loss     : 1.08335972
lr                 : [3.0000000000000004e-07]


Epoch : 94
Train MSE Loss     : 1.00024974	 | 	Train MAPE Loss     : 1.36016250
Valid MSE Loss     : 0.00002684	 | 	Valid MAPE Loss     : 0.41297501
lr                 : [3.0000000000000004e-08]


Epoch : 95
Train MSE Loss     : 1.00018919	 | 	Train MAPE Loss     : 1.21323740
Valid MSE Loss     : 0.00014279	 | 	Valid MAPE Loss     : 1.19910812
lr                 : [3.0000000000000004e-08]


Epoch : 96
Train MSE Loss     : 1.00018537	 | 	Train MAPE Loss     : 1.18517733
Valid MSE Loss     : 0.00002452	 | 	Valid MAPE Loss     : 0.40228599
lr                 : [3.0000000000000004e-08]


Epoch : 97
Train MSE Loss     : 1.00014889	 | 	Train MAPE Loss     : 1.04754400
Valid MSE Loss     : 0.00002385	 | 	Valid MAPE Loss     : 0.39801878
lr                 : [3.0000000000000004e-08]


Epoch : 98
Train MSE Loss     : 1.00020659	 | 	Train MAPE Loss     : 1.24563217
Valid MSE Loss     : 0.00011397	 | 	Valid MAPE Loss     : 1.05719495
lr                 : [3.0000000000000004e-08]


Epoch : 99
Train MSE Loss     : 1.00014639	 | 	Train MAPE Loss     : 1.05833042
Valid MSE Loss     : 0.00003424	 | 	Valid MAPE Loss     : 0.51409775
lr                 : [3.0000000000000004e-08]


Epoch : 100
Train MSE Loss     : 1.00013661	 | 	Train MAPE Loss     : 1.01224470
Valid MSE Loss     : 0.00002750	 | 	Valid MAPE Loss     : 0.41374773
lr                 : [3.0000000000000004e-08]


Epoch : 101
Train MSE Loss     : 1.00011575	 | 	Train MAPE Loss     : 0.93891907
Valid MSE Loss     : 0.00003955	 | 	Valid MAPE Loss     : 0.57036710
lr                 : [3.0000000000000004e-08]


Epoch : 102
Train MSE Loss     : 1.00028682	 | 	Train MAPE Loss     : 1.50837016
Valid MSE Loss     : 0.00005450	 | 	Valid MAPE Loss     : 0.68975067
lr                 : [3.0000000000000004e-08]


Epoch : 103
Train MSE Loss     : 1.00016284	 | 	Train MAPE Loss     : 1.16670370
Valid MSE Loss     : 0.00007208	 | 	Valid MAPE Loss     : 0.78175843
lr                 : [3.0000000000000004e-08]


Epoch : 104
Train MSE Loss     : 1.00011063	 | 	Train MAPE Loss     : 0.83854598
Valid MSE Loss     : 0.00002568	 | 	Valid MAPE Loss     : 0.39275253
lr                 : [3.0000000000000004e-08]


Epoch : 105
Train MSE Loss     : 1.00009906	 | 	Train MAPE Loss     : 0.83978045
Valid MSE Loss     : 0.00002704	 | 	Valid MAPE Loss     : 0.43588215
lr                 : [3.0000000000000004e-09]


Epoch : 106
Train MSE Loss     : 1.00015199	 | 	Train MAPE Loss     : 1.03606439
Valid MSE Loss     : 0.00007077	 | 	Valid MAPE Loss     : 0.80330443
lr                 : [3.0000000000000004e-09]


Epoch : 107
Train MSE Loss     : 1.00015128	 | 	Train MAPE Loss     : 1.02740991
Valid MSE Loss     : 0.00005587	 | 	Valid MAPE Loss     : 0.69949448
lr                 : [3.0000000000000004e-09]


Epoch : 108
Train MSE Loss     : 1.00011885	 | 	Train MAPE Loss     : 0.95266211
Valid MSE Loss     : 0.00007288	 | 	Valid MAPE Loss     : 0.82766908
lr                 : [3.0000000000000004e-09]


Epoch : 109
Train MSE Loss     : 1.00013816	 | 	Train MAPE Loss     : 0.96485788
Valid MSE Loss     : 0.00002541	 | 	Valid MAPE Loss     : 0.41044027
lr                 : [3.0000000000000004e-09]


Epoch : 110
Train MSE Loss     : 1.00019956	 | 	Train MAPE Loss     : 1.15053761
Valid MSE Loss     : 0.00003560	 | 	Valid MAPE Loss     : 0.53176785
lr                 : [3.0000000000000004e-09]


Epoch : 111
Train MSE Loss     : 1.00012708	 | 	Train MAPE Loss     : 0.91531718
Valid MSE Loss     : 0.00002886	 | 	Valid MAPE Loss     : 0.45442063
lr                 : [3.0000000000000004e-09]


Epoch : 112
Train MSE Loss     : 1.00018466	 | 	Train MAPE Loss     : 1.11192107
Valid MSE Loss     : 0.00002539	 | 	Valid MAPE Loss     : 0.42127833
lr                 : [3.0000000000000004e-09]


Epoch : 113
Train MSE Loss     : 1.00018907	 | 	Train MAPE Loss     : 1.22512805
Valid MSE Loss     : 0.00005581	 | 	Valid MAPE Loss     : 0.70521796
lr                 : [3.0000000000000004e-09]


Epoch : 114
Train MSE Loss     : 1.00010741	 | 	Train MAPE Loss     : 0.87978286
Valid MSE Loss     : 0.00002855	 | 	Valid MAPE Loss     : 0.45583308
lr                 : [3.0000000000000004e-09]


Epoch : 115
Train MSE Loss     : 1.00020218	 | 	Train MAPE Loss     : 1.23960650
Valid MSE Loss     : 0.00010043	 | 	Valid MAPE Loss     : 0.96739686
lr                 : [3.0000000000000004e-09]


Epoch : 116
Train MSE Loss     : 1.00014341	 | 	Train MAPE Loss     : 1.01218867
Valid MSE Loss     : 0.00005065	 | 	Valid MAPE Loss     : 0.61118150
lr                 : [3.0000000000000004e-09]


Epoch : 117
Train MSE Loss     : 1.00026500	 | 	Train MAPE Loss     : 1.48197067
Valid MSE Loss     : 0.00002929	 | 	Valid MAPE Loss     : 0.46915710
lr                 : [3.0000000000000004e-09]


Epoch : 118
Train MSE Loss     : 1.00020111	 | 	Train MAPE Loss     : 1.24915266
Valid MSE Loss     : 0.00003993	 | 	Valid MAPE Loss     : 0.57110643
lr                 : [3.0000000000000004e-09]


Epoch : 119
Train MSE Loss     : 1.00014114	 | 	Train MAPE Loss     : 0.99146652
Valid MSE Loss     : 0.00004086	 | 	Valid MAPE Loss     : 0.57647330
lr                 : [3.0000000000000004e-09]


Epoch : 120
Train MSE Loss     : 1.00020540	 | 	Train MAPE Loss     : 1.24667561
Valid MSE Loss     : 0.00008216	 | 	Valid MAPE Loss     : 0.88061333
lr                 : [3.0000000000000004e-09]


Epoch : 121
Train MSE Loss     : 1.00022697	 | 	Train MAPE Loss     : 1.31232369
Valid MSE Loss     : 0.00002714	 | 	Valid MAPE Loss     : 0.41431233
lr                 : [3.0000000000000004e-09]


Epoch : 122
Train MSE Loss     : 1.00017607	 | 	Train MAPE Loss     : 1.15709221
Valid MSE Loss     : 0.00016367	 | 	Valid MAPE Loss     : 1.30726230
lr                 : [3.0000000000000004e-09]


Epoch : 123
Train MSE Loss     : 1.00016975	 | 	Train MAPE Loss     : 1.11189198
Valid MSE Loss     : 0.00002636	 | 	Valid MAPE Loss     : 0.41867420
lr                 : [3.0000000000000004e-09]


Epoch : 124
Train MSE Loss     : 1.00010037	 | 	Train MAPE Loss     : 0.87372202
Valid MSE Loss     : 0.00007999	 | 	Valid MAPE Loss     : 0.86450911
lr                 : [3.0000000000000004e-09]


Epoch : 125
Train MSE Loss     : 1.00013530	 | 	Train MAPE Loss     : 0.93063927
Valid MSE Loss     : 0.00004165	 | 	Valid MAPE Loss     : 0.59085596
lr                 : [3.0000000000000004e-09]


Epoch : 126
Train MSE Loss     : 1.00018609	 | 	Train MAPE Loss     : 1.20495558
Valid MSE Loss     : 0.00011583	 | 	Valid MAPE Loss     : 1.06030774
lr                 : [3.0000000000000004e-09]


Epoch : 127
Train MSE Loss     : 1.00012422	 | 	Train MAPE Loss     : 0.92168331
Valid MSE Loss     : 0.00002218	 | 	Valid MAPE Loss     : 0.35505897
lr                 : [3.0000000000000004e-09]


Epoch : 128
Train MSE Loss     : 1.00015616	 | 	Train MAPE Loss     : 1.12079728
Valid MSE Loss     : 0.00004104	 | 	Valid MAPE Loss     : 0.57254642
lr                 : [3.0000000000000004e-09]


Epoch : 129
Train MSE Loss     : 1.00014544	 | 	Train MAPE Loss     : 1.00179565
Valid MSE Loss     : 0.00002959	 | 	Valid MAPE Loss     : 0.46031111
lr                 : [3.0000000000000004e-09]


Epoch : 130
Train MSE Loss     : 1.00020111	 | 	Train MAPE Loss     : 1.25254428
Valid MSE Loss     : 0.00003536	 | 	Valid MAPE Loss     : 0.52375281
lr                 : [3.0000000000000004e-09]


Epoch : 131
Train MSE Loss     : 1.00012195	 | 	Train MAPE Loss     : 1.00434780
Valid MSE Loss     : 0.00003206	 | 	Valid MAPE Loss     : 0.50015563
lr                 : [3.0000000000000004e-09]


Epoch : 132
Train MSE Loss     : 1.00017333	 | 	Train MAPE Loss     : 1.12361097
Valid MSE Loss     : 0.00010165	 | 	Valid MAPE Loss     : 0.99915111
lr                 : [3.0000000000000004e-09]


Epoch : 133
Train MSE Loss     : 1.00019467	 | 	Train MAPE Loss     : 1.30224419
Valid MSE Loss     : 0.00003381	 | 	Valid MAPE Loss     : 0.51628399
lr                 : [3.0000000000000004e-09]


Epoch : 134
Train MSE Loss     : 1.00014412	 | 	Train MAPE Loss     : 1.08625162
Valid MSE Loss     : 0.00008950	 | 	Valid MAPE Loss     : 0.92540014
lr                 : [3.0000000000000004e-09]


Epoch : 135
Train MSE Loss     : 1.00022018	 | 	Train MAPE Loss     : 1.26683974
Valid MSE Loss     : 0.00002265	 | 	Valid MAPE Loss     : 0.36363396
lr                 : [3.0000000000000004e-09]


Epoch : 136
Train MSE Loss     : 1.00020409	 | 	Train MAPE Loss     : 1.22513211
Valid MSE Loss     : 0.00014579	 | 	Valid MAPE Loss     : 1.22232890
lr                 : [3.0000000000000004e-09]


Epoch : 137
Train MSE Loss     : 1.00016963	 | 	Train MAPE Loss     : 1.05713844
Valid MSE Loss     : 0.00002025	 | 	Valid MAPE Loss     : 0.33826643
lr                 : [3.0000000000000004e-09]


Epoch : 138
Train MSE Loss     : 1.00030243	 | 	Train MAPE Loss     : 1.50973320
Valid MSE Loss     : 0.00019199	 | 	Valid MAPE Loss     : 1.41944528
lr                 : [3.0000000000000004e-09]


Epoch : 139
Train MSE Loss     : 1.00022995	 | 	Train MAPE Loss     : 1.34966862
Valid MSE Loss     : 0.00002906	 | 	Valid MAPE Loss     : 0.45490214
lr                 : [3.0000000000000004e-09]


Epoch : 140
Train MSE Loss     : 1.00022936	 | 	Train MAPE Loss     : 1.28915322
Valid MSE Loss     : 0.00002668	 | 	Valid MAPE Loss     : 0.41446215
lr                 : [3.0000000000000004e-09]


Epoch : 141
Train MSE Loss     : 1.00015557	 | 	Train MAPE Loss     : 1.09004807
Valid MSE Loss     : 0.00007193	 | 	Valid MAPE Loss     : 0.81634098
lr                 : [3.0000000000000004e-09]


Epoch : 142
Train MSE Loss     : 1.00014496	 | 	Train MAPE Loss     : 1.07806277
Valid MSE Loss     : 0.00003037	 | 	Valid MAPE Loss     : 0.47165817
lr                 : [3.0000000000000004e-09]


Epoch : 143
Train MSE Loss     : 1.00022328	 | 	Train MAPE Loss     : 1.31272328
Valid MSE Loss     : 0.00005250	 | 	Valid MAPE Loss     : 0.67133081
lr                 : [3.0000000000000004e-09]


Epoch : 144
Train MSE Loss     : 1.00012112	 | 	Train MAPE Loss     : 0.92067409
Valid MSE Loss     : 0.00003230	 | 	Valid MAPE Loss     : 0.49421638
lr                 : [3.0000000000000004e-09]


Epoch : 145
Train MSE Loss     : 1.00027764	 | 	Train MAPE Loss     : 1.46279919
Valid MSE Loss     : 0.00005167	 | 	Valid MAPE Loss     : 0.66849422
lr                 : [3.0000000000000004e-09]


Epoch : 146
Train MSE Loss     : 1.00013971	 | 	Train MAPE Loss     : 1.02287376
Valid MSE Loss     : 0.00002214	 | 	Valid MAPE Loss     : 0.36029381
lr                 : [3.0000000000000004e-09]


Epoch : 147
Train MSE Loss     : 1.00013316	 | 	Train MAPE Loss     : 0.97284323
Valid MSE Loss     : 0.00003114	 | 	Valid MAPE Loss     : 0.48209113
lr                 : [3.0000000000000004e-09]


Epoch : 148
Train MSE Loss     : 1.00020182	 | 	Train MAPE Loss     : 1.28734100
Valid MSE Loss     : 0.00002309	 | 	Valid MAPE Loss     : 0.37316644
lr                 : [3.0000000000000004e-09]


Epoch : 149
Train MSE Loss     : 1.00019276	 | 	Train MAPE Loss     : 1.28564584
Valid MSE Loss     : 0.00004483	 | 	Valid MAPE Loss     : 0.58937216
lr                 : [3.0000000000000004e-09]


Epoch : 150
Train MSE Loss     : 1.00028086	 | 	Train MAPE Loss     : 1.49987078
Valid MSE Loss     : 0.00003003	 | 	Valid MAPE Loss     : 0.47264427
lr                 : [3.0000000000000004e-09]


Evaluate on the Test set:
Test MAPE loss      :0.63729656	 | Test MSE loss      : 0.00016895

################## Training is Done! #########################
