=============================================
Dataset: cell_XJTU_batch2_prepocess_data
Mode:    supervised
=============================================
Training started ....

Epoch : 1
Train MSE Loss     : 0.04045452	 | 	Train MAPE Loss     : 15.51213074
Valid MSE Loss     : 0.13991489	 | 	Valid MAPE Loss     : 41.49955750
lr                 : [0.0003]


Epoch : 2
Train MSE Loss     : 0.00282577	 | 	Train MAPE Loss     : 4.83884430
Valid MSE Loss     : 0.00195685	 | 	Valid MAPE Loss     : 4.37314415
lr                 : [0.0003]


Epoch : 3
Train MSE Loss     : 0.00078149	 | 	Train MAPE Loss     : 2.46607280
Valid MSE Loss     : 0.01728466	 | 	Valid MAPE Loss     : 14.28719330
lr                 : [0.0003]


Epoch : 4
Train MSE Loss     : 0.00038679	 | 	Train MAPE Loss     : 1.68628192
Valid MSE Loss     : 0.00301878	 | 	Valid MAPE Loss     : 5.94109917
lr                 : [0.0003]


Epoch : 5
Train MSE Loss     : 0.00026537	 | 	Train MAPE Loss     : 1.42745423
Valid MSE Loss     : 0.00864287	 | 	Valid MAPE Loss     : 10.26436329
lr                 : [0.0003]


Epoch : 6
Train MSE Loss     : 0.00032973	 | 	Train MAPE Loss     : 1.61252499
Valid MSE Loss     : 0.02920941	 | 	Valid MAPE Loss     : 18.85721970
lr                 : [0.0003]


Epoch : 7
Train MSE Loss     : 0.00042339	 | 	Train MAPE Loss     : 1.88088059
Valid MSE Loss     : 0.02118017	 | 	Valid MAPE Loss     : 16.08524895
lr                 : [0.0003]


Epoch : 8
Train MSE Loss     : 0.00028633	 | 	Train MAPE Loss     : 1.50249898
Valid MSE Loss     : 0.02694369	 | 	Valid MAPE Loss     : 18.16649437
lr                 : [0.0003]


Epoch : 9
Train MSE Loss     : 0.00015677	 | 	Train MAPE Loss     : 1.07431901
Valid MSE Loss     : 0.02556963	 | 	Valid MAPE Loss     : 17.70215034
lr                 : [0.0003]


Epoch : 10
Train MSE Loss     : 0.00014785	 | 	Train MAPE Loss     : 1.03570485
Valid MSE Loss     : 0.02984526	 | 	Valid MAPE Loss     : 19.12767220
lr                 : [0.0003]


Epoch : 11
Train MSE Loss     : 0.00018309	 | 	Train MAPE Loss     : 1.16412735
Valid MSE Loss     : 0.03622941	 | 	Valid MAPE Loss     : 21.07766151
lr                 : [0.0003]


Epoch : 12
Train MSE Loss     : 0.00020310	 | 	Train MAPE Loss     : 1.29601669
Valid MSE Loss     : 0.02167928	 | 	Valid MAPE Loss     : 16.31996346
lr                 : [0.0003]


Epoch : 13
Train MSE Loss     : 0.00029290	 | 	Train MAPE Loss     : 1.56723189
Valid MSE Loss     : 0.03723540	 | 	Valid MAPE Loss     : 21.36150169
lr                 : [2.9999999999999997e-05]


Epoch : 14
Train MSE Loss     : 0.00011182	 | 	Train MAPE Loss     : 0.90159464
Valid MSE Loss     : 0.00166524	 | 	Valid MAPE Loss     : 4.49064398
lr                 : [2.9999999999999997e-05]


Epoch : 15
Train MSE Loss     : 0.00006302	 | 	Train MAPE Loss     : 0.63988674
Valid MSE Loss     : 0.00083626	 | 	Valid MAPE Loss     : 3.16363144
lr                 : [2.9999999999999997e-05]


Epoch : 16
Train MSE Loss     : 0.00007177	 | 	Train MAPE Loss     : 0.70311278
Valid MSE Loss     : 0.00095163	 | 	Valid MAPE Loss     : 3.37958550
lr                 : [2.9999999999999997e-05]


Epoch : 17
Train MSE Loss     : 0.00007218	 | 	Train MAPE Loss     : 0.70918429
Valid MSE Loss     : 0.00101688	 | 	Valid MAPE Loss     : 3.49936295
lr                 : [2.9999999999999997e-05]


Epoch : 18
Train MSE Loss     : 0.00006647	 | 	Train MAPE Loss     : 0.67253768
Valid MSE Loss     : 0.00062794	 | 	Valid MAPE Loss     : 2.73002648
lr                 : [2.9999999999999997e-05]


Epoch : 19
Train MSE Loss     : 0.00005753	 | 	Train MAPE Loss     : 0.61748344
Valid MSE Loss     : 0.00127504	 | 	Valid MAPE Loss     : 3.93110061
lr                 : [2.9999999999999997e-05]


Epoch : 20
Train MSE Loss     : 0.00006625	 | 	Train MAPE Loss     : 0.67075157
Valid MSE Loss     : 0.00164429	 | 	Valid MAPE Loss     : 4.47384119
lr                 : [2.9999999999999997e-05]


Epoch : 21
Train MSE Loss     : 0.00008171	 | 	Train MAPE Loss     : 0.74434698
Valid MSE Loss     : 0.00249471	 | 	Valid MAPE Loss     : 5.51943016
lr                 : [2.9999999999999997e-05]


Epoch : 22
Train MSE Loss     : 0.00006377	 | 	Train MAPE Loss     : 0.65355229
Valid MSE Loss     : 0.00237558	 | 	Valid MAPE Loss     : 5.38526773
lr                 : [2.9999999999999997e-05]


Epoch : 23
Train MSE Loss     : 0.00004978	 | 	Train MAPE Loss     : 0.56977385
Valid MSE Loss     : 0.00195723	 | 	Valid MAPE Loss     : 4.88595057
lr                 : [2.9999999999999997e-05]


Epoch : 24
Train MSE Loss     : 0.00009411	 | 	Train MAPE Loss     : 0.84203923
Valid MSE Loss     : 0.00131653	 | 	Valid MAPE Loss     : 3.99925590
lr                 : [2.9999999999999997e-05]


Epoch : 25
Train MSE Loss     : 0.00009973	 | 	Train MAPE Loss     : 0.86717260
Valid MSE Loss     : 0.00086769	 | 	Valid MAPE Loss     : 3.22487330
lr                 : [2.9999999999999997e-05]


Epoch : 26
Train MSE Loss     : 0.00005169	 | 	Train MAPE Loss     : 0.57516766
Valid MSE Loss     : 0.00179395	 | 	Valid MAPE Loss     : 4.67540741
lr                 : [2.9999999999999997e-05]


Epoch : 27
Train MSE Loss     : 0.00005675	 | 	Train MAPE Loss     : 0.61546600
Valid MSE Loss     : 0.00246285	 | 	Valid MAPE Loss     : 5.48508406
lr                 : [2.9999999999999997e-05]


Epoch : 28
Train MSE Loss     : 0.00005875	 | 	Train MAPE Loss     : 0.62667739
Valid MSE Loss     : 0.00413064	 | 	Valid MAPE Loss     : 7.11186600
lr                 : [2.9999999999999997e-05]


Epoch : 29
Train MSE Loss     : 0.00019623	 | 	Train MAPE Loss     : 1.28833151
Valid MSE Loss     : 0.00247796	 | 	Valid MAPE Loss     : 5.49395609
lr                 : [3e-06]


Epoch : 30
Train MSE Loss     : 0.00006674	 | 	Train MAPE Loss     : 0.68809956
Valid MSE Loss     : 0.00013992	 | 	Valid MAPE Loss     : 1.24205935
lr                 : [3e-06]


Epoch : 31
Train MSE Loss     : 0.00004337	 | 	Train MAPE Loss     : 0.52368265
Valid MSE Loss     : 0.00004955	 | 	Valid MAPE Loss     : 0.70077538
lr                 : [3e-06]


Epoch : 32
Train MSE Loss     : 0.00004518	 | 	Train MAPE Loss     : 0.53479540
Valid MSE Loss     : 0.00004782	 | 	Valid MAPE Loss     : 0.68728471
lr                 : [3e-06]


Epoch : 33
Train MSE Loss     : 0.00004031	 | 	Train MAPE Loss     : 0.51159585
Valid MSE Loss     : 0.00002823	 | 	Valid MAPE Loss     : 0.51136392
lr                 : [3e-06]


Epoch : 34
Train MSE Loss     : 0.00005473	 | 	Train MAPE Loss     : 0.61012137
Valid MSE Loss     : 0.00006005	 | 	Valid MAPE Loss     : 0.78299493
lr                 : [3e-06]


Epoch : 35
Train MSE Loss     : 0.00004218	 | 	Train MAPE Loss     : 0.51648867
Valid MSE Loss     : 0.00003216	 | 	Valid MAPE Loss     : 0.55177307
lr                 : [3e-06]


Epoch : 36
Train MSE Loss     : 0.00004701	 | 	Train MAPE Loss     : 0.56219047
Valid MSE Loss     : 0.00004011	 | 	Valid MAPE Loss     : 0.63000458
lr                 : [3e-06]


Epoch : 37
Train MSE Loss     : 0.00003936	 | 	Train MAPE Loss     : 0.50909191
Valid MSE Loss     : 0.00008888	 | 	Valid MAPE Loss     : 0.97004038
lr                 : [3e-06]


Epoch : 38
Train MSE Loss     : 0.00004217	 | 	Train MAPE Loss     : 0.51717466
Valid MSE Loss     : 0.00007610	 | 	Valid MAPE Loss     : 0.89387369
lr                 : [3e-06]


Epoch : 39
Train MSE Loss     : 0.00004327	 | 	Train MAPE Loss     : 0.51883513
Valid MSE Loss     : 0.00005873	 | 	Valid MAPE Loss     : 0.77365828
lr                 : [3e-06]


Epoch : 40
Train MSE Loss     : 0.00004361	 | 	Train MAPE Loss     : 0.52261347
Valid MSE Loss     : 0.00003364	 | 	Valid MAPE Loss     : 0.57018298
lr                 : [3e-06]


Epoch : 41
Train MSE Loss     : 0.00004291	 | 	Train MAPE Loss     : 0.51991981
Valid MSE Loss     : 0.00005702	 | 	Valid MAPE Loss     : 0.76438695
lr                 : [3e-06]


Epoch : 42
Train MSE Loss     : 0.00004364	 | 	Train MAPE Loss     : 0.52144873
Valid MSE Loss     : 0.00006022	 | 	Valid MAPE Loss     : 0.78631663
lr                 : [3e-06]


Epoch : 43
Train MSE Loss     : 0.00004513	 | 	Train MAPE Loss     : 0.54922372
Valid MSE Loss     : 0.00019483	 | 	Valid MAPE Loss     : 1.49399126
lr                 : [3e-06]


Epoch : 44
Train MSE Loss     : 0.00004397	 | 	Train MAPE Loss     : 0.55329674
Valid MSE Loss     : 0.00002441	 | 	Valid MAPE Loss     : 0.47273514
lr                 : [3e-06]


Epoch : 45
Train MSE Loss     : 0.00004626	 | 	Train MAPE Loss     : 0.56309789
Valid MSE Loss     : 0.00011049	 | 	Valid MAPE Loss     : 1.09920132
lr                 : [3e-06]


Epoch : 46
Train MSE Loss     : 0.00004133	 | 	Train MAPE Loss     : 0.51363260
Valid MSE Loss     : 0.00013868	 | 	Valid MAPE Loss     : 1.24737859
lr                 : [3e-06]


Epoch : 47
Train MSE Loss     : 0.00005696	 | 	Train MAPE Loss     : 0.61023325
Valid MSE Loss     : 0.00007350	 | 	Valid MAPE Loss     : 0.87899417
lr                 : [3e-06]


Epoch : 48
Train MSE Loss     : 0.00005153	 | 	Train MAPE Loss     : 0.58755231
Valid MSE Loss     : 0.00007078	 | 	Valid MAPE Loss     : 0.86386436
lr                 : [3e-06]


Epoch : 49
Train MSE Loss     : 0.00003791	 | 	Train MAPE Loss     : 0.48560637
Valid MSE Loss     : 0.00016430	 | 	Valid MAPE Loss     : 1.36604404
lr                 : [3e-06]


Epoch : 50
Train MSE Loss     : 0.00004341	 | 	Train MAPE Loss     : 0.53663301
Valid MSE Loss     : 0.00008320	 | 	Valid MAPE Loss     : 0.93686527
lr                 : [3e-06]


Epoch : 51
Train MSE Loss     : 0.00004494	 | 	Train MAPE Loss     : 0.55545950
Valid MSE Loss     : 0.00015867	 | 	Valid MAPE Loss     : 1.33913898
lr                 : [3e-06]


Epoch : 52
Train MSE Loss     : 0.00004181	 | 	Train MAPE Loss     : 0.53268677
Valid MSE Loss     : 0.00007470	 | 	Valid MAPE Loss     : 0.88785201
lr                 : [3e-06]


Epoch : 53
Train MSE Loss     : 0.00004446	 | 	Train MAPE Loss     : 0.53796023
Valid MSE Loss     : 0.00030730	 | 	Valid MAPE Loss     : 1.90252542
lr                 : [3e-06]


Epoch : 54
Train MSE Loss     : 0.00004962	 | 	Train MAPE Loss     : 0.56570190
Valid MSE Loss     : 0.00006458	 | 	Valid MAPE Loss     : 0.82100207
lr                 : [3e-06]


Epoch : 55
Train MSE Loss     : 0.00004043	 | 	Train MAPE Loss     : 0.50895393
Valid MSE Loss     : 0.00009418	 | 	Valid MAPE Loss     : 1.00691223
lr                 : [3.0000000000000004e-07]


Epoch : 56
Train MSE Loss     : 0.00004309	 | 	Train MAPE Loss     : 0.51328051
Valid MSE Loss     : 0.00001212	 | 	Valid MAPE Loss     : 0.29271501
lr                 : [3.0000000000000004e-07]


Epoch : 57
Train MSE Loss     : 0.00003755	 | 	Train MAPE Loss     : 0.49133164
Valid MSE Loss     : 0.00001218	 | 	Valid MAPE Loss     : 0.29883948
lr                 : [3.0000000000000004e-07]


Epoch : 58
Train MSE Loss     : 0.00003236	 | 	Train MAPE Loss     : 0.45647183
Valid MSE Loss     : 0.00001245	 | 	Valid MAPE Loss     : 0.30345544
lr                 : [3.0000000000000004e-07]


Epoch : 59
Train MSE Loss     : 0.00003723	 | 	Train MAPE Loss     : 0.48087937
Valid MSE Loss     : 0.00001235	 | 	Valid MAPE Loss     : 0.30207956
lr                 : [3.0000000000000004e-07]


Epoch : 60
Train MSE Loss     : 0.00003623	 | 	Train MAPE Loss     : 0.48326477
Valid MSE Loss     : 0.00001221	 | 	Valid MAPE Loss     : 0.29300377
lr                 : [3.0000000000000004e-07]


Epoch : 61
Train MSE Loss     : 0.00004190	 | 	Train MAPE Loss     : 0.52469492
Valid MSE Loss     : 0.00001234	 | 	Valid MAPE Loss     : 0.29825959
lr                 : [3.0000000000000004e-07]


Epoch : 62
Train MSE Loss     : 0.00003622	 | 	Train MAPE Loss     : 0.45772523
Valid MSE Loss     : 0.00001192	 | 	Valid MAPE Loss     : 0.28740713
lr                 : [3.0000000000000004e-07]


Epoch : 63
Train MSE Loss     : 0.00003905	 | 	Train MAPE Loss     : 0.49776608
Valid MSE Loss     : 0.00001248	 | 	Valid MAPE Loss     : 0.30454725
lr                 : [3.0000000000000004e-07]


Epoch : 64
Train MSE Loss     : 0.00003625	 | 	Train MAPE Loss     : 0.46947956
Valid MSE Loss     : 0.00001337	 | 	Valid MAPE Loss     : 0.32425380
lr                 : [3.0000000000000004e-07]


Epoch : 65
Train MSE Loss     : 0.00003169	 | 	Train MAPE Loss     : 0.44402513
Valid MSE Loss     : 0.00001272	 | 	Valid MAPE Loss     : 0.31125316
lr                 : [3.0000000000000004e-07]


Epoch : 66
Train MSE Loss     : 0.00005470	 | 	Train MAPE Loss     : 0.60305566
Valid MSE Loss     : 0.00001343	 | 	Valid MAPE Loss     : 0.32227647
lr                 : [3.0000000000000004e-07]


Epoch : 67
Train MSE Loss     : 0.00003508	 | 	Train MAPE Loss     : 0.45871869
Valid MSE Loss     : 0.00001198	 | 	Valid MAPE Loss     : 0.28810152
lr                 : [3.0000000000000004e-07]


Epoch : 68
Train MSE Loss     : 0.00003200	 | 	Train MAPE Loss     : 0.44517547
Valid MSE Loss     : 0.00001213	 | 	Valid MAPE Loss     : 0.28705600
lr                 : [3.0000000000000004e-07]


Epoch : 69
Train MSE Loss     : 0.00003692	 | 	Train MAPE Loss     : 0.46936744
Valid MSE Loss     : 0.00001225	 | 	Valid MAPE Loss     : 0.29173550
lr                 : [3.0000000000000004e-07]


Epoch : 70
Train MSE Loss     : 0.00003391	 | 	Train MAPE Loss     : 0.46167523
Valid MSE Loss     : 0.00001218	 | 	Valid MAPE Loss     : 0.29803696
lr                 : [3.0000000000000004e-07]


Epoch : 71
Train MSE Loss     : 0.00002891	 | 	Train MAPE Loss     : 0.42224488
Valid MSE Loss     : 0.00001265	 | 	Valid MAPE Loss     : 0.31224898
lr                 : [3.0000000000000004e-07]


Epoch : 72
Train MSE Loss     : 0.00003325	 | 	Train MAPE Loss     : 0.45280567
Valid MSE Loss     : 0.00001205	 | 	Valid MAPE Loss     : 0.28495777
lr                 : [3.0000000000000004e-07]


Epoch : 73
Train MSE Loss     : 0.00003472	 | 	Train MAPE Loss     : 0.46775460
Valid MSE Loss     : 0.00001212	 | 	Valid MAPE Loss     : 0.29803875
lr                 : [3.0000000000000004e-07]


Epoch : 74
Train MSE Loss     : 0.00004107	 | 	Train MAPE Loss     : 0.49635306
Valid MSE Loss     : 0.00001204	 | 	Valid MAPE Loss     : 0.29505762
lr                 : [3.0000000000000004e-07]


Epoch : 75
Train MSE Loss     : 0.00003491	 | 	Train MAPE Loss     : 0.46581894
Valid MSE Loss     : 0.00001235	 | 	Valid MAPE Loss     : 0.30763096
lr                 : [3.0000000000000004e-07]


Epoch : 76
Train MSE Loss     : 0.00003472	 | 	Train MAPE Loss     : 0.47177324
Valid MSE Loss     : 0.00001343	 | 	Valid MAPE Loss     : 0.32503060
lr                 : [3.0000000000000004e-07]


Epoch : 77
Train MSE Loss     : 0.00003564	 | 	Train MAPE Loss     : 0.47333127
Valid MSE Loss     : 0.00001260	 | 	Valid MAPE Loss     : 0.31143507
lr                 : [3.0000000000000004e-07]


Epoch : 78
Train MSE Loss     : 0.00003009	 | 	Train MAPE Loss     : 0.42530531
Valid MSE Loss     : 0.00001190	 | 	Valid MAPE Loss     : 0.29282978
lr                 : [3.0000000000000004e-07]


Epoch : 79
Train MSE Loss     : 0.00003312	 | 	Train MAPE Loss     : 0.46217093
Valid MSE Loss     : 0.00001214	 | 	Valid MAPE Loss     : 0.29708639
lr                 : [3.0000000000000004e-07]


Epoch : 80
Train MSE Loss     : 0.00003557	 | 	Train MAPE Loss     : 0.48231560
Valid MSE Loss     : 0.00001236	 | 	Valid MAPE Loss     : 0.30129805
lr                 : [3.0000000000000004e-07]


Epoch : 81
Train MSE Loss     : 0.00003930	 | 	Train MAPE Loss     : 0.50346482
Valid MSE Loss     : 0.00001389	 | 	Valid MAPE Loss     : 0.33317742
lr                 : [3.0000000000000004e-07]


Epoch : 82
Train MSE Loss     : 0.00004297	 | 	Train MAPE Loss     : 0.52861607
Valid MSE Loss     : 0.00001234	 | 	Valid MAPE Loss     : 0.30058998
lr                 : [3.0000000000000004e-07]


Epoch : 83
Train MSE Loss     : 0.00003106	 | 	Train MAPE Loss     : 0.42403769
Valid MSE Loss     : 0.00001291	 | 	Valid MAPE Loss     : 0.31487277
lr                 : [3.0000000000000004e-08]


Epoch : 84
Train MSE Loss     : 0.00003363	 | 	Train MAPE Loss     : 0.45294553
Valid MSE Loss     : 0.00001193	 | 	Valid MAPE Loss     : 0.28513169
lr                 : [3.0000000000000004e-08]


Epoch : 85
Train MSE Loss     : 0.00003655	 | 	Train MAPE Loss     : 0.48042098
Valid MSE Loss     : 0.00001202	 | 	Valid MAPE Loss     : 0.28024217
lr                 : [3.0000000000000004e-08]


Epoch : 86
Train MSE Loss     : 0.00003795	 | 	Train MAPE Loss     : 0.50337446
Valid MSE Loss     : 0.00001220	 | 	Valid MAPE Loss     : 0.29411265
lr                 : [3.0000000000000004e-08]


Epoch : 87
Train MSE Loss     : 0.00004289	 | 	Train MAPE Loss     : 0.52904010
Valid MSE Loss     : 0.00001259	 | 	Valid MAPE Loss     : 0.28526223
lr                 : [3.0000000000000004e-08]


Epoch : 88
Train MSE Loss     : 0.00003315	 | 	Train MAPE Loss     : 0.46538153
Valid MSE Loss     : 0.00001283	 | 	Valid MAPE Loss     : 0.28813890
lr                 : [3.0000000000000004e-08]


Epoch : 89
Train MSE Loss     : 0.00003533	 | 	Train MAPE Loss     : 0.47136301
Valid MSE Loss     : 0.00001185	 | 	Valid MAPE Loss     : 0.27886185
lr                 : [3.0000000000000004e-08]


Epoch : 90
Train MSE Loss     : 0.00004172	 | 	Train MAPE Loss     : 0.53328192
Valid MSE Loss     : 0.00001195	 | 	Valid MAPE Loss     : 0.28274068
lr                 : [3.0000000000000004e-08]


Epoch : 91
Train MSE Loss     : 0.00003068	 | 	Train MAPE Loss     : 0.41752377
Valid MSE Loss     : 0.00001178	 | 	Valid MAPE Loss     : 0.28003481
lr                 : [3.0000000000000004e-08]


Epoch : 92
Train MSE Loss     : 0.00003452	 | 	Train MAPE Loss     : 0.45349067
Valid MSE Loss     : 0.00001168	 | 	Valid MAPE Loss     : 0.28565583
lr                 : [3.0000000000000004e-08]


Epoch : 93
Train MSE Loss     : 0.00003746	 | 	Train MAPE Loss     : 0.47083735
Valid MSE Loss     : 0.00001221	 | 	Valid MAPE Loss     : 0.28554600
lr                 : [3.0000000000000004e-08]


Epoch : 94
Train MSE Loss     : 0.00003077	 | 	Train MAPE Loss     : 0.43692416
Valid MSE Loss     : 0.00001201	 | 	Valid MAPE Loss     : 0.28052625
lr                 : [3.0000000000000004e-08]


Epoch : 95
Train MSE Loss     : 0.00003540	 | 	Train MAPE Loss     : 0.47318387
Valid MSE Loss     : 0.00001191	 | 	Valid MAPE Loss     : 0.28464469
lr                 : [3.0000000000000004e-08]


Epoch : 96
Train MSE Loss     : 0.00003368	 | 	Train MAPE Loss     : 0.46732742
Valid MSE Loss     : 0.00001182	 | 	Valid MAPE Loss     : 0.28010166
lr                 : [3.0000000000000004e-08]


Epoch : 97
Train MSE Loss     : 0.00003662	 | 	Train MAPE Loss     : 0.47592917
Valid MSE Loss     : 0.00001237	 | 	Valid MAPE Loss     : 0.28288782
lr                 : [3.0000000000000004e-08]


Epoch : 98
Train MSE Loss     : 0.00003162	 | 	Train MAPE Loss     : 0.44274801
Valid MSE Loss     : 0.00001185	 | 	Valid MAPE Loss     : 0.28251669
lr                 : [3.0000000000000004e-08]


Epoch : 99
Train MSE Loss     : 0.00003614	 | 	Train MAPE Loss     : 0.48516876
Valid MSE Loss     : 0.00001188	 | 	Valid MAPE Loss     : 0.28216979
lr                 : [3.0000000000000004e-08]


Epoch : 100
Train MSE Loss     : 0.00003288	 | 	Train MAPE Loss     : 0.44962424
Valid MSE Loss     : 0.00001180	 | 	Valid MAPE Loss     : 0.28079015
lr                 : [3.0000000000000004e-09]


Epoch : 101
Train MSE Loss     : 0.00003380	 | 	Train MAPE Loss     : 0.46166691
Valid MSE Loss     : 0.00001217	 | 	Valid MAPE Loss     : 0.28170845
lr                 : [3.0000000000000004e-09]


Epoch : 102
Train MSE Loss     : 0.00003564	 | 	Train MAPE Loss     : 0.48256487
Valid MSE Loss     : 0.00001231	 | 	Valid MAPE Loss     : 0.28224841
lr                 : [3.0000000000000004e-09]


Epoch : 103
Train MSE Loss     : 0.00003317	 | 	Train MAPE Loss     : 0.45216790
Valid MSE Loss     : 0.00001171	 | 	Valid MAPE Loss     : 0.28315505
lr                 : [3.0000000000000004e-09]


Epoch : 104
Train MSE Loss     : 0.00003929	 | 	Train MAPE Loss     : 0.48512191
Valid MSE Loss     : 0.00001330	 | 	Valid MAPE Loss     : 0.29364273
lr                 : [3.0000000000000004e-09]


Epoch : 105
Train MSE Loss     : 0.00003640	 | 	Train MAPE Loss     : 0.47576404
Valid MSE Loss     : 0.00001226	 | 	Valid MAPE Loss     : 0.28141153
lr                 : [3.0000000000000004e-09]


Epoch : 106
Train MSE Loss     : 0.00002900	 | 	Train MAPE Loss     : 0.41658324
Valid MSE Loss     : 0.00001178	 | 	Valid MAPE Loss     : 0.27638298
lr                 : [3.0000000000000004e-09]


Epoch : 107
Train MSE Loss     : 0.00003318	 | 	Train MAPE Loss     : 0.46068421
Valid MSE Loss     : 0.00001195	 | 	Valid MAPE Loss     : 0.28182104
lr                 : [3.0000000000000004e-09]


Epoch : 108
Train MSE Loss     : 0.00003611	 | 	Train MAPE Loss     : 0.48393288
Valid MSE Loss     : 0.00001224	 | 	Valid MAPE Loss     : 0.29441416
lr                 : [3.0000000000000004e-09]


Epoch : 109
Train MSE Loss     : 0.00003533	 | 	Train MAPE Loss     : 0.47503272
Valid MSE Loss     : 0.00001204	 | 	Valid MAPE Loss     : 0.28003719
lr                 : [3.0000000000000004e-09]


Epoch : 110
Train MSE Loss     : 0.00003510	 | 	Train MAPE Loss     : 0.48416653
Valid MSE Loss     : 0.00001187	 | 	Valid MAPE Loss     : 0.28346822
lr                 : [3.0000000000000004e-09]


Epoch : 111
Train MSE Loss     : 0.00003850	 | 	Train MAPE Loss     : 0.49565277
Valid MSE Loss     : 0.00001220	 | 	Valid MAPE Loss     : 0.28157142
lr                 : [3.0000000000000004e-09]


Epoch : 112
Train MSE Loss     : 0.00004149	 | 	Train MAPE Loss     : 0.51256526
Valid MSE Loss     : 0.00001192	 | 	Valid MAPE Loss     : 0.28142580
lr                 : [3.0000000000000004e-09]


Epoch : 113
Train MSE Loss     : 0.00003472	 | 	Train MAPE Loss     : 0.46660686
Valid MSE Loss     : 0.00001210	 | 	Valid MAPE Loss     : 0.28114107
lr                 : [3.0000000000000004e-09]


Epoch : 114
Train MSE Loss     : 0.00003500	 | 	Train MAPE Loss     : 0.46828642
Valid MSE Loss     : 0.00001203	 | 	Valid MAPE Loss     : 0.28200117
lr                 : [3.0000000000000004e-09]


Epoch : 115
Train MSE Loss     : 0.00003223	 | 	Train MAPE Loss     : 0.45245737
Valid MSE Loss     : 0.00001253	 | 	Valid MAPE Loss     : 0.28403032
lr                 : [3.0000000000000004e-09]


Epoch : 116
Train MSE Loss     : 0.00003430	 | 	Train MAPE Loss     : 0.47191629
Valid MSE Loss     : 0.00001178	 | 	Valid MAPE Loss     : 0.28536990
lr                 : [3.0000000000000004e-09]


Epoch : 117
Train MSE Loss     : 0.00003546	 | 	Train MAPE Loss     : 0.47793779
Valid MSE Loss     : 0.00001192	 | 	Valid MAPE Loss     : 0.28073749
lr                 : [3.0000000000000004e-09]


Epoch : 118
Train MSE Loss     : 0.00003311	 | 	Train MAPE Loss     : 0.45990378
Valid MSE Loss     : 0.00001219	 | 	Valid MAPE Loss     : 0.28099382
lr                 : [3.0000000000000004e-09]


Epoch : 119
Train MSE Loss     : 0.00003844	 | 	Train MAPE Loss     : 0.49327868
Valid MSE Loss     : 0.00001265	 | 	Valid MAPE Loss     : 0.28575152
lr                 : [3.0000000000000004e-09]


Epoch : 120
Train MSE Loss     : 0.00003045	 | 	Train MAPE Loss     : 0.43223757
Valid MSE Loss     : 0.00001222	 | 	Valid MAPE Loss     : 0.28082541
lr                 : [3.0000000000000004e-09]


Epoch : 121
Train MSE Loss     : 0.00002921	 | 	Train MAPE Loss     : 0.42978054
Valid MSE Loss     : 0.00001195	 | 	Valid MAPE Loss     : 0.27952379
lr                 : [3.0000000000000004e-09]


Epoch : 122
Train MSE Loss     : 0.00003211	 | 	Train MAPE Loss     : 0.44596067
Valid MSE Loss     : 0.00001210	 | 	Valid MAPE Loss     : 0.28346834
lr                 : [3.0000000000000004e-09]


Epoch : 123
Train MSE Loss     : 0.00003441	 | 	Train MAPE Loss     : 0.45372790
Valid MSE Loss     : 0.00001207	 | 	Valid MAPE Loss     : 0.28512055
lr                 : [3.0000000000000004e-09]


Epoch : 124
Train MSE Loss     : 0.00003008	 | 	Train MAPE Loss     : 0.43502635
Valid MSE Loss     : 0.00001186	 | 	Valid MAPE Loss     : 0.27896532
lr                 : [3.0000000000000004e-09]


Epoch : 125
Train MSE Loss     : 0.00003167	 | 	Train MAPE Loss     : 0.43356600
Valid MSE Loss     : 0.00001198	 | 	Valid MAPE Loss     : 0.28179231
lr                 : [3.0000000000000004e-09]


Epoch : 126
Train MSE Loss     : 0.00004634	 | 	Train MAPE Loss     : 0.53354186
Valid MSE Loss     : 0.00001175	 | 	Valid MAPE Loss     : 0.28448132
lr                 : [3.0000000000000004e-09]


Epoch : 127
Train MSE Loss     : 0.00004799	 | 	Train MAPE Loss     : 0.56327975
Valid MSE Loss     : 0.00001229	 | 	Valid MAPE Loss     : 0.28401434
lr                 : [3.0000000000000004e-09]


Epoch : 128
Train MSE Loss     : 0.00003434	 | 	Train MAPE Loss     : 0.47076663
Valid MSE Loss     : 0.00001161	 | 	Valid MAPE Loss     : 0.27993181
lr                 : [3.0000000000000004e-09]


Epoch : 129
Train MSE Loss     : 0.00003397	 | 	Train MAPE Loss     : 0.45599812
Valid MSE Loss     : 0.00001178	 | 	Valid MAPE Loss     : 0.28574678
lr                 : [3.0000000000000004e-09]


Epoch : 130
Train MSE Loss     : 0.00003408	 | 	Train MAPE Loss     : 0.45210272
Valid MSE Loss     : 0.00001232	 | 	Valid MAPE Loss     : 0.28271452
lr                 : [3.0000000000000004e-09]


Epoch : 131
Train MSE Loss     : 0.00003331	 | 	Train MAPE Loss     : 0.45694956
Valid MSE Loss     : 0.00001168	 | 	Valid MAPE Loss     : 0.28091231
lr                 : [3.0000000000000004e-09]


Epoch : 132
Train MSE Loss     : 0.00003918	 | 	Train MAPE Loss     : 0.49646950
Valid MSE Loss     : 0.00001178	 | 	Valid MAPE Loss     : 0.28242871
lr                 : [3.0000000000000004e-09]


Epoch : 133
Train MSE Loss     : 0.00003534	 | 	Train MAPE Loss     : 0.47209311
Valid MSE Loss     : 0.00001177	 | 	Valid MAPE Loss     : 0.27814576
lr                 : [3.0000000000000004e-09]


Epoch : 134
Train MSE Loss     : 0.00003259	 | 	Train MAPE Loss     : 0.45488501
Valid MSE Loss     : 0.00001160	 | 	Valid MAPE Loss     : 0.28065801
lr                 : [3.0000000000000004e-09]


Epoch : 135
Train MSE Loss     : 0.00003093	 | 	Train MAPE Loss     : 0.44351068
Valid MSE Loss     : 0.00001186	 | 	Valid MAPE Loss     : 0.28333184
lr                 : [3.0000000000000004e-09]


Epoch : 136
Train MSE Loss     : 0.00003275	 | 	Train MAPE Loss     : 0.45367652
Valid MSE Loss     : 0.00001199	 | 	Valid MAPE Loss     : 0.27922556
lr                 : [3.0000000000000004e-09]


Epoch : 137
Train MSE Loss     : 0.00003343	 | 	Train MAPE Loss     : 0.44928089
Valid MSE Loss     : 0.00001283	 | 	Valid MAPE Loss     : 0.28720000
lr                 : [3.0000000000000004e-09]


Epoch : 138
Train MSE Loss     : 0.00003589	 | 	Train MAPE Loss     : 0.47403732
Valid MSE Loss     : 0.00001314	 | 	Valid MAPE Loss     : 0.29030308
lr                 : [3.0000000000000004e-09]


Epoch : 139
Train MSE Loss     : 0.00003573	 | 	Train MAPE Loss     : 0.48299581
Valid MSE Loss     : 0.00001160	 | 	Valid MAPE Loss     : 0.28109941
lr                 : [3.0000000000000004e-09]


Epoch : 140
Train MSE Loss     : 0.00003944	 | 	Train MAPE Loss     : 0.51452154
Valid MSE Loss     : 0.00001171	 | 	Valid MAPE Loss     : 0.27886531
lr                 : [3.0000000000000004e-09]


Epoch : 141
Train MSE Loss     : 0.00003133	 | 	Train MAPE Loss     : 0.44040790
Valid MSE Loss     : 0.00001218	 | 	Valid MAPE Loss     : 0.28085297
lr                 : [3.0000000000000004e-09]


Epoch : 142
Train MSE Loss     : 0.00003494	 | 	Train MAPE Loss     : 0.46492362
Valid MSE Loss     : 0.00001252	 | 	Valid MAPE Loss     : 0.28433889
lr                 : [3.0000000000000004e-09]


Epoch : 143
Train MSE Loss     : 0.00003416	 | 	Train MAPE Loss     : 0.46196961
Valid MSE Loss     : 0.00001287	 | 	Valid MAPE Loss     : 0.28696468
lr                 : [3.0000000000000004e-09]


Epoch : 144
Train MSE Loss     : 0.00003591	 | 	Train MAPE Loss     : 0.47231212
Valid MSE Loss     : 0.00001180	 | 	Valid MAPE Loss     : 0.27958515
lr                 : [3.0000000000000004e-09]


Epoch : 145
Train MSE Loss     : 0.00003531	 | 	Train MAPE Loss     : 0.47754297
Valid MSE Loss     : 0.00001230	 | 	Valid MAPE Loss     : 0.28137222
lr                 : [3.0000000000000004e-09]


Epoch : 146
Train MSE Loss     : 0.00003681	 | 	Train MAPE Loss     : 0.48180217
Valid MSE Loss     : 0.00001218	 | 	Valid MAPE Loss     : 0.28170970
lr                 : [3.0000000000000004e-09]


Epoch : 147
Train MSE Loss     : 0.00002985	 | 	Train MAPE Loss     : 0.42214736
Valid MSE Loss     : 0.00001253	 | 	Valid MAPE Loss     : 0.28418192
lr                 : [3.0000000000000004e-09]


Epoch : 148
Train MSE Loss     : 0.00003192	 | 	Train MAPE Loss     : 0.43896770
Valid MSE Loss     : 0.00001190	 | 	Valid MAPE Loss     : 0.28335348
lr                 : [3.0000000000000004e-09]


Epoch : 149
Train MSE Loss     : 0.00003925	 | 	Train MAPE Loss     : 0.52268273
Valid MSE Loss     : 0.00001217	 | 	Valid MAPE Loss     : 0.28163078
lr                 : [3.0000000000000004e-09]


Epoch : 150
Train MSE Loss     : 0.00003404	 | 	Train MAPE Loss     : 0.46586961
Valid MSE Loss     : 0.00001192	 | 	Valid MAPE Loss     : 0.28351983
lr                 : [3.0000000000000004e-09]


Evaluate on the Test set:
Test MAPE loss      :0.81139690	 | Test MSE loss      : 0.00011897

################## Training is Done! #########################
Training time is : 0:04:30.004329
