=============================================
Dataset: cell_XJTU_batch3_prepocess_data
Mode:    supervised_with_contrast
=============================================
Training started ....

Epoch : 1
Train MSE Loss     : 1.03829050	 | 	Train MAPE Loss     : 19.88513184
Valid MSE Loss     : 0.02713796	 | 	Valid MAPE Loss     : 17.13886833
lr                 : [0.0003]


Epoch : 2
Train MSE Loss     : 1.00281417	 | 	Train MAPE Loss     : 3.84843111
Valid MSE Loss     : 0.00008874	 | 	Valid MAPE Loss     : 0.83872813
lr                 : [0.0003]


Epoch : 3
Train MSE Loss     : 1.00099599	 | 	Train MAPE Loss     : 2.71329689
Valid MSE Loss     : 0.00089671	 | 	Valid MAPE Loss     : 3.14916515
lr                 : [0.0003]


Epoch : 4
Train MSE Loss     : 1.00135899	 | 	Train MAPE Loss     : 3.19245100
Valid MSE Loss     : 0.00826342	 | 	Valid MAPE Loss     : 9.68320560
lr                 : [0.0003]


Epoch : 5
Train MSE Loss     : 1.00260091	 | 	Train MAPE Loss     : 4.46895838
Valid MSE Loss     : 0.00055295	 | 	Valid MAPE Loss     : 2.39852953
lr                 : [0.0003]


Epoch : 6
Train MSE Loss     : 1.00017917	 | 	Train MAPE Loss     : 1.21733344
Valid MSE Loss     : 0.00006974	 | 	Valid MAPE Loss     : 0.70606983
lr                 : [0.0003]


Epoch : 7
Train MSE Loss     : 1.00019705	 | 	Train MAPE Loss     : 1.17363989
Valid MSE Loss     : 0.00002236	 | 	Valid MAPE Loss     : 0.38667312
lr                 : [0.0003]


Epoch : 8
Train MSE Loss     : 1.00054002	 | 	Train MAPE Loss     : 2.19730020
Valid MSE Loss     : 0.00127979	 | 	Valid MAPE Loss     : 3.52194595
lr                 : [0.0003]


Epoch : 9
Train MSE Loss     : 1.00148714	 | 	Train MAPE Loss     : 3.48872304
Valid MSE Loss     : 0.00034317	 | 	Valid MAPE Loss     : 1.83286989
lr                 : [0.0003]


Epoch : 10
Train MSE Loss     : 1.00092077	 | 	Train MAPE Loss     : 2.96244454
Valid MSE Loss     : 0.00009565	 | 	Valid MAPE Loss     : 0.90173405
lr                 : [0.0003]


Epoch : 11
Train MSE Loss     : 1.00018334	 | 	Train MAPE Loss     : 1.11889863
Valid MSE Loss     : 0.00009908	 | 	Valid MAPE Loss     : 0.92079908
lr                 : [0.0003]


Epoch : 12
Train MSE Loss     : 1.00093019	 | 	Train MAPE Loss     : 2.79414558
Valid MSE Loss     : 0.00003168	 | 	Valid MAPE Loss     : 0.46746740
lr                 : [0.0003]


Epoch : 13
Train MSE Loss     : 1.00035620	 | 	Train MAPE Loss     : 1.60153794
Valid MSE Loss     : 0.00006284	 | 	Valid MAPE Loss     : 0.70033282
lr                 : [0.0003]


Epoch : 14
Train MSE Loss     : 1.00049150	 | 	Train MAPE Loss     : 2.04388356
Valid MSE Loss     : 0.00035018	 | 	Valid MAPE Loss     : 1.95557594
lr                 : [0.0003]


Epoch : 15
Train MSE Loss     : 1.00030315	 | 	Train MAPE Loss     : 1.60146677
Valid MSE Loss     : 0.00142369	 | 	Valid MAPE Loss     : 3.98917770
lr                 : [0.0003]


Epoch : 16
Train MSE Loss     : 1.00027263	 | 	Train MAPE Loss     : 1.48135471
Valid MSE Loss     : 0.00081852	 | 	Valid MAPE Loss     : 3.03880692
lr                 : [0.0003]


Epoch : 17
Train MSE Loss     : 1.00129580	 | 	Train MAPE Loss     : 3.27741361
Valid MSE Loss     : 0.00091365	 | 	Valid MAPE Loss     : 3.19981194
lr                 : [0.0003]


Epoch : 18
Train MSE Loss     : 1.00109041	 | 	Train MAPE Loss     : 2.95746469
Valid MSE Loss     : 0.00020870	 | 	Valid MAPE Loss     : 1.40993571
lr                 : [2.9999999999999997e-05]


Epoch : 19
Train MSE Loss     : 1.00007081	 | 	Train MAPE Loss     : 0.72579753
Valid MSE Loss     : 0.00002289	 | 	Valid MAPE Loss     : 0.39827603
lr                 : [2.9999999999999997e-05]


Epoch : 20
Train MSE Loss     : 1.00006437	 | 	Train MAPE Loss     : 0.69665921
Valid MSE Loss     : 0.00001767	 | 	Valid MAPE Loss     : 0.32905865
lr                 : [2.9999999999999997e-05]


Epoch : 21
Train MSE Loss     : 1.00004518	 | 	Train MAPE Loss     : 0.59089071
Valid MSE Loss     : 0.00002453	 | 	Valid MAPE Loss     : 0.42884833
lr                 : [2.9999999999999997e-05]


Epoch : 22
Train MSE Loss     : 1.00005448	 | 	Train MAPE Loss     : 0.65189540
Valid MSE Loss     : 0.00010081	 | 	Valid MAPE Loss     : 0.99447137
lr                 : [2.9999999999999997e-05]


Epoch : 23
Train MSE Loss     : 1.00010371	 | 	Train MAPE Loss     : 0.94749629
Valid MSE Loss     : 0.00002244	 | 	Valid MAPE Loss     : 0.40335855
lr                 : [2.9999999999999997e-05]


Epoch : 24
Train MSE Loss     : 1.00004172	 | 	Train MAPE Loss     : 0.55243587
Valid MSE Loss     : 0.00002517	 | 	Valid MAPE Loss     : 0.42557400
lr                 : [2.9999999999999997e-05]


Epoch : 25
Train MSE Loss     : 1.00004911	 | 	Train MAPE Loss     : 0.61212814
Valid MSE Loss     : 0.00003548	 | 	Valid MAPE Loss     : 0.52484548
lr                 : [2.9999999999999997e-05]


Epoch : 26
Train MSE Loss     : 1.00004292	 | 	Train MAPE Loss     : 0.55040371
Valid MSE Loss     : 0.00008304	 | 	Valid MAPE Loss     : 0.86715698
lr                 : [2.9999999999999997e-05]


Epoch : 27
Train MSE Loss     : 1.00005651	 | 	Train MAPE Loss     : 0.66057026
Valid MSE Loss     : 0.00003058	 | 	Valid MAPE Loss     : 0.46277308
lr                 : [2.9999999999999997e-05]


Epoch : 28
Train MSE Loss     : 1.00006580	 | 	Train MAPE Loss     : 0.65206158
Valid MSE Loss     : 0.00001853	 | 	Valid MAPE Loss     : 0.35958514
lr                 : [2.9999999999999997e-05]


Epoch : 29
Train MSE Loss     : 1.00005472	 | 	Train MAPE Loss     : 0.63352364
Valid MSE Loss     : 0.00002117	 | 	Valid MAPE Loss     : 0.38446739
lr                 : [2.9999999999999997e-05]


Epoch : 30
Train MSE Loss     : 1.00004995	 | 	Train MAPE Loss     : 0.61276424
Valid MSE Loss     : 0.00002613	 | 	Valid MAPE Loss     : 0.40293732
lr                 : [2.9999999999999997e-05]


Epoch : 31
Train MSE Loss     : 1.00002801	 | 	Train MAPE Loss     : 0.45539379
Valid MSE Loss     : 0.00002000	 | 	Valid MAPE Loss     : 0.35898060
lr                 : [3e-06]


Epoch : 32
Train MSE Loss     : 1.00004184	 | 	Train MAPE Loss     : 0.56743598
Valid MSE Loss     : 0.00001659	 | 	Valid MAPE Loss     : 0.33218151
lr                 : [3e-06]


Epoch : 33
Train MSE Loss     : 1.00004089	 | 	Train MAPE Loss     : 0.53196579
Valid MSE Loss     : 0.00001707	 | 	Valid MAPE Loss     : 0.32730809
lr                 : [3e-06]


Epoch : 34
Train MSE Loss     : 1.00001955	 | 	Train MAPE Loss     : 0.38126209
Valid MSE Loss     : 0.00002572	 | 	Valid MAPE Loss     : 0.42776927
lr                 : [3e-06]


Epoch : 35
Train MSE Loss     : 1.00003219	 | 	Train MAPE Loss     : 0.48086160
Valid MSE Loss     : 0.00001980	 | 	Valid MAPE Loss     : 0.37508291
lr                 : [3e-06]


Epoch : 36
Train MSE Loss     : 1.00005257	 | 	Train MAPE Loss     : 0.62010801
Valid MSE Loss     : 0.00003983	 | 	Valid MAPE Loss     : 0.55196768
lr                 : [3e-06]


Epoch : 37
Train MSE Loss     : 1.00002885	 | 	Train MAPE Loss     : 0.45518053
Valid MSE Loss     : 0.00001564	 | 	Valid MAPE Loss     : 0.32050699
lr                 : [3e-06]


Epoch : 38
Train MSE Loss     : 1.00002706	 | 	Train MAPE Loss     : 0.43167469
Valid MSE Loss     : 0.00001912	 | 	Valid MAPE Loss     : 0.35263425
lr                 : [3e-06]


Epoch : 39
Train MSE Loss     : 1.00002503	 | 	Train MAPE Loss     : 0.41748160
Valid MSE Loss     : 0.00001677	 | 	Valid MAPE Loss     : 0.32706362
lr                 : [3e-06]


Epoch : 40
Train MSE Loss     : 1.00002205	 | 	Train MAPE Loss     : 0.38923916
Valid MSE Loss     : 0.00001595	 | 	Valid MAPE Loss     : 0.32018855
lr                 : [3e-06]


Epoch : 41
Train MSE Loss     : 1.00002992	 | 	Train MAPE Loss     : 0.47247446
Valid MSE Loss     : 0.00001674	 | 	Valid MAPE Loss     : 0.32279056
lr                 : [3e-06]


Epoch : 42
Train MSE Loss     : 1.00004733	 | 	Train MAPE Loss     : 0.56966597
Valid MSE Loss     : 0.00001817	 | 	Valid MAPE Loss     : 0.35680956
lr                 : [3e-06]


Epoch : 43
Train MSE Loss     : 1.00002921	 | 	Train MAPE Loss     : 0.46215039
Valid MSE Loss     : 0.00001962	 | 	Valid MAPE Loss     : 0.36397043
lr                 : [3e-06]


Epoch : 44
Train MSE Loss     : 1.00003111	 | 	Train MAPE Loss     : 0.48983946
Valid MSE Loss     : 0.00001674	 | 	Valid MAPE Loss     : 0.32816866
lr                 : [3e-06]


Epoch : 45
Train MSE Loss     : 1.00004435	 | 	Train MAPE Loss     : 0.56548697
Valid MSE Loss     : 0.00001550	 | 	Valid MAPE Loss     : 0.30992684
lr                 : [3e-06]


Epoch : 46
Train MSE Loss     : 1.00003374	 | 	Train MAPE Loss     : 0.47390780
Valid MSE Loss     : 0.00002565	 | 	Valid MAPE Loss     : 0.42209893
lr                 : [3e-06]


Epoch : 47
Train MSE Loss     : 1.00002384	 | 	Train MAPE Loss     : 0.41032174
Valid MSE Loss     : 0.00001535	 | 	Valid MAPE Loss     : 0.31350285
lr                 : [3e-06]


Epoch : 48
Train MSE Loss     : 1.00002944	 | 	Train MAPE Loss     : 0.45692000
Valid MSE Loss     : 0.00001904	 | 	Valid MAPE Loss     : 0.36606124
lr                 : [3e-06]


Epoch : 49
Train MSE Loss     : 1.00004005	 | 	Train MAPE Loss     : 0.52110624
Valid MSE Loss     : 0.00001564	 | 	Valid MAPE Loss     : 0.32122126
lr                 : [3e-06]


Epoch : 50
Train MSE Loss     : 1.00003147	 | 	Train MAPE Loss     : 0.47281566
Valid MSE Loss     : 0.00002305	 | 	Valid MAPE Loss     : 0.39389530
lr                 : [3e-06]


Epoch : 51
Train MSE Loss     : 1.00002921	 | 	Train MAPE Loss     : 0.47629029
Valid MSE Loss     : 0.00001769	 | 	Valid MAPE Loss     : 0.33603010
lr                 : [3e-06]


Epoch : 52
Train MSE Loss     : 1.00003278	 | 	Train MAPE Loss     : 0.47313389
Valid MSE Loss     : 0.00002086	 | 	Valid MAPE Loss     : 0.36777812
lr                 : [3e-06]


Epoch : 53
Train MSE Loss     : 1.00003183	 | 	Train MAPE Loss     : 0.49308890
Valid MSE Loss     : 0.00003656	 | 	Valid MAPE Loss     : 0.53600496
lr                 : [3e-06]


Epoch : 54
Train MSE Loss     : 1.00002825	 | 	Train MAPE Loss     : 0.45818570
Valid MSE Loss     : 0.00001663	 | 	Valid MAPE Loss     : 0.32189077
lr                 : [3e-06]


Epoch : 55
Train MSE Loss     : 1.00002563	 | 	Train MAPE Loss     : 0.42310002
Valid MSE Loss     : 0.00002046	 | 	Valid MAPE Loss     : 0.36194092
lr                 : [3e-06]


Epoch : 56
Train MSE Loss     : 1.00003123	 | 	Train MAPE Loss     : 0.46798253
Valid MSE Loss     : 0.00003483	 | 	Valid MAPE Loss     : 0.51607484
lr                 : [3.0000000000000004e-07]


Epoch : 57
Train MSE Loss     : 1.00002337	 | 	Train MAPE Loss     : 0.41547385
Valid MSE Loss     : 0.00002087	 | 	Valid MAPE Loss     : 0.36952719
lr                 : [3.0000000000000004e-07]


Epoch : 58
Train MSE Loss     : 1.00002158	 | 	Train MAPE Loss     : 0.39942107
Valid MSE Loss     : 0.00001619	 | 	Valid MAPE Loss     : 0.32377410
lr                 : [3.0000000000000004e-07]


Epoch : 59
Train MSE Loss     : 1.00002396	 | 	Train MAPE Loss     : 0.39971042
Valid MSE Loss     : 0.00002797	 | 	Valid MAPE Loss     : 0.44799715
lr                 : [3.0000000000000004e-07]


Epoch : 60
Train MSE Loss     : 1.00003672	 | 	Train MAPE Loss     : 0.52564251
Valid MSE Loss     : 0.00002044	 | 	Valid MAPE Loss     : 0.36614573
lr                 : [3.0000000000000004e-07]


Epoch : 61
Train MSE Loss     : 1.00002646	 | 	Train MAPE Loss     : 0.43024820
Valid MSE Loss     : 0.00001640	 | 	Valid MAPE Loss     : 0.32436529
lr                 : [3.0000000000000004e-07]


Epoch : 62
Train MSE Loss     : 1.00003338	 | 	Train MAPE Loss     : 0.49976459
Valid MSE Loss     : 0.00001603	 | 	Valid MAPE Loss     : 0.31727061
lr                 : [3.0000000000000004e-07]


Epoch : 63
Train MSE Loss     : 1.00002325	 | 	Train MAPE Loss     : 0.40815344
Valid MSE Loss     : 0.00001628	 | 	Valid MAPE Loss     : 0.32541975
lr                 : [3.0000000000000004e-07]


Epoch : 64
Train MSE Loss     : 1.00002813	 | 	Train MAPE Loss     : 0.46192193
Valid MSE Loss     : 0.00001708	 | 	Valid MAPE Loss     : 0.33134669
lr                 : [3.0000000000000004e-07]


Epoch : 65
Train MSE Loss     : 1.00005174	 | 	Train MAPE Loss     : 0.58295518
Valid MSE Loss     : 0.00001679	 | 	Valid MAPE Loss     : 0.33519673
lr                 : [3.0000000000000004e-07]


Epoch : 66
Train MSE Loss     : 1.00002849	 | 	Train MAPE Loss     : 0.45167664
Valid MSE Loss     : 0.00001732	 | 	Valid MAPE Loss     : 0.33298677
lr                 : [3.0000000000000004e-07]


Epoch : 67
Train MSE Loss     : 1.00002396	 | 	Train MAPE Loss     : 0.41530964
Valid MSE Loss     : 0.00003133	 | 	Valid MAPE Loss     : 0.48502499
lr                 : [3.0000000000000004e-08]


Epoch : 68
Train MSE Loss     : 1.00002158	 | 	Train MAPE Loss     : 0.39277840
Valid MSE Loss     : 0.00001848	 | 	Valid MAPE Loss     : 0.34310755
lr                 : [3.0000000000000004e-08]


Epoch : 69
Train MSE Loss     : 1.00002217	 | 	Train MAPE Loss     : 0.39945725
Valid MSE Loss     : 0.00001704	 | 	Valid MAPE Loss     : 0.33416036
lr                 : [3.0000000000000004e-08]


Epoch : 70
Train MSE Loss     : 1.00002933	 | 	Train MAPE Loss     : 0.46307963
Valid MSE Loss     : 0.00001594	 | 	Valid MAPE Loss     : 0.32138386
lr                 : [3.0000000000000004e-08]


Epoch : 71
Train MSE Loss     : 1.00002789	 | 	Train MAPE Loss     : 0.44287854
Valid MSE Loss     : 0.00002425	 | 	Valid MAPE Loss     : 0.40806642
lr                 : [3.0000000000000004e-08]


Epoch : 72
Train MSE Loss     : 1.00004780	 | 	Train MAPE Loss     : 0.61017174
Valid MSE Loss     : 0.00003981	 | 	Valid MAPE Loss     : 0.53953654
lr                 : [3.0000000000000004e-08]


Epoch : 73
Train MSE Loss     : 1.00003302	 | 	Train MAPE Loss     : 0.50792342
Valid MSE Loss     : 0.00004491	 | 	Valid MAPE Loss     : 0.59029430
lr                 : [3.0000000000000004e-08]


Epoch : 74
Train MSE Loss     : 1.00002193	 | 	Train MAPE Loss     : 0.39039281
Valid MSE Loss     : 0.00001622	 | 	Valid MAPE Loss     : 0.32808226
lr                 : [3.0000000000000004e-08]


Epoch : 75
Train MSE Loss     : 1.00003624	 | 	Train MAPE Loss     : 0.53617078
Valid MSE Loss     : 0.00001757	 | 	Valid MAPE Loss     : 0.33769745
lr                 : [3.0000000000000004e-08]


Epoch : 76
Train MSE Loss     : 1.00002408	 | 	Train MAPE Loss     : 0.41776371
Valid MSE Loss     : 0.00001793	 | 	Valid MAPE Loss     : 0.33926564
lr                 : [3.0000000000000004e-08]


Epoch : 77
Train MSE Loss     : 1.00003302	 | 	Train MAPE Loss     : 0.48208991
Valid MSE Loss     : 0.00001973	 | 	Valid MAPE Loss     : 0.37214726
lr                 : [3.0000000000000004e-08]


Epoch : 78
Train MSE Loss     : 1.00002813	 | 	Train MAPE Loss     : 0.45259336
Valid MSE Loss     : 0.00001970	 | 	Valid MAPE Loss     : 0.35638463
lr                 : [3.0000000000000004e-09]


Epoch : 79
Train MSE Loss     : 1.00004172	 | 	Train MAPE Loss     : 0.54740274
Valid MSE Loss     : 0.00003796	 | 	Valid MAPE Loss     : 0.52056754
lr                 : [3.0000000000000004e-09]


Epoch : 80
Train MSE Loss     : 1.00002122	 | 	Train MAPE Loss     : 0.39089769
Valid MSE Loss     : 0.00001596	 | 	Valid MAPE Loss     : 0.31734353
lr                 : [3.0000000000000004e-09]


Epoch : 81
Train MSE Loss     : 1.00003302	 | 	Train MAPE Loss     : 0.49453208
Valid MSE Loss     : 0.00001627	 | 	Valid MAPE Loss     : 0.32830852
lr                 : [3.0000000000000004e-09]


Epoch : 82
Train MSE Loss     : 1.00002575	 | 	Train MAPE Loss     : 0.42009389
Valid MSE Loss     : 0.00002088	 | 	Valid MAPE Loss     : 0.36581808
lr                 : [3.0000000000000004e-09]


Epoch : 83
Train MSE Loss     : 1.00001526	 | 	Train MAPE Loss     : 0.32327786
Valid MSE Loss     : 0.00001914	 | 	Valid MAPE Loss     : 0.34964412
lr                 : [3.0000000000000004e-09]


Epoch : 84
Train MSE Loss     : 1.00002897	 | 	Train MAPE Loss     : 0.46355784
Valid MSE Loss     : 0.00001972	 | 	Valid MAPE Loss     : 0.35448125
lr                 : [3.0000000000000004e-09]


Epoch : 85
Train MSE Loss     : 1.00002384	 | 	Train MAPE Loss     : 0.41166815
Valid MSE Loss     : 0.00001946	 | 	Valid MAPE Loss     : 0.35053903
lr                 : [3.0000000000000004e-09]


Epoch : 86
Train MSE Loss     : 1.00003016	 | 	Train MAPE Loss     : 0.48076901
Valid MSE Loss     : 0.00003213	 | 	Valid MAPE Loss     : 0.47963953
lr                 : [3.0000000000000004e-09]


Epoch : 87
Train MSE Loss     : 1.00004482	 | 	Train MAPE Loss     : 0.56741142
Valid MSE Loss     : 0.00001963	 | 	Valid MAPE Loss     : 0.35399684
lr                 : [3.0000000000000004e-09]


Epoch : 88
Train MSE Loss     : 1.00002897	 | 	Train MAPE Loss     : 0.45212322
Valid MSE Loss     : 0.00002659	 | 	Valid MAPE Loss     : 0.42675915
lr                 : [3.0000000000000004e-09]


Epoch : 89
Train MSE Loss     : 1.00003195	 | 	Train MAPE Loss     : 0.48416209
Valid MSE Loss     : 0.00001978	 | 	Valid MAPE Loss     : 0.36703151
lr                 : [3.0000000000000004e-09]


Epoch : 90
Train MSE Loss     : 1.00002944	 | 	Train MAPE Loss     : 0.43742102
Valid MSE Loss     : 0.00001729	 | 	Valid MAPE Loss     : 0.33955762
lr                 : [3.0000000000000004e-09]


Epoch : 91
Train MSE Loss     : 1.00003076	 | 	Train MAPE Loss     : 0.45852152
Valid MSE Loss     : 0.00003537	 | 	Valid MAPE Loss     : 0.51178074
lr                 : [3.0000000000000004e-09]


Epoch : 92
Train MSE Loss     : 1.00002801	 | 	Train MAPE Loss     : 0.45549357
Valid MSE Loss     : 0.00002501	 | 	Valid MAPE Loss     : 0.41762787
lr                 : [3.0000000000000004e-09]


Epoch : 93
Train MSE Loss     : 1.00003612	 | 	Train MAPE Loss     : 0.51750118
Valid MSE Loss     : 0.00001658	 | 	Valid MAPE Loss     : 0.32735452
lr                 : [3.0000000000000004e-09]


Epoch : 94
Train MSE Loss     : 1.00002503	 | 	Train MAPE Loss     : 0.41741580
Valid MSE Loss     : 0.00001817	 | 	Valid MAPE Loss     : 0.35605782
lr                 : [3.0000000000000004e-09]


Epoch : 95
Train MSE Loss     : 1.00002611	 | 	Train MAPE Loss     : 0.44206238
Valid MSE Loss     : 0.00001990	 | 	Valid MAPE Loss     : 0.35803023
lr                 : [3.0000000000000004e-09]


Epoch : 96
Train MSE Loss     : 1.00003600	 | 	Train MAPE Loss     : 0.52410179
Valid MSE Loss     : 0.00001530	 | 	Valid MAPE Loss     : 0.31687677
lr                 : [3.0000000000000004e-09]


Epoch : 97
Train MSE Loss     : 1.00001884	 | 	Train MAPE Loss     : 0.36613262
Valid MSE Loss     : 0.00001651	 | 	Valid MAPE Loss     : 0.32240838
lr                 : [3.0000000000000004e-09]


Epoch : 98
Train MSE Loss     : 1.00002098	 | 	Train MAPE Loss     : 0.39256033
Valid MSE Loss     : 0.00001753	 | 	Valid MAPE Loss     : 0.33697116
lr                 : [3.0000000000000004e-09]


Epoch : 99
Train MSE Loss     : 1.00002038	 | 	Train MAPE Loss     : 0.38857397
Valid MSE Loss     : 0.00002154	 | 	Valid MAPE Loss     : 0.38106763
lr                 : [3.0000000000000004e-09]


Epoch : 100
Train MSE Loss     : 1.00003719	 | 	Train MAPE Loss     : 0.53676176
Valid MSE Loss     : 0.00001755	 | 	Valid MAPE Loss     : 0.34565699
lr                 : [3.0000000000000004e-09]


Epoch : 101
Train MSE Loss     : 1.00002801	 | 	Train MAPE Loss     : 0.46579134
Valid MSE Loss     : 0.00002125	 | 	Valid MAPE Loss     : 0.37863055
lr                 : [3.0000000000000004e-09]


Epoch : 102
Train MSE Loss     : 1.00003219	 | 	Train MAPE Loss     : 0.47447863
Valid MSE Loss     : 0.00002022	 | 	Valid MAPE Loss     : 0.36739704
lr                 : [3.0000000000000004e-09]


Epoch : 103
Train MSE Loss     : 1.00001919	 | 	Train MAPE Loss     : 0.37358958
Valid MSE Loss     : 0.00001732	 | 	Valid MAPE Loss     : 0.33171761
lr                 : [3.0000000000000004e-09]


Epoch : 104
Train MSE Loss     : 1.00002360	 | 	Train MAPE Loss     : 0.41439977
Valid MSE Loss     : 0.00001745	 | 	Valid MAPE Loss     : 0.33235824
lr                 : [3.0000000000000004e-09]


Epoch : 105
Train MSE Loss     : 1.00001895	 | 	Train MAPE Loss     : 0.36791450
Valid MSE Loss     : 0.00001630	 | 	Valid MAPE Loss     : 0.32260588
lr                 : [3.0000000000000004e-09]


Epoch : 106
Train MSE Loss     : 1.00003111	 | 	Train MAPE Loss     : 0.45772770
Valid MSE Loss     : 0.00001795	 | 	Valid MAPE Loss     : 0.35354096
lr                 : [3.0000000000000004e-09]


Epoch : 107
Train MSE Loss     : 1.00003266	 | 	Train MAPE Loss     : 0.50403106
Valid MSE Loss     : 0.00004722	 | 	Valid MAPE Loss     : 0.61523473
lr                 : [3.0000000000000004e-09]


Epoch : 108
Train MSE Loss     : 1.00004172	 | 	Train MAPE Loss     : 0.56901169
Valid MSE Loss     : 0.00001960	 | 	Valid MAPE Loss     : 0.35615444
lr                 : [3.0000000000000004e-09]


Epoch : 109
Train MSE Loss     : 1.00002956	 | 	Train MAPE Loss     : 0.44956625
Valid MSE Loss     : 0.00003459	 | 	Valid MAPE Loss     : 0.50653857
lr                 : [3.0000000000000004e-09]


Epoch : 110
Train MSE Loss     : 1.00002551	 | 	Train MAPE Loss     : 0.42093018
Valid MSE Loss     : 0.00001694	 | 	Valid MAPE Loss     : 0.32723922
lr                 : [3.0000000000000004e-09]


Epoch : 111
Train MSE Loss     : 1.00003326	 | 	Train MAPE Loss     : 0.47663960
Valid MSE Loss     : 0.00001858	 | 	Valid MAPE Loss     : 0.34074181
lr                 : [3.0000000000000004e-09]


Epoch : 112
Train MSE Loss     : 1.00003409	 | 	Train MAPE Loss     : 0.49277243
Valid MSE Loss     : 0.00001860	 | 	Valid MAPE Loss     : 0.34686619
lr                 : [3.0000000000000004e-09]


Epoch : 113
Train MSE Loss     : 1.00002944	 | 	Train MAPE Loss     : 0.46745718
Valid MSE Loss     : 0.00002133	 | 	Valid MAPE Loss     : 0.37040621
lr                 : [3.0000000000000004e-09]


Epoch : 114
Train MSE Loss     : 1.00002825	 | 	Train MAPE Loss     : 0.45582852
Valid MSE Loss     : 0.00002548	 | 	Valid MAPE Loss     : 0.41883761
lr                 : [3.0000000000000004e-09]


Epoch : 115
Train MSE Loss     : 1.00002539	 | 	Train MAPE Loss     : 0.42491677
Valid MSE Loss     : 0.00002302	 | 	Valid MAPE Loss     : 0.38697630
lr                 : [3.0000000000000004e-09]


Epoch : 116
Train MSE Loss     : 1.00002456	 | 	Train MAPE Loss     : 0.42787033
Valid MSE Loss     : 0.00002065	 | 	Valid MAPE Loss     : 0.35984045
lr                 : [3.0000000000000004e-09]


Epoch : 117
Train MSE Loss     : 1.00003183	 | 	Train MAPE Loss     : 0.46676245
Valid MSE Loss     : 0.00001929	 | 	Valid MAPE Loss     : 0.35801303
lr                 : [3.0000000000000004e-09]


Epoch : 118
Train MSE Loss     : 1.00002933	 | 	Train MAPE Loss     : 0.46119085
Valid MSE Loss     : 0.00002050	 | 	Valid MAPE Loss     : 0.36347112
lr                 : [3.0000000000000004e-09]


Epoch : 119
Train MSE Loss     : 1.00002384	 | 	Train MAPE Loss     : 0.40986753
Valid MSE Loss     : 0.00002446	 | 	Valid MAPE Loss     : 0.40419990
lr                 : [3.0000000000000004e-09]


Epoch : 120
Train MSE Loss     : 1.00003529	 | 	Train MAPE Loss     : 0.48342541
Valid MSE Loss     : 0.00001627	 | 	Valid MAPE Loss     : 0.32103619
lr                 : [3.0000000000000004e-09]


Epoch : 121
Train MSE Loss     : 1.00004292	 | 	Train MAPE Loss     : 0.55714679
Valid MSE Loss     : 0.00002813	 | 	Valid MAPE Loss     : 0.46896061
lr                 : [3.0000000000000004e-09]


Epoch : 122
Train MSE Loss     : 1.00001431	 | 	Train MAPE Loss     : 0.30904675
Valid MSE Loss     : 0.00001719	 | 	Valid MAPE Loss     : 0.32940596
lr                 : [3.0000000000000004e-09]


Epoch : 123
Train MSE Loss     : 1.00003529	 | 	Train MAPE Loss     : 0.48256147
Valid MSE Loss     : 0.00004917	 | 	Valid MAPE Loss     : 0.63003981
lr                 : [3.0000000000000004e-09]


Epoch : 124
Train MSE Loss     : 1.00002313	 | 	Train MAPE Loss     : 0.39172131
Valid MSE Loss     : 0.00001830	 | 	Valid MAPE Loss     : 0.33964616
lr                 : [3.0000000000000004e-09]


Epoch : 125
Train MSE Loss     : 1.00002623	 | 	Train MAPE Loss     : 0.44285348
Valid MSE Loss     : 0.00001886	 | 	Valid MAPE Loss     : 0.35053402
lr                 : [3.0000000000000004e-09]


Epoch : 126
Train MSE Loss     : 1.00002480	 | 	Train MAPE Loss     : 0.42649913
Valid MSE Loss     : 0.00001790	 | 	Valid MAPE Loss     : 0.34120819
lr                 : [3.0000000000000004e-09]


Epoch : 127
Train MSE Loss     : 1.00002396	 | 	Train MAPE Loss     : 0.41665655
Valid MSE Loss     : 0.00002506	 | 	Valid MAPE Loss     : 0.42139769
lr                 : [3.0000000000000004e-09]


Epoch : 128
Train MSE Loss     : 1.00002587	 | 	Train MAPE Loss     : 0.42932969
Valid MSE Loss     : 0.00001560	 | 	Valid MAPE Loss     : 0.32135615
lr                 : [3.0000000000000004e-09]


Epoch : 129
Train MSE Loss     : 1.00002337	 | 	Train MAPE Loss     : 0.41836411
Valid MSE Loss     : 0.00001755	 | 	Valid MAPE Loss     : 0.33302468
lr                 : [3.0000000000000004e-09]


Epoch : 130
Train MSE Loss     : 1.00002420	 | 	Train MAPE Loss     : 0.42092508
Valid MSE Loss     : 0.00001775	 | 	Valid MAPE Loss     : 0.33834532
lr                 : [3.0000000000000004e-09]


Epoch : 131
Train MSE Loss     : 1.00003028	 | 	Train MAPE Loss     : 0.47250149
Valid MSE Loss     : 0.00002128	 | 	Valid MAPE Loss     : 0.37352222
lr                 : [3.0000000000000004e-09]


Epoch : 132
Train MSE Loss     : 1.00002956	 | 	Train MAPE Loss     : 0.40407920
Valid MSE Loss     : 0.00002002	 | 	Valid MAPE Loss     : 0.36175236
lr                 : [3.0000000000000004e-09]


Epoch : 133
Train MSE Loss     : 1.00003660	 | 	Train MAPE Loss     : 0.51794386
Valid MSE Loss     : 0.00001692	 | 	Valid MAPE Loss     : 0.32801306
lr                 : [3.0000000000000004e-09]


Epoch : 134
Train MSE Loss     : 1.00002289	 | 	Train MAPE Loss     : 0.40636715
Valid MSE Loss     : 0.00002227	 | 	Valid MAPE Loss     : 0.38080400
lr                 : [3.0000000000000004e-09]


Epoch : 135
Train MSE Loss     : 1.00002992	 | 	Train MAPE Loss     : 0.45416605
Valid MSE Loss     : 0.00001684	 | 	Valid MAPE Loss     : 0.32356244
lr                 : [3.0000000000000004e-09]


Epoch : 136
Train MSE Loss     : 1.00003624	 | 	Train MAPE Loss     : 0.51227558
Valid MSE Loss     : 0.00001767	 | 	Valid MAPE Loss     : 0.33702970
lr                 : [3.0000000000000004e-09]


Epoch : 137
Train MSE Loss     : 1.00003743	 | 	Train MAPE Loss     : 0.52722329
Valid MSE Loss     : 0.00002264	 | 	Valid MAPE Loss     : 0.38975373
lr                 : [3.0000000000000004e-09]


Epoch : 138
Train MSE Loss     : 1.00003529	 | 	Train MAPE Loss     : 0.52571058
Valid MSE Loss     : 0.00001804	 | 	Valid MAPE Loss     : 0.34084970
lr                 : [3.0000000000000004e-09]


Epoch : 139
Train MSE Loss     : 1.00002933	 | 	Train MAPE Loss     : 0.44649711
Valid MSE Loss     : 0.00002306	 | 	Valid MAPE Loss     : 0.38318157
lr                 : [3.0000000000000004e-09]


Epoch : 140
Train MSE Loss     : 1.00002706	 | 	Train MAPE Loss     : 0.42427507
Valid MSE Loss     : 0.00002430	 | 	Valid MAPE Loss     : 0.41158277
lr                 : [3.0000000000000004e-09]


Epoch : 141
Train MSE Loss     : 1.00001824	 | 	Train MAPE Loss     : 0.35411671
Valid MSE Loss     : 0.00001766	 | 	Valid MAPE Loss     : 0.33460203
lr                 : [3.0000000000000004e-09]


Epoch : 142
Train MSE Loss     : 1.00003397	 | 	Train MAPE Loss     : 0.50777423
Valid MSE Loss     : 0.00002114	 | 	Valid MAPE Loss     : 0.37434918
lr                 : [3.0000000000000004e-09]


Epoch : 143
Train MSE Loss     : 1.00002456	 | 	Train MAPE Loss     : 0.42082778
Valid MSE Loss     : 0.00002018	 | 	Valid MAPE Loss     : 0.35624450
lr                 : [3.0000000000000004e-09]


Epoch : 144
Train MSE Loss     : 1.00002789	 | 	Train MAPE Loss     : 0.44913551
Valid MSE Loss     : 0.00001708	 | 	Valid MAPE Loss     : 0.33206907
lr                 : [3.0000000000000004e-09]


Epoch : 145
Train MSE Loss     : 1.00002873	 | 	Train MAPE Loss     : 0.47289085
Valid MSE Loss     : 0.00001972	 | 	Valid MAPE Loss     : 0.35888776
lr                 : [3.0000000000000004e-09]


Epoch : 146
Train MSE Loss     : 1.00002956	 | 	Train MAPE Loss     : 0.44999459
Valid MSE Loss     : 0.00002384	 | 	Valid MAPE Loss     : 0.39520782
lr                 : [3.0000000000000004e-09]


Epoch : 147
Train MSE Loss     : 1.00003457	 | 	Train MAPE Loss     : 0.49095422
Valid MSE Loss     : 0.00001790	 | 	Valid MAPE Loss     : 0.33575299
lr                 : [3.0000000000000004e-09]


Epoch : 148
Train MSE Loss     : 1.00003016	 | 	Train MAPE Loss     : 0.47547618
Valid MSE Loss     : 0.00001869	 | 	Valid MAPE Loss     : 0.34530419
lr                 : [3.0000000000000004e-09]


Epoch : 149
Train MSE Loss     : 1.00003648	 | 	Train MAPE Loss     : 0.51170766
Valid MSE Loss     : 0.00002623	 | 	Valid MAPE Loss     : 0.42964840
lr                 : [3.0000000000000004e-09]


Epoch : 150
Train MSE Loss     : 1.00002980	 | 	Train MAPE Loss     : 0.47306570
Valid MSE Loss     : 0.00001978	 | 	Valid MAPE Loss     : 0.35494941
lr                 : [3.0000000000000004e-09]


Evaluate on the Test set:
Test MAPE loss      :0.31189674	 | Test MSE loss      : 0.00001876

################## Training is Done! #########################
