=============================================
Dataset: cell_XJTU_batch6_prepocess_data
Mode:    supervised_with_contrast
=============================================
Training started ....

Epoch : 1
Train MSE Loss     : 1.00052059	 | 	Train MAPE Loss     : 1.77631176
Valid MSE Loss     : 0.00018038	 | 	Valid MAPE Loss     : 1.21542203
lr                 : [0.0003]


Epoch : 2
Train MSE Loss     : 1.00024748	 | 	Train MAPE Loss     : 1.33558476
Valid MSE Loss     : 0.00032684	 | 	Valid MAPE Loss     : 1.62644291
lr                 : [0.0003]


Epoch : 3
Train MSE Loss     : 1.00020182	 | 	Train MAPE Loss     : 1.18865299
Valid MSE Loss     : 0.00029198	 | 	Valid MAPE Loss     : 1.43372858
lr                 : [0.0003]


Epoch : 4
Train MSE Loss     : 1.00025487	 | 	Train MAPE Loss     : 1.36319125
Valid MSE Loss     : 0.00046775	 | 	Valid MAPE Loss     : 2.13350224
lr                 : [0.0003]


Epoch : 5
Train MSE Loss     : 1.00021720	 | 	Train MAPE Loss     : 1.25242901
Valid MSE Loss     : 0.00023078	 | 	Valid MAPE Loss     : 1.42465925
lr                 : [0.0003]


Epoch : 6
Train MSE Loss     : 1.00017679	 | 	Train MAPE Loss     : 1.11649120
Valid MSE Loss     : 0.00009439	 | 	Valid MAPE Loss     : 0.86900443
lr                 : [0.0003]


Epoch : 7
Train MSE Loss     : 1.00015795	 | 	Train MAPE Loss     : 1.03910804
Valid MSE Loss     : 0.00018280	 | 	Valid MAPE Loss     : 1.23314619
lr                 : [0.0003]


Epoch : 8
Train MSE Loss     : 1.00023150	 | 	Train MAPE Loss     : 1.29256940
Valid MSE Loss     : 0.00012973	 | 	Valid MAPE Loss     : 0.98971516
lr                 : [0.0003]


Epoch : 9
Train MSE Loss     : 1.00025487	 | 	Train MAPE Loss     : 1.37456715
Valid MSE Loss     : 0.00058688	 | 	Valid MAPE Loss     : 2.23405647
lr                 : [0.0003]


Epoch : 10
Train MSE Loss     : 1.00022221	 | 	Train MAPE Loss     : 1.26247168
Valid MSE Loss     : 0.00013400	 | 	Valid MAPE Loss     : 0.97886115
lr                 : [0.0003]


Epoch : 11
Train MSE Loss     : 1.00015759	 | 	Train MAPE Loss     : 1.02129722
Valid MSE Loss     : 0.00090019	 | 	Valid MAPE Loss     : 3.07362938
lr                 : [0.0003]


Epoch : 12
Train MSE Loss     : 1.00017560	 | 	Train MAPE Loss     : 1.09690237
Valid MSE Loss     : 0.00016212	 | 	Valid MAPE Loss     : 1.21027017
lr                 : [0.0003]


Epoch : 13
Train MSE Loss     : 1.00015986	 | 	Train MAPE Loss     : 1.03138125
Valid MSE Loss     : 0.00026649	 | 	Valid MAPE Loss     : 1.43979931
lr                 : [0.0003]


Epoch : 14
Train MSE Loss     : 1.00021136	 | 	Train MAPE Loss     : 1.24142313
Valid MSE Loss     : 0.00029311	 | 	Valid MAPE Loss     : 1.59065330
lr                 : [0.0003]


Epoch : 15
Train MSE Loss     : 1.00020945	 | 	Train MAPE Loss     : 1.25143003
Valid MSE Loss     : 0.00015775	 | 	Valid MAPE Loss     : 1.15282309
lr                 : [0.0003]


Epoch : 16
Train MSE Loss     : 1.00015664	 | 	Train MAPE Loss     : 1.03755450
Valid MSE Loss     : 0.00010362	 | 	Valid MAPE Loss     : 0.81317323
lr                 : [0.0003]


Epoch : 17
Train MSE Loss     : 1.00025737	 | 	Train MAPE Loss     : 1.29223216
Valid MSE Loss     : 0.00005106	 | 	Valid MAPE Loss     : 0.58274025
lr                 : [0.0003]


Epoch : 18
Train MSE Loss     : 1.00025082	 | 	Train MAPE Loss     : 1.32525861
Valid MSE Loss     : 0.00011445	 | 	Valid MAPE Loss     : 0.94585729
lr                 : [0.0003]


Epoch : 19
Train MSE Loss     : 1.00019014	 | 	Train MAPE Loss     : 1.14914036
Valid MSE Loss     : 0.00011683	 | 	Valid MAPE Loss     : 1.00036943
lr                 : [0.0003]


Epoch : 20
Train MSE Loss     : 1.00015545	 | 	Train MAPE Loss     : 1.02911735
Valid MSE Loss     : 0.00017083	 | 	Valid MAPE Loss     : 1.06948531
lr                 : [0.0003]


Epoch : 21
Train MSE Loss     : 1.00027037	 | 	Train MAPE Loss     : 1.39903438
Valid MSE Loss     : 0.00012961	 | 	Valid MAPE Loss     : 1.00500858
lr                 : [0.0003]


Epoch : 22
Train MSE Loss     : 1.00022852	 | 	Train MAPE Loss     : 1.28501689
Valid MSE Loss     : 0.00021295	 | 	Valid MAPE Loss     : 1.27551544
lr                 : [0.0003]


Epoch : 23
Train MSE Loss     : 1.00016022	 | 	Train MAPE Loss     : 1.05493379
Valid MSE Loss     : 0.00012310	 | 	Valid MAPE Loss     : 0.94058293
lr                 : [0.0003]


Epoch : 24
Train MSE Loss     : 1.00017178	 | 	Train MAPE Loss     : 1.09287095
Valid MSE Loss     : 0.00035003	 | 	Valid MAPE Loss     : 1.72482121
lr                 : [0.0003]


Epoch : 25
Train MSE Loss     : 1.00015104	 | 	Train MAPE Loss     : 1.01361918
Valid MSE Loss     : 0.00020854	 | 	Valid MAPE Loss     : 1.05471122
lr                 : [0.0003]


Epoch : 26
Train MSE Loss     : 1.00017190	 | 	Train MAPE Loss     : 1.09405768
Valid MSE Loss     : 0.00035997	 | 	Valid MAPE Loss     : 1.80565464
lr                 : [0.0003]


Epoch : 27
Train MSE Loss     : 1.00017202	 | 	Train MAPE Loss     : 1.12162757
Valid MSE Loss     : 0.00058543	 | 	Valid MAPE Loss     : 2.42081094
lr                 : [0.0003]


Epoch : 28
Train MSE Loss     : 1.00017309	 | 	Train MAPE Loss     : 1.09121788
Valid MSE Loss     : 0.00139530	 | 	Valid MAPE Loss     : 3.47873616
lr                 : [2.9999999999999997e-05]


Epoch : 29
Train MSE Loss     : 1.00010610	 | 	Train MAPE Loss     : 0.81495553
Valid MSE Loss     : 0.00004205	 | 	Valid MAPE Loss     : 0.56217760
lr                 : [2.9999999999999997e-05]


Epoch : 30
Train MSE Loss     : 1.00010216	 | 	Train MAPE Loss     : 0.79571611
Valid MSE Loss     : 0.00005457	 | 	Valid MAPE Loss     : 0.59825569
lr                 : [2.9999999999999997e-05]


Epoch : 31
Train MSE Loss     : 1.00009263	 | 	Train MAPE Loss     : 0.74958563
Valid MSE Loss     : 0.00008475	 | 	Valid MAPE Loss     : 0.72089285
lr                 : [2.9999999999999997e-05]


Epoch : 32
Train MSE Loss     : 1.00009263	 | 	Train MAPE Loss     : 0.75013715
Valid MSE Loss     : 0.00006291	 | 	Valid MAPE Loss     : 0.65387833
lr                 : [2.9999999999999997e-05]


Epoch : 33
Train MSE Loss     : 1.00009143	 | 	Train MAPE Loss     : 0.75399077
Valid MSE Loss     : 0.00009723	 | 	Valid MAPE Loss     : 0.81704694
lr                 : [2.9999999999999997e-05]


Epoch : 34
Train MSE Loss     : 1.00009072	 | 	Train MAPE Loss     : 0.74925613
Valid MSE Loss     : 0.00007795	 | 	Valid MAPE Loss     : 0.70281154
lr                 : [2.9999999999999997e-05]


Epoch : 35
Train MSE Loss     : 1.00009179	 | 	Train MAPE Loss     : 0.73999935
Valid MSE Loss     : 0.00008183	 | 	Valid MAPE Loss     : 0.74046445
lr                 : [2.9999999999999997e-05]


Epoch : 36
Train MSE Loss     : 1.00009060	 | 	Train MAPE Loss     : 0.74669224
Valid MSE Loss     : 0.00009006	 | 	Valid MAPE Loss     : 0.74561596
lr                 : [2.9999999999999997e-05]


Epoch : 37
Train MSE Loss     : 1.00008547	 | 	Train MAPE Loss     : 0.72218484
Valid MSE Loss     : 0.00006175	 | 	Valid MAPE Loss     : 0.61880273
lr                 : [2.9999999999999997e-05]


Epoch : 38
Train MSE Loss     : 1.00008500	 | 	Train MAPE Loss     : 0.72033584
Valid MSE Loss     : 0.00006482	 | 	Valid MAPE Loss     : 0.64539903
lr                 : [2.9999999999999997e-05]


Epoch : 39
Train MSE Loss     : 1.00008345	 | 	Train MAPE Loss     : 0.70926255
Valid MSE Loss     : 0.00014615	 | 	Valid MAPE Loss     : 1.01915681
lr                 : [2.9999999999999997e-05]


Epoch : 40
Train MSE Loss     : 1.00010014	 | 	Train MAPE Loss     : 0.80825722
Valid MSE Loss     : 0.00005109	 | 	Valid MAPE Loss     : 0.60031617
lr                 : [3e-06]


Epoch : 41
Train MSE Loss     : 1.00007927	 | 	Train MAPE Loss     : 0.68713015
Valid MSE Loss     : 0.00005301	 | 	Valid MAPE Loss     : 0.57416719
lr                 : [3e-06]


Epoch : 42
Train MSE Loss     : 1.00007915	 | 	Train MAPE Loss     : 0.68447816
Valid MSE Loss     : 0.00005077	 | 	Valid MAPE Loss     : 0.55930895
lr                 : [3e-06]


Epoch : 43
Train MSE Loss     : 1.00007606	 | 	Train MAPE Loss     : 0.66873974
Valid MSE Loss     : 0.00005885	 | 	Valid MAPE Loss     : 0.61456841
lr                 : [3e-06]


Epoch : 44
Train MSE Loss     : 1.00008023	 | 	Train MAPE Loss     : 0.69240016
Valid MSE Loss     : 0.00008044	 | 	Valid MAPE Loss     : 0.70860213
lr                 : [3e-06]


Epoch : 45
Train MSE Loss     : 1.00007308	 | 	Train MAPE Loss     : 0.65179747
Valid MSE Loss     : 0.00007192	 | 	Valid MAPE Loss     : 0.65665436
lr                 : [3e-06]


Epoch : 46
Train MSE Loss     : 1.00007975	 | 	Train MAPE Loss     : 0.68780947
Valid MSE Loss     : 0.00005727	 | 	Valid MAPE Loss     : 0.58324867
lr                 : [3e-06]


Epoch : 47
Train MSE Loss     : 1.00007856	 | 	Train MAPE Loss     : 0.68636626
Valid MSE Loss     : 0.00006881	 | 	Valid MAPE Loss     : 0.64162451
lr                 : [3e-06]


Epoch : 48
Train MSE Loss     : 1.00007403	 | 	Train MAPE Loss     : 0.65919346
Valid MSE Loss     : 0.00005755	 | 	Valid MAPE Loss     : 0.59492260
lr                 : [3e-06]


Epoch : 49
Train MSE Loss     : 1.00008059	 | 	Train MAPE Loss     : 0.69170588
Valid MSE Loss     : 0.00006581	 | 	Valid MAPE Loss     : 0.63315374
lr                 : [3e-06]


Epoch : 50
Train MSE Loss     : 1.00007915	 | 	Train MAPE Loss     : 0.68799573
Valid MSE Loss     : 0.00006245	 | 	Valid MAPE Loss     : 0.61534292
lr                 : [3e-06]


Epoch : 51
Train MSE Loss     : 1.00007844	 | 	Train MAPE Loss     : 0.67940313
Valid MSE Loss     : 0.00006670	 | 	Valid MAPE Loss     : 0.61978066
lr                 : [3e-06]


Epoch : 52
Train MSE Loss     : 1.00007606	 | 	Train MAPE Loss     : 0.66929072
Valid MSE Loss     : 0.00005818	 | 	Valid MAPE Loss     : 0.59001160
lr                 : [3e-06]


Epoch : 53
Train MSE Loss     : 1.00007236	 | 	Train MAPE Loss     : 0.63848162
Valid MSE Loss     : 0.00006443	 | 	Valid MAPE Loss     : 0.62666136
lr                 : [3.0000000000000004e-07]


Epoch : 54
Train MSE Loss     : 1.00007379	 | 	Train MAPE Loss     : 0.65712607
Valid MSE Loss     : 0.00006544	 | 	Valid MAPE Loss     : 0.62981659
lr                 : [3.0000000000000004e-07]


Epoch : 55
Train MSE Loss     : 1.00007510	 | 	Train MAPE Loss     : 0.65950632
Valid MSE Loss     : 0.00007423	 | 	Valid MAPE Loss     : 0.67793709
lr                 : [3.0000000000000004e-07]


Epoch : 56
Train MSE Loss     : 1.00007832	 | 	Train MAPE Loss     : 0.67715311
Valid MSE Loss     : 0.00007115	 | 	Valid MAPE Loss     : 0.64193767
lr                 : [3.0000000000000004e-07]


Epoch : 57
Train MSE Loss     : 1.00007534	 | 	Train MAPE Loss     : 0.66396433
Valid MSE Loss     : 0.00006476	 | 	Valid MAPE Loss     : 0.61442065
lr                 : [3.0000000000000004e-07]


Epoch : 58
Train MSE Loss     : 1.00007939	 | 	Train MAPE Loss     : 0.67808253
Valid MSE Loss     : 0.00006053	 | 	Valid MAPE Loss     : 0.61100101
lr                 : [3.0000000000000004e-07]


Epoch : 59
Train MSE Loss     : 1.00007308	 | 	Train MAPE Loss     : 0.63923645
Valid MSE Loss     : 0.00007094	 | 	Valid MAPE Loss     : 0.64337605
lr                 : [3.0000000000000004e-07]


Epoch : 60
Train MSE Loss     : 1.00007308	 | 	Train MAPE Loss     : 0.65186930
Valid MSE Loss     : 0.00007808	 | 	Valid MAPE Loss     : 0.69188213
lr                 : [3.0000000000000004e-07]


Epoch : 61
Train MSE Loss     : 1.00007308	 | 	Train MAPE Loss     : 0.64308518
Valid MSE Loss     : 0.00005166	 | 	Valid MAPE Loss     : 0.56453496
lr                 : [3.0000000000000004e-07]


Epoch : 62
Train MSE Loss     : 1.00008106	 | 	Train MAPE Loss     : 0.69676328
Valid MSE Loss     : 0.00006359	 | 	Valid MAPE Loss     : 0.61931950
lr                 : [3.0000000000000004e-07]


Epoch : 63
Train MSE Loss     : 1.00007617	 | 	Train MAPE Loss     : 0.66430908
Valid MSE Loss     : 0.00006569	 | 	Valid MAPE Loss     : 0.62404603
lr                 : [3.0000000000000004e-07]


Epoch : 64
Train MSE Loss     : 1.00007498	 | 	Train MAPE Loss     : 0.66102761
Valid MSE Loss     : 0.00006890	 | 	Valid MAPE Loss     : 0.63275617
lr                 : [3.0000000000000004e-08]


Epoch : 65
Train MSE Loss     : 1.00007594	 | 	Train MAPE Loss     : 0.66442508
Valid MSE Loss     : 0.00006128	 | 	Valid MAPE Loss     : 0.60823077
lr                 : [3.0000000000000004e-08]


Epoch : 66
Train MSE Loss     : 1.00007272	 | 	Train MAPE Loss     : 0.64426559
Valid MSE Loss     : 0.00005963	 | 	Valid MAPE Loss     : 0.59675837
lr                 : [3.0000000000000004e-08]


Epoch : 67
Train MSE Loss     : 1.00007641	 | 	Train MAPE Loss     : 0.65864909
Valid MSE Loss     : 0.00005978	 | 	Valid MAPE Loss     : 0.59237093
lr                 : [3.0000000000000004e-08]


Epoch : 68
Train MSE Loss     : 1.00007796	 | 	Train MAPE Loss     : 0.67403460
Valid MSE Loss     : 0.00005691	 | 	Valid MAPE Loss     : 0.57759476
lr                 : [3.0000000000000004e-08]


Epoch : 69
Train MSE Loss     : 1.00008011	 | 	Train MAPE Loss     : 0.68679839
Valid MSE Loss     : 0.00008064	 | 	Valid MAPE Loss     : 0.69877285
lr                 : [3.0000000000000004e-08]


Epoch : 70
Train MSE Loss     : 1.00007892	 | 	Train MAPE Loss     : 0.67992949
Valid MSE Loss     : 0.00006817	 | 	Valid MAPE Loss     : 0.65406400
lr                 : [3.0000000000000004e-08]


Epoch : 71
Train MSE Loss     : 1.00008070	 | 	Train MAPE Loss     : 0.69704485
Valid MSE Loss     : 0.00007360	 | 	Valid MAPE Loss     : 0.66788983
lr                 : [3.0000000000000004e-08]


Epoch : 72
Train MSE Loss     : 1.00008214	 | 	Train MAPE Loss     : 0.70243311
Valid MSE Loss     : 0.00006537	 | 	Valid MAPE Loss     : 0.62874043
lr                 : [3.0000000000000004e-08]


Epoch : 73
Train MSE Loss     : 1.00007963	 | 	Train MAPE Loss     : 0.68586498
Valid MSE Loss     : 0.00006047	 | 	Valid MAPE Loss     : 0.60804152
lr                 : [3.0000000000000004e-08]


Epoch : 74
Train MSE Loss     : 1.00007677	 | 	Train MAPE Loss     : 0.66953284
Valid MSE Loss     : 0.00006037	 | 	Valid MAPE Loss     : 0.60253465
lr                 : [3.0000000000000004e-08]


Epoch : 75
Train MSE Loss     : 1.00007832	 | 	Train MAPE Loss     : 0.67434883
Valid MSE Loss     : 0.00007204	 | 	Valid MAPE Loss     : 0.66688329
lr                 : [3.0000000000000004e-09]


Epoch : 76
Train MSE Loss     : 1.00007093	 | 	Train MAPE Loss     : 0.63342685
Valid MSE Loss     : 0.00005806	 | 	Valid MAPE Loss     : 0.60670930
lr                 : [3.0000000000000004e-09]


Epoch : 77
Train MSE Loss     : 1.00007379	 | 	Train MAPE Loss     : 0.65859026
Valid MSE Loss     : 0.00006187	 | 	Valid MAPE Loss     : 0.61069727
lr                 : [3.0000000000000004e-09]


Epoch : 78
Train MSE Loss     : 1.00007856	 | 	Train MAPE Loss     : 0.67980653
Valid MSE Loss     : 0.00005899	 | 	Valid MAPE Loss     : 0.58894843
lr                 : [3.0000000000000004e-09]


Epoch : 79
Train MSE Loss     : 1.00007474	 | 	Train MAPE Loss     : 0.65930426
Valid MSE Loss     : 0.00005791	 | 	Valid MAPE Loss     : 0.60183400
lr                 : [3.0000000000000004e-09]


Epoch : 80
Train MSE Loss     : 1.00007677	 | 	Train MAPE Loss     : 0.66321796
Valid MSE Loss     : 0.00005622	 | 	Valid MAPE Loss     : 0.59546667
lr                 : [3.0000000000000004e-09]


Epoch : 81
Train MSE Loss     : 1.00007808	 | 	Train MAPE Loss     : 0.67868042
Valid MSE Loss     : 0.00005753	 | 	Valid MAPE Loss     : 0.58470017
lr                 : [3.0000000000000004e-09]


Epoch : 82
Train MSE Loss     : 1.00007856	 | 	Train MAPE Loss     : 0.67393929
Valid MSE Loss     : 0.00007957	 | 	Valid MAPE Loss     : 0.69750363
lr                 : [3.0000000000000004e-09]


Epoch : 83
Train MSE Loss     : 1.00007844	 | 	Train MAPE Loss     : 0.68237144
Valid MSE Loss     : 0.00007608	 | 	Valid MAPE Loss     : 0.68388361
lr                 : [3.0000000000000004e-09]


Epoch : 84
Train MSE Loss     : 1.00007844	 | 	Train MAPE Loss     : 0.68064481
Valid MSE Loss     : 0.00006781	 | 	Valid MAPE Loss     : 0.64393598
lr                 : [3.0000000000000004e-09]


Epoch : 85
Train MSE Loss     : 1.00007820	 | 	Train MAPE Loss     : 0.67742431
Valid MSE Loss     : 0.00005413	 | 	Valid MAPE Loss     : 0.57150716
lr                 : [3.0000000000000004e-09]


Epoch : 86
Train MSE Loss     : 1.00007153	 | 	Train MAPE Loss     : 0.64038789
Valid MSE Loss     : 0.00005770	 | 	Valid MAPE Loss     : 0.59614724
lr                 : [3.0000000000000004e-09]


Epoch : 87
Train MSE Loss     : 1.00007343	 | 	Train MAPE Loss     : 0.65468097
Valid MSE Loss     : 0.00005263	 | 	Valid MAPE Loss     : 0.55641770
lr                 : [3.0000000000000004e-09]


Epoch : 88
Train MSE Loss     : 1.00007951	 | 	Train MAPE Loss     : 0.68427789
Valid MSE Loss     : 0.00005019	 | 	Valid MAPE Loss     : 0.56731373
lr                 : [3.0000000000000004e-09]


Epoch : 89
Train MSE Loss     : 1.00007892	 | 	Train MAPE Loss     : 0.68223751
Valid MSE Loss     : 0.00005122	 | 	Valid MAPE Loss     : 0.58036214
lr                 : [3.0000000000000004e-09]


Epoch : 90
Train MSE Loss     : 1.00007474	 | 	Train MAPE Loss     : 0.66236055
Valid MSE Loss     : 0.00006248	 | 	Valid MAPE Loss     : 0.62076843
lr                 : [3.0000000000000004e-09]


Epoch : 91
Train MSE Loss     : 1.00008070	 | 	Train MAPE Loss     : 0.68425119
Valid MSE Loss     : 0.00005934	 | 	Valid MAPE Loss     : 0.59148091
lr                 : [3.0000000000000004e-09]


Epoch : 92
Train MSE Loss     : 1.00007892	 | 	Train MAPE Loss     : 0.67828637
Valid MSE Loss     : 0.00007930	 | 	Valid MAPE Loss     : 0.69234258
lr                 : [3.0000000000000004e-09]


Epoch : 93
Train MSE Loss     : 1.00007570	 | 	Train MAPE Loss     : 0.66629404
Valid MSE Loss     : 0.00007659	 | 	Valid MAPE Loss     : 0.68680269
lr                 : [3.0000000000000004e-09]


Epoch : 94
Train MSE Loss     : 1.00007737	 | 	Train MAPE Loss     : 0.66977882
Valid MSE Loss     : 0.00006934	 | 	Valid MAPE Loss     : 0.64722955
lr                 : [3.0000000000000004e-09]


Epoch : 95
Train MSE Loss     : 1.00007594	 | 	Train MAPE Loss     : 0.66792154
Valid MSE Loss     : 0.00008097	 | 	Valid MAPE Loss     : 0.68865436
lr                 : [3.0000000000000004e-09]


Epoch : 96
Train MSE Loss     : 1.00007594	 | 	Train MAPE Loss     : 0.67100900
Valid MSE Loss     : 0.00005490	 | 	Valid MAPE Loss     : 0.57533455
lr                 : [3.0000000000000004e-09]


Epoch : 97
Train MSE Loss     : 1.00007808	 | 	Train MAPE Loss     : 0.68043035
Valid MSE Loss     : 0.00005764	 | 	Valid MAPE Loss     : 0.60103530
lr                 : [3.0000000000000004e-09]


Epoch : 98
Train MSE Loss     : 1.00007331	 | 	Train MAPE Loss     : 0.64583063
Valid MSE Loss     : 0.00006243	 | 	Valid MAPE Loss     : 0.60529965
lr                 : [3.0000000000000004e-09]


Epoch : 99
Train MSE Loss     : 1.00007570	 | 	Train MAPE Loss     : 0.65631247
Valid MSE Loss     : 0.00005667	 | 	Valid MAPE Loss     : 0.59016281
lr                 : [3.0000000000000004e-09]


Epoch : 100
Train MSE Loss     : 1.00007772	 | 	Train MAPE Loss     : 0.67780733
Valid MSE Loss     : 0.00005894	 | 	Valid MAPE Loss     : 0.59658009
lr                 : [3.0000000000000004e-09]


Epoch : 101
Train MSE Loss     : 1.00007784	 | 	Train MAPE Loss     : 0.68481821
Valid MSE Loss     : 0.00006842	 | 	Valid MAPE Loss     : 0.63338333
lr                 : [3.0000000000000004e-09]


Epoch : 102
Train MSE Loss     : 1.00007737	 | 	Train MAPE Loss     : 0.66811258
Valid MSE Loss     : 0.00004998	 | 	Valid MAPE Loss     : 0.55734700
lr                 : [3.0000000000000004e-09]


Epoch : 103
Train MSE Loss     : 1.00007725	 | 	Train MAPE Loss     : 0.66960794
Valid MSE Loss     : 0.00006066	 | 	Valid MAPE Loss     : 0.60501486
lr                 : [3.0000000000000004e-09]


Epoch : 104
Train MSE Loss     : 1.00007331	 | 	Train MAPE Loss     : 0.64874250
Valid MSE Loss     : 0.00006294	 | 	Valid MAPE Loss     : 0.61413378
lr                 : [3.0000000000000004e-09]


Epoch : 105
Train MSE Loss     : 1.00007617	 | 	Train MAPE Loss     : 0.67180562
Valid MSE Loss     : 0.00006474	 | 	Valid MAPE Loss     : 0.63443017
lr                 : [3.0000000000000004e-09]


Epoch : 106
Train MSE Loss     : 1.00007534	 | 	Train MAPE Loss     : 0.66532058
Valid MSE Loss     : 0.00005375	 | 	Valid MAPE Loss     : 0.57703465
lr                 : [3.0000000000000004e-09]


Epoch : 107
Train MSE Loss     : 1.00007534	 | 	Train MAPE Loss     : 0.66118890
Valid MSE Loss     : 0.00007085	 | 	Valid MAPE Loss     : 0.65461922
lr                 : [3.0000000000000004e-09]


Epoch : 108
Train MSE Loss     : 1.00007737	 | 	Train MAPE Loss     : 0.67083001
Valid MSE Loss     : 0.00005818	 | 	Valid MAPE Loss     : 0.59143251
lr                 : [3.0000000000000004e-09]


Epoch : 109
Train MSE Loss     : 1.00007224	 | 	Train MAPE Loss     : 0.64365363
Valid MSE Loss     : 0.00006305	 | 	Valid MAPE Loss     : 0.60988361
lr                 : [3.0000000000000004e-09]


Epoch : 110
Train MSE Loss     : 1.00007641	 | 	Train MAPE Loss     : 0.67450273
Valid MSE Loss     : 0.00006347	 | 	Valid MAPE Loss     : 0.61521220
lr                 : [3.0000000000000004e-09]


Epoch : 111
Train MSE Loss     : 1.00007355	 | 	Train MAPE Loss     : 0.64735556
Valid MSE Loss     : 0.00005648	 | 	Valid MAPE Loss     : 0.58338463
lr                 : [3.0000000000000004e-09]


Epoch : 112
Train MSE Loss     : 1.00007987	 | 	Train MAPE Loss     : 0.68305445
Valid MSE Loss     : 0.00005699	 | 	Valid MAPE Loss     : 0.59168315
lr                 : [3.0000000000000004e-09]


Epoch : 113
Train MSE Loss     : 1.00007749	 | 	Train MAPE Loss     : 0.67605996
Valid MSE Loss     : 0.00007186	 | 	Valid MAPE Loss     : 0.65847039
lr                 : [3.0000000000000004e-09]


Epoch : 114
Train MSE Loss     : 1.00007963	 | 	Train MAPE Loss     : 0.68210107
Valid MSE Loss     : 0.00005632	 | 	Valid MAPE Loss     : 0.58843672
lr                 : [3.0000000000000004e-09]


Epoch : 115
Train MSE Loss     : 1.00007451	 | 	Train MAPE Loss     : 0.65330201
Valid MSE Loss     : 0.00006219	 | 	Valid MAPE Loss     : 0.62156153
lr                 : [3.0000000000000004e-09]


Epoch : 116
Train MSE Loss     : 1.00007808	 | 	Train MAPE Loss     : 0.67226332
Valid MSE Loss     : 0.00006247	 | 	Valid MAPE Loss     : 0.61566931
lr                 : [3.0000000000000004e-09]


Epoch : 117
Train MSE Loss     : 1.00007546	 | 	Train MAPE Loss     : 0.67280555
Valid MSE Loss     : 0.00007785	 | 	Valid MAPE Loss     : 0.68151122
lr                 : [3.0000000000000004e-09]


Epoch : 118
Train MSE Loss     : 1.00007892	 | 	Train MAPE Loss     : 0.68461782
Valid MSE Loss     : 0.00005835	 | 	Valid MAPE Loss     : 0.59030265
lr                 : [3.0000000000000004e-09]


Epoch : 119
Train MSE Loss     : 1.00007558	 | 	Train MAPE Loss     : 0.66612512
Valid MSE Loss     : 0.00005212	 | 	Valid MAPE Loss     : 0.55243391
lr                 : [3.0000000000000004e-09]


Epoch : 120
Train MSE Loss     : 1.00007665	 | 	Train MAPE Loss     : 0.67304438
Valid MSE Loss     : 0.00006085	 | 	Valid MAPE Loss     : 0.61421138
lr                 : [3.0000000000000004e-09]


Epoch : 121
Train MSE Loss     : 1.00007379	 | 	Train MAPE Loss     : 0.64675874
Valid MSE Loss     : 0.00005986	 | 	Valid MAPE Loss     : 0.61728519
lr                 : [3.0000000000000004e-09]


Epoch : 122
Train MSE Loss     : 1.00007486	 | 	Train MAPE Loss     : 0.65658331
Valid MSE Loss     : 0.00007713	 | 	Valid MAPE Loss     : 0.67633158
lr                 : [3.0000000000000004e-09]


Epoch : 123
Train MSE Loss     : 1.00007987	 | 	Train MAPE Loss     : 0.68960857
Valid MSE Loss     : 0.00005714	 | 	Valid MAPE Loss     : 0.59868461
lr                 : [3.0000000000000004e-09]


Epoch : 124
Train MSE Loss     : 1.00007772	 | 	Train MAPE Loss     : 0.67180204
Valid MSE Loss     : 0.00006025	 | 	Valid MAPE Loss     : 0.60887051
lr                 : [3.0000000000000004e-09]


Epoch : 125
Train MSE Loss     : 1.00007629	 | 	Train MAPE Loss     : 0.67042923
Valid MSE Loss     : 0.00008180	 | 	Valid MAPE Loss     : 0.69629794
lr                 : [3.0000000000000004e-09]


Epoch : 126
Train MSE Loss     : 1.00007606	 | 	Train MAPE Loss     : 0.66481197
Valid MSE Loss     : 0.00004795	 | 	Valid MAPE Loss     : 0.54925019
lr                 : [3.0000000000000004e-09]


Epoch : 127
Train MSE Loss     : 1.00007343	 | 	Train MAPE Loss     : 0.64894748
Valid MSE Loss     : 0.00006079	 | 	Valid MAPE Loss     : 0.61522251
lr                 : [3.0000000000000004e-09]


Epoch : 128
Train MSE Loss     : 1.00007176	 | 	Train MAPE Loss     : 0.64417601
Valid MSE Loss     : 0.00006065	 | 	Valid MAPE Loss     : 0.61664897
lr                 : [3.0000000000000004e-09]


Epoch : 129
Train MSE Loss     : 1.00007880	 | 	Train MAPE Loss     : 0.67730486
Valid MSE Loss     : 0.00005716	 | 	Valid MAPE Loss     : 0.58479214
lr                 : [3.0000000000000004e-09]


Epoch : 130
Train MSE Loss     : 1.00007749	 | 	Train MAPE Loss     : 0.67027885
Valid MSE Loss     : 0.00006490	 | 	Valid MAPE Loss     : 0.61851317
lr                 : [3.0000000000000004e-09]


Epoch : 131
Train MSE Loss     : 1.00007856	 | 	Train MAPE Loss     : 0.68288344
Valid MSE Loss     : 0.00006770	 | 	Valid MAPE Loss     : 0.63444561
lr                 : [3.0000000000000004e-09]


Epoch : 132
Train MSE Loss     : 1.00007665	 | 	Train MAPE Loss     : 0.67444420
Valid MSE Loss     : 0.00006182	 | 	Valid MAPE Loss     : 0.60569358
lr                 : [3.0000000000000004e-09]


Epoch : 133
Train MSE Loss     : 1.00007653	 | 	Train MAPE Loss     : 0.66385120
Valid MSE Loss     : 0.00006308	 | 	Valid MAPE Loss     : 0.61054665
lr                 : [3.0000000000000004e-09]


Epoch : 134
Train MSE Loss     : 1.00007629	 | 	Train MAPE Loss     : 0.66177493
Valid MSE Loss     : 0.00006217	 | 	Valid MAPE Loss     : 0.61040795
lr                 : [3.0000000000000004e-09]


Epoch : 135
Train MSE Loss     : 1.00007725	 | 	Train MAPE Loss     : 0.67329127
Valid MSE Loss     : 0.00005596	 | 	Valid MAPE Loss     : 0.57982516
lr                 : [3.0000000000000004e-09]


Epoch : 136
Train MSE Loss     : 1.00007832	 | 	Train MAPE Loss     : 0.66839254
Valid MSE Loss     : 0.00006502	 | 	Valid MAPE Loss     : 0.62090701
lr                 : [3.0000000000000004e-09]


Epoch : 137
Train MSE Loss     : 1.00007617	 | 	Train MAPE Loss     : 0.66150016
Valid MSE Loss     : 0.00004642	 | 	Valid MAPE Loss     : 0.54433721
lr                 : [3.0000000000000004e-09]


Epoch : 138
Train MSE Loss     : 1.00007784	 | 	Train MAPE Loss     : 0.67555076
Valid MSE Loss     : 0.00005225	 | 	Valid MAPE Loss     : 0.55733985
lr                 : [3.0000000000000004e-09]


Epoch : 139
Train MSE Loss     : 1.00007343	 | 	Train MAPE Loss     : 0.64847583
Valid MSE Loss     : 0.00005953	 | 	Valid MAPE Loss     : 0.59181279
lr                 : [3.0000000000000004e-09]


Epoch : 140
Train MSE Loss     : 1.00007522	 | 	Train MAPE Loss     : 0.65952945
Valid MSE Loss     : 0.00005383	 | 	Valid MAPE Loss     : 0.56542110
lr                 : [3.0000000000000004e-09]


Epoch : 141
Train MSE Loss     : 1.00007522	 | 	Train MAPE Loss     : 0.65561473
Valid MSE Loss     : 0.00005343	 | 	Valid MAPE Loss     : 0.58333319
lr                 : [3.0000000000000004e-09]


Epoch : 142
Train MSE Loss     : 1.00007725	 | 	Train MAPE Loss     : 0.67851514
Valid MSE Loss     : 0.00005339	 | 	Valid MAPE Loss     : 0.55523467
lr                 : [3.0000000000000004e-09]


Epoch : 143
Train MSE Loss     : 1.00007212	 | 	Train MAPE Loss     : 0.64440870
Valid MSE Loss     : 0.00007001	 | 	Valid MAPE Loss     : 0.64382035
lr                 : [3.0000000000000004e-09]


Epoch : 144
Train MSE Loss     : 1.00007594	 | 	Train MAPE Loss     : 0.67249262
Valid MSE Loss     : 0.00006701	 | 	Valid MAPE Loss     : 0.61410517
lr                 : [3.0000000000000004e-09]


Epoch : 145
Train MSE Loss     : 1.00007546	 | 	Train MAPE Loss     : 0.65637541
Valid MSE Loss     : 0.00005368	 | 	Valid MAPE Loss     : 0.56654412
lr                 : [3.0000000000000004e-09]


Epoch : 146
Train MSE Loss     : 1.00007737	 | 	Train MAPE Loss     : 0.67404824
Valid MSE Loss     : 0.00005517	 | 	Valid MAPE Loss     : 0.59612477
lr                 : [3.0000000000000004e-09]


Epoch : 147
Train MSE Loss     : 1.00008023	 | 	Train MAPE Loss     : 0.68138927
Valid MSE Loss     : 0.00005723	 | 	Valid MAPE Loss     : 0.58517712
lr                 : [3.0000000000000004e-09]


Epoch : 148
Train MSE Loss     : 1.00007308	 | 	Train MAPE Loss     : 0.64527816
Valid MSE Loss     : 0.00006582	 | 	Valid MAPE Loss     : 0.63603610
lr                 : [3.0000000000000004e-09]


Epoch : 149
Train MSE Loss     : 1.00008285	 | 	Train MAPE Loss     : 0.69758016
Valid MSE Loss     : 0.00007568	 | 	Valid MAPE Loss     : 0.67207819
lr                 : [3.0000000000000004e-09]


Epoch : 150
Train MSE Loss     : 1.00007451	 | 	Train MAPE Loss     : 0.65692228
Valid MSE Loss     : 0.00006414	 | 	Valid MAPE Loss     : 0.62146705
lr                 : [3.0000000000000004e-09]


Evaluate on the Test set:
Test MAPE loss      :0.79777873	 | Test MSE loss      : 0.00010346

################## Training is Done! #########################
Training time is : 1:49:13.511387
