=============================================
Dataset: cell_XJTU_batch2_prepocess_data
Mode:    supervised_with_contrast
=============================================
Training started ....

Epoch : 1
Train MSE Loss     : 1.38500071	 | 	Train MAPE Loss     : 58.28996658
Valid MSE Loss     : 0.95424157	 | 	Valid MAPE Loss     : 106.78900909
lr                 : [0.0003]


Epoch : 2
Train MSE Loss     : 1.24645531	 | 	Train MAPE Loss     : 42.96592331
Valid MSE Loss     : 0.00052305	 | 	Valid MAPE Loss     : 2.01271296
lr                 : [0.0003]


Epoch : 3
Train MSE Loss     : 1.01196182	 | 	Train MAPE Loss     : 9.29827499
Valid MSE Loss     : 0.00102034	 | 	Valid MAPE Loss     : 3.06930161
lr                 : [0.0003]


Epoch : 4
Train MSE Loss     : 1.00533545	 | 	Train MAPE Loss     : 6.86394215
Valid MSE Loss     : 0.00436040	 | 	Valid MAPE Loss     : 7.02016068
lr                 : [0.0003]


Epoch : 5
Train MSE Loss     : 1.03481543	 | 	Train MAPE Loss     : 15.97680950
Valid MSE Loss     : 0.13259962	 | 	Valid MAPE Loss     : 39.88256073
lr                 : [0.0003]


Epoch : 6
Train MSE Loss     : 1.03907716	 | 	Train MAPE Loss     : 15.82691574
Valid MSE Loss     : 0.00032623	 | 	Valid MAPE Loss     : 1.69633031
lr                 : [0.0003]


Epoch : 7
Train MSE Loss     : 1.00671613	 | 	Train MAPE Loss     : 7.76322317
Valid MSE Loss     : 0.01932580	 | 	Valid MAPE Loss     : 15.16101646
lr                 : [0.0003]


Epoch : 8
Train MSE Loss     : 1.05379677	 | 	Train MAPE Loss     : 22.83077621
Valid MSE Loss     : 0.00044993	 | 	Valid MAPE Loss     : 1.89338779
lr                 : [0.0003]


Epoch : 9
Train MSE Loss     : 1.01597595	 | 	Train MAPE Loss     : 11.51418781
Valid MSE Loss     : 0.00377964	 | 	Valid MAPE Loss     : 6.65869474
lr                 : [0.0003]


Epoch : 10
Train MSE Loss     : 1.00409031	 | 	Train MAPE Loss     : 5.40746403
Valid MSE Loss     : 0.01261124	 | 	Valid MAPE Loss     : 12.22821045
lr                 : [0.0003]


Epoch : 11
Train MSE Loss     : 1.00977552	 | 	Train MAPE Loss     : 9.45543957
Valid MSE Loss     : 0.02541769	 | 	Valid MAPE Loss     : 17.42620087
lr                 : [0.0003]


Epoch : 12
Train MSE Loss     : 1.04873061	 | 	Train MAPE Loss     : 22.33652878
Valid MSE Loss     : 0.05195662	 | 	Valid MAPE Loss     : 24.88434982
lr                 : [0.0003]


Epoch : 13
Train MSE Loss     : 1.01464367	 | 	Train MAPE Loss     : 11.64996815
Valid MSE Loss     : 0.00903681	 | 	Valid MAPE Loss     : 10.35445881
lr                 : [0.0003]


Epoch : 14
Train MSE Loss     : 1.00250411	 | 	Train MAPE Loss     : 4.61876440
Valid MSE Loss     : 0.00529482	 | 	Valid MAPE Loss     : 7.90662050
lr                 : [0.0003]


Epoch : 15
Train MSE Loss     : 1.00955427	 | 	Train MAPE Loss     : 9.23511696
Valid MSE Loss     : 0.00403446	 | 	Valid MAPE Loss     : 6.76889801
lr                 : [0.0003]


Epoch : 16
Train MSE Loss     : 1.00360394	 | 	Train MAPE Loss     : 5.55596304
Valid MSE Loss     : 0.00064831	 | 	Valid MAPE Loss     : 2.60844612
lr                 : [0.0003]


Epoch : 17
Train MSE Loss     : 1.00045764	 | 	Train MAPE Loss     : 1.89976907
Valid MSE Loss     : 0.00010788	 | 	Valid MAPE Loss     : 0.92322582
lr                 : [0.0003]


Epoch : 18
Train MSE Loss     : 1.00027645	 | 	Train MAPE Loss     : 1.45527172
Valid MSE Loss     : 0.00035339	 | 	Valid MAPE Loss     : 1.82748032
lr                 : [0.0003]


Epoch : 19
Train MSE Loss     : 1.00024402	 | 	Train MAPE Loss     : 1.35703170
Valid MSE Loss     : 0.00007518	 | 	Valid MAPE Loss     : 0.76263964
lr                 : [0.0003]


Epoch : 20
Train MSE Loss     : 1.00133371	 | 	Train MAPE Loss     : 3.34201813
Valid MSE Loss     : 0.00040751	 | 	Valid MAPE Loss     : 2.03225970
lr                 : [0.0003]


Epoch : 21
Train MSE Loss     : 1.00937152	 | 	Train MAPE Loss     : 9.43456554
Valid MSE Loss     : 0.00014512	 | 	Valid MAPE Loss     : 1.09950590
lr                 : [0.0003]


Epoch : 22
Train MSE Loss     : 1.01048088	 | 	Train MAPE Loss     : 9.85498047
Valid MSE Loss     : 0.03194036	 | 	Valid MAPE Loss     : 19.55661392
lr                 : [0.0003]


Epoch : 23
Train MSE Loss     : 1.00884819	 | 	Train MAPE Loss     : 8.88318157
Valid MSE Loss     : 0.02292304	 | 	Valid MAPE Loss     : 16.52534485
lr                 : [0.0003]


Epoch : 24
Train MSE Loss     : 1.01203275	 | 	Train MAPE Loss     : 11.05342865
Valid MSE Loss     : 0.01495396	 | 	Valid MAPE Loss     : 13.32149696
lr                 : [0.0003]


Epoch : 25
Train MSE Loss     : 1.01337445	 | 	Train MAPE Loss     : 12.01837254
Valid MSE Loss     : 0.00049663	 | 	Valid MAPE Loss     : 1.97479570
lr                 : [0.0003]


Epoch : 26
Train MSE Loss     : 1.00514185	 | 	Train MAPE Loss     : 7.18167448
Valid MSE Loss     : 0.00119044	 | 	Valid MAPE Loss     : 3.58334041
lr                 : [0.0003]


Epoch : 27
Train MSE Loss     : 1.00129163	 | 	Train MAPE Loss     : 3.28920317
Valid MSE Loss     : 0.00016574	 | 	Valid MAPE Loss     : 1.14040387
lr                 : [0.0003]


Epoch : 28
Train MSE Loss     : 1.00074863	 | 	Train MAPE Loss     : 2.46726799
Valid MSE Loss     : 0.00150667	 | 	Valid MAPE Loss     : 4.10352898
lr                 : [0.0003]


Epoch : 29
Train MSE Loss     : 1.00343502	 | 	Train MAPE Loss     : 5.66716385
Valid MSE Loss     : 0.00085178	 | 	Valid MAPE Loss     : 3.03879857
lr                 : [0.0003]


Epoch : 30
Train MSE Loss     : 1.00070536	 | 	Train MAPE Loss     : 2.34513760
Valid MSE Loss     : 0.00020127	 | 	Valid MAPE Loss     : 1.29227602
lr                 : [2.9999999999999997e-05]


Epoch : 31
Train MSE Loss     : 1.00021124	 | 	Train MAPE Loss     : 1.26405549
Valid MSE Loss     : 0.00008984	 | 	Valid MAPE Loss     : 0.84140748
lr                 : [2.9999999999999997e-05]


Epoch : 32
Train MSE Loss     : 1.00018847	 | 	Train MAPE Loss     : 1.18556321
Valid MSE Loss     : 0.00009137	 | 	Valid MAPE Loss     : 0.83895206
lr                 : [2.9999999999999997e-05]


Epoch : 33
Train MSE Loss     : 1.00019038	 | 	Train MAPE Loss     : 1.19249678
Valid MSE Loss     : 0.00008573	 | 	Valid MAPE Loss     : 0.81417453
lr                 : [2.9999999999999997e-05]


Epoch : 34
Train MSE Loss     : 1.00018489	 | 	Train MAPE Loss     : 1.17220712
Valid MSE Loss     : 0.00008396	 | 	Valid MAPE Loss     : 0.82397890
lr                 : [2.9999999999999997e-05]


Epoch : 35
Train MSE Loss     : 1.00017822	 | 	Train MAPE Loss     : 1.15367174
Valid MSE Loss     : 0.00008181	 | 	Valid MAPE Loss     : 0.79448241
lr                 : [2.9999999999999997e-05]


Epoch : 36
Train MSE Loss     : 1.00017881	 | 	Train MAPE Loss     : 1.15074456
Valid MSE Loss     : 0.00007542	 | 	Valid MAPE Loss     : 0.76894605
lr                 : [2.9999999999999997e-05]


Epoch : 37
Train MSE Loss     : 1.00018108	 | 	Train MAPE Loss     : 1.16602182
Valid MSE Loss     : 0.00010019	 | 	Valid MAPE Loss     : 0.90366077
lr                 : [2.9999999999999997e-05]


Epoch : 38
Train MSE Loss     : 1.00019467	 | 	Train MAPE Loss     : 1.20611668
Valid MSE Loss     : 0.00007636	 | 	Valid MAPE Loss     : 0.76963079
lr                 : [2.9999999999999997e-05]


Epoch : 39
Train MSE Loss     : 1.00018728	 | 	Train MAPE Loss     : 1.18490839
Valid MSE Loss     : 0.00007153	 | 	Valid MAPE Loss     : 0.74897075
lr                 : [2.9999999999999997e-05]


Epoch : 40
Train MSE Loss     : 1.00017262	 | 	Train MAPE Loss     : 1.12642479
Valid MSE Loss     : 0.00007263	 | 	Valid MAPE Loss     : 0.75272197
lr                 : [2.9999999999999997e-05]


Epoch : 41
Train MSE Loss     : 1.00017190	 | 	Train MAPE Loss     : 1.13067853
Valid MSE Loss     : 0.00006721	 | 	Valid MAPE Loss     : 0.72594976
lr                 : [2.9999999999999997e-05]


Epoch : 42
Train MSE Loss     : 1.00016975	 | 	Train MAPE Loss     : 1.11932492
Valid MSE Loss     : 0.00006475	 | 	Valid MAPE Loss     : 0.71092528
lr                 : [2.9999999999999997e-05]


Epoch : 43
Train MSE Loss     : 1.00016403	 | 	Train MAPE Loss     : 1.10121322
Valid MSE Loss     : 0.00006468	 | 	Valid MAPE Loss     : 0.70764565
lr                 : [2.9999999999999997e-05]


Epoch : 44
Train MSE Loss     : 1.00016105	 | 	Train MAPE Loss     : 1.08914292
Valid MSE Loss     : 0.00006162	 | 	Valid MAPE Loss     : 0.69391823
lr                 : [2.9999999999999997e-05]


Epoch : 45
Train MSE Loss     : 1.00016046	 | 	Train MAPE Loss     : 1.08812547
Valid MSE Loss     : 0.00006661	 | 	Valid MAPE Loss     : 0.71693307
lr                 : [2.9999999999999997e-05]


Epoch : 46
Train MSE Loss     : 1.00016284	 | 	Train MAPE Loss     : 1.10224569
Valid MSE Loss     : 0.00007296	 | 	Valid MAPE Loss     : 0.74152589
lr                 : [2.9999999999999997e-05]


Epoch : 47
Train MSE Loss     : 1.00015569	 | 	Train MAPE Loss     : 1.07989609
Valid MSE Loss     : 0.00005916	 | 	Valid MAPE Loss     : 0.66680187
lr                 : [2.9999999999999997e-05]


Epoch : 48
Train MSE Loss     : 1.00015759	 | 	Train MAPE Loss     : 1.07756615
Valid MSE Loss     : 0.00005618	 | 	Valid MAPE Loss     : 0.65795958
lr                 : [2.9999999999999997e-05]


Epoch : 49
Train MSE Loss     : 1.00015116	 | 	Train MAPE Loss     : 1.05729353
Valid MSE Loss     : 0.00005804	 | 	Valid MAPE Loss     : 0.66258216
lr                 : [2.9999999999999997e-05]


Epoch : 50
Train MSE Loss     : 1.00014794	 | 	Train MAPE Loss     : 1.04824889
Valid MSE Loss     : 0.00006471	 | 	Valid MAPE Loss     : 0.69577456
lr                 : [2.9999999999999997e-05]


Epoch : 51
Train MSE Loss     : 1.00015604	 | 	Train MAPE Loss     : 1.07941616
Valid MSE Loss     : 0.00007154	 | 	Valid MAPE Loss     : 0.72584158
lr                 : [2.9999999999999997e-05]


Epoch : 52
Train MSE Loss     : 1.00015104	 | 	Train MAPE Loss     : 1.05796230
Valid MSE Loss     : 0.00009010	 | 	Valid MAPE Loss     : 0.81108087
lr                 : [2.9999999999999997e-05]


Epoch : 53
Train MSE Loss     : 1.00014722	 | 	Train MAPE Loss     : 1.04641116
Valid MSE Loss     : 0.00006348	 | 	Valid MAPE Loss     : 0.72253555
lr                 : [2.9999999999999997e-05]


Epoch : 54
Train MSE Loss     : 1.00014472	 | 	Train MAPE Loss     : 1.03462064
Valid MSE Loss     : 0.00004991	 | 	Valid MAPE Loss     : 0.62551266
lr                 : [2.9999999999999997e-05]


Epoch : 55
Train MSE Loss     : 1.00013971	 | 	Train MAPE Loss     : 1.01467073
Valid MSE Loss     : 0.00005022	 | 	Valid MAPE Loss     : 0.63119972
lr                 : [2.9999999999999997e-05]


Epoch : 56
Train MSE Loss     : 1.00014627	 | 	Train MAPE Loss     : 1.04652512
Valid MSE Loss     : 0.00005294	 | 	Valid MAPE Loss     : 0.62562674
lr                 : [2.9999999999999997e-05]


Epoch : 57
Train MSE Loss     : 1.00014079	 | 	Train MAPE Loss     : 1.02396441
Valid MSE Loss     : 0.00005893	 | 	Valid MAPE Loss     : 0.64795613
lr                 : [2.9999999999999997e-05]


Epoch : 58
Train MSE Loss     : 1.00013614	 | 	Train MAPE Loss     : 1.00339222
Valid MSE Loss     : 0.00004901	 | 	Valid MAPE Loss     : 0.61095464
lr                 : [2.9999999999999997e-05]


Epoch : 59
Train MSE Loss     : 1.00013483	 | 	Train MAPE Loss     : 0.99612379
Valid MSE Loss     : 0.00004831	 | 	Valid MAPE Loss     : 0.60692418
lr                 : [2.9999999999999997e-05]


Epoch : 60
Train MSE Loss     : 1.00013280	 | 	Train MAPE Loss     : 0.99033576
Valid MSE Loss     : 0.00004589	 | 	Valid MAPE Loss     : 0.59597611
lr                 : [2.9999999999999997e-05]


Epoch : 61
Train MSE Loss     : 1.00012994	 | 	Train MAPE Loss     : 0.97904128
Valid MSE Loss     : 0.00004761	 | 	Valid MAPE Loss     : 0.59023762
lr                 : [2.9999999999999997e-05]


Epoch : 62
Train MSE Loss     : 1.00012934	 | 	Train MAPE Loss     : 0.97749066
Valid MSE Loss     : 0.00005183	 | 	Valid MAPE Loss     : 0.60832018
lr                 : [2.9999999999999997e-05]


Epoch : 63
Train MSE Loss     : 1.00012720	 | 	Train MAPE Loss     : 0.97249442
Valid MSE Loss     : 0.00004576	 | 	Valid MAPE Loss     : 0.60741949
lr                 : [2.9999999999999997e-05]


Epoch : 64
Train MSE Loss     : 1.00012922	 | 	Train MAPE Loss     : 0.98054284
Valid MSE Loss     : 0.00004379	 | 	Valid MAPE Loss     : 0.57610971
lr                 : [2.9999999999999997e-05]


Epoch : 65
Train MSE Loss     : 1.00012505	 | 	Train MAPE Loss     : 0.96082288
Valid MSE Loss     : 0.00004419	 | 	Valid MAPE Loss     : 0.59653705
lr                 : [2.9999999999999997e-05]


Epoch : 66
Train MSE Loss     : 1.00012267	 | 	Train MAPE Loss     : 0.94827574
Valid MSE Loss     : 0.00005976	 | 	Valid MAPE Loss     : 0.63768423
lr                 : [2.9999999999999997e-05]


Epoch : 67
Train MSE Loss     : 1.00012231	 | 	Train MAPE Loss     : 0.95457315
Valid MSE Loss     : 0.00004731	 | 	Valid MAPE Loss     : 0.57606322
lr                 : [2.9999999999999997e-05]


Epoch : 68
Train MSE Loss     : 1.00012088	 | 	Train MAPE Loss     : 0.94700199
Valid MSE Loss     : 0.00004297	 | 	Valid MAPE Loss     : 0.56141490
lr                 : [2.9999999999999997e-05]


Epoch : 69
Train MSE Loss     : 1.00012362	 | 	Train MAPE Loss     : 0.96197587
Valid MSE Loss     : 0.00004572	 | 	Valid MAPE Loss     : 0.61766040
lr                 : [2.9999999999999997e-05]


Epoch : 70
Train MSE Loss     : 1.00013554	 | 	Train MAPE Loss     : 1.01292980
Valid MSE Loss     : 0.00004219	 | 	Valid MAPE Loss     : 0.58781207
lr                 : [2.9999999999999997e-05]


Epoch : 71
Train MSE Loss     : 1.00011694	 | 	Train MAPE Loss     : 0.93056166
Valid MSE Loss     : 0.00004006	 | 	Valid MAPE Loss     : 0.56086510
lr                 : [2.9999999999999997e-05]


Epoch : 72
Train MSE Loss     : 1.00012112	 | 	Train MAPE Loss     : 0.95489299
Valid MSE Loss     : 0.00004142	 | 	Valid MAPE Loss     : 0.58228278
lr                 : [2.9999999999999997e-05]


Epoch : 73
Train MSE Loss     : 1.00011528	 | 	Train MAPE Loss     : 0.92937076
Valid MSE Loss     : 0.00003963	 | 	Valid MAPE Loss     : 0.55047065
lr                 : [2.9999999999999997e-05]


Epoch : 74
Train MSE Loss     : 1.00011015	 | 	Train MAPE Loss     : 0.90248442
Valid MSE Loss     : 0.00004855	 | 	Valid MAPE Loss     : 0.57234520
lr                 : [2.9999999999999997e-05]


Epoch : 75
Train MSE Loss     : 1.00011003	 | 	Train MAPE Loss     : 0.90616387
Valid MSE Loss     : 0.00003845	 | 	Valid MAPE Loss     : 0.54225743
lr                 : [2.9999999999999997e-05]


Epoch : 76
Train MSE Loss     : 1.00011301	 | 	Train MAPE Loss     : 0.91156918
Valid MSE Loss     : 0.00004144	 | 	Valid MAPE Loss     : 0.53577459
lr                 : [2.9999999999999997e-05]


Epoch : 77
Train MSE Loss     : 1.00011003	 | 	Train MAPE Loss     : 0.89943004
Valid MSE Loss     : 0.00005210	 | 	Valid MAPE Loss     : 0.58883929
lr                 : [2.9999999999999997e-05]


Epoch : 78
Train MSE Loss     : 1.00010490	 | 	Train MAPE Loss     : 0.87688607
Valid MSE Loss     : 0.00003674	 | 	Valid MAPE Loss     : 0.52529997
lr                 : [2.9999999999999997e-05]


Epoch : 79
Train MSE Loss     : 1.00010681	 | 	Train MAPE Loss     : 0.89218420
Valid MSE Loss     : 0.00003753	 | 	Valid MAPE Loss     : 0.51742399
lr                 : [2.9999999999999997e-05]


Epoch : 80
Train MSE Loss     : 1.00010586	 | 	Train MAPE Loss     : 0.89001244
Valid MSE Loss     : 0.00005115	 | 	Valid MAPE Loss     : 0.58791059
lr                 : [2.9999999999999997e-05]


Epoch : 81
Train MSE Loss     : 1.00010133	 | 	Train MAPE Loss     : 0.86199450
Valid MSE Loss     : 0.00003823	 | 	Valid MAPE Loss     : 0.53085583
lr                 : [2.9999999999999997e-05]


Epoch : 82
Train MSE Loss     : 1.00010717	 | 	Train MAPE Loss     : 0.89420938
Valid MSE Loss     : 0.00004004	 | 	Valid MAPE Loss     : 0.52152532
lr                 : [2.9999999999999997e-05]


Epoch : 83
Train MSE Loss     : 1.00010931	 | 	Train MAPE Loss     : 0.90285242
Valid MSE Loss     : 0.00004140	 | 	Valid MAPE Loss     : 0.52564275
lr                 : [2.9999999999999997e-05]


Epoch : 84
Train MSE Loss     : 1.00010228	 | 	Train MAPE Loss     : 0.86899215
Valid MSE Loss     : 0.00004830	 | 	Valid MAPE Loss     : 0.56321442
lr                 : [2.9999999999999997e-05]


Epoch : 85
Train MSE Loss     : 1.00010538	 | 	Train MAPE Loss     : 0.89295608
Valid MSE Loss     : 0.00007595	 | 	Valid MAPE Loss     : 0.75326371
lr                 : [2.9999999999999997e-05]


Epoch : 86
Train MSE Loss     : 1.00010812	 | 	Train MAPE Loss     : 0.90555310
Valid MSE Loss     : 0.00003750	 | 	Valid MAPE Loss     : 0.50741643
lr                 : [2.9999999999999997e-05]


Epoch : 87
Train MSE Loss     : 1.00009835	 | 	Train MAPE Loss     : 0.85167682
Valid MSE Loss     : 0.00004519	 | 	Valid MAPE Loss     : 0.54184723
lr                 : [2.9999999999999997e-05]


Epoch : 88
Train MSE Loss     : 1.00009692	 | 	Train MAPE Loss     : 0.84246546
Valid MSE Loss     : 0.00003601	 | 	Valid MAPE Loss     : 0.49302679
lr                 : [2.9999999999999997e-05]


Epoch : 89
Train MSE Loss     : 1.00009179	 | 	Train MAPE Loss     : 0.82165515
Valid MSE Loss     : 0.00003925	 | 	Valid MAPE Loss     : 0.50486511
lr                 : [2.9999999999999997e-05]


Epoch : 90
Train MSE Loss     : 1.00010026	 | 	Train MAPE Loss     : 0.86244154
Valid MSE Loss     : 0.00003269	 | 	Valid MAPE Loss     : 0.48185340
lr                 : [2.9999999999999997e-05]


Epoch : 91
Train MSE Loss     : 1.00009418	 | 	Train MAPE Loss     : 0.83472455
Valid MSE Loss     : 0.00005139	 | 	Valid MAPE Loss     : 0.58623487
lr                 : [2.9999999999999997e-05]


Epoch : 92
Train MSE Loss     : 1.00009358	 | 	Train MAPE Loss     : 0.83046353
Valid MSE Loss     : 0.00005957	 | 	Valid MAPE Loss     : 0.64759517
lr                 : [2.9999999999999997e-05]


Epoch : 93
Train MSE Loss     : 1.00009716	 | 	Train MAPE Loss     : 0.84613085
Valid MSE Loss     : 0.00003713	 | 	Valid MAPE Loss     : 0.49159214
lr                 : [2.9999999999999997e-05]


Epoch : 94
Train MSE Loss     : 1.00009179	 | 	Train MAPE Loss     : 0.82613665
Valid MSE Loss     : 0.00003083	 | 	Valid MAPE Loss     : 0.48669532
lr                 : [2.9999999999999997e-05]


Epoch : 95
Train MSE Loss     : 1.00009012	 | 	Train MAPE Loss     : 0.81474543
Valid MSE Loss     : 0.00003583	 | 	Valid MAPE Loss     : 0.48811275
lr                 : [2.9999999999999997e-05]


Epoch : 96
Train MSE Loss     : 1.00008690	 | 	Train MAPE Loss     : 0.80099148
Valid MSE Loss     : 0.00004661	 | 	Valid MAPE Loss     : 0.55701005
lr                 : [2.9999999999999997e-05]


Epoch : 97
Train MSE Loss     : 1.00009048	 | 	Train MAPE Loss     : 0.82085472
Valid MSE Loss     : 0.00003077	 | 	Valid MAPE Loss     : 0.46357319
lr                 : [2.9999999999999997e-05]


Epoch : 98
Train MSE Loss     : 1.00009024	 | 	Train MAPE Loss     : 0.81525874
Valid MSE Loss     : 0.00002998	 | 	Valid MAPE Loss     : 0.46094006
lr                 : [2.9999999999999997e-05]


Epoch : 99
Train MSE Loss     : 1.00008452	 | 	Train MAPE Loss     : 0.78630471
Valid MSE Loss     : 0.00005377	 | 	Valid MAPE Loss     : 0.61097002
lr                 : [2.9999999999999997e-05]


Epoch : 100
Train MSE Loss     : 1.00008237	 | 	Train MAPE Loss     : 0.78118181
Valid MSE Loss     : 0.00002999	 | 	Valid MAPE Loss     : 0.45533484
lr                 : [2.9999999999999997e-05]


Epoch : 101
Train MSE Loss     : 1.00008118	 | 	Train MAPE Loss     : 0.77067184
Valid MSE Loss     : 0.00003562	 | 	Valid MAPE Loss     : 0.47512606
lr                 : [2.9999999999999997e-05]


Epoch : 102
Train MSE Loss     : 1.00007892	 | 	Train MAPE Loss     : 0.76174927
Valid MSE Loss     : 0.00004403	 | 	Valid MAPE Loss     : 0.53334165
lr                 : [2.9999999999999997e-05]


Epoch : 103
Train MSE Loss     : 1.00007665	 | 	Train MAPE Loss     : 0.74999142
Valid MSE Loss     : 0.00002936	 | 	Valid MAPE Loss     : 0.44207036
lr                 : [2.9999999999999997e-05]


Epoch : 104
Train MSE Loss     : 1.00008595	 | 	Train MAPE Loss     : 0.80706507
Valid MSE Loss     : 0.00002930	 | 	Valid MAPE Loss     : 0.44384190
lr                 : [2.9999999999999997e-05]


Epoch : 105
Train MSE Loss     : 1.00008166	 | 	Train MAPE Loss     : 0.77431840
Valid MSE Loss     : 0.00006357	 | 	Valid MAPE Loss     : 0.69706339
lr                 : [2.9999999999999997e-05]


Epoch : 106
Train MSE Loss     : 1.00008738	 | 	Train MAPE Loss     : 0.81179529
Valid MSE Loss     : 0.00004733	 | 	Valid MAPE Loss     : 0.56779337
lr                 : [2.9999999999999997e-05]


Epoch : 107
Train MSE Loss     : 1.00009310	 | 	Train MAPE Loss     : 0.83626121
Valid MSE Loss     : 0.00004323	 | 	Valid MAPE Loss     : 0.53783625
lr                 : [2.9999999999999997e-05]


Epoch : 108
Train MSE Loss     : 1.00007784	 | 	Train MAPE Loss     : 0.75117892
Valid MSE Loss     : 0.00002827	 | 	Valid MAPE Loss     : 0.48382670
lr                 : [2.9999999999999997e-05]


Epoch : 109
Train MSE Loss     : 1.00007939	 | 	Train MAPE Loss     : 0.76170778
Valid MSE Loss     : 0.00004866	 | 	Valid MAPE Loss     : 0.58117419
lr                 : [2.9999999999999997e-05]


Epoch : 110
Train MSE Loss     : 1.00007749	 | 	Train MAPE Loss     : 0.75695568
Valid MSE Loss     : 0.00005588	 | 	Valid MAPE Loss     : 0.64278710
lr                 : [2.9999999999999997e-05]


Epoch : 111
Train MSE Loss     : 1.00007772	 | 	Train MAPE Loss     : 0.75806469
Valid MSE Loss     : 0.00002885	 | 	Valid MAPE Loss     : 0.42946547
lr                 : [2.9999999999999997e-05]


Epoch : 112
Train MSE Loss     : 1.00007915	 | 	Train MAPE Loss     : 0.77287853
Valid MSE Loss     : 0.00002491	 | 	Valid MAPE Loss     : 0.42251959
lr                 : [2.9999999999999997e-05]


Epoch : 113
Train MSE Loss     : 1.00008345	 | 	Train MAPE Loss     : 0.79395789
Valid MSE Loss     : 0.00002524	 | 	Valid MAPE Loss     : 0.44347304
lr                 : [2.9999999999999997e-05]


Epoch : 114
Train MSE Loss     : 1.00007010	 | 	Train MAPE Loss     : 0.71229392
Valid MSE Loss     : 0.00002853	 | 	Valid MAPE Loss     : 0.42249972
lr                 : [2.9999999999999997e-05]


Epoch : 115
Train MSE Loss     : 1.00006878	 | 	Train MAPE Loss     : 0.70643735
Valid MSE Loss     : 0.00003800	 | 	Valid MAPE Loss     : 0.49620146
lr                 : [2.9999999999999997e-05]


Epoch : 116
Train MSE Loss     : 1.00006747	 | 	Train MAPE Loss     : 0.70482779
Valid MSE Loss     : 0.00002427	 | 	Valid MAPE Loss     : 0.40922379
lr                 : [2.9999999999999997e-05]


Epoch : 117
Train MSE Loss     : 1.00006843	 | 	Train MAPE Loss     : 0.70980221
Valid MSE Loss     : 0.00002389	 | 	Valid MAPE Loss     : 0.40170363
lr                 : [2.9999999999999997e-05]


Epoch : 118
Train MSE Loss     : 1.00006688	 | 	Train MAPE Loss     : 0.69750279
Valid MSE Loss     : 0.00002655	 | 	Valid MAPE Loss     : 0.40589792
lr                 : [2.9999999999999997e-05]


Epoch : 119
Train MSE Loss     : 1.00007153	 | 	Train MAPE Loss     : 0.73014086
Valid MSE Loss     : 0.00003497	 | 	Valid MAPE Loss     : 0.47056311
lr                 : [2.9999999999999997e-05]


Epoch : 120
Train MSE Loss     : 1.00006664	 | 	Train MAPE Loss     : 0.69671762
Valid MSE Loss     : 0.00004464	 | 	Valid MAPE Loss     : 0.55709231
lr                 : [2.9999999999999997e-05]


Epoch : 121
Train MSE Loss     : 1.00006258	 | 	Train MAPE Loss     : 0.67392200
Valid MSE Loss     : 0.00003837	 | 	Valid MAPE Loss     : 0.50391984
lr                 : [2.9999999999999997e-05]


Epoch : 122
Train MSE Loss     : 1.00005996	 | 	Train MAPE Loss     : 0.65493536
Valid MSE Loss     : 0.00002249	 | 	Valid MAPE Loss     : 0.38227367
lr                 : [2.9999999999999997e-05]


Epoch : 123
Train MSE Loss     : 1.00006688	 | 	Train MAPE Loss     : 0.71487552
Valid MSE Loss     : 0.00002934	 | 	Valid MAPE Loss     : 0.42371219
lr                 : [2.9999999999999997e-05]


Epoch : 124
Train MSE Loss     : 1.00006068	 | 	Train MAPE Loss     : 0.66025263
Valid MSE Loss     : 0.00002431	 | 	Valid MAPE Loss     : 0.37902480
lr                 : [2.9999999999999997e-05]


Epoch : 125
Train MSE Loss     : 1.00005972	 | 	Train MAPE Loss     : 0.65480757
Valid MSE Loss     : 0.00002481	 | 	Valid MAPE Loss     : 0.38399276
lr                 : [2.9999999999999997e-05]


Epoch : 126
Train MSE Loss     : 1.00006258	 | 	Train MAPE Loss     : 0.67844486
Valid MSE Loss     : 0.00002147	 | 	Valid MAPE Loss     : 0.36633569
lr                 : [2.9999999999999997e-05]


Epoch : 127
Train MSE Loss     : 1.00005841	 | 	Train MAPE Loss     : 0.64590406
Valid MSE Loss     : 0.00003658	 | 	Valid MAPE Loss     : 0.49418542
lr                 : [2.9999999999999997e-05]


Epoch : 128
Train MSE Loss     : 1.00005782	 | 	Train MAPE Loss     : 0.64721876
Valid MSE Loss     : 0.00002689	 | 	Valid MAPE Loss     : 0.40483326
lr                 : [2.9999999999999997e-05]


Epoch : 129
Train MSE Loss     : 1.00005388	 | 	Train MAPE Loss     : 0.61770678
Valid MSE Loss     : 0.00002161	 | 	Valid MAPE Loss     : 0.36267126
lr                 : [2.9999999999999997e-05]


Epoch : 130
Train MSE Loss     : 1.00005412	 | 	Train MAPE Loss     : 0.62032306
Valid MSE Loss     : 0.00002048	 | 	Valid MAPE Loss     : 0.35074589
lr                 : [2.9999999999999997e-05]


Epoch : 131
Train MSE Loss     : 1.00005257	 | 	Train MAPE Loss     : 0.61309433
Valid MSE Loss     : 0.00004406	 | 	Valid MAPE Loss     : 0.57083750
lr                 : [2.9999999999999997e-05]


Epoch : 132
Train MSE Loss     : 1.00006139	 | 	Train MAPE Loss     : 0.67697531
Valid MSE Loss     : 0.00002254	 | 	Valid MAPE Loss     : 0.36522371
lr                 : [2.9999999999999997e-05]


Epoch : 133
Train MSE Loss     : 1.00005198	 | 	Train MAPE Loss     : 0.60545963
Valid MSE Loss     : 0.00002802	 | 	Valid MAPE Loss     : 0.42072037
lr                 : [2.9999999999999997e-05]


Epoch : 134
Train MSE Loss     : 1.00005007	 | 	Train MAPE Loss     : 0.59762526
Valid MSE Loss     : 0.00003654	 | 	Valid MAPE Loss     : 0.50147390
lr                 : [2.9999999999999997e-05]


Epoch : 135
Train MSE Loss     : 1.00005782	 | 	Train MAPE Loss     : 0.64923400
Valid MSE Loss     : 0.00002037	 | 	Valid MAPE Loss     : 0.41451591
lr                 : [2.9999999999999997e-05]


Epoch : 136
Train MSE Loss     : 1.00005221	 | 	Train MAPE Loss     : 0.61210883
Valid MSE Loss     : 0.00005031	 | 	Valid MAPE Loss     : 0.63526726
lr                 : [2.9999999999999997e-05]


Epoch : 137
Train MSE Loss     : 1.00004649	 | 	Train MAPE Loss     : 0.57045382
Valid MSE Loss     : 0.00002021	 | 	Valid MAPE Loss     : 0.34389040
lr                 : [2.9999999999999997e-05]


Epoch : 138
Train MSE Loss     : 1.00004959	 | 	Train MAPE Loss     : 0.59822041
Valid MSE Loss     : 0.00002056	 | 	Valid MAPE Loss     : 0.34586966
lr                 : [2.9999999999999997e-05]


Epoch : 139
Train MSE Loss     : 1.00004816	 | 	Train MAPE Loss     : 0.58787560
Valid MSE Loss     : 0.00003108	 | 	Valid MAPE Loss     : 0.45918530
lr                 : [2.9999999999999997e-05]


Epoch : 140
Train MSE Loss     : 1.00005162	 | 	Train MAPE Loss     : 0.61733067
Valid MSE Loss     : 0.00001844	 | 	Valid MAPE Loss     : 0.33719623
lr                 : [2.9999999999999997e-05]


Epoch : 141
Train MSE Loss     : 1.00004280	 | 	Train MAPE Loss     : 0.54360688
Valid MSE Loss     : 0.00003607	 | 	Valid MAPE Loss     : 0.50608057
lr                 : [2.9999999999999997e-05]


Epoch : 142
Train MSE Loss     : 1.00004208	 | 	Train MAPE Loss     : 0.54109430
Valid MSE Loss     : 0.00002362	 | 	Valid MAPE Loss     : 0.38159913
lr                 : [2.9999999999999997e-05]


Epoch : 143
Train MSE Loss     : 1.00004125	 | 	Train MAPE Loss     : 0.53805310
Valid MSE Loss     : 0.00002559	 | 	Valid MAPE Loss     : 0.40496334
lr                 : [2.9999999999999997e-05]


Epoch : 144
Train MSE Loss     : 1.00005913	 | 	Train MAPE Loss     : 0.64329261
Valid MSE Loss     : 0.00008541	 | 	Valid MAPE Loss     : 0.94362026
lr                 : [2.9999999999999997e-05]


Epoch : 145
Train MSE Loss     : 1.00010335	 | 	Train MAPE Loss     : 0.93903792
Valid MSE Loss     : 0.00008265	 | 	Valid MAPE Loss     : 0.90098399
lr                 : [2.9999999999999997e-05]


Epoch : 146
Train MSE Loss     : 1.00005376	 | 	Train MAPE Loss     : 0.63921851
Valid MSE Loss     : 0.00001698	 | 	Valid MAPE Loss     : 0.32178718
lr                 : [2.9999999999999997e-05]


Epoch : 147
Train MSE Loss     : 1.00006771	 | 	Train MAPE Loss     : 0.73429251
Valid MSE Loss     : 0.00001620	 | 	Valid MAPE Loss     : 0.35575831
lr                 : [2.9999999999999997e-05]


Epoch : 148
Train MSE Loss     : 1.00004292	 | 	Train MAPE Loss     : 0.56363153
Valid MSE Loss     : 0.00001473	 | 	Valid MAPE Loss     : 0.31582043
lr                 : [2.9999999999999997e-05]


Epoch : 149
Train MSE Loss     : 1.00003958	 | 	Train MAPE Loss     : 0.52666193
Valid MSE Loss     : 0.00002128	 | 	Valid MAPE Loss     : 0.36183596
lr                 : [2.9999999999999997e-05]


Epoch : 150
Train MSE Loss     : 1.00003660	 | 	Train MAPE Loss     : 0.50267750
Valid MSE Loss     : 0.00003165	 | 	Valid MAPE Loss     : 0.47634676
lr                 : [2.9999999999999997e-05]


Evaluate on the Test set:
Test MAPE loss      :0.61984199	 | Test MSE loss      : 0.00004784

################## Training is Done! #########################
