=============================================
Dataset: cell_XJTU_batch2_prepocess_data
Mode:    supervised_with_contrast
=============================================
Training started ....

Epoch : 1
Train MSE Loss     : 1.71911907	 | 	Train MAPE Loss     : 87.59751129
Valid MSE Loss     : 1.11932898	 | 	Valid MAPE Loss     : 114.66225433
lr                 : [0.0003]


Epoch : 2
Train MSE Loss     : 2.10626650	 | 	Train MAPE Loss     : 115.77446747
Valid MSE Loss     : 0.70933294	 | 	Valid MAPE Loss     : 90.45745850
lr                 : [0.0003]


Epoch : 3
Train MSE Loss     : 1.36045301	 | 	Train MAPE Loss     : 55.90775299
Valid MSE Loss     : 0.02506681	 | 	Valid MAPE Loss     : 16.02842140
lr                 : [0.0003]


Epoch : 4
Train MSE Loss     : 1.00983846	 | 	Train MAPE Loss     : 9.29784870
Valid MSE Loss     : 0.00226197	 | 	Valid MAPE Loss     : 4.41489601
lr                 : [0.0003]


Epoch : 5
Train MSE Loss     : 1.00365865	 | 	Train MAPE Loss     : 5.30233955
Valid MSE Loss     : 0.00431328	 | 	Valid MAPE Loss     : 5.65108299
lr                 : [0.0003]


Epoch : 6
Train MSE Loss     : 1.00169861	 | 	Train MAPE Loss     : 3.67908931
Valid MSE Loss     : 0.00077474	 | 	Valid MAPE Loss     : 2.77357388
lr                 : [0.0003]


Epoch : 7
Train MSE Loss     : 1.00262010	 | 	Train MAPE Loss     : 4.68037987
Valid MSE Loss     : 0.00166885	 | 	Valid MAPE Loss     : 3.36404324
lr                 : [0.0003]


Epoch : 8
Train MSE Loss     : 1.00122857	 | 	Train MAPE Loss     : 3.23081899
Valid MSE Loss     : 0.00059337	 | 	Valid MAPE Loss     : 2.20392895
lr                 : [0.0003]


Epoch : 9
Train MSE Loss     : 1.00301981	 | 	Train MAPE Loss     : 5.15214157
Valid MSE Loss     : 0.00294712	 | 	Valid MAPE Loss     : 5.71639109
lr                 : [0.0003]


Epoch : 10
Train MSE Loss     : 1.00992680	 | 	Train MAPE Loss     : 9.74158478
Valid MSE Loss     : 0.00934175	 | 	Valid MAPE Loss     : 10.44549561
lr                 : [0.0003]


Epoch : 11
Train MSE Loss     : 1.01796389	 | 	Train MAPE Loss     : 12.61409378
Valid MSE Loss     : 0.08038682	 | 	Valid MAPE Loss     : 30.76074219
lr                 : [0.0003]


Epoch : 12
Train MSE Loss     : 1.05752647	 | 	Train MAPE Loss     : 23.91811752
Valid MSE Loss     : 0.00754121	 | 	Valid MAPE Loss     : 9.38827991
lr                 : [0.0003]


Epoch : 13
Train MSE Loss     : 1.12768233	 | 	Train MAPE Loss     : 37.91122818
Valid MSE Loss     : 0.14165851	 | 	Valid MAPE Loss     : 40.66544724
lr                 : [0.0003]


Epoch : 14
Train MSE Loss     : 1.04633093	 | 	Train MAPE Loss     : 19.58211517
Valid MSE Loss     : 0.00028188	 | 	Valid MAPE Loss     : 1.58718359
lr                 : [0.0003]


Epoch : 15
Train MSE Loss     : 1.00882864	 | 	Train MAPE Loss     : 8.73388481
Valid MSE Loss     : 0.00423262	 | 	Valid MAPE Loss     : 6.61327219
lr                 : [0.0003]


Epoch : 16
Train MSE Loss     : 1.14989185	 | 	Train MAPE Loss     : 41.03260803
Valid MSE Loss     : 0.15891580	 | 	Valid MAPE Loss     : 43.18169022
lr                 : [0.0003]


Epoch : 17
Train MSE Loss     : 1.06408906	 | 	Train MAPE Loss     : 24.40564919
Valid MSE Loss     : 0.01279278	 | 	Valid MAPE Loss     : 12.26288509
lr                 : [0.0003]


Epoch : 18
Train MSE Loss     : 1.01697397	 | 	Train MAPE Loss     : 11.30485439
Valid MSE Loss     : 0.06418779	 | 	Valid MAPE Loss     : 27.46589661
lr                 : [0.0003]


Epoch : 19
Train MSE Loss     : 1.05438769	 | 	Train MAPE Loss     : 23.31788063
Valid MSE Loss     : 0.01011756	 | 	Valid MAPE Loss     : 10.75971699
lr                 : [0.0003]


Epoch : 20
Train MSE Loss     : 1.03637803	 | 	Train MAPE Loss     : 19.24317741
Valid MSE Loss     : 0.04325418	 | 	Valid MAPE Loss     : 22.54240227
lr                 : [0.0003]


Epoch : 21
Train MSE Loss     : 1.01756465	 | 	Train MAPE Loss     : 12.99164104
Valid MSE Loss     : 0.05705361	 | 	Valid MAPE Loss     : 25.85871887
lr                 : [0.0003]


Epoch : 22
Train MSE Loss     : 1.05455470	 | 	Train MAPE Loss     : 23.22884369
Valid MSE Loss     : 0.16672535	 | 	Valid MAPE Loss     : 44.29226303
lr                 : [0.0003]


Epoch : 23
Train MSE Loss     : 1.11360776	 | 	Train MAPE Loss     : 35.25547409
Valid MSE Loss     : 0.00021930	 | 	Valid MAPE Loss     : 1.37095213
lr                 : [0.0003]


Epoch : 24
Train MSE Loss     : 1.40461349	 | 	Train MAPE Loss     : 65.04250336
Valid MSE Loss     : 0.68969446	 | 	Valid MAPE Loss     : 90.06789398
lr                 : [0.0003]


Epoch : 25
Train MSE Loss     : 1.51140094	 | 	Train MAPE Loss     : 78.47898102
Valid MSE Loss     : 0.29340521	 | 	Valid MAPE Loss     : 58.70495224
lr                 : [0.0003]


Epoch : 26
Train MSE Loss     : 1.08815646	 | 	Train MAPE Loss     : 26.66491508
Valid MSE Loss     : 0.00775888	 | 	Valid MAPE Loss     : 9.35776997
lr                 : [0.0003]


Epoch : 27
Train MSE Loss     : 1.15703821	 | 	Train MAPE Loss     : 36.23902512
Valid MSE Loss     : 0.46125305	 | 	Valid MAPE Loss     : 73.42130280
lr                 : [0.0003]


Epoch : 28
Train MSE Loss     : 1.33438623	 | 	Train MAPE Loss     : 63.12696457
Valid MSE Loss     : 0.13894151	 | 	Valid MAPE Loss     : 40.15556717
lr                 : [0.0003]


Epoch : 29
Train MSE Loss     : 1.03342116	 | 	Train MAPE Loss     : 17.00382996
Valid MSE Loss     : 0.00211377	 | 	Valid MAPE Loss     : 4.65471029
lr                 : [0.0003]


Epoch : 30
Train MSE Loss     : 1.00235891	 | 	Train MAPE Loss     : 4.03050137
Valid MSE Loss     : 0.02878561	 | 	Valid MAPE Loss     : 18.29051971
lr                 : [0.0003]


Epoch : 31
Train MSE Loss     : 1.01879525	 | 	Train MAPE Loss     : 14.33102703
Valid MSE Loss     : 0.00047202	 | 	Valid MAPE Loss     : 2.24698043
lr                 : [0.0003]


Epoch : 32
Train MSE Loss     : 1.02120626	 | 	Train MAPE Loss     : 14.44796085
Valid MSE Loss     : 0.00076852	 | 	Valid MAPE Loss     : 2.78143287
lr                 : [0.0003]


Epoch : 33
Train MSE Loss     : 1.00280488	 | 	Train MAPE Loss     : 4.86222506
Valid MSE Loss     : 0.00031668	 | 	Valid MAPE Loss     : 1.57607174
lr                 : [0.0003]


Epoch : 34
Train MSE Loss     : 1.01773620	 | 	Train MAPE Loss     : 11.05951309
Valid MSE Loss     : 0.08854102	 | 	Valid MAPE Loss     : 32.26105118
lr                 : [2.9999999999999997e-05]


Epoch : 35
Train MSE Loss     : 1.05755198	 | 	Train MAPE Loss     : 26.28059387
Valid MSE Loss     : 0.04290481	 | 	Valid MAPE Loss     : 22.34587669
lr                 : [2.9999999999999997e-05]


Epoch : 36
Train MSE Loss     : 1.02768195	 | 	Train MAPE Loss     : 17.85450363
Valid MSE Loss     : 0.00937261	 | 	Valid MAPE Loss     : 10.31209278
lr                 : [2.9999999999999997e-05]


Epoch : 37
Train MSE Loss     : 1.00255597	 | 	Train MAPE Loss     : 4.34165907
Valid MSE Loss     : 0.00024107	 | 	Valid MAPE Loss     : 1.61152649
lr                 : [2.9999999999999997e-05]


Epoch : 38
Train MSE Loss     : 1.00039732	 | 	Train MAPE Loss     : 1.94553578
Valid MSE Loss     : 0.00018660	 | 	Valid MAPE Loss     : 1.32067215
lr                 : [2.9999999999999997e-05]


Epoch : 39
Train MSE Loss     : 1.00058806	 | 	Train MAPE Loss     : 2.32298493
Valid MSE Loss     : 0.00038176	 | 	Valid MAPE Loss     : 2.04590726
lr                 : [2.9999999999999997e-05]


Epoch : 40
Train MSE Loss     : 1.00081718	 | 	Train MAPE Loss     : 2.71908903
Valid MSE Loss     : 0.00024314	 | 	Valid MAPE Loss     : 1.61785901
lr                 : [2.9999999999999997e-05]


Epoch : 41
Train MSE Loss     : 1.00004101	 | 	Train MAPE Loss     : 0.58383387
Valid MSE Loss     : 0.00014257	 | 	Valid MAPE Loss     : 1.23127854
lr                 : [2.9999999999999997e-05]


Epoch : 42
Train MSE Loss     : 1.00023770	 | 	Train MAPE Loss     : 1.40008259
Valid MSE Loss     : 0.00020843	 | 	Valid MAPE Loss     : 1.51443350
lr                 : [2.9999999999999997e-05]


Epoch : 43
Train MSE Loss     : 1.00025141	 | 	Train MAPE Loss     : 1.45535970
Valid MSE Loss     : 0.00011536	 | 	Valid MAPE Loss     : 1.08110082
lr                 : [2.9999999999999997e-05]


Epoch : 44
Train MSE Loss     : 1.00042343	 | 	Train MAPE Loss     : 1.77632606
Valid MSE Loss     : 0.00224340	 | 	Valid MAPE Loss     : 5.12835264
lr                 : [2.9999999999999997e-05]


Epoch : 45
Train MSE Loss     : 1.00089252	 | 	Train MAPE Loss     : 2.94482732
Valid MSE Loss     : 0.00008002	 | 	Valid MAPE Loss     : 0.91285807
lr                 : [2.9999999999999997e-05]


Epoch : 46
Train MSE Loss     : 1.00022519	 | 	Train MAPE Loss     : 1.41112196
Valid MSE Loss     : 0.00008206	 | 	Valid MAPE Loss     : 0.87505674
lr                 : [2.9999999999999997e-05]


Epoch : 47
Train MSE Loss     : 1.00006545	 | 	Train MAPE Loss     : 0.70516396
Valid MSE Loss     : 0.00009932	 | 	Valid MAPE Loss     : 0.99988228
lr                 : [2.9999999999999997e-05]


Epoch : 48
Train MSE Loss     : 1.00014520	 | 	Train MAPE Loss     : 1.20336926
Valid MSE Loss     : 0.00014274	 | 	Valid MAPE Loss     : 1.23627770
lr                 : [2.9999999999999997e-05]


Epoch : 49
Train MSE Loss     : 1.00004363	 | 	Train MAPE Loss     : 0.62882876
Valid MSE Loss     : 0.00005896	 | 	Valid MAPE Loss     : 0.74772030
lr                 : [2.9999999999999997e-05]


Epoch : 50
Train MSE Loss     : 1.00002062	 | 	Train MAPE Loss     : 0.38114318
Valid MSE Loss     : 0.00012734	 | 	Valid MAPE Loss     : 1.14924717
lr                 : [2.9999999999999997e-05]


Epoch : 51
Train MSE Loss     : 1.00035512	 | 	Train MAPE Loss     : 1.58709371
Valid MSE Loss     : 0.00132784	 | 	Valid MAPE Loss     : 3.92905927
lr                 : [2.9999999999999997e-05]


Epoch : 52
Train MSE Loss     : 1.00023031	 | 	Train MAPE Loss     : 1.28024459
Valid MSE Loss     : 0.00002944	 | 	Valid MAPE Loss     : 0.46891379
lr                 : [2.9999999999999997e-05]


Epoch : 53
Train MSE Loss     : 1.00024545	 | 	Train MAPE Loss     : 1.56793654
Valid MSE Loss     : 0.00019140	 | 	Valid MAPE Loss     : 1.48681200
lr                 : [2.9999999999999997e-05]


Epoch : 54
Train MSE Loss     : 1.00012183	 | 	Train MAPE Loss     : 1.07722068
Valid MSE Loss     : 0.00035988	 | 	Valid MAPE Loss     : 2.02929211
lr                 : [2.9999999999999997e-05]


Epoch : 55
Train MSE Loss     : 1.00008106	 | 	Train MAPE Loss     : 0.83503884
Valid MSE Loss     : 0.00001366	 | 	Valid MAPE Loss     : 0.20266473
lr                 : [2.9999999999999997e-05]


Epoch : 56
Train MSE Loss     : 1.00003147	 | 	Train MAPE Loss     : 0.49178976
Valid MSE Loss     : 0.00002124	 | 	Valid MAPE Loss     : 0.32706758
lr                 : [2.9999999999999997e-05]


Epoch : 57
Train MSE Loss     : 1.00009632	 | 	Train MAPE Loss     : 0.89328104
Valid MSE Loss     : 0.00015295	 | 	Valid MAPE Loss     : 1.31441379
lr                 : [2.9999999999999997e-05]


Epoch : 58
Train MSE Loss     : 1.00028479	 | 	Train MAPE Loss     : 1.52768910
Valid MSE Loss     : 0.00002620	 | 	Valid MAPE Loss     : 0.45968997
lr                 : [2.9999999999999997e-05]


Epoch : 59
Train MSE Loss     : 1.00006068	 | 	Train MAPE Loss     : 0.71131557
Valid MSE Loss     : 0.00005134	 | 	Valid MAPE Loss     : 0.63714284
lr                 : [2.9999999999999997e-05]


Epoch : 60
Train MSE Loss     : 1.00003028	 | 	Train MAPE Loss     : 0.48199293
Valid MSE Loss     : 0.00001683	 | 	Valid MAPE Loss     : 0.27796978
lr                 : [2.9999999999999997e-05]


Epoch : 61
Train MSE Loss     : 1.00004804	 | 	Train MAPE Loss     : 0.65920126
Valid MSE Loss     : 0.00016181	 | 	Valid MAPE Loss     : 1.31334698
lr                 : [2.9999999999999997e-05]


Epoch : 62
Train MSE Loss     : 1.00006950	 | 	Train MAPE Loss     : 0.68783814
Valid MSE Loss     : 0.00045864	 | 	Valid MAPE Loss     : 2.29813409
lr                 : [2.9999999999999997e-05]


Epoch : 63
Train MSE Loss     : 1.00019348	 | 	Train MAPE Loss     : 1.29721105
Valid MSE Loss     : 0.00075728	 | 	Valid MAPE Loss     : 2.96214390
lr                 : [2.9999999999999997e-05]


Epoch : 64
Train MSE Loss     : 1.00011706	 | 	Train MAPE Loss     : 0.97923499
Valid MSE Loss     : 0.00007452	 | 	Valid MAPE Loss     : 0.82306081
lr                 : [2.9999999999999997e-05]


Epoch : 65
Train MSE Loss     : 1.00004339	 | 	Train MAPE Loss     : 0.58667248
Valid MSE Loss     : 0.00002045	 | 	Valid MAPE Loss     : 0.34440994
lr                 : [2.9999999999999997e-05]


Epoch : 66
Train MSE Loss     : 1.00016367	 | 	Train MAPE Loss     : 1.19654262
Valid MSE Loss     : 0.00007586	 | 	Valid MAPE Loss     : 0.87490612
lr                 : [3e-06]


Epoch : 67
Train MSE Loss     : 1.00011921	 | 	Train MAPE Loss     : 1.03564250
Valid MSE Loss     : 0.00005195	 | 	Valid MAPE Loss     : 0.67523295
lr                 : [3e-06]


Epoch : 68
Train MSE Loss     : 1.00002706	 | 	Train MAPE Loss     : 0.46879554
Valid MSE Loss     : 0.00001835	 | 	Valid MAPE Loss     : 0.31235015
lr                 : [3e-06]


Epoch : 69
Train MSE Loss     : 1.00002384	 | 	Train MAPE Loss     : 0.43632883
Valid MSE Loss     : 0.00005942	 | 	Valid MAPE Loss     : 0.73768562
lr                 : [3e-06]


Epoch : 70
Train MSE Loss     : 1.00003088	 | 	Train MAPE Loss     : 0.44964212
Valid MSE Loss     : 0.00010742	 | 	Valid MAPE Loss     : 1.06471121
lr                 : [3e-06]


Epoch : 71
Train MSE Loss     : 1.00002313	 | 	Train MAPE Loss     : 0.38937688
Valid MSE Loss     : 0.00010299	 | 	Valid MAPE Loss     : 1.03051233
lr                 : [3e-06]


Epoch : 72
Train MSE Loss     : 1.00002253	 | 	Train MAPE Loss     : 0.41618004
Valid MSE Loss     : 0.00004454	 | 	Valid MAPE Loss     : 0.62484694
lr                 : [3e-06]


Epoch : 73
Train MSE Loss     : 1.00001895	 | 	Train MAPE Loss     : 0.38060975
Valid MSE Loss     : 0.00008862	 | 	Valid MAPE Loss     : 0.94747561
lr                 : [3e-06]


Epoch : 74
Train MSE Loss     : 1.00002670	 | 	Train MAPE Loss     : 0.41530207
Valid MSE Loss     : 0.00003475	 | 	Valid MAPE Loss     : 0.52287549
lr                 : [3e-06]


Epoch : 75
Train MSE Loss     : 1.00002038	 | 	Train MAPE Loss     : 0.39043900
Valid MSE Loss     : 0.00005430	 | 	Valid MAPE Loss     : 0.72589952
lr                 : [3e-06]


Epoch : 76
Train MSE Loss     : 1.00001812	 | 	Train MAPE Loss     : 0.37281349
Valid MSE Loss     : 0.00004337	 | 	Valid MAPE Loss     : 0.61314225
lr                 : [3e-06]


Epoch : 77
Train MSE Loss     : 1.00001776	 | 	Train MAPE Loss     : 0.36032304
Valid MSE Loss     : 0.00009772	 | 	Valid MAPE Loss     : 1.01415920
lr                 : [3.0000000000000004e-07]


Epoch : 78
Train MSE Loss     : 1.00001764	 | 	Train MAPE Loss     : 0.36365718
Valid MSE Loss     : 0.00004363	 | 	Valid MAPE Loss     : 0.61585969
lr                 : [3.0000000000000004e-07]


Epoch : 79
Train MSE Loss     : 1.00002050	 | 	Train MAPE Loss     : 0.35940847
Valid MSE Loss     : 0.00003052	 | 	Valid MAPE Loss     : 0.45702681
lr                 : [3.0000000000000004e-07]


Epoch : 80
Train MSE Loss     : 1.00001669	 | 	Train MAPE Loss     : 0.38205597
Valid MSE Loss     : 0.00005645	 | 	Valid MAPE Loss     : 0.72670507
lr                 : [3.0000000000000004e-07]


Epoch : 81
Train MSE Loss     : 1.00001442	 | 	Train MAPE Loss     : 0.33588761
Valid MSE Loss     : 0.00006748	 | 	Valid MAPE Loss     : 0.79729372
lr                 : [3.0000000000000004e-07]


Epoch : 82
Train MSE Loss     : 1.00001633	 | 	Train MAPE Loss     : 0.35187304
Valid MSE Loss     : 0.00009082	 | 	Valid MAPE Loss     : 0.96621865
lr                 : [3.0000000000000004e-07]


Epoch : 83
Train MSE Loss     : 1.00001681	 | 	Train MAPE Loss     : 0.33852407
Valid MSE Loss     : 0.00005543	 | 	Valid MAPE Loss     : 0.71586633
lr                 : [3.0000000000000004e-07]


Epoch : 84
Train MSE Loss     : 1.00001466	 | 	Train MAPE Loss     : 0.34049794
Valid MSE Loss     : 0.00006987	 | 	Valid MAPE Loss     : 0.81327838
lr                 : [3.0000000000000004e-07]


Epoch : 85
Train MSE Loss     : 1.00001693	 | 	Train MAPE Loss     : 0.36132708
Valid MSE Loss     : 0.00003068	 | 	Valid MAPE Loss     : 0.45034423
lr                 : [3.0000000000000004e-07]


Epoch : 86
Train MSE Loss     : 1.00001788	 | 	Train MAPE Loss     : 0.34336603
Valid MSE Loss     : 0.00008448	 | 	Valid MAPE Loss     : 0.93473607
lr                 : [3.0000000000000004e-07]


Epoch : 87
Train MSE Loss     : 1.00001550	 | 	Train MAPE Loss     : 0.33432922
Valid MSE Loss     : 0.00005104	 | 	Valid MAPE Loss     : 0.67841029
lr                 : [3.0000000000000004e-07]


Epoch : 88
Train MSE Loss     : 1.00001764	 | 	Train MAPE Loss     : 0.35147464
Valid MSE Loss     : 0.00005427	 | 	Valid MAPE Loss     : 0.69665879
lr                 : [3.0000000000000004e-08]


Epoch : 89
Train MSE Loss     : 1.00001514	 | 	Train MAPE Loss     : 0.32842457
Valid MSE Loss     : 0.00006700	 | 	Valid MAPE Loss     : 0.81088728
lr                 : [3.0000000000000004e-08]


Epoch : 90
Train MSE Loss     : 1.00001621	 | 	Train MAPE Loss     : 0.34497857
Valid MSE Loss     : 0.00005063	 | 	Valid MAPE Loss     : 0.65031403
lr                 : [3.0000000000000004e-08]


Epoch : 91
Train MSE Loss     : 1.00001848	 | 	Train MAPE Loss     : 0.35562173
Valid MSE Loss     : 0.00007602	 | 	Valid MAPE Loss     : 0.86195517
lr                 : [3.0000000000000004e-08]


Epoch : 92
Train MSE Loss     : 1.00001490	 | 	Train MAPE Loss     : 0.33391428
Valid MSE Loss     : 0.00005919	 | 	Valid MAPE Loss     : 0.74352950
lr                 : [3.0000000000000004e-08]


Epoch : 93
Train MSE Loss     : 1.00001276	 | 	Train MAPE Loss     : 0.30756918
Valid MSE Loss     : 0.00005076	 | 	Valid MAPE Loss     : 0.66469198
lr                 : [3.0000000000000004e-08]


Epoch : 94
Train MSE Loss     : 1.00001168	 | 	Train MAPE Loss     : 0.28038552
Valid MSE Loss     : 0.00005614	 | 	Valid MAPE Loss     : 0.71006560
lr                 : [3.0000000000000004e-08]


Epoch : 95
Train MSE Loss     : 1.00002110	 | 	Train MAPE Loss     : 0.39277858
Valid MSE Loss     : 0.00007259	 | 	Valid MAPE Loss     : 0.83597976
lr                 : [3.0000000000000004e-08]


Epoch : 96
Train MSE Loss     : 1.00001621	 | 	Train MAPE Loss     : 0.34985206
Valid MSE Loss     : 0.00006753	 | 	Valid MAPE Loss     : 0.80652589
lr                 : [3.0000000000000004e-08]


Epoch : 97
Train MSE Loss     : 1.00001490	 | 	Train MAPE Loss     : 0.34322825
Valid MSE Loss     : 0.00007050	 | 	Valid MAPE Loss     : 0.83788514
lr                 : [3.0000000000000004e-08]


Epoch : 98
Train MSE Loss     : 1.00001884	 | 	Train MAPE Loss     : 0.39159408
Valid MSE Loss     : 0.00009181	 | 	Valid MAPE Loss     : 0.97398514
lr                 : [3.0000000000000004e-08]


Epoch : 99
Train MSE Loss     : 1.00001824	 | 	Train MAPE Loss     : 0.37394047
Valid MSE Loss     : 0.00009161	 | 	Valid MAPE Loss     : 0.97442096
lr                 : [3.0000000000000004e-09]


Epoch : 100
Train MSE Loss     : 1.00001383	 | 	Train MAPE Loss     : 0.33321190
Valid MSE Loss     : 0.00006042	 | 	Valid MAPE Loss     : 0.75489229
lr                 : [3.0000000000000004e-09]


Epoch : 101
Train MSE Loss     : 1.00002730	 | 	Train MAPE Loss     : 0.46535066
Valid MSE Loss     : 0.00002075	 | 	Valid MAPE Loss     : 0.32929230
lr                 : [3.0000000000000004e-09]


Epoch : 102
Train MSE Loss     : 1.00001574	 | 	Train MAPE Loss     : 0.32449239
Valid MSE Loss     : 0.00005267	 | 	Valid MAPE Loss     : 0.69412208
lr                 : [3.0000000000000004e-09]


Epoch : 103
Train MSE Loss     : 1.00001001	 | 	Train MAPE Loss     : 0.27405542
Valid MSE Loss     : 0.00006401	 | 	Valid MAPE Loss     : 0.78238374
lr                 : [3.0000000000000004e-09]


Epoch : 104
Train MSE Loss     : 1.00002086	 | 	Train MAPE Loss     : 0.38027951
Valid MSE Loss     : 0.00003659	 | 	Valid MAPE Loss     : 0.53297454
lr                 : [3.0000000000000004e-09]


Epoch : 105
Train MSE Loss     : 1.00001597	 | 	Train MAPE Loss     : 0.33928514
Valid MSE Loss     : 0.00005774	 | 	Valid MAPE Loss     : 0.73928326
lr                 : [3.0000000000000004e-09]


Epoch : 106
Train MSE Loss     : 1.00001800	 | 	Train MAPE Loss     : 0.36107716
Valid MSE Loss     : 0.00007945	 | 	Valid MAPE Loss     : 0.89932173
lr                 : [3.0000000000000004e-09]


Epoch : 107
Train MSE Loss     : 1.00001538	 | 	Train MAPE Loss     : 0.34018084
Valid MSE Loss     : 0.00004095	 | 	Valid MAPE Loss     : 0.58162862
lr                 : [3.0000000000000004e-09]


Epoch : 108
Train MSE Loss     : 1.00001001	 | 	Train MAPE Loss     : 0.27561641
Valid MSE Loss     : 0.00005373	 | 	Valid MAPE Loss     : 0.69792718
lr                 : [3.0000000000000004e-09]


Epoch : 109
Train MSE Loss     : 1.00001800	 | 	Train MAPE Loss     : 0.36304498
Valid MSE Loss     : 0.00009682	 | 	Valid MAPE Loss     : 1.01127040
lr                 : [3.0000000000000004e-09]


Epoch : 110
Train MSE Loss     : 1.00001943	 | 	Train MAPE Loss     : 0.40616032
Valid MSE Loss     : 0.00005318	 | 	Valid MAPE Loss     : 0.69518548
lr                 : [3.0000000000000004e-09]


Epoch : 111
Train MSE Loss     : 1.00002289	 | 	Train MAPE Loss     : 0.39483666
Valid MSE Loss     : 0.00004297	 | 	Valid MAPE Loss     : 0.61467218
lr                 : [3.0000000000000004e-09]


Epoch : 112
Train MSE Loss     : 1.00002956	 | 	Train MAPE Loss     : 0.48563647
Valid MSE Loss     : 0.00006406	 | 	Valid MAPE Loss     : 0.78430510
lr                 : [3.0000000000000004e-09]


Epoch : 113
Train MSE Loss     : 1.00001836	 | 	Train MAPE Loss     : 0.36279091
Valid MSE Loss     : 0.00006434	 | 	Valid MAPE Loss     : 0.78388214
lr                 : [3.0000000000000004e-09]


Epoch : 114
Train MSE Loss     : 1.00001681	 | 	Train MAPE Loss     : 0.35634685
Valid MSE Loss     : 0.00005254	 | 	Valid MAPE Loss     : 0.67852062
lr                 : [3.0000000000000004e-09]


Epoch : 115
Train MSE Loss     : 1.00001800	 | 	Train MAPE Loss     : 0.37027264
Valid MSE Loss     : 0.00006400	 | 	Valid MAPE Loss     : 0.78535509
lr                 : [3.0000000000000004e-09]


Epoch : 116
Train MSE Loss     : 1.00001323	 | 	Train MAPE Loss     : 0.31160775
Valid MSE Loss     : 0.00008116	 | 	Valid MAPE Loss     : 0.90395790
lr                 : [3.0000000000000004e-09]


Epoch : 117
Train MSE Loss     : 1.00001752	 | 	Train MAPE Loss     : 0.36925846
Valid MSE Loss     : 0.00006435	 | 	Valid MAPE Loss     : 0.79382008
lr                 : [3.0000000000000004e-09]


Epoch : 118
Train MSE Loss     : 1.00001907	 | 	Train MAPE Loss     : 0.39885443
Valid MSE Loss     : 0.00006187	 | 	Valid MAPE Loss     : 0.76457816
lr                 : [3.0000000000000004e-09]


Epoch : 119
Train MSE Loss     : 1.00001776	 | 	Train MAPE Loss     : 0.35929760
Valid MSE Loss     : 0.00005252	 | 	Valid MAPE Loss     : 0.69158918
lr                 : [3.0000000000000004e-09]


Epoch : 120
Train MSE Loss     : 1.00001466	 | 	Train MAPE Loss     : 0.34792975
Valid MSE Loss     : 0.00004987	 | 	Valid MAPE Loss     : 0.66471392
lr                 : [3.0000000000000004e-09]


Epoch : 121
Train MSE Loss     : 1.00001788	 | 	Train MAPE Loss     : 0.38766995
Valid MSE Loss     : 0.00005823	 | 	Valid MAPE Loss     : 0.73326570
lr                 : [3.0000000000000004e-09]


Epoch : 122
Train MSE Loss     : 1.00002003	 | 	Train MAPE Loss     : 0.38015118
Valid MSE Loss     : 0.00006697	 | 	Valid MAPE Loss     : 0.80576783
lr                 : [3.0000000000000004e-09]


Epoch : 123
Train MSE Loss     : 1.00001216	 | 	Train MAPE Loss     : 0.28475460
Valid MSE Loss     : 0.00005791	 | 	Valid MAPE Loss     : 0.73237795
lr                 : [3.0000000000000004e-09]


Epoch : 124
Train MSE Loss     : 1.00001371	 | 	Train MAPE Loss     : 0.29558724
Valid MSE Loss     : 0.00006643	 | 	Valid MAPE Loss     : 0.79458958
lr                 : [3.0000000000000004e-09]


Epoch : 125
Train MSE Loss     : 1.00002110	 | 	Train MAPE Loss     : 0.41354463
Valid MSE Loss     : 0.00006050	 | 	Valid MAPE Loss     : 0.75717276
lr                 : [3.0000000000000004e-09]


Epoch : 126
Train MSE Loss     : 1.00002456	 | 	Train MAPE Loss     : 0.43133792
Valid MSE Loss     : 0.00003862	 | 	Valid MAPE Loss     : 0.54749388
lr                 : [3.0000000000000004e-09]


Epoch : 127
Train MSE Loss     : 1.00001812	 | 	Train MAPE Loss     : 0.34235352
Valid MSE Loss     : 0.00005929	 | 	Valid MAPE Loss     : 0.74871260
lr                 : [3.0000000000000004e-09]


Epoch : 128
Train MSE Loss     : 1.00002813	 | 	Train MAPE Loss     : 0.47168857
Valid MSE Loss     : 0.00007373	 | 	Valid MAPE Loss     : 0.84698397
lr                 : [3.0000000000000004e-09]


Epoch : 129
Train MSE Loss     : 1.00001764	 | 	Train MAPE Loss     : 0.36496145
Valid MSE Loss     : 0.00006758	 | 	Valid MAPE Loss     : 0.81439686
lr                 : [3.0000000000000004e-09]


Epoch : 130
Train MSE Loss     : 1.00001848	 | 	Train MAPE Loss     : 0.38183030
Valid MSE Loss     : 0.00004764	 | 	Valid MAPE Loss     : 0.63683110
lr                 : [3.0000000000000004e-09]


Epoch : 131
Train MSE Loss     : 1.00001132	 | 	Train MAPE Loss     : 0.28819761
Valid MSE Loss     : 0.00006360	 | 	Valid MAPE Loss     : 0.78236198
lr                 : [3.0000000000000004e-09]


Epoch : 132
Train MSE Loss     : 1.00002205	 | 	Train MAPE Loss     : 0.41266784
Valid MSE Loss     : 0.00006786	 | 	Valid MAPE Loss     : 0.81655914
lr                 : [3.0000000000000004e-09]


Epoch : 133
Train MSE Loss     : 1.00001311	 | 	Train MAPE Loss     : 0.31427059
Valid MSE Loss     : 0.00005011	 | 	Valid MAPE Loss     : 0.67143506
lr                 : [3.0000000000000004e-09]


Epoch : 134
Train MSE Loss     : 1.00001490	 | 	Train MAPE Loss     : 0.35047933
Valid MSE Loss     : 0.00005528	 | 	Valid MAPE Loss     : 0.71926278
lr                 : [3.0000000000000004e-09]


Epoch : 135
Train MSE Loss     : 1.00001216	 | 	Train MAPE Loss     : 0.29756659
Valid MSE Loss     : 0.00005121	 | 	Valid MAPE Loss     : 0.67985082
lr                 : [3.0000000000000004e-09]


Epoch : 136
Train MSE Loss     : 1.00001657	 | 	Train MAPE Loss     : 0.36019650
Valid MSE Loss     : 0.00005491	 | 	Valid MAPE Loss     : 0.70214778
lr                 : [3.0000000000000004e-09]


Epoch : 137
Train MSE Loss     : 1.00001121	 | 	Train MAPE Loss     : 0.28984511
Valid MSE Loss     : 0.00006766	 | 	Valid MAPE Loss     : 0.80200982
lr                 : [3.0000000000000004e-09]


Epoch : 138
Train MSE Loss     : 1.00001884	 | 	Train MAPE Loss     : 0.38839272
Valid MSE Loss     : 0.00004265	 | 	Valid MAPE Loss     : 0.59964842
lr                 : [3.0000000000000004e-09]


Epoch : 139
Train MSE Loss     : 1.00002205	 | 	Train MAPE Loss     : 0.42503035
Valid MSE Loss     : 0.00007255	 | 	Valid MAPE Loss     : 0.84856248
lr                 : [3.0000000000000004e-09]


Epoch : 140
Train MSE Loss     : 1.00001848	 | 	Train MAPE Loss     : 0.37925526
Valid MSE Loss     : 0.00006619	 | 	Valid MAPE Loss     : 0.79633999
lr                 : [3.0000000000000004e-09]


Epoch : 141
Train MSE Loss     : 1.00001729	 | 	Train MAPE Loss     : 0.35974160
Valid MSE Loss     : 0.00003939	 | 	Valid MAPE Loss     : 0.55453563
lr                 : [3.0000000000000004e-09]


Epoch : 142
Train MSE Loss     : 1.00002885	 | 	Train MAPE Loss     : 0.47012863
Valid MSE Loss     : 0.00008143	 | 	Valid MAPE Loss     : 0.91584808
lr                 : [3.0000000000000004e-09]


Epoch : 143
Train MSE Loss     : 1.00001884	 | 	Train MAPE Loss     : 0.37812707
Valid MSE Loss     : 0.00007459	 | 	Valid MAPE Loss     : 0.85304022
lr                 : [3.0000000000000004e-09]


Epoch : 144
Train MSE Loss     : 1.00001967	 | 	Train MAPE Loss     : 0.38417068
Valid MSE Loss     : 0.00007060	 | 	Valid MAPE Loss     : 0.82331342
lr                 : [3.0000000000000004e-09]


Epoch : 145
Train MSE Loss     : 1.00002027	 | 	Train MAPE Loss     : 0.39748830
Valid MSE Loss     : 0.00004315	 | 	Valid MAPE Loss     : 0.59903902
lr                 : [3.0000000000000004e-09]


Epoch : 146
Train MSE Loss     : 1.00002050	 | 	Train MAPE Loss     : 0.38738009
Valid MSE Loss     : 0.00004200	 | 	Valid MAPE Loss     : 0.60438257
lr                 : [3.0000000000000004e-09]


Epoch : 147
Train MSE Loss     : 1.00001371	 | 	Train MAPE Loss     : 0.31333411
Valid MSE Loss     : 0.00006689	 | 	Valid MAPE Loss     : 0.80591828
lr                 : [3.0000000000000004e-09]


Epoch : 148
Train MSE Loss     : 1.00001621	 | 	Train MAPE Loss     : 0.35007864
Valid MSE Loss     : 0.00004382	 | 	Valid MAPE Loss     : 0.61517793
lr                 : [3.0000000000000004e-09]


Epoch : 149
Train MSE Loss     : 1.00001407	 | 	Train MAPE Loss     : 0.32085156
Valid MSE Loss     : 0.00007511	 | 	Valid MAPE Loss     : 0.86136603
lr                 : [3.0000000000000004e-09]


Epoch : 150
Train MSE Loss     : 1.00001371	 | 	Train MAPE Loss     : 0.30013496
Valid MSE Loss     : 0.00005116	 | 	Valid MAPE Loss     : 0.68214321
lr                 : [3.0000000000000004e-09]


Evaluate on the Test set:
Test MAPE loss      :0.24960153	 | Test MSE loss      : 0.00000743

################## Training is Done! #########################
