=============================================
Dataset: cell_XJTU_batch2_prepocess_data
Mode:    supervised_with_contrast
=============================================
Training started ....

Epoch : 1
Train MSE Loss     : 1.72359467	 | 	Train MAPE Loss     : 87.92540741
Valid MSE Loss     : 1.22553921	 | 	Valid MAPE Loss     : 120.19422150
lr                 : [0.0003]


Epoch : 2
Train MSE Loss     : 2.22405362	 | 	Train MAPE Loss     : 122.41209412
Valid MSE Loss     : 1.05579627	 | 	Valid MAPE Loss     : 111.56346893
lr                 : [0.0003]


Epoch : 3
Train MSE Loss     : 1.76921904	 | 	Train MAPE Loss     : 96.22110748
Valid MSE Loss     : 0.38489902	 | 	Valid MAPE Loss     : 67.34980774
lr                 : [0.0003]


Epoch : 4
Train MSE Loss     : 1.10794413	 | 	Train MAPE Loss     : 27.78406143
Valid MSE Loss     : 0.00131938	 | 	Valid MAPE Loss     : 3.80804324
lr                 : [0.0003]


Epoch : 5
Train MSE Loss     : 1.13593769	 | 	Train MAPE Loss     : 35.50979614
Valid MSE Loss     : 0.24801207	 | 	Valid MAPE Loss     : 54.01018143
lr                 : [0.0003]


Epoch : 6
Train MSE Loss     : 1.10978198	 | 	Train MAPE Loss     : 32.51234055
Valid MSE Loss     : 0.00173392	 | 	Valid MAPE Loss     : 4.41552877
lr                 : [0.0003]


Epoch : 7
Train MSE Loss     : 1.03199553	 | 	Train MAPE Loss     : 17.37995911
Valid MSE Loss     : 0.00116013	 | 	Valid MAPE Loss     : 3.66349506
lr                 : [0.0003]


Epoch : 8
Train MSE Loss     : 1.05162930	 | 	Train MAPE Loss     : 21.30455780
Valid MSE Loss     : 0.07637899	 | 	Valid MAPE Loss     : 29.99761963
lr                 : [0.0003]


Epoch : 9
Train MSE Loss     : 1.04448473	 | 	Train MAPE Loss     : 21.63015366
Valid MSE Loss     : 0.04948732	 | 	Valid MAPE Loss     : 24.10067749
lr                 : [0.0003]


Epoch : 10
Train MSE Loss     : 1.02531445	 | 	Train MAPE Loss     : 15.19876099
Valid MSE Loss     : 0.10733408	 | 	Valid MAPE Loss     : 35.42961121
lr                 : [0.0003]


Epoch : 11
Train MSE Loss     : 1.02107835	 | 	Train MAPE Loss     : 13.33041859
Valid MSE Loss     : 0.00650413	 | 	Valid MAPE Loss     : 8.62120056
lr                 : [0.0003]


Epoch : 12
Train MSE Loss     : 1.00387275	 | 	Train MAPE Loss     : 5.82529593
Valid MSE Loss     : 0.00030171	 | 	Valid MAPE Loss     : 1.66598737
lr                 : [0.0003]


Epoch : 13
Train MSE Loss     : 1.01517963	 | 	Train MAPE Loss     : 10.82067204
Valid MSE Loss     : 0.08018226	 | 	Valid MAPE Loss     : 30.66064262
lr                 : [0.0003]


Epoch : 14
Train MSE Loss     : 1.10287356	 | 	Train MAPE Loss     : 34.63508224
Valid MSE Loss     : 0.01382144	 | 	Valid MAPE Loss     : 12.40669155
lr                 : [0.0003]


Epoch : 15
Train MSE Loss     : 1.00682366	 | 	Train MAPE Loss     : 8.19307232
Valid MSE Loss     : 0.02173412	 | 	Valid MAPE Loss     : 15.89762878
lr                 : [0.0003]


Epoch : 16
Train MSE Loss     : 1.01479518	 | 	Train MAPE Loss     : 12.44820976
Valid MSE Loss     : 0.00426217	 | 	Valid MAPE Loss     : 6.98155022
lr                 : [0.0003]


Epoch : 17
Train MSE Loss     : 1.06217861	 | 	Train MAPE Loss     : 26.49258995
Valid MSE Loss     : 0.00967848	 | 	Valid MAPE Loss     : 10.64844608
lr                 : [0.0003]


Epoch : 18
Train MSE Loss     : 1.00560474	 | 	Train MAPE Loss     : 7.11877584
Valid MSE Loss     : 0.00450170	 | 	Valid MAPE Loss     : 6.75638962
lr                 : [0.0003]


Epoch : 19
Train MSE Loss     : 1.00488734	 | 	Train MAPE Loss     : 6.63159943
Valid MSE Loss     : 0.00762172	 | 	Valid MAPE Loss     : 9.29061413
lr                 : [0.0003]


Epoch : 20
Train MSE Loss     : 1.02834034	 | 	Train MAPE Loss     : 16.22813988
Valid MSE Loss     : 0.01242559	 | 	Valid MAPE Loss     : 11.96346378
lr                 : [0.0003]


Epoch : 21
Train MSE Loss     : 1.01367235	 | 	Train MAPE Loss     : 11.41272163
Valid MSE Loss     : 0.00033310	 | 	Valid MAPE Loss     : 1.64290094
lr                 : [0.0003]


Epoch : 22
Train MSE Loss     : 1.01253772	 | 	Train MAPE Loss     : 11.29596901
Valid MSE Loss     : 0.00402557	 | 	Valid MAPE Loss     : 6.80966806
lr                 : [0.0003]


Epoch : 23
Train MSE Loss     : 1.13572979	 | 	Train MAPE Loss     : 37.21196365
Valid MSE Loss     : 0.18758810	 | 	Valid MAPE Loss     : 46.95248413
lr                 : [0.0003]


Epoch : 24
Train MSE Loss     : 1.08268130	 | 	Train MAPE Loss     : 27.40127373
Valid MSE Loss     : 0.00210579	 | 	Valid MAPE Loss     : 4.85461378
lr                 : [0.0003]


Epoch : 25
Train MSE Loss     : 1.00700617	 | 	Train MAPE Loss     : 7.73078537
Valid MSE Loss     : 0.00748439	 | 	Valid MAPE Loss     : 9.28131390
lr                 : [0.0003]


Epoch : 26
Train MSE Loss     : 1.03336751	 | 	Train MAPE Loss     : 18.79942322
Valid MSE Loss     : 0.00307745	 | 	Valid MAPE Loss     : 5.85293913
lr                 : [0.0003]


Epoch : 27
Train MSE Loss     : 1.03056097	 | 	Train MAPE Loss     : 17.82711029
Valid MSE Loss     : 0.01855134	 | 	Valid MAPE Loss     : 14.74831390
lr                 : [0.0003]


Epoch : 28
Train MSE Loss     : 1.07575035	 | 	Train MAPE Loss     : 29.81094551
Valid MSE Loss     : 0.02778950	 | 	Valid MAPE Loss     : 18.07332802
lr                 : [0.0003]


Epoch : 29
Train MSE Loss     : 1.02365530	 | 	Train MAPE Loss     : 14.07742310
Valid MSE Loss     : 0.05466076	 | 	Valid MAPE Loss     : 25.32548523
lr                 : [0.0003]


Epoch : 30
Train MSE Loss     : 1.10205400	 | 	Train MAPE Loss     : 29.69225121
Valid MSE Loss     : 0.38173303	 | 	Valid MAPE Loss     : 67.01361084
lr                 : [0.0003]


Epoch : 31
Train MSE Loss     : 1.39282894	 | 	Train MAPE Loss     : 68.95030975
Valid MSE Loss     : 0.32241684	 | 	Valid MAPE Loss     : 61.30114746
lr                 : [0.0003]


Epoch : 32
Train MSE Loss     : 1.15503371	 | 	Train MAPE Loss     : 40.18406296
Valid MSE Loss     : 0.00224033	 | 	Valid MAPE Loss     : 4.21793222
lr                 : [2.9999999999999997e-05]


Epoch : 33
Train MSE Loss     : 1.00058043	 | 	Train MAPE Loss     : 2.10809779
Valid MSE Loss     : 0.00096166	 | 	Valid MAPE Loss     : 3.14848351
lr                 : [2.9999999999999997e-05]


Epoch : 34
Train MSE Loss     : 1.00011218	 | 	Train MAPE Loss     : 0.92141581
Valid MSE Loss     : 0.00401067	 | 	Valid MAPE Loss     : 6.84895182
lr                 : [2.9999999999999997e-05]


Epoch : 35
Train MSE Loss     : 1.00011909	 | 	Train MAPE Loss     : 1.02383292
Valid MSE Loss     : 0.00002119	 | 	Valid MAPE Loss     : 0.37449685
lr                 : [2.9999999999999997e-05]


Epoch : 36
Train MSE Loss     : 1.00016415	 | 	Train MAPE Loss     : 1.18602860
Valid MSE Loss     : 0.00034751	 | 	Valid MAPE Loss     : 1.99158466
lr                 : [2.9999999999999997e-05]


Epoch : 37
Train MSE Loss     : 1.00011945	 | 	Train MAPE Loss     : 1.04121137
Valid MSE Loss     : 0.00005285	 | 	Valid MAPE Loss     : 0.73233956
lr                 : [2.9999999999999997e-05]


Epoch : 38
Train MSE Loss     : 1.00027311	 | 	Train MAPE Loss     : 1.62490189
Valid MSE Loss     : 0.00019025	 | 	Valid MAPE Loss     : 1.44800842
lr                 : [2.9999999999999997e-05]


Epoch : 39
Train MSE Loss     : 1.00028515	 | 	Train MAPE Loss     : 1.64750063
Valid MSE Loss     : 0.00001275	 | 	Valid MAPE Loss     : 0.17585905
lr                 : [2.9999999999999997e-05]


Epoch : 40
Train MSE Loss     : 1.00025022	 | 	Train MAPE Loss     : 1.40517247
Valid MSE Loss     : 0.00003753	 | 	Valid MAPE Loss     : 0.56088811
lr                 : [2.9999999999999997e-05]


Epoch : 41
Train MSE Loss     : 1.00008798	 | 	Train MAPE Loss     : 0.84599036
Valid MSE Loss     : 0.00006715	 | 	Valid MAPE Loss     : 0.81229943
lr                 : [2.9999999999999997e-05]


Epoch : 42
Train MSE Loss     : 1.00014412	 | 	Train MAPE Loss     : 1.01374340
Valid MSE Loss     : 0.00028078	 | 	Valid MAPE Loss     : 1.79989493
lr                 : [2.9999999999999997e-05]


Epoch : 43
Train MSE Loss     : 1.00013876	 | 	Train MAPE Loss     : 1.02298701
Valid MSE Loss     : 0.00019292	 | 	Valid MAPE Loss     : 1.44638145
lr                 : [2.9999999999999997e-05]


Epoch : 44
Train MSE Loss     : 1.00008476	 | 	Train MAPE Loss     : 0.85531163
Valid MSE Loss     : 0.00005681	 | 	Valid MAPE Loss     : 0.73812151
lr                 : [2.9999999999999997e-05]


Epoch : 45
Train MSE Loss     : 1.00007391	 | 	Train MAPE Loss     : 0.72035974
Valid MSE Loss     : 0.00040856	 | 	Valid MAPE Loss     : 2.16607475
lr                 : [2.9999999999999997e-05]


Epoch : 46
Train MSE Loss     : 1.00008857	 | 	Train MAPE Loss     : 0.79467422
Valid MSE Loss     : 0.00006428	 | 	Valid MAPE Loss     : 0.78127748
lr                 : [2.9999999999999997e-05]


Epoch : 47
Train MSE Loss     : 1.00013697	 | 	Train MAPE Loss     : 1.14435732
Valid MSE Loss     : 0.00027090	 | 	Valid MAPE Loss     : 1.75119221
lr                 : [2.9999999999999997e-05]


Epoch : 48
Train MSE Loss     : 1.00013530	 | 	Train MAPE Loss     : 1.13403797
Valid MSE Loss     : 0.00048491	 | 	Valid MAPE Loss     : 2.36096597
lr                 : [2.9999999999999997e-05]


Epoch : 49
Train MSE Loss     : 1.00045431	 | 	Train MAPE Loss     : 2.17243791
Valid MSE Loss     : 0.00017846	 | 	Valid MAPE Loss     : 1.43303490
lr                 : [2.9999999999999997e-05]


Epoch : 50
Train MSE Loss     : 1.00011981	 | 	Train MAPE Loss     : 0.85989583
Valid MSE Loss     : 0.00004395	 | 	Valid MAPE Loss     : 0.62567562
lr                 : [3e-06]


Epoch : 51
Train MSE Loss     : 1.00002360	 | 	Train MAPE Loss     : 0.40501714
Valid MSE Loss     : 0.00006401	 | 	Valid MAPE Loss     : 0.79790431
lr                 : [3e-06]


Epoch : 52
Train MSE Loss     : 1.00002158	 | 	Train MAPE Loss     : 0.38850233
Valid MSE Loss     : 0.00004846	 | 	Valid MAPE Loss     : 0.66839552
lr                 : [3e-06]


Epoch : 53
Train MSE Loss     : 1.00002062	 | 	Train MAPE Loss     : 0.39777029
Valid MSE Loss     : 0.00001336	 | 	Valid MAPE Loss     : 0.21271189
lr                 : [3e-06]


Epoch : 54
Train MSE Loss     : 1.00002635	 | 	Train MAPE Loss     : 0.45823708
Valid MSE Loss     : 0.00002508	 | 	Valid MAPE Loss     : 0.42416978
lr                 : [3e-06]


Epoch : 55
Train MSE Loss     : 1.00003517	 | 	Train MAPE Loss     : 0.55939752
Valid MSE Loss     : 0.00002591	 | 	Valid MAPE Loss     : 0.42462623
lr                 : [3e-06]


Epoch : 56
Train MSE Loss     : 1.00002491	 | 	Train MAPE Loss     : 0.43750170
Valid MSE Loss     : 0.00002731	 | 	Valid MAPE Loss     : 0.45602337
lr                 : [3e-06]


Epoch : 57
Train MSE Loss     : 1.00003898	 | 	Train MAPE Loss     : 0.55152851
Valid MSE Loss     : 0.00013472	 | 	Valid MAPE Loss     : 1.21228313
lr                 : [3e-06]


Epoch : 58
Train MSE Loss     : 1.00002325	 | 	Train MAPE Loss     : 0.41053572
Valid MSE Loss     : 0.00005743	 | 	Valid MAPE Loss     : 0.74917728
lr                 : [3e-06]


Epoch : 59
Train MSE Loss     : 1.00003827	 | 	Train MAPE Loss     : 0.53010190
Valid MSE Loss     : 0.00005596	 | 	Valid MAPE Loss     : 0.73792696
lr                 : [3e-06]


Epoch : 60
Train MSE Loss     : 1.00001872	 | 	Train MAPE Loss     : 0.37661693
Valid MSE Loss     : 0.00005060	 | 	Valid MAPE Loss     : 0.69343281
lr                 : [3e-06]


Epoch : 61
Train MSE Loss     : 1.00003386	 | 	Train MAPE Loss     : 0.46768057
Valid MSE Loss     : 0.00004810	 | 	Valid MAPE Loss     : 0.67320341
lr                 : [3.0000000000000004e-07]


Epoch : 62
Train MSE Loss     : 1.00002193	 | 	Train MAPE Loss     : 0.40050948
Valid MSE Loss     : 0.00005723	 | 	Valid MAPE Loss     : 0.74943978
lr                 : [3.0000000000000004e-07]


Epoch : 63
Train MSE Loss     : 1.00001991	 | 	Train MAPE Loss     : 0.34973857
Valid MSE Loss     : 0.00005682	 | 	Valid MAPE Loss     : 0.74505740
lr                 : [3.0000000000000004e-07]


Epoch : 64
Train MSE Loss     : 1.00001502	 | 	Train MAPE Loss     : 0.32238269
Valid MSE Loss     : 0.00005232	 | 	Valid MAPE Loss     : 0.71032983
lr                 : [3.0000000000000004e-07]


Epoch : 65
Train MSE Loss     : 1.00002086	 | 	Train MAPE Loss     : 0.38366055
Valid MSE Loss     : 0.00003360	 | 	Valid MAPE Loss     : 0.53031015
lr                 : [3.0000000000000004e-07]


Epoch : 66
Train MSE Loss     : 1.00001752	 | 	Train MAPE Loss     : 0.35889369
Valid MSE Loss     : 0.00004574	 | 	Valid MAPE Loss     : 0.63998908
lr                 : [3.0000000000000004e-07]


Epoch : 67
Train MSE Loss     : 1.00002933	 | 	Train MAPE Loss     : 0.47850382
Valid MSE Loss     : 0.00002937	 | 	Valid MAPE Loss     : 0.48246899
lr                 : [3.0000000000000004e-07]


Epoch : 68
Train MSE Loss     : 1.00002539	 | 	Train MAPE Loss     : 0.43150154
Valid MSE Loss     : 0.00002028	 | 	Valid MAPE Loss     : 0.34824941
lr                 : [3.0000000000000004e-07]


Epoch : 69
Train MSE Loss     : 1.00002289	 | 	Train MAPE Loss     : 0.42244560
Valid MSE Loss     : 0.00003608	 | 	Valid MAPE Loss     : 0.55342758
lr                 : [3.0000000000000004e-07]


Epoch : 70
Train MSE Loss     : 1.00002754	 | 	Train MAPE Loss     : 0.43577996
Valid MSE Loss     : 0.00006459	 | 	Valid MAPE Loss     : 0.80487710
lr                 : [3.0000000000000004e-07]


Epoch : 71
Train MSE Loss     : 1.00002527	 | 	Train MAPE Loss     : 0.40870276
Valid MSE Loss     : 0.00008982	 | 	Valid MAPE Loss     : 0.97200274
lr                 : [3.0000000000000004e-07]


Epoch : 72
Train MSE Loss     : 1.00002110	 | 	Train MAPE Loss     : 0.39148664
Valid MSE Loss     : 0.00004807	 | 	Valid MAPE Loss     : 0.67442149
lr                 : [3.0000000000000004e-08]


Epoch : 73
Train MSE Loss     : 1.00002003	 | 	Train MAPE Loss     : 0.35759097
Valid MSE Loss     : 0.00004712	 | 	Valid MAPE Loss     : 0.66333240
lr                 : [3.0000000000000004e-08]


Epoch : 74
Train MSE Loss     : 1.00002038	 | 	Train MAPE Loss     : 0.36406976
Valid MSE Loss     : 0.00004666	 | 	Valid MAPE Loss     : 0.65966958
lr                 : [3.0000000000000004e-08]


Epoch : 75
Train MSE Loss     : 1.00001955	 | 	Train MAPE Loss     : 0.37290049
Valid MSE Loss     : 0.00004800	 | 	Valid MAPE Loss     : 0.66087621
lr                 : [3.0000000000000004e-08]


Epoch : 76
Train MSE Loss     : 1.00001967	 | 	Train MAPE Loss     : 0.39310715
Valid MSE Loss     : 0.00003752	 | 	Valid MAPE Loss     : 0.57365894
lr                 : [3.0000000000000004e-08]


Epoch : 77
Train MSE Loss     : 1.00002062	 | 	Train MAPE Loss     : 0.38519406
Valid MSE Loss     : 0.00010223	 | 	Valid MAPE Loss     : 1.04457843
lr                 : [3.0000000000000004e-08]


Epoch : 78
Train MSE Loss     : 1.00002110	 | 	Train MAPE Loss     : 0.39821827
Valid MSE Loss     : 0.00004808	 | 	Valid MAPE Loss     : 0.67423338
lr                 : [3.0000000000000004e-08]


Epoch : 79
Train MSE Loss     : 1.00002348	 | 	Train MAPE Loss     : 0.37842059
Valid MSE Loss     : 0.00002688	 | 	Valid MAPE Loss     : 0.44929394
lr                 : [3.0000000000000004e-08]


Epoch : 80
Train MSE Loss     : 1.00001907	 | 	Train MAPE Loss     : 0.40078670
Valid MSE Loss     : 0.00004768	 | 	Valid MAPE Loss     : 0.66871744
lr                 : [3.0000000000000004e-08]


Epoch : 81
Train MSE Loss     : 1.00001729	 | 	Train MAPE Loss     : 0.36427712
Valid MSE Loss     : 0.00005647	 | 	Valid MAPE Loss     : 0.74051762
lr                 : [3.0000000000000004e-08]


Epoch : 82
Train MSE Loss     : 1.00001895	 | 	Train MAPE Loss     : 0.37811768
Valid MSE Loss     : 0.00007213	 | 	Valid MAPE Loss     : 0.85949355
lr                 : [3.0000000000000004e-08]


Epoch : 83
Train MSE Loss     : 1.00001931	 | 	Train MAPE Loss     : 0.36467090
Valid MSE Loss     : 0.00004879	 | 	Valid MAPE Loss     : 0.67985123
lr                 : [3.0000000000000004e-09]


Epoch : 84
Train MSE Loss     : 1.00001812	 | 	Train MAPE Loss     : 0.37506643
Valid MSE Loss     : 0.00006508	 | 	Valid MAPE Loss     : 0.80398697
lr                 : [3.0000000000000004e-09]


Epoch : 85
Train MSE Loss     : 1.00001991	 | 	Train MAPE Loss     : 0.38471749
Valid MSE Loss     : 0.00002732	 | 	Valid MAPE Loss     : 0.45359197
lr                 : [3.0000000000000004e-09]


Epoch : 86
Train MSE Loss     : 1.00002074	 | 	Train MAPE Loss     : 0.37514582
Valid MSE Loss     : 0.00006756	 | 	Valid MAPE Loss     : 0.82251549
lr                 : [3.0000000000000004e-09]


Epoch : 87
Train MSE Loss     : 1.00001729	 | 	Train MAPE Loss     : 0.35438147
Valid MSE Loss     : 0.00004021	 | 	Valid MAPE Loss     : 0.60137051
lr                 : [3.0000000000000004e-09]


Epoch : 88
Train MSE Loss     : 1.00002027	 | 	Train MAPE Loss     : 0.37885657
Valid MSE Loss     : 0.00004264	 | 	Valid MAPE Loss     : 0.62162542
lr                 : [3.0000000000000004e-09]


Epoch : 89
Train MSE Loss     : 1.00001872	 | 	Train MAPE Loss     : 0.36595926
Valid MSE Loss     : 0.00005707	 | 	Valid MAPE Loss     : 0.74801278
lr                 : [3.0000000000000004e-09]


Epoch : 90
Train MSE Loss     : 1.00001907	 | 	Train MAPE Loss     : 0.37749952
Valid MSE Loss     : 0.00003892	 | 	Valid MAPE Loss     : 0.57907194
lr                 : [3.0000000000000004e-09]


Epoch : 91
Train MSE Loss     : 1.00002229	 | 	Train MAPE Loss     : 0.39098147
Valid MSE Loss     : 0.00006260	 | 	Valid MAPE Loss     : 0.78741020
lr                 : [3.0000000000000004e-09]


Epoch : 92
Train MSE Loss     : 1.00001812	 | 	Train MAPE Loss     : 0.36844319
Valid MSE Loss     : 0.00004959	 | 	Valid MAPE Loss     : 0.68636703
lr                 : [3.0000000000000004e-09]


Epoch : 93
Train MSE Loss     : 1.00001526	 | 	Train MAPE Loss     : 0.33343029
Valid MSE Loss     : 0.00004166	 | 	Valid MAPE Loss     : 0.61170858
lr                 : [3.0000000000000004e-09]


Epoch : 94
Train MSE Loss     : 1.00001395	 | 	Train MAPE Loss     : 0.30720639
Valid MSE Loss     : 0.00004705	 | 	Valid MAPE Loss     : 0.66064364
lr                 : [3.0000000000000004e-09]


Epoch : 95
Train MSE Loss     : 1.00002444	 | 	Train MAPE Loss     : 0.42409301
Valid MSE Loss     : 0.00006227	 | 	Valid MAPE Loss     : 0.78518701
lr                 : [3.0000000000000004e-09]


Epoch : 96
Train MSE Loss     : 1.00001931	 | 	Train MAPE Loss     : 0.38568348
Valid MSE Loss     : 0.00006064	 | 	Valid MAPE Loss     : 0.77509785
lr                 : [3.0000000000000004e-09]


Epoch : 97
Train MSE Loss     : 1.00001812	 | 	Train MAPE Loss     : 0.36857849
Valid MSE Loss     : 0.00006156	 | 	Valid MAPE Loss     : 0.78343707
lr                 : [3.0000000000000004e-09]


Epoch : 98
Train MSE Loss     : 1.00002217	 | 	Train MAPE Loss     : 0.42707533
Valid MSE Loss     : 0.00008288	 | 	Valid MAPE Loss     : 0.92846441
lr                 : [3.0000000000000004e-09]


Epoch : 99
Train MSE Loss     : 1.00002074	 | 	Train MAPE Loss     : 0.39378884
Valid MSE Loss     : 0.00008264	 | 	Valid MAPE Loss     : 0.92708182
lr                 : [3.0000000000000004e-09]


Epoch : 100
Train MSE Loss     : 1.00001681	 | 	Train MAPE Loss     : 0.36297280
Valid MSE Loss     : 0.00005395	 | 	Valid MAPE Loss     : 0.72293741
lr                 : [3.0000000000000004e-09]


Epoch : 101
Train MSE Loss     : 1.00003231	 | 	Train MAPE Loss     : 0.50146234
Valid MSE Loss     : 0.00001467	 | 	Valid MAPE Loss     : 0.23950370
lr                 : [3.0000000000000004e-09]


Epoch : 102
Train MSE Loss     : 1.00001884	 | 	Train MAPE Loss     : 0.35511962
Valid MSE Loss     : 0.00004578	 | 	Valid MAPE Loss     : 0.65234894
lr                 : [3.0000000000000004e-09]


Epoch : 103
Train MSE Loss     : 1.00001240	 | 	Train MAPE Loss     : 0.30550602
Valid MSE Loss     : 0.00005640	 | 	Valid MAPE Loss     : 0.74262697
lr                 : [3.0000000000000004e-09]


Epoch : 104
Train MSE Loss     : 1.00002432	 | 	Train MAPE Loss     : 0.41326332
Valid MSE Loss     : 0.00002980	 | 	Valid MAPE Loss     : 0.48564377
lr                 : [3.0000000000000004e-09]


Epoch : 105
Train MSE Loss     : 1.00001884	 | 	Train MAPE Loss     : 0.36955872
Valid MSE Loss     : 0.00005061	 | 	Valid MAPE Loss     : 0.69591832
lr                 : [3.0000000000000004e-09]


Epoch : 106
Train MSE Loss     : 1.00002050	 | 	Train MAPE Loss     : 0.38644344
Valid MSE Loss     : 0.00007070	 | 	Valid MAPE Loss     : 0.84822935
lr                 : [3.0000000000000004e-09]


Epoch : 107
Train MSE Loss     : 1.00001788	 | 	Train MAPE Loss     : 0.36107025
Valid MSE Loss     : 0.00003283	 | 	Valid MAPE Loss     : 0.52349705
lr                 : [3.0000000000000004e-09]


Epoch : 108
Train MSE Loss     : 1.00001287	 | 	Train MAPE Loss     : 0.30711395
Valid MSE Loss     : 0.00004631	 | 	Valid MAPE Loss     : 0.65706050
lr                 : [3.0000000000000004e-09]


Epoch : 109
Train MSE Loss     : 1.00002062	 | 	Train MAPE Loss     : 0.38362363
Valid MSE Loss     : 0.00008914	 | 	Valid MAPE Loss     : 0.96200162
lr                 : [3.0000000000000004e-09]


Epoch : 110
Train MSE Loss     : 1.00002253	 | 	Train MAPE Loss     : 0.43371156
Valid MSE Loss     : 0.00004595	 | 	Valid MAPE Loss     : 0.65378124
lr                 : [3.0000000000000004e-09]


Epoch : 111
Train MSE Loss     : 1.00002599	 | 	Train MAPE Loss     : 0.41856530
Valid MSE Loss     : 0.00003660	 | 	Valid MAPE Loss     : 0.55997962
lr                 : [3.0000000000000004e-09]


Epoch : 112
Train MSE Loss     : 1.00003421	 | 	Train MAPE Loss     : 0.52270395
Valid MSE Loss     : 0.00005456	 | 	Valid MAPE Loss     : 0.72756451
lr                 : [3.0000000000000004e-09]


Epoch : 113
Train MSE Loss     : 1.00002170	 | 	Train MAPE Loss     : 0.39271471
Valid MSE Loss     : 0.00005543	 | 	Valid MAPE Loss     : 0.73389530
lr                 : [3.0000000000000004e-09]


Epoch : 114
Train MSE Loss     : 1.00001979	 | 	Train MAPE Loss     : 0.38192928
Valid MSE Loss     : 0.00004505	 | 	Valid MAPE Loss     : 0.64289850
lr                 : [3.0000000000000004e-09]


Epoch : 115
Train MSE Loss     : 1.00002098	 | 	Train MAPE Loss     : 0.39474094
Valid MSE Loss     : 0.00005445	 | 	Valid MAPE Loss     : 0.72790837
lr                 : [3.0000000000000004e-09]


Epoch : 116
Train MSE Loss     : 1.00001609	 | 	Train MAPE Loss     : 0.34389776
Valid MSE Loss     : 0.00007142	 | 	Valid MAPE Loss     : 0.85336620
lr                 : [3.0000000000000004e-09]


Epoch : 117
Train MSE Loss     : 1.00002027	 | 	Train MAPE Loss     : 0.39461818
Valid MSE Loss     : 0.00005671	 | 	Valid MAPE Loss     : 0.74431515
lr                 : [3.0000000000000004e-09]


Epoch : 118
Train MSE Loss     : 1.00002205	 | 	Train MAPE Loss     : 0.42589518
Valid MSE Loss     : 0.00005238	 | 	Valid MAPE Loss     : 0.70964772
lr                 : [3.0000000000000004e-09]


Epoch : 119
Train MSE Loss     : 1.00002110	 | 	Train MAPE Loss     : 0.39212784
Valid MSE Loss     : 0.00004413	 | 	Valid MAPE Loss     : 0.63825023
lr                 : [3.0000000000000004e-09]


Epoch : 120
Train MSE Loss     : 1.00001740	 | 	Train MAPE Loss     : 0.37257603
Valid MSE Loss     : 0.00004145	 | 	Valid MAPE Loss     : 0.61213690
lr                 : [3.0000000000000004e-09]


Epoch : 121
Train MSE Loss     : 1.00002062	 | 	Train MAPE Loss     : 0.41675469
Valid MSE Loss     : 0.00004929	 | 	Valid MAPE Loss     : 0.68360680
lr                 : [3.0000000000000004e-09]


Epoch : 122
Train MSE Loss     : 1.00002348	 | 	Train MAPE Loss     : 0.40828943
Valid MSE Loss     : 0.00005842	 | 	Valid MAPE Loss     : 0.75886279
lr                 : [3.0000000000000004e-09]


Epoch : 123
Train MSE Loss     : 1.00001562	 | 	Train MAPE Loss     : 0.32185456
Valid MSE Loss     : 0.00004773	 | 	Valid MAPE Loss     : 0.67013222
lr                 : [3.0000000000000004e-09]


Epoch : 124
Train MSE Loss     : 1.00001621	 | 	Train MAPE Loss     : 0.32565594
Valid MSE Loss     : 0.00005663	 | 	Valid MAPE Loss     : 0.74237198
lr                 : [3.0000000000000004e-09]


Epoch : 125
Train MSE Loss     : 1.00002480	 | 	Train MAPE Loss     : 0.44595307
Valid MSE Loss     : 0.00005257	 | 	Valid MAPE Loss     : 0.71191144
lr                 : [3.0000000000000004e-09]


Epoch : 126
Train MSE Loss     : 1.00002730	 | 	Train MAPE Loss     : 0.45238736
Valid MSE Loss     : 0.00003153	 | 	Valid MAPE Loss     : 0.50315481
lr                 : [3.0000000000000004e-09]


Epoch : 127
Train MSE Loss     : 1.00002086	 | 	Train MAPE Loss     : 0.37111253
Valid MSE Loss     : 0.00005218	 | 	Valid MAPE Loss     : 0.70844698
lr                 : [3.0000000000000004e-09]


Epoch : 128
Train MSE Loss     : 1.00003207	 | 	Train MAPE Loss     : 0.49480137
Valid MSE Loss     : 0.00006368	 | 	Valid MAPE Loss     : 0.79652935
lr                 : [3.0000000000000004e-09]


Epoch : 129
Train MSE Loss     : 1.00002098	 | 	Train MAPE Loss     : 0.39535478
Valid MSE Loss     : 0.00005907	 | 	Valid MAPE Loss     : 0.76475978
lr                 : [3.0000000000000004e-09]


Epoch : 130
Train MSE Loss     : 1.00002146	 | 	Train MAPE Loss     : 0.41041982
Valid MSE Loss     : 0.00003928	 | 	Valid MAPE Loss     : 0.58923841
lr                 : [3.0000000000000004e-09]


Epoch : 131
Train MSE Loss     : 1.00001431	 | 	Train MAPE Loss     : 0.32613444
Valid MSE Loss     : 0.00005532	 | 	Valid MAPE Loss     : 0.73495507
lr                 : [3.0000000000000004e-09]


Epoch : 132
Train MSE Loss     : 1.00002575	 | 	Train MAPE Loss     : 0.44199824
Valid MSE Loss     : 0.00005911	 | 	Valid MAPE Loss     : 0.76355177
lr                 : [3.0000000000000004e-09]


Epoch : 133
Train MSE Loss     : 1.00001621	 | 	Train MAPE Loss     : 0.34999523
Valid MSE Loss     : 0.00004280	 | 	Valid MAPE Loss     : 0.62557602
lr                 : [3.0000000000000004e-09]


Epoch : 134
Train MSE Loss     : 1.00001824	 | 	Train MAPE Loss     : 0.38573733
Valid MSE Loss     : 0.00004707	 | 	Valid MAPE Loss     : 0.66547126
lr                 : [3.0000000000000004e-09]


Epoch : 135
Train MSE Loss     : 1.00001466	 | 	Train MAPE Loss     : 0.32512671
Valid MSE Loss     : 0.00004386	 | 	Valid MAPE Loss     : 0.63651663
lr                 : [3.0000000000000004e-09]


Epoch : 136
Train MSE Loss     : 1.00001967	 | 	Train MAPE Loss     : 0.39119735
Valid MSE Loss     : 0.00004605	 | 	Valid MAPE Loss     : 0.65358597
lr                 : [3.0000000000000004e-09]


Epoch : 137
Train MSE Loss     : 1.00001395	 | 	Train MAPE Loss     : 0.32460746
Valid MSE Loss     : 0.00005918	 | 	Valid MAPE Loss     : 0.76079828
lr                 : [3.0000000000000004e-09]


Epoch : 138
Train MSE Loss     : 1.00002205	 | 	Train MAPE Loss     : 0.42146060
Valid MSE Loss     : 0.00003514	 | 	Valid MAPE Loss     : 0.54768628
lr                 : [3.0000000000000004e-09]


Epoch : 139
Train MSE Loss     : 1.00002515	 | 	Train MAPE Loss     : 0.44707659
Valid MSE Loss     : 0.00006379	 | 	Valid MAPE Loss     : 0.79844284
lr                 : [3.0000000000000004e-09]


Epoch : 140
Train MSE Loss     : 1.00002134	 | 	Train MAPE Loss     : 0.40246701
Valid MSE Loss     : 0.00005702	 | 	Valid MAPE Loss     : 0.74703407
lr                 : [3.0000000000000004e-09]


Epoch : 141
Train MSE Loss     : 1.00001967	 | 	Train MAPE Loss     : 0.38430184
Valid MSE Loss     : 0.00003264	 | 	Valid MAPE Loss     : 0.51732975
lr                 : [3.0000000000000004e-09]


Epoch : 142
Train MSE Loss     : 1.00003290	 | 	Train MAPE Loss     : 0.50015765
Valid MSE Loss     : 0.00007233	 | 	Valid MAPE Loss     : 0.85652333
lr                 : [3.0000000000000004e-09]


Epoch : 143
Train MSE Loss     : 1.00002193	 | 	Train MAPE Loss     : 0.41036740
Valid MSE Loss     : 0.00006533	 | 	Valid MAPE Loss     : 0.80849284
lr                 : [3.0000000000000004e-09]


Epoch : 144
Train MSE Loss     : 1.00002253	 | 	Train MAPE Loss     : 0.41526127
Valid MSE Loss     : 0.00006050	 | 	Valid MAPE Loss     : 0.77236742
lr                 : [3.0000000000000004e-09]


Epoch : 145
Train MSE Loss     : 1.00002325	 | 	Train MAPE Loss     : 0.42521915
Valid MSE Loss     : 0.00003584	 | 	Valid MAPE Loss     : 0.55525202
lr                 : [3.0000000000000004e-09]


Epoch : 146
Train MSE Loss     : 1.00002468	 | 	Train MAPE Loss     : 0.42559794
Valid MSE Loss     : 0.00003428	 | 	Valid MAPE Loss     : 0.53709012
lr                 : [3.0000000000000004e-09]


Epoch : 147
Train MSE Loss     : 1.00001669	 | 	Train MAPE Loss     : 0.34306747
Valid MSE Loss     : 0.00005828	 | 	Valid MAPE Loss     : 0.75774652
lr                 : [3.0000000000000004e-09]


Epoch : 148
Train MSE Loss     : 1.00001884	 | 	Train MAPE Loss     : 0.37159929
Valid MSE Loss     : 0.00003718	 | 	Valid MAPE Loss     : 0.56958497
lr                 : [3.0000000000000004e-09]


Epoch : 149
Train MSE Loss     : 1.00001717	 | 	Train MAPE Loss     : 0.35816646
Valid MSE Loss     : 0.00006636	 | 	Valid MAPE Loss     : 0.81780958
lr                 : [3.0000000000000004e-09]


Epoch : 150
Train MSE Loss     : 1.00001633	 | 	Train MAPE Loss     : 0.33121598
Valid MSE Loss     : 0.00004350	 | 	Valid MAPE Loss     : 0.63264519
lr                 : [3.0000000000000004e-09]


Evaluate on the Test set:
Test MAPE loss      :0.23301314	 | Test MSE loss      : 0.00000811

################## Training is Done! #########################
