=============================================
Dataset: cell_XJTU_bat1_prepocess_data
Mode:    supervised_with_contrast
=============================================
Training started ....

Epoch : 1
Train MSE Loss     : 1.09765148	 | 	Train MAPE Loss     : 24.86609840
Valid MSE Loss     : 0.08845510	 | 	Valid MAPE Loss     : 23.99723625
lr                 : [0.0003]


Epoch : 2
Train MSE Loss     : 1.30908763	 | 	Train MAPE Loss     : 56.11735916
Valid MSE Loss     : 0.20813726	 | 	Valid MAPE Loss     : 43.78343582
lr                 : [0.0003]


Epoch : 3
Train MSE Loss     : 1.29879105	 | 	Train MAPE Loss     : 56.90056992
Valid MSE Loss     : 0.22803633	 | 	Valid MAPE Loss     : 49.44408035
lr                 : [0.0003]


Epoch : 4
Train MSE Loss     : 1.16459417	 | 	Train MAPE Loss     : 43.20402527
Valid MSE Loss     : 0.12574409	 | 	Valid MAPE Loss     : 38.11778259
lr                 : [0.0003]


Epoch : 5
Train MSE Loss     : 1.02992642	 | 	Train MAPE Loss     : 15.80321789
Valid MSE Loss     : 0.00952038	 | 	Valid MAPE Loss     : 9.40789795
lr                 : [0.0003]


Epoch : 6
Train MSE Loss     : 1.02800047	 | 	Train MAPE Loss     : 14.65174866
Valid MSE Loss     : 0.02030171	 | 	Valid MAPE Loss     : 13.20755291
lr                 : [0.0003]


Epoch : 7
Train MSE Loss     : 1.00579607	 | 	Train MAPE Loss     : 6.74037552
Valid MSE Loss     : 0.01108088	 | 	Valid MAPE Loss     : 10.11274815
lr                 : [0.0003]


Epoch : 8
Train MSE Loss     : 1.00176573	 | 	Train MAPE Loss     : 3.90340328
Valid MSE Loss     : 0.00112335	 | 	Valid MAPE Loss     : 2.99377060
lr                 : [0.0003]


Epoch : 9
Train MSE Loss     : 1.00394201	 | 	Train MAPE Loss     : 5.66431952
Valid MSE Loss     : 0.00065318	 | 	Valid MAPE Loss     : 2.18650270
lr                 : [0.0003]


Epoch : 10
Train MSE Loss     : 1.02039814	 | 	Train MAPE Loss     : 12.86365509
Valid MSE Loss     : 0.01934862	 | 	Valid MAPE Loss     : 14.40849018
lr                 : [0.0003]


Epoch : 11
Train MSE Loss     : 1.08622670	 | 	Train MAPE Loss     : 32.05272293
Valid MSE Loss     : 0.06323772	 | 	Valid MAPE Loss     : 26.91280556
lr                 : [0.0003]


Epoch : 12
Train MSE Loss     : 1.09551668	 | 	Train MAPE Loss     : 33.63177872
Valid MSE Loss     : 0.06846198	 | 	Valid MAPE Loss     : 28.04825020
lr                 : [0.0003]


Epoch : 13
Train MSE Loss     : 1.05283439	 | 	Train MAPE Loss     : 24.40877724
Valid MSE Loss     : 0.03284438	 | 	Valid MAPE Loss     : 19.05063629
lr                 : [0.0003]


Epoch : 14
Train MSE Loss     : 1.00879240	 | 	Train MAPE Loss     : 8.68755627
Valid MSE Loss     : 0.00135654	 | 	Valid MAPE Loss     : 3.35348701
lr                 : [0.0003]


Epoch : 15
Train MSE Loss     : 1.00974834	 | 	Train MAPE Loss     : 10.51272678
Valid MSE Loss     : 0.00066698	 | 	Valid MAPE Loss     : 2.08408189
lr                 : [0.0003]


Epoch : 16
Train MSE Loss     : 1.00330484	 | 	Train MAPE Loss     : 5.14193106
Valid MSE Loss     : 0.00309066	 | 	Valid MAPE Loss     : 5.54171610
lr                 : [0.0003]


Epoch : 17
Train MSE Loss     : 1.00227952	 | 	Train MAPE Loss     : 4.36026335
Valid MSE Loss     : 0.00029310	 | 	Valid MAPE Loss     : 1.55705678
lr                 : [0.0003]


Epoch : 18
Train MSE Loss     : 1.00602853	 | 	Train MAPE Loss     : 6.60634851
Valid MSE Loss     : 0.01195470	 | 	Valid MAPE Loss     : 11.47012329
lr                 : [0.0003]


Epoch : 19
Train MSE Loss     : 1.01476884	 | 	Train MAPE Loss     : 10.95175934
Valid MSE Loss     : 0.00514592	 | 	Valid MAPE Loss     : 6.09338522
lr                 : [0.0003]


Epoch : 20
Train MSE Loss     : 1.00370777	 | 	Train MAPE Loss     : 5.42228270
Valid MSE Loss     : 0.00208830	 | 	Valid MAPE Loss     : 4.29523993
lr                 : [0.0003]


Epoch : 21
Train MSE Loss     : 1.00326419	 | 	Train MAPE Loss     : 4.42089224
Valid MSE Loss     : 0.00207518	 | 	Valid MAPE Loss     : 4.39422846
lr                 : [0.0003]


Epoch : 22
Train MSE Loss     : 1.01251876	 | 	Train MAPE Loss     : 9.36706448
Valid MSE Loss     : 0.01528031	 | 	Valid MAPE Loss     : 11.89418316
lr                 : [0.0003]


Epoch : 23
Train MSE Loss     : 1.01606977	 | 	Train MAPE Loss     : 11.19544697
Valid MSE Loss     : 0.01278067	 | 	Valid MAPE Loss     : 9.99423313
lr                 : [0.0003]


Epoch : 24
Train MSE Loss     : 1.00348675	 | 	Train MAPE Loss     : 5.24141550
Valid MSE Loss     : 0.00889873	 | 	Valid MAPE Loss     : 9.66936016
lr                 : [0.0003]


Epoch : 25
Train MSE Loss     : 1.00399351	 | 	Train MAPE Loss     : 6.28847933
Valid MSE Loss     : 0.00074450	 | 	Valid MAPE Loss     : 2.59843135
lr                 : [0.0003]


Epoch : 26
Train MSE Loss     : 1.00352764	 | 	Train MAPE Loss     : 4.98090982
Valid MSE Loss     : 0.00710768	 | 	Valid MAPE Loss     : 8.68579388
lr                 : [0.0003]


Epoch : 27
Train MSE Loss     : 1.00385475	 | 	Train MAPE Loss     : 6.06042862
Valid MSE Loss     : 0.00386069	 | 	Valid MAPE Loss     : 6.41477728
lr                 : [0.0003]


Epoch : 28
Train MSE Loss     : 1.00766003	 | 	Train MAPE Loss     : 8.26403522
Valid MSE Loss     : 0.00514235	 | 	Valid MAPE Loss     : 7.65026712
lr                 : [2.9999999999999997e-05]


Epoch : 29
Train MSE Loss     : 1.02424669	 | 	Train MAPE Loss     : 16.95255852
Valid MSE Loss     : 0.01284578	 | 	Valid MAPE Loss     : 12.20286179
lr                 : [2.9999999999999997e-05]


Epoch : 30
Train MSE Loss     : 1.02243626	 | 	Train MAPE Loss     : 16.22576904
Valid MSE Loss     : 0.01414292	 | 	Valid MAPE Loss     : 12.73878193
lr                 : [2.9999999999999997e-05]


Epoch : 31
Train MSE Loss     : 1.01783717	 | 	Train MAPE Loss     : 14.31174469
Valid MSE Loss     : 0.01116299	 | 	Valid MAPE Loss     : 11.17269516
lr                 : [2.9999999999999997e-05]


Epoch : 32
Train MSE Loss     : 1.01165724	 | 	Train MAPE Loss     : 11.32112980
Valid MSE Loss     : 0.00649864	 | 	Valid MAPE Loss     : 8.20999813
lr                 : [2.9999999999999997e-05]


Epoch : 33
Train MSE Loss     : 1.00555277	 | 	Train MAPE Loss     : 7.17351913
Valid MSE Loss     : 0.00231503	 | 	Valid MAPE Loss     : 4.12581491
lr                 : [2.9999999999999997e-05]


Epoch : 34
Train MSE Loss     : 1.00163782	 | 	Train MAPE Loss     : 3.69744015
Valid MSE Loss     : 0.00056121	 | 	Valid MAPE Loss     : 2.27074122
lr                 : [2.9999999999999997e-05]


Epoch : 35
Train MSE Loss     : 1.00078189	 | 	Train MAPE Loss     : 2.62151551
Valid MSE Loss     : 0.00029713	 | 	Valid MAPE Loss     : 1.48329163
lr                 : [2.9999999999999997e-05]


Epoch : 36
Train MSE Loss     : 1.00047386	 | 	Train MAPE Loss     : 2.04719758
Valid MSE Loss     : 0.00107521	 | 	Valid MAPE Loss     : 3.27244949
lr                 : [2.9999999999999997e-05]


Epoch : 37
Train MSE Loss     : 1.00071204	 | 	Train MAPE Loss     : 2.49012756
Valid MSE Loss     : 0.00030295	 | 	Valid MAPE Loss     : 1.58721256
lr                 : [2.9999999999999997e-05]


Epoch : 38
Train MSE Loss     : 1.00016391	 | 	Train MAPE Loss     : 1.15526521
Valid MSE Loss     : 0.00045583	 | 	Valid MAPE Loss     : 2.10528255
lr                 : [2.9999999999999997e-05]


Epoch : 39
Train MSE Loss     : 1.00016558	 | 	Train MAPE Loss     : 1.12157357
Valid MSE Loss     : 0.00016766	 | 	Valid MAPE Loss     : 1.11781073
lr                 : [2.9999999999999997e-05]


Epoch : 40
Train MSE Loss     : 1.00013745	 | 	Train MAPE Loss     : 1.02556181
Valid MSE Loss     : 0.00024692	 | 	Valid MAPE Loss     : 1.43865252
lr                 : [2.9999999999999997e-05]


Epoch : 41
Train MSE Loss     : 1.00007379	 | 	Train MAPE Loss     : 0.76264906
Valid MSE Loss     : 0.00020117	 | 	Valid MAPE Loss     : 1.30899298
lr                 : [2.9999999999999997e-05]


Epoch : 42
Train MSE Loss     : 1.00008428	 | 	Train MAPE Loss     : 0.82042909
Valid MSE Loss     : 0.00021173	 | 	Valid MAPE Loss     : 1.27846503
lr                 : [2.9999999999999997e-05]


Epoch : 43
Train MSE Loss     : 1.00006115	 | 	Train MAPE Loss     : 0.67526919
Valid MSE Loss     : 0.00019390	 | 	Valid MAPE Loss     : 1.28066385
lr                 : [2.9999999999999997e-05]


Epoch : 44
Train MSE Loss     : 1.00006831	 | 	Train MAPE Loss     : 0.71209908
Valid MSE Loss     : 0.00012545	 | 	Valid MAPE Loss     : 1.01053894
lr                 : [2.9999999999999997e-05]


Epoch : 45
Train MSE Loss     : 1.00007641	 | 	Train MAPE Loss     : 0.78283101
Valid MSE Loss     : 0.00014016	 | 	Valid MAPE Loss     : 1.05029047
lr                 : [2.9999999999999997e-05]


Epoch : 46
Train MSE Loss     : 1.00008273	 | 	Train MAPE Loss     : 0.84065270
Valid MSE Loss     : 0.00014201	 | 	Valid MAPE Loss     : 1.04011452
lr                 : [2.9999999999999997e-05]


Epoch : 47
Train MSE Loss     : 1.00007451	 | 	Train MAPE Loss     : 0.77998370
Valid MSE Loss     : 0.00032059	 | 	Valid MAPE Loss     : 1.65233326
lr                 : [2.9999999999999997e-05]


Epoch : 48
Train MSE Loss     : 1.00013864	 | 	Train MAPE Loss     : 1.10098422
Valid MSE Loss     : 0.00009767	 | 	Valid MAPE Loss     : 0.81709069
lr                 : [2.9999999999999997e-05]


Epoch : 49
Train MSE Loss     : 1.00006831	 | 	Train MAPE Loss     : 0.74458116
Valid MSE Loss     : 0.00018495	 | 	Valid MAPE Loss     : 1.18914080
lr                 : [2.9999999999999997e-05]


Epoch : 50
Train MSE Loss     : 1.00008941	 | 	Train MAPE Loss     : 0.83232850
Valid MSE Loss     : 0.00020167	 | 	Valid MAPE Loss     : 1.31445670
lr                 : [2.9999999999999997e-05]


Epoch : 51
Train MSE Loss     : 1.00010240	 | 	Train MAPE Loss     : 0.83532476
Valid MSE Loss     : 0.00007652	 | 	Valid MAPE Loss     : 0.76654953
lr                 : [2.9999999999999997e-05]


Epoch : 52
Train MSE Loss     : 1.00006497	 | 	Train MAPE Loss     : 0.72534806
Valid MSE Loss     : 0.00017890	 | 	Valid MAPE Loss     : 1.22641993
lr                 : [2.9999999999999997e-05]


Epoch : 53
Train MSE Loss     : 1.00008476	 | 	Train MAPE Loss     : 0.82442981
Valid MSE Loss     : 0.00015119	 | 	Valid MAPE Loss     : 1.07129431
lr                 : [2.9999999999999997e-05]


Epoch : 54
Train MSE Loss     : 1.00010502	 | 	Train MAPE Loss     : 0.87755585
Valid MSE Loss     : 0.00047916	 | 	Valid MAPE Loss     : 2.22936893
lr                 : [2.9999999999999997e-05]


Epoch : 55
Train MSE Loss     : 1.00016415	 | 	Train MAPE Loss     : 1.17418587
Valid MSE Loss     : 0.00007102	 | 	Valid MAPE Loss     : 0.73199862
lr                 : [2.9999999999999997e-05]


Epoch : 56
Train MSE Loss     : 1.00009501	 | 	Train MAPE Loss     : 0.89171499
Valid MSE Loss     : 0.00013417	 | 	Valid MAPE Loss     : 1.03065205
lr                 : [2.9999999999999997e-05]


Epoch : 57
Train MSE Loss     : 1.00004923	 | 	Train MAPE Loss     : 0.61571521
Valid MSE Loss     : 0.00015198	 | 	Valid MAPE Loss     : 1.06094325
lr                 : [2.9999999999999997e-05]


Epoch : 58
Train MSE Loss     : 1.00005388	 | 	Train MAPE Loss     : 0.65969211
Valid MSE Loss     : 0.00017373	 | 	Valid MAPE Loss     : 1.21044397
lr                 : [2.9999999999999997e-05]


Epoch : 59
Train MSE Loss     : 1.00004804	 | 	Train MAPE Loss     : 0.62249559
Valid MSE Loss     : 0.00020257	 | 	Valid MAPE Loss     : 1.32154131
lr                 : [2.9999999999999997e-05]


Epoch : 60
Train MSE Loss     : 1.00010300	 | 	Train MAPE Loss     : 0.98566598
Valid MSE Loss     : 0.00019339	 | 	Valid MAPE Loss     : 1.20655799
lr                 : [2.9999999999999997e-05]


Epoch : 61
Train MSE Loss     : 1.00004339	 | 	Train MAPE Loss     : 0.58082938
Valid MSE Loss     : 0.00009981	 | 	Valid MAPE Loss     : 0.83483499
lr                 : [2.9999999999999997e-05]


Epoch : 62
Train MSE Loss     : 1.00023925	 | 	Train MAPE Loss     : 1.53407538
Valid MSE Loss     : 0.00008556	 | 	Valid MAPE Loss     : 0.82983035
lr                 : [2.9999999999999997e-05]


Epoch : 63
Train MSE Loss     : 1.00026333	 | 	Train MAPE Loss     : 1.54311144
Valid MSE Loss     : 0.00007735	 | 	Valid MAPE Loss     : 0.77938128
lr                 : [2.9999999999999997e-05]


Epoch : 64
Train MSE Loss     : 1.00008810	 | 	Train MAPE Loss     : 0.88374120
Valid MSE Loss     : 0.00008412	 | 	Valid MAPE Loss     : 0.77050012
lr                 : [2.9999999999999997e-05]


Epoch : 65
Train MSE Loss     : 1.00007117	 | 	Train MAPE Loss     : 0.75657082
Valid MSE Loss     : 0.00017929	 | 	Valid MAPE Loss     : 1.24328864
lr                 : [2.9999999999999997e-05]


Epoch : 66
Train MSE Loss     : 1.00009012	 | 	Train MAPE Loss     : 0.86625195
Valid MSE Loss     : 0.00014741	 | 	Valid MAPE Loss     : 1.11299407
lr                 : [3e-06]


Epoch : 67
Train MSE Loss     : 1.00004852	 | 	Train MAPE Loss     : 0.65699226
Valid MSE Loss     : 0.00013013	 | 	Valid MAPE Loss     : 1.02603424
lr                 : [3e-06]


Epoch : 68
Train MSE Loss     : 1.00004542	 | 	Train MAPE Loss     : 0.66168100
Valid MSE Loss     : 0.00008879	 | 	Valid MAPE Loss     : 0.79468966
lr                 : [3e-06]


Epoch : 69
Train MSE Loss     : 1.00003195	 | 	Train MAPE Loss     : 0.44659433
Valid MSE Loss     : 0.00008216	 | 	Valid MAPE Loss     : 0.75825524
lr                 : [3e-06]


Epoch : 70
Train MSE Loss     : 1.00002849	 | 	Train MAPE Loss     : 0.51248199
Valid MSE Loss     : 0.00008968	 | 	Valid MAPE Loss     : 0.79318649
lr                 : [3e-06]


Epoch : 71
Train MSE Loss     : 1.00001359	 | 	Train MAPE Loss     : 0.31211603
Valid MSE Loss     : 0.00009953	 | 	Valid MAPE Loss     : 0.84190840
lr                 : [3e-06]


Epoch : 72
Train MSE Loss     : 1.00002182	 | 	Train MAPE Loss     : 0.42174181
Valid MSE Loss     : 0.00012530	 | 	Valid MAPE Loss     : 0.96307176
lr                 : [3e-06]


Epoch : 73
Train MSE Loss     : 1.00001657	 | 	Train MAPE Loss     : 0.36333141
Valid MSE Loss     : 0.00010321	 | 	Valid MAPE Loss     : 0.84878922
lr                 : [3e-06]


Epoch : 74
Train MSE Loss     : 1.00000823	 | 	Train MAPE Loss     : 0.24430661
Valid MSE Loss     : 0.00009071	 | 	Valid MAPE Loss     : 0.79062396
lr                 : [3e-06]


Epoch : 75
Train MSE Loss     : 1.00001526	 | 	Train MAPE Loss     : 0.34546423
Valid MSE Loss     : 0.00008304	 | 	Valid MAPE Loss     : 0.75638801
lr                 : [3e-06]


Epoch : 76
Train MSE Loss     : 1.00002050	 | 	Train MAPE Loss     : 0.39179134
Valid MSE Loss     : 0.00008853	 | 	Valid MAPE Loss     : 0.77895027
lr                 : [3e-06]


Epoch : 77
Train MSE Loss     : 1.00002050	 | 	Train MAPE Loss     : 0.40817651
Valid MSE Loss     : 0.00008304	 | 	Valid MAPE Loss     : 0.75457698
lr                 : [3.0000000000000004e-07]


Epoch : 78
Train MSE Loss     : 1.00001180	 | 	Train MAPE Loss     : 0.29949048
Valid MSE Loss     : 0.00008610	 | 	Valid MAPE Loss     : 0.77140760
lr                 : [3.0000000000000004e-07]


Epoch : 79
Train MSE Loss     : 1.00001335	 | 	Train MAPE Loss     : 0.31040096
Valid MSE Loss     : 0.00008932	 | 	Valid MAPE Loss     : 0.78677541
lr                 : [3.0000000000000004e-07]


Epoch : 80
Train MSE Loss     : 1.00001764	 | 	Train MAPE Loss     : 0.35459647
Valid MSE Loss     : 0.00008919	 | 	Valid MAPE Loss     : 0.78601474
lr                 : [3.0000000000000004e-07]


Epoch : 81
Train MSE Loss     : 1.00001764	 | 	Train MAPE Loss     : 0.34845838
Valid MSE Loss     : 0.00009618	 | 	Valid MAPE Loss     : 0.81462121
lr                 : [3.0000000000000004e-07]


Epoch : 82
Train MSE Loss     : 1.00001395	 | 	Train MAPE Loss     : 0.28565046
Valid MSE Loss     : 0.00009398	 | 	Valid MAPE Loss     : 0.81061316
lr                 : [3.0000000000000004e-07]


Epoch : 83
Train MSE Loss     : 1.00000906	 | 	Train MAPE Loss     : 0.25787345
Valid MSE Loss     : 0.00009067	 | 	Valid MAPE Loss     : 0.79628944
lr                 : [3.0000000000000004e-07]


Epoch : 84
Train MSE Loss     : 1.00001061	 | 	Train MAPE Loss     : 0.28543600
Valid MSE Loss     : 0.00008795	 | 	Valid MAPE Loss     : 0.78300071
lr                 : [3.0000000000000004e-07]


Epoch : 85
Train MSE Loss     : 1.00001252	 | 	Train MAPE Loss     : 0.28890756
Valid MSE Loss     : 0.00008608	 | 	Valid MAPE Loss     : 0.77769136
lr                 : [3.0000000000000004e-07]


Epoch : 86
Train MSE Loss     : 1.00002182	 | 	Train MAPE Loss     : 0.40257344
Valid MSE Loss     : 0.00009324	 | 	Valid MAPE Loss     : 0.81104708
lr                 : [3.0000000000000004e-07]


Epoch : 87
Train MSE Loss     : 1.00001383	 | 	Train MAPE Loss     : 0.28619847
Valid MSE Loss     : 0.00009273	 | 	Valid MAPE Loss     : 0.80531293
lr                 : [3.0000000000000004e-07]


Epoch : 88
Train MSE Loss     : 1.00000679	 | 	Train MAPE Loss     : 0.22058026
Valid MSE Loss     : 0.00009454	 | 	Valid MAPE Loss     : 0.81366247
lr                 : [3.0000000000000004e-08]


Epoch : 89
Train MSE Loss     : 1.00000966	 | 	Train MAPE Loss     : 0.27300563
Valid MSE Loss     : 0.00008940	 | 	Valid MAPE Loss     : 0.79117203
lr                 : [3.0000000000000004e-08]


Epoch : 90
Train MSE Loss     : 1.00001335	 | 	Train MAPE Loss     : 0.28706655
Valid MSE Loss     : 0.00009889	 | 	Valid MAPE Loss     : 0.82917976
lr                 : [3.0000000000000004e-08]


Epoch : 91
Train MSE Loss     : 1.00000834	 | 	Train MAPE Loss     : 0.23323123
Valid MSE Loss     : 0.00009315	 | 	Valid MAPE Loss     : 0.80476171
lr                 : [3.0000000000000004e-08]


Epoch : 92
Train MSE Loss     : 1.00000870	 | 	Train MAPE Loss     : 0.25655594
Valid MSE Loss     : 0.00009037	 | 	Valid MAPE Loss     : 0.79380608
lr                 : [3.0000000000000004e-08]


Epoch : 93
Train MSE Loss     : 1.00000703	 | 	Train MAPE Loss     : 0.23283423
Valid MSE Loss     : 0.00009286	 | 	Valid MAPE Loss     : 0.80532998
lr                 : [3.0000000000000004e-08]


Epoch : 94
Train MSE Loss     : 1.00001287	 | 	Train MAPE Loss     : 0.28517488
Valid MSE Loss     : 0.00009027	 | 	Valid MAPE Loss     : 0.79490709
lr                 : [3.0000000000000004e-08]


Epoch : 95
Train MSE Loss     : 1.00000656	 | 	Train MAPE Loss     : 0.21811260
Valid MSE Loss     : 0.00008918	 | 	Valid MAPE Loss     : 0.78745395
lr                 : [3.0000000000000004e-08]


Epoch : 96
Train MSE Loss     : 1.00000942	 | 	Train MAPE Loss     : 0.24875361
Valid MSE Loss     : 0.00008827	 | 	Valid MAPE Loss     : 0.78502315
lr                 : [3.0000000000000004e-08]


Epoch : 97
Train MSE Loss     : 1.00001752	 | 	Train MAPE Loss     : 0.31275120
Valid MSE Loss     : 0.00009052	 | 	Valid MAPE Loss     : 0.79630738
lr                 : [3.0000000000000004e-08]


Epoch : 98
Train MSE Loss     : 1.00001800	 | 	Train MAPE Loss     : 0.32276210
Valid MSE Loss     : 0.00009053	 | 	Valid MAPE Loss     : 0.79172117
lr                 : [3.0000000000000004e-08]


Epoch : 99
Train MSE Loss     : 1.00000668	 | 	Train MAPE Loss     : 0.21983115
Valid MSE Loss     : 0.00009062	 | 	Valid MAPE Loss     : 0.79390877
lr                 : [3.0000000000000004e-09]


Epoch : 100
Train MSE Loss     : 1.00001156	 | 	Train MAPE Loss     : 0.29043522
Valid MSE Loss     : 0.00008963	 | 	Valid MAPE Loss     : 0.78979093
lr                 : [3.0000000000000004e-09]


Epoch : 101
Train MSE Loss     : 1.00000727	 | 	Train MAPE Loss     : 0.22311179
Valid MSE Loss     : 0.00009041	 | 	Valid MAPE Loss     : 0.79086989
lr                 : [3.0000000000000004e-09]


Epoch : 102
Train MSE Loss     : 1.00001621	 | 	Train MAPE Loss     : 0.31275117
Valid MSE Loss     : 0.00008850	 | 	Valid MAPE Loss     : 0.78629780
lr                 : [3.0000000000000004e-09]


Epoch : 103
Train MSE Loss     : 1.00001252	 | 	Train MAPE Loss     : 0.30675149
Valid MSE Loss     : 0.00009202	 | 	Valid MAPE Loss     : 0.80287933
lr                 : [3.0000000000000004e-09]


Epoch : 104
Train MSE Loss     : 1.00001323	 | 	Train MAPE Loss     : 0.29113963
Valid MSE Loss     : 0.00009163	 | 	Valid MAPE Loss     : 0.79372162
lr                 : [3.0000000000000004e-09]


Epoch : 105
Train MSE Loss     : 1.00000942	 | 	Train MAPE Loss     : 0.25725377
Valid MSE Loss     : 0.00009815	 | 	Valid MAPE Loss     : 0.82936925
lr                 : [3.0000000000000004e-09]


Epoch : 106
Train MSE Loss     : 1.00000751	 | 	Train MAPE Loss     : 0.22326089
Valid MSE Loss     : 0.00009306	 | 	Valid MAPE Loss     : 0.80295879
lr                 : [3.0000000000000004e-09]


Epoch : 107
Train MSE Loss     : 1.00000966	 | 	Train MAPE Loss     : 0.25764564
Valid MSE Loss     : 0.00008539	 | 	Valid MAPE Loss     : 0.76879072
lr                 : [3.0000000000000004e-09]


Epoch : 108
Train MSE Loss     : 1.00000751	 | 	Train MAPE Loss     : 0.22224498
Valid MSE Loss     : 0.00009001	 | 	Valid MAPE Loss     : 0.79347116
lr                 : [3.0000000000000004e-09]


Epoch : 109
Train MSE Loss     : 1.00001657	 | 	Train MAPE Loss     : 0.34679654
Valid MSE Loss     : 0.00009093	 | 	Valid MAPE Loss     : 0.79506570
lr                 : [3.0000000000000004e-09]


Epoch : 110
Train MSE Loss     : 1.00001144	 | 	Train MAPE Loss     : 0.30446532
Valid MSE Loss     : 0.00008829	 | 	Valid MAPE Loss     : 0.77653009
lr                 : [3.0000000000000004e-09]


Epoch : 111
Train MSE Loss     : 1.00000679	 | 	Train MAPE Loss     : 0.21531598
Valid MSE Loss     : 0.00008529	 | 	Valid MAPE Loss     : 0.77037674
lr                 : [3.0000000000000004e-09]


Epoch : 112
Train MSE Loss     : 1.00003779	 | 	Train MAPE Loss     : 0.41661647
Valid MSE Loss     : 0.00008759	 | 	Valid MAPE Loss     : 0.78602284
lr                 : [3.0000000000000004e-09]


Epoch : 113
Train MSE Loss     : 1.00000584	 | 	Train MAPE Loss     : 0.19982719
Valid MSE Loss     : 0.00008687	 | 	Valid MAPE Loss     : 0.78055543
lr                 : [3.0000000000000004e-09]


Epoch : 114
Train MSE Loss     : 1.00001705	 | 	Train MAPE Loss     : 0.32453537
Valid MSE Loss     : 0.00009307	 | 	Valid MAPE Loss     : 0.80669791
lr                 : [3.0000000000000004e-09]


Epoch : 115
Train MSE Loss     : 1.00001228	 | 	Train MAPE Loss     : 0.29278946
Valid MSE Loss     : 0.00008960	 | 	Valid MAPE Loss     : 0.78884172
lr                 : [3.0000000000000004e-09]


Epoch : 116
Train MSE Loss     : 1.00001037	 | 	Train MAPE Loss     : 0.27888474
Valid MSE Loss     : 0.00008524	 | 	Valid MAPE Loss     : 0.77056313
lr                 : [3.0000000000000004e-09]


Epoch : 117
Train MSE Loss     : 1.00000954	 | 	Train MAPE Loss     : 0.26190194
Valid MSE Loss     : 0.00008434	 | 	Valid MAPE Loss     : 0.76880574
lr                 : [3.0000000000000004e-09]


Epoch : 118
Train MSE Loss     : 1.00000918	 | 	Train MAPE Loss     : 0.24817406
Valid MSE Loss     : 0.00008989	 | 	Valid MAPE Loss     : 0.79542118
lr                 : [3.0000000000000004e-09]


Epoch : 119
Train MSE Loss     : 1.00000918	 | 	Train MAPE Loss     : 0.25915936
Valid MSE Loss     : 0.00008585	 | 	Valid MAPE Loss     : 0.77565616
lr                 : [3.0000000000000004e-09]


Epoch : 120
Train MSE Loss     : 1.00001156	 | 	Train MAPE Loss     : 0.28789231
Valid MSE Loss     : 0.00008808	 | 	Valid MAPE Loss     : 0.78430152
lr                 : [3.0000000000000004e-09]


Epoch : 121
Train MSE Loss     : 1.00001955	 | 	Train MAPE Loss     : 0.32224083
Valid MSE Loss     : 0.00009174	 | 	Valid MAPE Loss     : 0.79632640
lr                 : [3.0000000000000004e-09]


Epoch : 122
Train MSE Loss     : 1.00000691	 | 	Train MAPE Loss     : 0.22662866
Valid MSE Loss     : 0.00008839	 | 	Valid MAPE Loss     : 0.78238791
lr                 : [3.0000000000000004e-09]


Epoch : 123
Train MSE Loss     : 1.00000894	 | 	Train MAPE Loss     : 0.25059894
Valid MSE Loss     : 0.00009144	 | 	Valid MAPE Loss     : 0.79334539
lr                 : [3.0000000000000004e-09]


Epoch : 124
Train MSE Loss     : 1.00001514	 | 	Train MAPE Loss     : 0.32671389
Valid MSE Loss     : 0.00009200	 | 	Valid MAPE Loss     : 0.80090809
lr                 : [3.0000000000000004e-09]


Epoch : 125
Train MSE Loss     : 1.00000918	 | 	Train MAPE Loss     : 0.25887856
Valid MSE Loss     : 0.00008782	 | 	Valid MAPE Loss     : 0.78249508
lr                 : [3.0000000000000004e-09]


Epoch : 126
Train MSE Loss     : 1.00000989	 | 	Train MAPE Loss     : 0.25485453
Valid MSE Loss     : 0.00008799	 | 	Valid MAPE Loss     : 0.78022403
lr                 : [3.0000000000000004e-09]


Epoch : 127
Train MSE Loss     : 1.00002003	 | 	Train MAPE Loss     : 0.34567085
Valid MSE Loss     : 0.00009150	 | 	Valid MAPE Loss     : 0.79732388
lr                 : [3.0000000000000004e-09]


Epoch : 128
Train MSE Loss     : 1.00000930	 | 	Train MAPE Loss     : 0.26212743
Valid MSE Loss     : 0.00009128	 | 	Valid MAPE Loss     : 0.79496902
lr                 : [3.0000000000000004e-09]


Epoch : 129
Train MSE Loss     : 1.00000727	 | 	Train MAPE Loss     : 0.22452112
Valid MSE Loss     : 0.00009206	 | 	Valid MAPE Loss     : 0.80088854
lr                 : [3.0000000000000004e-09]


Epoch : 130
Train MSE Loss     : 1.00001037	 | 	Train MAPE Loss     : 0.28118968
Valid MSE Loss     : 0.00009104	 | 	Valid MAPE Loss     : 0.80022949
lr                 : [3.0000000000000004e-09]


Epoch : 131
Train MSE Loss     : 1.00001132	 | 	Train MAPE Loss     : 0.28756118
Valid MSE Loss     : 0.00009041	 | 	Valid MAPE Loss     : 0.79676223
lr                 : [3.0000000000000004e-09]


Epoch : 132
Train MSE Loss     : 1.00002003	 | 	Train MAPE Loss     : 0.38194013
Valid MSE Loss     : 0.00009015	 | 	Valid MAPE Loss     : 0.79278105
lr                 : [3.0000000000000004e-09]


Epoch : 133
Train MSE Loss     : 1.00000882	 | 	Train MAPE Loss     : 0.24696372
Valid MSE Loss     : 0.00008678	 | 	Valid MAPE Loss     : 0.77934265
lr                 : [3.0000000000000004e-09]


Epoch : 134
Train MSE Loss     : 1.00001538	 | 	Train MAPE Loss     : 0.33989382
Valid MSE Loss     : 0.00008822	 | 	Valid MAPE Loss     : 0.78204966
lr                 : [3.0000000000000004e-09]


Epoch : 135
Train MSE Loss     : 1.00001824	 | 	Train MAPE Loss     : 0.37433836
Valid MSE Loss     : 0.00009190	 | 	Valid MAPE Loss     : 0.79782027
lr                 : [3.0000000000000004e-09]


Epoch : 136
Train MSE Loss     : 1.00001204	 | 	Train MAPE Loss     : 0.29386649
Valid MSE Loss     : 0.00008809	 | 	Valid MAPE Loss     : 0.78662151
lr                 : [3.0000000000000004e-09]


Epoch : 137
Train MSE Loss     : 1.00000668	 | 	Train MAPE Loss     : 0.22140878
Valid MSE Loss     : 0.00008820	 | 	Valid MAPE Loss     : 0.78648311
lr                 : [3.0000000000000004e-09]


Epoch : 138
Train MSE Loss     : 1.00001216	 | 	Train MAPE Loss     : 0.31003341
Valid MSE Loss     : 0.00008947	 | 	Valid MAPE Loss     : 0.79268187
lr                 : [3.0000000000000004e-09]


Epoch : 139
Train MSE Loss     : 1.00001144	 | 	Train MAPE Loss     : 0.28764421
Valid MSE Loss     : 0.00009212	 | 	Valid MAPE Loss     : 0.80125505
lr                 : [3.0000000000000004e-09]


Epoch : 140
Train MSE Loss     : 1.00001717	 | 	Train MAPE Loss     : 0.30959395
Valid MSE Loss     : 0.00008997	 | 	Valid MAPE Loss     : 0.79451513
lr                 : [3.0000000000000004e-09]


Epoch : 141
Train MSE Loss     : 1.00001013	 | 	Train MAPE Loss     : 0.27100733
Valid MSE Loss     : 0.00009102	 | 	Valid MAPE Loss     : 0.79983217
lr                 : [3.0000000000000004e-09]


Epoch : 142
Train MSE Loss     : 1.00000906	 | 	Train MAPE Loss     : 0.23229925
Valid MSE Loss     : 0.00009259	 | 	Valid MAPE Loss     : 0.80124491
lr                 : [3.0000000000000004e-09]


Epoch : 143
Train MSE Loss     : 1.00001204	 | 	Train MAPE Loss     : 0.28433391
Valid MSE Loss     : 0.00009151	 | 	Valid MAPE Loss     : 0.79801059
lr                 : [3.0000000000000004e-09]


Epoch : 144
Train MSE Loss     : 1.00001466	 | 	Train MAPE Loss     : 0.32922581
Valid MSE Loss     : 0.00008679	 | 	Valid MAPE Loss     : 0.77287149
lr                 : [3.0000000000000004e-09]


Epoch : 145
Train MSE Loss     : 1.00000894	 | 	Train MAPE Loss     : 0.25726488
Valid MSE Loss     : 0.00008906	 | 	Valid MAPE Loss     : 0.78154498
lr                 : [3.0000000000000004e-09]


Epoch : 146
Train MSE Loss     : 1.00002050	 | 	Train MAPE Loss     : 0.29522189
Valid MSE Loss     : 0.00008989	 | 	Valid MAPE Loss     : 0.78637505
lr                 : [3.0000000000000004e-09]


Epoch : 147
Train MSE Loss     : 1.00002337	 | 	Train MAPE Loss     : 0.41309288
Valid MSE Loss     : 0.00009063	 | 	Valid MAPE Loss     : 0.80007672
lr                 : [3.0000000000000004e-09]


Epoch : 148
Train MSE Loss     : 1.00000846	 | 	Train MAPE Loss     : 0.24718486
Valid MSE Loss     : 0.00009219	 | 	Valid MAPE Loss     : 0.80630857
lr                 : [3.0000000000000004e-09]


Epoch : 149
Train MSE Loss     : 1.00001132	 | 	Train MAPE Loss     : 0.28489482
Valid MSE Loss     : 0.00008705	 | 	Valid MAPE Loss     : 0.78096920
lr                 : [3.0000000000000004e-09]


Epoch : 150
Train MSE Loss     : 1.00001490	 | 	Train MAPE Loss     : 0.31381494
Valid MSE Loss     : 0.00008491	 | 	Valid MAPE Loss     : 0.77307814
lr                 : [3.0000000000000004e-09]


Evaluate on the Test set:
Test MAPE loss      :1.29992926	 | Test MSE loss      : 0.00028421

################## Training is Done! #########################
Training time is : 0:03:39.440662
