=============================================
Dataset: cell_XJTU_batch3_prepocess_data
Mode:    supervised_with_contrast
=============================================
Training started ....

Epoch : 1
Train MSE Loss     : 1.04818285	 | 	Train MAPE Loss     : 19.77496147
Valid MSE Loss     : 0.00505858	 | 	Valid MAPE Loss     : 6.97895145
lr                 : [0.0003]


Epoch : 2
Train MSE Loss     : 1.01564598	 | 	Train MAPE Loss     : 9.63012791
Valid MSE Loss     : 0.02969171	 | 	Valid MAPE Loss     : 16.95549774
lr                 : [0.0003]


Epoch : 3
Train MSE Loss     : 1.02140403	 | 	Train MAPE Loss     : 13.39657211
Valid MSE Loss     : 0.00461488	 | 	Valid MAPE Loss     : 6.78128862
lr                 : [0.0003]


Epoch : 4
Train MSE Loss     : 1.05997753	 | 	Train MAPE Loss     : 22.26625252
Valid MSE Loss     : 0.00346967	 | 	Valid MAPE Loss     : 5.78947592
lr                 : [0.0003]


Epoch : 5
Train MSE Loss     : 1.00883508	 | 	Train MAPE Loss     : 8.70936203
Valid MSE Loss     : 0.00012964	 | 	Valid MAPE Loss     : 0.89896554
lr                 : [0.0003]


Epoch : 6
Train MSE Loss     : 1.07240057	 | 	Train MAPE Loss     : 27.22900963
Valid MSE Loss     : 0.01204042	 | 	Valid MAPE Loss     : 10.26118660
lr                 : [0.0003]


Epoch : 7
Train MSE Loss     : 1.00694597	 | 	Train MAPE Loss     : 7.87709522
Valid MSE Loss     : 0.00071518	 | 	Valid MAPE Loss     : 2.38470435
lr                 : [0.0003]


Epoch : 8
Train MSE Loss     : 1.01769614	 | 	Train MAPE Loss     : 12.37275696
Valid MSE Loss     : 0.02415566	 | 	Valid MAPE Loss     : 16.30381775
lr                 : [0.0003]


Epoch : 9
Train MSE Loss     : 1.00939095	 | 	Train MAPE Loss     : 7.79428577
Valid MSE Loss     : 0.03048302	 | 	Valid MAPE Loss     : 18.38685799
lr                 : [0.0003]


Epoch : 10
Train MSE Loss     : 1.04385281	 | 	Train MAPE Loss     : 18.79236984
Valid MSE Loss     : 0.03971427	 | 	Valid MAPE Loss     : 21.00183868
lr                 : [0.0003]


Epoch : 11
Train MSE Loss     : 1.04429996	 | 	Train MAPE Loss     : 18.57336998
Valid MSE Loss     : 0.00219044	 | 	Valid MAPE Loss     : 4.63403893
lr                 : [0.0003]


Epoch : 12
Train MSE Loss     : 1.00826883	 | 	Train MAPE Loss     : 7.57267570
Valid MSE Loss     : 0.00165878	 | 	Valid MAPE Loss     : 4.15607119
lr                 : [0.0003]


Epoch : 13
Train MSE Loss     : 1.00690413	 | 	Train MAPE Loss     : 7.45447254
Valid MSE Loss     : 0.00088459	 | 	Valid MAPE Loss     : 2.37994266
lr                 : [0.0003]


Epoch : 14
Train MSE Loss     : 1.00692677	 | 	Train MAPE Loss     : 6.56813526
Valid MSE Loss     : 0.04946683	 | 	Valid MAPE Loss     : 23.26131630
lr                 : [0.0003]


Epoch : 15
Train MSE Loss     : 1.01893091	 | 	Train MAPE Loss     : 12.07102394
Valid MSE Loss     : 0.00129076	 | 	Valid MAPE Loss     : 3.55835390
lr                 : [0.0003]


Epoch : 16
Train MSE Loss     : 1.03209114	 | 	Train MAPE Loss     : 17.54868889
Valid MSE Loss     : 0.03171186	 | 	Valid MAPE Loss     : 18.67881775
lr                 : [2.9999999999999997e-05]


Epoch : 17
Train MSE Loss     : 1.01257133	 | 	Train MAPE Loss     : 9.81939316
Valid MSE Loss     : 0.00039011	 | 	Valid MAPE Loss     : 1.81099045
lr                 : [2.9999999999999997e-05]


Epoch : 18
Train MSE Loss     : 1.00169754	 | 	Train MAPE Loss     : 3.64296722
Valid MSE Loss     : 0.00172214	 | 	Valid MAPE Loss     : 4.33558273
lr                 : [2.9999999999999997e-05]


Epoch : 19
Train MSE Loss     : 1.00197101	 | 	Train MAPE Loss     : 4.06602192
Valid MSE Loss     : 0.00021458	 | 	Valid MAPE Loss     : 1.38644385
lr                 : [2.9999999999999997e-05]


Epoch : 20
Train MSE Loss     : 1.00097430	 | 	Train MAPE Loss     : 2.75119758
Valid MSE Loss     : 0.00011893	 | 	Valid MAPE Loss     : 0.81677192
lr                 : [2.9999999999999997e-05]


Epoch : 21
Train MSE Loss     : 1.00107336	 | 	Train MAPE Loss     : 2.91372061
Valid MSE Loss     : 0.00076281	 | 	Valid MAPE Loss     : 2.72019029
lr                 : [2.9999999999999997e-05]


Epoch : 22
Train MSE Loss     : 1.00117791	 | 	Train MAPE Loss     : 3.20066476
Valid MSE Loss     : 0.00036720	 | 	Valid MAPE Loss     : 1.84663093
lr                 : [2.9999999999999997e-05]


Epoch : 23
Train MSE Loss     : 1.00095427	 | 	Train MAPE Loss     : 2.80008340
Valid MSE Loss     : 0.00116677	 | 	Valid MAPE Loss     : 3.45859480
lr                 : [2.9999999999999997e-05]


Epoch : 24
Train MSE Loss     : 1.00097597	 | 	Train MAPE Loss     : 2.91574550
Valid MSE Loss     : 0.00009182	 | 	Valid MAPE Loss     : 0.79533499
lr                 : [2.9999999999999997e-05]


Epoch : 25
Train MSE Loss     : 1.00064957	 | 	Train MAPE Loss     : 2.21181583
Valid MSE Loss     : 0.00028959	 | 	Valid MAPE Loss     : 1.69527984
lr                 : [2.9999999999999997e-05]


Epoch : 26
Train MSE Loss     : 1.00091243	 | 	Train MAPE Loss     : 2.77497792
Valid MSE Loss     : 0.00069338	 | 	Valid MAPE Loss     : 2.57305384
lr                 : [2.9999999999999997e-05]


Epoch : 27
Train MSE Loss     : 1.00058949	 | 	Train MAPE Loss     : 2.14928961
Valid MSE Loss     : 0.00007171	 | 	Valid MAPE Loss     : 0.65936762
lr                 : [2.9999999999999997e-05]


Epoch : 28
Train MSE Loss     : 1.00106239	 | 	Train MAPE Loss     : 3.11636329
Valid MSE Loss     : 0.00072600	 | 	Valid MAPE Loss     : 2.77609229
lr                 : [2.9999999999999997e-05]


Epoch : 29
Train MSE Loss     : 1.00090611	 | 	Train MAPE Loss     : 2.65923119
Valid MSE Loss     : 0.00007949	 | 	Valid MAPE Loss     : 0.65788281
lr                 : [2.9999999999999997e-05]


Epoch : 30
Train MSE Loss     : 1.00113726	 | 	Train MAPE Loss     : 3.18895626
Valid MSE Loss     : 0.00007717	 | 	Valid MAPE Loss     : 0.63373536
lr                 : [2.9999999999999997e-05]


Epoch : 31
Train MSE Loss     : 1.00031281	 | 	Train MAPE Loss     : 1.53454220
Valid MSE Loss     : 0.00010786	 | 	Valid MAPE Loss     : 0.80895281
lr                 : [2.9999999999999997e-05]


Epoch : 32
Train MSE Loss     : 1.00089979	 | 	Train MAPE Loss     : 2.86210871
Valid MSE Loss     : 0.00016649	 | 	Valid MAPE Loss     : 0.99088955
lr                 : [2.9999999999999997e-05]


Epoch : 33
Train MSE Loss     : 1.00067067	 | 	Train MAPE Loss     : 2.33641720
Valid MSE Loss     : 0.00028411	 | 	Valid MAPE Loss     : 1.47118163
lr                 : [2.9999999999999997e-05]


Epoch : 34
Train MSE Loss     : 1.00039339	 | 	Train MAPE Loss     : 1.74397290
Valid MSE Loss     : 0.00027181	 | 	Valid MAPE Loss     : 1.49850082
lr                 : [2.9999999999999997e-05]


Epoch : 35
Train MSE Loss     : 1.00066936	 | 	Train MAPE Loss     : 2.36839890
Valid MSE Loss     : 0.00024978	 | 	Valid MAPE Loss     : 1.44960654
lr                 : [2.9999999999999997e-05]


Epoch : 36
Train MSE Loss     : 1.00057459	 | 	Train MAPE Loss     : 2.03229046
Valid MSE Loss     : 0.00009068	 | 	Valid MAPE Loss     : 0.71921682
lr                 : [2.9999999999999997e-05]


Epoch : 37
Train MSE Loss     : 1.00035906	 | 	Train MAPE Loss     : 1.71048975
Valid MSE Loss     : 0.00010252	 | 	Valid MAPE Loss     : 0.90127587
lr                 : [2.9999999999999997e-05]


Epoch : 38
Train MSE Loss     : 1.00037813	 | 	Train MAPE Loss     : 1.69850051
Valid MSE Loss     : 0.00027457	 | 	Valid MAPE Loss     : 1.66891122
lr                 : [2.9999999999999997e-05]


Epoch : 39
Train MSE Loss     : 1.00030148	 | 	Train MAPE Loss     : 1.59222412
Valid MSE Loss     : 0.00008263	 | 	Valid MAPE Loss     : 0.75052750
lr                 : [2.9999999999999997e-05]


Epoch : 40
Train MSE Loss     : 1.00030196	 | 	Train MAPE Loss     : 1.50527263
Valid MSE Loss     : 0.00014636	 | 	Valid MAPE Loss     : 1.14555478
lr                 : [2.9999999999999997e-05]


Epoch : 41
Train MSE Loss     : 1.00054145	 | 	Train MAPE Loss     : 2.02340341
Valid MSE Loss     : 0.00074483	 | 	Valid MAPE Loss     : 2.80715537
lr                 : [3e-06]


Epoch : 42
Train MSE Loss     : 1.00174510	 | 	Train MAPE Loss     : 4.02154636
Valid MSE Loss     : 0.00061731	 | 	Valid MAPE Loss     : 2.53253841
lr                 : [3e-06]


Epoch : 43
Train MSE Loss     : 1.00035584	 | 	Train MAPE Loss     : 1.70328379
Valid MSE Loss     : 0.00004353	 | 	Valid MAPE Loss     : 0.49899584
lr                 : [3e-06]


Epoch : 44
Train MSE Loss     : 1.00021982	 | 	Train MAPE Loss     : 1.27220273
Valid MSE Loss     : 0.00009589	 | 	Valid MAPE Loss     : 0.84885132
lr                 : [3e-06]


Epoch : 45
Train MSE Loss     : 1.00023258	 | 	Train MAPE Loss     : 1.31232107
Valid MSE Loss     : 0.00007962	 | 	Valid MAPE Loss     : 0.73125452
lr                 : [3e-06]


Epoch : 46
Train MSE Loss     : 1.00026131	 | 	Train MAPE Loss     : 1.36020327
Valid MSE Loss     : 0.00006809	 | 	Valid MAPE Loss     : 0.53063864
lr                 : [3e-06]


Epoch : 47
Train MSE Loss     : 1.00019407	 | 	Train MAPE Loss     : 1.17780542
Valid MSE Loss     : 0.00005729	 | 	Valid MAPE Loss     : 0.51865882
lr                 : [3e-06]


Epoch : 48
Train MSE Loss     : 1.00021183	 | 	Train MAPE Loss     : 1.23016822
Valid MSE Loss     : 0.00009539	 | 	Valid MAPE Loss     : 0.77388090
lr                 : [3e-06]


Epoch : 49
Train MSE Loss     : 1.00034559	 | 	Train MAPE Loss     : 1.69364464
Valid MSE Loss     : 0.00006266	 | 	Valid MAPE Loss     : 0.54565388
lr                 : [3e-06]


Epoch : 50
Train MSE Loss     : 1.00012159	 | 	Train MAPE Loss     : 0.92385310
Valid MSE Loss     : 0.00009207	 | 	Valid MAPE Loss     : 0.78561032
lr                 : [3e-06]


Epoch : 51
Train MSE Loss     : 1.00017428	 | 	Train MAPE Loss     : 1.02364874
Valid MSE Loss     : 0.00003928	 | 	Valid MAPE Loss     : 0.43496913
lr                 : [3e-06]


Epoch : 52
Train MSE Loss     : 1.00015879	 | 	Train MAPE Loss     : 1.04608619
Valid MSE Loss     : 0.00011155	 | 	Valid MAPE Loss     : 0.88545251
lr                 : [3e-06]


Epoch : 53
Train MSE Loss     : 1.00020969	 | 	Train MAPE Loss     : 1.24335778
Valid MSE Loss     : 0.00012278	 | 	Valid MAPE Loss     : 1.02251434
lr                 : [3e-06]


Epoch : 54
Train MSE Loss     : 1.00019825	 | 	Train MAPE Loss     : 1.18835127
Valid MSE Loss     : 0.00008474	 | 	Valid MAPE Loss     : 0.80439216
lr                 : [3e-06]


Epoch : 55
Train MSE Loss     : 1.00020945	 | 	Train MAPE Loss     : 1.22038639
Valid MSE Loss     : 0.00006283	 | 	Valid MAPE Loss     : 0.62721092
lr                 : [3e-06]


Epoch : 56
Train MSE Loss     : 1.00025451	 | 	Train MAPE Loss     : 1.39347219
Valid MSE Loss     : 0.00004510	 | 	Valid MAPE Loss     : 0.47045794
lr                 : [3e-06]


Epoch : 57
Train MSE Loss     : 1.00030529	 | 	Train MAPE Loss     : 1.47020674
Valid MSE Loss     : 0.00007156	 | 	Valid MAPE Loss     : 0.59267825
lr                 : [3e-06]


Epoch : 58
Train MSE Loss     : 1.00016081	 | 	Train MAPE Loss     : 1.05407441
Valid MSE Loss     : 0.00006281	 | 	Valid MAPE Loss     : 0.53321457
lr                 : [3e-06]


Epoch : 59
Train MSE Loss     : 1.00018775	 | 	Train MAPE Loss     : 1.17119610
Valid MSE Loss     : 0.00007149	 | 	Valid MAPE Loss     : 0.61649829
lr                 : [3e-06]


Epoch : 60
Train MSE Loss     : 1.00013149	 | 	Train MAPE Loss     : 0.98925358
Valid MSE Loss     : 0.00003931	 | 	Valid MAPE Loss     : 0.42242432
lr                 : [3e-06]


Epoch : 61
Train MSE Loss     : 1.00015509	 | 	Train MAPE Loss     : 1.09378386
Valid MSE Loss     : 0.00008326	 | 	Valid MAPE Loss     : 0.71504736
lr                 : [3e-06]


Epoch : 62
Train MSE Loss     : 1.00018358	 | 	Train MAPE Loss     : 1.19839060
Valid MSE Loss     : 0.00006437	 | 	Valid MAPE Loss     : 0.54492640
lr                 : [3e-06]


Epoch : 63
Train MSE Loss     : 1.00014865	 | 	Train MAPE Loss     : 1.09772682
Valid MSE Loss     : 0.00005618	 | 	Valid MAPE Loss     : 0.53927100
lr                 : [3e-06]


Epoch : 64
Train MSE Loss     : 1.00027287	 | 	Train MAPE Loss     : 1.52815056
Valid MSE Loss     : 0.00024858	 | 	Valid MAPE Loss     : 1.57029176
lr                 : [3e-06]


Epoch : 65
Train MSE Loss     : 1.00024307	 | 	Train MAPE Loss     : 1.33571506
Valid MSE Loss     : 0.00006274	 | 	Valid MAPE Loss     : 0.60664737
lr                 : [3e-06]


Epoch : 66
Train MSE Loss     : 1.00025702	 | 	Train MAPE Loss     : 1.38101494
Valid MSE Loss     : 0.00006487	 | 	Valid MAPE Loss     : 0.67442918
lr                 : [3e-06]


Epoch : 67
Train MSE Loss     : 1.00018573	 | 	Train MAPE Loss     : 1.17342806
Valid MSE Loss     : 0.00015293	 | 	Valid MAPE Loss     : 1.20389497
lr                 : [3e-06]


Epoch : 68
Train MSE Loss     : 1.00026810	 | 	Train MAPE Loss     : 1.46461105
Valid MSE Loss     : 0.00011710	 | 	Valid MAPE Loss     : 0.94410986
lr                 : [3e-06]


Epoch : 69
Train MSE Loss     : 1.00021493	 | 	Train MAPE Loss     : 1.25481009
Valid MSE Loss     : 0.00007172	 | 	Valid MAPE Loss     : 0.75726575
lr                 : [3e-06]


Epoch : 70
Train MSE Loss     : 1.00029314	 | 	Train MAPE Loss     : 1.53326404
Valid MSE Loss     : 0.00006683	 | 	Valid MAPE Loss     : 0.70781386
lr                 : [3e-06]


Epoch : 71
Train MSE Loss     : 1.00015843	 | 	Train MAPE Loss     : 1.09366560
Valid MSE Loss     : 0.00008886	 | 	Valid MAPE Loss     : 0.84296525
lr                 : [3.0000000000000004e-07]


Epoch : 72
Train MSE Loss     : 1.00026298	 | 	Train MAPE Loss     : 1.40654826
Valid MSE Loss     : 0.00006566	 | 	Valid MAPE Loss     : 0.67005855
lr                 : [3.0000000000000004e-07]


Epoch : 73
Train MSE Loss     : 1.00029731	 | 	Train MAPE Loss     : 1.49317598
Valid MSE Loss     : 0.00037479	 | 	Valid MAPE Loss     : 1.93702841
lr                 : [3.0000000000000004e-07]


Epoch : 74
Train MSE Loss     : 1.00020492	 | 	Train MAPE Loss     : 1.17800796
Valid MSE Loss     : 0.00017881	 | 	Valid MAPE Loss     : 1.31579423
lr                 : [3.0000000000000004e-07]


Epoch : 75
Train MSE Loss     : 1.00009394	 | 	Train MAPE Loss     : 0.86141145
Valid MSE Loss     : 0.00004049	 | 	Valid MAPE Loss     : 0.47697341
lr                 : [3.0000000000000004e-07]


Epoch : 76
Train MSE Loss     : 1.00009239	 | 	Train MAPE Loss     : 0.78788871
Valid MSE Loss     : 0.00006489	 | 	Valid MAPE Loss     : 0.69678563
lr                 : [3.0000000000000004e-07]


Epoch : 77
Train MSE Loss     : 1.00019121	 | 	Train MAPE Loss     : 1.17125380
Valid MSE Loss     : 0.00007618	 | 	Valid MAPE Loss     : 0.71709543
lr                 : [3.0000000000000004e-07]


Epoch : 78
Train MSE Loss     : 1.00018156	 | 	Train MAPE Loss     : 1.06384146
Valid MSE Loss     : 0.00005029	 | 	Valid MAPE Loss     : 0.58173048
lr                 : [3.0000000000000004e-07]


Epoch : 79
Train MSE Loss     : 1.00012386	 | 	Train MAPE Loss     : 0.95596451
Valid MSE Loss     : 0.00007529	 | 	Valid MAPE Loss     : 0.70044309
lr                 : [3.0000000000000004e-07]


Epoch : 80
Train MSE Loss     : 1.00015569	 | 	Train MAPE Loss     : 1.06484950
Valid MSE Loss     : 0.00010073	 | 	Valid MAPE Loss     : 0.87172270
lr                 : [3.0000000000000004e-07]


Epoch : 81
Train MSE Loss     : 1.00020862	 | 	Train MAPE Loss     : 1.22437227
Valid MSE Loss     : 0.00006674	 | 	Valid MAPE Loss     : 0.50420731
lr                 : [3.0000000000000004e-07]


Epoch : 82
Train MSE Loss     : 1.00012732	 | 	Train MAPE Loss     : 1.01288927
Valid MSE Loss     : 0.00004487	 | 	Valid MAPE Loss     : 0.45135733
lr                 : [3.0000000000000004e-08]


Epoch : 83
Train MSE Loss     : 1.00010705	 | 	Train MAPE Loss     : 0.90246636
Valid MSE Loss     : 0.00004854	 | 	Valid MAPE Loss     : 0.44476759
lr                 : [3.0000000000000004e-08]


Epoch : 84
Train MSE Loss     : 1.00011456	 | 	Train MAPE Loss     : 0.85433650
Valid MSE Loss     : 0.00007003	 | 	Valid MAPE Loss     : 0.64207882
lr                 : [3.0000000000000004e-08]


Epoch : 85
Train MSE Loss     : 1.00016248	 | 	Train MAPE Loss     : 1.10951030
Valid MSE Loss     : 0.00004346	 | 	Valid MAPE Loss     : 0.45247400
lr                 : [3.0000000000000004e-08]


Epoch : 86
Train MSE Loss     : 1.00018239	 | 	Train MAPE Loss     : 1.04002976
Valid MSE Loss     : 0.00006026	 | 	Valid MAPE Loss     : 0.51048189
lr                 : [3.0000000000000004e-08]


Epoch : 87
Train MSE Loss     : 1.00024283	 | 	Train MAPE Loss     : 1.39743531
Valid MSE Loss     : 0.00004051	 | 	Valid MAPE Loss     : 0.45252797
lr                 : [3.0000000000000004e-08]


Epoch : 88
Train MSE Loss     : 1.00014687	 | 	Train MAPE Loss     : 1.05237842
Valid MSE Loss     : 0.00003480	 | 	Valid MAPE Loss     : 0.44126403
lr                 : [3.0000000000000004e-08]


Epoch : 89
Train MSE Loss     : 1.00013912	 | 	Train MAPE Loss     : 1.04355061
Valid MSE Loss     : 0.00004630	 | 	Valid MAPE Loss     : 0.48758054
lr                 : [3.0000000000000004e-08]


Epoch : 90
Train MSE Loss     : 1.00013590	 | 	Train MAPE Loss     : 1.03980958
Valid MSE Loss     : 0.00009789	 | 	Valid MAPE Loss     : 0.75701350
lr                 : [3.0000000000000004e-08]


Epoch : 91
Train MSE Loss     : 1.00013757	 | 	Train MAPE Loss     : 0.98419398
Valid MSE Loss     : 0.00006234	 | 	Valid MAPE Loss     : 0.66077697
lr                 : [3.0000000000000004e-08]


Epoch : 92
Train MSE Loss     : 1.00013936	 | 	Train MAPE Loss     : 1.06950712
Valid MSE Loss     : 0.00004676	 | 	Valid MAPE Loss     : 0.51449424
lr                 : [3.0000000000000004e-08]


Epoch : 93
Train MSE Loss     : 1.00012982	 | 	Train MAPE Loss     : 0.96344376
Valid MSE Loss     : 0.00006342	 | 	Valid MAPE Loss     : 0.50941789
lr                 : [3.0000000000000004e-09]


Epoch : 94
Train MSE Loss     : 1.00016809	 | 	Train MAPE Loss     : 1.10929465
Valid MSE Loss     : 0.00006335	 | 	Valid MAPE Loss     : 0.63363105
lr                 : [3.0000000000000004e-09]


Epoch : 95
Train MSE Loss     : 1.00016987	 | 	Train MAPE Loss     : 1.14209974
Valid MSE Loss     : 0.00008936	 | 	Valid MAPE Loss     : 0.80204749
lr                 : [3.0000000000000004e-09]


Epoch : 96
Train MSE Loss     : 1.00010669	 | 	Train MAPE Loss     : 0.92796916
Valid MSE Loss     : 0.00004993	 | 	Valid MAPE Loss     : 0.49596682
lr                 : [3.0000000000000004e-09]


Epoch : 97
Train MSE Loss     : 1.00015640	 | 	Train MAPE Loss     : 1.03226173
Valid MSE Loss     : 0.00005219	 | 	Valid MAPE Loss     : 0.44870102
lr                 : [3.0000000000000004e-09]


Epoch : 98
Train MSE Loss     : 1.00014675	 | 	Train MAPE Loss     : 1.06921303
Valid MSE Loss     : 0.00006013	 | 	Valid MAPE Loss     : 0.58852106
lr                 : [3.0000000000000004e-09]


Epoch : 99
Train MSE Loss     : 1.00015569	 | 	Train MAPE Loss     : 1.11250257
Valid MSE Loss     : 0.00006634	 | 	Valid MAPE Loss     : 0.49464011
lr                 : [3.0000000000000004e-09]


Epoch : 100
Train MSE Loss     : 1.00019813	 | 	Train MAPE Loss     : 1.29087651
Valid MSE Loss     : 0.00004694	 | 	Valid MAPE Loss     : 0.52579445
lr                 : [3.0000000000000004e-09]


Epoch : 101
Train MSE Loss     : 1.00020826	 | 	Train MAPE Loss     : 1.26620340
Valid MSE Loss     : 0.00004873	 | 	Valid MAPE Loss     : 0.51273000
lr                 : [3.0000000000000004e-09]


Epoch : 102
Train MSE Loss     : 1.00009739	 | 	Train MAPE Loss     : 0.80253434
Valid MSE Loss     : 0.00003203	 | 	Valid MAPE Loss     : 0.40809783
lr                 : [3.0000000000000004e-09]


Epoch : 103
Train MSE Loss     : 1.00019860	 | 	Train MAPE Loss     : 1.21348011
Valid MSE Loss     : 0.00003291	 | 	Valid MAPE Loss     : 0.40287212
lr                 : [3.0000000000000004e-09]


Epoch : 104
Train MSE Loss     : 1.00021255	 | 	Train MAPE Loss     : 1.17612481
Valid MSE Loss     : 0.00005120	 | 	Valid MAPE Loss     : 0.47740942
lr                 : [3.0000000000000004e-09]


Epoch : 105
Train MSE Loss     : 1.00014198	 | 	Train MAPE Loss     : 1.02736056
Valid MSE Loss     : 0.00007611	 | 	Valid MAPE Loss     : 0.67129540
lr                 : [3.0000000000000004e-09]


Epoch : 106
Train MSE Loss     : 1.00011361	 | 	Train MAPE Loss     : 0.90436190
Valid MSE Loss     : 0.00004987	 | 	Valid MAPE Loss     : 0.56997514
lr                 : [3.0000000000000004e-09]


Epoch : 107
Train MSE Loss     : 1.00018454	 | 	Train MAPE Loss     : 1.16133702
Valid MSE Loss     : 0.00006493	 | 	Valid MAPE Loss     : 0.51437229
lr                 : [3.0000000000000004e-09]


Epoch : 108
Train MSE Loss     : 1.00008917	 | 	Train MAPE Loss     : 0.79053593
Valid MSE Loss     : 0.00005688	 | 	Valid MAPE Loss     : 0.59831238
lr                 : [3.0000000000000004e-09]


Epoch : 109
Train MSE Loss     : 1.00018382	 | 	Train MAPE Loss     : 1.11592913
Valid MSE Loss     : 0.00012334	 | 	Valid MAPE Loss     : 0.97291517
lr                 : [3.0000000000000004e-09]


Epoch : 110
Train MSE Loss     : 1.00022101	 | 	Train MAPE Loss     : 1.25027680
Valid MSE Loss     : 0.00003849	 | 	Valid MAPE Loss     : 0.42722207
lr                 : [3.0000000000000004e-09]


Epoch : 111
Train MSE Loss     : 1.00006747	 | 	Train MAPE Loss     : 0.68618059
Valid MSE Loss     : 0.00005673	 | 	Valid MAPE Loss     : 0.49992335
lr                 : [3.0000000000000004e-09]


Epoch : 112
Train MSE Loss     : 1.00016665	 | 	Train MAPE Loss     : 1.13462019
Valid MSE Loss     : 0.00004514	 | 	Valid MAPE Loss     : 0.56733888
lr                 : [3.0000000000000004e-09]


Epoch : 113
Train MSE Loss     : 1.00013459	 | 	Train MAPE Loss     : 0.98359454
Valid MSE Loss     : 0.00005277	 | 	Valid MAPE Loss     : 0.44851279
lr                 : [3.0000000000000004e-09]


Epoch : 114
Train MSE Loss     : 1.00021207	 | 	Train MAPE Loss     : 1.31674945
Valid MSE Loss     : 0.00007342	 | 	Valid MAPE Loss     : 0.62281984
lr                 : [3.0000000000000004e-09]


Epoch : 115
Train MSE Loss     : 1.00021839	 | 	Train MAPE Loss     : 1.26118112
Valid MSE Loss     : 0.00006682	 | 	Valid MAPE Loss     : 0.57337213
lr                 : [3.0000000000000004e-09]


Epoch : 116
Train MSE Loss     : 1.00017726	 | 	Train MAPE Loss     : 1.13754129
Valid MSE Loss     : 0.00003440	 | 	Valid MAPE Loss     : 0.40425661
lr                 : [3.0000000000000004e-09]


Epoch : 117
Train MSE Loss     : 1.00015032	 | 	Train MAPE Loss     : 1.04393661
Valid MSE Loss     : 0.00003965	 | 	Valid MAPE Loss     : 0.42264676
lr                 : [3.0000000000000004e-09]


Epoch : 118
Train MSE Loss     : 1.00009549	 | 	Train MAPE Loss     : 0.83051646
Valid MSE Loss     : 0.00003396	 | 	Valid MAPE Loss     : 0.43957314
lr                 : [3.0000000000000004e-09]


Epoch : 119
Train MSE Loss     : 1.00008976	 | 	Train MAPE Loss     : 0.78095508
Valid MSE Loss     : 0.00003940	 | 	Valid MAPE Loss     : 0.40275156
lr                 : [3.0000000000000004e-09]


Epoch : 120
Train MSE Loss     : 1.00009489	 | 	Train MAPE Loss     : 0.83368605
Valid MSE Loss     : 0.00004225	 | 	Valid MAPE Loss     : 0.43911666
lr                 : [3.0000000000000004e-09]


Epoch : 121
Train MSE Loss     : 1.00016844	 | 	Train MAPE Loss     : 1.10028303
Valid MSE Loss     : 0.00006371	 | 	Valid MAPE Loss     : 0.59591812
lr                 : [3.0000000000000004e-09]


Epoch : 122
Train MSE Loss     : 1.00019562	 | 	Train MAPE Loss     : 1.21599305
Valid MSE Loss     : 0.00004181	 | 	Valid MAPE Loss     : 0.42056239
lr                 : [3.0000000000000004e-09]


Epoch : 123
Train MSE Loss     : 1.00010979	 | 	Train MAPE Loss     : 0.89896083
Valid MSE Loss     : 0.00009801	 | 	Valid MAPE Loss     : 0.74950147
lr                 : [3.0000000000000004e-09]


Epoch : 124
Train MSE Loss     : 1.00022507	 | 	Train MAPE Loss     : 1.34212601
Valid MSE Loss     : 0.00008544	 | 	Valid MAPE Loss     : 0.82563376
lr                 : [3.0000000000000004e-09]


Epoch : 125
Train MSE Loss     : 1.00012207	 | 	Train MAPE Loss     : 0.99428517
Valid MSE Loss     : 0.00004976	 | 	Valid MAPE Loss     : 0.57810664
lr                 : [3.0000000000000004e-09]


Epoch : 126
Train MSE Loss     : 1.00013781	 | 	Train MAPE Loss     : 0.96836525
Valid MSE Loss     : 0.00003397	 | 	Valid MAPE Loss     : 0.40749019
lr                 : [3.0000000000000004e-09]


Epoch : 127
Train MSE Loss     : 1.00013936	 | 	Train MAPE Loss     : 1.05811894
Valid MSE Loss     : 0.00004143	 | 	Valid MAPE Loss     : 0.39354438
lr                 : [3.0000000000000004e-09]


Epoch : 128
Train MSE Loss     : 1.00012851	 | 	Train MAPE Loss     : 0.96798682
Valid MSE Loss     : 0.00003945	 | 	Valid MAPE Loss     : 0.42830753
lr                 : [3.0000000000000004e-09]


Epoch : 129
Train MSE Loss     : 1.00013757	 | 	Train MAPE Loss     : 1.01142168
Valid MSE Loss     : 0.00004356	 | 	Valid MAPE Loss     : 0.41356775
lr                 : [3.0000000000000004e-09]


Epoch : 130
Train MSE Loss     : 1.00009966	 | 	Train MAPE Loss     : 0.81833571
Valid MSE Loss     : 0.00007485	 | 	Valid MAPE Loss     : 0.66659331
lr                 : [3.0000000000000004e-09]


Epoch : 131
Train MSE Loss     : 1.00021172	 | 	Train MAPE Loss     : 1.29254580
Valid MSE Loss     : 0.00004467	 | 	Valid MAPE Loss     : 0.42662370
lr                 : [3.0000000000000004e-09]


Epoch : 132
Train MSE Loss     : 1.00014508	 | 	Train MAPE Loss     : 1.04235756
Valid MSE Loss     : 0.00004392	 | 	Valid MAPE Loss     : 0.50109744
lr                 : [3.0000000000000004e-09]


Epoch : 133
Train MSE Loss     : 1.00011683	 | 	Train MAPE Loss     : 0.90414888
Valid MSE Loss     : 0.00003387	 | 	Valid MAPE Loss     : 0.43034101
lr                 : [3.0000000000000004e-09]


Epoch : 134
Train MSE Loss     : 1.00012267	 | 	Train MAPE Loss     : 0.92152536
Valid MSE Loss     : 0.00008393	 | 	Valid MAPE Loss     : 0.80945605
lr                 : [3.0000000000000004e-09]


Epoch : 135
Train MSE Loss     : 1.00009394	 | 	Train MAPE Loss     : 0.83161509
Valid MSE Loss     : 0.00004899	 | 	Valid MAPE Loss     : 0.55935031
lr                 : [3.0000000000000004e-09]


Epoch : 136
Train MSE Loss     : 1.00020361	 | 	Train MAPE Loss     : 1.12443531
Valid MSE Loss     : 0.00008962	 | 	Valid MAPE Loss     : 0.74966908
lr                 : [3.0000000000000004e-09]


Epoch : 137
Train MSE Loss     : 1.00013840	 | 	Train MAPE Loss     : 0.98222679
Valid MSE Loss     : 0.00003167	 | 	Valid MAPE Loss     : 0.38726652
lr                 : [3.0000000000000004e-09]


Epoch : 138
Train MSE Loss     : 1.00020587	 | 	Train MAPE Loss     : 1.22561777
Valid MSE Loss     : 0.00003598	 | 	Valid MAPE Loss     : 0.42470258
lr                 : [3.0000000000000004e-09]


Epoch : 139
Train MSE Loss     : 1.00019407	 | 	Train MAPE Loss     : 1.27394867
Valid MSE Loss     : 0.00008451	 | 	Valid MAPE Loss     : 0.65933049
lr                 : [3.0000000000000004e-09]


Epoch : 140
Train MSE Loss     : 1.00019097	 | 	Train MAPE Loss     : 1.24871778
Valid MSE Loss     : 0.00004759	 | 	Valid MAPE Loss     : 0.51227051
lr                 : [3.0000000000000004e-09]


Epoch : 141
Train MSE Loss     : 1.00011265	 | 	Train MAPE Loss     : 0.90891606
Valid MSE Loss     : 0.00007048	 | 	Valid MAPE Loss     : 0.68472803
lr                 : [3.0000000000000004e-09]


Epoch : 142
Train MSE Loss     : 1.00016248	 | 	Train MAPE Loss     : 1.13271821
Valid MSE Loss     : 0.00011973	 | 	Valid MAPE Loss     : 1.05280530
lr                 : [3.0000000000000004e-09]


Epoch : 143
Train MSE Loss     : 1.00015557	 | 	Train MAPE Loss     : 1.08041334
Valid MSE Loss     : 0.00004965	 | 	Valid MAPE Loss     : 0.45240027
lr                 : [3.0000000000000004e-09]


Epoch : 144
Train MSE Loss     : 1.00009763	 | 	Train MAPE Loss     : 0.84135628
Valid MSE Loss     : 0.00004312	 | 	Valid MAPE Loss     : 0.42763188
lr                 : [3.0000000000000004e-09]


Epoch : 145
Train MSE Loss     : 1.00020027	 | 	Train MAPE Loss     : 1.21599531
Valid MSE Loss     : 0.00005503	 | 	Valid MAPE Loss     : 0.44180098
lr                 : [3.0000000000000004e-09]


Epoch : 146
Train MSE Loss     : 1.00016487	 | 	Train MAPE Loss     : 1.10415566
Valid MSE Loss     : 0.00004646	 | 	Valid MAPE Loss     : 0.46984726
lr                 : [3.0000000000000004e-09]


Epoch : 147
Train MSE Loss     : 1.00009286	 | 	Train MAPE Loss     : 0.82379913
Valid MSE Loss     : 0.00004559	 | 	Valid MAPE Loss     : 0.52547467
lr                 : [3.0000000000000004e-09]


Epoch : 148
Train MSE Loss     : 1.00013244	 | 	Train MAPE Loss     : 0.98952174
Valid MSE Loss     : 0.00005022	 | 	Valid MAPE Loss     : 0.47753084
lr                 : [3.0000000000000004e-09]


Epoch : 149
Train MSE Loss     : 1.00019073	 | 	Train MAPE Loss     : 1.18842328
Valid MSE Loss     : 0.00008680	 | 	Valid MAPE Loss     : 0.73544616
lr                 : [3.0000000000000004e-09]


Epoch : 150
Train MSE Loss     : 1.00015604	 | 	Train MAPE Loss     : 1.11031830
Valid MSE Loss     : 0.00004414	 | 	Valid MAPE Loss     : 0.42280820
lr                 : [3.0000000000000004e-09]


Evaluate on the Test set:
Test MAPE loss      :0.50244236	 | Test MSE loss      : 0.00012664

################## Training is Done! #########################
