=============================================
Dataset: cell_XJTU_batch2_prepocess_data
Mode:    supervised_with_contrast
=============================================
Training started ....

Epoch : 1
Train MSE Loss     : 1.04094100	 | 	Train MAPE Loss     : 21.29169273
Valid MSE Loss     : 0.02891692	 | 	Valid MAPE Loss     : 18.81738091
lr                 : [0.0003]


Epoch : 2
Train MSE Loss     : 1.00434470	 | 	Train MAPE Loss     : 5.38471365
Valid MSE Loss     : 0.00046192	 | 	Valid MAPE Loss     : 2.33304119
lr                 : [0.0003]


Epoch : 3
Train MSE Loss     : 1.00205600	 | 	Train MAPE Loss     : 4.01629353
Valid MSE Loss     : 0.00045980	 | 	Valid MAPE Loss     : 2.20997143
lr                 : [0.0003]


Epoch : 4
Train MSE Loss     : 1.00483096	 | 	Train MAPE Loss     : 6.11376667
Valid MSE Loss     : 0.00933606	 | 	Valid MAPE Loss     : 10.69971848
lr                 : [0.0003]


Epoch : 5
Train MSE Loss     : 1.00397170	 | 	Train MAPE Loss     : 5.68220615
Valid MSE Loss     : 0.00012073	 | 	Valid MAPE Loss     : 1.15641844
lr                 : [0.0003]


Epoch : 6
Train MSE Loss     : 1.00112903	 | 	Train MAPE Loss     : 3.16665149
Valid MSE Loss     : 0.00147450	 | 	Valid MAPE Loss     : 4.20139503
lr                 : [0.0003]


Epoch : 7
Train MSE Loss     : 1.00719929	 | 	Train MAPE Loss     : 8.46259975
Valid MSE Loss     : 0.00384527	 | 	Valid MAPE Loss     : 6.87066126
lr                 : [0.0003]


Epoch : 8
Train MSE Loss     : 1.00990188	 | 	Train MAPE Loss     : 9.08020210
Valid MSE Loss     : 0.01599858	 | 	Valid MAPE Loss     : 13.98908615
lr                 : [0.0003]


Epoch : 9
Train MSE Loss     : 1.00495744	 | 	Train MAPE Loss     : 6.02473402
Valid MSE Loss     : 0.00037120	 | 	Valid MAPE Loss     : 2.00721502
lr                 : [0.0003]


Epoch : 10
Train MSE Loss     : 1.00130820	 | 	Train MAPE Loss     : 3.43672562
Valid MSE Loss     : 0.00016256	 | 	Valid MAPE Loss     : 1.15728676
lr                 : [0.0003]


Epoch : 11
Train MSE Loss     : 1.00149524	 | 	Train MAPE Loss     : 3.02234626
Valid MSE Loss     : 0.01513034	 | 	Valid MAPE Loss     : 13.63786030
lr                 : [0.0003]


Epoch : 12
Train MSE Loss     : 1.00444257	 | 	Train MAPE Loss     : 5.98707008
Valid MSE Loss     : 0.00324190	 | 	Valid MAPE Loss     : 6.18911982
lr                 : [0.0003]


Epoch : 13
Train MSE Loss     : 1.00035453	 | 	Train MAPE Loss     : 1.74082637
Valid MSE Loss     : 0.00005885	 | 	Valid MAPE Loss     : 0.80077285
lr                 : [0.0003]


Epoch : 14
Train MSE Loss     : 1.00257540	 | 	Train MAPE Loss     : 4.70325899
Valid MSE Loss     : 0.00004928	 | 	Valid MAPE Loss     : 0.69673520
lr                 : [0.0003]


Epoch : 15
Train MSE Loss     : 1.00367177	 | 	Train MAPE Loss     : 5.93888712
Valid MSE Loss     : 0.00470797	 | 	Valid MAPE Loss     : 7.61061859
lr                 : [0.0003]


Epoch : 16
Train MSE Loss     : 1.00279784	 | 	Train MAPE Loss     : 4.71624851
Valid MSE Loss     : 0.00063454	 | 	Valid MAPE Loss     : 2.76516080
lr                 : [0.0003]


Epoch : 17
Train MSE Loss     : 1.00406229	 | 	Train MAPE Loss     : 4.90603065
Valid MSE Loss     : 0.01748268	 | 	Valid MAPE Loss     : 14.65531445
lr                 : [0.0003]


Epoch : 18
Train MSE Loss     : 1.01038992	 | 	Train MAPE Loss     : 9.87530518
Valid MSE Loss     : 0.00469253	 | 	Valid MAPE Loss     : 7.55821371
lr                 : [0.0003]


Epoch : 19
Train MSE Loss     : 1.00105608	 | 	Train MAPE Loss     : 3.03721285
Valid MSE Loss     : 0.00289521	 | 	Valid MAPE Loss     : 5.96539497
lr                 : [0.0003]


Epoch : 20
Train MSE Loss     : 1.00504076	 | 	Train MAPE Loss     : 7.25803089
Valid MSE Loss     : 0.00296293	 | 	Valid MAPE Loss     : 6.03562498
lr                 : [0.0003]


Epoch : 21
Train MSE Loss     : 1.00486493	 | 	Train MAPE Loss     : 6.47437572
Valid MSE Loss     : 0.01422446	 | 	Valid MAPE Loss     : 13.23313808
lr                 : [0.0003]


Epoch : 22
Train MSE Loss     : 1.00717509	 | 	Train MAPE Loss     : 7.91728735
Valid MSE Loss     : 0.00896146	 | 	Valid MAPE Loss     : 10.49683666
lr                 : [0.0003]


Epoch : 23
Train MSE Loss     : 1.00466657	 | 	Train MAPE Loss     : 7.12518167
Valid MSE Loss     : 0.00566730	 | 	Valid MAPE Loss     : 8.34287548
lr                 : [0.0003]


Epoch : 24
Train MSE Loss     : 1.00735939	 | 	Train MAPE Loss     : 8.77006245
Valid MSE Loss     : 0.00477635	 | 	Valid MAPE Loss     : 7.64596891
lr                 : [0.0003]


Epoch : 25
Train MSE Loss     : 1.01267946	 | 	Train MAPE Loss     : 11.37490177
Valid MSE Loss     : 0.01300771	 | 	Valid MAPE Loss     : 12.65852642
lr                 : [2.9999999999999997e-05]


Epoch : 26
Train MSE Loss     : 1.00941062	 | 	Train MAPE Loss     : 10.61170864
Valid MSE Loss     : 0.00550472	 | 	Valid MAPE Loss     : 8.23055744
lr                 : [2.9999999999999997e-05]


Epoch : 27
Train MSE Loss     : 1.00209069	 | 	Train MAPE Loss     : 4.30528116
Valid MSE Loss     : 0.00014405	 | 	Valid MAPE Loss     : 1.24585092
lr                 : [2.9999999999999997e-05]


Epoch : 28
Train MSE Loss     : 1.00016749	 | 	Train MAPE Loss     : 1.21486497
Valid MSE Loss     : 0.00028688	 | 	Valid MAPE Loss     : 1.83175051
lr                 : [2.9999999999999997e-05]


Epoch : 29
Train MSE Loss     : 1.00013328	 | 	Train MAPE Loss     : 1.05966747
Valid MSE Loss     : 0.00005696	 | 	Valid MAPE Loss     : 0.74735481
lr                 : [2.9999999999999997e-05]


Epoch : 30
Train MSE Loss     : 1.00008368	 | 	Train MAPE Loss     : 0.84031850
Valid MSE Loss     : 0.00023873	 | 	Valid MAPE Loss     : 1.68376732
lr                 : [2.9999999999999997e-05]


Epoch : 31
Train MSE Loss     : 1.00024724	 | 	Train MAPE Loss     : 1.56501293
Valid MSE Loss     : 0.00031204	 | 	Valid MAPE Loss     : 1.92425644
lr                 : [2.9999999999999997e-05]


Epoch : 32
Train MSE Loss     : 1.00007033	 | 	Train MAPE Loss     : 0.71136761
Valid MSE Loss     : 0.00001015	 | 	Valid MAPE Loss     : 0.26307485
lr                 : [2.9999999999999997e-05]


Epoch : 33
Train MSE Loss     : 1.00003743	 | 	Train MAPE Loss     : 0.52290046
Valid MSE Loss     : 0.00000925	 | 	Valid MAPE Loss     : 0.23516487
lr                 : [2.9999999999999997e-05]


Epoch : 34
Train MSE Loss     : 1.00002921	 | 	Train MAPE Loss     : 0.46085200
Valid MSE Loss     : 0.00004432	 | 	Valid MAPE Loss     : 0.66346747
lr                 : [2.9999999999999997e-05]


Epoch : 35
Train MSE Loss     : 1.00003302	 | 	Train MAPE Loss     : 0.49478072
Valid MSE Loss     : 0.00001721	 | 	Valid MAPE Loss     : 0.38787770
lr                 : [2.9999999999999997e-05]


Epoch : 36
Train MSE Loss     : 1.00002468	 | 	Train MAPE Loss     : 0.41901731
Valid MSE Loss     : 0.00002528	 | 	Valid MAPE Loss     : 0.45660791
lr                 : [2.9999999999999997e-05]


Epoch : 37
Train MSE Loss     : 1.00002980	 | 	Train MAPE Loss     : 0.46560040
Valid MSE Loss     : 0.00003345	 | 	Valid MAPE Loss     : 0.52345365
lr                 : [2.9999999999999997e-05]


Epoch : 38
Train MSE Loss     : 1.00003564	 | 	Train MAPE Loss     : 0.51635355
Valid MSE Loss     : 0.00001673	 | 	Valid MAPE Loss     : 0.39499533
lr                 : [2.9999999999999997e-05]


Epoch : 39
Train MSE Loss     : 1.00004160	 | 	Train MAPE Loss     : 0.57162678
Valid MSE Loss     : 0.00001483	 | 	Valid MAPE Loss     : 0.36820987
lr                 : [2.9999999999999997e-05]


Epoch : 40
Train MSE Loss     : 1.00003421	 | 	Train MAPE Loss     : 0.52747166
Valid MSE Loss     : 0.00003916	 | 	Valid MAPE Loss     : 0.59089369
lr                 : [2.9999999999999997e-05]


Epoch : 41
Train MSE Loss     : 1.00003111	 | 	Train MAPE Loss     : 0.49388465
Valid MSE Loss     : 0.00004034	 | 	Valid MAPE Loss     : 0.61199933
lr                 : [2.9999999999999997e-05]


Epoch : 42
Train MSE Loss     : 1.00005364	 | 	Train MAPE Loss     : 0.64963323
Valid MSE Loss     : 0.00001450	 | 	Valid MAPE Loss     : 0.31549111
lr                 : [2.9999999999999997e-05]


Epoch : 43
Train MSE Loss     : 1.00004709	 | 	Train MAPE Loss     : 0.61310256
Valid MSE Loss     : 0.00001325	 | 	Valid MAPE Loss     : 0.33088470
lr                 : [2.9999999999999997e-05]


Epoch : 44
Train MSE Loss     : 1.00005472	 | 	Train MAPE Loss     : 0.65904629
Valid MSE Loss     : 0.00002031	 | 	Valid MAPE Loss     : 0.37556526
lr                 : [3e-06]


Epoch : 45
Train MSE Loss     : 1.00004673	 | 	Train MAPE Loss     : 0.60053194
Valid MSE Loss     : 0.00001145	 | 	Valid MAPE Loss     : 0.31743440
lr                 : [3e-06]


Epoch : 46
Train MSE Loss     : 1.00001812	 | 	Train MAPE Loss     : 0.34712631
Valid MSE Loss     : 0.00001080	 | 	Valid MAPE Loss     : 0.30007079
lr                 : [3e-06]


Epoch : 47
Train MSE Loss     : 1.00002086	 | 	Train MAPE Loss     : 0.39127168
Valid MSE Loss     : 0.00001209	 | 	Valid MAPE Loss     : 0.32533440
lr                 : [3e-06]


Epoch : 48
Train MSE Loss     : 1.00002563	 | 	Train MAPE Loss     : 0.41866857
Valid MSE Loss     : 0.00001388	 | 	Valid MAPE Loss     : 0.35400674
lr                 : [3e-06]


Epoch : 49
Train MSE Loss     : 1.00002778	 | 	Train MAPE Loss     : 0.44843179
Valid MSE Loss     : 0.00000993	 | 	Valid MAPE Loss     : 0.29717091
lr                 : [3e-06]


Epoch : 50
Train MSE Loss     : 1.00002003	 | 	Train MAPE Loss     : 0.37551945
Valid MSE Loss     : 0.00001044	 | 	Valid MAPE Loss     : 0.29524758
lr                 : [3e-06]


Epoch : 51
Train MSE Loss     : 1.00001812	 | 	Train MAPE Loss     : 0.36333990
Valid MSE Loss     : 0.00001336	 | 	Valid MAPE Loss     : 0.36129808
lr                 : [3e-06]


Epoch : 52
Train MSE Loss     : 1.00002241	 | 	Train MAPE Loss     : 0.41066140
Valid MSE Loss     : 0.00001071	 | 	Valid MAPE Loss     : 0.30322134
lr                 : [3e-06]


Epoch : 53
Train MSE Loss     : 1.00002432	 | 	Train MAPE Loss     : 0.42916736
Valid MSE Loss     : 0.00001929	 | 	Valid MAPE Loss     : 0.41330540
lr                 : [3e-06]


Epoch : 54
Train MSE Loss     : 1.00002706	 | 	Train MAPE Loss     : 0.45139521
Valid MSE Loss     : 0.00000957	 | 	Valid MAPE Loss     : 0.29646397
lr                 : [3e-06]


Epoch : 55
Train MSE Loss     : 1.00001466	 | 	Train MAPE Loss     : 0.31614581
Valid MSE Loss     : 0.00001345	 | 	Valid MAPE Loss     : 0.33515775
lr                 : [3.0000000000000004e-07]


Epoch : 56
Train MSE Loss     : 1.00003326	 | 	Train MAPE Loss     : 0.48954606
Valid MSE Loss     : 0.00001538	 | 	Valid MAPE Loss     : 0.35587296
lr                 : [3.0000000000000004e-07]


Epoch : 57
Train MSE Loss     : 1.00002360	 | 	Train MAPE Loss     : 0.40994915
Valid MSE Loss     : 0.00001649	 | 	Valid MAPE Loss     : 0.37842938
lr                 : [3.0000000000000004e-07]


Epoch : 58
Train MSE Loss     : 1.00002217	 | 	Train MAPE Loss     : 0.37462643
Valid MSE Loss     : 0.00001295	 | 	Valid MAPE Loss     : 0.33892122
lr                 : [3.0000000000000004e-07]


Epoch : 59
Train MSE Loss     : 1.00002778	 | 	Train MAPE Loss     : 0.48334646
Valid MSE Loss     : 0.00001422	 | 	Valid MAPE Loss     : 0.36428094
lr                 : [3.0000000000000004e-07]


Epoch : 60
Train MSE Loss     : 1.00002098	 | 	Train MAPE Loss     : 0.38900629
Valid MSE Loss     : 0.00001008	 | 	Valid MAPE Loss     : 0.29267430
lr                 : [3.0000000000000004e-07]


Epoch : 61
Train MSE Loss     : 1.00002563	 | 	Train MAPE Loss     : 0.43608743
Valid MSE Loss     : 0.00003608	 | 	Valid MAPE Loss     : 0.59168309
lr                 : [3.0000000000000004e-07]


Epoch : 62
Train MSE Loss     : 1.00002313	 | 	Train MAPE Loss     : 0.38360304
Valid MSE Loss     : 0.00001629	 | 	Valid MAPE Loss     : 0.38839522
lr                 : [3.0000000000000004e-07]


Epoch : 63
Train MSE Loss     : 1.00001502	 | 	Train MAPE Loss     : 0.31520310
Valid MSE Loss     : 0.00001612	 | 	Valid MAPE Loss     : 0.37475768
lr                 : [3.0000000000000004e-07]


Epoch : 64
Train MSE Loss     : 1.00001752	 | 	Train MAPE Loss     : 0.34080026
Valid MSE Loss     : 0.00001821	 | 	Valid MAPE Loss     : 0.40493131
lr                 : [3.0000000000000004e-07]


Epoch : 65
Train MSE Loss     : 1.00001848	 | 	Train MAPE Loss     : 0.36563095
Valid MSE Loss     : 0.00001656	 | 	Valid MAPE Loss     : 0.38950253
lr                 : [3.0000000000000004e-07]


Epoch : 66
Train MSE Loss     : 1.00002265	 | 	Train MAPE Loss     : 0.40922204
Valid MSE Loss     : 0.00001484	 | 	Valid MAPE Loss     : 0.36035430
lr                 : [3.0000000000000004e-08]


Epoch : 67
Train MSE Loss     : 1.00002444	 | 	Train MAPE Loss     : 0.39480585
Valid MSE Loss     : 0.00001151	 | 	Valid MAPE Loss     : 0.32315671
lr                 : [3.0000000000000004e-08]


Epoch : 68
Train MSE Loss     : 1.00002050	 | 	Train MAPE Loss     : 0.38326272
Valid MSE Loss     : 0.00001231	 | 	Valid MAPE Loss     : 0.33500576
lr                 : [3.0000000000000004e-08]


Epoch : 69
Train MSE Loss     : 1.00002253	 | 	Train MAPE Loss     : 0.40742582
Valid MSE Loss     : 0.00001187	 | 	Valid MAPE Loss     : 0.32170489
lr                 : [3.0000000000000004e-08]


Epoch : 70
Train MSE Loss     : 1.00002122	 | 	Train MAPE Loss     : 0.38783890
Valid MSE Loss     : 0.00001977	 | 	Valid MAPE Loss     : 0.42534366
lr                 : [3.0000000000000004e-08]


Epoch : 71
Train MSE Loss     : 1.00002408	 | 	Train MAPE Loss     : 0.42813760
Valid MSE Loss     : 0.00001183	 | 	Valid MAPE Loss     : 0.32308060
lr                 : [3.0000000000000004e-08]


Epoch : 72
Train MSE Loss     : 1.00001836	 | 	Train MAPE Loss     : 0.34877858
Valid MSE Loss     : 0.00001512	 | 	Valid MAPE Loss     : 0.36864766
lr                 : [3.0000000000000004e-08]


Epoch : 73
Train MSE Loss     : 1.00001585	 | 	Train MAPE Loss     : 0.33530611
Valid MSE Loss     : 0.00001357	 | 	Valid MAPE Loss     : 0.34842420
lr                 : [3.0000000000000004e-08]


Epoch : 74
Train MSE Loss     : 1.00003088	 | 	Train MAPE Loss     : 0.47574836
Valid MSE Loss     : 0.00002627	 | 	Valid MAPE Loss     : 0.50745910
lr                 : [3.0000000000000004e-08]


Epoch : 75
Train MSE Loss     : 1.00002563	 | 	Train MAPE Loss     : 0.42612538
Valid MSE Loss     : 0.00002031	 | 	Valid MAPE Loss     : 0.42591199
lr                 : [3.0000000000000004e-08]


Epoch : 76
Train MSE Loss     : 1.00001752	 | 	Train MAPE Loss     : 0.35550699
Valid MSE Loss     : 0.00001199	 | 	Valid MAPE Loss     : 0.31960723
lr                 : [3.0000000000000004e-08]


Epoch : 77
Train MSE Loss     : 1.00001967	 | 	Train MAPE Loss     : 0.35992306
Valid MSE Loss     : 0.00001913	 | 	Valid MAPE Loss     : 0.41690612
lr                 : [3.0000000000000004e-09]


Epoch : 78
Train MSE Loss     : 1.00002742	 | 	Train MAPE Loss     : 0.40660471
Valid MSE Loss     : 0.00001170	 | 	Valid MAPE Loss     : 0.33507618
lr                 : [3.0000000000000004e-09]


Epoch : 79
Train MSE Loss     : 1.00002313	 | 	Train MAPE Loss     : 0.38959077
Valid MSE Loss     : 0.00001179	 | 	Valid MAPE Loss     : 0.32361114
lr                 : [3.0000000000000004e-09]


Epoch : 80
Train MSE Loss     : 1.00002134	 | 	Train MAPE Loss     : 0.38548070
Valid MSE Loss     : 0.00001179	 | 	Valid MAPE Loss     : 0.32351068
lr                 : [3.0000000000000004e-09]


Epoch : 81
Train MSE Loss     : 1.00001884	 | 	Train MAPE Loss     : 0.34817985
Valid MSE Loss     : 0.00001224	 | 	Valid MAPE Loss     : 0.33524927
lr                 : [3.0000000000000004e-09]


Epoch : 82
Train MSE Loss     : 1.00002027	 | 	Train MAPE Loss     : 0.37227958
Valid MSE Loss     : 0.00001180	 | 	Valid MAPE Loss     : 0.32104048
lr                 : [3.0000000000000004e-09]


Epoch : 83
Train MSE Loss     : 1.00002134	 | 	Train MAPE Loss     : 0.40218920
Valid MSE Loss     : 0.00001166	 | 	Valid MAPE Loss     : 0.31298706
lr                 : [3.0000000000000004e-09]


Epoch : 84
Train MSE Loss     : 1.00001407	 | 	Train MAPE Loss     : 0.31131214
Valid MSE Loss     : 0.00001257	 | 	Valid MAPE Loss     : 0.33981836
lr                 : [3.0000000000000004e-09]


Epoch : 85
Train MSE Loss     : 1.00001788	 | 	Train MAPE Loss     : 0.35022601
Valid MSE Loss     : 0.00001297	 | 	Valid MAPE Loss     : 0.34097639
lr                 : [3.0000000000000004e-09]


Epoch : 86
Train MSE Loss     : 1.00002789	 | 	Train MAPE Loss     : 0.44756660
Valid MSE Loss     : 0.00001171	 | 	Valid MAPE Loss     : 0.32827365
lr                 : [3.0000000000000004e-09]


Epoch : 87
Train MSE Loss     : 1.00003183	 | 	Train MAPE Loss     : 0.48134241
Valid MSE Loss     : 0.00001104	 | 	Valid MAPE Loss     : 0.31023410
lr                 : [3.0000000000000004e-09]


Epoch : 88
Train MSE Loss     : 1.00001979	 | 	Train MAPE Loss     : 0.37114751
Valid MSE Loss     : 0.00002113	 | 	Valid MAPE Loss     : 0.44721660
lr                 : [3.0000000000000004e-09]


Epoch : 89
Train MSE Loss     : 1.00002527	 | 	Train MAPE Loss     : 0.42747870
Valid MSE Loss     : 0.00001046	 | 	Valid MAPE Loss     : 0.29777649
lr                 : [3.0000000000000004e-09]


Epoch : 90
Train MSE Loss     : 1.00002968	 | 	Train MAPE Loss     : 0.46052924
Valid MSE Loss     : 0.00001283	 | 	Valid MAPE Loss     : 0.34293351
lr                 : [3.0000000000000004e-09]


Epoch : 91
Train MSE Loss     : 1.00002801	 | 	Train MAPE Loss     : 0.47116357
Valid MSE Loss     : 0.00001365	 | 	Valid MAPE Loss     : 0.34440604
lr                 : [3.0000000000000004e-09]


Epoch : 92
Train MSE Loss     : 1.00002515	 | 	Train MAPE Loss     : 0.40518695
Valid MSE Loss     : 0.00001006	 | 	Valid MAPE Loss     : 0.30172887
lr                 : [3.0000000000000004e-09]


Epoch : 93
Train MSE Loss     : 1.00001824	 | 	Train MAPE Loss     : 0.35805577
Valid MSE Loss     : 0.00001547	 | 	Valid MAPE Loss     : 0.37109813
lr                 : [3.0000000000000004e-09]


Epoch : 94
Train MSE Loss     : 1.00002456	 | 	Train MAPE Loss     : 0.39834085
Valid MSE Loss     : 0.00001176	 | 	Valid MAPE Loss     : 0.32383379
lr                 : [3.0000000000000004e-09]


Epoch : 95
Train MSE Loss     : 1.00002193	 | 	Train MAPE Loss     : 0.38631326
Valid MSE Loss     : 0.00001097	 | 	Valid MAPE Loss     : 0.30353943
lr                 : [3.0000000000000004e-09]


Epoch : 96
Train MSE Loss     : 1.00002456	 | 	Train MAPE Loss     : 0.40611595
Valid MSE Loss     : 0.00001704	 | 	Valid MAPE Loss     : 0.39918718
lr                 : [3.0000000000000004e-09]


Epoch : 97
Train MSE Loss     : 1.00001538	 | 	Train MAPE Loss     : 0.33624524
Valid MSE Loss     : 0.00001066	 | 	Valid MAPE Loss     : 0.31237969
lr                 : [3.0000000000000004e-09]


Epoch : 98
Train MSE Loss     : 1.00002754	 | 	Train MAPE Loss     : 0.44261152
Valid MSE Loss     : 0.00001426	 | 	Valid MAPE Loss     : 0.35448757
lr                 : [3.0000000000000004e-09]


Epoch : 99
Train MSE Loss     : 1.00002789	 | 	Train MAPE Loss     : 0.45261168
Valid MSE Loss     : 0.00001549	 | 	Valid MAPE Loss     : 0.36857107
lr                 : [3.0000000000000004e-09]


Epoch : 100
Train MSE Loss     : 1.00002575	 | 	Train MAPE Loss     : 0.43232322
Valid MSE Loss     : 0.00001278	 | 	Valid MAPE Loss     : 0.33306202
lr                 : [3.0000000000000004e-09]


Epoch : 101
Train MSE Loss     : 1.00002372	 | 	Train MAPE Loss     : 0.40393847
Valid MSE Loss     : 0.00001049	 | 	Valid MAPE Loss     : 0.30052292
lr                 : [3.0000000000000004e-09]


Epoch : 102
Train MSE Loss     : 1.00002062	 | 	Train MAPE Loss     : 0.37065038
Valid MSE Loss     : 0.00001608	 | 	Valid MAPE Loss     : 0.38130876
lr                 : [3.0000000000000004e-09]


Epoch : 103
Train MSE Loss     : 1.00001824	 | 	Train MAPE Loss     : 0.35148844
Valid MSE Loss     : 0.00001102	 | 	Valid MAPE Loss     : 0.30988631
lr                 : [3.0000000000000004e-09]


Epoch : 104
Train MSE Loss     : 1.00001621	 | 	Train MAPE Loss     : 0.33170033
Valid MSE Loss     : 0.00001357	 | 	Valid MAPE Loss     : 0.34392962
lr                 : [3.0000000000000004e-09]


Epoch : 105
Train MSE Loss     : 1.00002146	 | 	Train MAPE Loss     : 0.38378662
Valid MSE Loss     : 0.00001191	 | 	Valid MAPE Loss     : 0.33477011
lr                 : [3.0000000000000004e-09]


Epoch : 106
Train MSE Loss     : 1.00001645	 | 	Train MAPE Loss     : 0.33488014
Valid MSE Loss     : 0.00001123	 | 	Valid MAPE Loss     : 0.31816140
lr                 : [3.0000000000000004e-09]


Epoch : 107
Train MSE Loss     : 1.00001323	 | 	Train MAPE Loss     : 0.30296335
Valid MSE Loss     : 0.00001575	 | 	Valid MAPE Loss     : 0.38132012
lr                 : [3.0000000000000004e-09]


Epoch : 108
Train MSE Loss     : 1.00001395	 | 	Train MAPE Loss     : 0.30381498
Valid MSE Loss     : 0.00001519	 | 	Valid MAPE Loss     : 0.36748409
lr                 : [3.0000000000000004e-09]


Epoch : 109
Train MSE Loss     : 1.00002313	 | 	Train MAPE Loss     : 0.42167753
Valid MSE Loss     : 0.00001568	 | 	Valid MAPE Loss     : 0.37198365
lr                 : [3.0000000000000004e-09]


Epoch : 110
Train MSE Loss     : 1.00002873	 | 	Train MAPE Loss     : 0.46219349
Valid MSE Loss     : 0.00001092	 | 	Valid MAPE Loss     : 0.30895406
lr                 : [3.0000000000000004e-09]


Epoch : 111
Train MSE Loss     : 1.00002205	 | 	Train MAPE Loss     : 0.40369144
Valid MSE Loss     : 0.00001069	 | 	Valid MAPE Loss     : 0.30899531
lr                 : [3.0000000000000004e-09]


Epoch : 112
Train MSE Loss     : 1.00002694	 | 	Train MAPE Loss     : 0.44228667
Valid MSE Loss     : 0.00001532	 | 	Valid MAPE Loss     : 0.37275290
lr                 : [3.0000000000000004e-09]


Epoch : 113
Train MSE Loss     : 1.00002289	 | 	Train MAPE Loss     : 0.39999205
Valid MSE Loss     : 0.00001162	 | 	Valid MAPE Loss     : 0.32110858
lr                 : [3.0000000000000004e-09]


Epoch : 114
Train MSE Loss     : 1.00002503	 | 	Train MAPE Loss     : 0.42307177
Valid MSE Loss     : 0.00001525	 | 	Valid MAPE Loss     : 0.37305352
lr                 : [3.0000000000000004e-09]


Epoch : 115
Train MSE Loss     : 1.00001681	 | 	Train MAPE Loss     : 0.34290513
Valid MSE Loss     : 0.00001017	 | 	Valid MAPE Loss     : 0.29235134
lr                 : [3.0000000000000004e-09]


Epoch : 116
Train MSE Loss     : 1.00002503	 | 	Train MAPE Loss     : 0.43350649
Valid MSE Loss     : 0.00002986	 | 	Valid MAPE Loss     : 0.53948635
lr                 : [3.0000000000000004e-09]


Epoch : 117
Train MSE Loss     : 1.00001681	 | 	Train MAPE Loss     : 0.34513348
Valid MSE Loss     : 0.00001176	 | 	Valid MAPE Loss     : 0.31700432
lr                 : [3.0000000000000004e-09]


Epoch : 118
Train MSE Loss     : 1.00001931	 | 	Train MAPE Loss     : 0.38514334
Valid MSE Loss     : 0.00002489	 | 	Valid MAPE Loss     : 0.47789231
lr                 : [3.0000000000000004e-09]


Epoch : 119
Train MSE Loss     : 1.00001740	 | 	Train MAPE Loss     : 0.35396954
Valid MSE Loss     : 0.00001209	 | 	Valid MAPE Loss     : 0.33237886
lr                 : [3.0000000000000004e-09]


Epoch : 120
Train MSE Loss     : 1.00002956	 | 	Train MAPE Loss     : 0.47810864
Valid MSE Loss     : 0.00001184	 | 	Valid MAPE Loss     : 0.32614902
lr                 : [3.0000000000000004e-09]


Epoch : 121
Train MSE Loss     : 1.00001848	 | 	Train MAPE Loss     : 0.36979309
Valid MSE Loss     : 0.00001501	 | 	Valid MAPE Loss     : 0.36361232
lr                 : [3.0000000000000004e-09]


Epoch : 122
Train MSE Loss     : 1.00002885	 | 	Train MAPE Loss     : 0.45478350
Valid MSE Loss     : 0.00001081	 | 	Valid MAPE Loss     : 0.30835006
lr                 : [3.0000000000000004e-09]


Epoch : 123
Train MSE Loss     : 1.00001383	 | 	Train MAPE Loss     : 0.30283016
Valid MSE Loss     : 0.00001384	 | 	Valid MAPE Loss     : 0.35826132
lr                 : [3.0000000000000004e-09]


Epoch : 124
Train MSE Loss     : 1.00002158	 | 	Train MAPE Loss     : 0.38691884
Valid MSE Loss     : 0.00001268	 | 	Valid MAPE Loss     : 0.33556852
lr                 : [3.0000000000000004e-09]


Epoch : 125
Train MSE Loss     : 1.00001979	 | 	Train MAPE Loss     : 0.37894109
Valid MSE Loss     : 0.00001364	 | 	Valid MAPE Loss     : 0.34318718
lr                 : [3.0000000000000004e-09]


Epoch : 126
Train MSE Loss     : 1.00002575	 | 	Train MAPE Loss     : 0.45152083
Valid MSE Loss     : 0.00001197	 | 	Valid MAPE Loss     : 0.31968117
lr                 : [3.0000000000000004e-09]


Epoch : 127
Train MSE Loss     : 1.00002003	 | 	Train MAPE Loss     : 0.37709159
Valid MSE Loss     : 0.00001164	 | 	Valid MAPE Loss     : 0.32104215
lr                 : [3.0000000000000004e-09]


Epoch : 128
Train MSE Loss     : 1.00003171	 | 	Train MAPE Loss     : 0.49909624
Valid MSE Loss     : 0.00001141	 | 	Valid MAPE Loss     : 0.32806233
lr                 : [3.0000000000000004e-09]


Epoch : 129
Train MSE Loss     : 1.00002074	 | 	Train MAPE Loss     : 0.38454667
Valid MSE Loss     : 0.00001217	 | 	Valid MAPE Loss     : 0.32807997
lr                 : [3.0000000000000004e-09]


Epoch : 130
Train MSE Loss     : 1.00002599	 | 	Train MAPE Loss     : 0.43024158
Valid MSE Loss     : 0.00002020	 | 	Valid MAPE Loss     : 0.43263221
lr                 : [3.0000000000000004e-09]


Epoch : 131
Train MSE Loss     : 1.00002027	 | 	Train MAPE Loss     : 0.36763635
Valid MSE Loss     : 0.00001361	 | 	Valid MAPE Loss     : 0.35016039
lr                 : [3.0000000000000004e-09]


Epoch : 132
Train MSE Loss     : 1.00001836	 | 	Train MAPE Loss     : 0.36251503
Valid MSE Loss     : 0.00000960	 | 	Valid MAPE Loss     : 0.28133205
lr                 : [3.0000000000000004e-09]


Epoch : 133
Train MSE Loss     : 1.00002730	 | 	Train MAPE Loss     : 0.43460506
Valid MSE Loss     : 0.00001209	 | 	Valid MAPE Loss     : 0.32455659
lr                 : [3.0000000000000004e-09]


Epoch : 134
Train MSE Loss     : 1.00001764	 | 	Train MAPE Loss     : 0.34666401
Valid MSE Loss     : 0.00001107	 | 	Valid MAPE Loss     : 0.31637594
lr                 : [3.0000000000000004e-09]


Epoch : 135
Train MSE Loss     : 1.00001502	 | 	Train MAPE Loss     : 0.31896967
Valid MSE Loss     : 0.00001151	 | 	Valid MAPE Loss     : 0.32644454
lr                 : [3.0000000000000004e-09]


Epoch : 136
Train MSE Loss     : 1.00002694	 | 	Train MAPE Loss     : 0.42789808
Valid MSE Loss     : 0.00001018	 | 	Valid MAPE Loss     : 0.29707804
lr                 : [3.0000000000000004e-09]


Epoch : 137
Train MSE Loss     : 1.00001931	 | 	Train MAPE Loss     : 0.37853822
Valid MSE Loss     : 0.00001982	 | 	Valid MAPE Loss     : 0.42285445
lr                 : [3.0000000000000004e-09]


Epoch : 138
Train MSE Loss     : 1.00002050	 | 	Train MAPE Loss     : 0.38684255
Valid MSE Loss     : 0.00001111	 | 	Valid MAPE Loss     : 0.31013000
lr                 : [3.0000000000000004e-09]


Epoch : 139
Train MSE Loss     : 1.00002170	 | 	Train MAPE Loss     : 0.39946726
Valid MSE Loss     : 0.00001619	 | 	Valid MAPE Loss     : 0.38778046
lr                 : [3.0000000000000004e-09]


Epoch : 140
Train MSE Loss     : 1.00002873	 | 	Train MAPE Loss     : 0.44592756
Valid MSE Loss     : 0.00001775	 | 	Valid MAPE Loss     : 0.40561447
lr                 : [3.0000000000000004e-09]


Epoch : 141
Train MSE Loss     : 1.00001740	 | 	Train MAPE Loss     : 0.36317247
Valid MSE Loss     : 0.00001115	 | 	Valid MAPE Loss     : 0.31119063
lr                 : [3.0000000000000004e-09]


Epoch : 142
Train MSE Loss     : 1.00002313	 | 	Train MAPE Loss     : 0.40823585
Valid MSE Loss     : 0.00001085	 | 	Valid MAPE Loss     : 0.30270123
lr                 : [3.0000000000000004e-09]


Epoch : 143
Train MSE Loss     : 1.00001359	 | 	Train MAPE Loss     : 0.31932336
Valid MSE Loss     : 0.00001587	 | 	Valid MAPE Loss     : 0.38453904
lr                 : [3.0000000000000004e-09]


Epoch : 144
Train MSE Loss     : 1.00002515	 | 	Train MAPE Loss     : 0.41516930
Valid MSE Loss     : 0.00001933	 | 	Valid MAPE Loss     : 0.41816068
lr                 : [3.0000000000000004e-09]


Epoch : 145
Train MSE Loss     : 1.00001442	 | 	Train MAPE Loss     : 0.31233698
Valid MSE Loss     : 0.00001607	 | 	Valid MAPE Loss     : 0.38348714
lr                 : [3.0000000000000004e-09]


Epoch : 146
Train MSE Loss     : 1.00002170	 | 	Train MAPE Loss     : 0.39793557
Valid MSE Loss     : 0.00001620	 | 	Valid MAPE Loss     : 0.37711963
lr                 : [3.0000000000000004e-09]


Epoch : 147
Train MSE Loss     : 1.00001907	 | 	Train MAPE Loss     : 0.37260398
Valid MSE Loss     : 0.00001460	 | 	Valid MAPE Loss     : 0.36699855
lr                 : [3.0000000000000004e-09]


Epoch : 148
Train MSE Loss     : 1.00002348	 | 	Train MAPE Loss     : 0.40774816
Valid MSE Loss     : 0.00001017	 | 	Valid MAPE Loss     : 0.29904005
lr                 : [3.0000000000000004e-09]


Epoch : 149
Train MSE Loss     : 1.00001395	 | 	Train MAPE Loss     : 0.30620795
Valid MSE Loss     : 0.00001043	 | 	Valid MAPE Loss     : 0.30725399
lr                 : [3.0000000000000004e-09]


Epoch : 150
Train MSE Loss     : 1.00002480	 | 	Train MAPE Loss     : 0.41838017
Valid MSE Loss     : 0.00001732	 | 	Valid MAPE Loss     : 0.39776060
lr                 : [3.0000000000000004e-09]


Evaluate on the Test set:
Test MAPE loss      :0.16606410	 | Test MSE loss      : 0.00000385

################## Training is Done! #########################
Training time is : 0:52:34.018952
