=============================================
Dataset: cell_XJTU_batch5_prepocess_data
Mode:    supervised_with_contrast
=============================================
Training started ....

Epoch : 1
Train MSE Loss     : 1.11148655	 | 	Train MAPE Loss     : 31.34483337
Valid MSE Loss     : 0.06335519	 | 	Valid MAPE Loss     : 26.01130295
lr                 : [0.0003]


Epoch : 2
Train MSE Loss     : 1.00609517	 | 	Train MAPE Loss     : 7.05482101
Valid MSE Loss     : 0.00075897	 | 	Valid MAPE Loss     : 2.35852265
lr                 : [0.0003]


Epoch : 3
Train MSE Loss     : 1.00576508	 | 	Train MAPE Loss     : 6.38787222
Valid MSE Loss     : 0.01252418	 | 	Valid MAPE Loss     : 10.89719868
lr                 : [0.0003]


Epoch : 4
Train MSE Loss     : 1.00529206	 | 	Train MAPE Loss     : 5.93516922
Valid MSE Loss     : 0.00470709	 | 	Valid MAPE Loss     : 7.00616741
lr                 : [0.0003]


Epoch : 5
Train MSE Loss     : 1.01817954	 | 	Train MAPE Loss     : 12.29175854
Valid MSE Loss     : 0.00099023	 | 	Valid MAPE Loss     : 2.81808162
lr                 : [0.0003]


Epoch : 6
Train MSE Loss     : 1.00241208	 | 	Train MAPE Loss     : 4.24674940
Valid MSE Loss     : 0.00363625	 | 	Valid MAPE Loss     : 6.04240751
lr                 : [0.0003]


Epoch : 7
Train MSE Loss     : 1.00364554	 | 	Train MAPE Loss     : 5.57547474
Valid MSE Loss     : 0.00088269	 | 	Valid MAPE Loss     : 2.78076768
lr                 : [0.0003]


Epoch : 8
Train MSE Loss     : 1.00171852	 | 	Train MAPE Loss     : 3.63184500
Valid MSE Loss     : 0.00079045	 | 	Valid MAPE Loss     : 1.98904872
lr                 : [0.0003]


Epoch : 9
Train MSE Loss     : 1.00160241	 | 	Train MAPE Loss     : 3.54141259
Valid MSE Loss     : 0.00029105	 | 	Valid MAPE Loss     : 1.42254007
lr                 : [0.0003]


Epoch : 10
Train MSE Loss     : 1.00032806	 | 	Train MAPE Loss     : 1.53792870
Valid MSE Loss     : 0.00020338	 | 	Valid MAPE Loss     : 1.18559361
lr                 : [0.0003]


Epoch : 11
Train MSE Loss     : 1.00071561	 | 	Train MAPE Loss     : 2.29304886
Valid MSE Loss     : 0.00128561	 | 	Valid MAPE Loss     : 3.44561481
lr                 : [0.0003]


Epoch : 12
Train MSE Loss     : 1.00042868	 | 	Train MAPE Loss     : 1.72144294
Valid MSE Loss     : 0.00014173	 | 	Valid MAPE Loss     : 0.94534922
lr                 : [0.0003]


Epoch : 13
Train MSE Loss     : 1.00055802	 | 	Train MAPE Loss     : 2.16035676
Valid MSE Loss     : 0.00021355	 | 	Valid MAPE Loss     : 1.26058912
lr                 : [0.0003]


Epoch : 14
Train MSE Loss     : 1.00060964	 | 	Train MAPE Loss     : 2.13606501
Valid MSE Loss     : 0.00011663	 | 	Valid MAPE Loss     : 0.86715293
lr                 : [0.0003]


Epoch : 15
Train MSE Loss     : 1.00068247	 | 	Train MAPE Loss     : 2.37814093
Valid MSE Loss     : 0.00022157	 | 	Valid MAPE Loss     : 1.26864278
lr                 : [0.0003]


Epoch : 16
Train MSE Loss     : 1.00036085	 | 	Train MAPE Loss     : 1.68503356
Valid MSE Loss     : 0.00025287	 | 	Valid MAPE Loss     : 1.39274669
lr                 : [0.0003]


Epoch : 17
Train MSE Loss     : 1.00064218	 | 	Train MAPE Loss     : 2.22941351
Valid MSE Loss     : 0.00037674	 | 	Valid MAPE Loss     : 1.75179052
lr                 : [0.0003]


Epoch : 18
Train MSE Loss     : 1.00025344	 | 	Train MAPE Loss     : 1.37919688
Valid MSE Loss     : 0.00022391	 | 	Valid MAPE Loss     : 1.23795938
lr                 : [0.0003]


Epoch : 19
Train MSE Loss     : 1.00100982	 | 	Train MAPE Loss     : 2.99189496
Valid MSE Loss     : 0.00062891	 | 	Valid MAPE Loss     : 2.32435131
lr                 : [0.0003]


Epoch : 20
Train MSE Loss     : 1.00213253	 | 	Train MAPE Loss     : 4.35888958
Valid MSE Loss     : 0.00029560	 | 	Valid MAPE Loss     : 1.56868327
lr                 : [0.0003]


Epoch : 21
Train MSE Loss     : 1.00073588	 | 	Train MAPE Loss     : 2.39770865
Valid MSE Loss     : 0.00369960	 | 	Valid MAPE Loss     : 6.19390869
lr                 : [0.0003]


Epoch : 22
Train MSE Loss     : 1.00115621	 | 	Train MAPE Loss     : 3.16727686
Valid MSE Loss     : 0.00097912	 | 	Valid MAPE Loss     : 3.01079535
lr                 : [0.0003]


Epoch : 23
Train MSE Loss     : 1.00023246	 | 	Train MAPE Loss     : 1.29431391
Valid MSE Loss     : 0.00026948	 | 	Valid MAPE Loss     : 1.49971139
lr                 : [0.0003]


Epoch : 24
Train MSE Loss     : 1.00050318	 | 	Train MAPE Loss     : 1.92399025
Valid MSE Loss     : 0.00066436	 | 	Valid MAPE Loss     : 2.41755366
lr                 : [0.0003]


Epoch : 25
Train MSE Loss     : 1.00108349	 | 	Train MAPE Loss     : 3.02504992
Valid MSE Loss     : 0.00012077	 | 	Valid MAPE Loss     : 0.92758352
lr                 : [2.9999999999999997e-05]


Epoch : 26
Train MSE Loss     : 1.00020468	 | 	Train MAPE Loss     : 1.15317619
Valid MSE Loss     : 0.00022942	 | 	Valid MAPE Loss     : 1.31741822
lr                 : [2.9999999999999997e-05]


Epoch : 27
Train MSE Loss     : 1.00013542	 | 	Train MAPE Loss     : 0.99353546
Valid MSE Loss     : 0.00011922	 | 	Valid MAPE Loss     : 0.86180913
lr                 : [2.9999999999999997e-05]


Epoch : 28
Train MSE Loss     : 1.00010097	 | 	Train MAPE Loss     : 0.82428402
Valid MSE Loss     : 0.00009856	 | 	Valid MAPE Loss     : 0.77411544
lr                 : [2.9999999999999997e-05]


Epoch : 29
Train MSE Loss     : 1.00007975	 | 	Train MAPE Loss     : 0.72316730
Valid MSE Loss     : 0.00009427	 | 	Valid MAPE Loss     : 0.77037334
lr                 : [2.9999999999999997e-05]


Epoch : 30
Train MSE Loss     : 1.00011468	 | 	Train MAPE Loss     : 0.93175966
Valid MSE Loss     : 0.00008951	 | 	Valid MAPE Loss     : 0.72813779
lr                 : [2.9999999999999997e-05]


Epoch : 31
Train MSE Loss     : 1.00016236	 | 	Train MAPE Loss     : 1.11448026
Valid MSE Loss     : 0.00007136	 | 	Valid MAPE Loss     : 0.65425521
lr                 : [2.9999999999999997e-05]


Epoch : 32
Train MSE Loss     : 1.00011051	 | 	Train MAPE Loss     : 0.87922043
Valid MSE Loss     : 0.00009282	 | 	Valid MAPE Loss     : 0.75672984
lr                 : [2.9999999999999997e-05]


Epoch : 33
Train MSE Loss     : 1.00008237	 | 	Train MAPE Loss     : 0.75803858
Valid MSE Loss     : 0.00007157	 | 	Valid MAPE Loss     : 0.64002222
lr                 : [2.9999999999999997e-05]


Epoch : 34
Train MSE Loss     : 1.00009179	 | 	Train MAPE Loss     : 0.80606747
Valid MSE Loss     : 0.00008681	 | 	Valid MAPE Loss     : 0.71596175
lr                 : [2.9999999999999997e-05]


Epoch : 35
Train MSE Loss     : 1.00006962	 | 	Train MAPE Loss     : 0.70351285
Valid MSE Loss     : 0.00009922	 | 	Valid MAPE Loss     : 0.79912758
lr                 : [2.9999999999999997e-05]


Epoch : 36
Train MSE Loss     : 1.00007248	 | 	Train MAPE Loss     : 0.70842975
Valid MSE Loss     : 0.00013723	 | 	Valid MAPE Loss     : 1.00441074
lr                 : [2.9999999999999997e-05]


Epoch : 37
Train MSE Loss     : 1.00008261	 | 	Train MAPE Loss     : 0.79315263
Valid MSE Loss     : 0.00006442	 | 	Valid MAPE Loss     : 0.63503993
lr                 : [2.9999999999999997e-05]


Epoch : 38
Train MSE Loss     : 1.00005460	 | 	Train MAPE Loss     : 0.59121943
Valid MSE Loss     : 0.00009242	 | 	Valid MAPE Loss     : 0.78066170
lr                 : [2.9999999999999997e-05]


Epoch : 39
Train MSE Loss     : 1.00005376	 | 	Train MAPE Loss     : 0.60247999
Valid MSE Loss     : 0.00006509	 | 	Valid MAPE Loss     : 0.64857376
lr                 : [2.9999999999999997e-05]


Epoch : 40
Train MSE Loss     : 1.00004423	 | 	Train MAPE Loss     : 0.54712480
Valid MSE Loss     : 0.00006753	 | 	Valid MAPE Loss     : 0.62468266
lr                 : [2.9999999999999997e-05]


Epoch : 41
Train MSE Loss     : 1.00012219	 | 	Train MAPE Loss     : 0.97345525
Valid MSE Loss     : 0.00008722	 | 	Valid MAPE Loss     : 0.78402108
lr                 : [2.9999999999999997e-05]


Epoch : 42
Train MSE Loss     : 1.00008714	 | 	Train MAPE Loss     : 0.79007381
Valid MSE Loss     : 0.00008728	 | 	Valid MAPE Loss     : 0.72052348
lr                 : [2.9999999999999997e-05]


Epoch : 43
Train MSE Loss     : 1.00009811	 | 	Train MAPE Loss     : 0.83874708
Valid MSE Loss     : 0.00012202	 | 	Valid MAPE Loss     : 0.95539463
lr                 : [2.9999999999999997e-05]


Epoch : 44
Train MSE Loss     : 1.00004888	 | 	Train MAPE Loss     : 0.58533198
Valid MSE Loss     : 0.00005720	 | 	Valid MAPE Loss     : 0.60178661
lr                 : [2.9999999999999997e-05]


Epoch : 45
Train MSE Loss     : 1.00006974	 | 	Train MAPE Loss     : 0.71198517
Valid MSE Loss     : 0.00006292	 | 	Valid MAPE Loss     : 0.61631429
lr                 : [2.9999999999999997e-05]


Epoch : 46
Train MSE Loss     : 1.00006962	 | 	Train MAPE Loss     : 0.72982794
Valid MSE Loss     : 0.00011898	 | 	Valid MAPE Loss     : 0.92089701
lr                 : [2.9999999999999997e-05]


Epoch : 47
Train MSE Loss     : 1.00020134	 | 	Train MAPE Loss     : 1.30090773
Valid MSE Loss     : 0.00009655	 | 	Valid MAPE Loss     : 0.79340988
lr                 : [2.9999999999999997e-05]


Epoch : 48
Train MSE Loss     : 1.00008547	 | 	Train MAPE Loss     : 0.81576627
Valid MSE Loss     : 0.00007686	 | 	Valid MAPE Loss     : 0.69166958
lr                 : [2.9999999999999997e-05]


Epoch : 49
Train MSE Loss     : 1.00008297	 | 	Train MAPE Loss     : 0.80861104
Valid MSE Loss     : 0.00008277	 | 	Valid MAPE Loss     : 0.71876335
lr                 : [2.9999999999999997e-05]


Epoch : 50
Train MSE Loss     : 1.00014782	 | 	Train MAPE Loss     : 1.12761903
Valid MSE Loss     : 0.00005852	 | 	Valid MAPE Loss     : 0.58170885
lr                 : [2.9999999999999997e-05]


Epoch : 51
Train MSE Loss     : 1.00004995	 | 	Train MAPE Loss     : 0.59498149
Valid MSE Loss     : 0.00005588	 | 	Valid MAPE Loss     : 0.56864178
lr                 : [2.9999999999999997e-05]


Epoch : 52
Train MSE Loss     : 1.00005078	 | 	Train MAPE Loss     : 0.59609449
Valid MSE Loss     : 0.00005150	 | 	Valid MAPE Loss     : 0.54328078
lr                 : [2.9999999999999997e-05]


Epoch : 53
Train MSE Loss     : 1.00005174	 | 	Train MAPE Loss     : 0.60980487
Valid MSE Loss     : 0.00005235	 | 	Valid MAPE Loss     : 0.53197062
lr                 : [2.9999999999999997e-05]


Epoch : 54
Train MSE Loss     : 1.00009167	 | 	Train MAPE Loss     : 0.81131971
Valid MSE Loss     : 0.00011091	 | 	Valid MAPE Loss     : 0.92222595
lr                 : [2.9999999999999997e-05]


Epoch : 55
Train MSE Loss     : 1.00010049	 | 	Train MAPE Loss     : 0.80932492
Valid MSE Loss     : 0.00006924	 | 	Valid MAPE Loss     : 0.64574611
lr                 : [2.9999999999999997e-05]


Epoch : 56
Train MSE Loss     : 1.00005627	 | 	Train MAPE Loss     : 0.60514730
Valid MSE Loss     : 0.00004829	 | 	Valid MAPE Loss     : 0.50534177
lr                 : [2.9999999999999997e-05]


Epoch : 57
Train MSE Loss     : 1.00006604	 | 	Train MAPE Loss     : 0.69717020
Valid MSE Loss     : 0.00007456	 | 	Valid MAPE Loss     : 0.68561172
lr                 : [2.9999999999999997e-05]


Epoch : 58
Train MSE Loss     : 1.00004172	 | 	Train MAPE Loss     : 0.53688312
Valid MSE Loss     : 0.00006390	 | 	Valid MAPE Loss     : 0.59608549
lr                 : [2.9999999999999997e-05]


Epoch : 59
Train MSE Loss     : 1.00004470	 | 	Train MAPE Loss     : 0.54598182
Valid MSE Loss     : 0.00005194	 | 	Valid MAPE Loss     : 0.52203214
lr                 : [2.9999999999999997e-05]


Epoch : 60
Train MSE Loss     : 1.00003302	 | 	Train MAPE Loss     : 0.48479450
Valid MSE Loss     : 0.00004310	 | 	Valid MAPE Loss     : 0.47793394
lr                 : [2.9999999999999997e-05]


Epoch : 61
Train MSE Loss     : 1.00003695	 | 	Train MAPE Loss     : 0.51358420
Valid MSE Loss     : 0.00004532	 | 	Valid MAPE Loss     : 0.52616167
lr                 : [2.9999999999999997e-05]


Epoch : 62
Train MSE Loss     : 1.00004554	 | 	Train MAPE Loss     : 0.56309021
Valid MSE Loss     : 0.00005128	 | 	Valid MAPE Loss     : 0.55611795
lr                 : [2.9999999999999997e-05]


Epoch : 63
Train MSE Loss     : 1.00003827	 | 	Train MAPE Loss     : 0.50187147
Valid MSE Loss     : 0.00005267	 | 	Valid MAPE Loss     : 0.55479896
lr                 : [2.9999999999999997e-05]


Epoch : 64
Train MSE Loss     : 1.00004458	 | 	Train MAPE Loss     : 0.56639439
Valid MSE Loss     : 0.00004826	 | 	Valid MAPE Loss     : 0.53713250
lr                 : [2.9999999999999997e-05]


Epoch : 65
Train MSE Loss     : 1.00010371	 | 	Train MAPE Loss     : 0.92431575
Valid MSE Loss     : 0.00006585	 | 	Valid MAPE Loss     : 0.69555157
lr                 : [2.9999999999999997e-05]


Epoch : 66
Train MSE Loss     : 1.00013971	 | 	Train MAPE Loss     : 1.10086811
Valid MSE Loss     : 0.00007615	 | 	Valid MAPE Loss     : 0.71348542
lr                 : [2.9999999999999997e-05]


Epoch : 67
Train MSE Loss     : 1.00029159	 | 	Train MAPE Loss     : 1.70947540
Valid MSE Loss     : 0.00029079	 | 	Valid MAPE Loss     : 1.62123036
lr                 : [2.9999999999999997e-05]


Epoch : 68
Train MSE Loss     : 1.00007737	 | 	Train MAPE Loss     : 0.77268767
Valid MSE Loss     : 0.00005941	 | 	Valid MAPE Loss     : 0.64270258
lr                 : [2.9999999999999997e-05]


Epoch : 69
Train MSE Loss     : 1.00006390	 | 	Train MAPE Loss     : 0.66216981
Valid MSE Loss     : 0.00007025	 | 	Valid MAPE Loss     : 0.62888789
lr                 : [2.9999999999999997e-05]


Epoch : 70
Train MSE Loss     : 1.00004590	 | 	Train MAPE Loss     : 0.56068707
Valid MSE Loss     : 0.00004369	 | 	Valid MAPE Loss     : 0.49677837
lr                 : [2.9999999999999997e-05]


Epoch : 71
Train MSE Loss     : 1.00004685	 | 	Train MAPE Loss     : 0.58005893
Valid MSE Loss     : 0.00005343	 | 	Valid MAPE Loss     : 0.58813208
lr                 : [3e-06]


Epoch : 72
Train MSE Loss     : 1.00003767	 | 	Train MAPE Loss     : 0.50778937
Valid MSE Loss     : 0.00005564	 | 	Valid MAPE Loss     : 0.57622051
lr                 : [3e-06]


Epoch : 73
Train MSE Loss     : 1.00002646	 | 	Train MAPE Loss     : 0.41301265
Valid MSE Loss     : 0.00003973	 | 	Valid MAPE Loss     : 0.45921639
lr                 : [3e-06]


Epoch : 74
Train MSE Loss     : 1.00003028	 | 	Train MAPE Loss     : 0.44560239
Valid MSE Loss     : 0.00004649	 | 	Valid MAPE Loss     : 0.51215768
lr                 : [3e-06]


Epoch : 75
Train MSE Loss     : 1.00002861	 | 	Train MAPE Loss     : 0.43650359
Valid MSE Loss     : 0.00004331	 | 	Valid MAPE Loss     : 0.48346695
lr                 : [3e-06]


Epoch : 76
Train MSE Loss     : 1.00002682	 | 	Train MAPE Loss     : 0.43048733
Valid MSE Loss     : 0.00004634	 | 	Valid MAPE Loss     : 0.50781411
lr                 : [3e-06]


Epoch : 77
Train MSE Loss     : 1.00002646	 | 	Train MAPE Loss     : 0.41149676
Valid MSE Loss     : 0.00004614	 | 	Valid MAPE Loss     : 0.50078052
lr                 : [3e-06]


Epoch : 78
Train MSE Loss     : 1.00003231	 | 	Train MAPE Loss     : 0.46972114
Valid MSE Loss     : 0.00005891	 | 	Valid MAPE Loss     : 0.59671158
lr                 : [3e-06]


Epoch : 79
Train MSE Loss     : 1.00002718	 | 	Train MAPE Loss     : 0.43291369
Valid MSE Loss     : 0.00004143	 | 	Valid MAPE Loss     : 0.47294554
lr                 : [3e-06]


Epoch : 80
Train MSE Loss     : 1.00002193	 | 	Train MAPE Loss     : 0.37124196
Valid MSE Loss     : 0.00004197	 | 	Valid MAPE Loss     : 0.47364932
lr                 : [3e-06]


Epoch : 81
Train MSE Loss     : 1.00002408	 | 	Train MAPE Loss     : 0.38798302
Valid MSE Loss     : 0.00005515	 | 	Valid MAPE Loss     : 0.57431132
lr                 : [3e-06]


Epoch : 82
Train MSE Loss     : 1.00002432	 | 	Train MAPE Loss     : 0.40208843
Valid MSE Loss     : 0.00004206	 | 	Valid MAPE Loss     : 0.48141962
lr                 : [3e-06]


Epoch : 83
Train MSE Loss     : 1.00002134	 | 	Train MAPE Loss     : 0.36675748
Valid MSE Loss     : 0.00004258	 | 	Valid MAPE Loss     : 0.47906917
lr                 : [3e-06]


Epoch : 84
Train MSE Loss     : 1.00001836	 | 	Train MAPE Loss     : 0.33908522
Valid MSE Loss     : 0.00004536	 | 	Valid MAPE Loss     : 0.50370026
lr                 : [3.0000000000000004e-07]


Epoch : 85
Train MSE Loss     : 1.00001955	 | 	Train MAPE Loss     : 0.33895952
Valid MSE Loss     : 0.00005013	 | 	Valid MAPE Loss     : 0.53760993
lr                 : [3.0000000000000004e-07]


Epoch : 86
Train MSE Loss     : 1.00002646	 | 	Train MAPE Loss     : 0.40962493
Valid MSE Loss     : 0.00004360	 | 	Valid MAPE Loss     : 0.49097115
lr                 : [3.0000000000000004e-07]


Epoch : 87
Train MSE Loss     : 1.00002277	 | 	Train MAPE Loss     : 0.38444638
Valid MSE Loss     : 0.00004862	 | 	Valid MAPE Loss     : 0.52468407
lr                 : [3.0000000000000004e-07]


Epoch : 88
Train MSE Loss     : 1.00002241	 | 	Train MAPE Loss     : 0.37669563
Valid MSE Loss     : 0.00004350	 | 	Valid MAPE Loss     : 0.48654172
lr                 : [3.0000000000000004e-07]


Epoch : 89
Train MSE Loss     : 1.00002420	 | 	Train MAPE Loss     : 0.40906742
Valid MSE Loss     : 0.00004354	 | 	Valid MAPE Loss     : 0.48711100
lr                 : [3.0000000000000004e-07]


Epoch : 90
Train MSE Loss     : 1.00002015	 | 	Train MAPE Loss     : 0.36084354
Valid MSE Loss     : 0.00004586	 | 	Valid MAPE Loss     : 0.50569379
lr                 : [3.0000000000000004e-07]


Epoch : 91
Train MSE Loss     : 1.00002384	 | 	Train MAPE Loss     : 0.40023884
Valid MSE Loss     : 0.00004835	 | 	Valid MAPE Loss     : 0.52183270
lr                 : [3.0000000000000004e-07]


Epoch : 92
Train MSE Loss     : 1.00001955	 | 	Train MAPE Loss     : 0.35176063
Valid MSE Loss     : 0.00004398	 | 	Valid MAPE Loss     : 0.49383509
lr                 : [3.0000000000000004e-07]


Epoch : 93
Train MSE Loss     : 1.00002813	 | 	Train MAPE Loss     : 0.42758393
Valid MSE Loss     : 0.00004528	 | 	Valid MAPE Loss     : 0.50105202
lr                 : [3.0000000000000004e-07]


Epoch : 94
Train MSE Loss     : 1.00002110	 | 	Train MAPE Loss     : 0.36996996
Valid MSE Loss     : 0.00004860	 | 	Valid MAPE Loss     : 0.52258623
lr                 : [3.0000000000000004e-07]


Epoch : 95
Train MSE Loss     : 1.00002968	 | 	Train MAPE Loss     : 0.45338237
Valid MSE Loss     : 0.00004886	 | 	Valid MAPE Loss     : 0.53001672
lr                 : [3.0000000000000004e-08]


Epoch : 96
Train MSE Loss     : 1.00002825	 | 	Train MAPE Loss     : 0.43636400
Valid MSE Loss     : 0.00005866	 | 	Valid MAPE Loss     : 0.60047042
lr                 : [3.0000000000000004e-08]


Epoch : 97
Train MSE Loss     : 1.00002432	 | 	Train MAPE Loss     : 0.40042627
Valid MSE Loss     : 0.00005194	 | 	Valid MAPE Loss     : 0.55012202
lr                 : [3.0000000000000004e-08]


Epoch : 98
Train MSE Loss     : 1.00003839	 | 	Train MAPE Loss     : 0.51385307
Valid MSE Loss     : 0.00004285	 | 	Valid MAPE Loss     : 0.48457551
lr                 : [3.0000000000000004e-08]


Epoch : 99
Train MSE Loss     : 1.00002074	 | 	Train MAPE Loss     : 0.36238694
Valid MSE Loss     : 0.00004645	 | 	Valid MAPE Loss     : 0.50959957
lr                 : [3.0000000000000004e-08]


Epoch : 100
Train MSE Loss     : 1.00002897	 | 	Train MAPE Loss     : 0.44597346
Valid MSE Loss     : 0.00005348	 | 	Valid MAPE Loss     : 0.56246305
lr                 : [3.0000000000000004e-08]


Epoch : 101
Train MSE Loss     : 1.00002384	 | 	Train MAPE Loss     : 0.39653194
Valid MSE Loss     : 0.00005071	 | 	Valid MAPE Loss     : 0.54254961
lr                 : [3.0000000000000004e-08]


Epoch : 102
Train MSE Loss     : 1.00002146	 | 	Train MAPE Loss     : 0.36489633
Valid MSE Loss     : 0.00005192	 | 	Valid MAPE Loss     : 0.54341358
lr                 : [3.0000000000000004e-08]


Epoch : 103
Train MSE Loss     : 1.00002038	 | 	Train MAPE Loss     : 0.35686398
Valid MSE Loss     : 0.00004723	 | 	Valid MAPE Loss     : 0.51069117
lr                 : [3.0000000000000004e-08]


Epoch : 104
Train MSE Loss     : 1.00001800	 | 	Train MAPE Loss     : 0.32847562
Valid MSE Loss     : 0.00004610	 | 	Valid MAPE Loss     : 0.50439507
lr                 : [3.0000000000000004e-08]


Epoch : 105
Train MSE Loss     : 1.00001800	 | 	Train MAPE Loss     : 0.32223228
Valid MSE Loss     : 0.00004389	 | 	Valid MAPE Loss     : 0.49119639
lr                 : [3.0000000000000004e-08]


Epoch : 106
Train MSE Loss     : 1.00002623	 | 	Train MAPE Loss     : 0.40763643
Valid MSE Loss     : 0.00004212	 | 	Valid MAPE Loss     : 0.47887853
lr                 : [3.0000000000000004e-09]


Epoch : 107
Train MSE Loss     : 1.00002062	 | 	Train MAPE Loss     : 0.37338734
Valid MSE Loss     : 0.00004580	 | 	Valid MAPE Loss     : 0.50623190
lr                 : [3.0000000000000004e-09]


Epoch : 108
Train MSE Loss     : 1.00001752	 | 	Train MAPE Loss     : 0.32980627
Valid MSE Loss     : 0.00004663	 | 	Valid MAPE Loss     : 0.51356089
lr                 : [3.0000000000000004e-09]


Epoch : 109
Train MSE Loss     : 1.00002706	 | 	Train MAPE Loss     : 0.41109505
Valid MSE Loss     : 0.00004925	 | 	Valid MAPE Loss     : 0.52678531
lr                 : [3.0000000000000004e-09]


Epoch : 110
Train MSE Loss     : 1.00002027	 | 	Train MAPE Loss     : 0.36028877
Valid MSE Loss     : 0.00004667	 | 	Valid MAPE Loss     : 0.51126552
lr                 : [3.0000000000000004e-09]


Epoch : 111
Train MSE Loss     : 1.00002182	 | 	Train MAPE Loss     : 0.36897141
Valid MSE Loss     : 0.00004586	 | 	Valid MAPE Loss     : 0.50657636
lr                 : [3.0000000000000004e-09]


Epoch : 112
Train MSE Loss     : 1.00001955	 | 	Train MAPE Loss     : 0.35209298
Valid MSE Loss     : 0.00004593	 | 	Valid MAPE Loss     : 0.50426227
lr                 : [3.0000000000000004e-09]


Epoch : 113
Train MSE Loss     : 1.00002289	 | 	Train MAPE Loss     : 0.38680777
Valid MSE Loss     : 0.00004420	 | 	Valid MAPE Loss     : 0.49142557
lr                 : [3.0000000000000004e-09]


Epoch : 114
Train MSE Loss     : 1.00002038	 | 	Train MAPE Loss     : 0.36107230
Valid MSE Loss     : 0.00004817	 | 	Valid MAPE Loss     : 0.51894331
lr                 : [3.0000000000000004e-09]


Epoch : 115
Train MSE Loss     : 1.00002468	 | 	Train MAPE Loss     : 0.39859509
Valid MSE Loss     : 0.00004728	 | 	Valid MAPE Loss     : 0.51363337
lr                 : [3.0000000000000004e-09]


Epoch : 116
Train MSE Loss     : 1.00002074	 | 	Train MAPE Loss     : 0.35171470
Valid MSE Loss     : 0.00004784	 | 	Valid MAPE Loss     : 0.52159637
lr                 : [3.0000000000000004e-09]


Epoch : 117
Train MSE Loss     : 1.00002646	 | 	Train MAPE Loss     : 0.40789518
Valid MSE Loss     : 0.00005023	 | 	Valid MAPE Loss     : 0.53886610
lr                 : [3.0000000000000004e-09]


Epoch : 118
Train MSE Loss     : 1.00002146	 | 	Train MAPE Loss     : 0.37554544
Valid MSE Loss     : 0.00005156	 | 	Valid MAPE Loss     : 0.54547799
lr                 : [3.0000000000000004e-09]


Epoch : 119
Train MSE Loss     : 1.00002301	 | 	Train MAPE Loss     : 0.38491732
Valid MSE Loss     : 0.00004457	 | 	Valid MAPE Loss     : 0.49395320
lr                 : [3.0000000000000004e-09]


Epoch : 120
Train MSE Loss     : 1.00003898	 | 	Train MAPE Loss     : 0.52312851
Valid MSE Loss     : 0.00004614	 | 	Valid MAPE Loss     : 0.50339538
lr                 : [3.0000000000000004e-09]


Epoch : 121
Train MSE Loss     : 1.00001907	 | 	Train MAPE Loss     : 0.33761638
Valid MSE Loss     : 0.00004543	 | 	Valid MAPE Loss     : 0.50092751
lr                 : [3.0000000000000004e-09]


Epoch : 122
Train MSE Loss     : 1.00002015	 | 	Train MAPE Loss     : 0.35400820
Valid MSE Loss     : 0.00004525	 | 	Valid MAPE Loss     : 0.49878117
lr                 : [3.0000000000000004e-09]


Epoch : 123
Train MSE Loss     : 1.00002706	 | 	Train MAPE Loss     : 0.42318535
Valid MSE Loss     : 0.00004292	 | 	Valid MAPE Loss     : 0.48277831
lr                 : [3.0000000000000004e-09]


Epoch : 124
Train MSE Loss     : 1.00002503	 | 	Train MAPE Loss     : 0.40477023
Valid MSE Loss     : 0.00004940	 | 	Valid MAPE Loss     : 0.52602375
lr                 : [3.0000000000000004e-09]


Epoch : 125
Train MSE Loss     : 1.00002015	 | 	Train MAPE Loss     : 0.36402181
Valid MSE Loss     : 0.00004817	 | 	Valid MAPE Loss     : 0.52093452
lr                 : [3.0000000000000004e-09]


Epoch : 126
Train MSE Loss     : 1.00002527	 | 	Train MAPE Loss     : 0.39462832
Valid MSE Loss     : 0.00005164	 | 	Valid MAPE Loss     : 0.54785407
lr                 : [3.0000000000000004e-09]


Epoch : 127
Train MSE Loss     : 1.00002670	 | 	Train MAPE Loss     : 0.41778383
Valid MSE Loss     : 0.00004601	 | 	Valid MAPE Loss     : 0.49953732
lr                 : [3.0000000000000004e-09]


Epoch : 128
Train MSE Loss     : 1.00002158	 | 	Train MAPE Loss     : 0.38487834
Valid MSE Loss     : 0.00004455	 | 	Valid MAPE Loss     : 0.49710023
lr                 : [3.0000000000000004e-09]


Epoch : 129
Train MSE Loss     : 1.00002337	 | 	Train MAPE Loss     : 0.37828946
Valid MSE Loss     : 0.00005056	 | 	Valid MAPE Loss     : 0.53572929
lr                 : [3.0000000000000004e-09]


Epoch : 130
Train MSE Loss     : 1.00001836	 | 	Train MAPE Loss     : 0.33001828
Valid MSE Loss     : 0.00004412	 | 	Valid MAPE Loss     : 0.49172986
lr                 : [3.0000000000000004e-09]


Epoch : 131
Train MSE Loss     : 1.00002301	 | 	Train MAPE Loss     : 0.36991352
Valid MSE Loss     : 0.00004474	 | 	Valid MAPE Loss     : 0.49739665
lr                 : [3.0000000000000004e-09]


Epoch : 132
Train MSE Loss     : 1.00002384	 | 	Train MAPE Loss     : 0.38839868
Valid MSE Loss     : 0.00005929	 | 	Valid MAPE Loss     : 0.60359818
lr                 : [3.0000000000000004e-09]


Epoch : 133
Train MSE Loss     : 1.00002551	 | 	Train MAPE Loss     : 0.39670134
Valid MSE Loss     : 0.00004710	 | 	Valid MAPE Loss     : 0.51558423
lr                 : [3.0000000000000004e-09]


Epoch : 134
Train MSE Loss     : 1.00001788	 | 	Train MAPE Loss     : 0.33233166
Valid MSE Loss     : 0.00004594	 | 	Valid MAPE Loss     : 0.50869739
lr                 : [3.0000000000000004e-09]


Epoch : 135
Train MSE Loss     : 1.00001836	 | 	Train MAPE Loss     : 0.33975074
Valid MSE Loss     : 0.00004919	 | 	Valid MAPE Loss     : 0.53107989
lr                 : [3.0000000000000004e-09]


Epoch : 136
Train MSE Loss     : 1.00002372	 | 	Train MAPE Loss     : 0.39041385
Valid MSE Loss     : 0.00004828	 | 	Valid MAPE Loss     : 0.52286589
lr                 : [3.0000000000000004e-09]


Epoch : 137
Train MSE Loss     : 1.00002038	 | 	Train MAPE Loss     : 0.36131734
Valid MSE Loss     : 0.00004547	 | 	Valid MAPE Loss     : 0.50590140
lr                 : [3.0000000000000004e-09]


Epoch : 138
Train MSE Loss     : 1.00001836	 | 	Train MAPE Loss     : 0.33702296
Valid MSE Loss     : 0.00005264	 | 	Valid MAPE Loss     : 0.55411214
lr                 : [3.0000000000000004e-09]


Epoch : 139
Train MSE Loss     : 1.00002551	 | 	Train MAPE Loss     : 0.42177498
Valid MSE Loss     : 0.00004426	 | 	Valid MAPE Loss     : 0.49245083
lr                 : [3.0000000000000004e-09]


Epoch : 140
Train MSE Loss     : 1.00003064	 | 	Train MAPE Loss     : 0.43767998
Valid MSE Loss     : 0.00005607	 | 	Valid MAPE Loss     : 0.57998097
lr                 : [3.0000000000000004e-09]


Epoch : 141
Train MSE Loss     : 1.00002432	 | 	Train MAPE Loss     : 0.39135647
Valid MSE Loss     : 0.00004384	 | 	Valid MAPE Loss     : 0.49080822
lr                 : [3.0000000000000004e-09]


Epoch : 142
Train MSE Loss     : 1.00003028	 | 	Train MAPE Loss     : 0.44148299
Valid MSE Loss     : 0.00004517	 | 	Valid MAPE Loss     : 0.49856257
lr                 : [3.0000000000000004e-09]


Epoch : 143
Train MSE Loss     : 1.00002897	 | 	Train MAPE Loss     : 0.44626260
Valid MSE Loss     : 0.00004273	 | 	Valid MAPE Loss     : 0.48049664
lr                 : [3.0000000000000004e-09]


Epoch : 144
Train MSE Loss     : 1.00002432	 | 	Train MAPE Loss     : 0.39305213
Valid MSE Loss     : 0.00004333	 | 	Valid MAPE Loss     : 0.48357457
lr                 : [3.0000000000000004e-09]


Epoch : 145
Train MSE Loss     : 1.00002122	 | 	Train MAPE Loss     : 0.37080953
Valid MSE Loss     : 0.00004376	 | 	Valid MAPE Loss     : 0.49195975
lr                 : [3.0000000000000004e-09]


Epoch : 146
Train MSE Loss     : 1.00001740	 | 	Train MAPE Loss     : 0.32202321
Valid MSE Loss     : 0.00004410	 | 	Valid MAPE Loss     : 0.49273613
lr                 : [3.0000000000000004e-09]


Epoch : 147
Train MSE Loss     : 1.00003040	 | 	Train MAPE Loss     : 0.45005727
Valid MSE Loss     : 0.00005807	 | 	Valid MAPE Loss     : 0.59254140
lr                 : [3.0000000000000004e-09]


Epoch : 148
Train MSE Loss     : 1.00002789	 | 	Train MAPE Loss     : 0.43136552
Valid MSE Loss     : 0.00005085	 | 	Valid MAPE Loss     : 0.54069871
lr                 : [3.0000000000000004e-09]


Epoch : 149
Train MSE Loss     : 1.00002277	 | 	Train MAPE Loss     : 0.38666841
Valid MSE Loss     : 0.00004998	 | 	Valid MAPE Loss     : 0.53495842
lr                 : [3.0000000000000004e-09]


Epoch : 150
Train MSE Loss     : 1.00002098	 | 	Train MAPE Loss     : 0.36406144
Valid MSE Loss     : 0.00004235	 | 	Valid MAPE Loss     : 0.47782484
lr                 : [3.0000000000000004e-09]


Evaluate on the Test set:
Test MAPE loss      :0.56652808	 | Test MSE loss      : 0.00005284

################## Training is Done! #########################
