=============================================
Dataset: cell_XJTU_batch2_prepocess_data
Mode:    supervised_with_contrast
=============================================
Training started ....

Epoch : 1
Train MSE Loss     : 1.05252635	 | 	Train MAPE Loss     : 23.94746780
Valid MSE Loss     : 0.02802431	 | 	Valid MAPE Loss     : 17.70095253
lr                 : [0.0003]


Epoch : 2
Train MSE Loss     : 1.00200641	 | 	Train MAPE Loss     : 3.21038604
Valid MSE Loss     : 0.00164647	 | 	Valid MAPE Loss     : 4.28321028
lr                 : [0.0003]


Epoch : 3
Train MSE Loss     : 1.00171018	 | 	Train MAPE Loss     : 3.83642411
Valid MSE Loss     : 0.00036812	 | 	Valid MAPE Loss     : 1.63341856
lr                 : [0.0003]


Epoch : 4
Train MSE Loss     : 1.00085199	 | 	Train MAPE Loss     : 2.56615853
Valid MSE Loss     : 0.01084134	 | 	Valid MAPE Loss     : 11.20690155
lr                 : [0.0003]


Epoch : 5
Train MSE Loss     : 1.00352824	 | 	Train MAPE Loss     : 5.80628920
Valid MSE Loss     : 0.00331269	 | 	Valid MAPE Loss     : 6.22231150
lr                 : [0.0003]


Epoch : 6
Train MSE Loss     : 1.01433241	 | 	Train MAPE Loss     : 12.12677956
Valid MSE Loss     : 0.00189244	 | 	Valid MAPE Loss     : 4.65664101
lr                 : [0.0003]


Epoch : 7
Train MSE Loss     : 1.00596452	 | 	Train MAPE Loss     : 7.39505625
Valid MSE Loss     : 0.00143824	 | 	Valid MAPE Loss     : 3.90548921
lr                 : [0.0003]


Epoch : 8
Train MSE Loss     : 1.00203061	 | 	Train MAPE Loss     : 4.42444086
Valid MSE Loss     : 0.00250473	 | 	Valid MAPE Loss     : 5.40804291
lr                 : [0.0003]


Epoch : 9
Train MSE Loss     : 1.00566363	 | 	Train MAPE Loss     : 7.35654259
Valid MSE Loss     : 0.00082712	 | 	Valid MAPE Loss     : 3.08970857
lr                 : [0.0003]


Epoch : 10
Train MSE Loss     : 1.00309289	 | 	Train MAPE Loss     : 5.12616587
Valid MSE Loss     : 0.00016700	 | 	Valid MAPE Loss     : 1.11645067
lr                 : [0.0003]


Epoch : 11
Train MSE Loss     : 1.00123680	 | 	Train MAPE Loss     : 3.48573709
Valid MSE Loss     : 0.00709307	 | 	Valid MAPE Loss     : 9.13064098
lr                 : [0.0003]


Epoch : 12
Train MSE Loss     : 1.01194417	 | 	Train MAPE Loss     : 11.26708221
Valid MSE Loss     : 0.00019687	 | 	Valid MAPE Loss     : 1.27024031
lr                 : [0.0003]


Epoch : 13
Train MSE Loss     : 1.00025189	 | 	Train MAPE Loss     : 1.34850001
Valid MSE Loss     : 0.00071575	 | 	Valid MAPE Loss     : 2.43397212
lr                 : [0.0003]


Epoch : 14
Train MSE Loss     : 1.00090873	 | 	Train MAPE Loss     : 2.49922466
Valid MSE Loss     : 0.00066933	 | 	Valid MAPE Loss     : 2.77647853
lr                 : [0.0003]


Epoch : 15
Train MSE Loss     : 1.00274098	 | 	Train MAPE Loss     : 5.01827145
Valid MSE Loss     : 0.01331937	 | 	Valid MAPE Loss     : 12.44198132
lr                 : [0.0003]


Epoch : 16
Train MSE Loss     : 1.00138819	 | 	Train MAPE Loss     : 3.60547948
Valid MSE Loss     : 0.00005739	 | 	Valid MAPE Loss     : 0.66564208
lr                 : [0.0003]


Epoch : 17
Train MSE Loss     : 1.00673389	 | 	Train MAPE Loss     : 7.22683620
Valid MSE Loss     : 0.02070141	 | 	Valid MAPE Loss     : 15.57648373
lr                 : [0.0003]


Epoch : 18
Train MSE Loss     : 1.01056170	 | 	Train MAPE Loss     : 10.32688618
Valid MSE Loss     : 0.03716361	 | 	Valid MAPE Loss     : 20.70817947
lr                 : [0.0003]


Epoch : 19
Train MSE Loss     : 1.02150524	 | 	Train MAPE Loss     : 15.38398457
Valid MSE Loss     : 0.00694316	 | 	Valid MAPE Loss     : 8.83806610
lr                 : [0.0003]


Epoch : 20
Train MSE Loss     : 1.00454175	 | 	Train MAPE Loss     : 6.61825848
Valid MSE Loss     : 0.01967122	 | 	Valid MAPE Loss     : 15.16063976
lr                 : [0.0003]


Epoch : 21
Train MSE Loss     : 1.02189147	 | 	Train MAPE Loss     : 15.76937389
Valid MSE Loss     : 0.00487846	 | 	Valid MAPE Loss     : 7.30144501
lr                 : [0.0003]


Epoch : 22
Train MSE Loss     : 1.00078702	 | 	Train MAPE Loss     : 2.54279447
Valid MSE Loss     : 0.00029160	 | 	Valid MAPE Loss     : 1.81264174
lr                 : [0.0003]


Epoch : 23
Train MSE Loss     : 1.00586784	 | 	Train MAPE Loss     : 7.66225052
Valid MSE Loss     : 0.00128175	 | 	Valid MAPE Loss     : 3.69579411
lr                 : [0.0003]


Epoch : 24
Train MSE Loss     : 1.00066566	 | 	Train MAPE Loss     : 2.35156131
Valid MSE Loss     : 0.00398512	 | 	Valid MAPE Loss     : 6.80197763
lr                 : [0.0003]


Epoch : 25
Train MSE Loss     : 1.00708556	 | 	Train MAPE Loss     : 8.45419312
Valid MSE Loss     : 0.00203427	 | 	Valid MAPE Loss     : 4.62562466
lr                 : [0.0003]


Epoch : 26
Train MSE Loss     : 1.00242198	 | 	Train MAPE Loss     : 4.90518856
Valid MSE Loss     : 0.00007868	 | 	Valid MAPE Loss     : 0.78417414
lr                 : [0.0003]


Epoch : 27
Train MSE Loss     : 1.00501347	 | 	Train MAPE Loss     : 6.75094509
Valid MSE Loss     : 0.00047695	 | 	Valid MAPE Loss     : 2.26186013
lr                 : [2.9999999999999997e-05]


Epoch : 28
Train MSE Loss     : 1.00006902	 | 	Train MAPE Loss     : 0.72375441
Valid MSE Loss     : 0.00024641	 | 	Valid MAPE Loss     : 1.64740562
lr                 : [2.9999999999999997e-05]


Epoch : 29
Train MSE Loss     : 1.00003994	 | 	Train MAPE Loss     : 0.59480399
Valid MSE Loss     : 0.00000968	 | 	Valid MAPE Loss     : 0.12548934
lr                 : [2.9999999999999997e-05]


Epoch : 30
Train MSE Loss     : 1.00025141	 | 	Train MAPE Loss     : 1.54474998
Valid MSE Loss     : 0.00015865	 | 	Valid MAPE Loss     : 1.31959295
lr                 : [2.9999999999999997e-05]


Epoch : 31
Train MSE Loss     : 1.00017023	 | 	Train MAPE Loss     : 1.17941964
Valid MSE Loss     : 0.00017081	 | 	Valid MAPE Loss     : 1.37467623
lr                 : [2.9999999999999997e-05]


Epoch : 32
Train MSE Loss     : 1.00013399	 | 	Train MAPE Loss     : 1.06422520
Valid MSE Loss     : 0.00032824	 | 	Valid MAPE Loss     : 1.93263209
lr                 : [2.9999999999999997e-05]


Epoch : 33
Train MSE Loss     : 1.00014257	 | 	Train MAPE Loss     : 1.17630613
Valid MSE Loss     : 0.00040452	 | 	Valid MAPE Loss     : 2.15194726
lr                 : [2.9999999999999997e-05]


Epoch : 34
Train MSE Loss     : 1.00016105	 | 	Train MAPE Loss     : 1.23136330
Valid MSE Loss     : 0.00001385	 | 	Valid MAPE Loss     : 0.24543685
lr                 : [2.9999999999999997e-05]


Epoch : 35
Train MSE Loss     : 1.00005889	 | 	Train MAPE Loss     : 0.69104975
Valid MSE Loss     : 0.00006879	 | 	Valid MAPE Loss     : 0.82277280
lr                 : [2.9999999999999997e-05]


Epoch : 36
Train MSE Loss     : 1.00004196	 | 	Train MAPE Loss     : 0.58329624
Valid MSE Loss     : 0.00022962	 | 	Valid MAPE Loss     : 1.60532272
lr                 : [2.9999999999999997e-05]


Epoch : 37
Train MSE Loss     : 1.00004292	 | 	Train MAPE Loss     : 0.60521334
Valid MSE Loss     : 0.00003506	 | 	Valid MAPE Loss     : 0.53460521
lr                 : [2.9999999999999997e-05]


Epoch : 38
Train MSE Loss     : 1.00004673	 | 	Train MAPE Loss     : 0.66306698
Valid MSE Loss     : 0.00005495	 | 	Valid MAPE Loss     : 0.75798678
lr                 : [2.9999999999999997e-05]


Epoch : 39
Train MSE Loss     : 1.00006962	 | 	Train MAPE Loss     : 0.75465971
Valid MSE Loss     : 0.00002615	 | 	Valid MAPE Loss     : 0.47877619
lr                 : [2.9999999999999997e-05]


Epoch : 40
Train MSE Loss     : 1.00013125	 | 	Train MAPE Loss     : 1.01645398
Valid MSE Loss     : 0.00010782	 | 	Valid MAPE Loss     : 1.06128275
lr                 : [3e-06]


Epoch : 41
Train MSE Loss     : 1.00005293	 | 	Train MAPE Loss     : 0.62423414
Valid MSE Loss     : 0.00002589	 | 	Valid MAPE Loss     : 0.43558261
lr                 : [3e-06]


Epoch : 42
Train MSE Loss     : 1.00002575	 | 	Train MAPE Loss     : 0.45627272
Valid MSE Loss     : 0.00007609	 | 	Valid MAPE Loss     : 0.88474780
lr                 : [3e-06]


Epoch : 43
Train MSE Loss     : 1.00002253	 | 	Train MAPE Loss     : 0.39545301
Valid MSE Loss     : 0.00005395	 | 	Valid MAPE Loss     : 0.72018576
lr                 : [3e-06]


Epoch : 44
Train MSE Loss     : 1.00002801	 | 	Train MAPE Loss     : 0.43721837
Valid MSE Loss     : 0.00005591	 | 	Valid MAPE Loss     : 0.73937243
lr                 : [3e-06]


Epoch : 45
Train MSE Loss     : 1.00003123	 | 	Train MAPE Loss     : 0.45970014
Valid MSE Loss     : 0.00004645	 | 	Valid MAPE Loss     : 0.65923983
lr                 : [3e-06]


Epoch : 46
Train MSE Loss     : 1.00001752	 | 	Train MAPE Loss     : 0.35970759
Valid MSE Loss     : 0.00003898	 | 	Valid MAPE Loss     : 0.58965093
lr                 : [3e-06]


Epoch : 47
Train MSE Loss     : 1.00001812	 | 	Train MAPE Loss     : 0.34636506
Valid MSE Loss     : 0.00003382	 | 	Valid MAPE Loss     : 0.52831084
lr                 : [3e-06]


Epoch : 48
Train MSE Loss     : 1.00003815	 | 	Train MAPE Loss     : 0.51803350
Valid MSE Loss     : 0.00001599	 | 	Valid MAPE Loss     : 0.26365989
lr                 : [3e-06]


Epoch : 49
Train MSE Loss     : 1.00001621	 | 	Train MAPE Loss     : 0.35678932
Valid MSE Loss     : 0.00003905	 | 	Valid MAPE Loss     : 0.58996665
lr                 : [3e-06]


Epoch : 50
Train MSE Loss     : 1.00001848	 | 	Train MAPE Loss     : 0.37155363
Valid MSE Loss     : 0.00003117	 | 	Valid MAPE Loss     : 0.49357328
lr                 : [3e-06]


Epoch : 51
Train MSE Loss     : 1.00002813	 | 	Train MAPE Loss     : 0.44977832
Valid MSE Loss     : 0.00003032	 | 	Valid MAPE Loss     : 0.48503479
lr                 : [3.0000000000000004e-07]


Epoch : 52
Train MSE Loss     : 1.00002146	 | 	Train MAPE Loss     : 0.40528473
Valid MSE Loss     : 0.00004968	 | 	Valid MAPE Loss     : 0.68648863
lr                 : [3.0000000000000004e-07]


Epoch : 53
Train MSE Loss     : 1.00001562	 | 	Train MAPE Loss     : 0.31938910
Valid MSE Loss     : 0.00002800	 | 	Valid MAPE Loss     : 0.46431771
lr                 : [3.0000000000000004e-07]


Epoch : 54
Train MSE Loss     : 1.00001645	 | 	Train MAPE Loss     : 0.35784188
Valid MSE Loss     : 0.00004568	 | 	Valid MAPE Loss     : 0.65049952
lr                 : [3.0000000000000004e-07]


Epoch : 55
Train MSE Loss     : 1.00001276	 | 	Train MAPE Loss     : 0.29480201
Valid MSE Loss     : 0.00008006	 | 	Valid MAPE Loss     : 0.90766042
lr                 : [3.0000000000000004e-07]


Epoch : 56
Train MSE Loss     : 1.00001788	 | 	Train MAPE Loss     : 0.37861022
Valid MSE Loss     : 0.00003247	 | 	Valid MAPE Loss     : 0.51500732
lr                 : [3.0000000000000004e-07]


Epoch : 57
Train MSE Loss     : 1.00001705	 | 	Train MAPE Loss     : 0.33905485
Valid MSE Loss     : 0.00006177	 | 	Valid MAPE Loss     : 0.78509980
lr                 : [3.0000000000000004e-07]


Epoch : 58
Train MSE Loss     : 1.00001621	 | 	Train MAPE Loss     : 0.33923811
Valid MSE Loss     : 0.00004897	 | 	Valid MAPE Loss     : 0.67775470
lr                 : [3.0000000000000004e-07]


Epoch : 59
Train MSE Loss     : 1.00002325	 | 	Train MAPE Loss     : 0.40958032
Valid MSE Loss     : 0.00002619	 | 	Valid MAPE Loss     : 0.43768743
lr                 : [3.0000000000000004e-07]


Epoch : 60
Train MSE Loss     : 1.00002086	 | 	Train MAPE Loss     : 0.40055937
Valid MSE Loss     : 0.00005533	 | 	Valid MAPE Loss     : 0.72180706
lr                 : [3.0000000000000004e-07]


Epoch : 61
Train MSE Loss     : 1.00001919	 | 	Train MAPE Loss     : 0.36303553
Valid MSE Loss     : 0.00004421	 | 	Valid MAPE Loss     : 0.63992351
lr                 : [3.0000000000000004e-07]


Epoch : 62
Train MSE Loss     : 1.00002527	 | 	Train MAPE Loss     : 0.41829953
Valid MSE Loss     : 0.00004063	 | 	Valid MAPE Loss     : 0.58997983
lr                 : [3.0000000000000004e-08]


Epoch : 63
Train MSE Loss     : 1.00002229	 | 	Train MAPE Loss     : 0.41604877
Valid MSE Loss     : 0.00005728	 | 	Valid MAPE Loss     : 0.74335712
lr                 : [3.0000000000000004e-08]


Epoch : 64
Train MSE Loss     : 1.00001621	 | 	Train MAPE Loss     : 0.36217469
Valid MSE Loss     : 0.00002269	 | 	Valid MAPE Loss     : 0.38750580
lr                 : [3.0000000000000004e-08]


Epoch : 65
Train MSE Loss     : 1.00002027	 | 	Train MAPE Loss     : 0.37914833
Valid MSE Loss     : 0.00002900	 | 	Valid MAPE Loss     : 0.48141384
lr                 : [3.0000000000000004e-08]


Epoch : 66
Train MSE Loss     : 1.00002825	 | 	Train MAPE Loss     : 0.45127317
Valid MSE Loss     : 0.00004712	 | 	Valid MAPE Loss     : 0.65858537
lr                 : [3.0000000000000004e-08]


Epoch : 67
Train MSE Loss     : 1.00001311	 | 	Train MAPE Loss     : 0.31097031
Valid MSE Loss     : 0.00004983	 | 	Valid MAPE Loss     : 0.68796319
lr                 : [3.0000000000000004e-08]


Epoch : 68
Train MSE Loss     : 1.00001919	 | 	Train MAPE Loss     : 0.36958432
Valid MSE Loss     : 0.00004170	 | 	Valid MAPE Loss     : 0.59840482
lr                 : [3.0000000000000004e-08]


Epoch : 69
Train MSE Loss     : 1.00001943	 | 	Train MAPE Loss     : 0.40138179
Valid MSE Loss     : 0.00004239	 | 	Valid MAPE Loss     : 0.60983360
lr                 : [3.0000000000000004e-08]


Epoch : 70
Train MSE Loss     : 1.00001836	 | 	Train MAPE Loss     : 0.37021834
Valid MSE Loss     : 0.00004733	 | 	Valid MAPE Loss     : 0.66270947
lr                 : [3.0000000000000004e-08]


Epoch : 71
Train MSE Loss     : 1.00001800	 | 	Train MAPE Loss     : 0.37736371
Valid MSE Loss     : 0.00007206	 | 	Valid MAPE Loss     : 0.85755086
lr                 : [3.0000000000000004e-08]


Epoch : 72
Train MSE Loss     : 1.00001836	 | 	Train MAPE Loss     : 0.39520514
Valid MSE Loss     : 0.00006356	 | 	Valid MAPE Loss     : 0.79698950
lr                 : [3.0000000000000004e-08]


Epoch : 73
Train MSE Loss     : 1.00001884	 | 	Train MAPE Loss     : 0.35850289
Valid MSE Loss     : 0.00005262	 | 	Valid MAPE Loss     : 0.70970345
lr                 : [3.0000000000000004e-09]


Epoch : 74
Train MSE Loss     : 1.00001788	 | 	Train MAPE Loss     : 0.36612886
Valid MSE Loss     : 0.00004800	 | 	Valid MAPE Loss     : 0.67180300
lr                 : [3.0000000000000004e-09]


Epoch : 75
Train MSE Loss     : 1.00002754	 | 	Train MAPE Loss     : 0.43577838
Valid MSE Loss     : 0.00004850	 | 	Valid MAPE Loss     : 0.67187101
lr                 : [3.0000000000000004e-09]


Epoch : 76
Train MSE Loss     : 1.00002289	 | 	Train MAPE Loss     : 0.40959975
Valid MSE Loss     : 0.00004914	 | 	Valid MAPE Loss     : 0.67961472
lr                 : [3.0000000000000004e-09]


Epoch : 77
Train MSE Loss     : 1.00001442	 | 	Train MAPE Loss     : 0.31112918
Valid MSE Loss     : 0.00005087	 | 	Valid MAPE Loss     : 0.69218940
lr                 : [3.0000000000000004e-09]


Epoch : 78
Train MSE Loss     : 1.00002241	 | 	Train MAPE Loss     : 0.42253679
Valid MSE Loss     : 0.00003306	 | 	Valid MAPE Loss     : 0.51640981
lr                 : [3.0000000000000004e-09]


Epoch : 79
Train MSE Loss     : 1.00001657	 | 	Train MAPE Loss     : 0.34586683
Valid MSE Loss     : 0.00005096	 | 	Valid MAPE Loss     : 0.69721454
lr                 : [3.0000000000000004e-09]


Epoch : 80
Train MSE Loss     : 1.00001693	 | 	Train MAPE Loss     : 0.34410346
Valid MSE Loss     : 0.00009276	 | 	Valid MAPE Loss     : 0.98869127
lr                 : [3.0000000000000004e-09]


Epoch : 81
Train MSE Loss     : 1.00001764	 | 	Train MAPE Loss     : 0.35817677
Valid MSE Loss     : 0.00004385	 | 	Valid MAPE Loss     : 0.63601029
lr                 : [3.0000000000000004e-09]


Epoch : 82
Train MSE Loss     : 1.00002003	 | 	Train MAPE Loss     : 0.38211462
Valid MSE Loss     : 0.00002981	 | 	Valid MAPE Loss     : 0.47752467
lr                 : [3.0000000000000004e-09]


Epoch : 83
Train MSE Loss     : 1.00002325	 | 	Train MAPE Loss     : 0.38162589
Valid MSE Loss     : 0.00003404	 | 	Valid MAPE Loss     : 0.53021294
lr                 : [3.0000000000000004e-09]


Epoch : 84
Train MSE Loss     : 1.00002134	 | 	Train MAPE Loss     : 0.38810337
Valid MSE Loss     : 0.00003665	 | 	Valid MAPE Loss     : 0.54693204
lr                 : [3.0000000000000004e-09]


Epoch : 85
Train MSE Loss     : 1.00002754	 | 	Train MAPE Loss     : 0.48084024
Valid MSE Loss     : 0.00002245	 | 	Valid MAPE Loss     : 0.38763943
lr                 : [3.0000000000000004e-09]


Epoch : 86
Train MSE Loss     : 1.00001621	 | 	Train MAPE Loss     : 0.32908574
Valid MSE Loss     : 0.00004645	 | 	Valid MAPE Loss     : 0.65872329
lr                 : [3.0000000000000004e-09]


Epoch : 87
Train MSE Loss     : 1.00002515	 | 	Train MAPE Loss     : 0.43283835
Valid MSE Loss     : 0.00004156	 | 	Valid MAPE Loss     : 0.61136585
lr                 : [3.0000000000000004e-09]


Epoch : 88
Train MSE Loss     : 1.00001872	 | 	Train MAPE Loss     : 0.36850783
Valid MSE Loss     : 0.00004649	 | 	Valid MAPE Loss     : 0.65655321
lr                 : [3.0000000000000004e-09]


Epoch : 89
Train MSE Loss     : 1.00001609	 | 	Train MAPE Loss     : 0.34160158
Valid MSE Loss     : 0.00004485	 | 	Valid MAPE Loss     : 0.63384438
lr                 : [3.0000000000000004e-09]


Epoch : 90
Train MSE Loss     : 1.00002682	 | 	Train MAPE Loss     : 0.45307231
Valid MSE Loss     : 0.00003964	 | 	Valid MAPE Loss     : 0.59783703
lr                 : [3.0000000000000004e-09]


Epoch : 91
Train MSE Loss     : 1.00001299	 | 	Train MAPE Loss     : 0.31621304
Valid MSE Loss     : 0.00006846	 | 	Valid MAPE Loss     : 0.82482356
lr                 : [3.0000000000000004e-09]


Epoch : 92
Train MSE Loss     : 1.00002098	 | 	Train MAPE Loss     : 0.38486671
Valid MSE Loss     : 0.00007133	 | 	Valid MAPE Loss     : 0.85433078
lr                 : [3.0000000000000004e-09]


Epoch : 93
Train MSE Loss     : 1.00002134	 | 	Train MAPE Loss     : 0.41042924
Valid MSE Loss     : 0.00002004	 | 	Valid MAPE Loss     : 0.34057245
lr                 : [3.0000000000000004e-09]


Epoch : 94
Train MSE Loss     : 1.00001478	 | 	Train MAPE Loss     : 0.33734939
Valid MSE Loss     : 0.00004072	 | 	Valid MAPE Loss     : 0.60181063
lr                 : [3.0000000000000004e-09]


Epoch : 95
Train MSE Loss     : 1.00002158	 | 	Train MAPE Loss     : 0.41095886
Valid MSE Loss     : 0.00002794	 | 	Valid MAPE Loss     : 0.46021929
lr                 : [3.0000000000000004e-09]


Epoch : 96
Train MSE Loss     : 1.00002015	 | 	Train MAPE Loss     : 0.37495896
Valid MSE Loss     : 0.00005373	 | 	Valid MAPE Loss     : 0.71825510
lr                 : [3.0000000000000004e-09]


Epoch : 97
Train MSE Loss     : 1.00001943	 | 	Train MAPE Loss     : 0.37430659
Valid MSE Loss     : 0.00005425	 | 	Valid MAPE Loss     : 0.72399408
lr                 : [3.0000000000000004e-09]


Epoch : 98
Train MSE Loss     : 1.00001299	 | 	Train MAPE Loss     : 0.29868081
Valid MSE Loss     : 0.00005316	 | 	Valid MAPE Loss     : 0.71565908
lr                 : [3.0000000000000004e-09]


Epoch : 99
Train MSE Loss     : 1.00002146	 | 	Train MAPE Loss     : 0.42232046
Valid MSE Loss     : 0.00005311	 | 	Valid MAPE Loss     : 0.71439236
lr                 : [3.0000000000000004e-09]


Epoch : 100
Train MSE Loss     : 1.00001752	 | 	Train MAPE Loss     : 0.35862401
Valid MSE Loss     : 0.00007295	 | 	Valid MAPE Loss     : 0.86383837
lr                 : [3.0000000000000004e-09]


Epoch : 101
Train MSE Loss     : 1.00001717	 | 	Train MAPE Loss     : 0.34801203
Valid MSE Loss     : 0.00002711	 | 	Valid MAPE Loss     : 0.42923117
lr                 : [3.0000000000000004e-09]


Epoch : 102
Train MSE Loss     : 1.00002384	 | 	Train MAPE Loss     : 0.39657873
Valid MSE Loss     : 0.00004391	 | 	Valid MAPE Loss     : 0.61887109
lr                 : [3.0000000000000004e-09]


Epoch : 103
Train MSE Loss     : 1.00002003	 | 	Train MAPE Loss     : 0.36253187
Valid MSE Loss     : 0.00002845	 | 	Valid MAPE Loss     : 0.45369613
lr                 : [3.0000000000000004e-09]


Epoch : 104
Train MSE Loss     : 1.00002134	 | 	Train MAPE Loss     : 0.39215186
Valid MSE Loss     : 0.00003645	 | 	Valid MAPE Loss     : 0.55808043
lr                 : [3.0000000000000004e-09]


Epoch : 105
Train MSE Loss     : 1.00001943	 | 	Train MAPE Loss     : 0.36434755
Valid MSE Loss     : 0.00004446	 | 	Valid MAPE Loss     : 0.63516986
lr                 : [3.0000000000000004e-09]


Epoch : 106
Train MSE Loss     : 1.00002182	 | 	Train MAPE Loss     : 0.37539554
Valid MSE Loss     : 0.00005262	 | 	Valid MAPE Loss     : 0.71233839
lr                 : [3.0000000000000004e-09]


Epoch : 107
Train MSE Loss     : 1.00001681	 | 	Train MAPE Loss     : 0.35181621
Valid MSE Loss     : 0.00003717	 | 	Valid MAPE Loss     : 0.56371766
lr                 : [3.0000000000000004e-09]


Epoch : 108
Train MSE Loss     : 1.00001383	 | 	Train MAPE Loss     : 0.31781957
Valid MSE Loss     : 0.00004533	 | 	Valid MAPE Loss     : 0.65029532
lr                 : [3.0000000000000004e-09]


Epoch : 109
Train MSE Loss     : 1.00002134	 | 	Train MAPE Loss     : 0.39807051
Valid MSE Loss     : 0.00008238	 | 	Valid MAPE Loss     : 0.92440325
lr                 : [3.0000000000000004e-09]


Epoch : 110
Train MSE Loss     : 1.00001514	 | 	Train MAPE Loss     : 0.32136160
Valid MSE Loss     : 0.00004659	 | 	Valid MAPE Loss     : 0.65608221
lr                 : [3.0000000000000004e-09]


Epoch : 111
Train MSE Loss     : 1.00003004	 | 	Train MAPE Loss     : 0.46371511
Valid MSE Loss     : 0.00004312	 | 	Valid MAPE Loss     : 0.60575527
lr                 : [3.0000000000000004e-09]


Epoch : 112
Train MSE Loss     : 1.00001299	 | 	Train MAPE Loss     : 0.31451645
Valid MSE Loss     : 0.00002942	 | 	Valid MAPE Loss     : 0.48601755
lr                 : [3.0000000000000004e-09]


Epoch : 113
Train MSE Loss     : 1.00002027	 | 	Train MAPE Loss     : 0.37656203
Valid MSE Loss     : 0.00003081	 | 	Valid MAPE Loss     : 0.48707533
lr                 : [3.0000000000000004e-09]


Epoch : 114
Train MSE Loss     : 1.00001729	 | 	Train MAPE Loss     : 0.36812386
Valid MSE Loss     : 0.00002439	 | 	Valid MAPE Loss     : 0.40937558
lr                 : [3.0000000000000004e-09]


Epoch : 115
Train MSE Loss     : 1.00002384	 | 	Train MAPE Loss     : 0.40901399
Valid MSE Loss     : 0.00005910	 | 	Valid MAPE Loss     : 0.76452875
lr                 : [3.0000000000000004e-09]


Epoch : 116
Train MSE Loss     : 1.00001812	 | 	Train MAPE Loss     : 0.39084473
Valid MSE Loss     : 0.00006013	 | 	Valid MAPE Loss     : 0.76507646
lr                 : [3.0000000000000004e-09]


Epoch : 117
Train MSE Loss     : 1.00001681	 | 	Train MAPE Loss     : 0.34690467
Valid MSE Loss     : 0.00004298	 | 	Valid MAPE Loss     : 0.61746699
lr                 : [3.0000000000000004e-09]


Epoch : 118
Train MSE Loss     : 1.00002253	 | 	Train MAPE Loss     : 0.41068053
Valid MSE Loss     : 0.00003287	 | 	Valid MAPE Loss     : 0.52101058
lr                 : [3.0000000000000004e-09]


Epoch : 119
Train MSE Loss     : 1.00003636	 | 	Train MAPE Loss     : 0.49977979
Valid MSE Loss     : 0.00004141	 | 	Valid MAPE Loss     : 0.61180848
lr                 : [3.0000000000000004e-09]


Epoch : 120
Train MSE Loss     : 1.00002062	 | 	Train MAPE Loss     : 0.37926915
Valid MSE Loss     : 0.00005449	 | 	Valid MAPE Loss     : 0.72683054
lr                 : [3.0000000000000004e-09]


Epoch : 121
Train MSE Loss     : 1.00002670	 | 	Train MAPE Loss     : 0.45270655
Valid MSE Loss     : 0.00004808	 | 	Valid MAPE Loss     : 0.66657954
lr                 : [3.0000000000000004e-09]


Epoch : 122
Train MSE Loss     : 1.00002241	 | 	Train MAPE Loss     : 0.40768901
Valid MSE Loss     : 0.00005716	 | 	Valid MAPE Loss     : 0.74795312
lr                 : [3.0000000000000004e-09]


Epoch : 123
Train MSE Loss     : 1.00001502	 | 	Train MAPE Loss     : 0.31403601
Valid MSE Loss     : 0.00005206	 | 	Valid MAPE Loss     : 0.70305991
lr                 : [3.0000000000000004e-09]


Epoch : 124
Train MSE Loss     : 1.00001907	 | 	Train MAPE Loss     : 0.39166942
Valid MSE Loss     : 0.00005354	 | 	Valid MAPE Loss     : 0.72017401
lr                 : [3.0000000000000004e-09]


Epoch : 125
Train MSE Loss     : 1.00001752	 | 	Train MAPE Loss     : 0.34853780
Valid MSE Loss     : 0.00005027	 | 	Valid MAPE Loss     : 0.68266302
lr                 : [3.0000000000000004e-09]


Epoch : 126
Train MSE Loss     : 1.00001264	 | 	Train MAPE Loss     : 0.30448112
Valid MSE Loss     : 0.00005013	 | 	Valid MAPE Loss     : 0.68471193
lr                 : [3.0000000000000004e-09]


Epoch : 127
Train MSE Loss     : 1.00001526	 | 	Train MAPE Loss     : 0.33425182
Valid MSE Loss     : 0.00003517	 | 	Valid MAPE Loss     : 0.54941046
lr                 : [3.0000000000000004e-09]


Epoch : 128
Train MSE Loss     : 1.00001526	 | 	Train MAPE Loss     : 0.32178044
Valid MSE Loss     : 0.00004750	 | 	Valid MAPE Loss     : 0.67051715
lr                 : [3.0000000000000004e-09]


Epoch : 129
Train MSE Loss     : 1.00001407	 | 	Train MAPE Loss     : 0.32909033
Valid MSE Loss     : 0.00005757	 | 	Valid MAPE Loss     : 0.74354810
lr                 : [3.0000000000000004e-09]


Epoch : 130
Train MSE Loss     : 1.00002193	 | 	Train MAPE Loss     : 0.39705238
Valid MSE Loss     : 0.00009098	 | 	Valid MAPE Loss     : 0.97770351
lr                 : [3.0000000000000004e-09]


Epoch : 131
Train MSE Loss     : 1.00002003	 | 	Train MAPE Loss     : 0.38733020
Valid MSE Loss     : 0.00004622	 | 	Valid MAPE Loss     : 0.65374297
lr                 : [3.0000000000000004e-09]


Epoch : 132
Train MSE Loss     : 1.00002348	 | 	Train MAPE Loss     : 0.38253745
Valid MSE Loss     : 0.00004894	 | 	Valid MAPE Loss     : 0.68233842
lr                 : [3.0000000000000004e-09]


Epoch : 133
Train MSE Loss     : 1.00001180	 | 	Train MAPE Loss     : 0.29196149
Valid MSE Loss     : 0.00005515	 | 	Valid MAPE Loss     : 0.71942621
lr                 : [3.0000000000000004e-09]


Epoch : 134
Train MSE Loss     : 1.00002348	 | 	Train MAPE Loss     : 0.41302848
Valid MSE Loss     : 0.00005753	 | 	Valid MAPE Loss     : 0.75206351
lr                 : [3.0000000000000004e-09]


Epoch : 135
Train MSE Loss     : 1.00001526	 | 	Train MAPE Loss     : 0.32619357
Valid MSE Loss     : 0.00005913	 | 	Valid MAPE Loss     : 0.76455903
lr                 : [3.0000000000000004e-09]


Epoch : 136
Train MSE Loss     : 1.00001514	 | 	Train MAPE Loss     : 0.30520019
Valid MSE Loss     : 0.00004527	 | 	Valid MAPE Loss     : 0.64321011
lr                 : [3.0000000000000004e-09]


Epoch : 137
Train MSE Loss     : 1.00002015	 | 	Train MAPE Loss     : 0.37681228
Valid MSE Loss     : 0.00005462	 | 	Valid MAPE Loss     : 0.72558039
lr                 : [3.0000000000000004e-09]


Epoch : 138
Train MSE Loss     : 1.00002193	 | 	Train MAPE Loss     : 0.37925389
Valid MSE Loss     : 0.00006312	 | 	Valid MAPE Loss     : 0.79514593
lr                 : [3.0000000000000004e-09]


Epoch : 139
Train MSE Loss     : 1.00001216	 | 	Train MAPE Loss     : 0.29178542
Valid MSE Loss     : 0.00005227	 | 	Valid MAPE Loss     : 0.70637012
lr                 : [3.0000000000000004e-09]


Epoch : 140
Train MSE Loss     : 1.00001442	 | 	Train MAPE Loss     : 0.33622274
Valid MSE Loss     : 0.00005696	 | 	Valid MAPE Loss     : 0.74901778
lr                 : [3.0000000000000004e-09]


Epoch : 141
Train MSE Loss     : 1.00002277	 | 	Train MAPE Loss     : 0.43030033
Valid MSE Loss     : 0.00005086	 | 	Valid MAPE Loss     : 0.69425088
lr                 : [3.0000000000000004e-09]


Epoch : 142
Train MSE Loss     : 1.00001490	 | 	Train MAPE Loss     : 0.32848454
Valid MSE Loss     : 0.00006385	 | 	Valid MAPE Loss     : 0.79071397
lr                 : [3.0000000000000004e-09]


Epoch : 143
Train MSE Loss     : 1.00002384	 | 	Train MAPE Loss     : 0.41663444
Valid MSE Loss     : 0.00006507	 | 	Valid MAPE Loss     : 0.80954248
lr                 : [3.0000000000000004e-09]


Epoch : 144
Train MSE Loss     : 1.00002062	 | 	Train MAPE Loss     : 0.40301865
Valid MSE Loss     : 0.00003389	 | 	Valid MAPE Loss     : 0.53452045
lr                 : [3.0000000000000004e-09]


Epoch : 145
Train MSE Loss     : 1.00001216	 | 	Train MAPE Loss     : 0.28192654
Valid MSE Loss     : 0.00005217	 | 	Valid MAPE Loss     : 0.70539790
lr                 : [3.0000000000000004e-09]


Epoch : 146
Train MSE Loss     : 1.00002873	 | 	Train MAPE Loss     : 0.48333704
Valid MSE Loss     : 0.00006494	 | 	Valid MAPE Loss     : 0.80884403
lr                 : [3.0000000000000004e-09]


Epoch : 147
Train MSE Loss     : 1.00001085	 | 	Train MAPE Loss     : 0.28560114
Valid MSE Loss     : 0.00003828	 | 	Valid MAPE Loss     : 0.56226355
lr                 : [3.0000000000000004e-09]


Epoch : 148
Train MSE Loss     : 1.00001872	 | 	Train MAPE Loss     : 0.35303465
Valid MSE Loss     : 0.00005058	 | 	Valid MAPE Loss     : 0.69535238
lr                 : [3.0000000000000004e-09]


Epoch : 149
Train MSE Loss     : 1.00002217	 | 	Train MAPE Loss     : 0.40757269
Valid MSE Loss     : 0.00008116	 | 	Valid MAPE Loss     : 0.91233271
lr                 : [3.0000000000000004e-09]


Epoch : 150
Train MSE Loss     : 1.00001585	 | 	Train MAPE Loss     : 0.34269133
Valid MSE Loss     : 0.00004473	 | 	Valid MAPE Loss     : 0.63616151
lr                 : [3.0000000000000004e-09]


Evaluate on the Test set:
Test MAPE loss      :0.20672853	 | Test MSE loss      : 0.00000641

################## Training is Done! #########################
