=============================================
Dataset: cell_XJTU_batch5_prepocess_data
Mode:    supervised_with_contrast
=============================================
Training started ....

Epoch : 1
Train MSE Loss     : 1.28903174	 | 	Train MAPE Loss     : 43.11524582
Valid MSE Loss     : 1.47353661	 | 	Valid MAPE Loss     : 123.53536224
lr                 : [0.0003]


Epoch : 2
Train MSE Loss     : 1.01550531	 | 	Train MAPE Loss     : 11.14996910
Valid MSE Loss     : 0.01304878	 | 	Valid MAPE Loss     : 9.61220360
lr                 : [0.0003]


Epoch : 3
Train MSE Loss     : 1.00737941	 | 	Train MAPE Loss     : 7.03127813
Valid MSE Loss     : 0.05644861	 | 	Valid MAPE Loss     : 24.07958412
lr                 : [0.0003]


Epoch : 4
Train MSE Loss     : 1.00479698	 | 	Train MAPE Loss     : 5.61925840
Valid MSE Loss     : 0.03322193	 | 	Valid MAPE Loss     : 17.79145813
lr                 : [0.0003]


Epoch : 5
Train MSE Loss     : 1.00871873	 | 	Train MAPE Loss     : 8.54214954
Valid MSE Loss     : 0.02966181	 | 	Valid MAPE Loss     : 16.58493614
lr                 : [0.0003]


Epoch : 6
Train MSE Loss     : 1.00451863	 | 	Train MAPE Loss     : 6.16255713
Valid MSE Loss     : 0.01999014	 | 	Valid MAPE Loss     : 14.12106037
lr                 : [0.0003]


Epoch : 7
Train MSE Loss     : 1.00418508	 | 	Train MAPE Loss     : 4.84163237
Valid MSE Loss     : 0.00379657	 | 	Valid MAPE Loss     : 5.37907219
lr                 : [0.0003]


Epoch : 8
Train MSE Loss     : 1.00341129	 | 	Train MAPE Loss     : 5.09481049
Valid MSE Loss     : 0.00437290	 | 	Valid MAPE Loss     : 5.96076012
lr                 : [0.0003]


Epoch : 9
Train MSE Loss     : 1.00336480	 | 	Train MAPE Loss     : 5.31790733
Valid MSE Loss     : 0.00421501	 | 	Valid MAPE Loss     : 6.32000589
lr                 : [0.0003]


Epoch : 10
Train MSE Loss     : 1.00391603	 | 	Train MAPE Loss     : 5.76075792
Valid MSE Loss     : 0.00366388	 | 	Valid MAPE Loss     : 5.73042250
lr                 : [0.0003]


Epoch : 11
Train MSE Loss     : 1.00880170	 | 	Train MAPE Loss     : 9.07545185
Valid MSE Loss     : 0.00232708	 | 	Valid MAPE Loss     : 4.37019062
lr                 : [0.0003]


Epoch : 12
Train MSE Loss     : 1.00248384	 | 	Train MAPE Loss     : 4.09499454
Valid MSE Loss     : 0.00229794	 | 	Valid MAPE Loss     : 3.16377807
lr                 : [0.0003]


Epoch : 13
Train MSE Loss     : 1.00198996	 | 	Train MAPE Loss     : 3.66198301
Valid MSE Loss     : 0.00247218	 | 	Valid MAPE Loss     : 4.75695753
lr                 : [0.0003]


Epoch : 14
Train MSE Loss     : 1.00268137	 | 	Train MAPE Loss     : 4.57056952
Valid MSE Loss     : 0.00338467	 | 	Valid MAPE Loss     : 5.28633356
lr                 : [0.0003]


Epoch : 15
Train MSE Loss     : 1.00307202	 | 	Train MAPE Loss     : 4.99378300
Valid MSE Loss     : 0.00059835	 | 	Valid MAPE Loss     : 1.90913773
lr                 : [0.0003]


Epoch : 16
Train MSE Loss     : 1.00236249	 | 	Train MAPE Loss     : 4.04281330
Valid MSE Loss     : 0.00110829	 | 	Valid MAPE Loss     : 2.77663231
lr                 : [0.0003]


Epoch : 17
Train MSE Loss     : 1.00233030	 | 	Train MAPE Loss     : 4.46168661
Valid MSE Loss     : 0.00123015	 | 	Valid MAPE Loss     : 2.48686385
lr                 : [0.0003]


Epoch : 18
Train MSE Loss     : 1.00355494	 | 	Train MAPE Loss     : 5.37912083
Valid MSE Loss     : 0.00326616	 | 	Valid MAPE Loss     : 5.31777239
lr                 : [0.0003]


Epoch : 19
Train MSE Loss     : 1.02858067	 | 	Train MAPE Loss     : 17.59166718
Valid MSE Loss     : 0.02604754	 | 	Valid MAPE Loss     : 16.06325531
lr                 : [0.0003]


Epoch : 20
Train MSE Loss     : 1.00877368	 | 	Train MAPE Loss     : 9.19242859
Valid MSE Loss     : 0.00139123	 | 	Valid MAPE Loss     : 3.10008883
lr                 : [0.0003]


Epoch : 21
Train MSE Loss     : 1.00904346	 | 	Train MAPE Loss     : 8.98112297
Valid MSE Loss     : 0.01079002	 | 	Valid MAPE Loss     : 10.17356491
lr                 : [0.0003]


Epoch : 22
Train MSE Loss     : 1.00445735	 | 	Train MAPE Loss     : 6.10292673
Valid MSE Loss     : 0.00208292	 | 	Valid MAPE Loss     : 4.30019331
lr                 : [0.0003]


Epoch : 23
Train MSE Loss     : 1.01381862	 | 	Train MAPE Loss     : 11.46424389
Valid MSE Loss     : 0.00843895	 | 	Valid MAPE Loss     : 9.08224297
lr                 : [0.0003]


Epoch : 24
Train MSE Loss     : 1.00299275	 | 	Train MAPE Loss     : 5.10715580
Valid MSE Loss     : 0.00628398	 | 	Valid MAPE Loss     : 7.96627426
lr                 : [0.0003]


Epoch : 25
Train MSE Loss     : 1.01222682	 | 	Train MAPE Loss     : 11.20242310
Valid MSE Loss     : 0.00426673	 | 	Valid MAPE Loss     : 6.46975327
lr                 : [0.0003]


Epoch : 26
Train MSE Loss     : 1.00230622	 | 	Train MAPE Loss     : 4.47941828
Valid MSE Loss     : 0.00087694	 | 	Valid MAPE Loss     : 2.70198941
lr                 : [2.9999999999999997e-05]


Epoch : 27
Train MSE Loss     : 1.00049067	 | 	Train MAPE Loss     : 1.87675405
Valid MSE Loss     : 0.00032019	 | 	Valid MAPE Loss     : 1.49611032
lr                 : [2.9999999999999997e-05]


Epoch : 28
Train MSE Loss     : 1.00037158	 | 	Train MAPE Loss     : 1.64300025
Valid MSE Loss     : 0.00024025	 | 	Valid MAPE Loss     : 1.28328907
lr                 : [2.9999999999999997e-05]


Epoch : 29
Train MSE Loss     : 1.00027275	 | 	Train MAPE Loss     : 1.37328553
Valid MSE Loss     : 0.00039127	 | 	Valid MAPE Loss     : 1.62478030
lr                 : [2.9999999999999997e-05]


Epoch : 30
Train MSE Loss     : 1.00029957	 | 	Train MAPE Loss     : 1.45812273
Valid MSE Loss     : 0.00026756	 | 	Valid MAPE Loss     : 1.40602911
lr                 : [2.9999999999999997e-05]


Epoch : 31
Train MSE Loss     : 1.00025320	 | 	Train MAPE Loss     : 1.30183995
Valid MSE Loss     : 0.00039638	 | 	Valid MAPE Loss     : 1.64770591
lr                 : [2.9999999999999997e-05]


Epoch : 32
Train MSE Loss     : 1.00031209	 | 	Train MAPE Loss     : 1.47865033
Valid MSE Loss     : 0.00028660	 | 	Valid MAPE Loss     : 1.42641795
lr                 : [2.9999999999999997e-05]


Epoch : 33
Train MSE Loss     : 1.00025666	 | 	Train MAPE Loss     : 1.30869734
Valid MSE Loss     : 0.00051522	 | 	Valid MAPE Loss     : 1.81698513
lr                 : [2.9999999999999997e-05]


Epoch : 34
Train MSE Loss     : 1.00022531	 | 	Train MAPE Loss     : 1.19607520
Valid MSE Loss     : 0.00024832	 | 	Valid MAPE Loss     : 1.36801815
lr                 : [2.9999999999999997e-05]


Epoch : 35
Train MSE Loss     : 1.00017607	 | 	Train MAPE Loss     : 1.07391310
Valid MSE Loss     : 0.00048319	 | 	Valid MAPE Loss     : 1.75624037
lr                 : [2.9999999999999997e-05]


Epoch : 36
Train MSE Loss     : 1.00032353	 | 	Train MAPE Loss     : 1.57618046
Valid MSE Loss     : 0.00026301	 | 	Valid MAPE Loss     : 1.37361801
lr                 : [2.9999999999999997e-05]


Epoch : 37
Train MSE Loss     : 1.00019753	 | 	Train MAPE Loss     : 1.20685554
Valid MSE Loss     : 0.00040513	 | 	Valid MAPE Loss     : 1.64857960
lr                 : [2.9999999999999997e-05]


Epoch : 38
Train MSE Loss     : 1.00014186	 | 	Train MAPE Loss     : 0.98941481
Valid MSE Loss     : 0.00024895	 | 	Valid MAPE Loss     : 1.33927071
lr                 : [2.9999999999999997e-05]


Epoch : 39
Train MSE Loss     : 1.00012743	 | 	Train MAPE Loss     : 0.95721990
Valid MSE Loss     : 0.00035973	 | 	Valid MAPE Loss     : 1.55019009
lr                 : [3e-06]


Epoch : 40
Train MSE Loss     : 1.00014460	 | 	Train MAPE Loss     : 0.99892980
Valid MSE Loss     : 0.00028294	 | 	Valid MAPE Loss     : 1.39320409
lr                 : [3e-06]


Epoch : 41
Train MSE Loss     : 1.00012231	 | 	Train MAPE Loss     : 0.89735204
Valid MSE Loss     : 0.00027226	 | 	Valid MAPE Loss     : 1.37525260
lr                 : [3e-06]


Epoch : 42
Train MSE Loss     : 1.00011158	 | 	Train MAPE Loss     : 0.85089684
Valid MSE Loss     : 0.00027533	 | 	Valid MAPE Loss     : 1.38528264
lr                 : [3e-06]


Epoch : 43
Train MSE Loss     : 1.00010610	 | 	Train MAPE Loss     : 0.84499806
Valid MSE Loss     : 0.00027399	 | 	Valid MAPE Loss     : 1.38318789
lr                 : [3e-06]


Epoch : 44
Train MSE Loss     : 1.00014138	 | 	Train MAPE Loss     : 0.95426482
Valid MSE Loss     : 0.00028994	 | 	Valid MAPE Loss     : 1.41107082
lr                 : [3e-06]


Epoch : 45
Train MSE Loss     : 1.00009990	 | 	Train MAPE Loss     : 0.80465305
Valid MSE Loss     : 0.00030670	 | 	Valid MAPE Loss     : 1.43650091
lr                 : [3e-06]


Epoch : 46
Train MSE Loss     : 1.00010979	 | 	Train MAPE Loss     : 0.86234838
Valid MSE Loss     : 0.00029191	 | 	Valid MAPE Loss     : 1.40381277
lr                 : [3e-06]


Epoch : 47
Train MSE Loss     : 1.00009227	 | 	Train MAPE Loss     : 0.78400964
Valid MSE Loss     : 0.00030679	 | 	Valid MAPE Loss     : 1.43796980
lr                 : [3e-06]


Epoch : 48
Train MSE Loss     : 1.00008440	 | 	Train MAPE Loss     : 0.74188280
Valid MSE Loss     : 0.00030741	 | 	Valid MAPE Loss     : 1.44856131
lr                 : [3e-06]


Epoch : 49
Train MSE Loss     : 1.00008619	 | 	Train MAPE Loss     : 0.77857655
Valid MSE Loss     : 0.00031333	 | 	Valid MAPE Loss     : 1.45814359
lr                 : [3e-06]


Epoch : 50
Train MSE Loss     : 1.00009477	 | 	Train MAPE Loss     : 0.81199598
Valid MSE Loss     : 0.00030690	 | 	Valid MAPE Loss     : 1.44096661
lr                 : [3.0000000000000004e-07]


Epoch : 51
Train MSE Loss     : 1.00008476	 | 	Train MAPE Loss     : 0.75053346
Valid MSE Loss     : 0.00030197	 | 	Valid MAPE Loss     : 1.42986310
lr                 : [3.0000000000000004e-07]


Epoch : 52
Train MSE Loss     : 1.00010014	 | 	Train MAPE Loss     : 0.81723320
Valid MSE Loss     : 0.00030178	 | 	Valid MAPE Loss     : 1.42599154
lr                 : [3.0000000000000004e-07]


Epoch : 53
Train MSE Loss     : 1.00009155	 | 	Train MAPE Loss     : 0.77285814
Valid MSE Loss     : 0.00031393	 | 	Valid MAPE Loss     : 1.43784320
lr                 : [3.0000000000000004e-07]


Epoch : 54
Train MSE Loss     : 1.00008643	 | 	Train MAPE Loss     : 0.75610811
Valid MSE Loss     : 0.00030944	 | 	Valid MAPE Loss     : 1.44258070
lr                 : [3.0000000000000004e-07]


Epoch : 55
Train MSE Loss     : 1.00008607	 | 	Train MAPE Loss     : 0.74324191
Valid MSE Loss     : 0.00030538	 | 	Valid MAPE Loss     : 1.43935263
lr                 : [3.0000000000000004e-07]


Epoch : 56
Train MSE Loss     : 1.00008583	 | 	Train MAPE Loss     : 0.76836407
Valid MSE Loss     : 0.00031238	 | 	Valid MAPE Loss     : 1.44654596
lr                 : [3.0000000000000004e-07]


Epoch : 57
Train MSE Loss     : 1.00009918	 | 	Train MAPE Loss     : 0.81175786
Valid MSE Loss     : 0.00031041	 | 	Valid MAPE Loss     : 1.44487429
lr                 : [3.0000000000000004e-07]


Epoch : 58
Train MSE Loss     : 1.00010049	 | 	Train MAPE Loss     : 0.82112801
Valid MSE Loss     : 0.00029127	 | 	Valid MAPE Loss     : 1.40889740
lr                 : [3.0000000000000004e-07]


Epoch : 59
Train MSE Loss     : 1.00009060	 | 	Train MAPE Loss     : 0.77888048
Valid MSE Loss     : 0.00029317	 | 	Valid MAPE Loss     : 1.41418600
lr                 : [3.0000000000000004e-07]


Epoch : 60
Train MSE Loss     : 1.00008297	 | 	Train MAPE Loss     : 0.73447019
Valid MSE Loss     : 0.00030336	 | 	Valid MAPE Loss     : 1.43048954
lr                 : [3.0000000000000004e-07]


Epoch : 61
Train MSE Loss     : 1.00009847	 | 	Train MAPE Loss     : 0.81784868
Valid MSE Loss     : 0.00030583	 | 	Valid MAPE Loss     : 1.43680859
lr                 : [3.0000000000000004e-08]


Epoch : 62
Train MSE Loss     : 1.00009191	 | 	Train MAPE Loss     : 0.77849573
Valid MSE Loss     : 0.00030370	 | 	Valid MAPE Loss     : 1.43107319
lr                 : [3.0000000000000004e-08]


Epoch : 63
Train MSE Loss     : 1.00009739	 | 	Train MAPE Loss     : 0.80928802
Valid MSE Loss     : 0.00030662	 | 	Valid MAPE Loss     : 1.44367254
lr                 : [3.0000000000000004e-08]


Epoch : 64
Train MSE Loss     : 1.00010133	 | 	Train MAPE Loss     : 0.83382684
Valid MSE Loss     : 0.00031840	 | 	Valid MAPE Loss     : 1.45186889
lr                 : [3.0000000000000004e-08]


Epoch : 65
Train MSE Loss     : 1.00008583	 | 	Train MAPE Loss     : 0.76439339
Valid MSE Loss     : 0.00030690	 | 	Valid MAPE Loss     : 1.43672991
lr                 : [3.0000000000000004e-08]


Epoch : 66
Train MSE Loss     : 1.00009167	 | 	Train MAPE Loss     : 0.77841264
Valid MSE Loss     : 0.00028134	 | 	Valid MAPE Loss     : 1.39415646
lr                 : [3.0000000000000004e-08]


Epoch : 67
Train MSE Loss     : 1.00007904	 | 	Train MAPE Loss     : 0.73443472
Valid MSE Loss     : 0.00029893	 | 	Valid MAPE Loss     : 1.42677581
lr                 : [3.0000000000000004e-08]


Epoch : 68
Train MSE Loss     : 1.00010514	 | 	Train MAPE Loss     : 0.83916396
Valid MSE Loss     : 0.00031377	 | 	Valid MAPE Loss     : 1.43805790
lr                 : [3.0000000000000004e-08]


Epoch : 69
Train MSE Loss     : 1.00009274	 | 	Train MAPE Loss     : 0.79940945
Valid MSE Loss     : 0.00030686	 | 	Valid MAPE Loss     : 1.43698752
lr                 : [3.0000000000000004e-08]


Epoch : 70
Train MSE Loss     : 1.00010419	 | 	Train MAPE Loss     : 0.83127993
Valid MSE Loss     : 0.00028296	 | 	Valid MAPE Loss     : 1.39508772
lr                 : [3.0000000000000004e-08]


Epoch : 71
Train MSE Loss     : 1.00008237	 | 	Train MAPE Loss     : 0.73442554
Valid MSE Loss     : 0.00030449	 | 	Valid MAPE Loss     : 1.43362963
lr                 : [3.0000000000000004e-08]


Epoch : 72
Train MSE Loss     : 1.00010240	 | 	Train MAPE Loss     : 0.82947654
Valid MSE Loss     : 0.00028756	 | 	Valid MAPE Loss     : 1.40693986
lr                 : [3.0000000000000004e-09]


Epoch : 73
Train MSE Loss     : 1.00010419	 | 	Train MAPE Loss     : 0.82062083
Valid MSE Loss     : 0.00028468	 | 	Valid MAPE Loss     : 1.40116537
lr                 : [3.0000000000000004e-09]


Epoch : 74
Train MSE Loss     : 1.00008798	 | 	Train MAPE Loss     : 0.75263071
Valid MSE Loss     : 0.00027261	 | 	Valid MAPE Loss     : 1.38095653
lr                 : [3.0000000000000004e-09]


Epoch : 75
Train MSE Loss     : 1.00010800	 | 	Train MAPE Loss     : 0.82508487
Valid MSE Loss     : 0.00028485	 | 	Valid MAPE Loss     : 1.40277004
lr                 : [3.0000000000000004e-09]


Epoch : 76
Train MSE Loss     : 1.00009966	 | 	Train MAPE Loss     : 0.82085258
Valid MSE Loss     : 0.00029136	 | 	Valid MAPE Loss     : 1.40881884
lr                 : [3.0000000000000004e-09]


Epoch : 77
Train MSE Loss     : 1.00009084	 | 	Train MAPE Loss     : 0.77624339
Valid MSE Loss     : 0.00030717	 | 	Valid MAPE Loss     : 1.42317235
lr                 : [3.0000000000000004e-09]


Epoch : 78
Train MSE Loss     : 1.00013983	 | 	Train MAPE Loss     : 0.94244689
Valid MSE Loss     : 0.00031952	 | 	Valid MAPE Loss     : 1.44463313
lr                 : [3.0000000000000004e-09]


Epoch : 79
Train MSE Loss     : 1.00012755	 | 	Train MAPE Loss     : 0.93862516
Valid MSE Loss     : 0.00028671	 | 	Valid MAPE Loss     : 1.39822006
lr                 : [3.0000000000000004e-09]


Epoch : 80
Train MSE Loss     : 1.00008535	 | 	Train MAPE Loss     : 0.75196570
Valid MSE Loss     : 0.00030739	 | 	Valid MAPE Loss     : 1.43622494
lr                 : [3.0000000000000004e-09]


Epoch : 81
Train MSE Loss     : 1.00011778	 | 	Train MAPE Loss     : 0.89306915
Valid MSE Loss     : 0.00030741	 | 	Valid MAPE Loss     : 1.43084204
lr                 : [3.0000000000000004e-09]


Epoch : 82
Train MSE Loss     : 1.00009334	 | 	Train MAPE Loss     : 0.78095651
Valid MSE Loss     : 0.00029902	 | 	Valid MAPE Loss     : 1.42236996
lr                 : [3.0000000000000004e-09]


Epoch : 83
Train MSE Loss     : 1.00008941	 | 	Train MAPE Loss     : 0.75226921
Valid MSE Loss     : 0.00031027	 | 	Valid MAPE Loss     : 1.44109476
lr                 : [3.0000000000000004e-09]


Epoch : 84
Train MSE Loss     : 1.00009251	 | 	Train MAPE Loss     : 0.77890348
Valid MSE Loss     : 0.00030549	 | 	Valid MAPE Loss     : 1.42973244
lr                 : [3.0000000000000004e-09]


Epoch : 85
Train MSE Loss     : 1.00008714	 | 	Train MAPE Loss     : 0.75549346
Valid MSE Loss     : 0.00030354	 | 	Valid MAPE Loss     : 1.42188680
lr                 : [3.0000000000000004e-09]


Epoch : 86
Train MSE Loss     : 1.00009382	 | 	Train MAPE Loss     : 0.78544456
Valid MSE Loss     : 0.00028476	 | 	Valid MAPE Loss     : 1.39804399
lr                 : [3.0000000000000004e-09]


Epoch : 87
Train MSE Loss     : 1.00010085	 | 	Train MAPE Loss     : 0.82579219
Valid MSE Loss     : 0.00030445	 | 	Valid MAPE Loss     : 1.42328513
lr                 : [3.0000000000000004e-09]


Epoch : 88
Train MSE Loss     : 1.00008798	 | 	Train MAPE Loss     : 0.76678699
Valid MSE Loss     : 0.00031347	 | 	Valid MAPE Loss     : 1.45023382
lr                 : [3.0000000000000004e-09]


Epoch : 89
Train MSE Loss     : 1.00009954	 | 	Train MAPE Loss     : 0.82462513
Valid MSE Loss     : 0.00030434	 | 	Valid MAPE Loss     : 1.43166101
lr                 : [3.0000000000000004e-09]


Epoch : 90
Train MSE Loss     : 1.00008142	 | 	Train MAPE Loss     : 0.74467862
Valid MSE Loss     : 0.00030525	 | 	Valid MAPE Loss     : 1.43299639
lr                 : [3.0000000000000004e-09]


Epoch : 91
Train MSE Loss     : 1.00009084	 | 	Train MAPE Loss     : 0.76858580
Valid MSE Loss     : 0.00030558	 | 	Valid MAPE Loss     : 1.42915094
lr                 : [3.0000000000000004e-09]


Epoch : 92
Train MSE Loss     : 1.00010204	 | 	Train MAPE Loss     : 0.82577151
Valid MSE Loss     : 0.00031249	 | 	Valid MAPE Loss     : 1.44100106
lr                 : [3.0000000000000004e-09]


Epoch : 93
Train MSE Loss     : 1.00008523	 | 	Train MAPE Loss     : 0.74543089
Valid MSE Loss     : 0.00030970	 | 	Valid MAPE Loss     : 1.43797815
lr                 : [3.0000000000000004e-09]


Epoch : 94
Train MSE Loss     : 1.00009644	 | 	Train MAPE Loss     : 0.79537743
Valid MSE Loss     : 0.00028890	 | 	Valid MAPE Loss     : 1.40925753
lr                 : [3.0000000000000004e-09]


Epoch : 95
Train MSE Loss     : 1.00009704	 | 	Train MAPE Loss     : 0.78024375
Valid MSE Loss     : 0.00029081	 | 	Valid MAPE Loss     : 1.40621626
lr                 : [3.0000000000000004e-09]


Epoch : 96
Train MSE Loss     : 1.00009954	 | 	Train MAPE Loss     : 0.79147232
Valid MSE Loss     : 0.00029637	 | 	Valid MAPE Loss     : 1.41178942
lr                 : [3.0000000000000004e-09]


Epoch : 97
Train MSE Loss     : 1.00008750	 | 	Train MAPE Loss     : 0.74310410
Valid MSE Loss     : 0.00029059	 | 	Valid MAPE Loss     : 1.40882957
lr                 : [3.0000000000000004e-09]


Epoch : 98
Train MSE Loss     : 1.00009656	 | 	Train MAPE Loss     : 0.81860673
Valid MSE Loss     : 0.00029648	 | 	Valid MAPE Loss     : 1.41998434
lr                 : [3.0000000000000004e-09]


Epoch : 99
Train MSE Loss     : 1.00009370	 | 	Train MAPE Loss     : 0.79133141
Valid MSE Loss     : 0.00030208	 | 	Valid MAPE Loss     : 1.42009866
lr                 : [3.0000000000000004e-09]


Epoch : 100
Train MSE Loss     : 1.00008941	 | 	Train MAPE Loss     : 0.77757126
Valid MSE Loss     : 0.00030327	 | 	Valid MAPE Loss     : 1.42786980
lr                 : [3.0000000000000004e-09]


Epoch : 101
Train MSE Loss     : 1.00009513	 | 	Train MAPE Loss     : 0.78962421
Valid MSE Loss     : 0.00030182	 | 	Valid MAPE Loss     : 1.42104161
lr                 : [3.0000000000000004e-09]


Epoch : 102
Train MSE Loss     : 1.00008261	 | 	Train MAPE Loss     : 0.74865830
Valid MSE Loss     : 0.00030903	 | 	Valid MAPE Loss     : 1.43220007
lr                 : [3.0000000000000004e-09]


Epoch : 103
Train MSE Loss     : 1.00009644	 | 	Train MAPE Loss     : 0.80814230
Valid MSE Loss     : 0.00031095	 | 	Valid MAPE Loss     : 1.43111432
lr                 : [3.0000000000000004e-09]


Epoch : 104
Train MSE Loss     : 1.00008869	 | 	Train MAPE Loss     : 0.77874964
Valid MSE Loss     : 0.00031289	 | 	Valid MAPE Loss     : 1.44744301
lr                 : [3.0000000000000004e-09]


Epoch : 105
Train MSE Loss     : 1.00009501	 | 	Train MAPE Loss     : 0.79655862
Valid MSE Loss     : 0.00029697	 | 	Valid MAPE Loss     : 1.41558135
lr                 : [3.0000000000000004e-09]


Epoch : 106
Train MSE Loss     : 1.00008929	 | 	Train MAPE Loss     : 0.78427476
Valid MSE Loss     : 0.00030464	 | 	Valid MAPE Loss     : 1.42261350
lr                 : [3.0000000000000004e-09]


Epoch : 107
Train MSE Loss     : 1.00008154	 | 	Train MAPE Loss     : 0.74286878
Valid MSE Loss     : 0.00029618	 | 	Valid MAPE Loss     : 1.41786098
lr                 : [3.0000000000000004e-09]


Epoch : 108
Train MSE Loss     : 1.00008523	 | 	Train MAPE Loss     : 0.73924237
Valid MSE Loss     : 0.00031581	 | 	Valid MAPE Loss     : 1.45045221
lr                 : [3.0000000000000004e-09]


Epoch : 109
Train MSE Loss     : 1.00009298	 | 	Train MAPE Loss     : 0.79310334
Valid MSE Loss     : 0.00031579	 | 	Valid MAPE Loss     : 1.43566990
lr                 : [3.0000000000000004e-09]


Epoch : 110
Train MSE Loss     : 1.00008273	 | 	Train MAPE Loss     : 0.76585805
Valid MSE Loss     : 0.00030560	 | 	Valid MAPE Loss     : 1.43733346
lr                 : [3.0000000000000004e-09]


Epoch : 111
Train MSE Loss     : 1.00008368	 | 	Train MAPE Loss     : 0.75372148
Valid MSE Loss     : 0.00030055	 | 	Valid MAPE Loss     : 1.41797507
lr                 : [3.0000000000000004e-09]


Epoch : 112
Train MSE Loss     : 1.00008655	 | 	Train MAPE Loss     : 0.76106501
Valid MSE Loss     : 0.00028191	 | 	Valid MAPE Loss     : 1.39439070
lr                 : [3.0000000000000004e-09]


Epoch : 113
Train MSE Loss     : 1.00009000	 | 	Train MAPE Loss     : 0.77446401
Valid MSE Loss     : 0.00029059	 | 	Valid MAPE Loss     : 1.40648711
lr                 : [3.0000000000000004e-09]


Epoch : 114
Train MSE Loss     : 1.00009191	 | 	Train MAPE Loss     : 0.77349019
Valid MSE Loss     : 0.00028514	 | 	Valid MAPE Loss     : 1.40113676
lr                 : [3.0000000000000004e-09]


Epoch : 115
Train MSE Loss     : 1.00010216	 | 	Train MAPE Loss     : 0.82279330
Valid MSE Loss     : 0.00027724	 | 	Valid MAPE Loss     : 1.38765514
lr                 : [3.0000000000000004e-09]


Epoch : 116
Train MSE Loss     : 1.00007880	 | 	Train MAPE Loss     : 0.73482591
Valid MSE Loss     : 0.00030090	 | 	Valid MAPE Loss     : 1.42603588
lr                 : [3.0000000000000004e-09]


Epoch : 117
Train MSE Loss     : 1.00012708	 | 	Train MAPE Loss     : 0.90331173
Valid MSE Loss     : 0.00028861	 | 	Valid MAPE Loss     : 1.40042460
lr                 : [3.0000000000000004e-09]


Epoch : 118
Train MSE Loss     : 1.00008941	 | 	Train MAPE Loss     : 0.77366048
Valid MSE Loss     : 0.00029256	 | 	Valid MAPE Loss     : 1.41364956
lr                 : [3.0000000000000004e-09]


Epoch : 119
Train MSE Loss     : 1.00010514	 | 	Train MAPE Loss     : 0.83801967
Valid MSE Loss     : 0.00029993	 | 	Valid MAPE Loss     : 1.42250061
lr                 : [3.0000000000000004e-09]


Epoch : 120
Train MSE Loss     : 1.00009418	 | 	Train MAPE Loss     : 0.78233922
Valid MSE Loss     : 0.00030696	 | 	Valid MAPE Loss     : 1.43167877
lr                 : [3.0000000000000004e-09]


Epoch : 121
Train MSE Loss     : 1.00010490	 | 	Train MAPE Loss     : 0.81854022
Valid MSE Loss     : 0.00030020	 | 	Valid MAPE Loss     : 1.43355429
lr                 : [3.0000000000000004e-09]


Epoch : 122
Train MSE Loss     : 1.00010276	 | 	Train MAPE Loss     : 0.82237023
Valid MSE Loss     : 0.00028729	 | 	Valid MAPE Loss     : 1.40170574
lr                 : [3.0000000000000004e-09]


Epoch : 123
Train MSE Loss     : 1.00008988	 | 	Train MAPE Loss     : 0.77248442
Valid MSE Loss     : 0.00028947	 | 	Valid MAPE Loss     : 1.40316355
lr                 : [3.0000000000000004e-09]


Epoch : 124
Train MSE Loss     : 1.00008631	 | 	Train MAPE Loss     : 0.75632769
Valid MSE Loss     : 0.00030903	 | 	Valid MAPE Loss     : 1.43454695
lr                 : [3.0000000000000004e-09]


Epoch : 125
Train MSE Loss     : 1.00010562	 | 	Train MAPE Loss     : 0.82302934
Valid MSE Loss     : 0.00030233	 | 	Valid MAPE Loss     : 1.42257941
lr                 : [3.0000000000000004e-09]


Epoch : 126
Train MSE Loss     : 1.00008142	 | 	Train MAPE Loss     : 0.73158598
Valid MSE Loss     : 0.00030200	 | 	Valid MAPE Loss     : 1.42935574
lr                 : [3.0000000000000004e-09]


Epoch : 127
Train MSE Loss     : 1.00007927	 | 	Train MAPE Loss     : 0.71895993
Valid MSE Loss     : 0.00030062	 | 	Valid MAPE Loss     : 1.42137098
lr                 : [3.0000000000000004e-09]


Epoch : 128
Train MSE Loss     : 1.00009513	 | 	Train MAPE Loss     : 0.80680287
Valid MSE Loss     : 0.00030589	 | 	Valid MAPE Loss     : 1.43269908
lr                 : [3.0000000000000004e-09]


Epoch : 129
Train MSE Loss     : 1.00010765	 | 	Train MAPE Loss     : 0.85990399
Valid MSE Loss     : 0.00032303	 | 	Valid MAPE Loss     : 1.45256746
lr                 : [3.0000000000000004e-09]


Epoch : 130
Train MSE Loss     : 1.00010133	 | 	Train MAPE Loss     : 0.80729866
Valid MSE Loss     : 0.00028378	 | 	Valid MAPE Loss     : 1.39792812
lr                 : [3.0000000000000004e-09]


Epoch : 131
Train MSE Loss     : 1.00010133	 | 	Train MAPE Loss     : 0.81367016
Valid MSE Loss     : 0.00029143	 | 	Valid MAPE Loss     : 1.40385354
lr                 : [3.0000000000000004e-09]


Epoch : 132
Train MSE Loss     : 1.00009942	 | 	Train MAPE Loss     : 0.81292629
Valid MSE Loss     : 0.00030097	 | 	Valid MAPE Loss     : 1.41953051
lr                 : [3.0000000000000004e-09]


Epoch : 133
Train MSE Loss     : 1.00010991	 | 	Train MAPE Loss     : 0.84154052
Valid MSE Loss     : 0.00030045	 | 	Valid MAPE Loss     : 1.42751658
lr                 : [3.0000000000000004e-09]


Epoch : 134
Train MSE Loss     : 1.00008655	 | 	Train MAPE Loss     : 0.76443416
Valid MSE Loss     : 0.00029141	 | 	Valid MAPE Loss     : 1.41472578
lr                 : [3.0000000000000004e-09]


Epoch : 135
Train MSE Loss     : 1.00010204	 | 	Train MAPE Loss     : 0.83476037
Valid MSE Loss     : 0.00028383	 | 	Valid MAPE Loss     : 1.40113699
lr                 : [3.0000000000000004e-09]


Epoch : 136
Train MSE Loss     : 1.00010264	 | 	Train MAPE Loss     : 0.82064945
Valid MSE Loss     : 0.00030796	 | 	Valid MAPE Loss     : 1.43832636
lr                 : [3.0000000000000004e-09]


Epoch : 137
Train MSE Loss     : 1.00010455	 | 	Train MAPE Loss     : 0.86575872
Valid MSE Loss     : 0.00029222	 | 	Valid MAPE Loss     : 1.40966141
lr                 : [3.0000000000000004e-09]


Epoch : 138
Train MSE Loss     : 1.00007808	 | 	Train MAPE Loss     : 0.72479707
Valid MSE Loss     : 0.00030125	 | 	Valid MAPE Loss     : 1.42587566
lr                 : [3.0000000000000004e-09]


Epoch : 139
Train MSE Loss     : 1.00010467	 | 	Train MAPE Loss     : 0.83022010
Valid MSE Loss     : 0.00030357	 | 	Valid MAPE Loss     : 1.42321110
lr                 : [3.0000000000000004e-09]


Epoch : 140
Train MSE Loss     : 1.00009108	 | 	Train MAPE Loss     : 0.77852267
Valid MSE Loss     : 0.00029501	 | 	Valid MAPE Loss     : 1.41195261
lr                 : [3.0000000000000004e-09]


Epoch : 141
Train MSE Loss     : 1.00009727	 | 	Train MAPE Loss     : 0.80136108
Valid MSE Loss     : 0.00027999	 | 	Valid MAPE Loss     : 1.39081347
lr                 : [3.0000000000000004e-09]


Epoch : 142
Train MSE Loss     : 1.00008297	 | 	Train MAPE Loss     : 0.75873959
Valid MSE Loss     : 0.00031220	 | 	Valid MAPE Loss     : 1.44870269
lr                 : [3.0000000000000004e-09]


Epoch : 143
Train MSE Loss     : 1.00008333	 | 	Train MAPE Loss     : 0.74148500
Valid MSE Loss     : 0.00029944	 | 	Valid MAPE Loss     : 1.42738235
lr                 : [3.0000000000000004e-09]


Epoch : 144
Train MSE Loss     : 1.00012183	 | 	Train MAPE Loss     : 0.88389623
Valid MSE Loss     : 0.00030216	 | 	Valid MAPE Loss     : 1.42485154
lr                 : [3.0000000000000004e-09]


Epoch : 145
Train MSE Loss     : 1.00008845	 | 	Train MAPE Loss     : 0.77476037
Valid MSE Loss     : 0.00029070	 | 	Valid MAPE Loss     : 1.40360582
lr                 : [3.0000000000000004e-09]


Epoch : 146
Train MSE Loss     : 1.00009191	 | 	Train MAPE Loss     : 0.78913903
Valid MSE Loss     : 0.00029320	 | 	Valid MAPE Loss     : 1.41353261
lr                 : [3.0000000000000004e-09]


Epoch : 147
Train MSE Loss     : 1.00009143	 | 	Train MAPE Loss     : 0.77152586
Valid MSE Loss     : 0.00028523	 | 	Valid MAPE Loss     : 1.40061510
lr                 : [3.0000000000000004e-09]


Epoch : 148
Train MSE Loss     : 1.00009668	 | 	Train MAPE Loss     : 0.81839055
Valid MSE Loss     : 0.00030344	 | 	Valid MAPE Loss     : 1.42581224
lr                 : [3.0000000000000004e-09]


Epoch : 149
Train MSE Loss     : 1.00010324	 | 	Train MAPE Loss     : 0.82589519
Valid MSE Loss     : 0.00030675	 | 	Valid MAPE Loss     : 1.42991638
lr                 : [3.0000000000000004e-09]


Epoch : 150
Train MSE Loss     : 1.00007534	 | 	Train MAPE Loss     : 0.70486337
Valid MSE Loss     : 0.00029997	 | 	Valid MAPE Loss     : 1.42418003
lr                 : [3.0000000000000004e-09]


Evaluate on the Test set:
Test MAPE loss      :1.19178355	 | Test MSE loss      : 0.00020513

################## Training is Done! #########################
