=============================================
Dataset: cell_XJTU_batch2_prepocess_data
Mode:    supervised_with_contrast
=============================================
Training started ....

Epoch : 1
Train MSE Loss     : 1.08861852	 | 	Train MAPE Loss     : 21.14115143
Valid MSE Loss     : 0.10206677	 | 	Valid MAPE Loss     : 25.41183472
lr                 : [0.0003]


Epoch : 2
Train MSE Loss     : 1.00467408	 | 	Train MAPE Loss     : 6.14495754
Valid MSE Loss     : 0.00502465	 | 	Valid MAPE Loss     : 6.54948568
lr                 : [0.0003]


Epoch : 3
Train MSE Loss     : 1.00485194	 | 	Train MAPE Loss     : 6.41787052
Valid MSE Loss     : 0.00157338	 | 	Valid MAPE Loss     : 3.36607933
lr                 : [0.0003]


Epoch : 4
Train MSE Loss     : 1.01726985	 | 	Train MAPE Loss     : 12.13483620
Valid MSE Loss     : 0.00591085	 | 	Valid MAPE Loss     : 6.79380941
lr                 : [0.0003]


Epoch : 5
Train MSE Loss     : 1.00643992	 | 	Train MAPE Loss     : 6.94745588
Valid MSE Loss     : 0.00229435	 | 	Valid MAPE Loss     : 4.47687721
lr                 : [0.0003]


Epoch : 6
Train MSE Loss     : 1.00713754	 | 	Train MAPE Loss     : 7.55064821
Valid MSE Loss     : 0.00364362	 | 	Valid MAPE Loss     : 5.60006428
lr                 : [0.0003]


Epoch : 7
Train MSE Loss     : 1.01173306	 | 	Train MAPE Loss     : 10.38874817
Valid MSE Loss     : 0.00270836	 | 	Valid MAPE Loss     : 4.60917950
lr                 : [0.0003]


Epoch : 8
Train MSE Loss     : 1.00283444	 | 	Train MAPE Loss     : 4.85926199
Valid MSE Loss     : 0.00060168	 | 	Valid MAPE Loss     : 2.26756024
lr                 : [0.0003]


Epoch : 9
Train MSE Loss     : 1.00414860	 | 	Train MAPE Loss     : 5.24154711
Valid MSE Loss     : 0.00344953	 | 	Valid MAPE Loss     : 5.91781139
lr                 : [0.0003]


Epoch : 10
Train MSE Loss     : 1.01772082	 | 	Train MAPE Loss     : 11.10929680
Valid MSE Loss     : 0.03120793	 | 	Valid MAPE Loss     : 19.11675453
lr                 : [0.0003]


Epoch : 11
Train MSE Loss     : 1.00519502	 | 	Train MAPE Loss     : 6.25323963
Valid MSE Loss     : 0.00028684	 | 	Valid MAPE Loss     : 1.64215124
lr                 : [0.0003]


Epoch : 12
Train MSE Loss     : 1.01019299	 | 	Train MAPE Loss     : 9.14365005
Valid MSE Loss     : 0.00071282	 | 	Valid MAPE Loss     : 2.34894896
lr                 : [0.0003]


Epoch : 13
Train MSE Loss     : 1.01217389	 | 	Train MAPE Loss     : 9.04305363
Valid MSE Loss     : 0.03018074	 | 	Valid MAPE Loss     : 19.06001854
lr                 : [0.0003]


Epoch : 14
Train MSE Loss     : 1.03390598	 | 	Train MAPE Loss     : 17.40600777
Valid MSE Loss     : 0.07960896	 | 	Valid MAPE Loss     : 30.93030357
lr                 : [0.0003]


Epoch : 15
Train MSE Loss     : 1.01794004	 | 	Train MAPE Loss     : 11.10781574
Valid MSE Loss     : 0.00071259	 | 	Valid MAPE Loss     : 2.14366651
lr                 : [0.0003]


Epoch : 16
Train MSE Loss     : 1.00283635	 | 	Train MAPE Loss     : 5.17631912
Valid MSE Loss     : 0.00045006	 | 	Valid MAPE Loss     : 1.94019890
lr                 : [0.0003]


Epoch : 17
Train MSE Loss     : 1.00464427	 | 	Train MAPE Loss     : 5.49793530
Valid MSE Loss     : 0.00348807	 | 	Valid MAPE Loss     : 4.91079378
lr                 : [0.0003]


Epoch : 18
Train MSE Loss     : 1.00277424	 | 	Train MAPE Loss     : 5.02790928
Valid MSE Loss     : 0.01074526	 | 	Valid MAPE Loss     : 11.32298946
lr                 : [0.0003]


Epoch : 19
Train MSE Loss     : 1.00630260	 | 	Train MAPE Loss     : 8.21271515
Valid MSE Loss     : 0.00255922	 | 	Valid MAPE Loss     : 5.45112658
lr                 : [0.0003]


Epoch : 20
Train MSE Loss     : 1.15667534	 | 	Train MAPE Loss     : 39.42221832
Valid MSE Loss     : 0.28496331	 | 	Valid MAPE Loss     : 58.76801682
lr                 : [0.0003]


Epoch : 21
Train MSE Loss     : 1.15320420	 | 	Train MAPE Loss     : 41.31124115
Valid MSE Loss     : 0.02772703	 | 	Valid MAPE Loss     : 18.13312912
lr                 : [0.0003]


Epoch : 22
Train MSE Loss     : 1.07008243	 | 	Train MAPE Loss     : 27.26144981
Valid MSE Loss     : 0.02969562	 | 	Valid MAPE Loss     : 18.96146393
lr                 : [2.9999999999999997e-05]


Epoch : 23
Train MSE Loss     : 1.00824571	 | 	Train MAPE Loss     : 8.43230247
Valid MSE Loss     : 0.00036889	 | 	Valid MAPE Loss     : 1.81579280
lr                 : [2.9999999999999997e-05]


Epoch : 24
Train MSE Loss     : 1.00017941	 | 	Train MAPE Loss     : 1.17401576
Valid MSE Loss     : 0.00037407	 | 	Valid MAPE Loss     : 1.98352623
lr                 : [2.9999999999999997e-05]


Epoch : 25
Train MSE Loss     : 1.00009441	 | 	Train MAPE Loss     : 0.86969399
Valid MSE Loss     : 0.00010923	 | 	Valid MAPE Loss     : 0.96351910
lr                 : [2.9999999999999997e-05]


Epoch : 26
Train MSE Loss     : 1.00036776	 | 	Train MAPE Loss     : 1.78379476
Valid MSE Loss     : 0.00009220	 | 	Valid MAPE Loss     : 0.84091026
lr                 : [2.9999999999999997e-05]


Epoch : 27
Train MSE Loss     : 1.00009966	 | 	Train MAPE Loss     : 0.91993970
Valid MSE Loss     : 0.00005256	 | 	Valid MAPE Loss     : 0.55180925
lr                 : [2.9999999999999997e-05]


Epoch : 28
Train MSE Loss     : 1.00004387	 | 	Train MAPE Loss     : 0.58711940
Valid MSE Loss     : 0.00006604	 | 	Valid MAPE Loss     : 0.67466575
lr                 : [2.9999999999999997e-05]


Epoch : 29
Train MSE Loss     : 1.00005114	 | 	Train MAPE Loss     : 0.62267900
Valid MSE Loss     : 0.00006019	 | 	Valid MAPE Loss     : 0.65256584
lr                 : [2.9999999999999997e-05]


Epoch : 30
Train MSE Loss     : 1.00004458	 | 	Train MAPE Loss     : 0.59112424
Valid MSE Loss     : 0.00007932	 | 	Valid MAPE Loss     : 0.78916341
lr                 : [2.9999999999999997e-05]


Epoch : 31
Train MSE Loss     : 1.00003159	 | 	Train MAPE Loss     : 0.48530152
Valid MSE Loss     : 0.00007161	 | 	Valid MAPE Loss     : 0.71081156
lr                 : [2.9999999999999997e-05]


Epoch : 32
Train MSE Loss     : 1.00007248	 | 	Train MAPE Loss     : 0.80237156
Valid MSE Loss     : 0.00012827	 | 	Valid MAPE Loss     : 1.04079938
lr                 : [2.9999999999999997e-05]


Epoch : 33
Train MSE Loss     : 1.00018346	 | 	Train MAPE Loss     : 1.28006649
Valid MSE Loss     : 0.00004077	 | 	Valid MAPE Loss     : 0.50131249
lr                 : [2.9999999999999997e-05]


Epoch : 34
Train MSE Loss     : 1.00005412	 | 	Train MAPE Loss     : 0.64450514
Valid MSE Loss     : 0.00006890	 | 	Valid MAPE Loss     : 0.79473734
lr                 : [2.9999999999999997e-05]


Epoch : 35
Train MSE Loss     : 1.00012755	 | 	Train MAPE Loss     : 1.00826180
Valid MSE Loss     : 0.00006518	 | 	Valid MAPE Loss     : 0.71715146
lr                 : [2.9999999999999997e-05]


Epoch : 36
Train MSE Loss     : 1.00002480	 | 	Train MAPE Loss     : 0.43152913
Valid MSE Loss     : 0.00003915	 | 	Valid MAPE Loss     : 0.41504917
lr                 : [2.9999999999999997e-05]


Epoch : 37
Train MSE Loss     : 1.00004160	 | 	Train MAPE Loss     : 0.57175076
Valid MSE Loss     : 0.00005410	 | 	Valid MAPE Loss     : 0.56724960
lr                 : [2.9999999999999997e-05]


Epoch : 38
Train MSE Loss     : 1.00002682	 | 	Train MAPE Loss     : 0.45873904
Valid MSE Loss     : 0.00007035	 | 	Valid MAPE Loss     : 0.72796392
lr                 : [2.9999999999999997e-05]


Epoch : 39
Train MSE Loss     : 1.00003946	 | 	Train MAPE Loss     : 0.57940209
Valid MSE Loss     : 0.00012373	 | 	Valid MAPE Loss     : 1.03517318
lr                 : [2.9999999999999997e-05]


Epoch : 40
Train MSE Loss     : 1.00011802	 | 	Train MAPE Loss     : 1.05159652
Valid MSE Loss     : 0.00005995	 | 	Valid MAPE Loss     : 0.55432349
lr                 : [2.9999999999999997e-05]


Epoch : 41
Train MSE Loss     : 1.00014091	 | 	Train MAPE Loss     : 1.08518505
Valid MSE Loss     : 0.00035642	 | 	Valid MAPE Loss     : 1.99644828
lr                 : [2.9999999999999997e-05]


Epoch : 42
Train MSE Loss     : 1.00010872	 | 	Train MAPE Loss     : 0.95547789
Valid MSE Loss     : 0.00004901	 | 	Valid MAPE Loss     : 0.54454535
lr                 : [2.9999999999999997e-05]


Epoch : 43
Train MSE Loss     : 1.00008464	 | 	Train MAPE Loss     : 0.86383039
Valid MSE Loss     : 0.00005247	 | 	Valid MAPE Loss     : 0.61097443
lr                 : [2.9999999999999997e-05]


Epoch : 44
Train MSE Loss     : 1.00007260	 | 	Train MAPE Loss     : 0.80002177
Valid MSE Loss     : 0.00003681	 | 	Valid MAPE Loss     : 0.45694774
lr                 : [2.9999999999999997e-05]


Epoch : 45
Train MSE Loss     : 1.00017166	 | 	Train MAPE Loss     : 1.16567314
Valid MSE Loss     : 0.00005070	 | 	Valid MAPE Loss     : 0.62642384
lr                 : [2.9999999999999997e-05]


Epoch : 46
Train MSE Loss     : 1.00005400	 | 	Train MAPE Loss     : 0.68166608
Valid MSE Loss     : 0.00003165	 | 	Valid MAPE Loss     : 0.43062362
lr                 : [2.9999999999999997e-05]


Epoch : 47
Train MSE Loss     : 1.00002861	 | 	Train MAPE Loss     : 0.47160497
Valid MSE Loss     : 0.00003733	 | 	Valid MAPE Loss     : 0.49694628
lr                 : [3e-06]


Epoch : 48
Train MSE Loss     : 1.00001717	 | 	Train MAPE Loss     : 0.36410576
Valid MSE Loss     : 0.00003078	 | 	Valid MAPE Loss     : 0.37806591
lr                 : [3e-06]


Epoch : 49
Train MSE Loss     : 1.00002182	 | 	Train MAPE Loss     : 0.41676378
Valid MSE Loss     : 0.00004971	 | 	Valid MAPE Loss     : 0.56107759
lr                 : [3e-06]


Epoch : 50
Train MSE Loss     : 1.00001276	 | 	Train MAPE Loss     : 0.29977176
Valid MSE Loss     : 0.00003095	 | 	Valid MAPE Loss     : 0.38141355
lr                 : [3e-06]


Epoch : 51
Train MSE Loss     : 1.00001836	 | 	Train MAPE Loss     : 0.37140995
Valid MSE Loss     : 0.00003425	 | 	Valid MAPE Loss     : 0.43877608
lr                 : [3e-06]


Epoch : 52
Train MSE Loss     : 1.00001669	 | 	Train MAPE Loss     : 0.36087072
Valid MSE Loss     : 0.00003056	 | 	Valid MAPE Loss     : 0.39975002
lr                 : [3e-06]


Epoch : 53
Train MSE Loss     : 1.00002611	 | 	Train MAPE Loss     : 0.45339024
Valid MSE Loss     : 0.00005290	 | 	Valid MAPE Loss     : 0.60606021
lr                 : [3e-06]


Epoch : 54
Train MSE Loss     : 1.00001979	 | 	Train MAPE Loss     : 0.39717406
Valid MSE Loss     : 0.00003202	 | 	Valid MAPE Loss     : 0.40448362
lr                 : [3e-06]


Epoch : 55
Train MSE Loss     : 1.00002575	 | 	Train MAPE Loss     : 0.46142665
Valid MSE Loss     : 0.00003234	 | 	Valid MAPE Loss     : 0.44169378
lr                 : [3e-06]


Epoch : 56
Train MSE Loss     : 1.00001168	 | 	Train MAPE Loss     : 0.29596695
Valid MSE Loss     : 0.00002919	 | 	Valid MAPE Loss     : 0.41041002
lr                 : [3e-06]


Epoch : 57
Train MSE Loss     : 1.00001454	 | 	Train MAPE Loss     : 0.32600898
Valid MSE Loss     : 0.00003212	 | 	Valid MAPE Loss     : 0.39554921
lr                 : [3e-06]


Epoch : 58
Train MSE Loss     : 1.00001502	 | 	Train MAPE Loss     : 0.33565032
Valid MSE Loss     : 0.00002889	 | 	Valid MAPE Loss     : 0.38094062
lr                 : [3e-06]


Epoch : 59
Train MSE Loss     : 1.00001025	 | 	Train MAPE Loss     : 0.27586278
Valid MSE Loss     : 0.00003007	 | 	Valid MAPE Loss     : 0.37938568
lr                 : [3.0000000000000004e-07]


Epoch : 60
Train MSE Loss     : 1.00000858	 | 	Train MAPE Loss     : 0.24142495
Valid MSE Loss     : 0.00003140	 | 	Valid MAPE Loss     : 0.39516860
lr                 : [3.0000000000000004e-07]


Epoch : 61
Train MSE Loss     : 1.00001097	 | 	Train MAPE Loss     : 0.27658871
Valid MSE Loss     : 0.00003310	 | 	Valid MAPE Loss     : 0.41375285
lr                 : [3.0000000000000004e-07]


Epoch : 62
Train MSE Loss     : 1.00001121	 | 	Train MAPE Loss     : 0.28071249
Valid MSE Loss     : 0.00002931	 | 	Valid MAPE Loss     : 0.37397856
lr                 : [3.0000000000000004e-07]


Epoch : 63
Train MSE Loss     : 1.00001073	 | 	Train MAPE Loss     : 0.27935556
Valid MSE Loss     : 0.00003584	 | 	Valid MAPE Loss     : 0.43249941
lr                 : [3.0000000000000004e-07]


Epoch : 64
Train MSE Loss     : 1.00000846	 | 	Train MAPE Loss     : 0.24333334
Valid MSE Loss     : 0.00002942	 | 	Valid MAPE Loss     : 0.39590883
lr                 : [3.0000000000000004e-07]


Epoch : 65
Train MSE Loss     : 1.00001681	 | 	Train MAPE Loss     : 0.34674636
Valid MSE Loss     : 0.00003839	 | 	Valid MAPE Loss     : 0.50702345
lr                 : [3.0000000000000004e-07]


Epoch : 66
Train MSE Loss     : 1.00001085	 | 	Train MAPE Loss     : 0.28475118
Valid MSE Loss     : 0.00002978	 | 	Valid MAPE Loss     : 0.38060862
lr                 : [3.0000000000000004e-07]


Epoch : 67
Train MSE Loss     : 1.00001574	 | 	Train MAPE Loss     : 0.33909127
Valid MSE Loss     : 0.00004499	 | 	Valid MAPE Loss     : 0.52058756
lr                 : [3.0000000000000004e-07]


Epoch : 68
Train MSE Loss     : 1.00000858	 | 	Train MAPE Loss     : 0.23999326
Valid MSE Loss     : 0.00003891	 | 	Valid MAPE Loss     : 0.47454461
lr                 : [3.0000000000000004e-07]


Epoch : 69
Train MSE Loss     : 1.00001526	 | 	Train MAPE Loss     : 0.33852032
Valid MSE Loss     : 0.00002760	 | 	Valid MAPE Loss     : 0.37217262
lr                 : [3.0000000000000004e-07]


Epoch : 70
Train MSE Loss     : 1.00001347	 | 	Train MAPE Loss     : 0.31659037
Valid MSE Loss     : 0.00003401	 | 	Valid MAPE Loss     : 0.42472768
lr                 : [3.0000000000000004e-07]


Epoch : 71
Train MSE Loss     : 1.00001109	 | 	Train MAPE Loss     : 0.28226140
Valid MSE Loss     : 0.00002926	 | 	Valid MAPE Loss     : 0.37937313
lr                 : [3.0000000000000004e-07]


Epoch : 72
Train MSE Loss     : 1.00001335	 | 	Train MAPE Loss     : 0.31803167
Valid MSE Loss     : 0.00002913	 | 	Valid MAPE Loss     : 0.38542336
lr                 : [3.0000000000000004e-07]


Epoch : 73
Train MSE Loss     : 1.00000966	 | 	Train MAPE Loss     : 0.26084828
Valid MSE Loss     : 0.00003428	 | 	Valid MAPE Loss     : 0.40999517
lr                 : [3.0000000000000004e-07]


Epoch : 74
Train MSE Loss     : 1.00001240	 | 	Train MAPE Loss     : 0.30547118
Valid MSE Loss     : 0.00003390	 | 	Valid MAPE Loss     : 0.42297682
lr                 : [3.0000000000000004e-07]


Epoch : 75
Train MSE Loss     : 1.00001252	 | 	Train MAPE Loss     : 0.30758938
Valid MSE Loss     : 0.00003281	 | 	Valid MAPE Loss     : 0.41653118
lr                 : [3.0000000000000004e-07]


Epoch : 76
Train MSE Loss     : 1.00001001	 | 	Train MAPE Loss     : 0.26456079
Valid MSE Loss     : 0.00003188	 | 	Valid MAPE Loss     : 0.39427331
lr                 : [3.0000000000000004e-07]


Epoch : 77
Train MSE Loss     : 1.00001228	 | 	Train MAPE Loss     : 0.30035046
Valid MSE Loss     : 0.00003480	 | 	Valid MAPE Loss     : 0.42019686
lr                 : [3.0000000000000004e-07]


Epoch : 78
Train MSE Loss     : 1.00001323	 | 	Train MAPE Loss     : 0.30000299
Valid MSE Loss     : 0.00003360	 | 	Valid MAPE Loss     : 0.42135143
lr                 : [3.0000000000000004e-07]


Epoch : 79
Train MSE Loss     : 1.00000918	 | 	Train MAPE Loss     : 0.25607845
Valid MSE Loss     : 0.00003415	 | 	Valid MAPE Loss     : 0.40713471
lr                 : [3.0000000000000004e-07]


Epoch : 80
Train MSE Loss     : 1.00001049	 | 	Train MAPE Loss     : 0.27239767
Valid MSE Loss     : 0.00003249	 | 	Valid MAPE Loss     : 0.39042720
lr                 : [3.0000000000000004e-08]


Epoch : 81
Train MSE Loss     : 1.00001192	 | 	Train MAPE Loss     : 0.27785087
Valid MSE Loss     : 0.00004002	 | 	Valid MAPE Loss     : 0.47767931
lr                 : [3.0000000000000004e-08]


Epoch : 82
Train MSE Loss     : 1.00000882	 | 	Train MAPE Loss     : 0.25275266
Valid MSE Loss     : 0.00003379	 | 	Valid MAPE Loss     : 0.40497595
lr                 : [3.0000000000000004e-08]


Epoch : 83
Train MSE Loss     : 1.00001037	 | 	Train MAPE Loss     : 0.27230287
Valid MSE Loss     : 0.00003200	 | 	Valid MAPE Loss     : 0.41108879
lr                 : [3.0000000000000004e-08]


Epoch : 84
Train MSE Loss     : 1.00001395	 | 	Train MAPE Loss     : 0.32100770
Valid MSE Loss     : 0.00003845	 | 	Valid MAPE Loss     : 0.46169734
lr                 : [3.0000000000000004e-08]


Epoch : 85
Train MSE Loss     : 1.00001013	 | 	Train MAPE Loss     : 0.26797941
Valid MSE Loss     : 0.00003633	 | 	Valid MAPE Loss     : 0.44092727
lr                 : [3.0000000000000004e-08]


Epoch : 86
Train MSE Loss     : 1.00001252	 | 	Train MAPE Loss     : 0.29506254
Valid MSE Loss     : 0.00003395	 | 	Valid MAPE Loss     : 0.42583710
lr                 : [3.0000000000000004e-08]


Epoch : 87
Train MSE Loss     : 1.00001013	 | 	Train MAPE Loss     : 0.27029896
Valid MSE Loss     : 0.00002918	 | 	Valid MAPE Loss     : 0.37708813
lr                 : [3.0000000000000004e-08]


Epoch : 88
Train MSE Loss     : 1.00000823	 | 	Train MAPE Loss     : 0.23574083
Valid MSE Loss     : 0.00003494	 | 	Valid MAPE Loss     : 0.41667062
lr                 : [3.0000000000000004e-08]


Epoch : 89
Train MSE Loss     : 1.00001001	 | 	Train MAPE Loss     : 0.26112625
Valid MSE Loss     : 0.00003131	 | 	Valid MAPE Loss     : 0.39188749
lr                 : [3.0000000000000004e-08]


Epoch : 90
Train MSE Loss     : 1.00000775	 | 	Train MAPE Loss     : 0.22783063
Valid MSE Loss     : 0.00003458	 | 	Valid MAPE Loss     : 0.43490148
lr                 : [3.0000000000000004e-08]


Epoch : 91
Train MSE Loss     : 1.00001323	 | 	Train MAPE Loss     : 0.30770725
Valid MSE Loss     : 0.00003308	 | 	Valid MAPE Loss     : 0.40575084
lr                 : [3.0000000000000004e-09]


Epoch : 92
Train MSE Loss     : 1.00001001	 | 	Train MAPE Loss     : 0.26793861
Valid MSE Loss     : 0.00003392	 | 	Valid MAPE Loss     : 0.41377527
lr                 : [3.0000000000000004e-09]


Epoch : 93
Train MSE Loss     : 1.00001013	 | 	Train MAPE Loss     : 0.26167226
Valid MSE Loss     : 0.00003076	 | 	Valid MAPE Loss     : 0.37557235
lr                 : [3.0000000000000004e-09]


Epoch : 94
Train MSE Loss     : 1.00001085	 | 	Train MAPE Loss     : 0.27819401
Valid MSE Loss     : 0.00003410	 | 	Valid MAPE Loss     : 0.41237211
lr                 : [3.0000000000000004e-09]


Epoch : 95
Train MSE Loss     : 1.00000656	 | 	Train MAPE Loss     : 0.21057384
Valid MSE Loss     : 0.00003024	 | 	Valid MAPE Loss     : 0.39366785
lr                 : [3.0000000000000004e-09]


Epoch : 96
Train MSE Loss     : 1.00000942	 | 	Train MAPE Loss     : 0.25754020
Valid MSE Loss     : 0.00002812	 | 	Valid MAPE Loss     : 0.36859685
lr                 : [3.0000000000000004e-09]


Epoch : 97
Train MSE Loss     : 1.00001228	 | 	Train MAPE Loss     : 0.29456398
Valid MSE Loss     : 0.00003125	 | 	Valid MAPE Loss     : 0.39594585
lr                 : [3.0000000000000004e-09]


Epoch : 98
Train MSE Loss     : 1.00001001	 | 	Train MAPE Loss     : 0.25854817
Valid MSE Loss     : 0.00003370	 | 	Valid MAPE Loss     : 0.42115483
lr                 : [3.0000000000000004e-09]


Epoch : 99
Train MSE Loss     : 1.00001168	 | 	Train MAPE Loss     : 0.29331797
Valid MSE Loss     : 0.00003262	 | 	Valid MAPE Loss     : 0.40263397
lr                 : [3.0000000000000004e-09]


Epoch : 100
Train MSE Loss     : 1.00001335	 | 	Train MAPE Loss     : 0.29871392
Valid MSE Loss     : 0.00003212	 | 	Valid MAPE Loss     : 0.39701357
lr                 : [3.0000000000000004e-09]


Epoch : 101
Train MSE Loss     : 1.00001287	 | 	Train MAPE Loss     : 0.30860221
Valid MSE Loss     : 0.00003550	 | 	Valid MAPE Loss     : 0.43957582
lr                 : [3.0000000000000004e-09]


Epoch : 102
Train MSE Loss     : 1.00000823	 | 	Train MAPE Loss     : 0.23798735
Valid MSE Loss     : 0.00003419	 | 	Valid MAPE Loss     : 0.42099556
lr                 : [3.0000000000000004e-09]


Epoch : 103
Train MSE Loss     : 1.00000763	 | 	Train MAPE Loss     : 0.22325006
Valid MSE Loss     : 0.00003343	 | 	Valid MAPE Loss     : 0.40754372
lr                 : [3.0000000000000004e-09]


Epoch : 104
Train MSE Loss     : 1.00001001	 | 	Train MAPE Loss     : 0.26466662
Valid MSE Loss     : 0.00003777	 | 	Valid MAPE Loss     : 0.45520678
lr                 : [3.0000000000000004e-09]


Epoch : 105
Train MSE Loss     : 1.00000906	 | 	Train MAPE Loss     : 0.24934836
Valid MSE Loss     : 0.00002854	 | 	Valid MAPE Loss     : 0.36305016
lr                 : [3.0000000000000004e-09]


Epoch : 106
Train MSE Loss     : 1.00001025	 | 	Train MAPE Loss     : 0.25010666
Valid MSE Loss     : 0.00003848	 | 	Valid MAPE Loss     : 0.46583515
lr                 : [3.0000000000000004e-09]


Epoch : 107
Train MSE Loss     : 1.00001323	 | 	Train MAPE Loss     : 0.30936277
Valid MSE Loss     : 0.00003639	 | 	Valid MAPE Loss     : 0.45172247
lr                 : [3.0000000000000004e-09]


Epoch : 108
Train MSE Loss     : 1.00001085	 | 	Train MAPE Loss     : 0.26412556
Valid MSE Loss     : 0.00003285	 | 	Valid MAPE Loss     : 0.40340668
lr                 : [3.0000000000000004e-09]


Epoch : 109
Train MSE Loss     : 1.00001025	 | 	Train MAPE Loss     : 0.26835170
Valid MSE Loss     : 0.00003374	 | 	Valid MAPE Loss     : 0.40598527
lr                 : [3.0000000000000004e-09]


Epoch : 110
Train MSE Loss     : 1.00000823	 | 	Train MAPE Loss     : 0.23339634
Valid MSE Loss     : 0.00003144	 | 	Valid MAPE Loss     : 0.39067301
lr                 : [3.0000000000000004e-09]


Epoch : 111
Train MSE Loss     : 1.00000799	 | 	Train MAPE Loss     : 0.23028012
Valid MSE Loss     : 0.00003122	 | 	Valid MAPE Loss     : 0.38055700
lr                 : [3.0000000000000004e-09]


Epoch : 112
Train MSE Loss     : 1.00000906	 | 	Train MAPE Loss     : 0.25262985
Valid MSE Loss     : 0.00003306	 | 	Valid MAPE Loss     : 0.41778883
lr                 : [3.0000000000000004e-09]


Epoch : 113
Train MSE Loss     : 1.00001121	 | 	Train MAPE Loss     : 0.27642357
Valid MSE Loss     : 0.00002777	 | 	Valid MAPE Loss     : 0.37020060
lr                 : [3.0000000000000004e-09]


Epoch : 114
Train MSE Loss     : 1.00000989	 | 	Train MAPE Loss     : 0.26289365
Valid MSE Loss     : 0.00002863	 | 	Valid MAPE Loss     : 0.36966750
lr                 : [3.0000000000000004e-09]


Epoch : 115
Train MSE Loss     : 1.00001180	 | 	Train MAPE Loss     : 0.28885671
Valid MSE Loss     : 0.00003203	 | 	Valid MAPE Loss     : 0.39182323
lr                 : [3.0000000000000004e-09]


Epoch : 116
Train MSE Loss     : 1.00001180	 | 	Train MAPE Loss     : 0.29417670
Valid MSE Loss     : 0.00003302	 | 	Valid MAPE Loss     : 0.40200248
lr                 : [3.0000000000000004e-09]


Epoch : 117
Train MSE Loss     : 1.00000811	 | 	Train MAPE Loss     : 0.23780546
Valid MSE Loss     : 0.00003369	 | 	Valid MAPE Loss     : 0.40470862
lr                 : [3.0000000000000004e-09]


Epoch : 118
Train MSE Loss     : 1.00000846	 | 	Train MAPE Loss     : 0.24317452
Valid MSE Loss     : 0.00003188	 | 	Valid MAPE Loss     : 0.39845037
lr                 : [3.0000000000000004e-09]


Epoch : 119
Train MSE Loss     : 1.00000942	 | 	Train MAPE Loss     : 0.25996003
Valid MSE Loss     : 0.00003029	 | 	Valid MAPE Loss     : 0.38878092
lr                 : [3.0000000000000004e-09]


Epoch : 120
Train MSE Loss     : 1.00000966	 | 	Train MAPE Loss     : 0.25713941
Valid MSE Loss     : 0.00002996	 | 	Valid MAPE Loss     : 0.39169288
lr                 : [3.0000000000000004e-09]


Epoch : 121
Train MSE Loss     : 1.00001407	 | 	Train MAPE Loss     : 0.30605158
Valid MSE Loss     : 0.00002927	 | 	Valid MAPE Loss     : 0.37941006
lr                 : [3.0000000000000004e-09]


Epoch : 122
Train MSE Loss     : 1.00001144	 | 	Train MAPE Loss     : 0.27841070
Valid MSE Loss     : 0.00003167	 | 	Valid MAPE Loss     : 0.40494180
lr                 : [3.0000000000000004e-09]


Epoch : 123
Train MSE Loss     : 1.00000942	 | 	Train MAPE Loss     : 0.25193477
Valid MSE Loss     : 0.00002905	 | 	Valid MAPE Loss     : 0.37583962
lr                 : [3.0000000000000004e-09]


Epoch : 124
Train MSE Loss     : 1.00001144	 | 	Train MAPE Loss     : 0.28489226
Valid MSE Loss     : 0.00003100	 | 	Valid MAPE Loss     : 0.37595898
lr                 : [3.0000000000000004e-09]


Epoch : 125
Train MSE Loss     : 1.00000930	 | 	Train MAPE Loss     : 0.25683346
Valid MSE Loss     : 0.00003218	 | 	Valid MAPE Loss     : 0.39064246
lr                 : [3.0000000000000004e-09]


Epoch : 126
Train MSE Loss     : 1.00000799	 | 	Train MAPE Loss     : 0.22838053
Valid MSE Loss     : 0.00003117	 | 	Valid MAPE Loss     : 0.38842618
lr                 : [3.0000000000000004e-09]


Epoch : 127
Train MSE Loss     : 1.00001073	 | 	Train MAPE Loss     : 0.27388415
Valid MSE Loss     : 0.00002796	 | 	Valid MAPE Loss     : 0.36515504
lr                 : [3.0000000000000004e-09]


Epoch : 128
Train MSE Loss     : 1.00001013	 | 	Train MAPE Loss     : 0.25805843
Valid MSE Loss     : 0.00003165	 | 	Valid MAPE Loss     : 0.39645830
lr                 : [3.0000000000000004e-09]


Epoch : 129
Train MSE Loss     : 1.00000918	 | 	Train MAPE Loss     : 0.25422183
Valid MSE Loss     : 0.00003166	 | 	Valid MAPE Loss     : 0.39644831
lr                 : [3.0000000000000004e-09]


Epoch : 130
Train MSE Loss     : 1.00001168	 | 	Train MAPE Loss     : 0.28268316
Valid MSE Loss     : 0.00002819	 | 	Valid MAPE Loss     : 0.37602347
lr                 : [3.0000000000000004e-09]


Epoch : 131
Train MSE Loss     : 1.00000858	 | 	Train MAPE Loss     : 0.24665791
Valid MSE Loss     : 0.00003085	 | 	Valid MAPE Loss     : 0.40143704
lr                 : [3.0000000000000004e-09]


Epoch : 132
Train MSE Loss     : 1.00001073	 | 	Train MAPE Loss     : 0.26849252
Valid MSE Loss     : 0.00003397	 | 	Valid MAPE Loss     : 0.42928490
lr                 : [3.0000000000000004e-09]


Epoch : 133
Train MSE Loss     : 1.00000679	 | 	Train MAPE Loss     : 0.21847098
Valid MSE Loss     : 0.00003420	 | 	Valid MAPE Loss     : 0.41777954
lr                 : [3.0000000000000004e-09]


Epoch : 134
Train MSE Loss     : 1.00001252	 | 	Train MAPE Loss     : 0.29385114
Valid MSE Loss     : 0.00003214	 | 	Valid MAPE Loss     : 0.40142447
lr                 : [3.0000000000000004e-09]


Epoch : 135
Train MSE Loss     : 1.00001049	 | 	Train MAPE Loss     : 0.26710698
Valid MSE Loss     : 0.00003104	 | 	Valid MAPE Loss     : 0.39355832
lr                 : [3.0000000000000004e-09]


Epoch : 136
Train MSE Loss     : 1.00000918	 | 	Train MAPE Loss     : 0.25581202
Valid MSE Loss     : 0.00003039	 | 	Valid MAPE Loss     : 0.38303155
lr                 : [3.0000000000000004e-09]


Epoch : 137
Train MSE Loss     : 1.00000954	 | 	Train MAPE Loss     : 0.25726381
Valid MSE Loss     : 0.00003143	 | 	Valid MAPE Loss     : 0.40053511
lr                 : [3.0000000000000004e-09]


Epoch : 138
Train MSE Loss     : 1.00000894	 | 	Train MAPE Loss     : 0.24374081
Valid MSE Loss     : 0.00003089	 | 	Valid MAPE Loss     : 0.38301650
lr                 : [3.0000000000000004e-09]


Epoch : 139
Train MSE Loss     : 1.00001025	 | 	Train MAPE Loss     : 0.26846254
Valid MSE Loss     : 0.00002966	 | 	Valid MAPE Loss     : 0.37563431
lr                 : [3.0000000000000004e-09]


Epoch : 140
Train MSE Loss     : 1.00001001	 | 	Train MAPE Loss     : 0.25881013
Valid MSE Loss     : 0.00002858	 | 	Valid MAPE Loss     : 0.37693042
lr                 : [3.0000000000000004e-09]


Epoch : 141
Train MSE Loss     : 1.00000834	 | 	Train MAPE Loss     : 0.23308538
Valid MSE Loss     : 0.00002764	 | 	Valid MAPE Loss     : 0.36265188
lr                 : [3.0000000000000004e-09]


Epoch : 142
Train MSE Loss     : 1.00001013	 | 	Train MAPE Loss     : 0.26836681
Valid MSE Loss     : 0.00003232	 | 	Valid MAPE Loss     : 0.40610820
lr                 : [3.0000000000000004e-09]


Epoch : 143
Train MSE Loss     : 1.00000846	 | 	Train MAPE Loss     : 0.23918317
Valid MSE Loss     : 0.00003172	 | 	Valid MAPE Loss     : 0.39682612
lr                 : [3.0000000000000004e-09]


Epoch : 144
Train MSE Loss     : 1.00000858	 | 	Train MAPE Loss     : 0.24390548
Valid MSE Loss     : 0.00003378	 | 	Valid MAPE Loss     : 0.42237073
lr                 : [3.0000000000000004e-09]


Epoch : 145
Train MSE Loss     : 1.00001049	 | 	Train MAPE Loss     : 0.27021131
Valid MSE Loss     : 0.00003426	 | 	Valid MAPE Loss     : 0.42933312
lr                 : [3.0000000000000004e-09]


Epoch : 146
Train MSE Loss     : 1.00000906	 | 	Train MAPE Loss     : 0.25839478
Valid MSE Loss     : 0.00002944	 | 	Valid MAPE Loss     : 0.37253597
lr                 : [3.0000000000000004e-09]


Epoch : 147
Train MSE Loss     : 1.00000930	 | 	Train MAPE Loss     : 0.25514084
Valid MSE Loss     : 0.00002651	 | 	Valid MAPE Loss     : 0.36476460
lr                 : [3.0000000000000004e-09]


Epoch : 148
Train MSE Loss     : 1.00000834	 | 	Train MAPE Loss     : 0.24171482
Valid MSE Loss     : 0.00003062	 | 	Valid MAPE Loss     : 0.39505714
lr                 : [3.0000000000000004e-09]


Epoch : 149
Train MSE Loss     : 1.00001204	 | 	Train MAPE Loss     : 0.29437414
Valid MSE Loss     : 0.00003093	 | 	Valid MAPE Loss     : 0.40991083
lr                 : [3.0000000000000004e-09]


Epoch : 150
Train MSE Loss     : 1.00000882	 | 	Train MAPE Loss     : 0.24303010
Valid MSE Loss     : 0.00002749	 | 	Valid MAPE Loss     : 0.37079751
lr                 : [3.0000000000000004e-09]


Evaluate on the Test set:
Test MAPE loss      :0.69974113	 | Test MSE loss      : 0.00010475

################## Training is Done! #########################
