=============================================
Dataset: cell_Tongji_NCA_data
Mode:    fine_tuned
=============================================
Fine tuning started ....

Epoch : 1
Train MSE Loss     : 1.00002789	 | 	Train MAPE Loss     : 0.36434680
Valid MSE Loss     : 0.00001530	 | 	Valid MAPE Loss     : 0.25075355
lr                 : [3e-06]


Epoch : 2
Train MSE Loss     : 1.00002563	 | 	Train MAPE Loss     : 0.34324089
Valid MSE Loss     : 0.00003193	 | 	Valid MAPE Loss     : 0.37950492
lr                 : [3e-06]


Epoch : 3
Train MSE Loss     : 1.00002682	 | 	Train MAPE Loss     : 0.35751072
Valid MSE Loss     : 0.00003242	 | 	Valid MAPE Loss     : 0.36008906
lr                 : [3e-06]


Epoch : 4
Train MSE Loss     : 1.00002587	 | 	Train MAPE Loss     : 0.35064790
Valid MSE Loss     : 0.00002736	 | 	Valid MAPE Loss     : 0.28419551
lr                 : [3e-06]


Epoch : 5
Train MSE Loss     : 1.00002730	 | 	Train MAPE Loss     : 0.36559328
Valid MSE Loss     : 0.00008314	 | 	Valid MAPE Loss     : 0.86750317
lr                 : [3e-06]


Epoch : 6
Train MSE Loss     : 1.00003040	 | 	Train MAPE Loss     : 0.41094542
Valid MSE Loss     : 0.00004567	 | 	Valid MAPE Loss     : 0.49470329
lr                 : [3e-06]


Epoch : 7
Train MSE Loss     : 1.00002742	 | 	Train MAPE Loss     : 0.35986105
Valid MSE Loss     : 0.00003981	 | 	Valid MAPE Loss     : 0.44423166
lr                 : [3e-06]


Epoch : 8
Train MSE Loss     : 1.00002432	 | 	Train MAPE Loss     : 0.32021672
Valid MSE Loss     : 0.00004260	 | 	Valid MAPE Loss     : 0.52281410
lr                 : [3e-06]


Epoch : 9
Train MSE Loss     : 1.00002551	 | 	Train MAPE Loss     : 0.33747166
Valid MSE Loss     : 0.00002387	 | 	Valid MAPE Loss     : 0.29991275
lr                 : [3e-06]


Epoch : 10
Train MSE Loss     : 1.00002456	 | 	Train MAPE Loss     : 0.33801514
Valid MSE Loss     : 0.00002300	 | 	Valid MAPE Loss     : 0.21004565
lr                 : [3e-06]


Epoch : 11
Train MSE Loss     : 1.00002491	 | 	Train MAPE Loss     : 0.33506137
Valid MSE Loss     : 0.00003366	 | 	Valid MAPE Loss     : 0.54606414
lr                 : [3e-06]


Epoch : 12
Train MSE Loss     : 1.00002539	 | 	Train MAPE Loss     : 0.34447736
Valid MSE Loss     : 0.00003040	 | 	Valid MAPE Loss     : 0.50799906
lr                 : [3e-06]


Epoch : 13
Train MSE Loss     : 1.00002277	 | 	Train MAPE Loss     : 0.31219310
Valid MSE Loss     : 0.00002025	 | 	Valid MAPE Loss     : 0.38833296
lr                 : [3e-06]


Epoch : 14
Train MSE Loss     : 1.00002527	 | 	Train MAPE Loss     : 0.32781541
Valid MSE Loss     : 0.00003023	 | 	Valid MAPE Loss     : 0.42869535
lr                 : [3e-06]


Epoch : 15
Train MSE Loss     : 1.00002313	 | 	Train MAPE Loss     : 0.32489529
Valid MSE Loss     : 0.00001912	 | 	Valid MAPE Loss     : 0.22201754
lr                 : [3e-06]


Epoch : 16
Train MSE Loss     : 1.00002348	 | 	Train MAPE Loss     : 0.33371803
Valid MSE Loss     : 0.00002101	 | 	Valid MAPE Loss     : 0.23465198
lr                 : [3e-06]


Epoch : 17
Train MSE Loss     : 1.00002766	 | 	Train MAPE Loss     : 0.37065071
Valid MSE Loss     : 0.00006008	 | 	Valid MAPE Loss     : 0.70054120
lr                 : [3e-06]


Epoch : 18
Train MSE Loss     : 1.00002527	 | 	Train MAPE Loss     : 0.33040154
Valid MSE Loss     : 0.00001786	 | 	Valid MAPE Loss     : 0.27375150
lr                 : [3e-06]


Epoch : 19
Train MSE Loss     : 1.00002301	 | 	Train MAPE Loss     : 0.32365432
Valid MSE Loss     : 0.00002841	 | 	Valid MAPE Loss     : 0.22929190
lr                 : [3e-06]


Epoch : 20
Train MSE Loss     : 1.00002480	 | 	Train MAPE Loss     : 0.34680808
Valid MSE Loss     : 0.00003094	 | 	Valid MAPE Loss     : 0.22031219
lr                 : [3e-06]


Epoch : 21
Train MSE Loss     : 1.00002277	 | 	Train MAPE Loss     : 0.32497248
Valid MSE Loss     : 0.00003060	 | 	Valid MAPE Loss     : 0.49974319
lr                 : [3.0000000000000004e-07]


Epoch : 22
Train MSE Loss     : 1.00002074	 | 	Train MAPE Loss     : 0.29192773
Valid MSE Loss     : 0.00005426	 | 	Valid MAPE Loss     : 0.68248212
lr                 : [3.0000000000000004e-07]


Epoch : 23
Train MSE Loss     : 1.00001919	 | 	Train MAPE Loss     : 0.27476245
Valid MSE Loss     : 0.00005525	 | 	Valid MAPE Loss     : 0.60599339
lr                 : [3.0000000000000004e-07]


Epoch : 24
Train MSE Loss     : 1.00001943	 | 	Train MAPE Loss     : 0.27541175
Valid MSE Loss     : 0.00001592	 | 	Valid MAPE Loss     : 0.25758135
lr                 : [3.0000000000000004e-07]


Epoch : 25
Train MSE Loss     : 1.00001979	 | 	Train MAPE Loss     : 0.28281850
Valid MSE Loss     : 0.00005173	 | 	Valid MAPE Loss     : 0.45570621
lr                 : [3.0000000000000004e-07]


Epoch : 26
Train MSE Loss     : 1.00002003	 | 	Train MAPE Loss     : 0.27827427
Valid MSE Loss     : 0.00001788	 | 	Valid MAPE Loss     : 0.31674713
lr                 : [3.0000000000000004e-07]


Epoch : 27
Train MSE Loss     : 1.00001848	 | 	Train MAPE Loss     : 0.25991976
Valid MSE Loss     : 0.00001711	 | 	Valid MAPE Loss     : 0.33335257
lr                 : [3.0000000000000004e-07]


Epoch : 28
Train MSE Loss     : 1.00001943	 | 	Train MAPE Loss     : 0.27300724
Valid MSE Loss     : 0.00001572	 | 	Valid MAPE Loss     : 0.22183064
lr                 : [3.0000000000000004e-07]


Epoch : 29
Train MSE Loss     : 1.00001836	 | 	Train MAPE Loss     : 0.26377255
Valid MSE Loss     : 0.00001974	 | 	Valid MAPE Loss     : 0.25851762
lr                 : [3.0000000000000004e-07]


Epoch : 30
Train MSE Loss     : 1.00001669	 | 	Train MAPE Loss     : 0.25200120
Valid MSE Loss     : 0.00001624	 | 	Valid MAPE Loss     : 0.30351546
lr                 : [3.0000000000000004e-07]


Epoch : 31
Train MSE Loss     : 1.00001764	 | 	Train MAPE Loss     : 0.25671262
Valid MSE Loss     : 0.00003135	 | 	Valid MAPE Loss     : 0.39680955
lr                 : [3.0000000000000004e-07]


Epoch : 32
Train MSE Loss     : 1.00001824	 | 	Train MAPE Loss     : 0.26176965
Valid MSE Loss     : 0.00002027	 | 	Valid MAPE Loss     : 0.37632141
lr                 : [3.0000000000000004e-08]


Epoch : 33
Train MSE Loss     : 1.00001895	 | 	Train MAPE Loss     : 0.26999068
Valid MSE Loss     : 0.00004604	 | 	Valid MAPE Loss     : 0.46599773
lr                 : [3.0000000000000004e-08]


Epoch : 34
Train MSE Loss     : 1.00001824	 | 	Train MAPE Loss     : 0.25988784
Valid MSE Loss     : 0.00003401	 | 	Valid MAPE Loss     : 0.42959461
lr                 : [3.0000000000000004e-08]


Epoch : 35
Train MSE Loss     : 1.00001764	 | 	Train MAPE Loss     : 0.25307468
Valid MSE Loss     : 0.00001527	 | 	Valid MAPE Loss     : 0.22823673
lr                 : [3.0000000000000004e-08]


Epoch : 36
Train MSE Loss     : 1.00001895	 | 	Train MAPE Loss     : 0.27367207
Valid MSE Loss     : 0.00003406	 | 	Valid MAPE Loss     : 0.39713293
lr                 : [3.0000000000000004e-08]


Epoch : 37
Train MSE Loss     : 1.00001955	 | 	Train MAPE Loss     : 0.26861855
Valid MSE Loss     : 0.00003557	 | 	Valid MAPE Loss     : 0.52588445
lr                 : [3.0000000000000004e-08]


Epoch : 38
Train MSE Loss     : 1.00001824	 | 	Train MAPE Loss     : 0.26687974
Valid MSE Loss     : 0.00002428	 | 	Valid MAPE Loss     : 0.33869436
lr                 : [3.0000000000000004e-08]


Epoch : 39
Train MSE Loss     : 1.00001693	 | 	Train MAPE Loss     : 0.24259932
Valid MSE Loss     : 0.00004809	 | 	Valid MAPE Loss     : 0.50563335
lr                 : [3.0000000000000004e-08]


Epoch : 40
Train MSE Loss     : 1.00001872	 | 	Train MAPE Loss     : 0.26301509
Valid MSE Loss     : 0.00003567	 | 	Valid MAPE Loss     : 0.48451164
lr                 : [3.0000000000000004e-08]


Epoch : 41
Train MSE Loss     : 1.00001824	 | 	Train MAPE Loss     : 0.25596339
Valid MSE Loss     : 0.00004349	 | 	Valid MAPE Loss     : 0.44848901
lr                 : [3.0000000000000004e-08]


Epoch : 42
Train MSE Loss     : 1.00001764	 | 	Train MAPE Loss     : 0.25936994
Valid MSE Loss     : 0.00002523	 | 	Valid MAPE Loss     : 0.32736120
lr                 : [3.0000000000000004e-08]


Epoch : 43
Train MSE Loss     : 1.00001824	 | 	Train MAPE Loss     : 0.26372483
Valid MSE Loss     : 0.00004400	 | 	Valid MAPE Loss     : 0.56764674
lr                 : [3.0000000000000004e-09]


Epoch : 44
Train MSE Loss     : 1.00001884	 | 	Train MAPE Loss     : 0.27106622
Valid MSE Loss     : 0.00002459	 | 	Valid MAPE Loss     : 0.46391463
lr                 : [3.0000000000000004e-09]


Epoch : 45
Train MSE Loss     : 1.00001907	 | 	Train MAPE Loss     : 0.26777217
Valid MSE Loss     : 0.00005279	 | 	Valid MAPE Loss     : 0.45837736
lr                 : [3.0000000000000004e-09]


Epoch : 46
Train MSE Loss     : 1.00001943	 | 	Train MAPE Loss     : 0.27281326
Valid MSE Loss     : 0.00002274	 | 	Valid MAPE Loss     : 0.27091435
lr                 : [3.0000000000000004e-09]


Epoch : 47
Train MSE Loss     : 1.00001812	 | 	Train MAPE Loss     : 0.26711780
Valid MSE Loss     : 0.00001507	 | 	Valid MAPE Loss     : 0.29202878
lr                 : [3.0000000000000004e-09]


Epoch : 48
Train MSE Loss     : 1.00001860	 | 	Train MAPE Loss     : 0.26404041
Valid MSE Loss     : 0.00003165	 | 	Valid MAPE Loss     : 0.36901143
lr                 : [3.0000000000000004e-09]


Epoch : 49
Train MSE Loss     : 1.00002003	 | 	Train MAPE Loss     : 0.27544397
Valid MSE Loss     : 0.00004250	 | 	Valid MAPE Loss     : 0.45971742
lr                 : [3.0000000000000004e-09]


Epoch : 50
Train MSE Loss     : 1.00001860	 | 	Train MAPE Loss     : 0.26168203
Valid MSE Loss     : 0.00002387	 | 	Valid MAPE Loss     : 0.30630693
lr                 : [3.0000000000000004e-09]


Epoch : 51
Train MSE Loss     : 1.00001800	 | 	Train MAPE Loss     : 0.25859553
Valid MSE Loss     : 0.00002636	 | 	Valid MAPE Loss     : 0.29866546
lr                 : [3.0000000000000004e-09]


Epoch : 52
Train MSE Loss     : 1.00001848	 | 	Train MAPE Loss     : 0.26969132
Valid MSE Loss     : 0.00002064	 | 	Valid MAPE Loss     : 0.35259521
lr                 : [3.0000000000000004e-09]


Epoch : 53
Train MSE Loss     : 1.00001848	 | 	Train MAPE Loss     : 0.26171070
Valid MSE Loss     : 0.00003521	 | 	Valid MAPE Loss     : 0.39196613
lr                 : [3.0000000000000004e-09]


Epoch : 54
Train MSE Loss     : 1.00001907	 | 	Train MAPE Loss     : 0.27094868
Valid MSE Loss     : 0.00001899	 | 	Valid MAPE Loss     : 0.23261726
lr                 : [3.0000000000000004e-09]


Epoch : 55
Train MSE Loss     : 1.00001872	 | 	Train MAPE Loss     : 0.25972670
Valid MSE Loss     : 0.00001854	 | 	Valid MAPE Loss     : 0.36322522
lr                 : [3.0000000000000004e-09]


Epoch : 56
Train MSE Loss     : 1.00001788	 | 	Train MAPE Loss     : 0.25815618
Valid MSE Loss     : 0.00003500	 | 	Valid MAPE Loss     : 0.37324244
lr                 : [3.0000000000000004e-09]


Epoch : 57
Train MSE Loss     : 1.00001824	 | 	Train MAPE Loss     : 0.26446739
Valid MSE Loss     : 0.00003867	 | 	Valid MAPE Loss     : 0.49083933
lr                 : [3.0000000000000004e-09]


Epoch : 58
Train MSE Loss     : 1.00001836	 | 	Train MAPE Loss     : 0.26266342
Valid MSE Loss     : 0.00003353	 | 	Valid MAPE Loss     : 0.47372469
lr                 : [3.0000000000000004e-09]


Epoch : 59
Train MSE Loss     : 1.00001752	 | 	Train MAPE Loss     : 0.25105730
Valid MSE Loss     : 0.00002840	 | 	Valid MAPE Loss     : 0.43115571
lr                 : [3.0000000000000004e-09]


Epoch : 60
Train MSE Loss     : 1.00001824	 | 	Train MAPE Loss     : 0.25399703
Valid MSE Loss     : 0.00001824	 | 	Valid MAPE Loss     : 0.33660015
lr                 : [3.0000000000000004e-09]


Epoch : 61
Train MSE Loss     : 1.00001860	 | 	Train MAPE Loss     : 0.26534235
Valid MSE Loss     : 0.00004845	 | 	Valid MAPE Loss     : 0.50029421
lr                 : [3.0000000000000004e-09]


Epoch : 62
Train MSE Loss     : 1.00001895	 | 	Train MAPE Loss     : 0.26729682
Valid MSE Loss     : 0.00004202	 | 	Valid MAPE Loss     : 0.50329375
lr                 : [3.0000000000000004e-09]


Epoch : 63
Train MSE Loss     : 1.00001943	 | 	Train MAPE Loss     : 0.27100086
Valid MSE Loss     : 0.00002981	 | 	Valid MAPE Loss     : 0.33559376
lr                 : [3.0000000000000004e-09]


Epoch : 64
Train MSE Loss     : 1.00001752	 | 	Train MAPE Loss     : 0.25534409
Valid MSE Loss     : 0.00003468	 | 	Valid MAPE Loss     : 0.40997785
lr                 : [3.0000000000000004e-09]


Epoch : 65
Train MSE Loss     : 1.00001788	 | 	Train MAPE Loss     : 0.25675336
Valid MSE Loss     : 0.00002553	 | 	Valid MAPE Loss     : 0.43126652
lr                 : [3.0000000000000004e-09]


Epoch : 66
Train MSE Loss     : 1.00001752	 | 	Train MAPE Loss     : 0.25499588
Valid MSE Loss     : 0.00002315	 | 	Valid MAPE Loss     : 0.40018710
lr                 : [3.0000000000000004e-09]


Epoch : 67
Train MSE Loss     : 1.00001872	 | 	Train MAPE Loss     : 0.26088321
Valid MSE Loss     : 0.00004642	 | 	Valid MAPE Loss     : 0.51665640
lr                 : [3.0000000000000004e-09]


Epoch : 68
Train MSE Loss     : 1.00001824	 | 	Train MAPE Loss     : 0.25459060
Valid MSE Loss     : 0.00007945	 | 	Valid MAPE Loss     : 0.83984613
lr                 : [3.0000000000000004e-09]


Epoch : 69
Train MSE Loss     : 1.00001860	 | 	Train MAPE Loss     : 0.26384127
Valid MSE Loss     : 0.00002103	 | 	Valid MAPE Loss     : 0.32595816
lr                 : [3.0000000000000004e-09]


Epoch : 70
Train MSE Loss     : 1.00001788	 | 	Train MAPE Loss     : 0.25464565
Valid MSE Loss     : 0.00002939	 | 	Valid MAPE Loss     : 0.33387280
lr                 : [3.0000000000000004e-09]


Epoch : 71
Train MSE Loss     : 1.00001800	 | 	Train MAPE Loss     : 0.25751504
Valid MSE Loss     : 0.00002073	 | 	Valid MAPE Loss     : 0.34789953
lr                 : [3.0000000000000004e-09]


Epoch : 72
Train MSE Loss     : 1.00001907	 | 	Train MAPE Loss     : 0.27055353
Valid MSE Loss     : 0.00002657	 | 	Valid MAPE Loss     : 0.47709975
lr                 : [3.0000000000000004e-09]


Epoch : 73
Train MSE Loss     : 1.00001788	 | 	Train MAPE Loss     : 0.25831765
Valid MSE Loss     : 0.00003943	 | 	Valid MAPE Loss     : 0.46946764
lr                 : [3.0000000000000004e-09]


Epoch : 74
Train MSE Loss     : 1.00001895	 | 	Train MAPE Loss     : 0.26746675
Valid MSE Loss     : 0.00002208	 | 	Valid MAPE Loss     : 0.35158786
lr                 : [3.0000000000000004e-09]


Epoch : 75
Train MSE Loss     : 1.00001895	 | 	Train MAPE Loss     : 0.26018500
Valid MSE Loss     : 0.00002700	 | 	Valid MAPE Loss     : 0.35037810
lr                 : [3.0000000000000004e-09]


Epoch : 76
Train MSE Loss     : 1.00001872	 | 	Train MAPE Loss     : 0.26910329
Valid MSE Loss     : 0.00002175	 | 	Valid MAPE Loss     : 0.37865189
lr                 : [3.0000000000000004e-09]


Epoch : 77
Train MSE Loss     : 1.00001764	 | 	Train MAPE Loss     : 0.25034407
Valid MSE Loss     : 0.00004219	 | 	Valid MAPE Loss     : 0.51981258
lr                 : [3.0000000000000004e-09]


Epoch : 78
Train MSE Loss     : 1.00001967	 | 	Train MAPE Loss     : 0.27228212
Valid MSE Loss     : 0.00007792	 | 	Valid MAPE Loss     : 0.80925322
lr                 : [3.0000000000000004e-09]


Epoch : 79
Train MSE Loss     : 1.00001836	 | 	Train MAPE Loss     : 0.26111320
Valid MSE Loss     : 0.00003275	 | 	Valid MAPE Loss     : 0.39252791
lr                 : [3.0000000000000004e-09]


Epoch : 80
Train MSE Loss     : 1.00001788	 | 	Train MAPE Loss     : 0.25452879
Valid MSE Loss     : 0.00004984	 | 	Valid MAPE Loss     : 0.63681740
lr                 : [3.0000000000000004e-09]


Epoch : 81
Train MSE Loss     : 1.00001812	 | 	Train MAPE Loss     : 0.25851145
Valid MSE Loss     : 0.00002397	 | 	Valid MAPE Loss     : 0.24573934
lr                 : [3.0000000000000004e-09]


Epoch : 82
Train MSE Loss     : 1.00001943	 | 	Train MAPE Loss     : 0.27272797
Valid MSE Loss     : 0.00003115	 | 	Valid MAPE Loss     : 0.35682854
lr                 : [3.0000000000000004e-09]


Epoch : 83
Train MSE Loss     : 1.00001872	 | 	Train MAPE Loss     : 0.26690978
Valid MSE Loss     : 0.00002522	 | 	Valid MAPE Loss     : 0.31081614
lr                 : [3.0000000000000004e-09]


Epoch : 84
Train MSE Loss     : 1.00001860	 | 	Train MAPE Loss     : 0.25914595
Valid MSE Loss     : 0.00002530	 | 	Valid MAPE Loss     : 0.26632208
lr                 : [3.0000000000000004e-09]


Epoch : 85
Train MSE Loss     : 1.00001776	 | 	Train MAPE Loss     : 0.25621036
Valid MSE Loss     : 0.00002342	 | 	Valid MAPE Loss     : 0.24575812
lr                 : [3.0000000000000004e-09]


Epoch : 86
Train MSE Loss     : 1.00001907	 | 	Train MAPE Loss     : 0.26290560
Valid MSE Loss     : 0.00002742	 | 	Valid MAPE Loss     : 0.33685771
lr                 : [3.0000000000000004e-09]


Epoch : 87
Train MSE Loss     : 1.00001812	 | 	Train MAPE Loss     : 0.26078138
Valid MSE Loss     : 0.00006374	 | 	Valid MAPE Loss     : 0.47980797
lr                 : [3.0000000000000004e-09]


Epoch : 88
Train MSE Loss     : 1.00001788	 | 	Train MAPE Loss     : 0.25286731
Valid MSE Loss     : 0.00001534	 | 	Valid MAPE Loss     : 0.25515196
lr                 : [3.0000000000000004e-09]


Epoch : 89
Train MSE Loss     : 1.00001729	 | 	Train MAPE Loss     : 0.24974409
Valid MSE Loss     : 0.00002370	 | 	Valid MAPE Loss     : 0.28163594
lr                 : [3.0000000000000004e-09]


Epoch : 90
Train MSE Loss     : 1.00001907	 | 	Train MAPE Loss     : 0.26891851
Valid MSE Loss     : 0.00002364	 | 	Valid MAPE Loss     : 0.40986273
lr                 : [3.0000000000000004e-09]


Epoch : 91
Train MSE Loss     : 1.00001836	 | 	Train MAPE Loss     : 0.26292560
Valid MSE Loss     : 0.00003525	 | 	Valid MAPE Loss     : 0.46770412
lr                 : [3.0000000000000004e-09]


Epoch : 92
Train MSE Loss     : 1.00001943	 | 	Train MAPE Loss     : 0.27742156
Valid MSE Loss     : 0.00001975	 | 	Valid MAPE Loss     : 0.37826893
lr                 : [3.0000000000000004e-09]


Epoch : 93
Train MSE Loss     : 1.00001848	 | 	Train MAPE Loss     : 0.26298055
Valid MSE Loss     : 0.00003999	 | 	Valid MAPE Loss     : 0.36197114
lr                 : [3.0000000000000004e-09]


Epoch : 94
Train MSE Loss     : 1.00001872	 | 	Train MAPE Loss     : 0.26535022
Valid MSE Loss     : 0.00002122	 | 	Valid MAPE Loss     : 0.41217536
lr                 : [3.0000000000000004e-09]


Epoch : 95
Train MSE Loss     : 1.00001752	 | 	Train MAPE Loss     : 0.24947861
Valid MSE Loss     : 0.00001790	 | 	Valid MAPE Loss     : 0.29803205
lr                 : [3.0000000000000004e-09]


Epoch : 96
Train MSE Loss     : 1.00001848	 | 	Train MAPE Loss     : 0.26343456
Valid MSE Loss     : 0.00004329	 | 	Valid MAPE Loss     : 0.52377421
lr                 : [3.0000000000000004e-09]


Epoch : 97
Train MSE Loss     : 1.00001895	 | 	Train MAPE Loss     : 0.26394767
Valid MSE Loss     : 0.00003410	 | 	Valid MAPE Loss     : 0.43859118
lr                 : [3.0000000000000004e-09]


Epoch : 98
Train MSE Loss     : 1.00001824	 | 	Train MAPE Loss     : 0.25871104
Valid MSE Loss     : 0.00001864	 | 	Valid MAPE Loss     : 0.32649851
lr                 : [3.0000000000000004e-09]


Epoch : 99
Train MSE Loss     : 1.00001764	 | 	Train MAPE Loss     : 0.25275308
Valid MSE Loss     : 0.00003223	 | 	Valid MAPE Loss     : 0.50781775
lr                 : [3.0000000000000004e-09]


Epoch : 100
Train MSE Loss     : 1.00001848	 | 	Train MAPE Loss     : 0.26484150
Valid MSE Loss     : 0.00002152	 | 	Valid MAPE Loss     : 0.32779244
lr                 : [3.0000000000000004e-09]


Epoch : 101
Train MSE Loss     : 1.00001764	 | 	Train MAPE Loss     : 0.25764659
Valid MSE Loss     : 0.00002061	 | 	Valid MAPE Loss     : 0.33067563
lr                 : [3.0000000000000004e-09]


Epoch : 102
Train MSE Loss     : 1.00001884	 | 	Train MAPE Loss     : 0.27196059
Valid MSE Loss     : 0.00003176	 | 	Valid MAPE Loss     : 0.31540322
lr                 : [3.0000000000000004e-09]


Epoch : 103
Train MSE Loss     : 1.00001776	 | 	Train MAPE Loss     : 0.25624001
Valid MSE Loss     : 0.00001762	 | 	Valid MAPE Loss     : 0.21175118
lr                 : [3.0000000000000004e-09]


Epoch : 104
Train MSE Loss     : 1.00001848	 | 	Train MAPE Loss     : 0.26446787
Valid MSE Loss     : 0.00003016	 | 	Valid MAPE Loss     : 0.44952813
lr                 : [3.0000000000000004e-09]


Epoch : 105
Train MSE Loss     : 1.00001860	 | 	Train MAPE Loss     : 0.26300585
Valid MSE Loss     : 0.00002411	 | 	Valid MAPE Loss     : 0.26184195
lr                 : [3.0000000000000004e-09]


Epoch : 106
Train MSE Loss     : 1.00001919	 | 	Train MAPE Loss     : 0.26986900
Valid MSE Loss     : 0.00002190	 | 	Valid MAPE Loss     : 0.33151126
lr                 : [3.0000000000000004e-09]


Epoch : 107
Train MSE Loss     : 1.00001907	 | 	Train MAPE Loss     : 0.27208459
Valid MSE Loss     : 0.00003681	 | 	Valid MAPE Loss     : 0.44725227
lr                 : [3.0000000000000004e-09]


Epoch : 108
Train MSE Loss     : 1.00001872	 | 	Train MAPE Loss     : 0.26559025
Valid MSE Loss     : 0.00001975	 | 	Valid MAPE Loss     : 0.23282343
lr                 : [3.0000000000000004e-09]


Epoch : 109
Train MSE Loss     : 1.00001872	 | 	Train MAPE Loss     : 0.26154163
Valid MSE Loss     : 0.00002778	 | 	Valid MAPE Loss     : 0.39378408
lr                 : [3.0000000000000004e-09]


Epoch : 110
Train MSE Loss     : 1.00001824	 | 	Train MAPE Loss     : 0.26263139
Valid MSE Loss     : 0.00004182	 | 	Valid MAPE Loss     : 0.55054665
lr                 : [3.0000000000000004e-09]


Epoch : 111
Train MSE Loss     : 1.00001884	 | 	Train MAPE Loss     : 0.27022853
Valid MSE Loss     : 0.00008023	 | 	Valid MAPE Loss     : 0.80784225
lr                 : [3.0000000000000004e-09]


Epoch : 112
Train MSE Loss     : 1.00001824	 | 	Train MAPE Loss     : 0.25723726
Valid MSE Loss     : 0.00001860	 | 	Valid MAPE Loss     : 0.21591870
lr                 : [3.0000000000000004e-09]


Epoch : 113
Train MSE Loss     : 1.00001764	 | 	Train MAPE Loss     : 0.24929576
Valid MSE Loss     : 0.00003277	 | 	Valid MAPE Loss     : 0.45792368
lr                 : [3.0000000000000004e-09]


Epoch : 114
Train MSE Loss     : 1.00001764	 | 	Train MAPE Loss     : 0.25384051
Valid MSE Loss     : 0.00003413	 | 	Valid MAPE Loss     : 0.52341360
lr                 : [3.0000000000000004e-09]


Epoch : 115
Train MSE Loss     : 1.00001895	 | 	Train MAPE Loss     : 0.26201582
Valid MSE Loss     : 0.00001287	 | 	Valid MAPE Loss     : 0.24488455
lr                 : [3.0000000000000004e-09]


Epoch : 116
Train MSE Loss     : 1.00001824	 | 	Train MAPE Loss     : 0.26132491
Valid MSE Loss     : 0.00002129	 | 	Valid MAPE Loss     : 0.23138818
lr                 : [3.0000000000000004e-09]


Epoch : 117
Train MSE Loss     : 1.00001931	 | 	Train MAPE Loss     : 0.27779990
Valid MSE Loss     : 0.00005970	 | 	Valid MAPE Loss     : 0.56391388
lr                 : [3.0000000000000004e-09]


Epoch : 118
Train MSE Loss     : 1.00001967	 | 	Train MAPE Loss     : 0.27239174
Valid MSE Loss     : 0.00001560	 | 	Valid MAPE Loss     : 0.22440517
lr                 : [3.0000000000000004e-09]


Epoch : 119
Train MSE Loss     : 1.00001943	 | 	Train MAPE Loss     : 0.27055809
Valid MSE Loss     : 0.00001788	 | 	Valid MAPE Loss     : 0.25036567
lr                 : [3.0000000000000004e-09]


Epoch : 120
Train MSE Loss     : 1.00001872	 | 	Train MAPE Loss     : 0.26176405
Valid MSE Loss     : 0.00001686	 | 	Valid MAPE Loss     : 0.25637302
lr                 : [3.0000000000000004e-09]


Epoch : 121
Train MSE Loss     : 1.00001872	 | 	Train MAPE Loss     : 0.26419315
Valid MSE Loss     : 0.00003376	 | 	Valid MAPE Loss     : 0.36786768
lr                 : [3.0000000000000004e-09]


Epoch : 122
Train MSE Loss     : 1.00001800	 | 	Train MAPE Loss     : 0.25736129
Valid MSE Loss     : 0.00005980	 | 	Valid MAPE Loss     : 0.59362376
lr                 : [3.0000000000000004e-09]


Epoch : 123
Train MSE Loss     : 1.00001979	 | 	Train MAPE Loss     : 0.27335683
Valid MSE Loss     : 0.00004149	 | 	Valid MAPE Loss     : 0.45638987
lr                 : [3.0000000000000004e-09]


Epoch : 124
Train MSE Loss     : 1.00001967	 | 	Train MAPE Loss     : 0.27779478
Valid MSE Loss     : 0.00002781	 | 	Valid MAPE Loss     : 0.42003500
lr                 : [3.0000000000000004e-09]


Epoch : 125
Train MSE Loss     : 1.00001919	 | 	Train MAPE Loss     : 0.27693993
Valid MSE Loss     : 0.00002557	 | 	Valid MAPE Loss     : 0.30696324
lr                 : [3.0000000000000004e-09]


Epoch : 126
Train MSE Loss     : 1.00001872	 | 	Train MAPE Loss     : 0.26319999
Valid MSE Loss     : 0.00003305	 | 	Valid MAPE Loss     : 0.39872578
lr                 : [3.0000000000000004e-09]


Epoch : 127
Train MSE Loss     : 1.00001788	 | 	Train MAPE Loss     : 0.25986111
Valid MSE Loss     : 0.00004213	 | 	Valid MAPE Loss     : 0.48292440
lr                 : [3.0000000000000004e-09]


Epoch : 128
Train MSE Loss     : 1.00001884	 | 	Train MAPE Loss     : 0.26740795
Valid MSE Loss     : 0.00003433	 | 	Valid MAPE Loss     : 0.43264544
lr                 : [3.0000000000000004e-09]


Epoch : 129
Train MSE Loss     : 1.00001752	 | 	Train MAPE Loss     : 0.25277159
Valid MSE Loss     : 0.00004158	 | 	Valid MAPE Loss     : 0.41196764
lr                 : [3.0000000000000004e-09]


Epoch : 130
Train MSE Loss     : 1.00001836	 | 	Train MAPE Loss     : 0.25799093
Valid MSE Loss     : 0.00002420	 | 	Valid MAPE Loss     : 0.34036449
lr                 : [3.0000000000000004e-09]


Epoch : 131
Train MSE Loss     : 1.00001919	 | 	Train MAPE Loss     : 0.26983663
Valid MSE Loss     : 0.00006947	 | 	Valid MAPE Loss     : 0.70252126
lr                 : [3.0000000000000004e-09]


Epoch : 132
Train MSE Loss     : 1.00001836	 | 	Train MAPE Loss     : 0.25804394
Valid MSE Loss     : 0.00003996	 | 	Valid MAPE Loss     : 0.56457269
lr                 : [3.0000000000000004e-09]


Epoch : 133
Train MSE Loss     : 1.00001836	 | 	Train MAPE Loss     : 0.26369727
Valid MSE Loss     : 0.00002489	 | 	Valid MAPE Loss     : 0.27300802
lr                 : [3.0000000000000004e-09]


Epoch : 134
Train MSE Loss     : 1.00001800	 | 	Train MAPE Loss     : 0.25563559
Valid MSE Loss     : 0.00005020	 | 	Valid MAPE Loss     : 0.55869818
lr                 : [3.0000000000000004e-09]


Epoch : 135
Train MSE Loss     : 1.00001812	 | 	Train MAPE Loss     : 0.26012260
Valid MSE Loss     : 0.00002592	 | 	Valid MAPE Loss     : 0.35999829
lr                 : [3.0000000000000004e-09]


Epoch : 136
Train MSE Loss     : 1.00001931	 | 	Train MAPE Loss     : 0.27226192
Valid MSE Loss     : 0.00002198	 | 	Valid MAPE Loss     : 0.28441501
lr                 : [3.0000000000000004e-09]


Epoch : 137
Train MSE Loss     : 1.00001812	 | 	Train MAPE Loss     : 0.26195827
Valid MSE Loss     : 0.00002307	 | 	Valid MAPE Loss     : 0.35637578
lr                 : [3.0000000000000004e-09]


Epoch : 138
Train MSE Loss     : 1.00001848	 | 	Train MAPE Loss     : 0.26181829
Valid MSE Loss     : 0.00002240	 | 	Valid MAPE Loss     : 0.22406317
lr                 : [3.0000000000000004e-09]


Epoch : 139
Train MSE Loss     : 1.00001884	 | 	Train MAPE Loss     : 0.26011199
Valid MSE Loss     : 0.00003065	 | 	Valid MAPE Loss     : 0.49545613
lr                 : [3.0000000000000004e-09]


Epoch : 140
Train MSE Loss     : 1.00001919	 | 	Train MAPE Loss     : 0.26989329
Valid MSE Loss     : 0.00002732	 | 	Valid MAPE Loss     : 0.41631606
lr                 : [3.0000000000000004e-09]


Epoch : 141
Train MSE Loss     : 1.00001693	 | 	Train MAPE Loss     : 0.25009245
Valid MSE Loss     : 0.00003497	 | 	Valid MAPE Loss     : 0.51521778
lr                 : [3.0000000000000004e-09]


Epoch : 142
Train MSE Loss     : 1.00001788	 | 	Train MAPE Loss     : 0.25381708
Valid MSE Loss     : 0.00005957	 | 	Valid MAPE Loss     : 0.68520916
lr                 : [3.0000000000000004e-09]


Epoch : 143
Train MSE Loss     : 1.00001884	 | 	Train MAPE Loss     : 0.26122999
Valid MSE Loss     : 0.00002937	 | 	Valid MAPE Loss     : 0.46847641
lr                 : [3.0000000000000004e-09]


Epoch : 144
Train MSE Loss     : 1.00001824	 | 	Train MAPE Loss     : 0.25028667
Valid MSE Loss     : 0.00002742	 | 	Valid MAPE Loss     : 0.36438853
lr                 : [3.0000000000000004e-09]


Epoch : 145
Train MSE Loss     : 1.00001693	 | 	Train MAPE Loss     : 0.24531965
Valid MSE Loss     : 0.00004386	 | 	Valid MAPE Loss     : 0.48457775
lr                 : [3.0000000000000004e-09]


Epoch : 146
Train MSE Loss     : 1.00001884	 | 	Train MAPE Loss     : 0.26646569
Valid MSE Loss     : 0.00001857	 | 	Valid MAPE Loss     : 0.29337621
lr                 : [3.0000000000000004e-09]


Epoch : 147
Train MSE Loss     : 1.00001824	 | 	Train MAPE Loss     : 0.25987810
Valid MSE Loss     : 0.00003448	 | 	Valid MAPE Loss     : 0.40635633
lr                 : [3.0000000000000004e-09]


Epoch : 148
Train MSE Loss     : 1.00001884	 | 	Train MAPE Loss     : 0.26532280
Valid MSE Loss     : 0.00002372	 | 	Valid MAPE Loss     : 0.23120737
lr                 : [3.0000000000000004e-09]


Epoch : 149
Train MSE Loss     : 1.00001812	 | 	Train MAPE Loss     : 0.26138243
Valid MSE Loss     : 0.00001759	 | 	Valid MAPE Loss     : 0.27083710
lr                 : [3.0000000000000004e-09]


Epoch : 150
Train MSE Loss     : 1.00001860	 | 	Train MAPE Loss     : 0.26236340
Valid MSE Loss     : 0.00003452	 | 	Valid MAPE Loss     : 0.52716893
lr                 : [3.0000000000000004e-09]


Evaluate on the Test set:
Test MAPE loss      :0.51950961	 | Test MSE loss      : 0.00003576

################## Training is Done! #########################
Training time is : 4:57:54.641461
