=============================================
Dataset: cell_XJTU_batch2_prepocess_data
Mode:    supervised
=============================================
Training started ....

Epoch : 1
Train MSE Loss     : 0.02989359	 | 	Train MAPE Loss     : 12.62850285
Valid MSE Loss     : 0.00450788	 | 	Valid MAPE Loss     : 5.78157425
lr                 : [0.0003]


Epoch : 2
Train MSE Loss     : 0.00198653	 | 	Train MAPE Loss     : 4.01219177
Valid MSE Loss     : 0.00191418	 | 	Valid MAPE Loss     : 3.60158086
lr                 : [0.0003]


Epoch : 3
Train MSE Loss     : 0.00107428	 | 	Train MAPE Loss     : 2.94228292
Valid MSE Loss     : 0.00106401	 | 	Valid MAPE Loss     : 2.71423602
lr                 : [0.0003]


Epoch : 4
Train MSE Loss     : 0.00067073	 | 	Train MAPE Loss     : 2.30483842
Valid MSE Loss     : 0.00064140	 | 	Valid MAPE Loss     : 2.14392924
lr                 : [0.0003]


Epoch : 5
Train MSE Loss     : 0.00037960	 | 	Train MAPE Loss     : 1.71523321
Valid MSE Loss     : 0.00044865	 | 	Valid MAPE Loss     : 1.84097099
lr                 : [0.0003]


Epoch : 6
Train MSE Loss     : 0.00019679	 | 	Train MAPE Loss     : 1.21878397
Valid MSE Loss     : 0.00020517	 | 	Valid MAPE Loss     : 1.17551720
lr                 : [0.0003]


Epoch : 7
Train MSE Loss     : 0.00014760	 | 	Train MAPE Loss     : 1.04932868
Valid MSE Loss     : 0.00015464	 | 	Valid MAPE Loss     : 0.97627658
lr                 : [0.0003]


Epoch : 8
Train MSE Loss     : 0.00012090	 | 	Train MAPE Loss     : 0.94081217
Valid MSE Loss     : 0.00015445	 | 	Valid MAPE Loss     : 0.96772248
lr                 : [0.0003]


Epoch : 9
Train MSE Loss     : 0.00012287	 | 	Train MAPE Loss     : 0.94172609
Valid MSE Loss     : 0.00023902	 | 	Valid MAPE Loss     : 1.35153282
lr                 : [0.0003]


Epoch : 10
Train MSE Loss     : 0.00010985	 | 	Train MAPE Loss     : 0.88913232
Valid MSE Loss     : 0.00029925	 | 	Valid MAPE Loss     : 1.60230732
lr                 : [0.0003]


Epoch : 11
Train MSE Loss     : 0.00012401	 | 	Train MAPE Loss     : 0.94170952
Valid MSE Loss     : 0.00031341	 | 	Valid MAPE Loss     : 1.65607250
lr                 : [0.0003]


Epoch : 12
Train MSE Loss     : 0.00015514	 | 	Train MAPE Loss     : 1.08785701
Valid MSE Loss     : 0.00011398	 | 	Valid MAPE Loss     : 0.77297181
lr                 : [0.0003]


Epoch : 13
Train MSE Loss     : 0.00010239	 | 	Train MAPE Loss     : 0.84879684
Valid MSE Loss     : 0.00014333	 | 	Valid MAPE Loss     : 0.95421952
lr                 : [0.0003]


Epoch : 14
Train MSE Loss     : 0.00023999	 | 	Train MAPE Loss     : 1.33811998
Valid MSE Loss     : 0.00115894	 | 	Valid MAPE Loss     : 3.53787160
lr                 : [0.0003]


Epoch : 15
Train MSE Loss     : 0.00017820	 | 	Train MAPE Loss     : 1.16382468
Valid MSE Loss     : 0.00044409	 | 	Valid MAPE Loss     : 2.05095220
lr                 : [0.0003]


Epoch : 16
Train MSE Loss     : 0.00010831	 | 	Train MAPE Loss     : 0.88220364
Valid MSE Loss     : 0.00029344	 | 	Valid MAPE Loss     : 1.62016928
lr                 : [0.0003]


Epoch : 17
Train MSE Loss     : 0.00015503	 | 	Train MAPE Loss     : 1.09798312
Valid MSE Loss     : 0.00007636	 | 	Valid MAPE Loss     : 0.63154453
lr                 : [0.0003]


Epoch : 18
Train MSE Loss     : 0.00019540	 | 	Train MAPE Loss     : 1.23417759
Valid MSE Loss     : 0.00018848	 | 	Valid MAPE Loss     : 1.14196122
lr                 : [0.0003]


Epoch : 19
Train MSE Loss     : 0.00012409	 | 	Train MAPE Loss     : 0.94854504
Valid MSE Loss     : 0.00016409	 | 	Valid MAPE Loss     : 1.05712879
lr                 : [0.0003]


Epoch : 20
Train MSE Loss     : 0.00012062	 | 	Train MAPE Loss     : 0.95327681
Valid MSE Loss     : 0.00063008	 | 	Valid MAPE Loss     : 2.55287004
lr                 : [0.0003]


Epoch : 21
Train MSE Loss     : 0.00018127	 | 	Train MAPE Loss     : 1.19886005
Valid MSE Loss     : 0.00081380	 | 	Valid MAPE Loss     : 2.92941666
lr                 : [0.0003]


Epoch : 22
Train MSE Loss     : 0.00017946	 | 	Train MAPE Loss     : 1.18061292
Valid MSE Loss     : 0.00053596	 | 	Valid MAPE Loss     : 2.31393027
lr                 : [0.0003]


Epoch : 23
Train MSE Loss     : 0.00014107	 | 	Train MAPE Loss     : 1.03421617
Valid MSE Loss     : 0.00011600	 | 	Valid MAPE Loss     : 0.83115691
lr                 : [0.0003]


Epoch : 24
Train MSE Loss     : 0.00010815	 | 	Train MAPE Loss     : 0.88810229
Valid MSE Loss     : 0.00026220	 | 	Valid MAPE Loss     : 1.48554718
lr                 : [0.0003]


Epoch : 25
Train MSE Loss     : 0.00062257	 | 	Train MAPE Loss     : 2.26263070
Valid MSE Loss     : 0.00024941	 | 	Valid MAPE Loss     : 1.40548694
lr                 : [0.0003]


Epoch : 26
Train MSE Loss     : 0.00021639	 | 	Train MAPE Loss     : 1.27726889
Valid MSE Loss     : 0.00028617	 | 	Valid MAPE Loss     : 1.55563259
lr                 : [0.0003]


Epoch : 27
Train MSE Loss     : 0.00010836	 | 	Train MAPE Loss     : 0.87925440
Valid MSE Loss     : 0.00041291	 | 	Valid MAPE Loss     : 2.01549911
lr                 : [0.0003]


Epoch : 28
Train MSE Loss     : 0.00010988	 | 	Train MAPE Loss     : 0.90775228
Valid MSE Loss     : 0.00083676	 | 	Valid MAPE Loss     : 2.99053669
lr                 : [2.9999999999999997e-05]


Epoch : 29
Train MSE Loss     : 0.00010942	 | 	Train MAPE Loss     : 0.90333045
Valid MSE Loss     : 0.00030933	 | 	Valid MAPE Loss     : 1.67154408
lr                 : [2.9999999999999997e-05]


Epoch : 30
Train MSE Loss     : 0.00007568	 | 	Train MAPE Loss     : 0.73409921
Valid MSE Loss     : 0.00026522	 | 	Valid MAPE Loss     : 1.51260138
lr                 : [2.9999999999999997e-05]


Epoch : 31
Train MSE Loss     : 0.00007546	 | 	Train MAPE Loss     : 0.71765411
Valid MSE Loss     : 0.00025035	 | 	Valid MAPE Loss     : 1.46122456
lr                 : [2.9999999999999997e-05]


Epoch : 32
Train MSE Loss     : 0.00007329	 | 	Train MAPE Loss     : 0.71515960
Valid MSE Loss     : 0.00033573	 | 	Valid MAPE Loss     : 1.76935256
lr                 : [2.9999999999999997e-05]


Epoch : 33
Train MSE Loss     : 0.00007256	 | 	Train MAPE Loss     : 0.69915551
Valid MSE Loss     : 0.00032592	 | 	Valid MAPE Loss     : 1.73763621
lr                 : [2.9999999999999997e-05]


Epoch : 34
Train MSE Loss     : 0.00007140	 | 	Train MAPE Loss     : 0.69701648
Valid MSE Loss     : 0.00032450	 | 	Valid MAPE Loss     : 1.73877776
lr                 : [2.9999999999999997e-05]


Epoch : 35
Train MSE Loss     : 0.00007222	 | 	Train MAPE Loss     : 0.69613194
Valid MSE Loss     : 0.00028578	 | 	Valid MAPE Loss     : 1.59691429
lr                 : [2.9999999999999997e-05]


Epoch : 36
Train MSE Loss     : 0.00006811	 | 	Train MAPE Loss     : 0.68233401
Valid MSE Loss     : 0.00032224	 | 	Valid MAPE Loss     : 1.73267972
lr                 : [2.9999999999999997e-05]


Epoch : 37
Train MSE Loss     : 0.00007074	 | 	Train MAPE Loss     : 0.68738937
Valid MSE Loss     : 0.00031230	 | 	Valid MAPE Loss     : 1.70299864
lr                 : [2.9999999999999997e-05]


Epoch : 38
Train MSE Loss     : 0.00007022	 | 	Train MAPE Loss     : 0.68822503
Valid MSE Loss     : 0.00027214	 | 	Valid MAPE Loss     : 1.56625128
lr                 : [2.9999999999999997e-05]


Epoch : 39
Train MSE Loss     : 0.00006931	 | 	Train MAPE Loss     : 0.68212533
Valid MSE Loss     : 0.00041597	 | 	Valid MAPE Loss     : 2.02210426
lr                 : [3e-06]


Epoch : 40
Train MSE Loss     : 0.00007090	 | 	Train MAPE Loss     : 0.68906325
Valid MSE Loss     : 0.00032874	 | 	Valid MAPE Loss     : 1.75746977
lr                 : [3e-06]


Epoch : 41
Train MSE Loss     : 0.00006914	 | 	Train MAPE Loss     : 0.67924058
Valid MSE Loss     : 0.00028465	 | 	Valid MAPE Loss     : 1.60570085
lr                 : [3e-06]


Epoch : 42
Train MSE Loss     : 0.00006829	 | 	Train MAPE Loss     : 0.67188966
Valid MSE Loss     : 0.00030655	 | 	Valid MAPE Loss     : 1.68405199
lr                 : [3e-06]


Epoch : 43
Train MSE Loss     : 0.00006768	 | 	Train MAPE Loss     : 0.67077661
Valid MSE Loss     : 0.00031012	 | 	Valid MAPE Loss     : 1.69573104
lr                 : [3e-06]


Epoch : 44
Train MSE Loss     : 0.00006804	 | 	Train MAPE Loss     : 0.67084390
Valid MSE Loss     : 0.00033023	 | 	Valid MAPE Loss     : 1.76288307
lr                 : [3e-06]


Epoch : 45
Train MSE Loss     : 0.00006769	 | 	Train MAPE Loss     : 0.67357063
Valid MSE Loss     : 0.00031144	 | 	Valid MAPE Loss     : 1.70009148
lr                 : [3e-06]


Epoch : 46
Train MSE Loss     : 0.00006871	 | 	Train MAPE Loss     : 0.67162907
Valid MSE Loss     : 0.00031626	 | 	Valid MAPE Loss     : 1.71881390
lr                 : [3e-06]


Epoch : 47
Train MSE Loss     : 0.00006883	 | 	Train MAPE Loss     : 0.67417365
Valid MSE Loss     : 0.00033103	 | 	Valid MAPE Loss     : 1.76709616
lr                 : [3e-06]


Epoch : 48
Train MSE Loss     : 0.00006833	 | 	Train MAPE Loss     : 0.67444539
Valid MSE Loss     : 0.00030370	 | 	Valid MAPE Loss     : 1.67544591
lr                 : [3e-06]


Epoch : 49
Train MSE Loss     : 0.00006849	 | 	Train MAPE Loss     : 0.67631024
Valid MSE Loss     : 0.00026819	 | 	Valid MAPE Loss     : 1.54681730
lr                 : [3e-06]


Epoch : 50
Train MSE Loss     : 0.00006725	 | 	Train MAPE Loss     : 0.66933829
Valid MSE Loss     : 0.00034636	 | 	Valid MAPE Loss     : 1.81732213
lr                 : [3.0000000000000004e-07]


Epoch : 51
Train MSE Loss     : 0.00006801	 | 	Train MAPE Loss     : 0.67165488
Valid MSE Loss     : 0.00030321	 | 	Valid MAPE Loss     : 1.67464352
lr                 : [3.0000000000000004e-07]


Epoch : 52
Train MSE Loss     : 0.00006713	 | 	Train MAPE Loss     : 0.66630727
Valid MSE Loss     : 0.00031872	 | 	Valid MAPE Loss     : 1.72713566
lr                 : [3.0000000000000004e-07]


Epoch : 53
Train MSE Loss     : 0.00006759	 | 	Train MAPE Loss     : 0.66633224
Valid MSE Loss     : 0.00030778	 | 	Valid MAPE Loss     : 1.68987978
lr                 : [3.0000000000000004e-07]


Epoch : 54
Train MSE Loss     : 0.00006579	 | 	Train MAPE Loss     : 0.66346651
Valid MSE Loss     : 0.00031516	 | 	Valid MAPE Loss     : 1.71457911
lr                 : [3.0000000000000004e-07]


Epoch : 55
Train MSE Loss     : 0.00006720	 | 	Train MAPE Loss     : 0.66868412
Valid MSE Loss     : 0.00030887	 | 	Valid MAPE Loss     : 1.69260347
lr                 : [3.0000000000000004e-07]


Epoch : 56
Train MSE Loss     : 0.00006686	 | 	Train MAPE Loss     : 0.66514391
Valid MSE Loss     : 0.00030483	 | 	Valid MAPE Loss     : 1.67961943
lr                 : [3.0000000000000004e-07]


Epoch : 57
Train MSE Loss     : 0.00006761	 | 	Train MAPE Loss     : 0.66732776
Valid MSE Loss     : 0.00032287	 | 	Valid MAPE Loss     : 1.74019492
lr                 : [3.0000000000000004e-07]


Epoch : 58
Train MSE Loss     : 0.00006788	 | 	Train MAPE Loss     : 0.67154384
Valid MSE Loss     : 0.00030551	 | 	Valid MAPE Loss     : 1.68143237
lr                 : [3.0000000000000004e-07]


Epoch : 59
Train MSE Loss     : 0.00006482	 | 	Train MAPE Loss     : 0.66374683
Valid MSE Loss     : 0.00032437	 | 	Valid MAPE Loss     : 1.74501610
lr                 : [3.0000000000000004e-07]


Epoch : 60
Train MSE Loss     : 0.00006753	 | 	Train MAPE Loss     : 0.66771185
Valid MSE Loss     : 0.00031341	 | 	Valid MAPE Loss     : 1.70791280
lr                 : [3.0000000000000004e-07]


Epoch : 61
Train MSE Loss     : 0.00006809	 | 	Train MAPE Loss     : 0.67154109
Valid MSE Loss     : 0.00031859	 | 	Valid MAPE Loss     : 1.72550488
lr                 : [3.0000000000000004e-08]


Epoch : 62
Train MSE Loss     : 0.00006538	 | 	Train MAPE Loss     : 0.66513509
Valid MSE Loss     : 0.00031627	 | 	Valid MAPE Loss     : 1.71772516
lr                 : [3.0000000000000004e-08]


Epoch : 63
Train MSE Loss     : 0.00006811	 | 	Train MAPE Loss     : 0.67078048
Valid MSE Loss     : 0.00031544	 | 	Valid MAPE Loss     : 1.71499240
lr                 : [3.0000000000000004e-08]


Epoch : 64
Train MSE Loss     : 0.00006744	 | 	Train MAPE Loss     : 0.66765243
Valid MSE Loss     : 0.00031272	 | 	Valid MAPE Loss     : 1.70586348
lr                 : [3.0000000000000004e-08]


Epoch : 65
Train MSE Loss     : 0.00006698	 | 	Train MAPE Loss     : 0.66616982
Valid MSE Loss     : 0.00031080	 | 	Valid MAPE Loss     : 1.69926167
lr                 : [3.0000000000000004e-08]


Epoch : 66
Train MSE Loss     : 0.00006717	 | 	Train MAPE Loss     : 0.66792792
Valid MSE Loss     : 0.00031307	 | 	Valid MAPE Loss     : 1.70714414
lr                 : [3.0000000000000004e-08]


Epoch : 67
Train MSE Loss     : 0.00006665	 | 	Train MAPE Loss     : 0.66701788
Valid MSE Loss     : 0.00031417	 | 	Valid MAPE Loss     : 1.71078050
lr                 : [3.0000000000000004e-08]


Epoch : 68
Train MSE Loss     : 0.00006756	 | 	Train MAPE Loss     : 0.66779333
Valid MSE Loss     : 0.00031281	 | 	Valid MAPE Loss     : 1.70619810
lr                 : [3.0000000000000004e-08]


Epoch : 69
Train MSE Loss     : 0.00006788	 | 	Train MAPE Loss     : 0.67171538
Valid MSE Loss     : 0.00031383	 | 	Valid MAPE Loss     : 1.70957649
lr                 : [3.0000000000000004e-08]


Epoch : 70
Train MSE Loss     : 0.00006777	 | 	Train MAPE Loss     : 0.67037278
Valid MSE Loss     : 0.00031476	 | 	Valid MAPE Loss     : 1.71278965
lr                 : [3.0000000000000004e-08]


Epoch : 71
Train MSE Loss     : 0.00006804	 | 	Train MAPE Loss     : 0.66928369
Valid MSE Loss     : 0.00031371	 | 	Valid MAPE Loss     : 1.70923460
lr                 : [3.0000000000000004e-08]


Epoch : 72
Train MSE Loss     : 0.00006707	 | 	Train MAPE Loss     : 0.66602546
Valid MSE Loss     : 0.00031367	 | 	Valid MAPE Loss     : 1.70893621
lr                 : [3.0000000000000004e-09]


Epoch : 73
Train MSE Loss     : 0.00006795	 | 	Train MAPE Loss     : 0.67096275
Valid MSE Loss     : 0.00031362	 | 	Valid MAPE Loss     : 1.70879400
lr                 : [3.0000000000000004e-09]


Epoch : 74
Train MSE Loss     : 0.00006683	 | 	Train MAPE Loss     : 0.66614211
Valid MSE Loss     : 0.00031363	 | 	Valid MAPE Loss     : 1.70883644
lr                 : [3.0000000000000004e-09]


Epoch : 75
Train MSE Loss     : 0.00006765	 | 	Train MAPE Loss     : 0.66660833
Valid MSE Loss     : 0.00031351	 | 	Valid MAPE Loss     : 1.70838988
lr                 : [3.0000000000000004e-09]


Epoch : 76
Train MSE Loss     : 0.00006819	 | 	Train MAPE Loss     : 0.67341381
Valid MSE Loss     : 0.00031344	 | 	Valid MAPE Loss     : 1.70818520
lr                 : [3.0000000000000004e-09]


Epoch : 77
Train MSE Loss     : 0.00006734	 | 	Train MAPE Loss     : 0.66700745
Valid MSE Loss     : 0.00031351	 | 	Valid MAPE Loss     : 1.70841157
lr                 : [3.0000000000000004e-09]


Epoch : 78
Train MSE Loss     : 0.00006757	 | 	Train MAPE Loss     : 0.66705370
Valid MSE Loss     : 0.00031341	 | 	Valid MAPE Loss     : 1.70807314
lr                 : [3.0000000000000004e-09]


Epoch : 79
Train MSE Loss     : 0.00006736	 | 	Train MAPE Loss     : 0.66891378
Valid MSE Loss     : 0.00031347	 | 	Valid MAPE Loss     : 1.70825946
lr                 : [3.0000000000000004e-09]


Epoch : 80
Train MSE Loss     : 0.00006772	 | 	Train MAPE Loss     : 0.67051780
Valid MSE Loss     : 0.00031345	 | 	Valid MAPE Loss     : 1.70818377
lr                 : [3.0000000000000004e-09]


Epoch : 81
Train MSE Loss     : 0.00006722	 | 	Train MAPE Loss     : 0.67005885
Valid MSE Loss     : 0.00031328	 | 	Valid MAPE Loss     : 1.70759928
lr                 : [3.0000000000000004e-09]


Epoch : 82
Train MSE Loss     : 0.00006824	 | 	Train MAPE Loss     : 0.67146462
Valid MSE Loss     : 0.00031319	 | 	Valid MAPE Loss     : 1.70731890
lr                 : [3.0000000000000004e-09]


Epoch : 83
Train MSE Loss     : 0.00006680	 | 	Train MAPE Loss     : 0.66624475
Valid MSE Loss     : 0.00031320	 | 	Valid MAPE Loss     : 1.70732963
lr                 : [3.0000000000000004e-09]


Epoch : 84
Train MSE Loss     : 0.00006777	 | 	Train MAPE Loss     : 0.66868871
Valid MSE Loss     : 0.00031336	 | 	Valid MAPE Loss     : 1.70789480
lr                 : [3.0000000000000004e-09]


Epoch : 85
Train MSE Loss     : 0.00006661	 | 	Train MAPE Loss     : 0.66202718
Valid MSE Loss     : 0.00031328	 | 	Valid MAPE Loss     : 1.70766258
lr                 : [3.0000000000000004e-09]


Epoch : 86
Train MSE Loss     : 0.00006681	 | 	Train MAPE Loss     : 0.66605681
Valid MSE Loss     : 0.00031325	 | 	Valid MAPE Loss     : 1.70754874
lr                 : [3.0000000000000004e-09]


Epoch : 87
Train MSE Loss     : 0.00006800	 | 	Train MAPE Loss     : 0.67038107
Valid MSE Loss     : 0.00031315	 | 	Valid MAPE Loss     : 1.70721543
lr                 : [3.0000000000000004e-09]


Epoch : 88
Train MSE Loss     : 0.00006500	 | 	Train MAPE Loss     : 0.66424388
Valid MSE Loss     : 0.00031310	 | 	Valid MAPE Loss     : 1.70704794
lr                 : [3.0000000000000004e-09]


Epoch : 89
Train MSE Loss     : 0.00006779	 | 	Train MAPE Loss     : 0.66956007
Valid MSE Loss     : 0.00031370	 | 	Valid MAPE Loss     : 1.70904553
lr                 : [3.0000000000000004e-09]


Epoch : 90
Train MSE Loss     : 0.00006516	 | 	Train MAPE Loss     : 0.66291803
Valid MSE Loss     : 0.00031361	 | 	Valid MAPE Loss     : 1.70874631
lr                 : [3.0000000000000004e-09]


Epoch : 91
Train MSE Loss     : 0.00006698	 | 	Train MAPE Loss     : 0.66731405
Valid MSE Loss     : 0.00031352	 | 	Valid MAPE Loss     : 1.70844650
lr                 : [3.0000000000000004e-09]


Epoch : 92
Train MSE Loss     : 0.00006793	 | 	Train MAPE Loss     : 0.67229670
Valid MSE Loss     : 0.00031360	 | 	Valid MAPE Loss     : 1.70872796
lr                 : [3.0000000000000004e-09]


Epoch : 93
Train MSE Loss     : 0.00006724	 | 	Train MAPE Loss     : 0.66803151
Valid MSE Loss     : 0.00031314	 | 	Valid MAPE Loss     : 1.70719147
lr                 : [3.0000000000000004e-09]


Epoch : 94
Train MSE Loss     : 0.00006749	 | 	Train MAPE Loss     : 0.66780245
Valid MSE Loss     : 0.00031317	 | 	Valid MAPE Loss     : 1.70726919
lr                 : [3.0000000000000004e-09]


Epoch : 95
Train MSE Loss     : 0.00006671	 | 	Train MAPE Loss     : 0.66505700
Valid MSE Loss     : 0.00031313	 | 	Valid MAPE Loss     : 1.70717132
lr                 : [3.0000000000000004e-09]


Epoch : 96
Train MSE Loss     : 0.00006727	 | 	Train MAPE Loss     : 0.66925508
Valid MSE Loss     : 0.00031313	 | 	Valid MAPE Loss     : 1.70714748
lr                 : [3.0000000000000004e-09]


Epoch : 97
Train MSE Loss     : 0.00006702	 | 	Train MAPE Loss     : 0.66452265
Valid MSE Loss     : 0.00031332	 | 	Valid MAPE Loss     : 1.70777547
lr                 : [3.0000000000000004e-09]


Epoch : 98
Train MSE Loss     : 0.00006777	 | 	Train MAPE Loss     : 0.66933417
Valid MSE Loss     : 0.00031339	 | 	Valid MAPE Loss     : 1.70804214
lr                 : [3.0000000000000004e-09]


Epoch : 99
Train MSE Loss     : 0.00006552	 | 	Train MAPE Loss     : 0.66681278
Valid MSE Loss     : 0.00031329	 | 	Valid MAPE Loss     : 1.70769274
lr                 : [3.0000000000000004e-09]


Epoch : 100
Train MSE Loss     : 0.00006612	 | 	Train MAPE Loss     : 0.66245782
Valid MSE Loss     : 0.00031330	 | 	Valid MAPE Loss     : 1.70772839
lr                 : [3.0000000000000004e-09]


Epoch : 101
Train MSE Loss     : 0.00006695	 | 	Train MAPE Loss     : 0.66533738
Valid MSE Loss     : 0.00031325	 | 	Valid MAPE Loss     : 1.70755541
lr                 : [3.0000000000000004e-09]


Epoch : 102
Train MSE Loss     : 0.00006808	 | 	Train MAPE Loss     : 0.67030811
Valid MSE Loss     : 0.00031309	 | 	Valid MAPE Loss     : 1.70703852
lr                 : [3.0000000000000004e-09]


Epoch : 103
Train MSE Loss     : 0.00006763	 | 	Train MAPE Loss     : 0.66877759
Valid MSE Loss     : 0.00031321	 | 	Valid MAPE Loss     : 1.70746136
lr                 : [3.0000000000000004e-09]


Epoch : 104
Train MSE Loss     : 0.00006768	 | 	Train MAPE Loss     : 0.67094964
Valid MSE Loss     : 0.00031328	 | 	Valid MAPE Loss     : 1.70765746
lr                 : [3.0000000000000004e-09]


Epoch : 105
Train MSE Loss     : 0.00006755	 | 	Train MAPE Loss     : 0.66722602
Valid MSE Loss     : 0.00031327	 | 	Valid MAPE Loss     : 1.70763242
lr                 : [3.0000000000000004e-09]


Epoch : 106
Train MSE Loss     : 0.00006698	 | 	Train MAPE Loss     : 0.66565275
Valid MSE Loss     : 0.00031318	 | 	Valid MAPE Loss     : 1.70734847
lr                 : [3.0000000000000004e-09]


Epoch : 107
Train MSE Loss     : 0.00006728	 | 	Train MAPE Loss     : 0.66612738
Valid MSE Loss     : 0.00031317	 | 	Valid MAPE Loss     : 1.70730817
lr                 : [3.0000000000000004e-09]


Epoch : 108
Train MSE Loss     : 0.00006790	 | 	Train MAPE Loss     : 0.67208147
Valid MSE Loss     : 0.00031380	 | 	Valid MAPE Loss     : 1.70936966
lr                 : [3.0000000000000004e-09]


Epoch : 109
Train MSE Loss     : 0.00006735	 | 	Train MAPE Loss     : 0.66736877
Valid MSE Loss     : 0.00031367	 | 	Valid MAPE Loss     : 1.70894849
lr                 : [3.0000000000000004e-09]


Epoch : 110
Train MSE Loss     : 0.00006651	 | 	Train MAPE Loss     : 0.66464043
Valid MSE Loss     : 0.00031354	 | 	Valid MAPE Loss     : 1.70850599
lr                 : [3.0000000000000004e-09]


Epoch : 111
Train MSE Loss     : 0.00006738	 | 	Train MAPE Loss     : 0.66808158
Valid MSE Loss     : 0.00031350	 | 	Valid MAPE Loss     : 1.70839977
lr                 : [3.0000000000000004e-09]


Epoch : 112
Train MSE Loss     : 0.00006685	 | 	Train MAPE Loss     : 0.66450995
Valid MSE Loss     : 0.00031356	 | 	Valid MAPE Loss     : 1.70858431
lr                 : [3.0000000000000004e-09]


Epoch : 113
Train MSE Loss     : 0.00006635	 | 	Train MAPE Loss     : 0.66557074
Valid MSE Loss     : 0.00031363	 | 	Valid MAPE Loss     : 1.70881319
lr                 : [3.0000000000000004e-09]


Epoch : 114
Train MSE Loss     : 0.00006726	 | 	Train MAPE Loss     : 0.66534728
Valid MSE Loss     : 0.00031356	 | 	Valid MAPE Loss     : 1.70859301
lr                 : [3.0000000000000004e-09]


Epoch : 115
Train MSE Loss     : 0.00006732	 | 	Train MAPE Loss     : 0.66636318
Valid MSE Loss     : 0.00031357	 | 	Valid MAPE Loss     : 1.70864427
lr                 : [3.0000000000000004e-09]


Epoch : 116
Train MSE Loss     : 0.00006744	 | 	Train MAPE Loss     : 0.66784418
Valid MSE Loss     : 0.00031308	 | 	Valid MAPE Loss     : 1.70700848
lr                 : [3.0000000000000004e-09]


Epoch : 117
Train MSE Loss     : 0.00006788	 | 	Train MAPE Loss     : 0.67081845
Valid MSE Loss     : 0.00031316	 | 	Valid MAPE Loss     : 1.70727837
lr                 : [3.0000000000000004e-09]


Epoch : 118
Train MSE Loss     : 0.00006756	 | 	Train MAPE Loss     : 0.66927421
Valid MSE Loss     : 0.00031308	 | 	Valid MAPE Loss     : 1.70701063
lr                 : [3.0000000000000004e-09]


Epoch : 119
Train MSE Loss     : 0.00006720	 | 	Train MAPE Loss     : 0.66678226
Valid MSE Loss     : 0.00031348	 | 	Valid MAPE Loss     : 1.70834208
lr                 : [3.0000000000000004e-09]


Epoch : 120
Train MSE Loss     : 0.00006747	 | 	Train MAPE Loss     : 0.66861796
Valid MSE Loss     : 0.00031349	 | 	Valid MAPE Loss     : 1.70838165
lr                 : [3.0000000000000004e-09]


Epoch : 121
Train MSE Loss     : 0.00006738	 | 	Train MAPE Loss     : 0.66684145
Valid MSE Loss     : 0.00031366	 | 	Valid MAPE Loss     : 1.70891440
lr                 : [3.0000000000000004e-09]


Epoch : 122
Train MSE Loss     : 0.00006778	 | 	Train MAPE Loss     : 0.66965693
Valid MSE Loss     : 0.00031306	 | 	Valid MAPE Loss     : 1.70695591
lr                 : [3.0000000000000004e-09]


Epoch : 123
Train MSE Loss     : 0.00006776	 | 	Train MAPE Loss     : 0.66941714
Valid MSE Loss     : 0.00031301	 | 	Valid MAPE Loss     : 1.70677340
lr                 : [3.0000000000000004e-09]


Epoch : 124
Train MSE Loss     : 0.00006746	 | 	Train MAPE Loss     : 0.66896093
Valid MSE Loss     : 0.00031290	 | 	Valid MAPE Loss     : 1.70643616
lr                 : [3.0000000000000004e-09]


Epoch : 125
Train MSE Loss     : 0.00006777	 | 	Train MAPE Loss     : 0.66957647
Valid MSE Loss     : 0.00031295	 | 	Valid MAPE Loss     : 1.70658779
lr                 : [3.0000000000000004e-09]


Epoch : 126
Train MSE Loss     : 0.00006709	 | 	Train MAPE Loss     : 0.66558760
Valid MSE Loss     : 0.00031301	 | 	Valid MAPE Loss     : 1.70678461
lr                 : [3.0000000000000004e-09]


Epoch : 127
Train MSE Loss     : 0.00006693	 | 	Train MAPE Loss     : 0.66758096
Valid MSE Loss     : 0.00031276	 | 	Valid MAPE Loss     : 1.70594978
lr                 : [3.0000000000000004e-09]


Epoch : 128
Train MSE Loss     : 0.00006766	 | 	Train MAPE Loss     : 0.66886020
Valid MSE Loss     : 0.00031278	 | 	Valid MAPE Loss     : 1.70600879
lr                 : [3.0000000000000004e-09]


Epoch : 129
Train MSE Loss     : 0.00006755	 | 	Train MAPE Loss     : 0.67066491
Valid MSE Loss     : 0.00031293	 | 	Valid MAPE Loss     : 1.70654309
lr                 : [3.0000000000000004e-09]


Epoch : 130
Train MSE Loss     : 0.00006725	 | 	Train MAPE Loss     : 0.66895086
Valid MSE Loss     : 0.00031316	 | 	Valid MAPE Loss     : 1.70731866
lr                 : [3.0000000000000004e-09]


Epoch : 131
Train MSE Loss     : 0.00006681	 | 	Train MAPE Loss     : 0.66749334
Valid MSE Loss     : 0.00031308	 | 	Valid MAPE Loss     : 1.70704615
lr                 : [3.0000000000000004e-09]


Epoch : 132
Train MSE Loss     : 0.00006663	 | 	Train MAPE Loss     : 0.66971910
Valid MSE Loss     : 0.00031315	 | 	Valid MAPE Loss     : 1.70727444
lr                 : [3.0000000000000004e-09]


Epoch : 133
Train MSE Loss     : 0.00006801	 | 	Train MAPE Loss     : 0.67163229
Valid MSE Loss     : 0.00031316	 | 	Valid MAPE Loss     : 1.70731509
lr                 : [3.0000000000000004e-09]


Epoch : 134
Train MSE Loss     : 0.00006710	 | 	Train MAPE Loss     : 0.66761899
Valid MSE Loss     : 0.00031307	 | 	Valid MAPE Loss     : 1.70703411
lr                 : [3.0000000000000004e-09]


Epoch : 135
Train MSE Loss     : 0.00006722	 | 	Train MAPE Loss     : 0.66662806
Valid MSE Loss     : 0.00031325	 | 	Valid MAPE Loss     : 1.70761347
lr                 : [3.0000000000000004e-09]


Epoch : 136
Train MSE Loss     : 0.00006783	 | 	Train MAPE Loss     : 0.66958326
Valid MSE Loss     : 0.00031322	 | 	Valid MAPE Loss     : 1.70752323
lr                 : [3.0000000000000004e-09]


Epoch : 137
Train MSE Loss     : 0.00006757	 | 	Train MAPE Loss     : 0.67112464
Valid MSE Loss     : 0.00031313	 | 	Valid MAPE Loss     : 1.70721483
lr                 : [3.0000000000000004e-09]


Epoch : 138
Train MSE Loss     : 0.00006736	 | 	Train MAPE Loss     : 0.66560030
Valid MSE Loss     : 0.00031314	 | 	Valid MAPE Loss     : 1.70726109
lr                 : [3.0000000000000004e-09]


Epoch : 139
Train MSE Loss     : 0.00006702	 | 	Train MAPE Loss     : 0.66609430
Valid MSE Loss     : 0.00031313	 | 	Valid MAPE Loss     : 1.70720387
lr                 : [3.0000000000000004e-09]


Epoch : 140
Train MSE Loss     : 0.00006727	 | 	Train MAPE Loss     : 0.66777569
Valid MSE Loss     : 0.00031313	 | 	Valid MAPE Loss     : 1.70723045
lr                 : [3.0000000000000004e-09]


Epoch : 141
Train MSE Loss     : 0.00006699	 | 	Train MAPE Loss     : 0.66476935
Valid MSE Loss     : 0.00031322	 | 	Valid MAPE Loss     : 1.70752048
lr                 : [3.0000000000000004e-09]


Epoch : 142
Train MSE Loss     : 0.00006717	 | 	Train MAPE Loss     : 0.67019266
Valid MSE Loss     : 0.00031325	 | 	Valid MAPE Loss     : 1.70762384
lr                 : [3.0000000000000004e-09]


Epoch : 143
Train MSE Loss     : 0.00006813	 | 	Train MAPE Loss     : 0.67179787
Valid MSE Loss     : 0.00031336	 | 	Valid MAPE Loss     : 1.70801413
lr                 : [3.0000000000000004e-09]


Epoch : 144
Train MSE Loss     : 0.00006742	 | 	Train MAPE Loss     : 0.66734970
Valid MSE Loss     : 0.00031309	 | 	Valid MAPE Loss     : 1.70708883
lr                 : [3.0000000000000004e-09]


Epoch : 145
Train MSE Loss     : 0.00006684	 | 	Train MAPE Loss     : 0.66470647
Valid MSE Loss     : 0.00031326	 | 	Valid MAPE Loss     : 1.70766306
lr                 : [3.0000000000000004e-09]


Epoch : 146
Train MSE Loss     : 0.00006554	 | 	Train MAPE Loss     : 0.66282183
Valid MSE Loss     : 0.00031328	 | 	Valid MAPE Loss     : 1.70774269
lr                 : [3.0000000000000004e-09]


Epoch : 147
Train MSE Loss     : 0.00006841	 | 	Train MAPE Loss     : 0.67210376
Valid MSE Loss     : 0.00031336	 | 	Valid MAPE Loss     : 1.70798242
lr                 : [3.0000000000000004e-09]


Epoch : 148
Train MSE Loss     : 0.00006604	 | 	Train MAPE Loss     : 0.66926897
Valid MSE Loss     : 0.00031333	 | 	Valid MAPE Loss     : 1.70788825
lr                 : [3.0000000000000004e-09]


Epoch : 149
Train MSE Loss     : 0.00006631	 | 	Train MAPE Loss     : 0.66574883
Valid MSE Loss     : 0.00031341	 | 	Valid MAPE Loss     : 1.70818377
lr                 : [3.0000000000000004e-09]


Epoch : 150
Train MSE Loss     : 0.00006783	 | 	Train MAPE Loss     : 0.66887724
Valid MSE Loss     : 0.00031337	 | 	Valid MAPE Loss     : 1.70803750
lr                 : [3.0000000000000004e-09]


Evaluate on the Test set:
Test MAPE loss      :0.71340984	 | Test MSE loss      : 0.00007383

################## Training is Done! #########################
