=============================================
Dataset: cell_Tongji_NCA_data
Mode:    fine_tuned
=============================================
Training started ....

Epoch : 1
Train MSE Loss     : 1.00119114	 | 	Train MAPE Loss     : 3.25580812
Valid MSE Loss     : 0.00004735	 | 	Valid MAPE Loss     : 0.33085567
lr                 : [0.0003]


Epoch : 2
Train MSE Loss     : 1.00190115	 | 	Train MAPE Loss     : 4.18985748
Valid MSE Loss     : 0.00002864	 | 	Valid MAPE Loss     : 0.44784099
lr                 : [0.0003]


Epoch : 3
Train MSE Loss     : 1.00154436	 | 	Train MAPE Loss     : 3.46482396
Valid MSE Loss     : 0.00422206	 | 	Valid MAPE Loss     : 7.60990095
lr                 : [0.0003]


Epoch : 4
Train MSE Loss     : 1.00066674	 | 	Train MAPE Loss     : 2.00853300
Valid MSE Loss     : 0.00309688	 | 	Valid MAPE Loss     : 6.52030087
lr                 : [0.0003]


Epoch : 5
Train MSE Loss     : 1.00051332	 | 	Train MAPE Loss     : 1.89867437
Valid MSE Loss     : 0.00002771	 | 	Valid MAPE Loss     : 0.27818078
lr                 : [0.0003]


Epoch : 6
Train MSE Loss     : 1.00077295	 | 	Train MAPE Loss     : 2.57057166
Valid MSE Loss     : 0.00253002	 | 	Valid MAPE Loss     : 5.78009224
lr                 : [0.0003]


Epoch : 7
Train MSE Loss     : 1.00029254	 | 	Train MAPE Loss     : 1.47587526
Valid MSE Loss     : 0.00026877	 | 	Valid MAPE Loss     : 1.87103748
lr                 : [0.0003]


Epoch : 8
Train MSE Loss     : 1.00223947	 | 	Train MAPE Loss     : 4.27242708
Valid MSE Loss     : 0.00004448	 | 	Valid MAPE Loss     : 0.50529796
lr                 : [0.0003]


Epoch : 9
Train MSE Loss     : 1.00143194	 | 	Train MAPE Loss     : 3.06724715
Valid MSE Loss     : 0.00023106	 | 	Valid MAPE Loss     : 1.47672343
lr                 : [0.0003]


Epoch : 10
Train MSE Loss     : 1.00045574	 | 	Train MAPE Loss     : 1.80693448
Valid MSE Loss     : 0.00071510	 | 	Valid MAPE Loss     : 2.99534035
lr                 : [0.0003]


Epoch : 11
Train MSE Loss     : 1.00058401	 | 	Train MAPE Loss     : 2.05029106
Valid MSE Loss     : 0.00051091	 | 	Valid MAPE Loss     : 2.49691343
lr                 : [0.0003]


Epoch : 12
Train MSE Loss     : 1.00029194	 | 	Train MAPE Loss     : 1.61523438
Valid MSE Loss     : 0.00006642	 | 	Valid MAPE Loss     : 0.36601859
lr                 : [0.0003]


Epoch : 13
Train MSE Loss     : 1.00097823	 | 	Train MAPE Loss     : 2.89077401
Valid MSE Loss     : 0.00003832	 | 	Valid MAPE Loss     : 0.38478747
lr                 : [0.0003]


Epoch : 14
Train MSE Loss     : 1.00034869	 | 	Train MAPE Loss     : 1.68797123
Valid MSE Loss     : 0.00086277	 | 	Valid MAPE Loss     : 3.40008569
lr                 : [0.0003]


Epoch : 15
Train MSE Loss     : 1.00037062	 | 	Train MAPE Loss     : 1.75517440
Valid MSE Loss     : 0.00018471	 | 	Valid MAPE Loss     : 1.49131465
lr                 : [0.0003]


Epoch : 16
Train MSE Loss     : 1.00056505	 | 	Train MAPE Loss     : 2.29013205
Valid MSE Loss     : 0.00018910	 | 	Valid MAPE Loss     : 1.35530901
lr                 : [2.9999999999999997e-05]


Epoch : 17
Train MSE Loss     : 1.00006950	 | 	Train MAPE Loss     : 0.70666975
Valid MSE Loss     : 0.00004623	 | 	Valid MAPE Loss     : 0.31781104
lr                 : [2.9999999999999997e-05]


Epoch : 18
Train MSE Loss     : 1.00007725	 | 	Train MAPE Loss     : 0.76402688
Valid MSE Loss     : 0.00003328	 | 	Valid MAPE Loss     : 0.18787563
lr                 : [2.9999999999999997e-05]


Epoch : 19
Train MSE Loss     : 1.00005448	 | 	Train MAPE Loss     : 0.64112681
Valid MSE Loss     : 0.00002969	 | 	Valid MAPE Loss     : 0.21980940
lr                 : [2.9999999999999997e-05]


Epoch : 20
Train MSE Loss     : 1.00004768	 | 	Train MAPE Loss     : 0.57072598
Valid MSE Loss     : 0.00004734	 | 	Valid MAPE Loss     : 0.49207547
lr                 : [2.9999999999999997e-05]


Epoch : 21
Train MSE Loss     : 1.00005293	 | 	Train MAPE Loss     : 0.63993955
Valid MSE Loss     : 0.00004671	 | 	Valid MAPE Loss     : 0.54710340
lr                 : [2.9999999999999997e-05]


Epoch : 22
Train MSE Loss     : 1.00005424	 | 	Train MAPE Loss     : 0.63729483
Valid MSE Loss     : 0.00008554	 | 	Valid MAPE Loss     : 0.91716790
lr                 : [2.9999999999999997e-05]


Epoch : 23
Train MSE Loss     : 1.00007284	 | 	Train MAPE Loss     : 0.74700195
Valid MSE Loss     : 0.00004644	 | 	Valid MAPE Loss     : 0.51276135
lr                 : [2.9999999999999997e-05]


Epoch : 24
Train MSE Loss     : 1.00006366	 | 	Train MAPE Loss     : 0.69095391
Valid MSE Loss     : 0.00015371	 | 	Valid MAPE Loss     : 1.34757555
lr                 : [2.9999999999999997e-05]


Epoch : 25
Train MSE Loss     : 1.00008917	 | 	Train MAPE Loss     : 0.87188941
Valid MSE Loss     : 0.00003062	 | 	Valid MAPE Loss     : 0.23330332
lr                 : [2.9999999999999997e-05]


Epoch : 26
Train MSE Loss     : 1.00005436	 | 	Train MAPE Loss     : 0.63449872
Valid MSE Loss     : 0.00003558	 | 	Valid MAPE Loss     : 0.40463766
lr                 : [2.9999999999999997e-05]


Epoch : 27
Train MSE Loss     : 1.00004673	 | 	Train MAPE Loss     : 0.57372332
Valid MSE Loss     : 0.00004587	 | 	Valid MAPE Loss     : 0.51719779
lr                 : [2.9999999999999997e-05]


Epoch : 28
Train MSE Loss     : 1.00005913	 | 	Train MAPE Loss     : 0.67692280
Valid MSE Loss     : 0.00003192	 | 	Valid MAPE Loss     : 0.28173518
lr                 : [2.9999999999999997e-05]


Epoch : 29
Train MSE Loss     : 1.00006783	 | 	Train MAPE Loss     : 0.72244018
Valid MSE Loss     : 0.00003559	 | 	Valid MAPE Loss     : 0.37738574
lr                 : [3e-06]


Epoch : 30
Train MSE Loss     : 1.00003684	 | 	Train MAPE Loss     : 0.48221046
Valid MSE Loss     : 0.00002861	 | 	Valid MAPE Loss     : 0.18714723
lr                 : [3e-06]


Epoch : 31
Train MSE Loss     : 1.00004172	 | 	Train MAPE Loss     : 0.53600866
Valid MSE Loss     : 0.00002926	 | 	Valid MAPE Loss     : 0.24556755
lr                 : [3e-06]


Epoch : 32
Train MSE Loss     : 1.00004661	 | 	Train MAPE Loss     : 0.57787812
Valid MSE Loss     : 0.00003100	 | 	Valid MAPE Loss     : 0.25349596
lr                 : [3e-06]


Epoch : 33
Train MSE Loss     : 1.00004566	 | 	Train MAPE Loss     : 0.55538899
Valid MSE Loss     : 0.00002960	 | 	Valid MAPE Loss     : 0.24726363
lr                 : [3e-06]


Epoch : 34
Train MSE Loss     : 1.00005150	 | 	Train MAPE Loss     : 0.61118490
Valid MSE Loss     : 0.00003983	 | 	Valid MAPE Loss     : 0.46160808
lr                 : [3e-06]


Epoch : 35
Train MSE Loss     : 1.00004017	 | 	Train MAPE Loss     : 0.52063501
Valid MSE Loss     : 0.00002876	 | 	Valid MAPE Loss     : 0.20270146
lr                 : [3e-06]


Epoch : 36
Train MSE Loss     : 1.00004137	 | 	Train MAPE Loss     : 0.52098316
Valid MSE Loss     : 0.00003545	 | 	Valid MAPE Loss     : 0.38430130
lr                 : [3e-06]


Epoch : 37
Train MSE Loss     : 1.00004745	 | 	Train MAPE Loss     : 0.57502991
Valid MSE Loss     : 0.00002758	 | 	Valid MAPE Loss     : 0.20992963
lr                 : [3e-06]


Epoch : 38
Train MSE Loss     : 1.00005114	 | 	Train MAPE Loss     : 0.59934717
Valid MSE Loss     : 0.00003479	 | 	Valid MAPE Loss     : 0.37448263
lr                 : [3e-06]


Epoch : 39
Train MSE Loss     : 1.00004303	 | 	Train MAPE Loss     : 0.54391676
Valid MSE Loss     : 0.00002764	 | 	Valid MAPE Loss     : 0.19446036
lr                 : [3e-06]


Epoch : 40
Train MSE Loss     : 1.00004053	 | 	Train MAPE Loss     : 0.53731585
Valid MSE Loss     : 0.00003181	 | 	Valid MAPE Loss     : 0.32392439
lr                 : [3e-06]


Epoch : 41
Train MSE Loss     : 1.00004184	 | 	Train MAPE Loss     : 0.55277866
Valid MSE Loss     : 0.00002749	 | 	Valid MAPE Loss     : 0.19769415
lr                 : [3.0000000000000004e-07]


Epoch : 42
Train MSE Loss     : 1.00005794	 | 	Train MAPE Loss     : 0.66929978
Valid MSE Loss     : 0.00006806	 | 	Valid MAPE Loss     : 0.78553772
lr                 : [3.0000000000000004e-07]


Epoch : 43
Train MSE Loss     : 1.00004303	 | 	Train MAPE Loss     : 0.55609268
Valid MSE Loss     : 0.00002696	 | 	Valid MAPE Loss     : 0.18031782
lr                 : [3.0000000000000004e-07]


Epoch : 44
Train MSE Loss     : 1.00004327	 | 	Train MAPE Loss     : 0.54621702
Valid MSE Loss     : 0.00004775	 | 	Valid MAPE Loss     : 0.54014784
lr                 : [3.0000000000000004e-07]


Epoch : 45
Train MSE Loss     : 1.00004184	 | 	Train MAPE Loss     : 0.53735894
Valid MSE Loss     : 0.00002671	 | 	Valid MAPE Loss     : 0.18897066
lr                 : [3.0000000000000004e-07]


Epoch : 46
Train MSE Loss     : 1.00004637	 | 	Train MAPE Loss     : 0.58127469
Valid MSE Loss     : 0.00004944	 | 	Valid MAPE Loss     : 0.59121698
lr                 : [3.0000000000000004e-07]


Epoch : 47
Train MSE Loss     : 1.00004780	 | 	Train MAPE Loss     : 0.59749061
Valid MSE Loss     : 0.00002658	 | 	Valid MAPE Loss     : 0.20056784
lr                 : [3.0000000000000004e-07]


Epoch : 48
Train MSE Loss     : 1.00004005	 | 	Train MAPE Loss     : 0.52382809
Valid MSE Loss     : 0.00004207	 | 	Valid MAPE Loss     : 0.49992058
lr                 : [3.0000000000000004e-07]


Epoch : 49
Train MSE Loss     : 1.00004804	 | 	Train MAPE Loss     : 0.56553960
Valid MSE Loss     : 0.00002746	 | 	Valid MAPE Loss     : 0.20763494
lr                 : [3.0000000000000004e-07]


Epoch : 50
Train MSE Loss     : 1.00003612	 | 	Train MAPE Loss     : 0.48759976
Valid MSE Loss     : 0.00002667	 | 	Valid MAPE Loss     : 0.19463640
lr                 : [3.0000000000000004e-07]


Epoch : 51
Train MSE Loss     : 1.00004029	 | 	Train MAPE Loss     : 0.52684975
Valid MSE Loss     : 0.00002841	 | 	Valid MAPE Loss     : 0.26965383
lr                 : [3.0000000000000004e-07]


Epoch : 52
Train MSE Loss     : 1.00003922	 | 	Train MAPE Loss     : 0.51876849
Valid MSE Loss     : 0.00003088	 | 	Valid MAPE Loss     : 0.25553164
lr                 : [3.0000000000000004e-07]


Epoch : 53
Train MSE Loss     : 1.00004578	 | 	Train MAPE Loss     : 0.55646676
Valid MSE Loss     : 0.00004311	 | 	Valid MAPE Loss     : 0.51380813
lr                 : [3.0000000000000004e-07]


Epoch : 54
Train MSE Loss     : 1.00003517	 | 	Train MAPE Loss     : 0.47806108
Valid MSE Loss     : 0.00002794	 | 	Valid MAPE Loss     : 0.22300194
lr                 : [3.0000000000000004e-08]


Epoch : 55
Train MSE Loss     : 1.00004411	 | 	Train MAPE Loss     : 0.56198943
Valid MSE Loss     : 0.00002715	 | 	Valid MAPE Loss     : 0.18714745
lr                 : [3.0000000000000004e-08]


Epoch : 56
Train MSE Loss     : 1.00004375	 | 	Train MAPE Loss     : 0.56268871
Valid MSE Loss     : 0.00002701	 | 	Valid MAPE Loss     : 0.20676085
lr                 : [3.0000000000000004e-08]


Epoch : 57
Train MSE Loss     : 1.00004971	 | 	Train MAPE Loss     : 0.60362488
Valid MSE Loss     : 0.00003281	 | 	Valid MAPE Loss     : 0.30394009
lr                 : [3.0000000000000004e-08]


Epoch : 58
Train MSE Loss     : 1.00004649	 | 	Train MAPE Loss     : 0.57629085
Valid MSE Loss     : 0.00002733	 | 	Valid MAPE Loss     : 0.19444561
lr                 : [3.0000000000000004e-08]


Epoch : 59
Train MSE Loss     : 1.00004542	 | 	Train MAPE Loss     : 0.58608180
Valid MSE Loss     : 0.00002826	 | 	Valid MAPE Loss     : 0.20749661
lr                 : [3.0000000000000004e-08]


Epoch : 60
Train MSE Loss     : 1.00004184	 | 	Train MAPE Loss     : 0.53278512
Valid MSE Loss     : 0.00004669	 | 	Valid MAPE Loss     : 0.55967438
lr                 : [3.0000000000000004e-08]


Epoch : 61
Train MSE Loss     : 1.00004351	 | 	Train MAPE Loss     : 0.53606176
Valid MSE Loss     : 0.00003055	 | 	Valid MAPE Loss     : 0.29341456
lr                 : [3.0000000000000004e-08]


Epoch : 62
Train MSE Loss     : 1.00004947	 | 	Train MAPE Loss     : 0.59711707
Valid MSE Loss     : 0.00003171	 | 	Valid MAPE Loss     : 0.32366547
lr                 : [3.0000000000000004e-08]


Epoch : 63
Train MSE Loss     : 1.00003922	 | 	Train MAPE Loss     : 0.50871253
Valid MSE Loss     : 0.00005799	 | 	Valid MAPE Loss     : 0.69105250
lr                 : [3.0000000000000004e-08]


Epoch : 64
Train MSE Loss     : 1.00005078	 | 	Train MAPE Loss     : 0.60427046
Valid MSE Loss     : 0.00004257	 | 	Valid MAPE Loss     : 0.50791132
lr                 : [3.0000000000000004e-08]


Epoch : 65
Train MSE Loss     : 1.00004637	 | 	Train MAPE Loss     : 0.57446653
Valid MSE Loss     : 0.00003598	 | 	Valid MAPE Loss     : 0.40109292
lr                 : [3.0000000000000004e-09]


Epoch : 66
Train MSE Loss     : 1.00003994	 | 	Train MAPE Loss     : 0.51334286
Valid MSE Loss     : 0.00002758	 | 	Valid MAPE Loss     : 0.22897439
lr                 : [3.0000000000000004e-09]


Epoch : 67
Train MSE Loss     : 1.00004721	 | 	Train MAPE Loss     : 0.56597286
Valid MSE Loss     : 0.00002997	 | 	Valid MAPE Loss     : 0.24058260
lr                 : [3.0000000000000004e-09]


Epoch : 68
Train MSE Loss     : 1.00004375	 | 	Train MAPE Loss     : 0.54871362
Valid MSE Loss     : 0.00002883	 | 	Valid MAPE Loss     : 0.25520825
lr                 : [3.0000000000000004e-09]


Epoch : 69
Train MSE Loss     : 1.00004780	 | 	Train MAPE Loss     : 0.58619541
Valid MSE Loss     : 0.00003216	 | 	Valid MAPE Loss     : 0.33447462
lr                 : [3.0000000000000004e-09]


Epoch : 70
Train MSE Loss     : 1.00004888	 | 	Train MAPE Loss     : 0.57205957
Valid MSE Loss     : 0.00004251	 | 	Valid MAPE Loss     : 0.50689805
lr                 : [3.0000000000000004e-09]


Epoch : 71
Train MSE Loss     : 1.00004840	 | 	Train MAPE Loss     : 0.56525385
Valid MSE Loss     : 0.00002741	 | 	Valid MAPE Loss     : 0.17797938
lr                 : [3.0000000000000004e-09]


Epoch : 72
Train MSE Loss     : 1.00004292	 | 	Train MAPE Loss     : 0.53721243
Valid MSE Loss     : 0.00006797	 | 	Valid MAPE Loss     : 0.78614515
lr                 : [3.0000000000000004e-09]


Epoch : 73
Train MSE Loss     : 1.00004840	 | 	Train MAPE Loss     : 0.58817208
Valid MSE Loss     : 0.00002668	 | 	Valid MAPE Loss     : 0.17669451
lr                 : [3.0000000000000004e-09]


Epoch : 74
Train MSE Loss     : 1.00004137	 | 	Train MAPE Loss     : 0.53023374
Valid MSE Loss     : 0.00002667	 | 	Valid MAPE Loss     : 0.19103543
lr                 : [3.0000000000000004e-09]


Epoch : 75
Train MSE Loss     : 1.00004363	 | 	Train MAPE Loss     : 0.54463863
Valid MSE Loss     : 0.00002772	 | 	Valid MAPE Loss     : 0.21738993
lr                 : [3.0000000000000004e-09]


Epoch : 76
Train MSE Loss     : 1.00004470	 | 	Train MAPE Loss     : 0.56546831
Valid MSE Loss     : 0.00004215	 | 	Valid MAPE Loss     : 0.50292993
lr                 : [3.0000000000000004e-09]


Epoch : 77
Train MSE Loss     : 1.00003755	 | 	Train MAPE Loss     : 0.50890678
Valid MSE Loss     : 0.00003103	 | 	Valid MAPE Loss     : 0.30786157
lr                 : [3.0000000000000004e-09]


Epoch : 78
Train MSE Loss     : 1.00004113	 | 	Train MAPE Loss     : 0.53912371
Valid MSE Loss     : 0.00002913	 | 	Valid MAPE Loss     : 0.26918128
lr                 : [3.0000000000000004e-09]


Epoch : 79
Train MSE Loss     : 1.00004208	 | 	Train MAPE Loss     : 0.52698117
Valid MSE Loss     : 0.00003947	 | 	Valid MAPE Loss     : 0.47085929
lr                 : [3.0000000000000004e-09]


Epoch : 80
Train MSE Loss     : 1.00004601	 | 	Train MAPE Loss     : 0.57451802
Valid MSE Loss     : 0.00002716	 | 	Valid MAPE Loss     : 0.18122520
lr                 : [3.0000000000000004e-09]


Epoch : 81
Train MSE Loss     : 1.00004613	 | 	Train MAPE Loss     : 0.56203198
Valid MSE Loss     : 0.00004100	 | 	Valid MAPE Loss     : 0.48409957
lr                 : [3.0000000000000004e-09]


Epoch : 82
Train MSE Loss     : 1.00004315	 | 	Train MAPE Loss     : 0.54589313
Valid MSE Loss     : 0.00002722	 | 	Valid MAPE Loss     : 0.21387328
lr                 : [3.0000000000000004e-09]


Epoch : 83
Train MSE Loss     : 1.00004435	 | 	Train MAPE Loss     : 0.54984736
Valid MSE Loss     : 0.00002691	 | 	Valid MAPE Loss     : 0.17858550
lr                 : [3.0000000000000004e-09]


Epoch : 84
Train MSE Loss     : 1.00004566	 | 	Train MAPE Loss     : 0.56619573
Valid MSE Loss     : 0.00003910	 | 	Valid MAPE Loss     : 0.41955760
lr                 : [3.0000000000000004e-09]


Epoch : 85
Train MSE Loss     : 1.00004005	 | 	Train MAPE Loss     : 0.52551663
Valid MSE Loss     : 0.00003753	 | 	Valid MAPE Loss     : 0.43531096
lr                 : [3.0000000000000004e-09]


Epoch : 86
Train MSE Loss     : 1.00004661	 | 	Train MAPE Loss     : 0.57414263
Valid MSE Loss     : 0.00002657	 | 	Valid MAPE Loss     : 0.17431086
lr                 : [3.0000000000000004e-09]


Epoch : 87
Train MSE Loss     : 1.00004399	 | 	Train MAPE Loss     : 0.55534583
Valid MSE Loss     : 0.00002775	 | 	Valid MAPE Loss     : 0.18412030
lr                 : [3.0000000000000004e-09]


Epoch : 88
Train MSE Loss     : 1.00004208	 | 	Train MAPE Loss     : 0.54747254
Valid MSE Loss     : 0.00003169	 | 	Valid MAPE Loss     : 0.28920531
lr                 : [3.0000000000000004e-09]


Epoch : 89
Train MSE Loss     : 1.00004840	 | 	Train MAPE Loss     : 0.59126770
Valid MSE Loss     : 0.00005048	 | 	Valid MAPE Loss     : 0.56443757
lr                 : [3.0000000000000004e-09]


Epoch : 90
Train MSE Loss     : 1.00004077	 | 	Train MAPE Loss     : 0.52933604
Valid MSE Loss     : 0.00003187	 | 	Valid MAPE Loss     : 0.32831478
lr                 : [3.0000000000000004e-09]


Epoch : 91
Train MSE Loss     : 1.00004673	 | 	Train MAPE Loss     : 0.56433713
Valid MSE Loss     : 0.00003675	 | 	Valid MAPE Loss     : 0.41512129
lr                 : [3.0000000000000004e-09]


Epoch : 92
Train MSE Loss     : 1.00004220	 | 	Train MAPE Loss     : 0.54272276
Valid MSE Loss     : 0.00002700	 | 	Valid MAPE Loss     : 0.17973037
lr                 : [3.0000000000000004e-09]


Epoch : 93
Train MSE Loss     : 1.00004578	 | 	Train MAPE Loss     : 0.56900805
Valid MSE Loss     : 0.00002774	 | 	Valid MAPE Loss     : 0.19086245
lr                 : [3.0000000000000004e-09]


Epoch : 94
Train MSE Loss     : 1.00003779	 | 	Train MAPE Loss     : 0.51096576
Valid MSE Loss     : 0.00002680	 | 	Valid MAPE Loss     : 0.19242100
lr                 : [3.0000000000000004e-09]


Epoch : 95
Train MSE Loss     : 1.00004435	 | 	Train MAPE Loss     : 0.57656980
Valid MSE Loss     : 0.00002804	 | 	Valid MAPE Loss     : 0.20844719
lr                 : [3.0000000000000004e-09]


Epoch : 96
Train MSE Loss     : 1.00004399	 | 	Train MAPE Loss     : 0.57066780
Valid MSE Loss     : 0.00003009	 | 	Valid MAPE Loss     : 0.24610507
lr                 : [3.0000000000000004e-09]


Epoch : 97
Train MSE Loss     : 1.00004399	 | 	Train MAPE Loss     : 0.55636537
Valid MSE Loss     : 0.00002984	 | 	Valid MAPE Loss     : 0.27960968
lr                 : [3.0000000000000004e-09]


Epoch : 98
Train MSE Loss     : 1.00004005	 | 	Train MAPE Loss     : 0.52174038
Valid MSE Loss     : 0.00002788	 | 	Valid MAPE Loss     : 0.23685116
lr                 : [3.0000000000000004e-09]


Epoch : 99
Train MSE Loss     : 1.00005341	 | 	Train MAPE Loss     : 0.62965524
Valid MSE Loss     : 0.00003409	 | 	Valid MAPE Loss     : 0.36542594
lr                 : [3.0000000000000004e-09]


Epoch : 100
Train MSE Loss     : 1.00004506	 | 	Train MAPE Loss     : 0.56379467
Valid MSE Loss     : 0.00003008	 | 	Valid MAPE Loss     : 0.28645572
lr                 : [3.0000000000000004e-09]


Epoch : 101
Train MSE Loss     : 1.00004637	 | 	Train MAPE Loss     : 0.57364440
Valid MSE Loss     : 0.00004408	 | 	Valid MAPE Loss     : 0.52818090
lr                 : [3.0000000000000004e-09]


Epoch : 102
Train MSE Loss     : 1.00005198	 | 	Train MAPE Loss     : 0.59417272
Valid MSE Loss     : 0.00003392	 | 	Valid MAPE Loss     : 0.36444816
lr                 : [3.0000000000000004e-09]


Epoch : 103
Train MSE Loss     : 1.00004900	 | 	Train MAPE Loss     : 0.59445632
Valid MSE Loss     : 0.00004449	 | 	Valid MAPE Loss     : 0.53020704
lr                 : [3.0000000000000004e-09]


Epoch : 104
Train MSE Loss     : 1.00004566	 | 	Train MAPE Loss     : 0.57658702
Valid MSE Loss     : 0.00002696	 | 	Valid MAPE Loss     : 0.18476652
lr                 : [3.0000000000000004e-09]


Epoch : 105
Train MSE Loss     : 1.00004339	 | 	Train MAPE Loss     : 0.56066328
Valid MSE Loss     : 0.00004625	 | 	Valid MAPE Loss     : 0.55836576
lr                 : [3.0000000000000004e-09]


Epoch : 106
Train MSE Loss     : 1.00003767	 | 	Train MAPE Loss     : 0.49611980
Valid MSE Loss     : 0.00002957	 | 	Valid MAPE Loss     : 0.24107574
lr                 : [3.0000000000000004e-09]


Epoch : 107
Train MSE Loss     : 1.00003898	 | 	Train MAPE Loss     : 0.50791883
Valid MSE Loss     : 0.00002686	 | 	Valid MAPE Loss     : 0.17892100
lr                 : [3.0000000000000004e-09]


Epoch : 108
Train MSE Loss     : 1.00004280	 | 	Train MAPE Loss     : 0.54949719
Valid MSE Loss     : 0.00004921	 | 	Valid MAPE Loss     : 0.59428835
lr                 : [3.0000000000000004e-09]


Epoch : 109
Train MSE Loss     : 1.00004160	 | 	Train MAPE Loss     : 0.54428858
Valid MSE Loss     : 0.00004871	 | 	Valid MAPE Loss     : 0.58166623
lr                 : [3.0000000000000004e-09]


Epoch : 110
Train MSE Loss     : 1.00004363	 | 	Train MAPE Loss     : 0.56664139
Valid MSE Loss     : 0.00002688	 | 	Valid MAPE Loss     : 0.17784414
lr                 : [3.0000000000000004e-09]


Epoch : 111
Train MSE Loss     : 1.00004053	 | 	Train MAPE Loss     : 0.52311796
Valid MSE Loss     : 0.00002749	 | 	Valid MAPE Loss     : 0.19655457
lr                 : [3.0000000000000004e-09]


Epoch : 112
Train MSE Loss     : 1.00003862	 | 	Train MAPE Loss     : 0.50822026
Valid MSE Loss     : 0.00003871	 | 	Valid MAPE Loss     : 0.45492992
lr                 : [3.0000000000000004e-09]


Epoch : 113
Train MSE Loss     : 1.00004256	 | 	Train MAPE Loss     : 0.55017966
Valid MSE Loss     : 0.00003182	 | 	Valid MAPE Loss     : 0.33281726
lr                 : [3.0000000000000004e-09]


Epoch : 114
Train MSE Loss     : 1.00004625	 | 	Train MAPE Loss     : 0.56851047
Valid MSE Loss     : 0.00003008	 | 	Valid MAPE Loss     : 0.28918239
lr                 : [3.0000000000000004e-09]


Epoch : 115
Train MSE Loss     : 1.00004673	 | 	Train MAPE Loss     : 0.58259475
Valid MSE Loss     : 0.00003078	 | 	Valid MAPE Loss     : 0.30291158
lr                 : [3.0000000000000004e-09]


Epoch : 116
Train MSE Loss     : 1.00004137	 | 	Train MAPE Loss     : 0.54185456
Valid MSE Loss     : 0.00002958	 | 	Valid MAPE Loss     : 0.22698699
lr                 : [3.0000000000000004e-09]


Epoch : 117
Train MSE Loss     : 1.00004435	 | 	Train MAPE Loss     : 0.56790197
Valid MSE Loss     : 0.00002809	 | 	Valid MAPE Loss     : 0.21845019
lr                 : [3.0000000000000004e-09]


Epoch : 118
Train MSE Loss     : 1.00004745	 | 	Train MAPE Loss     : 0.58455652
Valid MSE Loss     : 0.00003336	 | 	Valid MAPE Loss     : 0.35643077
lr                 : [3.0000000000000004e-09]


Epoch : 119
Train MSE Loss     : 1.00005484	 | 	Train MAPE Loss     : 0.63506591
Valid MSE Loss     : 0.00002786	 | 	Valid MAPE Loss     : 0.22987032
lr                 : [3.0000000000000004e-09]


Epoch : 120
Train MSE Loss     : 1.00004363	 | 	Train MAPE Loss     : 0.53886127
Valid MSE Loss     : 0.00002703	 | 	Valid MAPE Loss     : 0.18132047
lr                 : [3.0000000000000004e-09]


Epoch : 121
Train MSE Loss     : 1.00004864	 | 	Train MAPE Loss     : 0.58706534
Valid MSE Loss     : 0.00002731	 | 	Valid MAPE Loss     : 0.22362474
lr                 : [3.0000000000000004e-09]


Epoch : 122
Train MSE Loss     : 1.00004268	 | 	Train MAPE Loss     : 0.54747081
Valid MSE Loss     : 0.00002995	 | 	Valid MAPE Loss     : 0.24812011
lr                 : [3.0000000000000004e-09]


Epoch : 123
Train MSE Loss     : 1.00004029	 | 	Train MAPE Loss     : 0.52230436
Valid MSE Loss     : 0.00002861	 | 	Valid MAPE Loss     : 0.21461290
lr                 : [3.0000000000000004e-09]


Epoch : 124
Train MSE Loss     : 1.00003719	 | 	Train MAPE Loss     : 0.54275519
Valid MSE Loss     : 0.00002698	 | 	Valid MAPE Loss     : 0.17934212
lr                 : [3.0000000000000004e-09]


Epoch : 125
Train MSE Loss     : 1.00004697	 | 	Train MAPE Loss     : 0.57518327
Valid MSE Loss     : 0.00002685	 | 	Valid MAPE Loss     : 0.18103781
lr                 : [3.0000000000000004e-09]


Epoch : 126
Train MSE Loss     : 1.00004375	 | 	Train MAPE Loss     : 0.57032144
Valid MSE Loss     : 0.00003400	 | 	Valid MAPE Loss     : 0.32603669
lr                 : [3.0000000000000004e-09]


Epoch : 127
Train MSE Loss     : 1.00004673	 | 	Train MAPE Loss     : 0.58080381
Valid MSE Loss     : 0.00004111	 | 	Valid MAPE Loss     : 0.48021978
lr                 : [3.0000000000000004e-09]


Epoch : 128
Train MSE Loss     : 1.00004566	 | 	Train MAPE Loss     : 0.57772183
Valid MSE Loss     : 0.00002999	 | 	Valid MAPE Loss     : 0.28177178
lr                 : [3.0000000000000004e-09]


Epoch : 129
Train MSE Loss     : 1.00005043	 | 	Train MAPE Loss     : 0.61088669
Valid MSE Loss     : 0.00002733	 | 	Valid MAPE Loss     : 0.21391894
lr                 : [3.0000000000000004e-09]


Epoch : 130
Train MSE Loss     : 1.00004566	 | 	Train MAPE Loss     : 0.56394780
Valid MSE Loss     : 0.00003053	 | 	Valid MAPE Loss     : 0.30494240
lr                 : [3.0000000000000004e-09]


Epoch : 131
Train MSE Loss     : 1.00004137	 | 	Train MAPE Loss     : 0.52437538
Valid MSE Loss     : 0.00002977	 | 	Valid MAPE Loss     : 0.26957169
lr                 : [3.0000000000000004e-09]


Epoch : 132
Train MSE Loss     : 1.00004840	 | 	Train MAPE Loss     : 0.58478463
Valid MSE Loss     : 0.00003051	 | 	Valid MAPE Loss     : 0.30519608
lr                 : [3.0000000000000004e-09]


Epoch : 133
Train MSE Loss     : 1.00004709	 | 	Train MAPE Loss     : 0.58544075
Valid MSE Loss     : 0.00003053	 | 	Valid MAPE Loss     : 0.30553603
lr                 : [3.0000000000000004e-09]


Epoch : 134
Train MSE Loss     : 1.00004160	 | 	Train MAPE Loss     : 0.54015321
Valid MSE Loss     : 0.00003320	 | 	Valid MAPE Loss     : 0.33982545
lr                 : [3.0000000000000004e-09]


Epoch : 135
Train MSE Loss     : 1.00004971	 | 	Train MAPE Loss     : 0.58415127
Valid MSE Loss     : 0.00002797	 | 	Valid MAPE Loss     : 0.19169734
lr                 : [3.0000000000000004e-09]


Epoch : 136
Train MSE Loss     : 1.00004518	 | 	Train MAPE Loss     : 0.53852016
Valid MSE Loss     : 0.00003305	 | 	Valid MAPE Loss     : 0.34327129
lr                 : [3.0000000000000004e-09]


Epoch : 137
Train MSE Loss     : 1.00005221	 | 	Train MAPE Loss     : 0.60846889
Valid MSE Loss     : 0.00002826	 | 	Valid MAPE Loss     : 0.25203192
lr                 : [3.0000000000000004e-09]


Epoch : 138
Train MSE Loss     : 1.00003850	 | 	Train MAPE Loss     : 0.50287014
Valid MSE Loss     : 0.00002726	 | 	Valid MAPE Loss     : 0.19192487
lr                 : [3.0000000000000004e-09]


Epoch : 139
Train MSE Loss     : 1.00005054	 | 	Train MAPE Loss     : 0.60172659
Valid MSE Loss     : 0.00002700	 | 	Valid MAPE Loss     : 0.20102310
lr                 : [3.0000000000000004e-09]


Epoch : 140
Train MSE Loss     : 1.00004160	 | 	Train MAPE Loss     : 0.53986073
Valid MSE Loss     : 0.00004539	 | 	Valid MAPE Loss     : 0.53984332
lr                 : [3.0000000000000004e-09]


Epoch : 141
Train MSE Loss     : 1.00005364	 | 	Train MAPE Loss     : 0.64081454
Valid MSE Loss     : 0.00002960	 | 	Valid MAPE Loss     : 0.28156254
lr                 : [3.0000000000000004e-09]


Epoch : 142
Train MSE Loss     : 1.00003862	 | 	Train MAPE Loss     : 0.50757730
Valid MSE Loss     : 0.00002824	 | 	Valid MAPE Loss     : 0.25070712
lr                 : [3.0000000000000004e-09]


Epoch : 143
Train MSE Loss     : 1.00004971	 | 	Train MAPE Loss     : 0.60752898
Valid MSE Loss     : 0.00003366	 | 	Valid MAPE Loss     : 0.36337221
lr                 : [3.0000000000000004e-09]


Epoch : 144
Train MSE Loss     : 1.00005388	 | 	Train MAPE Loss     : 0.64692873
Valid MSE Loss     : 0.00003365	 | 	Valid MAPE Loss     : 0.36493382
lr                 : [3.0000000000000004e-09]


Epoch : 145
Train MSE Loss     : 1.00004637	 | 	Train MAPE Loss     : 0.57102823
Valid MSE Loss     : 0.00002765	 | 	Valid MAPE Loss     : 0.22987080
lr                 : [3.0000000000000004e-09]


Epoch : 146
Train MSE Loss     : 1.00004947	 | 	Train MAPE Loss     : 0.60077542
Valid MSE Loss     : 0.00002770	 | 	Valid MAPE Loss     : 0.18632869
lr                 : [3.0000000000000004e-09]


Epoch : 147
Train MSE Loss     : 1.00004745	 | 	Train MAPE Loss     : 0.58881229
Valid MSE Loss     : 0.00002930	 | 	Valid MAPE Loss     : 0.26149648
lr                 : [3.0000000000000004e-09]


Epoch : 148
Train MSE Loss     : 1.00004089	 | 	Train MAPE Loss     : 0.53194624
Valid MSE Loss     : 0.00002839	 | 	Valid MAPE Loss     : 0.25113606
lr                 : [3.0000000000000004e-09]


Epoch : 149
Train MSE Loss     : 1.00004637	 | 	Train MAPE Loss     : 0.57453936
Valid MSE Loss     : 0.00003935	 | 	Valid MAPE Loss     : 0.41244966
lr                 : [3.0000000000000004e-09]


Epoch : 150
Train MSE Loss     : 1.00004673	 | 	Train MAPE Loss     : 0.58140063
Valid MSE Loss     : 0.00002694	 | 	Valid MAPE Loss     : 0.22462240
lr                 : [3.0000000000000004e-09]


Evaluate on the Test set:
Test MAPE loss      :0.19210553	 | Test MSE loss      : 0.00000699

################## Training is Done! #########################
Training time is : 4:55:34.540933
