=============================================
Dataset: cell_XJTU_batch2_prepocess_data
Mode:    supervised_with_contrast
=============================================
Training started ....

Epoch : 1
Train MSE Loss     : 1.07979906	 | 	Train MAPE Loss     : 27.38855934
Valid MSE Loss     : 0.08907709	 | 	Valid MAPE Loss     : 33.08732224
lr                 : [0.0003]


Epoch : 2
Train MSE Loss     : 1.01673889	 | 	Train MAPE Loss     : 11.00917721
Valid MSE Loss     : 0.00047476	 | 	Valid MAPE Loss     : 1.98762572
lr                 : [0.0003]


Epoch : 3
Train MSE Loss     : 1.00633490	 | 	Train MAPE Loss     : 6.72625494
Valid MSE Loss     : 0.00021774	 | 	Valid MAPE Loss     : 1.24363196
lr                 : [0.0003]


Epoch : 4
Train MSE Loss     : 1.00113678	 | 	Train MAPE Loss     : 3.07598805
Valid MSE Loss     : 0.00598919	 | 	Valid MAPE Loss     : 8.49770832
lr                 : [0.0003]


Epoch : 5
Train MSE Loss     : 1.00161934	 | 	Train MAPE Loss     : 3.64720035
Valid MSE Loss     : 0.00185377	 | 	Valid MAPE Loss     : 4.61998796
lr                 : [0.0003]


Epoch : 6
Train MSE Loss     : 1.00557542	 | 	Train MAPE Loss     : 7.36779308
Valid MSE Loss     : 0.00024773	 | 	Valid MAPE Loss     : 1.35085666
lr                 : [0.0003]


Epoch : 7
Train MSE Loss     : 1.00185525	 | 	Train MAPE Loss     : 3.84992409
Valid MSE Loss     : 0.00155228	 | 	Valid MAPE Loss     : 4.19139910
lr                 : [0.0003]


Epoch : 8
Train MSE Loss     : 1.00240123	 | 	Train MAPE Loss     : 4.43693113
Valid MSE Loss     : 0.00016117	 | 	Valid MAPE Loss     : 1.08202612
lr                 : [0.0003]


Epoch : 9
Train MSE Loss     : 1.00017548	 | 	Train MAPE Loss     : 1.14781070
Valid MSE Loss     : 0.00018915	 | 	Valid MAPE Loss     : 1.26011074
lr                 : [0.0003]


Epoch : 10
Train MSE Loss     : 1.00025249	 | 	Train MAPE Loss     : 1.39499795
Valid MSE Loss     : 0.00214781	 | 	Valid MAPE Loss     : 4.99287224
lr                 : [0.0003]


Epoch : 11
Train MSE Loss     : 1.00124574	 | 	Train MAPE Loss     : 3.33872533
Valid MSE Loss     : 0.00079750	 | 	Valid MAPE Loss     : 2.92445254
lr                 : [0.0003]


Epoch : 12
Train MSE Loss     : 1.00073981	 | 	Train MAPE Loss     : 2.57852697
Valid MSE Loss     : 0.00018277	 | 	Valid MAPE Loss     : 1.08228004
lr                 : [0.0003]


Epoch : 13
Train MSE Loss     : 1.00069106	 | 	Train MAPE Loss     : 2.43064976
Valid MSE Loss     : 0.00073572	 | 	Valid MAPE Loss     : 2.70222855
lr                 : [0.0003]


Epoch : 14
Train MSE Loss     : 1.00045550	 | 	Train MAPE Loss     : 1.95252669
Valid MSE Loss     : 0.00033535	 | 	Valid MAPE Loss     : 1.61526000
lr                 : [0.0003]


Epoch : 15
Train MSE Loss     : 1.00097787	 | 	Train MAPE Loss     : 3.02864861
Valid MSE Loss     : 0.00081445	 | 	Valid MAPE Loss     : 2.85896564
lr                 : [0.0003]


Epoch : 16
Train MSE Loss     : 1.00091183	 | 	Train MAPE Loss     : 2.72546625
Valid MSE Loss     : 0.00015323	 | 	Valid MAPE Loss     : 0.99057174
lr                 : [0.0003]


Epoch : 17
Train MSE Loss     : 1.00023162	 | 	Train MAPE Loss     : 1.34675479
Valid MSE Loss     : 0.00013216	 | 	Valid MAPE Loss     : 0.95466214
lr                 : [0.0003]


Epoch : 18
Train MSE Loss     : 1.00019622	 | 	Train MAPE Loss     : 1.24527276
Valid MSE Loss     : 0.00012933	 | 	Valid MAPE Loss     : 0.92046976
lr                 : [0.0003]


Epoch : 19
Train MSE Loss     : 1.00029671	 | 	Train MAPE Loss     : 1.51899672
Valid MSE Loss     : 0.00029887	 | 	Valid MAPE Loss     : 1.65620041
lr                 : [0.0003]


Epoch : 20
Train MSE Loss     : 1.00022924	 | 	Train MAPE Loss     : 1.33750653
Valid MSE Loss     : 0.00033346	 | 	Valid MAPE Loss     : 1.77238560
lr                 : [0.0003]


Epoch : 21
Train MSE Loss     : 1.00029600	 | 	Train MAPE Loss     : 1.57306266
Valid MSE Loss     : 0.00025816	 | 	Valid MAPE Loss     : 1.36461818
lr                 : [0.0003]


Epoch : 22
Train MSE Loss     : 1.00020111	 | 	Train MAPE Loss     : 1.25807011
Valid MSE Loss     : 0.00056264	 | 	Valid MAPE Loss     : 2.40176463
lr                 : [0.0003]


Epoch : 23
Train MSE Loss     : 1.00073838	 | 	Train MAPE Loss     : 2.49463844
Valid MSE Loss     : 0.00025251	 | 	Valid MAPE Loss     : 1.42981291
lr                 : [0.0003]


Epoch : 24
Train MSE Loss     : 1.00033617	 | 	Train MAPE Loss     : 1.64545095
Valid MSE Loss     : 0.00062283	 | 	Valid MAPE Loss     : 2.55010414
lr                 : [0.0003]


Epoch : 25
Train MSE Loss     : 1.00022674	 | 	Train MAPE Loss     : 1.35227323
Valid MSE Loss     : 0.00011570	 | 	Valid MAPE Loss     : 0.94966841
lr                 : [0.0003]


Epoch : 26
Train MSE Loss     : 1.00018096	 | 	Train MAPE Loss     : 1.17966318
Valid MSE Loss     : 0.00010584	 | 	Valid MAPE Loss     : 0.88223284
lr                 : [0.0003]


Epoch : 27
Train MSE Loss     : 1.00011849	 | 	Train MAPE Loss     : 0.91610992
Valid MSE Loss     : 0.00013583	 | 	Valid MAPE Loss     : 1.09558678
lr                 : [0.0003]


Epoch : 28
Train MSE Loss     : 1.00017631	 | 	Train MAPE Loss     : 1.16779602
Valid MSE Loss     : 0.00048554	 | 	Valid MAPE Loss     : 2.24112248
lr                 : [0.0003]


Epoch : 29
Train MSE Loss     : 1.00026798	 | 	Train MAPE Loss     : 1.48976564
Valid MSE Loss     : 0.00011093	 | 	Valid MAPE Loss     : 0.87642717
lr                 : [0.0003]


Epoch : 30
Train MSE Loss     : 1.00017834	 | 	Train MAPE Loss     : 1.18706179
Valid MSE Loss     : 0.00011632	 | 	Valid MAPE Loss     : 0.96143913
lr                 : [0.0003]


Epoch : 31
Train MSE Loss     : 1.00015604	 | 	Train MAPE Loss     : 1.07395113
Valid MSE Loss     : 0.00009357	 | 	Valid MAPE Loss     : 0.86973399
lr                 : [0.0003]


Epoch : 32
Train MSE Loss     : 1.00024080	 | 	Train MAPE Loss     : 1.38135839
Valid MSE Loss     : 0.00010266	 | 	Valid MAPE Loss     : 0.83106798
lr                 : [0.0003]


Epoch : 33
Train MSE Loss     : 1.00027180	 | 	Train MAPE Loss     : 1.50494313
Valid MSE Loss     : 0.00014024	 | 	Valid MAPE Loss     : 0.98796874
lr                 : [0.0003]


Epoch : 34
Train MSE Loss     : 1.00026894	 | 	Train MAPE Loss     : 1.49305713
Valid MSE Loss     : 0.00044122	 | 	Valid MAPE Loss     : 2.13190341
lr                 : [0.0003]


Epoch : 35
Train MSE Loss     : 1.00030410	 | 	Train MAPE Loss     : 1.59689605
Valid MSE Loss     : 0.00013630	 | 	Valid MAPE Loss     : 1.07096708
lr                 : [0.0003]


Epoch : 36
Train MSE Loss     : 1.00016332	 | 	Train MAPE Loss     : 1.11626935
Valid MSE Loss     : 0.00011331	 | 	Valid MAPE Loss     : 0.97039551
lr                 : [0.0003]


Epoch : 37
Train MSE Loss     : 1.00015521	 | 	Train MAPE Loss     : 1.08749723
Valid MSE Loss     : 0.00013588	 | 	Valid MAPE Loss     : 1.00581586
lr                 : [0.0003]


Epoch : 38
Train MSE Loss     : 1.00014520	 | 	Train MAPE Loss     : 1.06131947
Valid MSE Loss     : 0.00012072	 | 	Valid MAPE Loss     : 0.94539434
lr                 : [0.0003]


Epoch : 39
Train MSE Loss     : 1.00017023	 | 	Train MAPE Loss     : 1.15178645
Valid MSE Loss     : 0.00052326	 | 	Valid MAPE Loss     : 2.31628895
lr                 : [0.0003]


Epoch : 40
Train MSE Loss     : 1.00079429	 | 	Train MAPE Loss     : 2.62196350
Valid MSE Loss     : 0.00124408	 | 	Valid MAPE Loss     : 3.75774550
lr                 : [0.0003]


Epoch : 41
Train MSE Loss     : 1.00082552	 | 	Train MAPE Loss     : 2.71616697
Valid MSE Loss     : 0.00016410	 | 	Valid MAPE Loss     : 1.16015232
lr                 : [0.0003]


Epoch : 42
Train MSE Loss     : 1.00015020	 | 	Train MAPE Loss     : 1.07271743
Valid MSE Loss     : 0.00047849	 | 	Valid MAPE Loss     : 2.20418525
lr                 : [0.0003]


Epoch : 43
Train MSE Loss     : 1.00026107	 | 	Train MAPE Loss     : 1.48278451
Valid MSE Loss     : 0.00009131	 | 	Valid MAPE Loss     : 0.83160740
lr                 : [2.9999999999999997e-05]


Epoch : 44
Train MSE Loss     : 1.00009704	 | 	Train MAPE Loss     : 0.82926357
Valid MSE Loss     : 0.00009005	 | 	Valid MAPE Loss     : 0.85198212
lr                 : [2.9999999999999997e-05]


Epoch : 45
Train MSE Loss     : 1.00009215	 | 	Train MAPE Loss     : 0.80759305
Valid MSE Loss     : 0.00009657	 | 	Valid MAPE Loss     : 0.88633370
lr                 : [2.9999999999999997e-05]


Epoch : 46
Train MSE Loss     : 1.00008929	 | 	Train MAPE Loss     : 0.79113483
Valid MSE Loss     : 0.00008898	 | 	Valid MAPE Loss     : 0.84996778
lr                 : [2.9999999999999997e-05]


Epoch : 47
Train MSE Loss     : 1.00008655	 | 	Train MAPE Loss     : 0.77875870
Valid MSE Loss     : 0.00011925	 | 	Valid MAPE Loss     : 0.99633390
lr                 : [2.9999999999999997e-05]


Epoch : 48
Train MSE Loss     : 1.00008714	 | 	Train MAPE Loss     : 0.78124291
Valid MSE Loss     : 0.00008767	 | 	Valid MAPE Loss     : 0.84910184
lr                 : [2.9999999999999997e-05]


Epoch : 49
Train MSE Loss     : 1.00008333	 | 	Train MAPE Loss     : 0.75744551
Valid MSE Loss     : 0.00009256	 | 	Valid MAPE Loss     : 0.87250680
lr                 : [2.9999999999999997e-05]


Epoch : 50
Train MSE Loss     : 1.00008142	 | 	Train MAPE Loss     : 0.74473912
Valid MSE Loss     : 0.00008246	 | 	Valid MAPE Loss     : 0.81903601
lr                 : [2.9999999999999997e-05]


Epoch : 51
Train MSE Loss     : 1.00007987	 | 	Train MAPE Loss     : 0.73758030
Valid MSE Loss     : 0.00007083	 | 	Valid MAPE Loss     : 0.75184107
lr                 : [2.9999999999999997e-05]


Epoch : 52
Train MSE Loss     : 1.00008488	 | 	Train MAPE Loss     : 0.77041227
Valid MSE Loss     : 0.00010021	 | 	Valid MAPE Loss     : 0.89380282
lr                 : [2.9999999999999997e-05]


Epoch : 53
Train MSE Loss     : 1.00008118	 | 	Train MAPE Loss     : 0.75441861
Valid MSE Loss     : 0.00006225	 | 	Valid MAPE Loss     : 0.70180583
lr                 : [2.9999999999999997e-05]


Epoch : 54
Train MSE Loss     : 1.00007856	 | 	Train MAPE Loss     : 0.73265994
Valid MSE Loss     : 0.00006287	 | 	Valid MAPE Loss     : 0.69866782
lr                 : [2.9999999999999997e-05]


Epoch : 55
Train MSE Loss     : 1.00007451	 | 	Train MAPE Loss     : 0.70771635
Valid MSE Loss     : 0.00006202	 | 	Valid MAPE Loss     : 0.69859594
lr                 : [2.9999999999999997e-05]


Epoch : 56
Train MSE Loss     : 1.00007427	 | 	Train MAPE Loss     : 0.71006513
Valid MSE Loss     : 0.00006139	 | 	Valid MAPE Loss     : 0.68222809
lr                 : [2.9999999999999997e-05]


Epoch : 57
Train MSE Loss     : 1.00007415	 | 	Train MAPE Loss     : 0.70765376
Valid MSE Loss     : 0.00006094	 | 	Valid MAPE Loss     : 0.68403226
lr                 : [2.9999999999999997e-05]


Epoch : 58
Train MSE Loss     : 1.00007033	 | 	Train MAPE Loss     : 0.68749440
Valid MSE Loss     : 0.00006798	 | 	Valid MAPE Loss     : 0.71461535
lr                 : [2.9999999999999997e-05]


Epoch : 59
Train MSE Loss     : 1.00006795	 | 	Train MAPE Loss     : 0.67610657
Valid MSE Loss     : 0.00005935	 | 	Valid MAPE Loss     : 0.66969424
lr                 : [2.9999999999999997e-05]


Epoch : 60
Train MSE Loss     : 1.00007033	 | 	Train MAPE Loss     : 0.69339621
Valid MSE Loss     : 0.00005087	 | 	Valid MAPE Loss     : 0.62508738
lr                 : [2.9999999999999997e-05]


Epoch : 61
Train MSE Loss     : 1.00006580	 | 	Train MAPE Loss     : 0.66763431
Valid MSE Loss     : 0.00006619	 | 	Valid MAPE Loss     : 0.70883304
lr                 : [2.9999999999999997e-05]


Epoch : 62
Train MSE Loss     : 1.00006664	 | 	Train MAPE Loss     : 0.67173851
Valid MSE Loss     : 0.00004709	 | 	Valid MAPE Loss     : 0.60090369
lr                 : [2.9999999999999997e-05]


Epoch : 63
Train MSE Loss     : 1.00006402	 | 	Train MAPE Loss     : 0.65780461
Valid MSE Loss     : 0.00004574	 | 	Valid MAPE Loss     : 0.59541494
lr                 : [2.9999999999999997e-05]


Epoch : 64
Train MSE Loss     : 1.00006318	 | 	Train MAPE Loss     : 0.65097970
Valid MSE Loss     : 0.00004619	 | 	Valid MAPE Loss     : 0.58660394
lr                 : [2.9999999999999997e-05]


Epoch : 65
Train MSE Loss     : 1.00006127	 | 	Train MAPE Loss     : 0.64127314
Valid MSE Loss     : 0.00004256	 | 	Valid MAPE Loss     : 0.56990820
lr                 : [2.9999999999999997e-05]


Epoch : 66
Train MSE Loss     : 1.00005901	 | 	Train MAPE Loss     : 0.62468463
Valid MSE Loss     : 0.00004469	 | 	Valid MAPE Loss     : 0.56999993
lr                 : [2.9999999999999997e-05]


Epoch : 67
Train MSE Loss     : 1.00005805	 | 	Train MAPE Loss     : 0.61974275
Valid MSE Loss     : 0.00004188	 | 	Valid MAPE Loss     : 0.56986731
lr                 : [2.9999999999999997e-05]


Epoch : 68
Train MSE Loss     : 1.00006270	 | 	Train MAPE Loss     : 0.65635425
Valid MSE Loss     : 0.00006512	 | 	Valid MAPE Loss     : 0.69889885
lr                 : [2.9999999999999997e-05]


Epoch : 69
Train MSE Loss     : 1.00005758	 | 	Train MAPE Loss     : 0.61803818
Valid MSE Loss     : 0.00004243	 | 	Valid MAPE Loss     : 0.54758674
lr                 : [2.9999999999999997e-05]


Epoch : 70
Train MSE Loss     : 1.00005472	 | 	Train MAPE Loss     : 0.60137516
Valid MSE Loss     : 0.00006531	 | 	Valid MAPE Loss     : 0.70190263
lr                 : [2.9999999999999997e-05]


Epoch : 71
Train MSE Loss     : 1.00005746	 | 	Train MAPE Loss     : 0.62664449
Valid MSE Loss     : 0.00003490	 | 	Valid MAPE Loss     : 0.51357377
lr                 : [2.9999999999999997e-05]


Epoch : 72
Train MSE Loss     : 1.00005567	 | 	Train MAPE Loss     : 0.60758024
Valid MSE Loss     : 0.00004235	 | 	Valid MAPE Loss     : 0.53875470
lr                 : [2.9999999999999997e-05]


Epoch : 73
Train MSE Loss     : 1.00005126	 | 	Train MAPE Loss     : 0.58184612
Valid MSE Loss     : 0.00003349	 | 	Valid MAPE Loss     : 0.49801186
lr                 : [2.9999999999999997e-05]


Epoch : 74
Train MSE Loss     : 1.00005460	 | 	Train MAPE Loss     : 0.61252987
Valid MSE Loss     : 0.00006267	 | 	Valid MAPE Loss     : 0.69351935
lr                 : [2.9999999999999997e-05]


Epoch : 75
Train MSE Loss     : 1.00005114	 | 	Train MAPE Loss     : 0.58929026
Valid MSE Loss     : 0.00004025	 | 	Valid MAPE Loss     : 0.51813060
lr                 : [2.9999999999999997e-05]


Epoch : 76
Train MSE Loss     : 1.00004935	 | 	Train MAPE Loss     : 0.57202035
Valid MSE Loss     : 0.00003103	 | 	Valid MAPE Loss     : 0.47311568
lr                 : [2.9999999999999997e-05]


Epoch : 77
Train MSE Loss     : 1.00005960	 | 	Train MAPE Loss     : 0.65183437
Valid MSE Loss     : 0.00004722	 | 	Valid MAPE Loss     : 0.57854319
lr                 : [2.9999999999999997e-05]


Epoch : 78
Train MSE Loss     : 1.00005412	 | 	Train MAPE Loss     : 0.61968124
Valid MSE Loss     : 0.00003165	 | 	Valid MAPE Loss     : 0.46714702
lr                 : [2.9999999999999997e-05]


Epoch : 79
Train MSE Loss     : 1.00004888	 | 	Train MAPE Loss     : 0.57275492
Valid MSE Loss     : 0.00002923	 | 	Valid MAPE Loss     : 0.45865205
lr                 : [2.9999999999999997e-05]


Epoch : 80
Train MSE Loss     : 1.00004852	 | 	Train MAPE Loss     : 0.57202119
Valid MSE Loss     : 0.00004387	 | 	Valid MAPE Loss     : 0.54787260
lr                 : [2.9999999999999997e-05]


Epoch : 81
Train MSE Loss     : 1.00004959	 | 	Train MAPE Loss     : 0.58235949
Valid MSE Loss     : 0.00003538	 | 	Valid MAPE Loss     : 0.52543837
lr                 : [2.9999999999999997e-05]


Epoch : 82
Train MSE Loss     : 1.00005269	 | 	Train MAPE Loss     : 0.60521066
Valid MSE Loss     : 0.00003407	 | 	Valid MAPE Loss     : 0.47234237
lr                 : [2.9999999999999997e-05]


Epoch : 83
Train MSE Loss     : 1.00005221	 | 	Train MAPE Loss     : 0.60965216
Valid MSE Loss     : 0.00004170	 | 	Valid MAPE Loss     : 0.53188735
lr                 : [2.9999999999999997e-05]


Epoch : 84
Train MSE Loss     : 1.00004482	 | 	Train MAPE Loss     : 0.54782236
Valid MSE Loss     : 0.00002919	 | 	Valid MAPE Loss     : 0.44397998
lr                 : [2.9999999999999997e-05]


Epoch : 85
Train MSE Loss     : 1.00004506	 | 	Train MAPE Loss     : 0.54470813
Valid MSE Loss     : 0.00004239	 | 	Valid MAPE Loss     : 0.53737205
lr                 : [2.9999999999999997e-05]


Epoch : 86
Train MSE Loss     : 1.00004280	 | 	Train MAPE Loss     : 0.53470004
Valid MSE Loss     : 0.00002767	 | 	Valid MAPE Loss     : 0.46671596
lr                 : [2.9999999999999997e-05]


Epoch : 87
Train MSE Loss     : 1.00004160	 | 	Train MAPE Loss     : 0.52317673
Valid MSE Loss     : 0.00002543	 | 	Valid MAPE Loss     : 0.43220130
lr                 : [2.9999999999999997e-05]


Epoch : 88
Train MSE Loss     : 1.00004172	 | 	Train MAPE Loss     : 0.52768898
Valid MSE Loss     : 0.00003118	 | 	Valid MAPE Loss     : 0.44559288
lr                 : [2.9999999999999997e-05]


Epoch : 89
Train MSE Loss     : 1.00004840	 | 	Train MAPE Loss     : 0.58252823
Valid MSE Loss     : 0.00003363	 | 	Valid MAPE Loss     : 0.51532000
lr                 : [2.9999999999999997e-05]


Epoch : 90
Train MSE Loss     : 1.00004137	 | 	Train MAPE Loss     : 0.52584916
Valid MSE Loss     : 0.00002257	 | 	Valid MAPE Loss     : 0.40224966
lr                 : [2.9999999999999997e-05]


Epoch : 91
Train MSE Loss     : 1.00003946	 | 	Train MAPE Loss     : 0.51555496
Valid MSE Loss     : 0.00002703	 | 	Valid MAPE Loss     : 0.41649866
lr                 : [2.9999999999999997e-05]


Epoch : 92
Train MSE Loss     : 1.00004411	 | 	Train MAPE Loss     : 0.56198066
Valid MSE Loss     : 0.00002117	 | 	Valid MAPE Loss     : 0.38716629
lr                 : [2.9999999999999997e-05]


Epoch : 93
Train MSE Loss     : 1.00003791	 | 	Train MAPE Loss     : 0.50074279
Valid MSE Loss     : 0.00002266	 | 	Valid MAPE Loss     : 0.37997702
lr                 : [2.9999999999999997e-05]


Epoch : 94
Train MSE Loss     : 1.00004005	 | 	Train MAPE Loss     : 0.52621424
Valid MSE Loss     : 0.00003119	 | 	Valid MAPE Loss     : 0.45535454
lr                 : [2.9999999999999997e-05]


Epoch : 95
Train MSE Loss     : 1.00003827	 | 	Train MAPE Loss     : 0.50937831
Valid MSE Loss     : 0.00001986	 | 	Valid MAPE Loss     : 0.36273268
lr                 : [2.9999999999999997e-05]


Epoch : 96
Train MSE Loss     : 1.00003600	 | 	Train MAPE Loss     : 0.48871213
Valid MSE Loss     : 0.00002012	 | 	Valid MAPE Loss     : 0.37356916
lr                 : [2.9999999999999997e-05]


Epoch : 97
Train MSE Loss     : 1.00003898	 | 	Train MAPE Loss     : 0.52172822
Valid MSE Loss     : 0.00003879	 | 	Valid MAPE Loss     : 0.58842033
lr                 : [2.9999999999999997e-05]


Epoch : 98
Train MSE Loss     : 1.00004232	 | 	Train MAPE Loss     : 0.55367559
Valid MSE Loss     : 0.00002238	 | 	Valid MAPE Loss     : 0.37386951
lr                 : [2.9999999999999997e-05]


Epoch : 99
Train MSE Loss     : 1.00003695	 | 	Train MAPE Loss     : 0.50324464
Valid MSE Loss     : 0.00002476	 | 	Valid MAPE Loss     : 0.39493594
lr                 : [2.9999999999999997e-05]


Epoch : 100
Train MSE Loss     : 1.00003767	 | 	Train MAPE Loss     : 0.52077520
Valid MSE Loss     : 0.00002156	 | 	Valid MAPE Loss     : 0.40877029
lr                 : [2.9999999999999997e-05]


Epoch : 101
Train MSE Loss     : 1.00003219	 | 	Train MAPE Loss     : 0.46004415
Valid MSE Loss     : 0.00001783	 | 	Valid MAPE Loss     : 0.34983847
lr                 : [2.9999999999999997e-05]


Epoch : 102
Train MSE Loss     : 1.00003588	 | 	Train MAPE Loss     : 0.49633974
Valid MSE Loss     : 0.00001892	 | 	Valid MAPE Loss     : 0.37385121
lr                 : [2.9999999999999997e-05]


Epoch : 103
Train MSE Loss     : 1.00003839	 | 	Train MAPE Loss     : 0.52596962
Valid MSE Loss     : 0.00002953	 | 	Valid MAPE Loss     : 0.49944720
lr                 : [2.9999999999999997e-05]


Epoch : 104
Train MSE Loss     : 1.00003397	 | 	Train MAPE Loss     : 0.47840047
Valid MSE Loss     : 0.00002185	 | 	Valid MAPE Loss     : 0.41178441
lr                 : [2.9999999999999997e-05]


Epoch : 105
Train MSE Loss     : 1.00003076	 | 	Train MAPE Loss     : 0.45488510
Valid MSE Loss     : 0.00001676	 | 	Valid MAPE Loss     : 0.32719252
lr                 : [2.9999999999999997e-05]


Epoch : 106
Train MSE Loss     : 1.00003028	 | 	Train MAPE Loss     : 0.44568795
Valid MSE Loss     : 0.00001623	 | 	Valid MAPE Loss     : 0.32312587
lr                 : [2.9999999999999997e-05]


Epoch : 107
Train MSE Loss     : 1.00003028	 | 	Train MAPE Loss     : 0.45388335
Valid MSE Loss     : 0.00001618	 | 	Valid MAPE Loss     : 0.32748985
lr                 : [2.9999999999999997e-05]


Epoch : 108
Train MSE Loss     : 1.00003743	 | 	Train MAPE Loss     : 0.52298373
Valid MSE Loss     : 0.00001605	 | 	Valid MAPE Loss     : 0.31404153
lr                 : [2.9999999999999997e-05]


Epoch : 109
Train MSE Loss     : 1.00004959	 | 	Train MAPE Loss     : 0.62378597
Valid MSE Loss     : 0.00004612	 | 	Valid MAPE Loss     : 0.67707282
lr                 : [2.9999999999999997e-05]


Epoch : 110
Train MSE Loss     : 1.00003648	 | 	Train MAPE Loss     : 0.51184827
Valid MSE Loss     : 0.00001607	 | 	Valid MAPE Loss     : 0.31721729
lr                 : [2.9999999999999997e-05]


Epoch : 111
Train MSE Loss     : 1.00003242	 | 	Train MAPE Loss     : 0.47524127
Valid MSE Loss     : 0.00002482	 | 	Valid MAPE Loss     : 0.40412435
lr                 : [2.9999999999999997e-05]


Epoch : 112
Train MSE Loss     : 1.00002980	 | 	Train MAPE Loss     : 0.45411333
Valid MSE Loss     : 0.00001835	 | 	Valid MAPE Loss     : 0.33112177
lr                 : [2.9999999999999997e-05]


Epoch : 113
Train MSE Loss     : 1.00002766	 | 	Train MAPE Loss     : 0.42954636
Valid MSE Loss     : 0.00001760	 | 	Valid MAPE Loss     : 0.35701558
lr                 : [2.9999999999999997e-05]


Epoch : 114
Train MSE Loss     : 1.00002789	 | 	Train MAPE Loss     : 0.43559280
Valid MSE Loss     : 0.00001522	 | 	Valid MAPE Loss     : 0.30795640
lr                 : [2.9999999999999997e-05]


Epoch : 115
Train MSE Loss     : 1.00002670	 | 	Train MAPE Loss     : 0.42215118
Valid MSE Loss     : 0.00001601	 | 	Valid MAPE Loss     : 0.33181080
lr                 : [2.9999999999999997e-05]


Epoch : 116
Train MSE Loss     : 1.00003195	 | 	Train MAPE Loss     : 0.47348505
Valid MSE Loss     : 0.00003152	 | 	Valid MAPE Loss     : 0.48533988
lr                 : [2.9999999999999997e-05]


Epoch : 117
Train MSE Loss     : 1.00003207	 | 	Train MAPE Loss     : 0.48803145
Valid MSE Loss     : 0.00001659	 | 	Valid MAPE Loss     : 0.32178140
lr                 : [2.9999999999999997e-05]


Epoch : 118
Train MSE Loss     : 1.00002754	 | 	Train MAPE Loss     : 0.43675691
Valid MSE Loss     : 0.00001473	 | 	Valid MAPE Loss     : 0.30949643
lr                 : [2.9999999999999997e-05]


Epoch : 119
Train MSE Loss     : 1.00002444	 | 	Train MAPE Loss     : 0.40233892
Valid MSE Loss     : 0.00001443	 | 	Valid MAPE Loss     : 0.29823437
lr                 : [2.9999999999999997e-05]


Epoch : 120
Train MSE Loss     : 1.00002706	 | 	Train MAPE Loss     : 0.43676311
Valid MSE Loss     : 0.00002263	 | 	Valid MAPE Loss     : 0.43758503
lr                 : [2.9999999999999997e-05]


Epoch : 121
Train MSE Loss     : 1.00002897	 | 	Train MAPE Loss     : 0.45059457
Valid MSE Loss     : 0.00001570	 | 	Valid MAPE Loss     : 0.30720887
lr                 : [2.9999999999999997e-05]


Epoch : 122
Train MSE Loss     : 1.00002646	 | 	Train MAPE Loss     : 0.43105188
Valid MSE Loss     : 0.00001828	 | 	Valid MAPE Loss     : 0.37968788
lr                 : [2.9999999999999997e-05]


Epoch : 123
Train MSE Loss     : 1.00002420	 | 	Train MAPE Loss     : 0.40015659
Valid MSE Loss     : 0.00001389	 | 	Valid MAPE Loss     : 0.29572108
lr                 : [2.9999999999999997e-05]


Epoch : 124
Train MSE Loss     : 1.00002718	 | 	Train MAPE Loss     : 0.44140387
Valid MSE Loss     : 0.00001372	 | 	Valid MAPE Loss     : 0.29006746
lr                 : [2.9999999999999997e-05]


Epoch : 125
Train MSE Loss     : 1.00002718	 | 	Train MAPE Loss     : 0.43733406
Valid MSE Loss     : 0.00002119	 | 	Valid MAPE Loss     : 0.37396041
lr                 : [2.9999999999999997e-05]


Epoch : 126
Train MSE Loss     : 1.00002599	 | 	Train MAPE Loss     : 0.43073940
Valid MSE Loss     : 0.00001474	 | 	Valid MAPE Loss     : 0.32638741
lr                 : [2.9999999999999997e-05]


Epoch : 127
Train MSE Loss     : 1.00002289	 | 	Train MAPE Loss     : 0.39498964
Valid MSE Loss     : 0.00001302	 | 	Valid MAPE Loss     : 0.29618552
lr                 : [2.9999999999999997e-05]


Epoch : 128
Train MSE Loss     : 1.00002325	 | 	Train MAPE Loss     : 0.39944384
Valid MSE Loss     : 0.00001409	 | 	Valid MAPE Loss     : 0.31963381
lr                 : [2.9999999999999997e-05]


Epoch : 129
Train MSE Loss     : 1.00002384	 | 	Train MAPE Loss     : 0.40348944
Valid MSE Loss     : 0.00001287	 | 	Valid MAPE Loss     : 0.28377202
lr                 : [2.9999999999999997e-05]


Epoch : 130
Train MSE Loss     : 1.00002396	 | 	Train MAPE Loss     : 0.40753570
Valid MSE Loss     : 0.00002438	 | 	Valid MAPE Loss     : 0.46614209
lr                 : [2.9999999999999997e-05]


Epoch : 131
Train MSE Loss     : 1.00002909	 | 	Train MAPE Loss     : 0.45994240
Valid MSE Loss     : 0.00001604	 | 	Valid MAPE Loss     : 0.34951511
lr                 : [2.9999999999999997e-05]


Epoch : 132
Train MSE Loss     : 1.00003111	 | 	Train MAPE Loss     : 0.47910219
Valid MSE Loss     : 0.00002695	 | 	Valid MAPE Loss     : 0.49995729
lr                 : [2.9999999999999997e-05]


Epoch : 133
Train MSE Loss     : 1.00002789	 | 	Train MAPE Loss     : 0.45156485
Valid MSE Loss     : 0.00003495	 | 	Valid MAPE Loss     : 0.59090072
lr                 : [2.9999999999999997e-05]


Epoch : 134
Train MSE Loss     : 1.00003374	 | 	Train MAPE Loss     : 0.50647932
Valid MSE Loss     : 0.00002013	 | 	Valid MAPE Loss     : 0.41171733
lr                 : [2.9999999999999997e-05]


Epoch : 135
Train MSE Loss     : 1.00002789	 | 	Train MAPE Loss     : 0.45207897
Valid MSE Loss     : 0.00001488	 | 	Valid MAPE Loss     : 0.32811052
lr                 : [2.9999999999999997e-05]


Epoch : 136
Train MSE Loss     : 1.00002110	 | 	Train MAPE Loss     : 0.37762603
Valid MSE Loss     : 0.00001665	 | 	Valid MAPE Loss     : 0.36290359
lr                 : [2.9999999999999997e-05]


Epoch : 137
Train MSE Loss     : 1.00002086	 | 	Train MAPE Loss     : 0.37780228
Valid MSE Loss     : 0.00001209	 | 	Valid MAPE Loss     : 0.27694365
lr                 : [2.9999999999999997e-05]


Epoch : 138
Train MSE Loss     : 1.00002611	 | 	Train MAPE Loss     : 0.43604928
Valid MSE Loss     : 0.00001895	 | 	Valid MAPE Loss     : 0.35591194
lr                 : [2.9999999999999997e-05]


Epoch : 139
Train MSE Loss     : 1.00002158	 | 	Train MAPE Loss     : 0.38883361
Valid MSE Loss     : 0.00001232	 | 	Valid MAPE Loss     : 0.27525926
lr                 : [2.9999999999999997e-05]


Epoch : 140
Train MSE Loss     : 1.00002348	 | 	Train MAPE Loss     : 0.40796179
Valid MSE Loss     : 0.00003087	 | 	Valid MAPE Loss     : 0.49043855
lr                 : [2.9999999999999997e-05]


Epoch : 141
Train MSE Loss     : 1.00002635	 | 	Train MAPE Loss     : 0.43941927
Valid MSE Loss     : 0.00001927	 | 	Valid MAPE Loss     : 0.40505266
lr                 : [2.9999999999999997e-05]


Epoch : 142
Train MSE Loss     : 1.00002086	 | 	Train MAPE Loss     : 0.38283706
Valid MSE Loss     : 0.00002006	 | 	Valid MAPE Loss     : 0.36753631
lr                 : [2.9999999999999997e-05]


Epoch : 143
Train MSE Loss     : 1.00003219	 | 	Train MAPE Loss     : 0.49466529
Valid MSE Loss     : 0.00001170	 | 	Valid MAPE Loss     : 0.28317487
lr                 : [2.9999999999999997e-05]


Epoch : 144
Train MSE Loss     : 1.00002170	 | 	Train MAPE Loss     : 0.39179665
Valid MSE Loss     : 0.00001371	 | 	Valid MAPE Loss     : 0.32193336
lr                 : [2.9999999999999997e-05]


Epoch : 145
Train MSE Loss     : 1.00001955	 | 	Train MAPE Loss     : 0.36855125
Valid MSE Loss     : 0.00001184	 | 	Valid MAPE Loss     : 0.27004477
lr                 : [2.9999999999999997e-05]


Epoch : 146
Train MSE Loss     : 1.00002551	 | 	Train MAPE Loss     : 0.42915517
Valid MSE Loss     : 0.00001111	 | 	Valid MAPE Loss     : 0.26769552
lr                 : [2.9999999999999997e-05]


Epoch : 147
Train MSE Loss     : 1.00001872	 | 	Train MAPE Loss     : 0.35500482
Valid MSE Loss     : 0.00001159	 | 	Valid MAPE Loss     : 0.27693859
lr                 : [2.9999999999999997e-05]


Epoch : 148
Train MSE Loss     : 1.00002003	 | 	Train MAPE Loss     : 0.37445313
Valid MSE Loss     : 0.00001162	 | 	Valid MAPE Loss     : 0.28127241
lr                 : [2.9999999999999997e-05]


Epoch : 149
Train MSE Loss     : 1.00002289	 | 	Train MAPE Loss     : 0.41008750
Valid MSE Loss     : 0.00002769	 | 	Valid MAPE Loss     : 0.52188504
lr                 : [2.9999999999999997e-05]


Epoch : 150
Train MSE Loss     : 1.00003207	 | 	Train MAPE Loss     : 0.50075066
Valid MSE Loss     : 0.00001166	 | 	Valid MAPE Loss     : 0.28292593
lr                 : [2.9999999999999997e-05]


Evaluate on the Test set:
Test MAPE loss      :0.42913795	 | Test MSE loss      : 0.00002207

################## Training is Done! #########################
Training time is : 0:43:25.032330
