=============================================
Dataset: cell_Tongji_NCA_data
Mode:    fine_tuned
=============================================
Fine tuning started ....

Epoch : 1
Train MSE Loss     : 1.00003183	 | 	Train MAPE Loss     : 0.44993249
Valid MSE Loss     : 0.00004803	 | 	Valid MAPE Loss     : 0.32516396
lr                 : [3e-06]


Epoch : 2
Train MSE Loss     : 1.00002992	 | 	Train MAPE Loss     : 0.42235839
Valid MSE Loss     : 0.00003927	 | 	Valid MAPE Loss     : 0.33809376
lr                 : [3e-06]


Epoch : 3
Train MSE Loss     : 1.00004625	 | 	Train MAPE Loss     : 0.48765486
Valid MSE Loss     : 0.00005094	 | 	Valid MAPE Loss     : 0.31555668
lr                 : [3e-06]


Epoch : 4
Train MSE Loss     : 1.00004125	 | 	Train MAPE Loss     : 0.47150514
Valid MSE Loss     : 0.00005381	 | 	Valid MAPE Loss     : 0.44731420
lr                 : [3e-06]


Epoch : 5
Train MSE Loss     : 1.00003088	 | 	Train MAPE Loss     : 0.44070512
Valid MSE Loss     : 0.00006891	 | 	Valid MAPE Loss     : 0.54850960
lr                 : [3e-06]


Epoch : 6
Train MSE Loss     : 1.00003409	 | 	Train MAPE Loss     : 0.47768238
Valid MSE Loss     : 0.00005297	 | 	Valid MAPE Loss     : 0.38692158
lr                 : [3e-06]


Epoch : 7
Train MSE Loss     : 1.00003624	 | 	Train MAPE Loss     : 0.44377351
Valid MSE Loss     : 0.00006332	 | 	Valid MAPE Loss     : 0.38961285
lr                 : [3e-06]


Epoch : 8
Train MSE Loss     : 1.00003684	 | 	Train MAPE Loss     : 0.40879676
Valid MSE Loss     : 0.00005533	 | 	Valid MAPE Loss     : 0.46554023
lr                 : [3e-06]


Epoch : 9
Train MSE Loss     : 1.00002992	 | 	Train MAPE Loss     : 0.44501749
Valid MSE Loss     : 0.00006445	 | 	Valid MAPE Loss     : 0.31728789
lr                 : [3e-06]


Epoch : 10
Train MSE Loss     : 1.00004292	 | 	Train MAPE Loss     : 0.48554128
Valid MSE Loss     : 0.00004315	 | 	Valid MAPE Loss     : 0.33249509
lr                 : [3e-06]


Epoch : 11
Train MSE Loss     : 1.00002861	 | 	Train MAPE Loss     : 0.41572258
Valid MSE Loss     : 0.00007004	 | 	Valid MAPE Loss     : 0.60803086
lr                 : [3e-06]


Epoch : 12
Train MSE Loss     : 1.00003409	 | 	Train MAPE Loss     : 0.47532204
Valid MSE Loss     : 0.00007237	 | 	Valid MAPE Loss     : 0.46548459
lr                 : [3e-06]


Epoch : 13
Train MSE Loss     : 1.00003052	 | 	Train MAPE Loss     : 0.42615041
Valid MSE Loss     : 0.00003608	 | 	Valid MAPE Loss     : 0.25178134
lr                 : [3e-06]


Epoch : 14
Train MSE Loss     : 1.00003183	 | 	Train MAPE Loss     : 0.40344566
Valid MSE Loss     : 0.00005054	 | 	Valid MAPE Loss     : 0.42171854
lr                 : [3e-06]


Epoch : 15
Train MSE Loss     : 1.00002992	 | 	Train MAPE Loss     : 0.38890114
Valid MSE Loss     : 0.00004405	 | 	Valid MAPE Loss     : 0.38113397
lr                 : [3e-06]


Epoch : 16
Train MSE Loss     : 1.00003135	 | 	Train MAPE Loss     : 0.40817726
Valid MSE Loss     : 0.00004308	 | 	Valid MAPE Loss     : 0.36896685
lr                 : [3e-06]


Epoch : 17
Train MSE Loss     : 1.00003219	 | 	Train MAPE Loss     : 0.41478753
Valid MSE Loss     : 0.00005779	 | 	Valid MAPE Loss     : 0.37981987
lr                 : [3e-06]


Epoch : 18
Train MSE Loss     : 1.00002742	 | 	Train MAPE Loss     : 0.40116414
Valid MSE Loss     : 0.00003944	 | 	Valid MAPE Loss     : 0.34197786
lr                 : [3e-06]


Epoch : 19
Train MSE Loss     : 1.00003016	 | 	Train MAPE Loss     : 0.44574836
Valid MSE Loss     : 0.00007038	 | 	Valid MAPE Loss     : 0.61466724
lr                 : [3e-06]


Epoch : 20
Train MSE Loss     : 1.00002456	 | 	Train MAPE Loss     : 0.37851602
Valid MSE Loss     : 0.00006236	 | 	Valid MAPE Loss     : 0.54343820
lr                 : [3e-06]


Epoch : 21
Train MSE Loss     : 1.00002682	 | 	Train MAPE Loss     : 0.39911914
Valid MSE Loss     : 0.00005308	 | 	Valid MAPE Loss     : 0.41027519
lr                 : [3e-06]


Epoch : 22
Train MSE Loss     : 1.00002575	 | 	Train MAPE Loss     : 0.39019012
Valid MSE Loss     : 0.00004238	 | 	Valid MAPE Loss     : 0.32264614
lr                 : [3e-06]


Epoch : 23
Train MSE Loss     : 1.00003088	 | 	Train MAPE Loss     : 0.41413641
Valid MSE Loss     : 0.00007445	 | 	Valid MAPE Loss     : 0.43634748
lr                 : [3e-06]


Epoch : 24
Train MSE Loss     : 1.00002420	 | 	Train MAPE Loss     : 0.37405217
Valid MSE Loss     : 0.00004582	 | 	Valid MAPE Loss     : 0.36300418
lr                 : [3.0000000000000004e-07]


Epoch : 25
Train MSE Loss     : 1.00001848	 | 	Train MAPE Loss     : 0.32497954
Valid MSE Loss     : 0.00003623	 | 	Valid MAPE Loss     : 0.28856993
lr                 : [3.0000000000000004e-07]


Epoch : 26
Train MSE Loss     : 1.00002348	 | 	Train MAPE Loss     : 0.35391483
Valid MSE Loss     : 0.00004631	 | 	Valid MAPE Loss     : 0.41392770
lr                 : [3.0000000000000004e-07]


Epoch : 27
Train MSE Loss     : 1.00001979	 | 	Train MAPE Loss     : 0.33258310
Valid MSE Loss     : 0.00006071	 | 	Valid MAPE Loss     : 0.35350564
lr                 : [3.0000000000000004e-07]


Epoch : 28
Train MSE Loss     : 1.00001788	 | 	Train MAPE Loss     : 0.32305071
Valid MSE Loss     : 0.00004468	 | 	Valid MAPE Loss     : 0.36187667
lr                 : [3.0000000000000004e-07]


Epoch : 29
Train MSE Loss     : 1.00002408	 | 	Train MAPE Loss     : 0.35360935
Valid MSE Loss     : 0.00004221	 | 	Valid MAPE Loss     : 0.33512095
lr                 : [3.0000000000000004e-07]


Epoch : 30
Train MSE Loss     : 1.00002122	 | 	Train MAPE Loss     : 0.33358392
Valid MSE Loss     : 0.00004642	 | 	Valid MAPE Loss     : 0.32228559
lr                 : [3.0000000000000004e-07]


Epoch : 31
Train MSE Loss     : 1.00001884	 | 	Train MAPE Loss     : 0.32751426
Valid MSE Loss     : 0.00004427	 | 	Valid MAPE Loss     : 0.40535134
lr                 : [3.0000000000000004e-07]


Epoch : 32
Train MSE Loss     : 1.00002098	 | 	Train MAPE Loss     : 0.33227375
Valid MSE Loss     : 0.00003951	 | 	Valid MAPE Loss     : 0.33974504
lr                 : [3.0000000000000004e-07]


Epoch : 33
Train MSE Loss     : 1.00002337	 | 	Train MAPE Loss     : 0.34988591
Valid MSE Loss     : 0.00004491	 | 	Valid MAPE Loss     : 0.39623049
lr                 : [3.0000000000000004e-07]


Epoch : 34
Train MSE Loss     : 1.00001955	 | 	Train MAPE Loss     : 0.33839303
Valid MSE Loss     : 0.00005068	 | 	Valid MAPE Loss     : 0.43189704
lr                 : [3.0000000000000004e-07]


Epoch : 35
Train MSE Loss     : 1.00001788	 | 	Train MAPE Loss     : 0.31522292
Valid MSE Loss     : 0.00003790	 | 	Valid MAPE Loss     : 0.31992164
lr                 : [3.0000000000000004e-08]


Epoch : 36
Train MSE Loss     : 1.00002038	 | 	Train MAPE Loss     : 0.33983397
Valid MSE Loss     : 0.00006865	 | 	Valid MAPE Loss     : 0.46407115
lr                 : [3.0000000000000004e-08]


Epoch : 37
Train MSE Loss     : 1.00001574	 | 	Train MAPE Loss     : 0.29339102
Valid MSE Loss     : 0.00003915	 | 	Valid MAPE Loss     : 0.31160572
lr                 : [3.0000000000000004e-08]


Epoch : 38
Train MSE Loss     : 1.00002241	 | 	Train MAPE Loss     : 0.34317473
Valid MSE Loss     : 0.00003577	 | 	Valid MAPE Loss     : 0.26650473
lr                 : [3.0000000000000004e-08]


Epoch : 39
Train MSE Loss     : 1.00001812	 | 	Train MAPE Loss     : 0.31894520
Valid MSE Loss     : 0.00005018	 | 	Valid MAPE Loss     : 0.42486840
lr                 : [3.0000000000000004e-08]


Epoch : 40
Train MSE Loss     : 1.00001895	 | 	Train MAPE Loss     : 0.32871041
Valid MSE Loss     : 0.00005604	 | 	Valid MAPE Loss     : 0.39507338
lr                 : [3.0000000000000004e-08]


Epoch : 41
Train MSE Loss     : 1.00001800	 | 	Train MAPE Loss     : 0.31939673
Valid MSE Loss     : 0.00003874	 | 	Valid MAPE Loss     : 0.34412101
lr                 : [3.0000000000000004e-08]


Epoch : 42
Train MSE Loss     : 1.00002050	 | 	Train MAPE Loss     : 0.33108708
Valid MSE Loss     : 0.00007004	 | 	Valid MAPE Loss     : 0.60693413
lr                 : [3.0000000000000004e-08]


Epoch : 43
Train MSE Loss     : 1.00001752	 | 	Train MAPE Loss     : 0.31753242
Valid MSE Loss     : 0.00004865	 | 	Valid MAPE Loss     : 0.41241711
lr                 : [3.0000000000000004e-08]


Epoch : 44
Train MSE Loss     : 1.00001717	 | 	Train MAPE Loss     : 0.31125841
Valid MSE Loss     : 0.00003592	 | 	Valid MAPE Loss     : 0.27187634
lr                 : [3.0000000000000004e-08]


Epoch : 45
Train MSE Loss     : 1.00001812	 | 	Train MAPE Loss     : 0.32014248
Valid MSE Loss     : 0.00005392	 | 	Valid MAPE Loss     : 0.48004150
lr                 : [3.0000000000000004e-08]


Epoch : 46
Train MSE Loss     : 1.00001836	 | 	Train MAPE Loss     : 0.32025471
Valid MSE Loss     : 0.00005398	 | 	Valid MAPE Loss     : 0.31610921
lr                 : [3.0000000000000004e-09]


Epoch : 47
Train MSE Loss     : 1.00001717	 | 	Train MAPE Loss     : 0.30734521
Valid MSE Loss     : 0.00005113	 | 	Valid MAPE Loss     : 0.30431741
lr                 : [3.0000000000000004e-09]


Epoch : 48
Train MSE Loss     : 1.00001872	 | 	Train MAPE Loss     : 0.32880545
Valid MSE Loss     : 0.00003672	 | 	Valid MAPE Loss     : 0.28891829
lr                 : [3.0000000000000004e-09]


Epoch : 49
Train MSE Loss     : 1.00001597	 | 	Train MAPE Loss     : 0.30113825
Valid MSE Loss     : 0.00006344	 | 	Valid MAPE Loss     : 0.38245252
lr                 : [3.0000000000000004e-09]


Epoch : 50
Train MSE Loss     : 1.00002015	 | 	Train MAPE Loss     : 0.32217601
Valid MSE Loss     : 0.00004498	 | 	Valid MAPE Loss     : 0.33332556
lr                 : [3.0000000000000004e-09]


Epoch : 51
Train MSE Loss     : 1.00001967	 | 	Train MAPE Loss     : 0.33497205
Valid MSE Loss     : 0.00007092	 | 	Valid MAPE Loss     : 0.51776505
lr                 : [3.0000000000000004e-09]


Epoch : 52
Train MSE Loss     : 1.00001931	 | 	Train MAPE Loss     : 0.32791448
Valid MSE Loss     : 0.00004165	 | 	Valid MAPE Loss     : 0.34472972
lr                 : [3.0000000000000004e-09]


Epoch : 53
Train MSE Loss     : 1.00001907	 | 	Train MAPE Loss     : 0.33008564
Valid MSE Loss     : 0.00004118	 | 	Valid MAPE Loss     : 0.33746484
lr                 : [3.0000000000000004e-09]


Epoch : 54
Train MSE Loss     : 1.00001872	 | 	Train MAPE Loss     : 0.31622648
Valid MSE Loss     : 0.00005180	 | 	Valid MAPE Loss     : 0.40161043
lr                 : [3.0000000000000004e-09]


Epoch : 55
Train MSE Loss     : 1.00002015	 | 	Train MAPE Loss     : 0.33345908
Valid MSE Loss     : 0.00005447	 | 	Valid MAPE Loss     : 0.34064204
lr                 : [3.0000000000000004e-09]


Epoch : 56
Train MSE Loss     : 1.00001872	 | 	Train MAPE Loss     : 0.31926343
Valid MSE Loss     : 0.00004374	 | 	Valid MAPE Loss     : 0.30948809
lr                 : [3.0000000000000004e-09]


Epoch : 57
Train MSE Loss     : 1.00001943	 | 	Train MAPE Loss     : 0.32279086
Valid MSE Loss     : 0.00003922	 | 	Valid MAPE Loss     : 0.34036857
lr                 : [3.0000000000000004e-09]


Epoch : 58
Train MSE Loss     : 1.00002015	 | 	Train MAPE Loss     : 0.33316275
Valid MSE Loss     : 0.00004850	 | 	Valid MAPE Loss     : 0.38877183
lr                 : [3.0000000000000004e-09]


Epoch : 59
Train MSE Loss     : 1.00001717	 | 	Train MAPE Loss     : 0.31061611
Valid MSE Loss     : 0.00005321	 | 	Valid MAPE Loss     : 0.42282373
lr                 : [3.0000000000000004e-09]


Epoch : 60
Train MSE Loss     : 1.00001872	 | 	Train MAPE Loss     : 0.32526103
Valid MSE Loss     : 0.00004243	 | 	Valid MAPE Loss     : 0.39588454
lr                 : [3.0000000000000004e-09]


Epoch : 61
Train MSE Loss     : 1.00001824	 | 	Train MAPE Loss     : 0.32766548
Valid MSE Loss     : 0.00004365	 | 	Valid MAPE Loss     : 0.36336866
lr                 : [3.0000000000000004e-09]


Epoch : 62
Train MSE Loss     : 1.00001812	 | 	Train MAPE Loss     : 0.32327679
Valid MSE Loss     : 0.00006510	 | 	Valid MAPE Loss     : 0.44567603
lr                 : [3.0000000000000004e-09]


Epoch : 63
Train MSE Loss     : 1.00001681	 | 	Train MAPE Loss     : 0.31100541
Valid MSE Loss     : 0.00005235	 | 	Valid MAPE Loss     : 0.43797523
lr                 : [3.0000000000000004e-09]


Epoch : 64
Train MSE Loss     : 1.00001764	 | 	Train MAPE Loss     : 0.31369454
Valid MSE Loss     : 0.00005601	 | 	Valid MAPE Loss     : 0.34422761
lr                 : [3.0000000000000004e-09]


Epoch : 65
Train MSE Loss     : 1.00001955	 | 	Train MAPE Loss     : 0.32882512
Valid MSE Loss     : 0.00004179	 | 	Valid MAPE Loss     : 0.36016676
lr                 : [3.0000000000000004e-09]


Epoch : 66
Train MSE Loss     : 1.00002003	 | 	Train MAPE Loss     : 0.32653296
Valid MSE Loss     : 0.00004368	 | 	Valid MAPE Loss     : 0.39198557
lr                 : [3.0000000000000004e-09]


Epoch : 67
Train MSE Loss     : 1.00001800	 | 	Train MAPE Loss     : 0.31467912
Valid MSE Loss     : 0.00004342	 | 	Valid MAPE Loss     : 0.38620755
lr                 : [3.0000000000000004e-09]


Epoch : 68
Train MSE Loss     : 1.00001812	 | 	Train MAPE Loss     : 0.32462147
Valid MSE Loss     : 0.00004697	 | 	Valid MAPE Loss     : 0.40639856
lr                 : [3.0000000000000004e-09]


Epoch : 69
Train MSE Loss     : 1.00001705	 | 	Train MAPE Loss     : 0.30761838
Valid MSE Loss     : 0.00006225	 | 	Valid MAPE Loss     : 0.47688025
lr                 : [3.0000000000000004e-09]


Epoch : 70
Train MSE Loss     : 1.00001669	 | 	Train MAPE Loss     : 0.30141541
Valid MSE Loss     : 0.00004369	 | 	Valid MAPE Loss     : 0.35252893
lr                 : [3.0000000000000004e-09]


Epoch : 71
Train MSE Loss     : 1.00001872	 | 	Train MAPE Loss     : 0.32122871
Valid MSE Loss     : 0.00004706	 | 	Valid MAPE Loss     : 0.39851394
lr                 : [3.0000000000000004e-09]


Epoch : 72
Train MSE Loss     : 1.00001800	 | 	Train MAPE Loss     : 0.31561416
Valid MSE Loss     : 0.00004228	 | 	Valid MAPE Loss     : 0.37405390
lr                 : [3.0000000000000004e-09]


Epoch : 73
Train MSE Loss     : 1.00001776	 | 	Train MAPE Loss     : 0.32018119
Valid MSE Loss     : 0.00005615	 | 	Valid MAPE Loss     : 0.35399243
lr                 : [3.0000000000000004e-09]


Epoch : 74
Train MSE Loss     : 1.00001633	 | 	Train MAPE Loss     : 0.30371404
Valid MSE Loss     : 0.00003832	 | 	Valid MAPE Loss     : 0.30689755
lr                 : [3.0000000000000004e-09]


Epoch : 75
Train MSE Loss     : 1.00001740	 | 	Train MAPE Loss     : 0.31700897
Valid MSE Loss     : 0.00005629	 | 	Valid MAPE Loss     : 0.42643294
lr                 : [3.0000000000000004e-09]


Epoch : 76
Train MSE Loss     : 1.00002396	 | 	Train MAPE Loss     : 0.35438606
Valid MSE Loss     : 0.00006173	 | 	Valid MAPE Loss     : 0.45052198
lr                 : [3.0000000000000004e-09]


Epoch : 77
Train MSE Loss     : 1.00001764	 | 	Train MAPE Loss     : 0.31400490
Valid MSE Loss     : 0.00004029	 | 	Valid MAPE Loss     : 0.31880119
lr                 : [3.0000000000000004e-09]


Epoch : 78
Train MSE Loss     : 1.00001943	 | 	Train MAPE Loss     : 0.32263517
Valid MSE Loss     : 0.00003175	 | 	Valid MAPE Loss     : 0.24446103
lr                 : [3.0000000000000004e-09]


Epoch : 79
Train MSE Loss     : 1.00001860	 | 	Train MAPE Loss     : 0.32935295
Valid MSE Loss     : 0.00004888	 | 	Valid MAPE Loss     : 0.40676153
lr                 : [3.0000000000000004e-09]


Epoch : 80
Train MSE Loss     : 1.00001764	 | 	Train MAPE Loss     : 0.31810024
Valid MSE Loss     : 0.00003941	 | 	Valid MAPE Loss     : 0.33318126
lr                 : [3.0000000000000004e-09]


Epoch : 81
Train MSE Loss     : 1.00001848	 | 	Train MAPE Loss     : 0.32148877
Valid MSE Loss     : 0.00005235	 | 	Valid MAPE Loss     : 0.44601932
lr                 : [3.0000000000000004e-09]


Epoch : 82
Train MSE Loss     : 1.00001776	 | 	Train MAPE Loss     : 0.31584692
Valid MSE Loss     : 0.00004982	 | 	Valid MAPE Loss     : 0.39709935
lr                 : [3.0000000000000004e-09]


Epoch : 83
Train MSE Loss     : 1.00001729	 | 	Train MAPE Loss     : 0.30941084
Valid MSE Loss     : 0.00003909	 | 	Valid MAPE Loss     : 0.31764334
lr                 : [3.0000000000000004e-09]


Epoch : 84
Train MSE Loss     : 1.00001693	 | 	Train MAPE Loss     : 0.31429920
Valid MSE Loss     : 0.00004335	 | 	Valid MAPE Loss     : 0.36344534
lr                 : [3.0000000000000004e-09]


Epoch : 85
Train MSE Loss     : 1.00002122	 | 	Train MAPE Loss     : 0.34946740
Valid MSE Loss     : 0.00005560	 | 	Valid MAPE Loss     : 0.34032318
lr                 : [3.0000000000000004e-09]


Epoch : 86
Train MSE Loss     : 1.00002217	 | 	Train MAPE Loss     : 0.34374663
Valid MSE Loss     : 0.00004201	 | 	Valid MAPE Loss     : 0.31527963
lr                 : [3.0000000000000004e-09]


Epoch : 87
Train MSE Loss     : 1.00001776	 | 	Train MAPE Loss     : 0.32736099
Valid MSE Loss     : 0.00003987	 | 	Valid MAPE Loss     : 0.30460504
lr                 : [3.0000000000000004e-09]


Epoch : 88
Train MSE Loss     : 1.00001705	 | 	Train MAPE Loss     : 0.31234601
Valid MSE Loss     : 0.00006787	 | 	Valid MAPE Loss     : 0.44472006
lr                 : [3.0000000000000004e-09]


Epoch : 89
Train MSE Loss     : 1.00001800	 | 	Train MAPE Loss     : 0.31733981
Valid MSE Loss     : 0.00005793	 | 	Valid MAPE Loss     : 0.41919196
lr                 : [3.0000000000000004e-09]


Epoch : 90
Train MSE Loss     : 1.00002003	 | 	Train MAPE Loss     : 0.33517018
Valid MSE Loss     : 0.00005338	 | 	Valid MAPE Loss     : 0.40944666
lr                 : [3.0000000000000004e-09]


Epoch : 91
Train MSE Loss     : 1.00001943	 | 	Train MAPE Loss     : 0.33442059
Valid MSE Loss     : 0.00004076	 | 	Valid MAPE Loss     : 0.32643917
lr                 : [3.0000000000000004e-09]


Epoch : 92
Train MSE Loss     : 1.00001872	 | 	Train MAPE Loss     : 0.32797167
Valid MSE Loss     : 0.00006190	 | 	Valid MAPE Loss     : 0.40586725
lr                 : [3.0000000000000004e-09]


Epoch : 93
Train MSE Loss     : 1.00001740	 | 	Train MAPE Loss     : 0.31546429
Valid MSE Loss     : 0.00004512	 | 	Valid MAPE Loss     : 0.38483661
lr                 : [3.0000000000000004e-09]


Epoch : 94
Train MSE Loss     : 1.00001991	 | 	Train MAPE Loss     : 0.32353106
Valid MSE Loss     : 0.00007034	 | 	Valid MAPE Loss     : 0.49347317
lr                 : [3.0000000000000004e-09]


Epoch : 95
Train MSE Loss     : 1.00001860	 | 	Train MAPE Loss     : 0.32659620
Valid MSE Loss     : 0.00004059	 | 	Valid MAPE Loss     : 0.36263120
lr                 : [3.0000000000000004e-09]


Epoch : 96
Train MSE Loss     : 1.00001752	 | 	Train MAPE Loss     : 0.32113719
Valid MSE Loss     : 0.00006825	 | 	Valid MAPE Loss     : 0.41411769
lr                 : [3.0000000000000004e-09]


Epoch : 97
Train MSE Loss     : 1.00002015	 | 	Train MAPE Loss     : 0.32638079
Valid MSE Loss     : 0.00006763	 | 	Valid MAPE Loss     : 0.49528959
lr                 : [3.0000000000000004e-09]


Epoch : 98
Train MSE Loss     : 1.00001812	 | 	Train MAPE Loss     : 0.32464907
Valid MSE Loss     : 0.00005141	 | 	Valid MAPE Loss     : 0.32062182
lr                 : [3.0000000000000004e-09]


Epoch : 99
Train MSE Loss     : 1.00001729	 | 	Train MAPE Loss     : 0.31232208
Valid MSE Loss     : 0.00003651	 | 	Valid MAPE Loss     : 0.31807372
lr                 : [3.0000000000000004e-09]


Epoch : 100
Train MSE Loss     : 1.00001717	 | 	Train MAPE Loss     : 0.31547529
Valid MSE Loss     : 0.00003931	 | 	Valid MAPE Loss     : 0.34610638
lr                 : [3.0000000000000004e-09]


Epoch : 101
Train MSE Loss     : 1.00001645	 | 	Train MAPE Loss     : 0.30173177
Valid MSE Loss     : 0.00005630	 | 	Valid MAPE Loss     : 0.40058768
lr                 : [3.0000000000000004e-09]


Epoch : 102
Train MSE Loss     : 1.00002003	 | 	Train MAPE Loss     : 0.32880875
Valid MSE Loss     : 0.00004357	 | 	Valid MAPE Loss     : 0.33267996
lr                 : [3.0000000000000004e-09]


Epoch : 103
Train MSE Loss     : 1.00001895	 | 	Train MAPE Loss     : 0.32420030
Valid MSE Loss     : 0.00006116	 | 	Valid MAPE Loss     : 0.36150444
lr                 : [3.0000000000000004e-09]


Epoch : 104
Train MSE Loss     : 1.00001657	 | 	Train MAPE Loss     : 0.31331477
Valid MSE Loss     : 0.00003816	 | 	Valid MAPE Loss     : 0.33389753
lr                 : [3.0000000000000004e-09]


Epoch : 105
Train MSE Loss     : 1.00001884	 | 	Train MAPE Loss     : 0.32313490
Valid MSE Loss     : 0.00003216	 | 	Valid MAPE Loss     : 0.21923520
lr                 : [3.0000000000000004e-09]


Epoch : 106
Train MSE Loss     : 1.00001812	 | 	Train MAPE Loss     : 0.32138517
Valid MSE Loss     : 0.00005158	 | 	Valid MAPE Loss     : 0.41325492
lr                 : [3.0000000000000004e-09]


Epoch : 107
Train MSE Loss     : 1.00001860	 | 	Train MAPE Loss     : 0.31792086
Valid MSE Loss     : 0.00005708	 | 	Valid MAPE Loss     : 0.39753225
lr                 : [3.0000000000000004e-09]


Epoch : 108
Train MSE Loss     : 1.00002038	 | 	Train MAPE Loss     : 0.33826980
Valid MSE Loss     : 0.00003622	 | 	Valid MAPE Loss     : 0.28270152
lr                 : [3.0000000000000004e-09]


Epoch : 109
Train MSE Loss     : 1.00001705	 | 	Train MAPE Loss     : 0.30983993
Valid MSE Loss     : 0.00003878	 | 	Valid MAPE Loss     : 0.32753098
lr                 : [3.0000000000000004e-09]


Epoch : 110
Train MSE Loss     : 1.00001860	 | 	Train MAPE Loss     : 0.33050910
Valid MSE Loss     : 0.00003790	 | 	Valid MAPE Loss     : 0.32316351
lr                 : [3.0000000000000004e-09]


Epoch : 111
Train MSE Loss     : 1.00001895	 | 	Train MAPE Loss     : 0.32540762
Valid MSE Loss     : 0.00003829	 | 	Valid MAPE Loss     : 0.32056060
lr                 : [3.0000000000000004e-09]


Epoch : 112
Train MSE Loss     : 1.00001740	 | 	Train MAPE Loss     : 0.30998719
Valid MSE Loss     : 0.00005240	 | 	Valid MAPE Loss     : 0.48712584
lr                 : [3.0000000000000004e-09]


Epoch : 113
Train MSE Loss     : 1.00001800	 | 	Train MAPE Loss     : 0.32496545
Valid MSE Loss     : 0.00005854	 | 	Valid MAPE Loss     : 0.36564460
lr                 : [3.0000000000000004e-09]


Epoch : 114
Train MSE Loss     : 1.00001693	 | 	Train MAPE Loss     : 0.31154105
Valid MSE Loss     : 0.00003937	 | 	Valid MAPE Loss     : 0.34008387
lr                 : [3.0000000000000004e-09]


Epoch : 115
Train MSE Loss     : 1.00001860	 | 	Train MAPE Loss     : 0.32243639
Valid MSE Loss     : 0.00005394	 | 	Valid MAPE Loss     : 0.41508263
lr                 : [3.0000000000000004e-09]


Epoch : 116
Train MSE Loss     : 1.00001907	 | 	Train MAPE Loss     : 0.31651777
Valid MSE Loss     : 0.00004824	 | 	Valid MAPE Loss     : 0.37968853
lr                 : [3.0000000000000004e-09]


Epoch : 117
Train MSE Loss     : 1.00001776	 | 	Train MAPE Loss     : 0.31366345
Valid MSE Loss     : 0.00004354	 | 	Valid MAPE Loss     : 0.31921881
lr                 : [3.0000000000000004e-09]


Epoch : 118
Train MSE Loss     : 1.00002074	 | 	Train MAPE Loss     : 0.33099777
Valid MSE Loss     : 0.00004831	 | 	Valid MAPE Loss     : 0.38584521
lr                 : [3.0000000000000004e-09]


Epoch : 119
Train MSE Loss     : 1.00001824	 | 	Train MAPE Loss     : 0.32273000
Valid MSE Loss     : 0.00004705	 | 	Valid MAPE Loss     : 0.27490112
lr                 : [3.0000000000000004e-09]


Epoch : 120
Train MSE Loss     : 1.00001824	 | 	Train MAPE Loss     : 0.31856963
Valid MSE Loss     : 0.00003595	 | 	Valid MAPE Loss     : 0.29036191
lr                 : [3.0000000000000004e-09]


Epoch : 121
Train MSE Loss     : 1.00001800	 | 	Train MAPE Loss     : 0.32201448
Valid MSE Loss     : 0.00006929	 | 	Valid MAPE Loss     : 0.53838640
lr                 : [3.0000000000000004e-09]


Epoch : 122
Train MSE Loss     : 1.00001657	 | 	Train MAPE Loss     : 0.30577445
Valid MSE Loss     : 0.00004332	 | 	Valid MAPE Loss     : 0.35486877
lr                 : [3.0000000000000004e-09]


Epoch : 123
Train MSE Loss     : 1.00001752	 | 	Train MAPE Loss     : 0.31656134
Valid MSE Loss     : 0.00003737	 | 	Valid MAPE Loss     : 0.30352047
lr                 : [3.0000000000000004e-09]


Epoch : 124
Train MSE Loss     : 1.00001907	 | 	Train MAPE Loss     : 0.33032271
Valid MSE Loss     : 0.00005822	 | 	Valid MAPE Loss     : 0.40521187
lr                 : [3.0000000000000004e-09]


Epoch : 125
Train MSE Loss     : 1.00001991	 | 	Train MAPE Loss     : 0.32803389
Valid MSE Loss     : 0.00006820	 | 	Valid MAPE Loss     : 0.56748062
lr                 : [3.0000000000000004e-09]


Epoch : 126
Train MSE Loss     : 1.00001788	 | 	Train MAPE Loss     : 0.31760240
Valid MSE Loss     : 0.00004355	 | 	Valid MAPE Loss     : 0.40207067
lr                 : [3.0000000000000004e-09]


Epoch : 127
Train MSE Loss     : 1.00001717	 | 	Train MAPE Loss     : 0.31247857
Valid MSE Loss     : 0.00005548	 | 	Valid MAPE Loss     : 0.46197513
lr                 : [3.0000000000000004e-09]


Epoch : 128
Train MSE Loss     : 1.00001776	 | 	Train MAPE Loss     : 0.31714934
Valid MSE Loss     : 0.00005134	 | 	Valid MAPE Loss     : 0.38233006
lr                 : [3.0000000000000004e-09]


Epoch : 129
Train MSE Loss     : 1.00001884	 | 	Train MAPE Loss     : 0.32402140
Valid MSE Loss     : 0.00006999	 | 	Valid MAPE Loss     : 0.52716970
lr                 : [3.0000000000000004e-09]


Epoch : 130
Train MSE Loss     : 1.00002158	 | 	Train MAPE Loss     : 0.33800796
Valid MSE Loss     : 0.00005771	 | 	Valid MAPE Loss     : 0.53865355
lr                 : [3.0000000000000004e-09]


Epoch : 131
Train MSE Loss     : 1.00002098	 | 	Train MAPE Loss     : 0.33718118
Valid MSE Loss     : 0.00005282	 | 	Valid MAPE Loss     : 0.38887838
lr                 : [3.0000000000000004e-09]


Epoch : 132
Train MSE Loss     : 1.00001884	 | 	Train MAPE Loss     : 0.32794112
Valid MSE Loss     : 0.00003853	 | 	Valid MAPE Loss     : 0.35285881
lr                 : [3.0000000000000004e-09]


Epoch : 133
Train MSE Loss     : 1.00001979	 | 	Train MAPE Loss     : 0.32530019
Valid MSE Loss     : 0.00004498	 | 	Valid MAPE Loss     : 0.26192114
lr                 : [3.0000000000000004e-09]


Epoch : 134
Train MSE Loss     : 1.00001895	 | 	Train MAPE Loss     : 0.32802731
Valid MSE Loss     : 0.00004656	 | 	Valid MAPE Loss     : 0.39726490
lr                 : [3.0000000000000004e-09]


Epoch : 135
Train MSE Loss     : 1.00002050	 | 	Train MAPE Loss     : 0.33086538
Valid MSE Loss     : 0.00004597	 | 	Valid MAPE Loss     : 0.29767728
lr                 : [3.0000000000000004e-09]


Epoch : 136
Train MSE Loss     : 1.00001669	 | 	Train MAPE Loss     : 0.30324954
Valid MSE Loss     : 0.00004333	 | 	Valid MAPE Loss     : 0.39416331
lr                 : [3.0000000000000004e-09]


Epoch : 137
Train MSE Loss     : 1.00001717	 | 	Train MAPE Loss     : 0.30534697
Valid MSE Loss     : 0.00004466	 | 	Valid MAPE Loss     : 0.39589068
lr                 : [3.0000000000000004e-09]


Epoch : 138
Train MSE Loss     : 1.00002193	 | 	Train MAPE Loss     : 0.33918133
Valid MSE Loss     : 0.00005699	 | 	Valid MAPE Loss     : 0.44599152
lr                 : [3.0000000000000004e-09]


Epoch : 139
Train MSE Loss     : 1.00001836	 | 	Train MAPE Loss     : 0.31974724
Valid MSE Loss     : 0.00005061	 | 	Valid MAPE Loss     : 0.40842757
lr                 : [3.0000000000000004e-09]


Epoch : 140
Train MSE Loss     : 1.00001943	 | 	Train MAPE Loss     : 0.33471903
Valid MSE Loss     : 0.00004567	 | 	Valid MAPE Loss     : 0.36585647
lr                 : [3.0000000000000004e-09]


Epoch : 141
Train MSE Loss     : 1.00001800	 | 	Train MAPE Loss     : 0.31918663
Valid MSE Loss     : 0.00004115	 | 	Valid MAPE Loss     : 0.33324876
lr                 : [3.0000000000000004e-09]


Epoch : 142
Train MSE Loss     : 1.00001872	 | 	Train MAPE Loss     : 0.32840377
Valid MSE Loss     : 0.00005327	 | 	Valid MAPE Loss     : 0.42223123
lr                 : [3.0000000000000004e-09]


Epoch : 143
Train MSE Loss     : 1.00001919	 | 	Train MAPE Loss     : 0.32148904
Valid MSE Loss     : 0.00004484	 | 	Valid MAPE Loss     : 0.29833084
lr                 : [3.0000000000000004e-09]


Epoch : 144
Train MSE Loss     : 1.00002050	 | 	Train MAPE Loss     : 0.33989936
Valid MSE Loss     : 0.00004742	 | 	Valid MAPE Loss     : 0.26412255
lr                 : [3.0000000000000004e-09]


Epoch : 145
Train MSE Loss     : 1.00001812	 | 	Train MAPE Loss     : 0.32443565
Valid MSE Loss     : 0.00004090	 | 	Valid MAPE Loss     : 0.35304642
lr                 : [3.0000000000000004e-09]


Epoch : 146
Train MSE Loss     : 1.00001812	 | 	Train MAPE Loss     : 0.31887159
Valid MSE Loss     : 0.00004196	 | 	Valid MAPE Loss     : 0.29747021
lr                 : [3.0000000000000004e-09]


Epoch : 147
Train MSE Loss     : 1.00002193	 | 	Train MAPE Loss     : 0.34616911
Valid MSE Loss     : 0.00004255	 | 	Valid MAPE Loss     : 0.34220538
lr                 : [3.0000000000000004e-09]


Epoch : 148
Train MSE Loss     : 1.00002003	 | 	Train MAPE Loss     : 0.33377486
Valid MSE Loss     : 0.00005211	 | 	Valid MAPE Loss     : 0.33768579
lr                 : [3.0000000000000004e-09]


Epoch : 149
Train MSE Loss     : 1.00001800	 | 	Train MAPE Loss     : 0.32412541
Valid MSE Loss     : 0.00006491	 | 	Valid MAPE Loss     : 0.38017368
lr                 : [3.0000000000000004e-09]


Epoch : 150
Train MSE Loss     : 1.00001740	 | 	Train MAPE Loss     : 0.30799004
Valid MSE Loss     : 0.00004879	 | 	Valid MAPE Loss     : 0.31351331
lr                 : [3.0000000000000004e-09]


Evaluate on the Test set:
Test MAPE loss      :0.68820363	 | Test MSE loss      : 0.00063231

################## Training is Done! #########################
