=============================================
Dataset: cell_XJTU_batch2_prepocess_data
Mode:    supervised
=============================================
Training started ....

Epoch : 1
Train MSE Loss     : 0.03955323	 | 	Train MAPE Loss     : 15.91978741
Valid MSE Loss     : 0.00529461	 | 	Valid MAPE Loss     : 7.35427713
lr                 : [0.0003]


Epoch : 2
Train MSE Loss     : 0.00358536	 | 	Train MAPE Loss     : 5.56526327
Valid MSE Loss     : 0.00253850	 | 	Valid MAPE Loss     : 4.92014074
lr                 : [0.0003]


Epoch : 3
Train MSE Loss     : 0.00130821	 | 	Train MAPE Loss     : 3.20079708
Valid MSE Loss     : 0.00507743	 | 	Valid MAPE Loss     : 7.33303022
lr                 : [0.0003]


Epoch : 4
Train MSE Loss     : 0.00074819	 | 	Train MAPE Loss     : 2.38933492
Valid MSE Loss     : 0.01015214	 | 	Valid MAPE Loss     : 10.52778149
lr                 : [0.0003]


Epoch : 5
Train MSE Loss     : 0.00044126	 | 	Train MAPE Loss     : 1.84013271
Valid MSE Loss     : 0.02438290	 | 	Valid MAPE Loss     : 16.57764626
lr                 : [0.0003]


Epoch : 6
Train MSE Loss     : 0.00034238	 | 	Train MAPE Loss     : 1.62312746
Valid MSE Loss     : 0.03670209	 | 	Valid MAPE Loss     : 20.28779793
lr                 : [0.0003]


Epoch : 7
Train MSE Loss     : 0.00036678	 | 	Train MAPE Loss     : 1.64439392
Valid MSE Loss     : 0.03296858	 | 	Valid MAPE Loss     : 19.35788918
lr                 : [0.0003]


Epoch : 8
Train MSE Loss     : 0.00031278	 | 	Train MAPE Loss     : 1.57664216
Valid MSE Loss     : 0.03213702	 | 	Valid MAPE Loss     : 19.18126297
lr                 : [0.0003]


Epoch : 9
Train MSE Loss     : 0.00042598	 | 	Train MAPE Loss     : 1.82901323
Valid MSE Loss     : 0.02417427	 | 	Valid MAPE Loss     : 16.72630882
lr                 : [0.0003]


Epoch : 10
Train MSE Loss     : 0.00032724	 | 	Train MAPE Loss     : 1.60474205
Valid MSE Loss     : 0.02795951	 | 	Valid MAPE Loss     : 17.96344185
lr                 : [0.0003]


Epoch : 11
Train MSE Loss     : 0.00031665	 | 	Train MAPE Loss     : 1.57630002
Valid MSE Loss     : 0.03159107	 | 	Valid MAPE Loss     : 19.13208199
lr                 : [0.0003]


Epoch : 12
Train MSE Loss     : 0.00016135	 | 	Train MAPE Loss     : 1.08698046
Valid MSE Loss     : 0.02562595	 | 	Valid MAPE Loss     : 17.18021584
lr                 : [0.0003]


Epoch : 13
Train MSE Loss     : 0.00025141	 | 	Train MAPE Loss     : 1.39834690
Valid MSE Loss     : 0.02626800	 | 	Valid MAPE Loss     : 17.46059990
lr                 : [2.9999999999999997e-05]


Epoch : 14
Train MSE Loss     : 0.00015448	 | 	Train MAPE Loss     : 1.09352267
Valid MSE Loss     : 0.00281513	 | 	Valid MAPE Loss     : 5.54365015
lr                 : [2.9999999999999997e-05]


Epoch : 15
Train MSE Loss     : 0.00005928	 | 	Train MAPE Loss     : 0.62421125
Valid MSE Loss     : 0.00177473	 | 	Valid MAPE Loss     : 4.32720327
lr                 : [2.9999999999999997e-05]


Epoch : 16
Train MSE Loss     : 0.00005233	 | 	Train MAPE Loss     : 0.59224200
Valid MSE Loss     : 0.00178638	 | 	Valid MAPE Loss     : 4.36571932
lr                 : [2.9999999999999997e-05]


Epoch : 17
Train MSE Loss     : 0.00005599	 | 	Train MAPE Loss     : 0.62278581
Valid MSE Loss     : 0.00179468	 | 	Valid MAPE Loss     : 4.38159037
lr                 : [2.9999999999999997e-05]


Epoch : 18
Train MSE Loss     : 0.00009909	 | 	Train MAPE Loss     : 0.87805438
Valid MSE Loss     : 0.00272928	 | 	Valid MAPE Loss     : 5.49555635
lr                 : [2.9999999999999997e-05]


Epoch : 19
Train MSE Loss     : 0.00008583	 | 	Train MAPE Loss     : 0.81503791
Valid MSE Loss     : 0.00228809	 | 	Valid MAPE Loss     : 5.00452232
lr                 : [2.9999999999999997e-05]


Epoch : 20
Train MSE Loss     : 0.00004228	 | 	Train MAPE Loss     : 0.52047789
Valid MSE Loss     : 0.00190126	 | 	Valid MAPE Loss     : 4.49007750
lr                 : [2.9999999999999997e-05]


Epoch : 21
Train MSE Loss     : 0.00005384	 | 	Train MAPE Loss     : 0.60711288
Valid MSE Loss     : 0.00221941	 | 	Valid MAPE Loss     : 4.92669344
lr                 : [2.9999999999999997e-05]


Epoch : 22
Train MSE Loss     : 0.00004034	 | 	Train MAPE Loss     : 0.51650631
Valid MSE Loss     : 0.00238315	 | 	Valid MAPE Loss     : 5.07451868
lr                 : [2.9999999999999997e-05]


Epoch : 23
Train MSE Loss     : 0.00006326	 | 	Train MAPE Loss     : 0.67500925
Valid MSE Loss     : 0.00293153	 | 	Valid MAPE Loss     : 5.65117121
lr                 : [2.9999999999999997e-05]


Epoch : 24
Train MSE Loss     : 0.00005596	 | 	Train MAPE Loss     : 0.64385688
Valid MSE Loss     : 0.00183577	 | 	Valid MAPE Loss     : 4.44182730
lr                 : [2.9999999999999997e-05]


Epoch : 25
Train MSE Loss     : 0.00005590	 | 	Train MAPE Loss     : 0.62527925
Valid MSE Loss     : 0.00298818	 | 	Valid MAPE Loss     : 5.74644232
lr                 : [2.9999999999999997e-05]


Epoch : 26
Train MSE Loss     : 0.00007057	 | 	Train MAPE Loss     : 0.74040300
Valid MSE Loss     : 0.00344067	 | 	Valid MAPE Loss     : 6.21870852
lr                 : [3e-06]


Epoch : 27
Train MSE Loss     : 0.00003810	 | 	Train MAPE Loss     : 0.49546447
Valid MSE Loss     : 0.00062569	 | 	Valid MAPE Loss     : 2.44719625
lr                 : [3e-06]


Epoch : 28
Train MSE Loss     : 0.00004308	 | 	Train MAPE Loss     : 0.55947047
Valid MSE Loss     : 0.00046458	 | 	Valid MAPE Loss     : 2.06036162
lr                 : [3e-06]


Epoch : 29
Train MSE Loss     : 0.00004330	 | 	Train MAPE Loss     : 0.55803204
Valid MSE Loss     : 0.00035183	 | 	Valid MAPE Loss     : 1.72662401
lr                 : [3e-06]


Epoch : 30
Train MSE Loss     : 0.00003629	 | 	Train MAPE Loss     : 0.49965125
Valid MSE Loss     : 0.00034773	 | 	Valid MAPE Loss     : 1.73119366
lr                 : [3e-06]


Epoch : 31
Train MSE Loss     : 0.00003613	 | 	Train MAPE Loss     : 0.48073095
Valid MSE Loss     : 0.00038607	 | 	Valid MAPE Loss     : 1.85524499
lr                 : [3e-06]


Epoch : 32
Train MSE Loss     : 0.00003234	 | 	Train MAPE Loss     : 0.48424554
Valid MSE Loss     : 0.00042973	 | 	Valid MAPE Loss     : 1.98360527
lr                 : [3e-06]


Epoch : 33
Train MSE Loss     : 0.00003254	 | 	Train MAPE Loss     : 0.47273025
Valid MSE Loss     : 0.00040703	 | 	Valid MAPE Loss     : 1.91505289
lr                 : [3e-06]


Epoch : 34
Train MSE Loss     : 0.00003213	 | 	Train MAPE Loss     : 0.46110174
Valid MSE Loss     : 0.00029551	 | 	Valid MAPE Loss     : 1.55183351
lr                 : [3e-06]


Epoch : 35
Train MSE Loss     : 0.00003210	 | 	Train MAPE Loss     : 0.47151053
Valid MSE Loss     : 0.00036573	 | 	Valid MAPE Loss     : 1.81551647
lr                 : [3e-06]


Epoch : 36
Train MSE Loss     : 0.00002747	 | 	Train MAPE Loss     : 0.43927610
Valid MSE Loss     : 0.00047421	 | 	Valid MAPE Loss     : 2.08877397
lr                 : [3e-06]


Epoch : 37
Train MSE Loss     : 0.00003336	 | 	Train MAPE Loss     : 0.48555604
Valid MSE Loss     : 0.00045355	 | 	Valid MAPE Loss     : 2.03812718
lr                 : [3e-06]


Epoch : 38
Train MSE Loss     : 0.00002974	 | 	Train MAPE Loss     : 0.45281777
Valid MSE Loss     : 0.00054220	 | 	Valid MAPE Loss     : 2.27226138
lr                 : [3e-06]


Epoch : 39
Train MSE Loss     : 0.00004148	 | 	Train MAPE Loss     : 0.55996102
Valid MSE Loss     : 0.00032495	 | 	Valid MAPE Loss     : 1.67843771
lr                 : [3e-06]


Epoch : 40
Train MSE Loss     : 0.00004927	 | 	Train MAPE Loss     : 0.61718535
Valid MSE Loss     : 0.00028656	 | 	Valid MAPE Loss     : 1.56249809
lr                 : [3e-06]


Epoch : 41
Train MSE Loss     : 0.00003205	 | 	Train MAPE Loss     : 0.47212374
Valid MSE Loss     : 0.00040891	 | 	Valid MAPE Loss     : 1.94594860
lr                 : [3e-06]


Epoch : 42
Train MSE Loss     : 0.00003269	 | 	Train MAPE Loss     : 0.46773890
Valid MSE Loss     : 0.00050043	 | 	Valid MAPE Loss     : 2.18198347
lr                 : [3e-06]


Epoch : 43
Train MSE Loss     : 0.00002808	 | 	Train MAPE Loss     : 0.43671659
Valid MSE Loss     : 0.00036035	 | 	Valid MAPE Loss     : 1.79707110
lr                 : [3e-06]


Epoch : 44
Train MSE Loss     : 0.00002994	 | 	Train MAPE Loss     : 0.44594693
Valid MSE Loss     : 0.00037913	 | 	Valid MAPE Loss     : 1.85669649
lr                 : [3e-06]


Epoch : 45
Train MSE Loss     : 0.00003355	 | 	Train MAPE Loss     : 0.51033115
Valid MSE Loss     : 0.00051269	 | 	Valid MAPE Loss     : 2.20806670
lr                 : [3.0000000000000004e-07]


Epoch : 46
Train MSE Loss     : 0.00002524	 | 	Train MAPE Loss     : 0.40335009
Valid MSE Loss     : 0.00029231	 | 	Valid MAPE Loss     : 1.57468319
lr                 : [3.0000000000000004e-07]


Epoch : 47
Train MSE Loss     : 0.00002277	 | 	Train MAPE Loss     : 0.38822803
Valid MSE Loss     : 0.00027624	 | 	Valid MAPE Loss     : 1.53469276
lr                 : [3.0000000000000004e-07]


Epoch : 48
Train MSE Loss     : 0.00003034	 | 	Train MAPE Loss     : 0.45871553
Valid MSE Loss     : 0.00025380	 | 	Valid MAPE Loss     : 1.46341324
lr                 : [3.0000000000000004e-07]


Epoch : 49
Train MSE Loss     : 0.00002657	 | 	Train MAPE Loss     : 0.43950537
Valid MSE Loss     : 0.00030259	 | 	Valid MAPE Loss     : 1.62725627
lr                 : [3.0000000000000004e-07]


Epoch : 50
Train MSE Loss     : 0.00002543	 | 	Train MAPE Loss     : 0.41780356
Valid MSE Loss     : 0.00024039	 | 	Valid MAPE Loss     : 1.40525770
lr                 : [3.0000000000000004e-07]


Epoch : 51
Train MSE Loss     : 0.00002471	 | 	Train MAPE Loss     : 0.41604316
Valid MSE Loss     : 0.00027674	 | 	Valid MAPE Loss     : 1.53535759
lr                 : [3.0000000000000004e-07]


Epoch : 52
Train MSE Loss     : 0.00002695	 | 	Train MAPE Loss     : 0.42143074
Valid MSE Loss     : 0.00024644	 | 	Valid MAPE Loss     : 1.43042195
lr                 : [3.0000000000000004e-07]


Epoch : 53
Train MSE Loss     : 0.00002291	 | 	Train MAPE Loss     : 0.38710821
Valid MSE Loss     : 0.00026096	 | 	Valid MAPE Loss     : 1.48707199
lr                 : [3.0000000000000004e-07]


Epoch : 54
Train MSE Loss     : 0.00002820	 | 	Train MAPE Loss     : 0.43426985
Valid MSE Loss     : 0.00026637	 | 	Valid MAPE Loss     : 1.51618731
lr                 : [3.0000000000000004e-07]


Epoch : 55
Train MSE Loss     : 0.00002534	 | 	Train MAPE Loss     : 0.42033875
Valid MSE Loss     : 0.00026565	 | 	Valid MAPE Loss     : 1.50572968
lr                 : [3.0000000000000004e-07]


Epoch : 56
Train MSE Loss     : 0.00002132	 | 	Train MAPE Loss     : 0.36805597
Valid MSE Loss     : 0.00024765	 | 	Valid MAPE Loss     : 1.43462169
lr                 : [3.0000000000000004e-07]


Epoch : 57
Train MSE Loss     : 0.00002701	 | 	Train MAPE Loss     : 0.42440185
Valid MSE Loss     : 0.00026145	 | 	Valid MAPE Loss     : 1.49588454
lr                 : [3.0000000000000004e-07]


Epoch : 58
Train MSE Loss     : 0.00002395	 | 	Train MAPE Loss     : 0.39673123
Valid MSE Loss     : 0.00024583	 | 	Valid MAPE Loss     : 1.42857838
lr                 : [3.0000000000000004e-07]


Epoch : 59
Train MSE Loss     : 0.00001923	 | 	Train MAPE Loss     : 0.35439235
Valid MSE Loss     : 0.00026572	 | 	Valid MAPE Loss     : 1.50433540
lr                 : [3.0000000000000004e-07]


Epoch : 60
Train MSE Loss     : 0.00001977	 | 	Train MAPE Loss     : 0.35903782
Valid MSE Loss     : 0.00026327	 | 	Valid MAPE Loss     : 1.49111938
lr                 : [3.0000000000000004e-07]


Epoch : 61
Train MSE Loss     : 0.00002399	 | 	Train MAPE Loss     : 0.40284261
Valid MSE Loss     : 0.00025406	 | 	Valid MAPE Loss     : 1.46095526
lr                 : [3.0000000000000004e-08]


Epoch : 62
Train MSE Loss     : 0.00002941	 | 	Train MAPE Loss     : 0.45863694
Valid MSE Loss     : 0.00021202	 | 	Valid MAPE Loss     : 1.30846131
lr                 : [3.0000000000000004e-08]


Epoch : 63
Train MSE Loss     : 0.00002448	 | 	Train MAPE Loss     : 0.39551184
Valid MSE Loss     : 0.00022305	 | 	Valid MAPE Loss     : 1.34521389
lr                 : [3.0000000000000004e-08]


Epoch : 64
Train MSE Loss     : 0.00002180	 | 	Train MAPE Loss     : 0.38488296
Valid MSE Loss     : 0.00024653	 | 	Valid MAPE Loss     : 1.44057882
lr                 : [3.0000000000000004e-08]


Epoch : 65
Train MSE Loss     : 0.00002667	 | 	Train MAPE Loss     : 0.42410016
Valid MSE Loss     : 0.00023301	 | 	Valid MAPE Loss     : 1.39054728
lr                 : [3.0000000000000004e-08]


Epoch : 66
Train MSE Loss     : 0.00003058	 | 	Train MAPE Loss     : 0.47246018
Valid MSE Loss     : 0.00022782	 | 	Valid MAPE Loss     : 1.36513317
lr                 : [3.0000000000000004e-08]


Epoch : 67
Train MSE Loss     : 0.00002589	 | 	Train MAPE Loss     : 0.41181570
Valid MSE Loss     : 0.00022652	 | 	Valid MAPE Loss     : 1.35910797
lr                 : [3.0000000000000004e-08]


Epoch : 68
Train MSE Loss     : 0.00002184	 | 	Train MAPE Loss     : 0.37554932
Valid MSE Loss     : 0.00023410	 | 	Valid MAPE Loss     : 1.39900792
lr                 : [3.0000000000000004e-08]


Epoch : 69
Train MSE Loss     : 0.00002480	 | 	Train MAPE Loss     : 0.40548366
Valid MSE Loss     : 0.00022660	 | 	Valid MAPE Loss     : 1.36065352
lr                 : [3.0000000000000004e-08]


Epoch : 70
Train MSE Loss     : 0.00002596	 | 	Train MAPE Loss     : 0.40794554
Valid MSE Loss     : 0.00023315	 | 	Valid MAPE Loss     : 1.38372600
lr                 : [3.0000000000000004e-08]


Epoch : 71
Train MSE Loss     : 0.00002471	 | 	Train MAPE Loss     : 0.41283321
Valid MSE Loss     : 0.00022219	 | 	Valid MAPE Loss     : 1.34999382
lr                 : [3.0000000000000004e-08]


Epoch : 72
Train MSE Loss     : 0.00002538	 | 	Train MAPE Loss     : 0.40296531
Valid MSE Loss     : 0.00024716	 | 	Valid MAPE Loss     : 1.44246614
lr                 : [3.0000000000000004e-08]


Epoch : 73
Train MSE Loss     : 0.00002183	 | 	Train MAPE Loss     : 0.37952694
Valid MSE Loss     : 0.00023165	 | 	Valid MAPE Loss     : 1.38270271
lr                 : [3.0000000000000004e-09]


Epoch : 74
Train MSE Loss     : 0.00002595	 | 	Train MAPE Loss     : 0.42714876
Valid MSE Loss     : 0.00023842	 | 	Valid MAPE Loss     : 1.40487671
lr                 : [3.0000000000000004e-09]


Epoch : 75
Train MSE Loss     : 0.00002220	 | 	Train MAPE Loss     : 0.38976979
Valid MSE Loss     : 0.00022285	 | 	Valid MAPE Loss     : 1.34021652
lr                 : [3.0000000000000004e-09]


Epoch : 76
Train MSE Loss     : 0.00002436	 | 	Train MAPE Loss     : 0.40625742
Valid MSE Loss     : 0.00023752	 | 	Valid MAPE Loss     : 1.40739429
lr                 : [3.0000000000000004e-09]


Epoch : 77
Train MSE Loss     : 0.00002129	 | 	Train MAPE Loss     : 0.37673083
Valid MSE Loss     : 0.00024447	 | 	Valid MAPE Loss     : 1.43401372
lr                 : [3.0000000000000004e-09]


Epoch : 78
Train MSE Loss     : 0.00002282	 | 	Train MAPE Loss     : 0.38735691
Valid MSE Loss     : 0.00024600	 | 	Valid MAPE Loss     : 1.43618488
lr                 : [3.0000000000000004e-09]


Epoch : 79
Train MSE Loss     : 0.00002628	 | 	Train MAPE Loss     : 0.42227942
Valid MSE Loss     : 0.00024686	 | 	Valid MAPE Loss     : 1.44757271
lr                 : [3.0000000000000004e-09]


Epoch : 80
Train MSE Loss     : 0.00003116	 | 	Train MAPE Loss     : 0.48225248
Valid MSE Loss     : 0.00022654	 | 	Valid MAPE Loss     : 1.36614525
lr                 : [3.0000000000000004e-09]


Epoch : 81
Train MSE Loss     : 0.00003037	 | 	Train MAPE Loss     : 0.45382947
Valid MSE Loss     : 0.00022594	 | 	Valid MAPE Loss     : 1.35630500
lr                 : [3.0000000000000004e-09]


Epoch : 82
Train MSE Loss     : 0.00002148	 | 	Train MAPE Loss     : 0.38072985
Valid MSE Loss     : 0.00022715	 | 	Valid MAPE Loss     : 1.36827815
lr                 : [3.0000000000000004e-09]


Epoch : 83
Train MSE Loss     : 0.00002704	 | 	Train MAPE Loss     : 0.43375880
Valid MSE Loss     : 0.00023251	 | 	Valid MAPE Loss     : 1.38414001
lr                 : [3.0000000000000004e-09]


Epoch : 84
Train MSE Loss     : 0.00002689	 | 	Train MAPE Loss     : 0.43049783
Valid MSE Loss     : 0.00021848	 | 	Valid MAPE Loss     : 1.31879961
lr                 : [3.0000000000000004e-09]


Epoch : 85
Train MSE Loss     : 0.00002263	 | 	Train MAPE Loss     : 0.39476827
Valid MSE Loss     : 0.00024466	 | 	Valid MAPE Loss     : 1.42792737
lr                 : [3.0000000000000004e-09]


Epoch : 86
Train MSE Loss     : 0.00002172	 | 	Train MAPE Loss     : 0.37706557
Valid MSE Loss     : 0.00023800	 | 	Valid MAPE Loss     : 1.40207970
lr                 : [3.0000000000000004e-09]


Epoch : 87
Train MSE Loss     : 0.00001923	 | 	Train MAPE Loss     : 0.34885505
Valid MSE Loss     : 0.00024148	 | 	Valid MAPE Loss     : 1.41826963
lr                 : [3.0000000000000004e-09]


Epoch : 88
Train MSE Loss     : 0.00002682	 | 	Train MAPE Loss     : 0.41920421
Valid MSE Loss     : 0.00024716	 | 	Valid MAPE Loss     : 1.43583488
lr                 : [3.0000000000000004e-09]


Epoch : 89
Train MSE Loss     : 0.00002844	 | 	Train MAPE Loss     : 0.44073939
Valid MSE Loss     : 0.00023282	 | 	Valid MAPE Loss     : 1.38677371
lr                 : [3.0000000000000004e-09]


Epoch : 90
Train MSE Loss     : 0.00002270	 | 	Train MAPE Loss     : 0.38684446
Valid MSE Loss     : 0.00023927	 | 	Valid MAPE Loss     : 1.41283143
lr                 : [3.0000000000000004e-09]


Epoch : 91
Train MSE Loss     : 0.00003082	 | 	Train MAPE Loss     : 0.47151986
Valid MSE Loss     : 0.00024443	 | 	Valid MAPE Loss     : 1.43179309
lr                 : [3.0000000000000004e-09]


Epoch : 92
Train MSE Loss     : 0.00002957	 | 	Train MAPE Loss     : 0.45170841
Valid MSE Loss     : 0.00024952	 | 	Valid MAPE Loss     : 1.45039213
lr                 : [3.0000000000000004e-09]


Epoch : 93
Train MSE Loss     : 0.00002139	 | 	Train MAPE Loss     : 0.36195555
Valid MSE Loss     : 0.00024249	 | 	Valid MAPE Loss     : 1.42200327
lr                 : [3.0000000000000004e-09]


Epoch : 94
Train MSE Loss     : 0.00002712	 | 	Train MAPE Loss     : 0.44094607
Valid MSE Loss     : 0.00024620	 | 	Valid MAPE Loss     : 1.44312918
lr                 : [3.0000000000000004e-09]


Epoch : 95
Train MSE Loss     : 0.00002681	 | 	Train MAPE Loss     : 0.41872177
Valid MSE Loss     : 0.00023569	 | 	Valid MAPE Loss     : 1.40319288
lr                 : [3.0000000000000004e-09]


Epoch : 96
Train MSE Loss     : 0.00002190	 | 	Train MAPE Loss     : 0.39070699
Valid MSE Loss     : 0.00025359	 | 	Valid MAPE Loss     : 1.46687889
lr                 : [3.0000000000000004e-09]


Epoch : 97
Train MSE Loss     : 0.00002132	 | 	Train MAPE Loss     : 0.37509266
Valid MSE Loss     : 0.00023035	 | 	Valid MAPE Loss     : 1.37854350
lr                 : [3.0000000000000004e-09]


Epoch : 98
Train MSE Loss     : 0.00002236	 | 	Train MAPE Loss     : 0.38681406
Valid MSE Loss     : 0.00023496	 | 	Valid MAPE Loss     : 1.39721048
lr                 : [3.0000000000000004e-09]


Epoch : 99
Train MSE Loss     : 0.00001874	 | 	Train MAPE Loss     : 0.34828225
Valid MSE Loss     : 0.00024069	 | 	Valid MAPE Loss     : 1.42228305
lr                 : [3.0000000000000004e-09]


Epoch : 100
Train MSE Loss     : 0.00002913	 | 	Train MAPE Loss     : 0.44635773
Valid MSE Loss     : 0.00024018	 | 	Valid MAPE Loss     : 1.41593969
lr                 : [3.0000000000000004e-09]


Epoch : 101
Train MSE Loss     : 0.00002355	 | 	Train MAPE Loss     : 0.40524042
Valid MSE Loss     : 0.00024387	 | 	Valid MAPE Loss     : 1.42813730
lr                 : [3.0000000000000004e-09]


Epoch : 102
Train MSE Loss     : 0.00002374	 | 	Train MAPE Loss     : 0.39693522
Valid MSE Loss     : 0.00023622	 | 	Valid MAPE Loss     : 1.39760053
lr                 : [3.0000000000000004e-09]


Epoch : 103
Train MSE Loss     : 0.00002218	 | 	Train MAPE Loss     : 0.38407755
Valid MSE Loss     : 0.00023116	 | 	Valid MAPE Loss     : 1.38032436
lr                 : [3.0000000000000004e-09]


Epoch : 104
Train MSE Loss     : 0.00002172	 | 	Train MAPE Loss     : 0.38407582
Valid MSE Loss     : 0.00022044	 | 	Valid MAPE Loss     : 1.33686209
lr                 : [3.0000000000000004e-09]


Epoch : 105
Train MSE Loss     : 0.00002434	 | 	Train MAPE Loss     : 0.40010679
Valid MSE Loss     : 0.00022712	 | 	Valid MAPE Loss     : 1.36439574
lr                 : [3.0000000000000004e-09]


Epoch : 106
Train MSE Loss     : 0.00002206	 | 	Train MAPE Loss     : 0.37800723
Valid MSE Loss     : 0.00024764	 | 	Valid MAPE Loss     : 1.44452286
lr                 : [3.0000000000000004e-09]


Epoch : 107
Train MSE Loss     : 0.00002408	 | 	Train MAPE Loss     : 0.40340161
Valid MSE Loss     : 0.00024996	 | 	Valid MAPE Loss     : 1.45754433
lr                 : [3.0000000000000004e-09]


Epoch : 108
Train MSE Loss     : 0.00002301	 | 	Train MAPE Loss     : 0.38431922
Valid MSE Loss     : 0.00024363	 | 	Valid MAPE Loss     : 1.42342949
lr                 : [3.0000000000000004e-09]


Epoch : 109
Train MSE Loss     : 0.00002428	 | 	Train MAPE Loss     : 0.40370175
Valid MSE Loss     : 0.00026242	 | 	Valid MAPE Loss     : 1.50094926
lr                 : [3.0000000000000004e-09]


Epoch : 110
Train MSE Loss     : 0.00002236	 | 	Train MAPE Loss     : 0.40034032
Valid MSE Loss     : 0.00025010	 | 	Valid MAPE Loss     : 1.45561695
lr                 : [3.0000000000000004e-09]


Epoch : 111
Train MSE Loss     : 0.00002354	 | 	Train MAPE Loss     : 0.39411712
Valid MSE Loss     : 0.00022451	 | 	Valid MAPE Loss     : 1.36242259
lr                 : [3.0000000000000004e-09]


Epoch : 112
Train MSE Loss     : 0.00002143	 | 	Train MAPE Loss     : 0.37168336
Valid MSE Loss     : 0.00022396	 | 	Valid MAPE Loss     : 1.35001171
lr                 : [3.0000000000000004e-09]


Epoch : 113
Train MSE Loss     : 0.00002427	 | 	Train MAPE Loss     : 0.39878327
Valid MSE Loss     : 0.00022698	 | 	Valid MAPE Loss     : 1.36169052
lr                 : [3.0000000000000004e-09]


Epoch : 114
Train MSE Loss     : 0.00002618	 | 	Train MAPE Loss     : 0.41823807
Valid MSE Loss     : 0.00022852	 | 	Valid MAPE Loss     : 1.36769521
lr                 : [3.0000000000000004e-09]


Epoch : 115
Train MSE Loss     : 0.00002528	 | 	Train MAPE Loss     : 0.41186494
Valid MSE Loss     : 0.00025002	 | 	Valid MAPE Loss     : 1.45639408
lr                 : [3.0000000000000004e-09]


Epoch : 116
Train MSE Loss     : 0.00001964	 | 	Train MAPE Loss     : 0.35852525
Valid MSE Loss     : 0.00025605	 | 	Valid MAPE Loss     : 1.48049450
lr                 : [3.0000000000000004e-09]


Epoch : 117
Train MSE Loss     : 0.00002261	 | 	Train MAPE Loss     : 0.38700724
Valid MSE Loss     : 0.00024347	 | 	Valid MAPE Loss     : 1.43242323
lr                 : [3.0000000000000004e-09]


Epoch : 118
Train MSE Loss     : 0.00002300	 | 	Train MAPE Loss     : 0.39215231
Valid MSE Loss     : 0.00023514	 | 	Valid MAPE Loss     : 1.39481449
lr                 : [3.0000000000000004e-09]


Epoch : 119
Train MSE Loss     : 0.00002061	 | 	Train MAPE Loss     : 0.36519048
Valid MSE Loss     : 0.00023369	 | 	Valid MAPE Loss     : 1.38474739
lr                 : [3.0000000000000004e-09]


Epoch : 120
Train MSE Loss     : 0.00002708	 | 	Train MAPE Loss     : 0.43821231
Valid MSE Loss     : 0.00024739	 | 	Valid MAPE Loss     : 1.43808556
lr                 : [3.0000000000000004e-09]


Epoch : 121
Train MSE Loss     : 0.00002128	 | 	Train MAPE Loss     : 0.36575755
Valid MSE Loss     : 0.00024291	 | 	Valid MAPE Loss     : 1.42847764
lr                 : [3.0000000000000004e-09]


Epoch : 122
Train MSE Loss     : 0.00002450	 | 	Train MAPE Loss     : 0.39547583
Valid MSE Loss     : 0.00024137	 | 	Valid MAPE Loss     : 1.42326486
lr                 : [3.0000000000000004e-09]


Epoch : 123
Train MSE Loss     : 0.00002327	 | 	Train MAPE Loss     : 0.39502847
Valid MSE Loss     : 0.00024032	 | 	Valid MAPE Loss     : 1.41738355
lr                 : [3.0000000000000004e-09]


Epoch : 124
Train MSE Loss     : 0.00002314	 | 	Train MAPE Loss     : 0.38648251
Valid MSE Loss     : 0.00022550	 | 	Valid MAPE Loss     : 1.35269129
lr                 : [3.0000000000000004e-09]


Epoch : 125
Train MSE Loss     : 0.00002462	 | 	Train MAPE Loss     : 0.40085468
Valid MSE Loss     : 0.00021676	 | 	Valid MAPE Loss     : 1.32421219
lr                 : [3.0000000000000004e-09]


Epoch : 126
Train MSE Loss     : 0.00002610	 | 	Train MAPE Loss     : 0.41557357
Valid MSE Loss     : 0.00023107	 | 	Valid MAPE Loss     : 1.38283312
lr                 : [3.0000000000000004e-09]


Epoch : 127
Train MSE Loss     : 0.00003065	 | 	Train MAPE Loss     : 0.45595440
Valid MSE Loss     : 0.00023553	 | 	Valid MAPE Loss     : 1.40443897
lr                 : [3.0000000000000004e-09]


Epoch : 128
Train MSE Loss     : 0.00002164	 | 	Train MAPE Loss     : 0.37333614
Valid MSE Loss     : 0.00025342	 | 	Valid MAPE Loss     : 1.47002947
lr                 : [3.0000000000000004e-09]


Epoch : 129
Train MSE Loss     : 0.00002340	 | 	Train MAPE Loss     : 0.38640234
Valid MSE Loss     : 0.00023958	 | 	Valid MAPE Loss     : 1.41469777
lr                 : [3.0000000000000004e-09]


Epoch : 130
Train MSE Loss     : 0.00002463	 | 	Train MAPE Loss     : 0.40384606
Valid MSE Loss     : 0.00021791	 | 	Valid MAPE Loss     : 1.32924116
lr                 : [3.0000000000000004e-09]


Epoch : 131
Train MSE Loss     : 0.00002677	 | 	Train MAPE Loss     : 0.42046171
Valid MSE Loss     : 0.00024192	 | 	Valid MAPE Loss     : 1.42663252
lr                 : [3.0000000000000004e-09]


Epoch : 132
Train MSE Loss     : 0.00002543	 | 	Train MAPE Loss     : 0.41511282
Valid MSE Loss     : 0.00024756	 | 	Valid MAPE Loss     : 1.44235265
lr                 : [3.0000000000000004e-09]


Epoch : 133
Train MSE Loss     : 0.00002503	 | 	Train MAPE Loss     : 0.41398439
Valid MSE Loss     : 0.00024093	 | 	Valid MAPE Loss     : 1.41666472
lr                 : [3.0000000000000004e-09]


Epoch : 134
Train MSE Loss     : 0.00002577	 | 	Train MAPE Loss     : 0.41934150
Valid MSE Loss     : 0.00025530	 | 	Valid MAPE Loss     : 1.47509658
lr                 : [3.0000000000000004e-09]


Epoch : 135
Train MSE Loss     : 0.00001919	 | 	Train MAPE Loss     : 0.35310635
Valid MSE Loss     : 0.00023550	 | 	Valid MAPE Loss     : 1.39835501
lr                 : [3.0000000000000004e-09]


Epoch : 136
Train MSE Loss     : 0.00002646	 | 	Train MAPE Loss     : 0.42213702
Valid MSE Loss     : 0.00023528	 | 	Valid MAPE Loss     : 1.40256834
lr                 : [3.0000000000000004e-09]


Epoch : 137
Train MSE Loss     : 0.00002276	 | 	Train MAPE Loss     : 0.39348578
Valid MSE Loss     : 0.00025484	 | 	Valid MAPE Loss     : 1.47083390
lr                 : [3.0000000000000004e-09]


Epoch : 138
Train MSE Loss     : 0.00002524	 | 	Train MAPE Loss     : 0.41592568
Valid MSE Loss     : 0.00023900	 | 	Valid MAPE Loss     : 1.41139591
lr                 : [3.0000000000000004e-09]


Epoch : 139
Train MSE Loss     : 0.00002215	 | 	Train MAPE Loss     : 0.39198074
Valid MSE Loss     : 0.00023378	 | 	Valid MAPE Loss     : 1.39168835
lr                 : [3.0000000000000004e-09]


Epoch : 140
Train MSE Loss     : 0.00002474	 | 	Train MAPE Loss     : 0.40835077
Valid MSE Loss     : 0.00022036	 | 	Valid MAPE Loss     : 1.33151758
lr                 : [3.0000000000000004e-09]


Epoch : 141
Train MSE Loss     : 0.00002503	 | 	Train MAPE Loss     : 0.40071958
Valid MSE Loss     : 0.00023833	 | 	Valid MAPE Loss     : 1.41394126
lr                 : [3.0000000000000004e-09]


Epoch : 142
Train MSE Loss     : 0.00002120	 | 	Train MAPE Loss     : 0.37145323
Valid MSE Loss     : 0.00024814	 | 	Valid MAPE Loss     : 1.44816244
lr                 : [3.0000000000000004e-09]


Epoch : 143
Train MSE Loss     : 0.00002434	 | 	Train MAPE Loss     : 0.39869335
Valid MSE Loss     : 0.00022894	 | 	Valid MAPE Loss     : 1.37173402
lr                 : [3.0000000000000004e-09]


Epoch : 144
Train MSE Loss     : 0.00002844	 | 	Train MAPE Loss     : 0.44499257
Valid MSE Loss     : 0.00023557	 | 	Valid MAPE Loss     : 1.39915657
lr                 : [3.0000000000000004e-09]


Epoch : 145
Train MSE Loss     : 0.00002559	 | 	Train MAPE Loss     : 0.41250825
Valid MSE Loss     : 0.00023241	 | 	Valid MAPE Loss     : 1.37897432
lr                 : [3.0000000000000004e-09]


Epoch : 146
Train MSE Loss     : 0.00002493	 | 	Train MAPE Loss     : 0.40720487
Valid MSE Loss     : 0.00024366	 | 	Valid MAPE Loss     : 1.43869686
lr                 : [3.0000000000000004e-09]


Epoch : 147
Train MSE Loss     : 0.00002740	 | 	Train MAPE Loss     : 0.43533406
Valid MSE Loss     : 0.00025688	 | 	Valid MAPE Loss     : 1.48433840
lr                 : [3.0000000000000004e-09]


Epoch : 148
Train MSE Loss     : 0.00002633	 | 	Train MAPE Loss     : 0.42702067
Valid MSE Loss     : 0.00025677	 | 	Valid MAPE Loss     : 1.48028624
lr                 : [3.0000000000000004e-09]


Epoch : 149
Train MSE Loss     : 0.00002314	 | 	Train MAPE Loss     : 0.40478760
Valid MSE Loss     : 0.00023148	 | 	Valid MAPE Loss     : 1.37785900
lr                 : [3.0000000000000004e-09]


Epoch : 150
Train MSE Loss     : 0.00002375	 | 	Train MAPE Loss     : 0.40220374
Valid MSE Loss     : 0.00023904	 | 	Valid MAPE Loss     : 1.41423655
lr                 : [3.0000000000000004e-09]


Evaluate on the Test set:
Test MAPE loss      :0.93228823	 | Test MSE loss      : 0.00011039

################## Training is Done! #########################
