=============================================
Dataset: cell_XJTU_batch6_prepocess_data
Mode:    supervised_with_contrast
=============================================
Training started ....

Epoch : 1
Train MSE Loss     : 1.00113583	 | 	Train MAPE Loss     : 2.52105713
Valid MSE Loss     : 0.00047688	 | 	Valid MAPE Loss     : 1.99317265
lr                 : [0.0003]


Epoch : 2
Train MSE Loss     : 1.00029790	 | 	Train MAPE Loss     : 1.45198369
Valid MSE Loss     : 0.00019957	 | 	Valid MAPE Loss     : 1.16392052
lr                 : [0.0003]


Epoch : 3
Train MSE Loss     : 1.00026500	 | 	Train MAPE Loss     : 1.37737191
Valid MSE Loss     : 0.00040258	 | 	Valid MAPE Loss     : 1.76918089
lr                 : [0.0003]


Epoch : 4
Train MSE Loss     : 1.00025272	 | 	Train MAPE Loss     : 1.32843292
Valid MSE Loss     : 0.00017490	 | 	Valid MAPE Loss     : 1.14970064
lr                 : [0.0003]


Epoch : 5
Train MSE Loss     : 1.00025702	 | 	Train MAPE Loss     : 1.34860384
Valid MSE Loss     : 0.00012982	 | 	Valid MAPE Loss     : 1.00144541
lr                 : [0.0003]


Epoch : 6
Train MSE Loss     : 1.00021267	 | 	Train MAPE Loss     : 1.20899141
Valid MSE Loss     : 0.00101545	 | 	Valid MAPE Loss     : 3.19275784
lr                 : [0.0003]


Epoch : 7
Train MSE Loss     : 1.00023687	 | 	Train MAPE Loss     : 1.31278896
Valid MSE Loss     : 0.00071009	 | 	Valid MAPE Loss     : 2.65906334
lr                 : [0.0003]


Epoch : 8
Train MSE Loss     : 1.00020206	 | 	Train MAPE Loss     : 1.18370664
Valid MSE Loss     : 0.00021750	 | 	Valid MAPE Loss     : 1.24684000
lr                 : [0.0003]


Epoch : 9
Train MSE Loss     : 1.00023305	 | 	Train MAPE Loss     : 1.28548753
Valid MSE Loss     : 0.00049538	 | 	Valid MAPE Loss     : 2.14833331
lr                 : [0.0003]


Epoch : 10
Train MSE Loss     : 1.00023687	 | 	Train MAPE Loss     : 1.28270125
Valid MSE Loss     : 0.00022334	 | 	Valid MAPE Loss     : 1.37361383
lr                 : [0.0003]


Epoch : 11
Train MSE Loss     : 1.00022840	 | 	Train MAPE Loss     : 1.27188468
Valid MSE Loss     : 0.00017668	 | 	Valid MAPE Loss     : 1.22420788
lr                 : [0.0003]


Epoch : 12
Train MSE Loss     : 1.00021625	 | 	Train MAPE Loss     : 1.22154403
Valid MSE Loss     : 0.00061828	 | 	Valid MAPE Loss     : 2.39443851
lr                 : [0.0003]


Epoch : 13
Train MSE Loss     : 1.00033045	 | 	Train MAPE Loss     : 1.58979380
Valid MSE Loss     : 0.00013897	 | 	Valid MAPE Loss     : 0.93962854
lr                 : [0.0003]


Epoch : 14
Train MSE Loss     : 1.00024986	 | 	Train MAPE Loss     : 1.35355508
Valid MSE Loss     : 0.00021486	 | 	Valid MAPE Loss     : 1.30491400
lr                 : [0.0003]


Epoch : 15
Train MSE Loss     : 1.00022674	 | 	Train MAPE Loss     : 1.24976003
Valid MSE Loss     : 0.00014686	 | 	Valid MAPE Loss     : 0.99992341
lr                 : [0.0003]


Epoch : 16
Train MSE Loss     : 1.00018919	 | 	Train MAPE Loss     : 1.15193462
Valid MSE Loss     : 0.00008890	 | 	Valid MAPE Loss     : 0.77042776
lr                 : [0.0003]


Epoch : 17
Train MSE Loss     : 1.00021875	 | 	Train MAPE Loss     : 1.23615646
Valid MSE Loss     : 0.00010904	 | 	Valid MAPE Loss     : 0.92149192
lr                 : [0.0003]


Epoch : 18
Train MSE Loss     : 1.00021315	 | 	Train MAPE Loss     : 1.22837543
Valid MSE Loss     : 0.00007388	 | 	Valid MAPE Loss     : 0.72132117
lr                 : [0.0003]


Epoch : 19
Train MSE Loss     : 1.00021219	 | 	Train MAPE Loss     : 1.21218371
Valid MSE Loss     : 0.00023184	 | 	Valid MAPE Loss     : 1.35462415
lr                 : [0.0003]


Epoch : 20
Train MSE Loss     : 1.00028527	 | 	Train MAPE Loss     : 1.44485950
Valid MSE Loss     : 0.00086893	 | 	Valid MAPE Loss     : 2.94232154
lr                 : [0.0003]


Epoch : 21
Train MSE Loss     : 1.00026631	 | 	Train MAPE Loss     : 1.38638568
Valid MSE Loss     : 0.00016785	 | 	Valid MAPE Loss     : 1.09117699
lr                 : [0.0003]


Epoch : 22
Train MSE Loss     : 1.00019944	 | 	Train MAPE Loss     : 1.16985285
Valid MSE Loss     : 0.00036526	 | 	Valid MAPE Loss     : 1.76148987
lr                 : [0.0003]


Epoch : 23
Train MSE Loss     : 1.00018990	 | 	Train MAPE Loss     : 1.13401103
Valid MSE Loss     : 0.00014296	 | 	Valid MAPE Loss     : 1.05609679
lr                 : [0.0003]


Epoch : 24
Train MSE Loss     : 1.00019503	 | 	Train MAPE Loss     : 1.16232014
Valid MSE Loss     : 0.00047481	 | 	Valid MAPE Loss     : 2.10444903
lr                 : [0.0003]


Epoch : 25
Train MSE Loss     : 1.00021720	 | 	Train MAPE Loss     : 1.21235287
Valid MSE Loss     : 0.00026074	 | 	Valid MAPE Loss     : 1.39167976
lr                 : [0.0003]


Epoch : 26
Train MSE Loss     : 1.00022840	 | 	Train MAPE Loss     : 1.28822565
Valid MSE Loss     : 0.00074420	 | 	Valid MAPE Loss     : 2.75220656
lr                 : [0.0003]


Epoch : 27
Train MSE Loss     : 1.00022793	 | 	Train MAPE Loss     : 1.28301513
Valid MSE Loss     : 0.00048146	 | 	Valid MAPE Loss     : 2.11513495
lr                 : [0.0003]


Epoch : 28
Train MSE Loss     : 1.00017715	 | 	Train MAPE Loss     : 1.09765816
Valid MSE Loss     : 0.00006830	 | 	Valid MAPE Loss     : 0.71367502
lr                 : [0.0003]


Epoch : 29
Train MSE Loss     : 1.00021601	 | 	Train MAPE Loss     : 1.22309017
Valid MSE Loss     : 0.00013318	 | 	Valid MAPE Loss     : 1.02212608
lr                 : [0.0003]


Epoch : 30
Train MSE Loss     : 1.00018644	 | 	Train MAPE Loss     : 1.12266433
Valid MSE Loss     : 0.00016685	 | 	Valid MAPE Loss     : 1.16700852
lr                 : [0.0003]


Epoch : 31
Train MSE Loss     : 1.00022662	 | 	Train MAPE Loss     : 1.26666486
Valid MSE Loss     : 0.00020085	 | 	Valid MAPE Loss     : 1.23479116
lr                 : [0.0003]


Epoch : 32
Train MSE Loss     : 1.00032294	 | 	Train MAPE Loss     : 1.58564746
Valid MSE Loss     : 0.00011797	 | 	Valid MAPE Loss     : 1.01227605
lr                 : [0.0003]


Epoch : 33
Train MSE Loss     : 1.00027537	 | 	Train MAPE Loss     : 1.41599715
Valid MSE Loss     : 0.00026169	 | 	Valid MAPE Loss     : 1.40524006
lr                 : [0.0003]


Epoch : 34
Train MSE Loss     : 1.00019932	 | 	Train MAPE Loss     : 1.15636516
Valid MSE Loss     : 0.00006586	 | 	Valid MAPE Loss     : 0.66868544
lr                 : [0.0003]


Epoch : 35
Train MSE Loss     : 1.00017512	 | 	Train MAPE Loss     : 1.08225191
Valid MSE Loss     : 0.00022322	 | 	Valid MAPE Loss     : 1.43895304
lr                 : [0.0003]


Epoch : 36
Train MSE Loss     : 1.00024951	 | 	Train MAPE Loss     : 1.35089993
Valid MSE Loss     : 0.00120227	 | 	Valid MAPE Loss     : 3.41841340
lr                 : [0.0003]


Epoch : 37
Train MSE Loss     : 1.00022769	 | 	Train MAPE Loss     : 1.27846372
Valid MSE Loss     : 0.00035660	 | 	Valid MAPE Loss     : 1.83192599
lr                 : [0.0003]


Epoch : 38
Train MSE Loss     : 1.00016332	 | 	Train MAPE Loss     : 1.04705870
Valid MSE Loss     : 0.00011190	 | 	Valid MAPE Loss     : 0.93979090
lr                 : [0.0003]


Epoch : 39
Train MSE Loss     : 1.00019431	 | 	Train MAPE Loss     : 1.17737162
Valid MSE Loss     : 0.00106807	 | 	Valid MAPE Loss     : 3.35295415
lr                 : [0.0003]


Epoch : 40
Train MSE Loss     : 1.00018406	 | 	Train MAPE Loss     : 1.13743448
Valid MSE Loss     : 0.00010449	 | 	Valid MAPE Loss     : 0.87207991
lr                 : [0.0003]


Epoch : 41
Train MSE Loss     : 1.00016499	 | 	Train MAPE Loss     : 1.06825256
Valid MSE Loss     : 0.00015249	 | 	Valid MAPE Loss     : 1.03537714
lr                 : [0.0003]


Epoch : 42
Train MSE Loss     : 1.00018764	 | 	Train MAPE Loss     : 1.14548564
Valid MSE Loss     : 0.00022039	 | 	Valid MAPE Loss     : 1.30565608
lr                 : [0.0003]


Epoch : 43
Train MSE Loss     : 1.00021899	 | 	Train MAPE Loss     : 1.26879847
Valid MSE Loss     : 0.00013085	 | 	Valid MAPE Loss     : 0.98746377
lr                 : [0.0003]


Epoch : 44
Train MSE Loss     : 1.00022149	 | 	Train MAPE Loss     : 1.27455723
Valid MSE Loss     : 0.00036473	 | 	Valid MAPE Loss     : 1.86055863
lr                 : [0.0003]


Epoch : 45
Train MSE Loss     : 1.00019264	 | 	Train MAPE Loss     : 1.17726541
Valid MSE Loss     : 0.00015775	 | 	Valid MAPE Loss     : 1.10821569
lr                 : [2.9999999999999997e-05]


Epoch : 46
Train MSE Loss     : 1.00012386	 | 	Train MAPE Loss     : 0.89505726
Valid MSE Loss     : 0.00004157	 | 	Valid MAPE Loss     : 0.52973819
lr                 : [2.9999999999999997e-05]


Epoch : 47
Train MSE Loss     : 1.00011253	 | 	Train MAPE Loss     : 0.83987772
Valid MSE Loss     : 0.00004670	 | 	Valid MAPE Loss     : 0.55606228
lr                 : [2.9999999999999997e-05]


Epoch : 48
Train MSE Loss     : 1.00011086	 | 	Train MAPE Loss     : 0.83463198
Valid MSE Loss     : 0.00004294	 | 	Valid MAPE Loss     : 0.52883524
lr                 : [2.9999999999999997e-05]


Epoch : 49
Train MSE Loss     : 1.00010681	 | 	Train MAPE Loss     : 0.80515122
Valid MSE Loss     : 0.00004712	 | 	Valid MAPE Loss     : 0.57714587
lr                 : [2.9999999999999997e-05]


Epoch : 50
Train MSE Loss     : 1.00009906	 | 	Train MAPE Loss     : 0.76520681
Valid MSE Loss     : 0.00006582	 | 	Valid MAPE Loss     : 0.70705479
lr                 : [2.9999999999999997e-05]


Epoch : 51
Train MSE Loss     : 1.00010395	 | 	Train MAPE Loss     : 0.80484194
Valid MSE Loss     : 0.00008351	 | 	Valid MAPE Loss     : 0.80775785
lr                 : [2.9999999999999997e-05]


Epoch : 52
Train MSE Loss     : 1.00011539	 | 	Train MAPE Loss     : 0.86674261
Valid MSE Loss     : 0.00005326	 | 	Valid MAPE Loss     : 0.61858964
lr                 : [2.9999999999999997e-05]


Epoch : 53
Train MSE Loss     : 1.00009918	 | 	Train MAPE Loss     : 0.78085750
Valid MSE Loss     : 0.00005573	 | 	Valid MAPE Loss     : 0.62241048
lr                 : [2.9999999999999997e-05]


Epoch : 54
Train MSE Loss     : 1.00009573	 | 	Train MAPE Loss     : 0.76047367
Valid MSE Loss     : 0.00005807	 | 	Valid MAPE Loss     : 0.64546448
lr                 : [2.9999999999999997e-05]


Epoch : 55
Train MSE Loss     : 1.00009704	 | 	Train MAPE Loss     : 0.76223844
Valid MSE Loss     : 0.00006220	 | 	Valid MAPE Loss     : 0.66744822
lr                 : [2.9999999999999997e-05]


Epoch : 56
Train MSE Loss     : 1.00009716	 | 	Train MAPE Loss     : 0.77054989
Valid MSE Loss     : 0.00005229	 | 	Valid MAPE Loss     : 0.59935743
lr                 : [2.9999999999999997e-05]


Epoch : 57
Train MSE Loss     : 1.00009882	 | 	Train MAPE Loss     : 0.76959080
Valid MSE Loss     : 0.00005407	 | 	Valid MAPE Loss     : 0.64077944
lr                 : [2.9999999999999997e-05]


Epoch : 58
Train MSE Loss     : 1.00009799	 | 	Train MAPE Loss     : 0.76353234
Valid MSE Loss     : 0.00006233	 | 	Valid MAPE Loss     : 0.63120693
lr                 : [2.9999999999999997e-05]


Epoch : 59
Train MSE Loss     : 1.00008965	 | 	Train MAPE Loss     : 0.73189181
Valid MSE Loss     : 0.00006263	 | 	Valid MAPE Loss     : 0.67845815
lr                 : [3e-06]


Epoch : 60
Train MSE Loss     : 1.00008655	 | 	Train MAPE Loss     : 0.70681536
Valid MSE Loss     : 0.00004501	 | 	Valid MAPE Loss     : 0.54457676
lr                 : [3e-06]


Epoch : 61
Train MSE Loss     : 1.00008762	 | 	Train MAPE Loss     : 0.71719730
Valid MSE Loss     : 0.00004923	 | 	Valid MAPE Loss     : 0.56729460
lr                 : [3e-06]


Epoch : 62
Train MSE Loss     : 1.00008416	 | 	Train MAPE Loss     : 0.69764721
Valid MSE Loss     : 0.00004314	 | 	Valid MAPE Loss     : 0.53427237
lr                 : [3e-06]


Epoch : 63
Train MSE Loss     : 1.00008106	 | 	Train MAPE Loss     : 0.68009710
Valid MSE Loss     : 0.00004270	 | 	Valid MAPE Loss     : 0.53839260
lr                 : [3e-06]


Epoch : 64
Train MSE Loss     : 1.00008225	 | 	Train MAPE Loss     : 0.68492079
Valid MSE Loss     : 0.00005045	 | 	Valid MAPE Loss     : 0.57681364
lr                 : [3e-06]


Epoch : 65
Train MSE Loss     : 1.00008333	 | 	Train MAPE Loss     : 0.69167107
Valid MSE Loss     : 0.00004901	 | 	Valid MAPE Loss     : 0.57864136
lr                 : [3e-06]


Epoch : 66
Train MSE Loss     : 1.00008488	 | 	Train MAPE Loss     : 0.69658685
Valid MSE Loss     : 0.00004639	 | 	Valid MAPE Loss     : 0.56559175
lr                 : [3e-06]


Epoch : 67
Train MSE Loss     : 1.00008750	 | 	Train MAPE Loss     : 0.71405631
Valid MSE Loss     : 0.00005025	 | 	Valid MAPE Loss     : 0.58409601
lr                 : [3e-06]


Epoch : 68
Train MSE Loss     : 1.00008738	 | 	Train MAPE Loss     : 0.71939760
Valid MSE Loss     : 0.00004650	 | 	Valid MAPE Loss     : 0.56854171
lr                 : [3e-06]


Epoch : 69
Train MSE Loss     : 1.00009120	 | 	Train MAPE Loss     : 0.73390454
Valid MSE Loss     : 0.00004842	 | 	Valid MAPE Loss     : 0.58228755
lr                 : [3e-06]


Epoch : 70
Train MSE Loss     : 1.00008082	 | 	Train MAPE Loss     : 0.68308944
Valid MSE Loss     : 0.00004762	 | 	Valid MAPE Loss     : 0.57464474
lr                 : [3.0000000000000004e-07]


Epoch : 71
Train MSE Loss     : 1.00008285	 | 	Train MAPE Loss     : 0.68983388
Valid MSE Loss     : 0.00004672	 | 	Valid MAPE Loss     : 0.57505679
lr                 : [3.0000000000000004e-07]


Epoch : 72
Train MSE Loss     : 1.00009120	 | 	Train MAPE Loss     : 0.73398983
Valid MSE Loss     : 0.00004922	 | 	Valid MAPE Loss     : 0.58121735
lr                 : [3.0000000000000004e-07]


Epoch : 73
Train MSE Loss     : 1.00008869	 | 	Train MAPE Loss     : 0.72257501
Valid MSE Loss     : 0.00005179	 | 	Valid MAPE Loss     : 0.58081323
lr                 : [3.0000000000000004e-07]


Epoch : 74
Train MSE Loss     : 1.00008523	 | 	Train MAPE Loss     : 0.70394897
Valid MSE Loss     : 0.00005238	 | 	Valid MAPE Loss     : 0.59202176
lr                 : [3.0000000000000004e-07]


Epoch : 75
Train MSE Loss     : 1.00008583	 | 	Train MAPE Loss     : 0.71026301
Valid MSE Loss     : 0.00005637	 | 	Valid MAPE Loss     : 0.62023658
lr                 : [3.0000000000000004e-07]


Epoch : 76
Train MSE Loss     : 1.00008559	 | 	Train MAPE Loss     : 0.70348120
Valid MSE Loss     : 0.00005179	 | 	Valid MAPE Loss     : 0.59831315
lr                 : [3.0000000000000004e-07]


Epoch : 77
Train MSE Loss     : 1.00008130	 | 	Train MAPE Loss     : 0.67860276
Valid MSE Loss     : 0.00004573	 | 	Valid MAPE Loss     : 0.55913371
lr                 : [3.0000000000000004e-07]


Epoch : 78
Train MSE Loss     : 1.00008166	 | 	Train MAPE Loss     : 0.68714631
Valid MSE Loss     : 0.00005039	 | 	Valid MAPE Loss     : 0.58303446
lr                 : [3.0000000000000004e-07]


Epoch : 79
Train MSE Loss     : 1.00008404	 | 	Train MAPE Loss     : 0.70264918
Valid MSE Loss     : 0.00004811	 | 	Valid MAPE Loss     : 0.58304429
lr                 : [3.0000000000000004e-07]


Epoch : 80
Train MSE Loss     : 1.00008774	 | 	Train MAPE Loss     : 0.71536136
Valid MSE Loss     : 0.00005139	 | 	Valid MAPE Loss     : 0.58908159
lr                 : [3.0000000000000004e-07]


Epoch : 81
Train MSE Loss     : 1.00008261	 | 	Train MAPE Loss     : 0.69255406
Valid MSE Loss     : 0.00005306	 | 	Valid MAPE Loss     : 0.59372079
lr                 : [3.0000000000000004e-08]


Epoch : 82
Train MSE Loss     : 1.00008225	 | 	Train MAPE Loss     : 0.69029164
Valid MSE Loss     : 0.00004977	 | 	Valid MAPE Loss     : 0.56967229
lr                 : [3.0000000000000004e-08]


Epoch : 83
Train MSE Loss     : 1.00008976	 | 	Train MAPE Loss     : 0.73569834
Valid MSE Loss     : 0.00004910	 | 	Valid MAPE Loss     : 0.58827001
lr                 : [3.0000000000000004e-08]


Epoch : 84
Train MSE Loss     : 1.00008678	 | 	Train MAPE Loss     : 0.71033078
Valid MSE Loss     : 0.00005197	 | 	Valid MAPE Loss     : 0.60110748
lr                 : [3.0000000000000004e-08]


Epoch : 85
Train MSE Loss     : 1.00008488	 | 	Train MAPE Loss     : 0.69892961
Valid MSE Loss     : 0.00004606	 | 	Valid MAPE Loss     : 0.56042391
lr                 : [3.0000000000000004e-08]


Epoch : 86
Train MSE Loss     : 1.00008595	 | 	Train MAPE Loss     : 0.71781558
Valid MSE Loss     : 0.00005000	 | 	Valid MAPE Loss     : 0.58322591
lr                 : [3.0000000000000004e-08]


Epoch : 87
Train MSE Loss     : 1.00008297	 | 	Train MAPE Loss     : 0.69327939
Valid MSE Loss     : 0.00005168	 | 	Valid MAPE Loss     : 0.58307630
lr                 : [3.0000000000000004e-08]


Epoch : 88
Train MSE Loss     : 1.00008702	 | 	Train MAPE Loss     : 0.70910323
Valid MSE Loss     : 0.00004544	 | 	Valid MAPE Loss     : 0.54751110
lr                 : [3.0000000000000004e-08]


Epoch : 89
Train MSE Loss     : 1.00008070	 | 	Train MAPE Loss     : 0.68082350
Valid MSE Loss     : 0.00005135	 | 	Valid MAPE Loss     : 0.58315700
lr                 : [3.0000000000000004e-08]


Epoch : 90
Train MSE Loss     : 1.00008261	 | 	Train MAPE Loss     : 0.68925726
Valid MSE Loss     : 0.00004561	 | 	Valid MAPE Loss     : 0.55199295
lr                 : [3.0000000000000004e-08]


Epoch : 91
Train MSE Loss     : 1.00008011	 | 	Train MAPE Loss     : 0.67373997
Valid MSE Loss     : 0.00005294	 | 	Valid MAPE Loss     : 0.60171217
lr                 : [3.0000000000000004e-08]


Epoch : 92
Train MSE Loss     : 1.00008464	 | 	Train MAPE Loss     : 0.69711894
Valid MSE Loss     : 0.00004777	 | 	Valid MAPE Loss     : 0.57148862
lr                 : [3.0000000000000004e-09]


Epoch : 93
Train MSE Loss     : 1.00008237	 | 	Train MAPE Loss     : 0.69711334
Valid MSE Loss     : 0.00005169	 | 	Valid MAPE Loss     : 0.58875632
lr                 : [3.0000000000000004e-09]


Epoch : 94
Train MSE Loss     : 1.00008690	 | 	Train MAPE Loss     : 0.71588725
Valid MSE Loss     : 0.00004637	 | 	Valid MAPE Loss     : 0.56393772
lr                 : [3.0000000000000004e-09]


Epoch : 95
Train MSE Loss     : 1.00008202	 | 	Train MAPE Loss     : 0.68574923
Valid MSE Loss     : 0.00005334	 | 	Valid MAPE Loss     : 0.61464494
lr                 : [3.0000000000000004e-09]


Epoch : 96
Train MSE Loss     : 1.00008214	 | 	Train MAPE Loss     : 0.68066728
Valid MSE Loss     : 0.00004707	 | 	Valid MAPE Loss     : 0.56575137
lr                 : [3.0000000000000004e-09]


Epoch : 97
Train MSE Loss     : 1.00008428	 | 	Train MAPE Loss     : 0.70367002
Valid MSE Loss     : 0.00005045	 | 	Valid MAPE Loss     : 0.58354682
lr                 : [3.0000000000000004e-09]


Epoch : 98
Train MSE Loss     : 1.00008476	 | 	Train MAPE Loss     : 0.70483732
Valid MSE Loss     : 0.00005013	 | 	Valid MAPE Loss     : 0.57809657
lr                 : [3.0000000000000004e-09]


Epoch : 99
Train MSE Loss     : 1.00008690	 | 	Train MAPE Loss     : 0.71582389
Valid MSE Loss     : 0.00004791	 | 	Valid MAPE Loss     : 0.57624149
lr                 : [3.0000000000000004e-09]


Epoch : 100
Train MSE Loss     : 1.00008225	 | 	Train MAPE Loss     : 0.68195325
Valid MSE Loss     : 0.00004831	 | 	Valid MAPE Loss     : 0.57392937
lr                 : [3.0000000000000004e-09]


Epoch : 101
Train MSE Loss     : 1.00008738	 | 	Train MAPE Loss     : 0.72210360
Valid MSE Loss     : 0.00004543	 | 	Valid MAPE Loss     : 0.55428010
lr                 : [3.0000000000000004e-09]


Epoch : 102
Train MSE Loss     : 1.00008237	 | 	Train MAPE Loss     : 0.69236088
Valid MSE Loss     : 0.00004801	 | 	Valid MAPE Loss     : 0.56897265
lr                 : [3.0000000000000004e-09]


Epoch : 103
Train MSE Loss     : 1.00008345	 | 	Train MAPE Loss     : 0.69610214
Valid MSE Loss     : 0.00005100	 | 	Valid MAPE Loss     : 0.58012891
lr                 : [3.0000000000000004e-09]


Epoch : 104
Train MSE Loss     : 1.00008488	 | 	Train MAPE Loss     : 0.69513416
Valid MSE Loss     : 0.00004677	 | 	Valid MAPE Loss     : 0.56114787
lr                 : [3.0000000000000004e-09]


Epoch : 105
Train MSE Loss     : 1.00008738	 | 	Train MAPE Loss     : 0.71539831
Valid MSE Loss     : 0.00005207	 | 	Valid MAPE Loss     : 0.57631594
lr                 : [3.0000000000000004e-09]


Epoch : 106
Train MSE Loss     : 1.00008428	 | 	Train MAPE Loss     : 0.69708878
Valid MSE Loss     : 0.00005238	 | 	Valid MAPE Loss     : 0.58832031
lr                 : [3.0000000000000004e-09]


Epoch : 107
Train MSE Loss     : 1.00008368	 | 	Train MAPE Loss     : 0.69613767
Valid MSE Loss     : 0.00004586	 | 	Valid MAPE Loss     : 0.54868639
lr                 : [3.0000000000000004e-09]


Epoch : 108
Train MSE Loss     : 1.00008166	 | 	Train MAPE Loss     : 0.68513602
Valid MSE Loss     : 0.00004702	 | 	Valid MAPE Loss     : 0.56542611
lr                 : [3.0000000000000004e-09]


Epoch : 109
Train MSE Loss     : 1.00008559	 | 	Train MAPE Loss     : 0.71195936
Valid MSE Loss     : 0.00004701	 | 	Valid MAPE Loss     : 0.57064408
lr                 : [3.0000000000000004e-09]


Epoch : 110
Train MSE Loss     : 1.00008762	 | 	Train MAPE Loss     : 0.71543169
Valid MSE Loss     : 0.00004754	 | 	Valid MAPE Loss     : 0.56968594
lr                 : [3.0000000000000004e-09]


Epoch : 111
Train MSE Loss     : 1.00008261	 | 	Train MAPE Loss     : 0.68728083
Valid MSE Loss     : 0.00004912	 | 	Valid MAPE Loss     : 0.58299845
lr                 : [3.0000000000000004e-09]


Epoch : 112
Train MSE Loss     : 1.00008547	 | 	Train MAPE Loss     : 0.70608002
Valid MSE Loss     : 0.00004712	 | 	Valid MAPE Loss     : 0.56256574
lr                 : [3.0000000000000004e-09]


Epoch : 113
Train MSE Loss     : 1.00008321	 | 	Train MAPE Loss     : 0.69136399
Valid MSE Loss     : 0.00004701	 | 	Valid MAPE Loss     : 0.55850571
lr                 : [3.0000000000000004e-09]


Epoch : 114
Train MSE Loss     : 1.00008357	 | 	Train MAPE Loss     : 0.69563502
Valid MSE Loss     : 0.00005423	 | 	Valid MAPE Loss     : 0.60032207
lr                 : [3.0000000000000004e-09]


Epoch : 115
Train MSE Loss     : 1.00008547	 | 	Train MAPE Loss     : 0.70920002
Valid MSE Loss     : 0.00004856	 | 	Valid MAPE Loss     : 0.56791836
lr                 : [3.0000000000000004e-09]


Epoch : 116
Train MSE Loss     : 1.00008678	 | 	Train MAPE Loss     : 0.71220827
Valid MSE Loss     : 0.00005099	 | 	Valid MAPE Loss     : 0.59271175
lr                 : [3.0000000000000004e-09]


Epoch : 117
Train MSE Loss     : 1.00008237	 | 	Train MAPE Loss     : 0.68917638
Valid MSE Loss     : 0.00004926	 | 	Valid MAPE Loss     : 0.58148628
lr                 : [3.0000000000000004e-09]


Epoch : 118
Train MSE Loss     : 1.00008392	 | 	Train MAPE Loss     : 0.69906533
Valid MSE Loss     : 0.00005008	 | 	Valid MAPE Loss     : 0.57783067
lr                 : [3.0000000000000004e-09]


Epoch : 119
Train MSE Loss     : 1.00008070	 | 	Train MAPE Loss     : 0.67874134
Valid MSE Loss     : 0.00004969	 | 	Valid MAPE Loss     : 0.58871633
lr                 : [3.0000000000000004e-09]


Epoch : 120
Train MSE Loss     : 1.00007975	 | 	Train MAPE Loss     : 0.67377961
Valid MSE Loss     : 0.00004680	 | 	Valid MAPE Loss     : 0.56546271
lr                 : [3.0000000000000004e-09]


Epoch : 121
Train MSE Loss     : 1.00008011	 | 	Train MAPE Loss     : 0.67660975
Valid MSE Loss     : 0.00005081	 | 	Valid MAPE Loss     : 0.58853167
lr                 : [3.0000000000000004e-09]


Epoch : 122
Train MSE Loss     : 1.00008392	 | 	Train MAPE Loss     : 0.69650084
Valid MSE Loss     : 0.00005310	 | 	Valid MAPE Loss     : 0.60000163
lr                 : [3.0000000000000004e-09]


Epoch : 123
Train MSE Loss     : 1.00008333	 | 	Train MAPE Loss     : 0.69253850
Valid MSE Loss     : 0.00005446	 | 	Valid MAPE Loss     : 0.60359603
lr                 : [3.0000000000000004e-09]


Epoch : 124
Train MSE Loss     : 1.00008321	 | 	Train MAPE Loss     : 0.69341898
Valid MSE Loss     : 0.00005213	 | 	Valid MAPE Loss     : 0.60055369
lr                 : [3.0000000000000004e-09]


Epoch : 125
Train MSE Loss     : 1.00008285	 | 	Train MAPE Loss     : 0.68848944
Valid MSE Loss     : 0.00004933	 | 	Valid MAPE Loss     : 0.58090794
lr                 : [3.0000000000000004e-09]


Epoch : 126
Train MSE Loss     : 1.00008190	 | 	Train MAPE Loss     : 0.69081122
Valid MSE Loss     : 0.00004567	 | 	Valid MAPE Loss     : 0.55316693
lr                 : [3.0000000000000004e-09]


Epoch : 127
Train MSE Loss     : 1.00008380	 | 	Train MAPE Loss     : 0.68940616
Valid MSE Loss     : 0.00004768	 | 	Valid MAPE Loss     : 0.56330359
lr                 : [3.0000000000000004e-09]


Epoch : 128
Train MSE Loss     : 1.00008309	 | 	Train MAPE Loss     : 0.69360411
Valid MSE Loss     : 0.00004272	 | 	Valid MAPE Loss     : 0.53732568
lr                 : [3.0000000000000004e-09]


Epoch : 129
Train MSE Loss     : 1.00008368	 | 	Train MAPE Loss     : 0.69974405
Valid MSE Loss     : 0.00004911	 | 	Valid MAPE Loss     : 0.57916999
lr                 : [3.0000000000000004e-09]


Epoch : 130
Train MSE Loss     : 1.00008059	 | 	Train MAPE Loss     : 0.67634118
Valid MSE Loss     : 0.00004899	 | 	Valid MAPE Loss     : 0.57251424
lr                 : [3.0000000000000004e-09]


Epoch : 131
Train MSE Loss     : 1.00009096	 | 	Train MAPE Loss     : 0.72804946
Valid MSE Loss     : 0.00004912	 | 	Valid MAPE Loss     : 0.57190603
lr                 : [3.0000000000000004e-09]


Epoch : 132
Train MSE Loss     : 1.00008392	 | 	Train MAPE Loss     : 0.69936818
Valid MSE Loss     : 0.00004670	 | 	Valid MAPE Loss     : 0.56617516
lr                 : [3.0000000000000004e-09]


Epoch : 133
Train MSE Loss     : 1.00008106	 | 	Train MAPE Loss     : 0.68283695
Valid MSE Loss     : 0.00004707	 | 	Valid MAPE Loss     : 0.56861979
lr                 : [3.0000000000000004e-09]


Epoch : 134
Train MSE Loss     : 1.00008297	 | 	Train MAPE Loss     : 0.69730932
Valid MSE Loss     : 0.00004871	 | 	Valid MAPE Loss     : 0.56994528
lr                 : [3.0000000000000004e-09]


Epoch : 135
Train MSE Loss     : 1.00008750	 | 	Train MAPE Loss     : 0.71333015
Valid MSE Loss     : 0.00005670	 | 	Valid MAPE Loss     : 0.62793350
lr                 : [3.0000000000000004e-09]


Epoch : 136
Train MSE Loss     : 1.00008392	 | 	Train MAPE Loss     : 0.70109868
Valid MSE Loss     : 0.00005007	 | 	Valid MAPE Loss     : 0.59063065
lr                 : [3.0000000000000004e-09]


Epoch : 137
Train MSE Loss     : 1.00008774	 | 	Train MAPE Loss     : 0.70925558
Valid MSE Loss     : 0.00005045	 | 	Valid MAPE Loss     : 0.57591534
lr                 : [3.0000000000000004e-09]


Epoch : 138
Train MSE Loss     : 1.00008440	 | 	Train MAPE Loss     : 0.69655031
Valid MSE Loss     : 0.00004782	 | 	Valid MAPE Loss     : 0.57012403
lr                 : [3.0000000000000004e-09]


Epoch : 139
Train MSE Loss     : 1.00008667	 | 	Train MAPE Loss     : 0.70617753
Valid MSE Loss     : 0.00005421	 | 	Valid MAPE Loss     : 0.61716151
lr                 : [3.0000000000000004e-09]


Epoch : 140
Train MSE Loss     : 1.00008368	 | 	Train MAPE Loss     : 0.69612825
Valid MSE Loss     : 0.00005310	 | 	Valid MAPE Loss     : 0.60724038
lr                 : [3.0000000000000004e-09]


Epoch : 141
Train MSE Loss     : 1.00008297	 | 	Train MAPE Loss     : 0.69807839
Valid MSE Loss     : 0.00004522	 | 	Valid MAPE Loss     : 0.54755610
lr                 : [3.0000000000000004e-09]


Epoch : 142
Train MSE Loss     : 1.00007999	 | 	Train MAPE Loss     : 0.67669916
Valid MSE Loss     : 0.00004591	 | 	Valid MAPE Loss     : 0.55485237
lr                 : [3.0000000000000004e-09]


Epoch : 143
Train MSE Loss     : 1.00008392	 | 	Train MAPE Loss     : 0.69717997
Valid MSE Loss     : 0.00004772	 | 	Valid MAPE Loss     : 0.56581640
lr                 : [3.0000000000000004e-09]


Epoch : 144
Train MSE Loss     : 1.00008905	 | 	Train MAPE Loss     : 0.71940082
Valid MSE Loss     : 0.00004900	 | 	Valid MAPE Loss     : 0.58213383
lr                 : [3.0000000000000004e-09]


Epoch : 145
Train MSE Loss     : 1.00008655	 | 	Train MAPE Loss     : 0.71120584
Valid MSE Loss     : 0.00005448	 | 	Valid MAPE Loss     : 0.60580027
lr                 : [3.0000000000000004e-09]


Epoch : 146
Train MSE Loss     : 1.00008535	 | 	Train MAPE Loss     : 0.69885105
Valid MSE Loss     : 0.00004989	 | 	Valid MAPE Loss     : 0.58359742
lr                 : [3.0000000000000004e-09]


Epoch : 147
Train MSE Loss     : 1.00008321	 | 	Train MAPE Loss     : 0.69557804
Valid MSE Loss     : 0.00004654	 | 	Valid MAPE Loss     : 0.56678325
lr                 : [3.0000000000000004e-09]


Epoch : 148
Train MSE Loss     : 1.00008428	 | 	Train MAPE Loss     : 0.69728106
Valid MSE Loss     : 0.00004956	 | 	Valid MAPE Loss     : 0.55137438
lr                 : [3.0000000000000004e-09]


Epoch : 149
Train MSE Loss     : 1.00008333	 | 	Train MAPE Loss     : 0.69243091
Valid MSE Loss     : 0.00005255	 | 	Valid MAPE Loss     : 0.59230465
lr                 : [3.0000000000000004e-09]


Epoch : 150
Train MSE Loss     : 1.00008047	 | 	Train MAPE Loss     : 0.67608565
Valid MSE Loss     : 0.00005140	 | 	Valid MAPE Loss     : 0.59327483
lr                 : [3.0000000000000004e-09]


Evaluate on the Test set:
Test MAPE loss      :0.65861237	 | Test MSE loss      : 0.00007053

################## Training is Done! #########################
