=============================================
Dataset: cell_XJTU_batch3_prepocess_data
Mode:    supervised_with_contrast
=============================================
Training started ....

Epoch : 1
Train MSE Loss     : 1.13497770	 | 	Train MAPE Loss     : 35.74435806
Valid MSE Loss     : 0.00964324	 | 	Valid MAPE Loss     : 6.01526070
lr                 : [0.0003]


Epoch : 2
Train MSE Loss     : 1.01144421	 | 	Train MAPE Loss     : 8.75428104
Valid MSE Loss     : 0.00772753	 | 	Valid MAPE Loss     : 7.73588324
lr                 : [0.0003]


Epoch : 3
Train MSE Loss     : 1.00722587	 | 	Train MAPE Loss     : 7.62546492
Valid MSE Loss     : 0.00048558	 | 	Valid MAPE Loss     : 1.93985224
lr                 : [0.0003]


Epoch : 4
Train MSE Loss     : 1.01017177	 | 	Train MAPE Loss     : 8.42062473
Valid MSE Loss     : 0.00017817	 | 	Valid MAPE Loss     : 1.12051415
lr                 : [0.0003]


Epoch : 5
Train MSE Loss     : 1.03344131	 | 	Train MAPE Loss     : 17.64029121
Valid MSE Loss     : 0.01457182	 | 	Valid MAPE Loss     : 12.82842445
lr                 : [0.0003]


Epoch : 6
Train MSE Loss     : 1.00612032	 | 	Train MAPE Loss     : 7.35437298
Valid MSE Loss     : 0.00590453	 | 	Valid MAPE Loss     : 8.11580849
lr                 : [0.0003]


Epoch : 7
Train MSE Loss     : 1.00367439	 | 	Train MAPE Loss     : 5.83061075
Valid MSE Loss     : 0.00012373	 | 	Valid MAPE Loss     : 1.03613544
lr                 : [0.0003]


Epoch : 8
Train MSE Loss     : 1.00334060	 | 	Train MAPE Loss     : 5.22692728
Valid MSE Loss     : 0.00400074	 | 	Valid MAPE Loss     : 6.70273495
lr                 : [0.0003]


Epoch : 9
Train MSE Loss     : 1.02174926	 | 	Train MAPE Loss     : 11.87139320
Valid MSE Loss     : 0.04822475	 | 	Valid MAPE Loss     : 23.43477249
lr                 : [0.0003]


Epoch : 10
Train MSE Loss     : 1.01669300	 | 	Train MAPE Loss     : 10.04104614
Valid MSE Loss     : 0.00462990	 | 	Valid MAPE Loss     : 7.10181713
lr                 : [0.0003]


Epoch : 11
Train MSE Loss     : 1.00637043	 | 	Train MAPE Loss     : 6.71520233
Valid MSE Loss     : 0.02965417	 | 	Valid MAPE Loss     : 18.03178215
lr                 : [0.0003]


Epoch : 12
Train MSE Loss     : 1.02402115	 | 	Train MAPE Loss     : 13.87228394
Valid MSE Loss     : 0.01084982	 | 	Valid MAPE Loss     : 11.00196457
lr                 : [0.0003]


Epoch : 13
Train MSE Loss     : 1.00705957	 | 	Train MAPE Loss     : 6.67798662
Valid MSE Loss     : 0.03292798	 | 	Valid MAPE Loss     : 19.38835526
lr                 : [0.0003]


Epoch : 14
Train MSE Loss     : 1.01532018	 | 	Train MAPE Loss     : 11.83989811
Valid MSE Loss     : 0.00006963	 | 	Valid MAPE Loss     : 0.73195362
lr                 : [0.0003]


Epoch : 15
Train MSE Loss     : 1.10401809	 | 	Train MAPE Loss     : 32.89118958
Valid MSE Loss     : 0.09275694	 | 	Valid MAPE Loss     : 32.50818253
lr                 : [0.0003]


Epoch : 16
Train MSE Loss     : 1.02156365	 | 	Train MAPE Loss     : 12.78483677
Valid MSE Loss     : 0.03429239	 | 	Valid MAPE Loss     : 19.61631203
lr                 : [0.0003]


Epoch : 17
Train MSE Loss     : 1.03000641	 | 	Train MAPE Loss     : 15.95785618
Valid MSE Loss     : 0.00415792	 | 	Valid MAPE Loss     : 6.66840172
lr                 : [0.0003]


Epoch : 18
Train MSE Loss     : 1.00587332	 | 	Train MAPE Loss     : 7.11485863
Valid MSE Loss     : 0.00191971	 | 	Valid MAPE Loss     : 4.21021938
lr                 : [0.0003]


Epoch : 19
Train MSE Loss     : 1.06534374	 | 	Train MAPE Loss     : 20.08364487
Valid MSE Loss     : 0.30902511	 | 	Valid MAPE Loss     : 59.57056427
lr                 : [0.0003]


Epoch : 20
Train MSE Loss     : 1.26392865	 | 	Train MAPE Loss     : 53.61485291
Valid MSE Loss     : 0.02432030	 | 	Valid MAPE Loss     : 16.76125717
lr                 : [0.0003]


Epoch : 21
Train MSE Loss     : 1.00936091	 | 	Train MAPE Loss     : 8.04874897
Valid MSE Loss     : 0.02432080	 | 	Valid MAPE Loss     : 16.66624451
lr                 : [0.0003]


Epoch : 22
Train MSE Loss     : 1.11778545	 | 	Train MAPE Loss     : 32.77158737
Valid MSE Loss     : 0.20011024	 | 	Valid MAPE Loss     : 47.85657883
lr                 : [0.0003]


Epoch : 23
Train MSE Loss     : 1.11394203	 | 	Train MAPE Loss     : 34.63963318
Valid MSE Loss     : 0.00748438	 | 	Valid MAPE Loss     : 8.83978653
lr                 : [0.0003]


Epoch : 24
Train MSE Loss     : 1.01399887	 | 	Train MAPE Loss     : 11.19921207
Valid MSE Loss     : 0.00135886	 | 	Valid MAPE Loss     : 3.03998470
lr                 : [0.0003]


Epoch : 25
Train MSE Loss     : 1.01905394	 | 	Train MAPE Loss     : 12.05230808
Valid MSE Loss     : 0.00040196	 | 	Valid MAPE Loss     : 1.37339616
lr                 : [2.9999999999999997e-05]


Epoch : 26
Train MSE Loss     : 1.00112426	 | 	Train MAPE Loss     : 2.89238000
Valid MSE Loss     : 0.00019561	 | 	Valid MAPE Loss     : 1.35786629
lr                 : [2.9999999999999997e-05]


Epoch : 27
Train MSE Loss     : 1.00179827	 | 	Train MAPE Loss     : 3.07029891
Valid MSE Loss     : 0.00077727	 | 	Valid MAPE Loss     : 2.89943290
lr                 : [2.9999999999999997e-05]


Epoch : 28
Train MSE Loss     : 1.00120044	 | 	Train MAPE Loss     : 3.00990915
Valid MSE Loss     : 0.00022673	 | 	Valid MAPE Loss     : 1.53254819
lr                 : [2.9999999999999997e-05]


Epoch : 29
Train MSE Loss     : 1.00167012	 | 	Train MAPE Loss     : 3.65257430
Valid MSE Loss     : 0.00284524	 | 	Valid MAPE Loss     : 5.65160036
lr                 : [2.9999999999999997e-05]


Epoch : 30
Train MSE Loss     : 1.00161946	 | 	Train MAPE Loss     : 3.26958609
Valid MSE Loss     : 0.00006227	 | 	Valid MAPE Loss     : 0.63209432
lr                 : [2.9999999999999997e-05]


Epoch : 31
Train MSE Loss     : 1.00264621	 | 	Train MAPE Loss     : 4.41771984
Valid MSE Loss     : 0.00267545	 | 	Valid MAPE Loss     : 5.48951054
lr                 : [2.9999999999999997e-05]


Epoch : 32
Train MSE Loss     : 1.00252461	 | 	Train MAPE Loss     : 4.15490150
Valid MSE Loss     : 0.00531503	 | 	Valid MAPE Loss     : 7.76261520
lr                 : [2.9999999999999997e-05]


Epoch : 33
Train MSE Loss     : 1.00375926	 | 	Train MAPE Loss     : 5.49161577
Valid MSE Loss     : 0.00012375	 | 	Valid MAPE Loss     : 1.08094132
lr                 : [2.9999999999999997e-05]


Epoch : 34
Train MSE Loss     : 1.00178611	 | 	Train MAPE Loss     : 3.58126211
Valid MSE Loss     : 0.00004669	 | 	Valid MAPE Loss     : 0.58712482
lr                 : [2.9999999999999997e-05]


Epoch : 35
Train MSE Loss     : 1.00144851	 | 	Train MAPE Loss     : 3.05892181
Valid MSE Loss     : 0.00210667	 | 	Valid MAPE Loss     : 4.88040829
lr                 : [2.9999999999999997e-05]


Epoch : 36
Train MSE Loss     : 1.00127673	 | 	Train MAPE Loss     : 3.34826350
Valid MSE Loss     : 0.00007675	 | 	Valid MAPE Loss     : 0.80513984
lr                 : [2.9999999999999997e-05]


Epoch : 37
Train MSE Loss     : 1.00136280	 | 	Train MAPE Loss     : 3.16034245
Valid MSE Loss     : 0.00086875	 | 	Valid MAPE Loss     : 3.10985518
lr                 : [2.9999999999999997e-05]


Epoch : 38
Train MSE Loss     : 1.00093603	 | 	Train MAPE Loss     : 2.74116063
Valid MSE Loss     : 0.00032717	 | 	Valid MAPE Loss     : 1.87447476
lr                 : [2.9999999999999997e-05]


Epoch : 39
Train MSE Loss     : 1.00114620	 | 	Train MAPE Loss     : 2.98506713
Valid MSE Loss     : 0.00037487	 | 	Valid MAPE Loss     : 1.99375343
lr                 : [2.9999999999999997e-05]


Epoch : 40
Train MSE Loss     : 1.00083303	 | 	Train MAPE Loss     : 2.56902313
Valid MSE Loss     : 0.00042340	 | 	Valid MAPE Loss     : 2.12888432
lr                 : [2.9999999999999997e-05]


Epoch : 41
Train MSE Loss     : 1.00422180	 | 	Train MAPE Loss     : 5.90653515
Valid MSE Loss     : 0.00422688	 | 	Valid MAPE Loss     : 6.94116020
lr                 : [2.9999999999999997e-05]


Epoch : 42
Train MSE Loss     : 1.00131345	 | 	Train MAPE Loss     : 3.08263803
Valid MSE Loss     : 0.00003557	 | 	Valid MAPE Loss     : 0.51156813
lr                 : [2.9999999999999997e-05]


Epoch : 43
Train MSE Loss     : 1.00122404	 | 	Train MAPE Loss     : 2.93962097
Valid MSE Loss     : 0.00002483	 | 	Valid MAPE Loss     : 0.39619982
lr                 : [2.9999999999999997e-05]


Epoch : 44
Train MSE Loss     : 1.00044847	 | 	Train MAPE Loss     : 1.81201446
Valid MSE Loss     : 0.00140075	 | 	Valid MAPE Loss     : 3.97848010
lr                 : [2.9999999999999997e-05]


Epoch : 45
Train MSE Loss     : 1.00060451	 | 	Train MAPE Loss     : 1.95359182
Valid MSE Loss     : 0.00005827	 | 	Valid MAPE Loss     : 0.67117727
lr                 : [2.9999999999999997e-05]


Epoch : 46
Train MSE Loss     : 1.00047350	 | 	Train MAPE Loss     : 1.73183644
Valid MSE Loss     : 0.00022840	 | 	Valid MAPE Loss     : 1.53948689
lr                 : [2.9999999999999997e-05]


Epoch : 47
Train MSE Loss     : 1.00041306	 | 	Train MAPE Loss     : 1.89688921
Valid MSE Loss     : 0.00032917	 | 	Valid MAPE Loss     : 1.85572898
lr                 : [2.9999999999999997e-05]


Epoch : 48
Train MSE Loss     : 1.00070786	 | 	Train MAPE Loss     : 2.46645927
Valid MSE Loss     : 0.00005949	 | 	Valid MAPE Loss     : 0.69359612
lr                 : [2.9999999999999997e-05]


Epoch : 49
Train MSE Loss     : 1.00029528	 | 	Train MAPE Loss     : 1.57111359
Valid MSE Loss     : 0.00023387	 | 	Valid MAPE Loss     : 1.53077030
lr                 : [2.9999999999999997e-05]


Epoch : 50
Train MSE Loss     : 1.00039661	 | 	Train MAPE Loss     : 1.66151237
Valid MSE Loss     : 0.00014651	 | 	Valid MAPE Loss     : 1.20498264
lr                 : [2.9999999999999997e-05]


Epoch : 51
Train MSE Loss     : 1.00130105	 | 	Train MAPE Loss     : 3.48506546
Valid MSE Loss     : 0.00013759	 | 	Valid MAPE Loss     : 1.06277215
lr                 : [2.9999999999999997e-05]


Epoch : 52
Train MSE Loss     : 1.00038612	 | 	Train MAPE Loss     : 1.60820305
Valid MSE Loss     : 0.00014271	 | 	Valid MAPE Loss     : 1.18125153
lr                 : [2.9999999999999997e-05]


Epoch : 53
Train MSE Loss     : 1.00052536	 | 	Train MAPE Loss     : 1.95777929
Valid MSE Loss     : 0.00024084	 | 	Valid MAPE Loss     : 1.51991594
lr                 : [2.9999999999999997e-05]


Epoch : 54
Train MSE Loss     : 1.00037265	 | 	Train MAPE Loss     : 1.68055773
Valid MSE Loss     : 0.00004821	 | 	Valid MAPE Loss     : 0.59729218
lr                 : [3e-06]


Epoch : 55
Train MSE Loss     : 1.00011778	 | 	Train MAPE Loss     : 0.94916189
Valid MSE Loss     : 0.00004274	 | 	Valid MAPE Loss     : 0.58416712
lr                 : [3e-06]


Epoch : 56
Train MSE Loss     : 1.00026441	 | 	Train MAPE Loss     : 1.43744719
Valid MSE Loss     : 0.00009604	 | 	Valid MAPE Loss     : 0.95267546
lr                 : [3e-06]


Epoch : 57
Train MSE Loss     : 1.00024402	 | 	Train MAPE Loss     : 1.37465274
Valid MSE Loss     : 0.00003071	 | 	Valid MAPE Loss     : 0.44268185
lr                 : [3e-06]


Epoch : 58
Train MSE Loss     : 1.00019145	 | 	Train MAPE Loss     : 1.14044404
Valid MSE Loss     : 0.00008949	 | 	Valid MAPE Loss     : 0.91466105
lr                 : [3e-06]


Epoch : 59
Train MSE Loss     : 1.00026751	 | 	Train MAPE Loss     : 1.39347148
Valid MSE Loss     : 0.00012797	 | 	Valid MAPE Loss     : 1.12048519
lr                 : [3e-06]


Epoch : 60
Train MSE Loss     : 1.00024450	 | 	Train MAPE Loss     : 1.32069695
Valid MSE Loss     : 0.00002611	 | 	Valid MAPE Loss     : 0.41939172
lr                 : [3e-06]


Epoch : 61
Train MSE Loss     : 1.00019920	 | 	Train MAPE Loss     : 1.15284765
Valid MSE Loss     : 0.00003933	 | 	Valid MAPE Loss     : 0.55776554
lr                 : [3e-06]


Epoch : 62
Train MSE Loss     : 1.00017309	 | 	Train MAPE Loss     : 1.07850122
Valid MSE Loss     : 0.00002293	 | 	Valid MAPE Loss     : 0.37428883
lr                 : [3e-06]


Epoch : 63
Train MSE Loss     : 1.00015473	 | 	Train MAPE Loss     : 1.05907416
Valid MSE Loss     : 0.00002277	 | 	Valid MAPE Loss     : 0.39486718
lr                 : [3e-06]


Epoch : 64
Train MSE Loss     : 1.00022745	 | 	Train MAPE Loss     : 1.27100742
Valid MSE Loss     : 0.00003160	 | 	Valid MAPE Loss     : 0.48564464
lr                 : [3e-06]


Epoch : 65
Train MSE Loss     : 1.00014734	 | 	Train MAPE Loss     : 0.99722791
Valid MSE Loss     : 0.00002180	 | 	Valid MAPE Loss     : 0.37641755
lr                 : [3e-06]


Epoch : 66
Train MSE Loss     : 1.00018990	 | 	Train MAPE Loss     : 1.22851169
Valid MSE Loss     : 0.00002480	 | 	Valid MAPE Loss     : 0.42429394
lr                 : [3e-06]


Epoch : 67
Train MSE Loss     : 1.00019372	 | 	Train MAPE Loss     : 1.13735044
Valid MSE Loss     : 0.00001935	 | 	Valid MAPE Loss     : 0.34173533
lr                 : [3e-06]


Epoch : 68
Train MSE Loss     : 1.00013006	 | 	Train MAPE Loss     : 0.93696886
Valid MSE Loss     : 0.00009178	 | 	Valid MAPE Loss     : 0.94426703
lr                 : [3e-06]


Epoch : 69
Train MSE Loss     : 1.00009716	 | 	Train MAPE Loss     : 0.83088267
Valid MSE Loss     : 0.00002502	 | 	Valid MAPE Loss     : 0.39751118
lr                 : [3e-06]


Epoch : 70
Train MSE Loss     : 1.00020993	 | 	Train MAPE Loss     : 1.23773623
Valid MSE Loss     : 0.00007960	 | 	Valid MAPE Loss     : 0.86792815
lr                 : [3e-06]


Epoch : 71
Train MSE Loss     : 1.00009036	 | 	Train MAPE Loss     : 0.83053452
Valid MSE Loss     : 0.00001959	 | 	Valid MAPE Loss     : 0.35098273
lr                 : [3e-06]


Epoch : 72
Train MSE Loss     : 1.00014639	 | 	Train MAPE Loss     : 1.05429125
Valid MSE Loss     : 0.00004323	 | 	Valid MAPE Loss     : 0.57796526
lr                 : [3e-06]


Epoch : 73
Train MSE Loss     : 1.00012076	 | 	Train MAPE Loss     : 0.95001107
Valid MSE Loss     : 0.00003037	 | 	Valid MAPE Loss     : 0.46386111
lr                 : [3e-06]


Epoch : 74
Train MSE Loss     : 1.00014412	 | 	Train MAPE Loss     : 0.97151697
Valid MSE Loss     : 0.00009846	 | 	Valid MAPE Loss     : 0.96353018
lr                 : [3e-06]


Epoch : 75
Train MSE Loss     : 1.00013781	 | 	Train MAPE Loss     : 0.95189512
Valid MSE Loss     : 0.00003607	 | 	Valid MAPE Loss     : 0.51094806
lr                 : [3e-06]


Epoch : 76
Train MSE Loss     : 1.00011015	 | 	Train MAPE Loss     : 0.90158767
Valid MSE Loss     : 0.00002041	 | 	Valid MAPE Loss     : 0.34828392
lr                 : [3e-06]


Epoch : 77
Train MSE Loss     : 1.00013053	 | 	Train MAPE Loss     : 1.00329089
Valid MSE Loss     : 0.00002538	 | 	Valid MAPE Loss     : 0.42344141
lr                 : [3e-06]


Epoch : 78
Train MSE Loss     : 1.00007260	 | 	Train MAPE Loss     : 0.69403970
Valid MSE Loss     : 0.00002162	 | 	Valid MAPE Loss     : 0.35630804
lr                 : [3.0000000000000004e-07]


Epoch : 79
Train MSE Loss     : 1.00008690	 | 	Train MAPE Loss     : 0.77433580
Valid MSE Loss     : 0.00003030	 | 	Valid MAPE Loss     : 0.48058110
lr                 : [3.0000000000000004e-07]


Epoch : 80
Train MSE Loss     : 1.00008333	 | 	Train MAPE Loss     : 0.79770738
Valid MSE Loss     : 0.00003196	 | 	Valid MAPE Loss     : 0.49675924
lr                 : [3.0000000000000004e-07]


Epoch : 81
Train MSE Loss     : 1.00007248	 | 	Train MAPE Loss     : 0.69856209
Valid MSE Loss     : 0.00002768	 | 	Valid MAPE Loss     : 0.45514274
lr                 : [3.0000000000000004e-07]


Epoch : 82
Train MSE Loss     : 1.00006664	 | 	Train MAPE Loss     : 0.68633211
Valid MSE Loss     : 0.00002013	 | 	Valid MAPE Loss     : 0.34574693
lr                 : [3.0000000000000004e-07]


Epoch : 83
Train MSE Loss     : 1.00009906	 | 	Train MAPE Loss     : 0.82380331
Valid MSE Loss     : 0.00002471	 | 	Valid MAPE Loss     : 0.38683999
lr                 : [3.0000000000000004e-07]


Epoch : 84
Train MSE Loss     : 1.00008047	 | 	Train MAPE Loss     : 0.77871269
Valid MSE Loss     : 0.00002011	 | 	Valid MAPE Loss     : 0.35233110
lr                 : [3.0000000000000004e-07]


Epoch : 85
Train MSE Loss     : 1.00009477	 | 	Train MAPE Loss     : 0.85525668
Valid MSE Loss     : 0.00002596	 | 	Valid MAPE Loss     : 0.41073692
lr                 : [3.0000000000000004e-07]


Epoch : 86
Train MSE Loss     : 1.00005901	 | 	Train MAPE Loss     : 0.64537948
Valid MSE Loss     : 0.00004013	 | 	Valid MAPE Loss     : 0.56700188
lr                 : [3.0000000000000004e-07]


Epoch : 87
Train MSE Loss     : 1.00006676	 | 	Train MAPE Loss     : 0.71860623
Valid MSE Loss     : 0.00004861	 | 	Valid MAPE Loss     : 0.64228696
lr                 : [3.0000000000000004e-07]


Epoch : 88
Train MSE Loss     : 1.00006831	 | 	Train MAPE Loss     : 0.69992751
Valid MSE Loss     : 0.00002202	 | 	Valid MAPE Loss     : 0.37615263
lr                 : [3.0000000000000004e-07]


Epoch : 89
Train MSE Loss     : 1.00010359	 | 	Train MAPE Loss     : 0.89453834
Valid MSE Loss     : 0.00002053	 | 	Valid MAPE Loss     : 0.36279476
lr                 : [3.0000000000000004e-08]


Epoch : 90
Train MSE Loss     : 1.00004947	 | 	Train MAPE Loss     : 0.61686492
Valid MSE Loss     : 0.00003355	 | 	Valid MAPE Loss     : 0.48541826
lr                 : [3.0000000000000004e-08]


Epoch : 91
Train MSE Loss     : 1.00008023	 | 	Train MAPE Loss     : 0.71827811
Valid MSE Loss     : 0.00003602	 | 	Valid MAPE Loss     : 0.52920949
lr                 : [3.0000000000000004e-08]


Epoch : 92
Train MSE Loss     : 1.00007093	 | 	Train MAPE Loss     : 0.67323309
Valid MSE Loss     : 0.00001686	 | 	Valid MAPE Loss     : 0.32940045
lr                 : [3.0000000000000004e-08]


Epoch : 93
Train MSE Loss     : 1.00012004	 | 	Train MAPE Loss     : 0.90502322
Valid MSE Loss     : 0.00002777	 | 	Valid MAPE Loss     : 0.44436038
lr                 : [3.0000000000000004e-08]


Epoch : 94
Train MSE Loss     : 1.00009549	 | 	Train MAPE Loss     : 0.85195178
Valid MSE Loss     : 0.00002432	 | 	Valid MAPE Loss     : 0.39728719
lr                 : [3.0000000000000004e-08]


Epoch : 95
Train MSE Loss     : 1.00010991	 | 	Train MAPE Loss     : 0.83917528
Valid MSE Loss     : 0.00006118	 | 	Valid MAPE Loss     : 0.73569411
lr                 : [3.0000000000000004e-08]


Epoch : 96
Train MSE Loss     : 1.00010788	 | 	Train MAPE Loss     : 0.88125157
Valid MSE Loss     : 0.00004001	 | 	Valid MAPE Loss     : 0.57591897
lr                 : [3.0000000000000004e-08]


Epoch : 97
Train MSE Loss     : 1.00009763	 | 	Train MAPE Loss     : 0.79388815
Valid MSE Loss     : 0.00001916	 | 	Valid MAPE Loss     : 0.34121603
lr                 : [3.0000000000000004e-08]


Epoch : 98
Train MSE Loss     : 1.00011623	 | 	Train MAPE Loss     : 0.87060648
Valid MSE Loss     : 0.00003538	 | 	Valid MAPE Loss     : 0.51859981
lr                 : [3.0000000000000004e-08]


Epoch : 99
Train MSE Loss     : 1.00009573	 | 	Train MAPE Loss     : 0.81927943
Valid MSE Loss     : 0.00002047	 | 	Valid MAPE Loss     : 0.36431456
lr                 : [3.0000000000000004e-08]


Epoch : 100
Train MSE Loss     : 1.00006747	 | 	Train MAPE Loss     : 0.70748752
Valid MSE Loss     : 0.00002413	 | 	Valid MAPE Loss     : 0.39485994
lr                 : [3.0000000000000004e-08]


Epoch : 101
Train MSE Loss     : 1.00011241	 | 	Train MAPE Loss     : 0.81442684
Valid MSE Loss     : 0.00004567	 | 	Valid MAPE Loss     : 0.62149310
lr                 : [3.0000000000000004e-08]


Epoch : 102
Train MSE Loss     : 1.00009894	 | 	Train MAPE Loss     : 0.79346091
Valid MSE Loss     : 0.00002583	 | 	Valid MAPE Loss     : 0.41670081
lr                 : [3.0000000000000004e-08]


Epoch : 103
Train MSE Loss     : 1.00011599	 | 	Train MAPE Loss     : 0.90399128
Valid MSE Loss     : 0.00006778	 | 	Valid MAPE Loss     : 0.78581250
lr                 : [3.0000000000000004e-09]


Epoch : 104
Train MSE Loss     : 1.00006032	 | 	Train MAPE Loss     : 0.66129798
Valid MSE Loss     : 0.00005509	 | 	Valid MAPE Loss     : 0.69636500
lr                 : [3.0000000000000004e-09]


Epoch : 105
Train MSE Loss     : 1.00010514	 | 	Train MAPE Loss     : 0.88978773
Valid MSE Loss     : 0.00002273	 | 	Valid MAPE Loss     : 0.37688586
lr                 : [3.0000000000000004e-09]


Epoch : 106
Train MSE Loss     : 1.00011206	 | 	Train MAPE Loss     : 0.90356821
Valid MSE Loss     : 0.00003023	 | 	Valid MAPE Loss     : 0.45656708
lr                 : [3.0000000000000004e-09]


Epoch : 107
Train MSE Loss     : 1.00006378	 | 	Train MAPE Loss     : 0.68382430
Valid MSE Loss     : 0.00001592	 | 	Valid MAPE Loss     : 0.30985963
lr                 : [3.0000000000000004e-09]


Epoch : 108
Train MSE Loss     : 1.00013149	 | 	Train MAPE Loss     : 0.96285284
Valid MSE Loss     : 0.00010189	 | 	Valid MAPE Loss     : 0.98503721
lr                 : [3.0000000000000004e-09]


Epoch : 109
Train MSE Loss     : 1.00012398	 | 	Train MAPE Loss     : 0.93681091
Valid MSE Loss     : 0.00003263	 | 	Valid MAPE Loss     : 0.49588463
lr                 : [3.0000000000000004e-09]


Epoch : 110
Train MSE Loss     : 1.00010216	 | 	Train MAPE Loss     : 0.90533966
Valid MSE Loss     : 0.00005482	 | 	Valid MAPE Loss     : 0.68385655
lr                 : [3.0000000000000004e-09]


Epoch : 111
Train MSE Loss     : 1.00008523	 | 	Train MAPE Loss     : 0.79824024
Valid MSE Loss     : 0.00007809	 | 	Valid MAPE Loss     : 0.84149730
lr                 : [3.0000000000000004e-09]


Epoch : 112
Train MSE Loss     : 1.00013113	 | 	Train MAPE Loss     : 0.87995315
Valid MSE Loss     : 0.00005869	 | 	Valid MAPE Loss     : 0.71086502
lr                 : [3.0000000000000004e-09]


Epoch : 113
Train MSE Loss     : 1.00008345	 | 	Train MAPE Loss     : 0.79488558
Valid MSE Loss     : 0.00003435	 | 	Valid MAPE Loss     : 0.50516546
lr                 : [3.0000000000000004e-09]


Epoch : 114
Train MSE Loss     : 1.00008476	 | 	Train MAPE Loss     : 0.79129046
Valid MSE Loss     : 0.00005261	 | 	Valid MAPE Loss     : 0.66636610
lr                 : [3.0000000000000004e-09]


Epoch : 115
Train MSE Loss     : 1.00009561	 | 	Train MAPE Loss     : 0.84832418
Valid MSE Loss     : 0.00002396	 | 	Valid MAPE Loss     : 0.39816344
lr                 : [3.0000000000000004e-09]


Epoch : 116
Train MSE Loss     : 1.00009739	 | 	Train MAPE Loss     : 0.81544363
Valid MSE Loss     : 0.00002874	 | 	Valid MAPE Loss     : 0.45518079
lr                 : [3.0000000000000004e-09]


Epoch : 117
Train MSE Loss     : 1.00010312	 | 	Train MAPE Loss     : 0.79489839
Valid MSE Loss     : 0.00002817	 | 	Valid MAPE Loss     : 0.44519851
lr                 : [3.0000000000000004e-09]


Epoch : 118
Train MSE Loss     : 1.00012064	 | 	Train MAPE Loss     : 0.92821687
Valid MSE Loss     : 0.00007260	 | 	Valid MAPE Loss     : 0.81205130
lr                 : [3.0000000000000004e-09]


Epoch : 119
Train MSE Loss     : 1.00010121	 | 	Train MAPE Loss     : 0.83479828
Valid MSE Loss     : 0.00002304	 | 	Valid MAPE Loss     : 0.38616970
lr                 : [3.0000000000000004e-09]


Epoch : 120
Train MSE Loss     : 1.00007880	 | 	Train MAPE Loss     : 0.77907187
Valid MSE Loss     : 0.00005697	 | 	Valid MAPE Loss     : 0.70123488
lr                 : [3.0000000000000004e-09]


Epoch : 121
Train MSE Loss     : 1.00007272	 | 	Train MAPE Loss     : 0.69718158
Valid MSE Loss     : 0.00002042	 | 	Valid MAPE Loss     : 0.36442992
lr                 : [3.0000000000000004e-09]


Epoch : 122
Train MSE Loss     : 1.00009513	 | 	Train MAPE Loss     : 0.87944067
Valid MSE Loss     : 0.00003397	 | 	Valid MAPE Loss     : 0.49549896
lr                 : [3.0000000000000004e-09]


Epoch : 123
Train MSE Loss     : 1.00009215	 | 	Train MAPE Loss     : 0.82630843
Valid MSE Loss     : 0.00002081	 | 	Valid MAPE Loss     : 0.36164814
lr                 : [3.0000000000000004e-09]


Epoch : 124
Train MSE Loss     : 1.00010908	 | 	Train MAPE Loss     : 0.93400818
Valid MSE Loss     : 0.00001767	 | 	Valid MAPE Loss     : 0.33216995
lr                 : [3.0000000000000004e-09]


Epoch : 125
Train MSE Loss     : 1.00012636	 | 	Train MAPE Loss     : 0.92813802
Valid MSE Loss     : 0.00005450	 | 	Valid MAPE Loss     : 0.68673015
lr                 : [3.0000000000000004e-09]


Epoch : 126
Train MSE Loss     : 1.00006628	 | 	Train MAPE Loss     : 0.71563047
Valid MSE Loss     : 0.00002576	 | 	Valid MAPE Loss     : 0.40653518
lr                 : [3.0000000000000004e-09]


Epoch : 127
Train MSE Loss     : 1.00010669	 | 	Train MAPE Loss     : 0.88386893
Valid MSE Loss     : 0.00001802	 | 	Valid MAPE Loss     : 0.33587253
lr                 : [3.0000000000000004e-09]


Epoch : 128
Train MSE Loss     : 1.00005460	 | 	Train MAPE Loss     : 0.64770073
Valid MSE Loss     : 0.00001930	 | 	Valid MAPE Loss     : 0.33588392
lr                 : [3.0000000000000004e-09]


Epoch : 129
Train MSE Loss     : 1.00006855	 | 	Train MAPE Loss     : 0.72168952
Valid MSE Loss     : 0.00004406	 | 	Valid MAPE Loss     : 0.61670613
lr                 : [3.0000000000000004e-09]


Epoch : 130
Train MSE Loss     : 1.00010049	 | 	Train MAPE Loss     : 0.83766443
Valid MSE Loss     : 0.00002097	 | 	Valid MAPE Loss     : 0.38047397
lr                 : [3.0000000000000004e-09]


Epoch : 131
Train MSE Loss     : 1.00009394	 | 	Train MAPE Loss     : 0.82734495
Valid MSE Loss     : 0.00001769	 | 	Valid MAPE Loss     : 0.33149567
lr                 : [3.0000000000000004e-09]


Epoch : 132
Train MSE Loss     : 1.00006759	 | 	Train MAPE Loss     : 0.73135877
Valid MSE Loss     : 0.00002162	 | 	Valid MAPE Loss     : 0.35685834
lr                 : [3.0000000000000004e-09]


Epoch : 133
Train MSE Loss     : 1.00005984	 | 	Train MAPE Loss     : 0.66696471
Valid MSE Loss     : 0.00002174	 | 	Valid MAPE Loss     : 0.37725705
lr                 : [3.0000000000000004e-09]


Epoch : 134
Train MSE Loss     : 1.00010836	 | 	Train MAPE Loss     : 0.93385273
Valid MSE Loss     : 0.00003509	 | 	Valid MAPE Loss     : 0.52032548
lr                 : [3.0000000000000004e-09]


Epoch : 135
Train MSE Loss     : 1.00009620	 | 	Train MAPE Loss     : 0.78896230
Valid MSE Loss     : 0.00002574	 | 	Valid MAPE Loss     : 0.42267501
lr                 : [3.0000000000000004e-09]


Epoch : 136
Train MSE Loss     : 1.00006807	 | 	Train MAPE Loss     : 0.70550084
Valid MSE Loss     : 0.00002050	 | 	Valid MAPE Loss     : 0.34547022
lr                 : [3.0000000000000004e-09]


Epoch : 137
Train MSE Loss     : 1.00007927	 | 	Train MAPE Loss     : 0.70124131
Valid MSE Loss     : 0.00001769	 | 	Valid MAPE Loss     : 0.32678789
lr                 : [3.0000000000000004e-09]


Epoch : 138
Train MSE Loss     : 1.00008953	 | 	Train MAPE Loss     : 0.80792063
Valid MSE Loss     : 0.00001732	 | 	Valid MAPE Loss     : 0.33842802
lr                 : [3.0000000000000004e-09]


Epoch : 139
Train MSE Loss     : 1.00008047	 | 	Train MAPE Loss     : 0.70820814
Valid MSE Loss     : 0.00003936	 | 	Valid MAPE Loss     : 0.55202937
lr                 : [3.0000000000000004e-09]


Epoch : 140
Train MSE Loss     : 1.00008476	 | 	Train MAPE Loss     : 0.80642301
Valid MSE Loss     : 0.00002679	 | 	Valid MAPE Loss     : 0.43014386
lr                 : [3.0000000000000004e-09]


Epoch : 141
Train MSE Loss     : 1.00007355	 | 	Train MAPE Loss     : 0.70408863
Valid MSE Loss     : 0.00003017	 | 	Valid MAPE Loss     : 0.47651649
lr                 : [3.0000000000000004e-09]


Epoch : 142
Train MSE Loss     : 1.00008893	 | 	Train MAPE Loss     : 0.79319400
Valid MSE Loss     : 0.00001819	 | 	Valid MAPE Loss     : 0.34037843
lr                 : [3.0000000000000004e-09]


Epoch : 143
Train MSE Loss     : 1.00014091	 | 	Train MAPE Loss     : 0.94550020
Valid MSE Loss     : 0.00002054	 | 	Valid MAPE Loss     : 0.35046333
lr                 : [3.0000000000000004e-09]


Epoch : 144
Train MSE Loss     : 1.00009799	 | 	Train MAPE Loss     : 0.81663650
Valid MSE Loss     : 0.00001992	 | 	Valid MAPE Loss     : 0.35040137
lr                 : [3.0000000000000004e-09]


Epoch : 145
Train MSE Loss     : 1.00008857	 | 	Train MAPE Loss     : 0.80550504
Valid MSE Loss     : 0.00003559	 | 	Valid MAPE Loss     : 0.52669746
lr                 : [3.0000000000000004e-09]


Epoch : 146
Train MSE Loss     : 1.00010026	 | 	Train MAPE Loss     : 0.85998482
Valid MSE Loss     : 0.00002153	 | 	Valid MAPE Loss     : 0.36774144
lr                 : [3.0000000000000004e-09]


Epoch : 147
Train MSE Loss     : 1.00009620	 | 	Train MAPE Loss     : 0.82433754
Valid MSE Loss     : 0.00002543	 | 	Valid MAPE Loss     : 0.41241327
lr                 : [3.0000000000000004e-09]


Epoch : 148
Train MSE Loss     : 1.00010765	 | 	Train MAPE Loss     : 0.90924585
Valid MSE Loss     : 0.00006243	 | 	Valid MAPE Loss     : 0.74576259
lr                 : [3.0000000000000004e-09]


Epoch : 149
Train MSE Loss     : 1.00018740	 | 	Train MAPE Loss     : 1.20367956
Valid MSE Loss     : 0.00005294	 | 	Valid MAPE Loss     : 0.67750788
lr                 : [3.0000000000000004e-09]


Epoch : 150
Train MSE Loss     : 1.00007343	 | 	Train MAPE Loss     : 0.72802198
Valid MSE Loss     : 0.00002067	 | 	Valid MAPE Loss     : 0.34828115
lr                 : [3.0000000000000004e-09]


Evaluate on the Test set:
Test MAPE loss      :0.56296051	 | Test MSE loss      : 0.00062990

################## Training is Done! #########################
Training time is : 1:02:29.272670
