=============================================
Dataset: cell_XJTU_batch3_prepocess_data
Mode:    supervised_with_contrast
=============================================
Training started ....

Epoch : 1
Train MSE Loss     : 1.13440371	 | 	Train MAPE Loss     : 37.48706436
Valid MSE Loss     : 0.15587614	 | 	Valid MAPE Loss     : 41.65982056
lr                 : [0.0003]


Epoch : 2
Train MSE Loss     : 1.05062628	 | 	Train MAPE Loss     : 19.34234810
Valid MSE Loss     : 0.00199258	 | 	Valid MAPE Loss     : 4.49190140
lr                 : [0.0003]


Epoch : 3
Train MSE Loss     : 1.00283396	 | 	Train MAPE Loss     : 5.02929878
Valid MSE Loss     : 0.00428748	 | 	Valid MAPE Loss     : 6.62007093
lr                 : [0.0003]


Epoch : 4
Train MSE Loss     : 1.00255787	 | 	Train MAPE Loss     : 4.65415621
Valid MSE Loss     : 0.00024539	 | 	Valid MAPE Loss     : 1.33350277
lr                 : [0.0003]


Epoch : 5
Train MSE Loss     : 1.00469351	 | 	Train MAPE Loss     : 5.83822441
Valid MSE Loss     : 0.00135240	 | 	Valid MAPE Loss     : 3.77672458
lr                 : [0.0003]


Epoch : 6
Train MSE Loss     : 1.00383878	 | 	Train MAPE Loss     : 5.97239494
Valid MSE Loss     : 0.00158561	 | 	Valid MAPE Loss     : 4.03963947
lr                 : [0.0003]


Epoch : 7
Train MSE Loss     : 1.00153458	 | 	Train MAPE Loss     : 2.99207211
Valid MSE Loss     : 0.00509997	 | 	Valid MAPE Loss     : 7.31736803
lr                 : [0.0003]


Epoch : 8
Train MSE Loss     : 1.00190198	 | 	Train MAPE Loss     : 3.78720999
Valid MSE Loss     : 0.00529986	 | 	Valid MAPE Loss     : 7.67876005
lr                 : [0.0003]


Epoch : 9
Train MSE Loss     : 1.00444496	 | 	Train MAPE Loss     : 5.95357847
Valid MSE Loss     : 0.00068928	 | 	Valid MAPE Loss     : 2.59686375
lr                 : [0.0003]


Epoch : 10
Train MSE Loss     : 1.00677264	 | 	Train MAPE Loss     : 7.67710400
Valid MSE Loss     : 0.00242408	 | 	Valid MAPE Loss     : 5.12506294
lr                 : [0.0003]


Epoch : 11
Train MSE Loss     : 1.00353658	 | 	Train MAPE Loss     : 5.72312832
Valid MSE Loss     : 0.00080812	 | 	Valid MAPE Loss     : 2.92101383
lr                 : [0.0003]


Epoch : 12
Train MSE Loss     : 1.00134742	 | 	Train MAPE Loss     : 3.41206360
Valid MSE Loss     : 0.00008459	 | 	Valid MAPE Loss     : 0.81396186
lr                 : [0.0003]


Epoch : 13
Train MSE Loss     : 1.00724208	 | 	Train MAPE Loss     : 7.18975401
Valid MSE Loss     : 0.02143192	 | 	Valid MAPE Loss     : 15.48240376
lr                 : [0.0003]


Epoch : 14
Train MSE Loss     : 1.00423419	 | 	Train MAPE Loss     : 4.94435453
Valid MSE Loss     : 0.00058972	 | 	Valid MAPE Loss     : 2.50472856
lr                 : [0.0003]


Epoch : 15
Train MSE Loss     : 1.00753367	 | 	Train MAPE Loss     : 8.29002666
Valid MSE Loss     : 0.00212207	 | 	Valid MAPE Loss     : 4.50142002
lr                 : [0.0003]


Epoch : 16
Train MSE Loss     : 1.00304806	 | 	Train MAPE Loss     : 4.88519287
Valid MSE Loss     : 0.00839568	 | 	Valid MAPE Loss     : 9.59121513
lr                 : [0.0003]


Epoch : 17
Train MSE Loss     : 1.00142896	 | 	Train MAPE Loss     : 3.34502769
Valid MSE Loss     : 0.00032036	 | 	Valid MAPE Loss     : 1.80092061
lr                 : [0.0003]


Epoch : 18
Train MSE Loss     : 1.00084758	 | 	Train MAPE Loss     : 2.58690357
Valid MSE Loss     : 0.00008304	 | 	Valid MAPE Loss     : 0.81359935
lr                 : [0.0003]


Epoch : 19
Train MSE Loss     : 1.00117314	 | 	Train MAPE Loss     : 2.99600363
Valid MSE Loss     : 0.00058752	 | 	Valid MAPE Loss     : 2.27452898
lr                 : [0.0003]


Epoch : 20
Train MSE Loss     : 1.00119710	 | 	Train MAPE Loss     : 3.10839248
Valid MSE Loss     : 0.00018578	 | 	Valid MAPE Loss     : 1.25903833
lr                 : [0.0003]


Epoch : 21
Train MSE Loss     : 1.00103080	 | 	Train MAPE Loss     : 3.04237390
Valid MSE Loss     : 0.00053949	 | 	Valid MAPE Loss     : 2.16270685
lr                 : [0.0003]


Epoch : 22
Train MSE Loss     : 1.00106204	 | 	Train MAPE Loss     : 3.02874827
Valid MSE Loss     : 0.00311042	 | 	Valid MAPE Loss     : 5.83164024
lr                 : [0.0003]


Epoch : 23
Train MSE Loss     : 1.00442398	 | 	Train MAPE Loss     : 6.14882660
Valid MSE Loss     : 0.00038963	 | 	Valid MAPE Loss     : 1.98989081
lr                 : [0.0003]


Epoch : 24
Train MSE Loss     : 1.00215125	 | 	Train MAPE Loss     : 4.39504004
Valid MSE Loss     : 0.00181427	 | 	Valid MAPE Loss     : 4.44714546
lr                 : [0.0003]


Epoch : 25
Train MSE Loss     : 1.00204229	 | 	Train MAPE Loss     : 4.24169350
Valid MSE Loss     : 0.00474483	 | 	Valid MAPE Loss     : 7.21438122
lr                 : [0.0003]


Epoch : 26
Train MSE Loss     : 1.00604892	 | 	Train MAPE Loss     : 7.81028032
Valid MSE Loss     : 0.00083493	 | 	Valid MAPE Loss     : 2.97400928
lr                 : [0.0003]


Epoch : 27
Train MSE Loss     : 1.00041974	 | 	Train MAPE Loss     : 1.86943924
Valid MSE Loss     : 0.00322436	 | 	Valid MAPE Loss     : 5.84001923
lr                 : [0.0003]


Epoch : 28
Train MSE Loss     : 1.00502884	 | 	Train MAPE Loss     : 6.70840740
Valid MSE Loss     : 0.00062536	 | 	Valid MAPE Loss     : 2.48510456
lr                 : [0.0003]


Epoch : 29
Train MSE Loss     : 1.00278783	 | 	Train MAPE Loss     : 5.20364094
Valid MSE Loss     : 0.00706647	 | 	Valid MAPE Loss     : 8.88094521
lr                 : [2.9999999999999997e-05]


Epoch : 30
Train MSE Loss     : 1.00623238	 | 	Train MAPE Loss     : 8.39465714
Valid MSE Loss     : 0.00335334	 | 	Valid MAPE Loss     : 6.09660530
lr                 : [2.9999999999999997e-05]


Epoch : 31
Train MSE Loss     : 1.00070310	 | 	Train MAPE Loss     : 2.20515895
Valid MSE Loss     : 0.00002907	 | 	Valid MAPE Loss     : 0.45607272
lr                 : [2.9999999999999997e-05]


Epoch : 32
Train MSE Loss     : 1.00004840	 | 	Train MAPE Loss     : 0.60037643
Valid MSE Loss     : 0.00007326	 | 	Valid MAPE Loss     : 0.79677200
lr                 : [2.9999999999999997e-05]


Epoch : 33
Train MSE Loss     : 1.00004983	 | 	Train MAPE Loss     : 0.60687733
Valid MSE Loss     : 0.00003150	 | 	Valid MAPE Loss     : 0.45645338
lr                 : [2.9999999999999997e-05]


Epoch : 34
Train MSE Loss     : 1.00008118	 | 	Train MAPE Loss     : 0.78619272
Valid MSE Loss     : 0.00002758	 | 	Valid MAPE Loss     : 0.41608116
lr                 : [2.9999999999999997e-05]


Epoch : 35
Train MSE Loss     : 1.00003934	 | 	Train MAPE Loss     : 0.56269866
Valid MSE Loss     : 0.00002749	 | 	Valid MAPE Loss     : 0.44095796
lr                 : [2.9999999999999997e-05]


Epoch : 36
Train MSE Loss     : 1.00005376	 | 	Train MAPE Loss     : 0.63545042
Valid MSE Loss     : 0.00003126	 | 	Valid MAPE Loss     : 0.49514678
lr                 : [2.9999999999999997e-05]


Epoch : 37
Train MSE Loss     : 1.00003934	 | 	Train MAPE Loss     : 0.51487899
Valid MSE Loss     : 0.00002934	 | 	Valid MAPE Loss     : 0.47743613
lr                 : [2.9999999999999997e-05]


Epoch : 38
Train MSE Loss     : 1.00006938	 | 	Train MAPE Loss     : 0.75900668
Valid MSE Loss     : 0.00005493	 | 	Valid MAPE Loss     : 0.64470291
lr                 : [2.9999999999999997e-05]


Epoch : 39
Train MSE Loss     : 1.00004721	 | 	Train MAPE Loss     : 0.60897940
Valid MSE Loss     : 0.00007196	 | 	Valid MAPE Loss     : 0.79329622
lr                 : [2.9999999999999997e-05]


Epoch : 40
Train MSE Loss     : 1.00005352	 | 	Train MAPE Loss     : 0.64122730
Valid MSE Loss     : 0.00003307	 | 	Valid MAPE Loss     : 0.50003743
lr                 : [2.9999999999999997e-05]


Epoch : 41
Train MSE Loss     : 1.00004411	 | 	Train MAPE Loss     : 0.56337190
Valid MSE Loss     : 0.00002633	 | 	Valid MAPE Loss     : 0.39471439
lr                 : [2.9999999999999997e-05]


Epoch : 42
Train MSE Loss     : 1.00002658	 | 	Train MAPE Loss     : 0.43664363
Valid MSE Loss     : 0.00002117	 | 	Valid MAPE Loss     : 0.36062980
lr                 : [2.9999999999999997e-05]


Epoch : 43
Train MSE Loss     : 1.00003326	 | 	Train MAPE Loss     : 0.49841720
Valid MSE Loss     : 0.00003471	 | 	Valid MAPE Loss     : 0.47241539
lr                 : [2.9999999999999997e-05]


Epoch : 44
Train MSE Loss     : 1.00004721	 | 	Train MAPE Loss     : 0.60054374
Valid MSE Loss     : 0.00008707	 | 	Valid MAPE Loss     : 0.86263645
lr                 : [2.9999999999999997e-05]


Epoch : 45
Train MSE Loss     : 1.00006914	 | 	Train MAPE Loss     : 0.73770243
Valid MSE Loss     : 0.00002322	 | 	Valid MAPE Loss     : 0.38795021
lr                 : [2.9999999999999997e-05]


Epoch : 46
Train MSE Loss     : 1.00006568	 | 	Train MAPE Loss     : 0.70885825
Valid MSE Loss     : 0.00006909	 | 	Valid MAPE Loss     : 0.77400321
lr                 : [2.9999999999999997e-05]


Epoch : 47
Train MSE Loss     : 1.00006974	 | 	Train MAPE Loss     : 0.72360063
Valid MSE Loss     : 0.00003384	 | 	Valid MAPE Loss     : 0.51726502
lr                 : [2.9999999999999997e-05]


Epoch : 48
Train MSE Loss     : 1.00003242	 | 	Train MAPE Loss     : 0.50197047
Valid MSE Loss     : 0.00002307	 | 	Valid MAPE Loss     : 0.38288611
lr                 : [2.9999999999999997e-05]


Epoch : 49
Train MSE Loss     : 1.00002968	 | 	Train MAPE Loss     : 0.46761763
Valid MSE Loss     : 0.00002800	 | 	Valid MAPE Loss     : 0.44878787
lr                 : [2.9999999999999997e-05]


Epoch : 50
Train MSE Loss     : 1.00002682	 | 	Train MAPE Loss     : 0.42050898
Valid MSE Loss     : 0.00002203	 | 	Valid MAPE Loss     : 0.39286694
lr                 : [2.9999999999999997e-05]


Epoch : 51
Train MSE Loss     : 1.00003970	 | 	Train MAPE Loss     : 0.55455142
Valid MSE Loss     : 0.00003784	 | 	Valid MAPE Loss     : 0.49459848
lr                 : [2.9999999999999997e-05]


Epoch : 52
Train MSE Loss     : 1.00004125	 | 	Train MAPE Loss     : 0.55175185
Valid MSE Loss     : 0.00003030	 | 	Valid MAPE Loss     : 0.47980630
lr                 : [2.9999999999999997e-05]


Epoch : 53
Train MSE Loss     : 1.00010335	 | 	Train MAPE Loss     : 0.91836351
Valid MSE Loss     : 0.00008956	 | 	Valid MAPE Loss     : 0.88349754
lr                 : [3e-06]


Epoch : 54
Train MSE Loss     : 1.00008309	 | 	Train MAPE Loss     : 0.78479314
Valid MSE Loss     : 0.00002278	 | 	Valid MAPE Loss     : 0.39825836
lr                 : [3e-06]


Epoch : 55
Train MSE Loss     : 1.00002909	 | 	Train MAPE Loss     : 0.46479034
Valid MSE Loss     : 0.00002249	 | 	Valid MAPE Loss     : 0.36485812
lr                 : [3e-06]


Epoch : 56
Train MSE Loss     : 1.00002587	 | 	Train MAPE Loss     : 0.43747178
Valid MSE Loss     : 0.00001921	 | 	Valid MAPE Loss     : 0.35474294
lr                 : [3e-06]


Epoch : 57
Train MSE Loss     : 1.00003338	 | 	Train MAPE Loss     : 0.48714027
Valid MSE Loss     : 0.00003494	 | 	Valid MAPE Loss     : 0.48210225
lr                 : [3e-06]


Epoch : 58
Train MSE Loss     : 1.00003099	 | 	Train MAPE Loss     : 0.45629838
Valid MSE Loss     : 0.00002128	 | 	Valid MAPE Loss     : 0.38775298
lr                 : [3e-06]


Epoch : 59
Train MSE Loss     : 1.00003123	 | 	Train MAPE Loss     : 0.46475032
Valid MSE Loss     : 0.00002329	 | 	Valid MAPE Loss     : 0.36889705
lr                 : [3e-06]


Epoch : 60
Train MSE Loss     : 1.00003481	 | 	Train MAPE Loss     : 0.51111549
Valid MSE Loss     : 0.00002221	 | 	Valid MAPE Loss     : 0.36265424
lr                 : [3e-06]


Epoch : 61
Train MSE Loss     : 1.00002766	 | 	Train MAPE Loss     : 0.44161403
Valid MSE Loss     : 0.00002513	 | 	Valid MAPE Loss     : 0.39756155
lr                 : [3e-06]


Epoch : 62
Train MSE Loss     : 1.00002682	 | 	Train MAPE Loss     : 0.43104646
Valid MSE Loss     : 0.00003273	 | 	Valid MAPE Loss     : 0.45187968
lr                 : [3e-06]


Epoch : 63
Train MSE Loss     : 1.00003397	 | 	Train MAPE Loss     : 0.50897592
Valid MSE Loss     : 0.00002232	 | 	Valid MAPE Loss     : 0.36823174
lr                 : [3e-06]


Epoch : 64
Train MSE Loss     : 1.00004339	 | 	Train MAPE Loss     : 0.55066001
Valid MSE Loss     : 0.00003554	 | 	Valid MAPE Loss     : 0.53458858
lr                 : [3e-06]


Epoch : 65
Train MSE Loss     : 1.00003278	 | 	Train MAPE Loss     : 0.49596718
Valid MSE Loss     : 0.00002494	 | 	Valid MAPE Loss     : 0.37880468
lr                 : [3e-06]


Epoch : 66
Train MSE Loss     : 1.00002944	 | 	Train MAPE Loss     : 0.45377085
Valid MSE Loss     : 0.00002453	 | 	Valid MAPE Loss     : 0.39105397
lr                 : [3e-06]


Epoch : 67
Train MSE Loss     : 1.00002468	 | 	Train MAPE Loss     : 0.42956254
Valid MSE Loss     : 0.00002495	 | 	Valid MAPE Loss     : 0.37968585
lr                 : [3.0000000000000004e-07]


Epoch : 68
Train MSE Loss     : 1.00002539	 | 	Train MAPE Loss     : 0.43900517
Valid MSE Loss     : 0.00002454	 | 	Valid MAPE Loss     : 0.38994378
lr                 : [3.0000000000000004e-07]


Epoch : 69
Train MSE Loss     : 1.00002253	 | 	Train MAPE Loss     : 0.39709857
Valid MSE Loss     : 0.00002159	 | 	Valid MAPE Loss     : 0.36500198
lr                 : [3.0000000000000004e-07]


Epoch : 70
Train MSE Loss     : 1.00002766	 | 	Train MAPE Loss     : 0.45054534
Valid MSE Loss     : 0.00002670	 | 	Valid MAPE Loss     : 0.39834452
lr                 : [3.0000000000000004e-07]


Epoch : 71
Train MSE Loss     : 1.00003326	 | 	Train MAPE Loss     : 0.48443955
Valid MSE Loss     : 0.00002303	 | 	Valid MAPE Loss     : 0.36625364
lr                 : [3.0000000000000004e-07]


Epoch : 72
Train MSE Loss     : 1.00002491	 | 	Train MAPE Loss     : 0.41951618
Valid MSE Loss     : 0.00002208	 | 	Valid MAPE Loss     : 0.36612809
lr                 : [3.0000000000000004e-07]


Epoch : 73
Train MSE Loss     : 1.00003564	 | 	Train MAPE Loss     : 0.52497244
Valid MSE Loss     : 0.00002100	 | 	Valid MAPE Loss     : 0.36143339
lr                 : [3.0000000000000004e-07]


Epoch : 74
Train MSE Loss     : 1.00002503	 | 	Train MAPE Loss     : 0.43268922
Valid MSE Loss     : 0.00002383	 | 	Valid MAPE Loss     : 0.38349384
lr                 : [3.0000000000000004e-07]


Epoch : 75
Train MSE Loss     : 1.00004208	 | 	Train MAPE Loss     : 0.56130481
Valid MSE Loss     : 0.00002153	 | 	Valid MAPE Loss     : 0.36108300
lr                 : [3.0000000000000004e-07]


Epoch : 76
Train MSE Loss     : 1.00002575	 | 	Train MAPE Loss     : 0.44502479
Valid MSE Loss     : 0.00002057	 | 	Valid MAPE Loss     : 0.36207592
lr                 : [3.0000000000000004e-07]


Epoch : 77
Train MSE Loss     : 1.00003290	 | 	Train MAPE Loss     : 0.48373595
Valid MSE Loss     : 0.00002153	 | 	Valid MAPE Loss     : 0.36432818
lr                 : [3.0000000000000004e-07]


Epoch : 78
Train MSE Loss     : 1.00002646	 | 	Train MAPE Loss     : 0.43819427
Valid MSE Loss     : 0.00002045	 | 	Valid MAPE Loss     : 0.36745957
lr                 : [3.0000000000000004e-08]


Epoch : 79
Train MSE Loss     : 1.00003517	 | 	Train MAPE Loss     : 0.50419217
Valid MSE Loss     : 0.00002288	 | 	Valid MAPE Loss     : 0.39819986
lr                 : [3.0000000000000004e-08]


Epoch : 80
Train MSE Loss     : 1.00002742	 | 	Train MAPE Loss     : 0.46792737
Valid MSE Loss     : 0.00002102	 | 	Valid MAPE Loss     : 0.38081664
lr                 : [3.0000000000000004e-08]


Epoch : 81
Train MSE Loss     : 1.00002563	 | 	Train MAPE Loss     : 0.42079142
Valid MSE Loss     : 0.00002495	 | 	Valid MAPE Loss     : 0.39138973
lr                 : [3.0000000000000004e-08]


Epoch : 82
Train MSE Loss     : 1.00002682	 | 	Train MAPE Loss     : 0.42619237
Valid MSE Loss     : 0.00002509	 | 	Valid MAPE Loss     : 0.38519049
lr                 : [3.0000000000000004e-08]


Epoch : 83
Train MSE Loss     : 1.00003815	 | 	Train MAPE Loss     : 0.52654004
Valid MSE Loss     : 0.00002368	 | 	Valid MAPE Loss     : 0.38481450
lr                 : [3.0000000000000004e-08]


Epoch : 84
Train MSE Loss     : 1.00002921	 | 	Train MAPE Loss     : 0.46938953
Valid MSE Loss     : 0.00002240	 | 	Valid MAPE Loss     : 0.37048352
lr                 : [3.0000000000000004e-08]


Epoch : 85
Train MSE Loss     : 1.00002301	 | 	Train MAPE Loss     : 0.41136977
Valid MSE Loss     : 0.00002156	 | 	Valid MAPE Loss     : 0.36589763
lr                 : [3.0000000000000004e-08]


Epoch : 86
Train MSE Loss     : 1.00001955	 | 	Train MAPE Loss     : 0.35510275
Valid MSE Loss     : 0.00002133	 | 	Valid MAPE Loss     : 0.36727434
lr                 : [3.0000000000000004e-08]


Epoch : 87
Train MSE Loss     : 1.00002110	 | 	Train MAPE Loss     : 0.38310042
Valid MSE Loss     : 0.00002200	 | 	Valid MAPE Loss     : 0.36185023
lr                 : [3.0000000000000004e-08]


Epoch : 88
Train MSE Loss     : 1.00003195	 | 	Train MAPE Loss     : 0.48873052
Valid MSE Loss     : 0.00003325	 | 	Valid MAPE Loss     : 0.45671022
lr                 : [3.0000000000000004e-08]


Epoch : 89
Train MSE Loss     : 1.00002682	 | 	Train MAPE Loss     : 0.42972183
Valid MSE Loss     : 0.00002076	 | 	Valid MAPE Loss     : 0.36382815
lr                 : [3.0000000000000004e-09]


Epoch : 90
Train MSE Loss     : 1.00002348	 | 	Train MAPE Loss     : 0.41211385
Valid MSE Loss     : 0.00002011	 | 	Valid MAPE Loss     : 0.35247427
lr                 : [3.0000000000000004e-09]


Epoch : 91
Train MSE Loss     : 1.00002849	 | 	Train MAPE Loss     : 0.45673886
Valid MSE Loss     : 0.00002780	 | 	Valid MAPE Loss     : 0.40617523
lr                 : [3.0000000000000004e-09]


Epoch : 92
Train MSE Loss     : 1.00003290	 | 	Train MAPE Loss     : 0.49312446
Valid MSE Loss     : 0.00002361	 | 	Valid MAPE Loss     : 0.37279266
lr                 : [3.0000000000000004e-09]


Epoch : 93
Train MSE Loss     : 1.00002682	 | 	Train MAPE Loss     : 0.41977409
Valid MSE Loss     : 0.00002133	 | 	Valid MAPE Loss     : 0.38786215
lr                 : [3.0000000000000004e-09]


Epoch : 94
Train MSE Loss     : 1.00003111	 | 	Train MAPE Loss     : 0.45279056
Valid MSE Loss     : 0.00001969	 | 	Valid MAPE Loss     : 0.36450267
lr                 : [3.0000000000000004e-09]


Epoch : 95
Train MSE Loss     : 1.00003064	 | 	Train MAPE Loss     : 0.47785738
Valid MSE Loss     : 0.00002040	 | 	Valid MAPE Loss     : 0.35532245
lr                 : [3.0000000000000004e-09]


Epoch : 96
Train MSE Loss     : 1.00002635	 | 	Train MAPE Loss     : 0.45340145
Valid MSE Loss     : 0.00002355	 | 	Valid MAPE Loss     : 0.37393898
lr                 : [3.0000000000000004e-09]


Epoch : 97
Train MSE Loss     : 1.00002646	 | 	Train MAPE Loss     : 0.43252042
Valid MSE Loss     : 0.00002283	 | 	Valid MAPE Loss     : 0.38289210
lr                 : [3.0000000000000004e-09]


Epoch : 98
Train MSE Loss     : 1.00002182	 | 	Train MAPE Loss     : 0.38686526
Valid MSE Loss     : 0.00002387	 | 	Valid MAPE Loss     : 0.38131669
lr                 : [3.0000000000000004e-09]


Epoch : 99
Train MSE Loss     : 1.00003099	 | 	Train MAPE Loss     : 0.48364785
Valid MSE Loss     : 0.00002575	 | 	Valid MAPE Loss     : 0.39438963
lr                 : [3.0000000000000004e-09]


Epoch : 100
Train MSE Loss     : 1.00002551	 | 	Train MAPE Loss     : 0.42121279
Valid MSE Loss     : 0.00002111	 | 	Valid MAPE Loss     : 0.37045348
lr                 : [3.0000000000000004e-09]


Epoch : 101
Train MSE Loss     : 1.00002587	 | 	Train MAPE Loss     : 0.43329743
Valid MSE Loss     : 0.00002095	 | 	Valid MAPE Loss     : 0.37729865
lr                 : [3.0000000000000004e-09]


Epoch : 102
Train MSE Loss     : 1.00003076	 | 	Train MAPE Loss     : 0.47954398
Valid MSE Loss     : 0.00002091	 | 	Valid MAPE Loss     : 0.36809477
lr                 : [3.0000000000000004e-09]


Epoch : 103
Train MSE Loss     : 1.00003803	 | 	Train MAPE Loss     : 0.54572904
Valid MSE Loss     : 0.00003176	 | 	Valid MAPE Loss     : 0.44551370
lr                 : [3.0000000000000004e-09]


Epoch : 104
Train MSE Loss     : 1.00002480	 | 	Train MAPE Loss     : 0.43163326
Valid MSE Loss     : 0.00003258	 | 	Valid MAPE Loss     : 0.44906607
lr                 : [3.0000000000000004e-09]


Epoch : 105
Train MSE Loss     : 1.00002575	 | 	Train MAPE Loss     : 0.42278254
Valid MSE Loss     : 0.00002598	 | 	Valid MAPE Loss     : 0.39471245
lr                 : [3.0000000000000004e-09]


Epoch : 106
Train MSE Loss     : 1.00002754	 | 	Train MAPE Loss     : 0.45480338
Valid MSE Loss     : 0.00003589	 | 	Valid MAPE Loss     : 0.47555363
lr                 : [3.0000000000000004e-09]


Epoch : 107
Train MSE Loss     : 1.00002837	 | 	Train MAPE Loss     : 0.45643947
Valid MSE Loss     : 0.00002099	 | 	Valid MAPE Loss     : 0.37016940
lr                 : [3.0000000000000004e-09]


Epoch : 108
Train MSE Loss     : 1.00003541	 | 	Train MAPE Loss     : 0.50237346
Valid MSE Loss     : 0.00002301	 | 	Valid MAPE Loss     : 0.40871155
lr                 : [3.0000000000000004e-09]


Epoch : 109
Train MSE Loss     : 1.00002968	 | 	Train MAPE Loss     : 0.42020166
Valid MSE Loss     : 0.00002215	 | 	Valid MAPE Loss     : 0.35920885
lr                 : [3.0000000000000004e-09]


Epoch : 110
Train MSE Loss     : 1.00003231	 | 	Train MAPE Loss     : 0.47642180
Valid MSE Loss     : 0.00002193	 | 	Valid MAPE Loss     : 0.36203170
lr                 : [3.0000000000000004e-09]


Epoch : 111
Train MSE Loss     : 1.00003088	 | 	Train MAPE Loss     : 0.47559959
Valid MSE Loss     : 0.00002677	 | 	Valid MAPE Loss     : 0.40226966
lr                 : [3.0000000000000004e-09]


Epoch : 112
Train MSE Loss     : 1.00002074	 | 	Train MAPE Loss     : 0.37470359
Valid MSE Loss     : 0.00002161	 | 	Valid MAPE Loss     : 0.36244452
lr                 : [3.0000000000000004e-09]


Epoch : 113
Train MSE Loss     : 1.00003219	 | 	Train MAPE Loss     : 0.47675735
Valid MSE Loss     : 0.00002189	 | 	Valid MAPE Loss     : 0.36396295
lr                 : [3.0000000000000004e-09]


Epoch : 114
Train MSE Loss     : 1.00002623	 | 	Train MAPE Loss     : 0.42630064
Valid MSE Loss     : 0.00002230	 | 	Valid MAPE Loss     : 0.39789748
lr                 : [3.0000000000000004e-09]


Epoch : 115
Train MSE Loss     : 1.00002670	 | 	Train MAPE Loss     : 0.44780967
Valid MSE Loss     : 0.00002116	 | 	Valid MAPE Loss     : 0.35761130
lr                 : [3.0000000000000004e-09]


Epoch : 116
Train MSE Loss     : 1.00004280	 | 	Train MAPE Loss     : 0.52694136
Valid MSE Loss     : 0.00002696	 | 	Valid MAPE Loss     : 0.41276324
lr                 : [3.0000000000000004e-09]


Epoch : 117
Train MSE Loss     : 1.00003242	 | 	Train MAPE Loss     : 0.47672701
Valid MSE Loss     : 0.00002811	 | 	Valid MAPE Loss     : 0.41072416
lr                 : [3.0000000000000004e-09]


Epoch : 118
Train MSE Loss     : 1.00002658	 | 	Train MAPE Loss     : 0.44140863
Valid MSE Loss     : 0.00002683	 | 	Valid MAPE Loss     : 0.39405602
lr                 : [3.0000000000000004e-09]


Epoch : 119
Train MSE Loss     : 1.00002646	 | 	Train MAPE Loss     : 0.41889980
Valid MSE Loss     : 0.00002126	 | 	Valid MAPE Loss     : 0.35669532
lr                 : [3.0000000000000004e-09]


Epoch : 120
Train MSE Loss     : 1.00002587	 | 	Train MAPE Loss     : 0.44185039
Valid MSE Loss     : 0.00002756	 | 	Valid MAPE Loss     : 0.41399071
lr                 : [3.0000000000000004e-09]


Epoch : 121
Train MSE Loss     : 1.00002491	 | 	Train MAPE Loss     : 0.40924513
Valid MSE Loss     : 0.00002923	 | 	Valid MAPE Loss     : 0.41967356
lr                 : [3.0000000000000004e-09]


Epoch : 122
Train MSE Loss     : 1.00002944	 | 	Train MAPE Loss     : 0.46566498
Valid MSE Loss     : 0.00002107	 | 	Valid MAPE Loss     : 0.36032578
lr                 : [3.0000000000000004e-09]


Epoch : 123
Train MSE Loss     : 1.00001991	 | 	Train MAPE Loss     : 0.38194171
Valid MSE Loss     : 0.00002281	 | 	Valid MAPE Loss     : 0.36674526
lr                 : [3.0000000000000004e-09]


Epoch : 124
Train MSE Loss     : 1.00002587	 | 	Train MAPE Loss     : 0.42830592
Valid MSE Loss     : 0.00002014	 | 	Valid MAPE Loss     : 0.36172798
lr                 : [3.0000000000000004e-09]


Epoch : 125
Train MSE Loss     : 1.00002909	 | 	Train MAPE Loss     : 0.43762687
Valid MSE Loss     : 0.00002101	 | 	Valid MAPE Loss     : 0.35932153
lr                 : [3.0000000000000004e-09]


Epoch : 126
Train MSE Loss     : 1.00002551	 | 	Train MAPE Loss     : 0.42374849
Valid MSE Loss     : 0.00002072	 | 	Valid MAPE Loss     : 0.36159104
lr                 : [3.0000000000000004e-09]


Epoch : 127
Train MSE Loss     : 1.00004196	 | 	Train MAPE Loss     : 0.53614175
Valid MSE Loss     : 0.00002603	 | 	Valid MAPE Loss     : 0.39388278
lr                 : [3.0000000000000004e-09]


Epoch : 128
Train MSE Loss     : 1.00002468	 | 	Train MAPE Loss     : 0.42749375
Valid MSE Loss     : 0.00002050	 | 	Valid MAPE Loss     : 0.37465623
lr                 : [3.0000000000000004e-09]


Epoch : 129
Train MSE Loss     : 1.00003016	 | 	Train MAPE Loss     : 0.46303117
Valid MSE Loss     : 0.00001997	 | 	Valid MAPE Loss     : 0.36382809
lr                 : [3.0000000000000004e-09]


Epoch : 130
Train MSE Loss     : 1.00002396	 | 	Train MAPE Loss     : 0.41297218
Valid MSE Loss     : 0.00002710	 | 	Valid MAPE Loss     : 0.40330350
lr                 : [3.0000000000000004e-09]


Epoch : 131
Train MSE Loss     : 1.00002718	 | 	Train MAPE Loss     : 0.43216142
Valid MSE Loss     : 0.00002143	 | 	Valid MAPE Loss     : 0.36982605
lr                 : [3.0000000000000004e-09]


Epoch : 132
Train MSE Loss     : 1.00002587	 | 	Train MAPE Loss     : 0.43165207
Valid MSE Loss     : 0.00002116	 | 	Valid MAPE Loss     : 0.35530216
lr                 : [3.0000000000000004e-09]


Epoch : 133
Train MSE Loss     : 1.00002551	 | 	Train MAPE Loss     : 0.43034008
Valid MSE Loss     : 0.00002353	 | 	Valid MAPE Loss     : 0.37185991
lr                 : [3.0000000000000004e-09]


Epoch : 134
Train MSE Loss     : 1.00002599	 | 	Train MAPE Loss     : 0.42447737
Valid MSE Loss     : 0.00002568	 | 	Valid MAPE Loss     : 0.38868517
lr                 : [3.0000000000000004e-09]


Epoch : 135
Train MSE Loss     : 1.00003684	 | 	Train MAPE Loss     : 0.51483417
Valid MSE Loss     : 0.00002874	 | 	Valid MAPE Loss     : 0.41969466
lr                 : [3.0000000000000004e-09]


Epoch : 136
Train MSE Loss     : 1.00002873	 | 	Train MAPE Loss     : 0.47554472
Valid MSE Loss     : 0.00002148	 | 	Valid MAPE Loss     : 0.36048549
lr                 : [3.0000000000000004e-09]


Epoch : 137
Train MSE Loss     : 1.00002432	 | 	Train MAPE Loss     : 0.40471494
Valid MSE Loss     : 0.00002225	 | 	Valid MAPE Loss     : 0.36346495
lr                 : [3.0000000000000004e-09]


Epoch : 138
Train MSE Loss     : 1.00003004	 | 	Train MAPE Loss     : 0.45346382
Valid MSE Loss     : 0.00002326	 | 	Valid MAPE Loss     : 0.38399085
lr                 : [3.0000000000000004e-09]


Epoch : 139
Train MSE Loss     : 1.00004673	 | 	Train MAPE Loss     : 0.56940669
Valid MSE Loss     : 0.00002213	 | 	Valid MAPE Loss     : 0.37052363
lr                 : [3.0000000000000004e-09]


Epoch : 140
Train MSE Loss     : 1.00002182	 | 	Train MAPE Loss     : 0.38767841
Valid MSE Loss     : 0.00003152	 | 	Valid MAPE Loss     : 0.43649957
lr                 : [3.0000000000000004e-09]


Epoch : 141
Train MSE Loss     : 1.00002182	 | 	Train MAPE Loss     : 0.39516899
Valid MSE Loss     : 0.00002072	 | 	Valid MAPE Loss     : 0.36536890
lr                 : [3.0000000000000004e-09]


Epoch : 142
Train MSE Loss     : 1.00002766	 | 	Train MAPE Loss     : 0.44492248
Valid MSE Loss     : 0.00002536	 | 	Valid MAPE Loss     : 0.38978052
lr                 : [3.0000000000000004e-09]


Epoch : 143
Train MSE Loss     : 1.00003672	 | 	Train MAPE Loss     : 0.51376379
Valid MSE Loss     : 0.00001997	 | 	Valid MAPE Loss     : 0.35133922
lr                 : [3.0000000000000004e-09]


Epoch : 144
Train MSE Loss     : 1.00003684	 | 	Train MAPE Loss     : 0.52283651
Valid MSE Loss     : 0.00002038	 | 	Valid MAPE Loss     : 0.36635077
lr                 : [3.0000000000000004e-09]


Epoch : 145
Train MSE Loss     : 1.00002396	 | 	Train MAPE Loss     : 0.41687652
Valid MSE Loss     : 0.00002858	 | 	Valid MAPE Loss     : 0.40937355
lr                 : [3.0000000000000004e-09]


Epoch : 146
Train MSE Loss     : 1.00002849	 | 	Train MAPE Loss     : 0.44019806
Valid MSE Loss     : 0.00002020	 | 	Valid MAPE Loss     : 0.35353130
lr                 : [3.0000000000000004e-09]


Epoch : 147
Train MSE Loss     : 1.00002992	 | 	Train MAPE Loss     : 0.46442860
Valid MSE Loss     : 0.00002002	 | 	Valid MAPE Loss     : 0.36178127
lr                 : [3.0000000000000004e-09]


Epoch : 148
Train MSE Loss     : 1.00003374	 | 	Train MAPE Loss     : 0.50782365
Valid MSE Loss     : 0.00002072	 | 	Valid MAPE Loss     : 0.35648566
lr                 : [3.0000000000000004e-09]


Epoch : 149
Train MSE Loss     : 1.00002730	 | 	Train MAPE Loss     : 0.41884705
Valid MSE Loss     : 0.00002092	 | 	Valid MAPE Loss     : 0.37826163
lr                 : [3.0000000000000004e-09]


Epoch : 150
Train MSE Loss     : 1.00002527	 | 	Train MAPE Loss     : 0.41511232
Valid MSE Loss     : 0.00002438	 | 	Valid MAPE Loss     : 0.38497925
lr                 : [3.0000000000000004e-09]


Evaluate on the Test set:
Test MAPE loss      :0.35487625	 | Test MSE loss      : 0.00001835

################## Training is Done! #########################
