=============================================
Dataset: cell_XJTU_batch2_prepocess_data
Mode:    supervised
=============================================
Training started ....

Epoch : 1
Train MSE Loss     : 0.02267849	 | 	Train MAPE Loss     : 12.53623104
Valid MSE Loss     : 0.00113262	 | 	Valid MAPE Loss     : 2.93184662
lr                 : [0.0003]


Epoch : 2
Train MSE Loss     : 0.00209060	 | 	Train MAPE Loss     : 4.01999378
Valid MSE Loss     : 0.00034827	 | 	Valid MAPE Loss     : 1.76652169
lr                 : [0.0003]


Epoch : 3
Train MSE Loss     : 0.00057116	 | 	Train MAPE Loss     : 2.10290718
Valid MSE Loss     : 0.00028016	 | 	Valid MAPE Loss     : 1.57592952
lr                 : [0.0003]


Epoch : 4
Train MSE Loss     : 0.00023407	 | 	Train MAPE Loss     : 1.32243311
Valid MSE Loss     : 0.00016438	 | 	Valid MAPE Loss     : 1.21377969
lr                 : [0.0003]


Epoch : 5
Train MSE Loss     : 0.00019457	 | 	Train MAPE Loss     : 1.21941102
Valid MSE Loss     : 0.00008880	 | 	Valid MAPE Loss     : 0.82737267
lr                 : [0.0003]


Epoch : 6
Train MSE Loss     : 0.00014684	 | 	Train MAPE Loss     : 1.04601765
Valid MSE Loss     : 0.00008245	 | 	Valid MAPE Loss     : 0.82571912
lr                 : [0.0003]


Epoch : 7
Train MSE Loss     : 0.00015082	 | 	Train MAPE Loss     : 1.07123160
Valid MSE Loss     : 0.00007773	 | 	Valid MAPE Loss     : 0.74735373
lr                 : [0.0003]


Epoch : 8
Train MSE Loss     : 0.00014419	 | 	Train MAPE Loss     : 1.03882027
Valid MSE Loss     : 0.00005752	 | 	Valid MAPE Loss     : 0.62095118
lr                 : [0.0003]


Epoch : 9
Train MSE Loss     : 0.00016049	 | 	Train MAPE Loss     : 1.09999168
Valid MSE Loss     : 0.00005365	 | 	Valid MAPE Loss     : 0.62539482
lr                 : [0.0003]


Epoch : 10
Train MSE Loss     : 0.00016523	 | 	Train MAPE Loss     : 1.12510073
Valid MSE Loss     : 0.00007241	 | 	Valid MAPE Loss     : 0.71316379
lr                 : [0.0003]


Epoch : 11
Train MSE Loss     : 0.00014924	 | 	Train MAPE Loss     : 1.05612659
Valid MSE Loss     : 0.00009751	 | 	Valid MAPE Loss     : 0.87735140
lr                 : [0.0003]


Epoch : 12
Train MSE Loss     : 0.00016246	 | 	Train MAPE Loss     : 1.10898030
Valid MSE Loss     : 0.00010042	 | 	Valid MAPE Loss     : 0.91830689
lr                 : [0.0003]


Epoch : 13
Train MSE Loss     : 0.00035511	 | 	Train MAPE Loss     : 1.69972730
Valid MSE Loss     : 0.00022756	 | 	Valid MAPE Loss     : 1.38613319
lr                 : [0.0003]


Epoch : 14
Train MSE Loss     : 0.00023240	 | 	Train MAPE Loss     : 1.36013520
Valid MSE Loss     : 0.00012268	 | 	Valid MAPE Loss     : 1.00116134
lr                 : [0.0003]


Epoch : 15
Train MSE Loss     : 0.00018732	 | 	Train MAPE Loss     : 1.19672823
Valid MSE Loss     : 0.00015232	 | 	Valid MAPE Loss     : 1.16673684
lr                 : [0.0003]


Epoch : 16
Train MSE Loss     : 0.00013835	 | 	Train MAPE Loss     : 1.01693118
Valid MSE Loss     : 0.00017214	 | 	Valid MAPE Loss     : 1.25690305
lr                 : [0.0003]


Epoch : 17
Train MSE Loss     : 0.00023775	 | 	Train MAPE Loss     : 1.35827851
Valid MSE Loss     : 0.00006886	 | 	Valid MAPE Loss     : 0.71869171
lr                 : [0.0003]


Epoch : 18
Train MSE Loss     : 0.00018855	 | 	Train MAPE Loss     : 1.20958865
Valid MSE Loss     : 0.00006065	 | 	Valid MAPE Loss     : 0.66050446
lr                 : [0.0003]


Epoch : 19
Train MSE Loss     : 0.00022575	 | 	Train MAPE Loss     : 1.32199442
Valid MSE Loss     : 0.00022580	 | 	Valid MAPE Loss     : 1.45606232
lr                 : [2.9999999999999997e-05]


Epoch : 20
Train MSE Loss     : 0.00015904	 | 	Train MAPE Loss     : 1.08622038
Valid MSE Loss     : 0.00006298	 | 	Valid MAPE Loss     : 0.67596316
lr                 : [2.9999999999999997e-05]


Epoch : 21
Train MSE Loss     : 0.00011882	 | 	Train MAPE Loss     : 0.93118978
Valid MSE Loss     : 0.00005450	 | 	Valid MAPE Loss     : 0.62283754
lr                 : [2.9999999999999997e-05]


Epoch : 22
Train MSE Loss     : 0.00011368	 | 	Train MAPE Loss     : 0.91419041
Valid MSE Loss     : 0.00005497	 | 	Valid MAPE Loss     : 0.62372792
lr                 : [2.9999999999999997e-05]


Epoch : 23
Train MSE Loss     : 0.00011188	 | 	Train MAPE Loss     : 0.90613347
Valid MSE Loss     : 0.00005154	 | 	Valid MAPE Loss     : 0.60289973
lr                 : [2.9999999999999997e-05]


Epoch : 24
Train MSE Loss     : 0.00011473	 | 	Train MAPE Loss     : 0.92224264
Valid MSE Loss     : 0.00005616	 | 	Valid MAPE Loss     : 0.63536310
lr                 : [2.9999999999999997e-05]


Epoch : 25
Train MSE Loss     : 0.00010896	 | 	Train MAPE Loss     : 0.89172375
Valid MSE Loss     : 0.00004932	 | 	Valid MAPE Loss     : 0.58603352
lr                 : [2.9999999999999997e-05]


Epoch : 26
Train MSE Loss     : 0.00010684	 | 	Train MAPE Loss     : 0.88481218
Valid MSE Loss     : 0.00005021	 | 	Valid MAPE Loss     : 0.58210117
lr                 : [2.9999999999999997e-05]


Epoch : 27
Train MSE Loss     : 0.00011111	 | 	Train MAPE Loss     : 0.89997083
Valid MSE Loss     : 0.00006120	 | 	Valid MAPE Loss     : 0.68163633
lr                 : [2.9999999999999997e-05]


Epoch : 28
Train MSE Loss     : 0.00011035	 | 	Train MAPE Loss     : 0.89997625
Valid MSE Loss     : 0.00004906	 | 	Valid MAPE Loss     : 0.57701755
lr                 : [2.9999999999999997e-05]


Epoch : 29
Train MSE Loss     : 0.00010319	 | 	Train MAPE Loss     : 0.86601686
Valid MSE Loss     : 0.00004867	 | 	Valid MAPE Loss     : 0.58378583
lr                 : [2.9999999999999997e-05]


Epoch : 30
Train MSE Loss     : 0.00010311	 | 	Train MAPE Loss     : 0.86425632
Valid MSE Loss     : 0.00005005	 | 	Valid MAPE Loss     : 0.59682298
lr                 : [2.9999999999999997e-05]


Epoch : 31
Train MSE Loss     : 0.00010640	 | 	Train MAPE Loss     : 0.87990129
Valid MSE Loss     : 0.00004745	 | 	Valid MAPE Loss     : 0.57699513
lr                 : [2.9999999999999997e-05]


Epoch : 32
Train MSE Loss     : 0.00010280	 | 	Train MAPE Loss     : 0.86494112
Valid MSE Loss     : 0.00005631	 | 	Valid MAPE Loss     : 0.65383959
lr                 : [2.9999999999999997e-05]


Epoch : 33
Train MSE Loss     : 0.00010145	 | 	Train MAPE Loss     : 0.85789973
Valid MSE Loss     : 0.00005371	 | 	Valid MAPE Loss     : 0.64071345
lr                 : [2.9999999999999997e-05]


Epoch : 34
Train MSE Loss     : 0.00010049	 | 	Train MAPE Loss     : 0.85947841
Valid MSE Loss     : 0.00004158	 | 	Valid MAPE Loss     : 0.51582444
lr                 : [2.9999999999999997e-05]


Epoch : 35
Train MSE Loss     : 0.00009880	 | 	Train MAPE Loss     : 0.84592539
Valid MSE Loss     : 0.00004332	 | 	Valid MAPE Loss     : 0.54249811
lr                 : [2.9999999999999997e-05]


Epoch : 36
Train MSE Loss     : 0.00010564	 | 	Train MAPE Loss     : 0.87819052
Valid MSE Loss     : 0.00005870	 | 	Valid MAPE Loss     : 0.65610355
lr                 : [2.9999999999999997e-05]


Epoch : 37
Train MSE Loss     : 0.00010139	 | 	Train MAPE Loss     : 0.86006242
Valid MSE Loss     : 0.00005279	 | 	Valid MAPE Loss     : 0.62203258
lr                 : [2.9999999999999997e-05]


Epoch : 38
Train MSE Loss     : 0.00009661	 | 	Train MAPE Loss     : 0.83640593
Valid MSE Loss     : 0.00004099	 | 	Valid MAPE Loss     : 0.53316444
lr                 : [2.9999999999999997e-05]


Epoch : 39
Train MSE Loss     : 0.00010134	 | 	Train MAPE Loss     : 0.85208172
Valid MSE Loss     : 0.00004655	 | 	Valid MAPE Loss     : 0.57767940
lr                 : [2.9999999999999997e-05]


Epoch : 40
Train MSE Loss     : 0.00009746	 | 	Train MAPE Loss     : 0.84094799
Valid MSE Loss     : 0.00004795	 | 	Valid MAPE Loss     : 0.58875328
lr                 : [2.9999999999999997e-05]


Epoch : 41
Train MSE Loss     : 0.00009005	 | 	Train MAPE Loss     : 0.80285847
Valid MSE Loss     : 0.00004535	 | 	Valid MAPE Loss     : 0.57652992
lr                 : [2.9999999999999997e-05]


Epoch : 42
Train MSE Loss     : 0.00009557	 | 	Train MAPE Loss     : 0.82903028
Valid MSE Loss     : 0.00006557	 | 	Valid MAPE Loss     : 0.71582085
lr                 : [2.9999999999999997e-05]


Epoch : 43
Train MSE Loss     : 0.00009228	 | 	Train MAPE Loss     : 0.81921178
Valid MSE Loss     : 0.00003899	 | 	Valid MAPE Loss     : 0.51472276
lr                 : [2.9999999999999997e-05]


Epoch : 44
Train MSE Loss     : 0.00009051	 | 	Train MAPE Loss     : 0.80724788
Valid MSE Loss     : 0.00004520	 | 	Valid MAPE Loss     : 0.57465667
lr                 : [2.9999999999999997e-05]


Epoch : 45
Train MSE Loss     : 0.00009413	 | 	Train MAPE Loss     : 0.82962495
Valid MSE Loss     : 0.00004463	 | 	Valid MAPE Loss     : 0.57307768
lr                 : [2.9999999999999997e-05]


Epoch : 46
Train MSE Loss     : 0.00009893	 | 	Train MAPE Loss     : 0.84234315
Valid MSE Loss     : 0.00003862	 | 	Valid MAPE Loss     : 0.49131620
lr                 : [2.9999999999999997e-05]


Epoch : 47
Train MSE Loss     : 0.00008730	 | 	Train MAPE Loss     : 0.78914297
Valid MSE Loss     : 0.00004432	 | 	Valid MAPE Loss     : 0.54078972
lr                 : [2.9999999999999997e-05]


Epoch : 48
Train MSE Loss     : 0.00008726	 | 	Train MAPE Loss     : 0.79416132
Valid MSE Loss     : 0.00004077	 | 	Valid MAPE Loss     : 0.52775550
lr                 : [2.9999999999999997e-05]


Epoch : 49
Train MSE Loss     : 0.00008858	 | 	Train MAPE Loss     : 0.80068922
Valid MSE Loss     : 0.00007244	 | 	Valid MAPE Loss     : 0.74177700
lr                 : [2.9999999999999997e-05]


Epoch : 50
Train MSE Loss     : 0.00010936	 | 	Train MAPE Loss     : 0.89116144
Valid MSE Loss     : 0.00004304	 | 	Valid MAPE Loss     : 0.54456586
lr                 : [2.9999999999999997e-05]


Epoch : 51
Train MSE Loss     : 0.00008026	 | 	Train MAPE Loss     : 0.75816655
Valid MSE Loss     : 0.00004110	 | 	Valid MAPE Loss     : 0.52223539
lr                 : [2.9999999999999997e-05]


Epoch : 52
Train MSE Loss     : 0.00007923	 | 	Train MAPE Loss     : 0.75377178
Valid MSE Loss     : 0.00003613	 | 	Valid MAPE Loss     : 0.49357730
lr                 : [2.9999999999999997e-05]


Epoch : 53
Train MSE Loss     : 0.00008315	 | 	Train MAPE Loss     : 0.77259380
Valid MSE Loss     : 0.00006455	 | 	Valid MAPE Loss     : 0.70218337
lr                 : [2.9999999999999997e-05]


Epoch : 54
Train MSE Loss     : 0.00009291	 | 	Train MAPE Loss     : 0.82405579
Valid MSE Loss     : 0.00003824	 | 	Valid MAPE Loss     : 0.51216817
lr                 : [2.9999999999999997e-05]


Epoch : 55
Train MSE Loss     : 0.00008704	 | 	Train MAPE Loss     : 0.79778236
Valid MSE Loss     : 0.00003522	 | 	Valid MAPE Loss     : 0.48591280
lr                 : [2.9999999999999997e-05]


Epoch : 56
Train MSE Loss     : 0.00008807	 | 	Train MAPE Loss     : 0.79150826
Valid MSE Loss     : 0.00004848	 | 	Valid MAPE Loss     : 0.59661096
lr                 : [2.9999999999999997e-05]


Epoch : 57
Train MSE Loss     : 0.00007666	 | 	Train MAPE Loss     : 0.73688072
Valid MSE Loss     : 0.00003459	 | 	Valid MAPE Loss     : 0.48309791
lr                 : [2.9999999999999997e-05]


Epoch : 58
Train MSE Loss     : 0.00007718	 | 	Train MAPE Loss     : 0.74460244
Valid MSE Loss     : 0.00003423	 | 	Valid MAPE Loss     : 0.48283342
lr                 : [2.9999999999999997e-05]


Epoch : 59
Train MSE Loss     : 0.00007778	 | 	Train MAPE Loss     : 0.75258154
Valid MSE Loss     : 0.00003514	 | 	Valid MAPE Loss     : 0.49254465
lr                 : [2.9999999999999997e-05]


Epoch : 60
Train MSE Loss     : 0.00008243	 | 	Train MAPE Loss     : 0.77664739
Valid MSE Loss     : 0.00003325	 | 	Valid MAPE Loss     : 0.47091365
lr                 : [2.9999999999999997e-05]


Epoch : 61
Train MSE Loss     : 0.00007900	 | 	Train MAPE Loss     : 0.75554001
Valid MSE Loss     : 0.00003372	 | 	Valid MAPE Loss     : 0.48143491
lr                 : [2.9999999999999997e-05]


Epoch : 62
Train MSE Loss     : 0.00007523	 | 	Train MAPE Loss     : 0.73597944
Valid MSE Loss     : 0.00003322	 | 	Valid MAPE Loss     : 0.46338838
lr                 : [2.9999999999999997e-05]


Epoch : 63
Train MSE Loss     : 0.00007562	 | 	Train MAPE Loss     : 0.73700064
Valid MSE Loss     : 0.00004451	 | 	Valid MAPE Loss     : 0.55966318
lr                 : [2.9999999999999997e-05]


Epoch : 64
Train MSE Loss     : 0.00007569	 | 	Train MAPE Loss     : 0.74041772
Valid MSE Loss     : 0.00003227	 | 	Valid MAPE Loss     : 0.45463258
lr                 : [2.9999999999999997e-05]


Epoch : 65
Train MSE Loss     : 0.00007832	 | 	Train MAPE Loss     : 0.75602382
Valid MSE Loss     : 0.00003822	 | 	Valid MAPE Loss     : 0.49882323
lr                 : [2.9999999999999997e-05]


Epoch : 66
Train MSE Loss     : 0.00007087	 | 	Train MAPE Loss     : 0.70235455
Valid MSE Loss     : 0.00004581	 | 	Valid MAPE Loss     : 0.55316985
lr                 : [2.9999999999999997e-05]


Epoch : 67
Train MSE Loss     : 0.00007977	 | 	Train MAPE Loss     : 0.76363522
Valid MSE Loss     : 0.00003344	 | 	Valid MAPE Loss     : 0.48407727
lr                 : [2.9999999999999997e-05]


Epoch : 68
Train MSE Loss     : 0.00009276	 | 	Train MAPE Loss     : 0.83137733
Valid MSE Loss     : 0.00003152	 | 	Valid MAPE Loss     : 0.43889225
lr                 : [2.9999999999999997e-05]


Epoch : 69
Train MSE Loss     : 0.00007681	 | 	Train MAPE Loss     : 0.74264765
Valid MSE Loss     : 0.00004807	 | 	Valid MAPE Loss     : 0.58623409
lr                 : [2.9999999999999997e-05]


Epoch : 70
Train MSE Loss     : 0.00007059	 | 	Train MAPE Loss     : 0.70496356
Valid MSE Loss     : 0.00003503	 | 	Valid MAPE Loss     : 0.50304985
lr                 : [2.9999999999999997e-05]


Epoch : 71
Train MSE Loss     : 0.00006955	 | 	Train MAPE Loss     : 0.70143014
Valid MSE Loss     : 0.00006136	 | 	Valid MAPE Loss     : 0.68707800
lr                 : [2.9999999999999997e-05]


Epoch : 72
Train MSE Loss     : 0.00006598	 | 	Train MAPE Loss     : 0.68394411
Valid MSE Loss     : 0.00004609	 | 	Valid MAPE Loss     : 0.56381965
lr                 : [2.9999999999999997e-05]


Epoch : 73
Train MSE Loss     : 0.00006735	 | 	Train MAPE Loss     : 0.69322115
Valid MSE Loss     : 0.00003439	 | 	Valid MAPE Loss     : 0.47697407
lr                 : [2.9999999999999997e-05]


Epoch : 74
Train MSE Loss     : 0.00006738	 | 	Train MAPE Loss     : 0.68691617
Valid MSE Loss     : 0.00004953	 | 	Valid MAPE Loss     : 0.60209703
lr                 : [2.9999999999999997e-05]


Epoch : 75
Train MSE Loss     : 0.00008454	 | 	Train MAPE Loss     : 0.78950751
Valid MSE Loss     : 0.00004242	 | 	Valid MAPE Loss     : 0.51949102
lr                 : [2.9999999999999997e-05]


Epoch : 76
Train MSE Loss     : 0.00006619	 | 	Train MAPE Loss     : 0.68118644
Valid MSE Loss     : 0.00003120	 | 	Valid MAPE Loss     : 0.44092172
lr                 : [2.9999999999999997e-05]


Epoch : 77
Train MSE Loss     : 0.00007432	 | 	Train MAPE Loss     : 0.73005122
Valid MSE Loss     : 0.00002804	 | 	Valid MAPE Loss     : 0.41441500
lr                 : [2.9999999999999997e-05]


Epoch : 78
Train MSE Loss     : 0.00006689	 | 	Train MAPE Loss     : 0.69584620
Valid MSE Loss     : 0.00003365	 | 	Valid MAPE Loss     : 0.44623306
lr                 : [2.9999999999999997e-05]


Epoch : 79
Train MSE Loss     : 0.00006490	 | 	Train MAPE Loss     : 0.67196369
Valid MSE Loss     : 0.00002898	 | 	Valid MAPE Loss     : 0.44043857
lr                 : [2.9999999999999997e-05]


Epoch : 80
Train MSE Loss     : 0.00007021	 | 	Train MAPE Loss     : 0.71833271
Valid MSE Loss     : 0.00003617	 | 	Valid MAPE Loss     : 0.49253273
lr                 : [2.9999999999999997e-05]


Epoch : 81
Train MSE Loss     : 0.00005997	 | 	Train MAPE Loss     : 0.64550960
Valid MSE Loss     : 0.00002810	 | 	Valid MAPE Loss     : 0.43784711
lr                 : [2.9999999999999997e-05]


Epoch : 82
Train MSE Loss     : 0.00006560	 | 	Train MAPE Loss     : 0.67789173
Valid MSE Loss     : 0.00008228	 | 	Valid MAPE Loss     : 0.84416556
lr                 : [2.9999999999999997e-05]


Epoch : 83
Train MSE Loss     : 0.00007157	 | 	Train MAPE Loss     : 0.70934612
Valid MSE Loss     : 0.00002987	 | 	Valid MAPE Loss     : 0.44340229
lr                 : [2.9999999999999997e-05]


Epoch : 84
Train MSE Loss     : 0.00007242	 | 	Train MAPE Loss     : 0.72853297
Valid MSE Loss     : 0.00002652	 | 	Valid MAPE Loss     : 0.41666454
lr                 : [2.9999999999999997e-05]


Epoch : 85
Train MSE Loss     : 0.00006191	 | 	Train MAPE Loss     : 0.65891236
Valid MSE Loss     : 0.00002908	 | 	Valid MAPE Loss     : 0.45076698
lr                 : [2.9999999999999997e-05]


Epoch : 86
Train MSE Loss     : 0.00006437	 | 	Train MAPE Loss     : 0.67975157
Valid MSE Loss     : 0.00002641	 | 	Valid MAPE Loss     : 0.41335154
lr                 : [2.9999999999999997e-05]


Epoch : 87
Train MSE Loss     : 0.00007017	 | 	Train MAPE Loss     : 0.71436363
Valid MSE Loss     : 0.00002698	 | 	Valid MAPE Loss     : 0.42730218
lr                 : [2.9999999999999997e-05]


Epoch : 88
Train MSE Loss     : 0.00006442	 | 	Train MAPE Loss     : 0.67259967
Valid MSE Loss     : 0.00004059	 | 	Valid MAPE Loss     : 0.52965009
lr                 : [2.9999999999999997e-05]


Epoch : 89
Train MSE Loss     : 0.00006152	 | 	Train MAPE Loss     : 0.66259313
Valid MSE Loss     : 0.00003136	 | 	Valid MAPE Loss     : 0.48296395
lr                 : [2.9999999999999997e-05]


Epoch : 90
Train MSE Loss     : 0.00006947	 | 	Train MAPE Loss     : 0.70603287
Valid MSE Loss     : 0.00002637	 | 	Valid MAPE Loss     : 0.42536721
lr                 : [2.9999999999999997e-05]


Epoch : 91
Train MSE Loss     : 0.00006302	 | 	Train MAPE Loss     : 0.67935801
Valid MSE Loss     : 0.00003161	 | 	Valid MAPE Loss     : 0.46081370
lr                 : [2.9999999999999997e-05]


Epoch : 92
Train MSE Loss     : 0.00006648	 | 	Train MAPE Loss     : 0.69287062
Valid MSE Loss     : 0.00004296	 | 	Valid MAPE Loss     : 0.56025946
lr                 : [2.9999999999999997e-05]


Epoch : 93
Train MSE Loss     : 0.00006004	 | 	Train MAPE Loss     : 0.65385097
Valid MSE Loss     : 0.00002782	 | 	Valid MAPE Loss     : 0.43734199
lr                 : [2.9999999999999997e-05]


Epoch : 94
Train MSE Loss     : 0.00007088	 | 	Train MAPE Loss     : 0.73082721
Valid MSE Loss     : 0.00005123	 | 	Valid MAPE Loss     : 0.62999320
lr                 : [2.9999999999999997e-05]


Epoch : 95
Train MSE Loss     : 0.00006617	 | 	Train MAPE Loss     : 0.69908381
Valid MSE Loss     : 0.00003439	 | 	Valid MAPE Loss     : 0.46487224
lr                 : [2.9999999999999997e-05]


Epoch : 96
Train MSE Loss     : 0.00005325	 | 	Train MAPE Loss     : 0.60206944
Valid MSE Loss     : 0.00002588	 | 	Valid MAPE Loss     : 0.40217599
lr                 : [2.9999999999999997e-05]


Epoch : 97
Train MSE Loss     : 0.00006679	 | 	Train MAPE Loss     : 0.68974245
Valid MSE Loss     : 0.00002566	 | 	Valid MAPE Loss     : 0.41642797
lr                 : [2.9999999999999997e-05]


Epoch : 98
Train MSE Loss     : 0.00006555	 | 	Train MAPE Loss     : 0.69411600
Valid MSE Loss     : 0.00003453	 | 	Valid MAPE Loss     : 0.47216097
lr                 : [2.9999999999999997e-05]


Epoch : 99
Train MSE Loss     : 0.00007266	 | 	Train MAPE Loss     : 0.73258650
Valid MSE Loss     : 0.00003013	 | 	Valid MAPE Loss     : 0.45698476
lr                 : [2.9999999999999997e-05]


Epoch : 100
Train MSE Loss     : 0.00005714	 | 	Train MAPE Loss     : 0.63469207
Valid MSE Loss     : 0.00002576	 | 	Valid MAPE Loss     : 0.42031831
lr                 : [2.9999999999999997e-05]


Epoch : 101
Train MSE Loss     : 0.00005397	 | 	Train MAPE Loss     : 0.61331350
Valid MSE Loss     : 0.00003193	 | 	Valid MAPE Loss     : 0.46945727
lr                 : [2.9999999999999997e-05]


Epoch : 102
Train MSE Loss     : 0.00005763	 | 	Train MAPE Loss     : 0.63908023
Valid MSE Loss     : 0.00002992	 | 	Valid MAPE Loss     : 0.43249750
lr                 : [2.9999999999999997e-05]


Epoch : 103
Train MSE Loss     : 0.00005434	 | 	Train MAPE Loss     : 0.61947745
Valid MSE Loss     : 0.00002358	 | 	Valid MAPE Loss     : 0.37562811
lr                 : [2.9999999999999997e-05]


Epoch : 104
Train MSE Loss     : 0.00006643	 | 	Train MAPE Loss     : 0.69425118
Valid MSE Loss     : 0.00002995	 | 	Valid MAPE Loss     : 0.45860159
lr                 : [2.9999999999999997e-05]


Epoch : 105
Train MSE Loss     : 0.00006361	 | 	Train MAPE Loss     : 0.68605089
Valid MSE Loss     : 0.00004651	 | 	Valid MAPE Loss     : 0.58795583
lr                 : [2.9999999999999997e-05]


Epoch : 106
Train MSE Loss     : 0.00005206	 | 	Train MAPE Loss     : 0.60888362
Valid MSE Loss     : 0.00005651	 | 	Valid MAPE Loss     : 0.67933679
lr                 : [2.9999999999999997e-05]


Epoch : 107
Train MSE Loss     : 0.00006061	 | 	Train MAPE Loss     : 0.66257584
Valid MSE Loss     : 0.00002379	 | 	Valid MAPE Loss     : 0.39898974
lr                 : [2.9999999999999997e-05]


Epoch : 108
Train MSE Loss     : 0.00006141	 | 	Train MAPE Loss     : 0.66540766
Valid MSE Loss     : 0.00002220	 | 	Valid MAPE Loss     : 0.37362686
lr                 : [2.9999999999999997e-05]


Epoch : 109
Train MSE Loss     : 0.00004958	 | 	Train MAPE Loss     : 0.58625203
Valid MSE Loss     : 0.00002879	 | 	Valid MAPE Loss     : 0.43202221
lr                 : [2.9999999999999997e-05]


Epoch : 110
Train MSE Loss     : 0.00005220	 | 	Train MAPE Loss     : 0.60090947
Valid MSE Loss     : 0.00003114	 | 	Valid MAPE Loss     : 0.44831213
lr                 : [2.9999999999999997e-05]


Epoch : 111
Train MSE Loss     : 0.00005947	 | 	Train MAPE Loss     : 0.65078753
Valid MSE Loss     : 0.00004607	 | 	Valid MAPE Loss     : 0.62752718
lr                 : [2.9999999999999997e-05]


Epoch : 112
Train MSE Loss     : 0.00006719	 | 	Train MAPE Loss     : 0.70301813
Valid MSE Loss     : 0.00002191	 | 	Valid MAPE Loss     : 0.36774451
lr                 : [2.9999999999999997e-05]


Epoch : 113
Train MSE Loss     : 0.00005286	 | 	Train MAPE Loss     : 0.60562646
Valid MSE Loss     : 0.00004109	 | 	Valid MAPE Loss     : 0.53902507
lr                 : [2.9999999999999997e-05]


Epoch : 114
Train MSE Loss     : 0.00004771	 | 	Train MAPE Loss     : 0.57360280
Valid MSE Loss     : 0.00002694	 | 	Valid MAPE Loss     : 0.42656064
lr                 : [2.9999999999999997e-05]


Epoch : 115
Train MSE Loss     : 0.00005768	 | 	Train MAPE Loss     : 0.64138854
Valid MSE Loss     : 0.00002119	 | 	Valid MAPE Loss     : 0.36933687
lr                 : [2.9999999999999997e-05]


Epoch : 116
Train MSE Loss     : 0.00004800	 | 	Train MAPE Loss     : 0.57081729
Valid MSE Loss     : 0.00005502	 | 	Valid MAPE Loss     : 0.66625673
lr                 : [2.9999999999999997e-05]


Epoch : 117
Train MSE Loss     : 0.00005194	 | 	Train MAPE Loss     : 0.61271071
Valid MSE Loss     : 0.00002801	 | 	Valid MAPE Loss     : 0.41811007
lr                 : [2.9999999999999997e-05]


Epoch : 118
Train MSE Loss     : 0.00005585	 | 	Train MAPE Loss     : 0.63158298
Valid MSE Loss     : 0.00002532	 | 	Valid MAPE Loss     : 0.43397212
lr                 : [2.9999999999999997e-05]


Epoch : 119
Train MSE Loss     : 0.00006970	 | 	Train MAPE Loss     : 0.71792984
Valid MSE Loss     : 0.00008395	 | 	Valid MAPE Loss     : 0.88703907
lr                 : [2.9999999999999997e-05]


Epoch : 120
Train MSE Loss     : 0.00005291	 | 	Train MAPE Loss     : 0.60792160
Valid MSE Loss     : 0.00004520	 | 	Valid MAPE Loss     : 0.58200043
lr                 : [2.9999999999999997e-05]


Epoch : 121
Train MSE Loss     : 0.00004651	 | 	Train MAPE Loss     : 0.56658036
Valid MSE Loss     : 0.00002167	 | 	Valid MAPE Loss     : 0.37698552
lr                 : [2.9999999999999997e-05]


Epoch : 122
Train MSE Loss     : 0.00005752	 | 	Train MAPE Loss     : 0.65464884
Valid MSE Loss     : 0.00002103	 | 	Valid MAPE Loss     : 0.35499880
lr                 : [2.9999999999999997e-05]


Epoch : 123
Train MSE Loss     : 0.00005598	 | 	Train MAPE Loss     : 0.63218910
Valid MSE Loss     : 0.00003962	 | 	Valid MAPE Loss     : 0.54412329
lr                 : [2.9999999999999997e-05]


Epoch : 124
Train MSE Loss     : 0.00006747	 | 	Train MAPE Loss     : 0.71656972
Valid MSE Loss     : 0.00006095	 | 	Valid MAPE Loss     : 0.71913344
lr                 : [2.9999999999999997e-05]


Epoch : 125
Train MSE Loss     : 0.00004695	 | 	Train MAPE Loss     : 0.56880742
Valid MSE Loss     : 0.00009167	 | 	Valid MAPE Loss     : 0.94263762
lr                 : [2.9999999999999997e-05]


Epoch : 126
Train MSE Loss     : 0.00005683	 | 	Train MAPE Loss     : 0.63947511
Valid MSE Loss     : 0.00002417	 | 	Valid MAPE Loss     : 0.39615136
lr                 : [2.9999999999999997e-05]


Epoch : 127
Train MSE Loss     : 0.00005773	 | 	Train MAPE Loss     : 0.65208501
Valid MSE Loss     : 0.00002156	 | 	Valid MAPE Loss     : 0.38260934
lr                 : [2.9999999999999997e-05]


Epoch : 128
Train MSE Loss     : 0.00005595	 | 	Train MAPE Loss     : 0.63231510
Valid MSE Loss     : 0.00002671	 | 	Valid MAPE Loss     : 0.43553880
lr                 : [2.9999999999999997e-05]


Epoch : 129
Train MSE Loss     : 0.00004507	 | 	Train MAPE Loss     : 0.55625552
Valid MSE Loss     : 0.00003931	 | 	Valid MAPE Loss     : 0.53759503
lr                 : [2.9999999999999997e-05]


Epoch : 130
Train MSE Loss     : 0.00005162	 | 	Train MAPE Loss     : 0.60656291
Valid MSE Loss     : 0.00005549	 | 	Valid MAPE Loss     : 0.67144871
lr                 : [2.9999999999999997e-05]


Epoch : 131
Train MSE Loss     : 0.00005329	 | 	Train MAPE Loss     : 0.61767173
Valid MSE Loss     : 0.00002320	 | 	Valid MAPE Loss     : 0.38932613
lr                 : [2.9999999999999997e-05]


Epoch : 132
Train MSE Loss     : 0.00004581	 | 	Train MAPE Loss     : 0.56352866
Valid MSE Loss     : 0.00002001	 | 	Valid MAPE Loss     : 0.35980362
lr                 : [2.9999999999999997e-05]


Epoch : 133
Train MSE Loss     : 0.00004655	 | 	Train MAPE Loss     : 0.57185227
Valid MSE Loss     : 0.00002200	 | 	Valid MAPE Loss     : 0.37508190
lr                 : [3e-06]


Epoch : 134
Train MSE Loss     : 0.00004098	 | 	Train MAPE Loss     : 0.52194548
Valid MSE Loss     : 0.00002879	 | 	Valid MAPE Loss     : 0.43623021
lr                 : [3e-06]


Epoch : 135
Train MSE Loss     : 0.00004023	 | 	Train MAPE Loss     : 0.51958221
Valid MSE Loss     : 0.00002794	 | 	Valid MAPE Loss     : 0.43419331
lr                 : [3e-06]


Epoch : 136
Train MSE Loss     : 0.00003950	 | 	Train MAPE Loss     : 0.51447028
Valid MSE Loss     : 0.00002433	 | 	Valid MAPE Loss     : 0.39868203
lr                 : [3e-06]


Epoch : 137
Train MSE Loss     : 0.00003987	 | 	Train MAPE Loss     : 0.51495814
Valid MSE Loss     : 0.00002425	 | 	Valid MAPE Loss     : 0.39835244
lr                 : [3e-06]


Epoch : 138
Train MSE Loss     : 0.00004030	 | 	Train MAPE Loss     : 0.51688135
Valid MSE Loss     : 0.00002658	 | 	Valid MAPE Loss     : 0.41996726
lr                 : [3e-06]


Epoch : 139
Train MSE Loss     : 0.00003985	 | 	Train MAPE Loss     : 0.51539284
Valid MSE Loss     : 0.00002482	 | 	Valid MAPE Loss     : 0.40489691
lr                 : [3e-06]


Epoch : 140
Train MSE Loss     : 0.00004179	 | 	Train MAPE Loss     : 0.53092748
Valid MSE Loss     : 0.00003270	 | 	Valid MAPE Loss     : 0.47634631
lr                 : [3e-06]


Epoch : 141
Train MSE Loss     : 0.00004099	 | 	Train MAPE Loss     : 0.52396005
Valid MSE Loss     : 0.00003462	 | 	Valid MAPE Loss     : 0.49539876
lr                 : [3e-06]


Epoch : 142
Train MSE Loss     : 0.00003961	 | 	Train MAPE Loss     : 0.51318854
Valid MSE Loss     : 0.00002905	 | 	Valid MAPE Loss     : 0.44183534
lr                 : [3e-06]


Epoch : 143
Train MSE Loss     : 0.00004037	 | 	Train MAPE Loss     : 0.52155268
Valid MSE Loss     : 0.00002790	 | 	Valid MAPE Loss     : 0.43193594
lr                 : [3e-06]


Epoch : 144
Train MSE Loss     : 0.00004070	 | 	Train MAPE Loss     : 0.52325648
Valid MSE Loss     : 0.00002097	 | 	Valid MAPE Loss     : 0.37109107
lr                 : [3.0000000000000004e-07]


Epoch : 145
Train MSE Loss     : 0.00004009	 | 	Train MAPE Loss     : 0.51976609
Valid MSE Loss     : 0.00002889	 | 	Valid MAPE Loss     : 0.44188875
lr                 : [3.0000000000000004e-07]


Epoch : 146
Train MSE Loss     : 0.00003929	 | 	Train MAPE Loss     : 0.50998902
Valid MSE Loss     : 0.00002744	 | 	Valid MAPE Loss     : 0.42845547
lr                 : [3.0000000000000004e-07]


Epoch : 147
Train MSE Loss     : 0.00003907	 | 	Train MAPE Loss     : 0.50931078
Valid MSE Loss     : 0.00002580	 | 	Valid MAPE Loss     : 0.41396570
lr                 : [3.0000000000000004e-07]


Epoch : 148
Train MSE Loss     : 0.00003904	 | 	Train MAPE Loss     : 0.50954378
Valid MSE Loss     : 0.00002551	 | 	Valid MAPE Loss     : 0.41051298
lr                 : [3.0000000000000004e-07]


Epoch : 149
Train MSE Loss     : 0.00003887	 | 	Train MAPE Loss     : 0.50740910
Valid MSE Loss     : 0.00002832	 | 	Valid MAPE Loss     : 0.43575430
lr                 : [3.0000000000000004e-07]


Epoch : 150
Train MSE Loss     : 0.00003918	 | 	Train MAPE Loss     : 0.51024085
Valid MSE Loss     : 0.00002552	 | 	Valid MAPE Loss     : 0.41082463
lr                 : [3.0000000000000004e-07]


Evaluate on the Test set:
Test MAPE loss      :0.55723733	 | Test MSE loss      : 0.00004350

################## Training is Done! #########################
