=============================================
Dataset: cell_XJTU_bat1_prepocess_data
Mode:    supervised_with_contrast
=============================================
Training started ....

Epoch : 1
Train MSE Loss     : 1.42386854	 | 	Train MAPE Loss     : 62.39935303
Valid MSE Loss     : 26.74843407	 | 	Valid MAPE Loss     : 481.72866821
lr                 : [0.0003]


Epoch : 2
Train MSE Loss     : 1.09903491	 | 	Train MAPE Loss     : 29.71855736
Valid MSE Loss     : 0.53134811	 | 	Valid MAPE Loss     : 73.14084625
lr                 : [0.0003]


Epoch : 3
Train MSE Loss     : 1.01543534	 | 	Train MAPE Loss     : 11.82346058
Valid MSE Loss     : 0.06918805	 | 	Valid MAPE Loss     : 28.29060364
lr                 : [0.0003]


Epoch : 4
Train MSE Loss     : 1.01215982	 | 	Train MAPE Loss     : 9.81868553
Valid MSE Loss     : 0.07037425	 | 	Valid MAPE Loss     : 28.25389671
lr                 : [0.0003]


Epoch : 5
Train MSE Loss     : 1.01190317	 | 	Train MAPE Loss     : 10.21005344
Valid MSE Loss     : 0.01492725	 | 	Valid MAPE Loss     : 11.54701614
lr                 : [0.0003]


Epoch : 6
Train MSE Loss     : 1.01552498	 | 	Train MAPE Loss     : 10.42514324
Valid MSE Loss     : 0.01349982	 | 	Valid MAPE Loss     : 10.32924938
lr                 : [0.0003]


Epoch : 7
Train MSE Loss     : 1.02785075	 | 	Train MAPE Loss     : 13.92665100
Valid MSE Loss     : 0.03616026	 | 	Valid MAPE Loss     : 19.01630592
lr                 : [0.0003]


Epoch : 8
Train MSE Loss     : 1.00682914	 | 	Train MAPE Loss     : 7.58997583
Valid MSE Loss     : 0.00930770	 | 	Valid MAPE Loss     : 8.53125000
lr                 : [0.0003]


Epoch : 9
Train MSE Loss     : 1.00456178	 | 	Train MAPE Loss     : 5.71343231
Valid MSE Loss     : 0.00897898	 | 	Valid MAPE Loss     : 9.73311996
lr                 : [0.0003]


Epoch : 10
Train MSE Loss     : 1.02309382	 | 	Train MAPE Loss     : 14.40564728
Valid MSE Loss     : 0.00189684	 | 	Valid MAPE Loss     : 3.48601985
lr                 : [0.0003]


Epoch : 11
Train MSE Loss     : 1.00635135	 | 	Train MAPE Loss     : 7.83940744
Valid MSE Loss     : 0.00172179	 | 	Valid MAPE Loss     : 3.82751656
lr                 : [0.0003]


Epoch : 12
Train MSE Loss     : 1.03379858	 | 	Train MAPE Loss     : 13.57494259
Valid MSE Loss     : 0.06814326	 | 	Valid MAPE Loss     : 25.34825134
lr                 : [0.0003]


Epoch : 13
Train MSE Loss     : 1.09020472	 | 	Train MAPE Loss     : 26.81049156
Valid MSE Loss     : 0.07113991	 | 	Valid MAPE Loss     : 23.35810089
lr                 : [0.0003]


Epoch : 14
Train MSE Loss     : 1.03071451	 | 	Train MAPE Loss     : 14.52065659
Valid MSE Loss     : 0.00800032	 | 	Valid MAPE Loss     : 9.09956837
lr                 : [0.0003]


Epoch : 15
Train MSE Loss     : 1.01072025	 | 	Train MAPE Loss     : 8.72349930
Valid MSE Loss     : 0.00129855	 | 	Valid MAPE Loss     : 3.23635745
lr                 : [0.0003]


Epoch : 16
Train MSE Loss     : 1.02088559	 | 	Train MAPE Loss     : 10.09210300
Valid MSE Loss     : 0.02267216	 | 	Valid MAPE Loss     : 15.53523254
lr                 : [0.0003]


Epoch : 17
Train MSE Loss     : 1.06491601	 | 	Train MAPE Loss     : 20.71043205
Valid MSE Loss     : 0.01650844	 | 	Valid MAPE Loss     : 11.32417202
lr                 : [0.0003]


Epoch : 18
Train MSE Loss     : 1.01575863	 | 	Train MAPE Loss     : 9.62870312
Valid MSE Loss     : 0.00144513	 | 	Valid MAPE Loss     : 3.34391093
lr                 : [0.0003]


Epoch : 19
Train MSE Loss     : 1.00389397	 | 	Train MAPE Loss     : 5.25281143
Valid MSE Loss     : 0.00128170	 | 	Valid MAPE Loss     : 3.30387115
lr                 : [0.0003]


Epoch : 20
Train MSE Loss     : 1.00497091	 | 	Train MAPE Loss     : 5.71121931
Valid MSE Loss     : 0.00546185	 | 	Valid MAPE Loss     : 5.96245813
lr                 : [0.0003]


Epoch : 21
Train MSE Loss     : 1.00257611	 | 	Train MAPE Loss     : 4.57939100
Valid MSE Loss     : 0.00166983	 | 	Valid MAPE Loss     : 3.61402535
lr                 : [0.0003]


Epoch : 22
Train MSE Loss     : 1.00683308	 | 	Train MAPE Loss     : 7.73775482
Valid MSE Loss     : 0.00259003	 | 	Valid MAPE Loss     : 4.66347361
lr                 : [0.0003]


Epoch : 23
Train MSE Loss     : 1.00343549	 | 	Train MAPE Loss     : 5.09409094
Valid MSE Loss     : 0.00056335	 | 	Valid MAPE Loss     : 2.03148818
lr                 : [0.0003]


Epoch : 24
Train MSE Loss     : 1.00292051	 | 	Train MAPE Loss     : 5.28388071
Valid MSE Loss     : 0.00155902	 | 	Valid MAPE Loss     : 3.61287117
lr                 : [0.0003]


Epoch : 25
Train MSE Loss     : 1.00452423	 | 	Train MAPE Loss     : 6.38986969
Valid MSE Loss     : 0.00029986	 | 	Valid MAPE Loss     : 1.43896377
lr                 : [0.0003]


Epoch : 26
Train MSE Loss     : 1.00480461	 | 	Train MAPE Loss     : 6.76282310
Valid MSE Loss     : 0.00628912	 | 	Valid MAPE Loss     : 7.89561987
lr                 : [0.0003]


Epoch : 27
Train MSE Loss     : 1.00495541	 | 	Train MAPE Loss     : 6.54672766
Valid MSE Loss     : 0.00019721	 | 	Valid MAPE Loss     : 1.22612584
lr                 : [0.0003]


Epoch : 28
Train MSE Loss     : 1.00254989	 | 	Train MAPE Loss     : 4.58954668
Valid MSE Loss     : 0.00815697	 | 	Valid MAPE Loss     : 9.37807560
lr                 : [0.0003]


Epoch : 29
Train MSE Loss     : 1.00993657	 | 	Train MAPE Loss     : 9.90077496
Valid MSE Loss     : 0.00290590	 | 	Valid MAPE Loss     : 5.32656622
lr                 : [0.0003]


Epoch : 30
Train MSE Loss     : 1.00300276	 | 	Train MAPE Loss     : 4.96238565
Valid MSE Loss     : 0.00173895	 | 	Valid MAPE Loss     : 4.16843224
lr                 : [0.0003]


Epoch : 31
Train MSE Loss     : 1.00266898	 | 	Train MAPE Loss     : 4.37362719
Valid MSE Loss     : 0.00441076	 | 	Valid MAPE Loss     : 6.52578974
lr                 : [0.0003]


Epoch : 32
Train MSE Loss     : 1.00820386	 | 	Train MAPE Loss     : 8.56879044
Valid MSE Loss     : 0.00299187	 | 	Valid MAPE Loss     : 5.42616272
lr                 : [0.0003]


Epoch : 33
Train MSE Loss     : 1.00223792	 | 	Train MAPE Loss     : 4.27400398
Valid MSE Loss     : 0.00108875	 | 	Valid MAPE Loss     : 3.21076369
lr                 : [0.0003]


Epoch : 34
Train MSE Loss     : 1.00222909	 | 	Train MAPE Loss     : 4.02647400
Valid MSE Loss     : 0.00368938	 | 	Valid MAPE Loss     : 5.15867758
lr                 : [0.0003]


Epoch : 35
Train MSE Loss     : 1.00711119	 | 	Train MAPE Loss     : 7.61227942
Valid MSE Loss     : 0.00223616	 | 	Valid MAPE Loss     : 4.64133596
lr                 : [0.0003]


Epoch : 36
Train MSE Loss     : 1.00150585	 | 	Train MAPE Loss     : 3.58184981
Valid MSE Loss     : 0.00058672	 | 	Valid MAPE Loss     : 2.33395600
lr                 : [0.0003]


Epoch : 37
Train MSE Loss     : 1.00146055	 | 	Train MAPE Loss     : 3.36325908
Valid MSE Loss     : 0.00044421	 | 	Valid MAPE Loss     : 1.84409618
lr                 : [0.0003]


Epoch : 38
Train MSE Loss     : 1.00179827	 | 	Train MAPE Loss     : 3.92756534
Valid MSE Loss     : 0.00098345	 | 	Valid MAPE Loss     : 2.80727124
lr                 : [2.9999999999999997e-05]


Epoch : 39
Train MSE Loss     : 1.00180185	 | 	Train MAPE Loss     : 3.79757714
Valid MSE Loss     : 0.00081960	 | 	Valid MAPE Loss     : 2.53213668
lr                 : [2.9999999999999997e-05]


Epoch : 40
Train MSE Loss     : 1.00048006	 | 	Train MAPE Loss     : 1.78848612
Valid MSE Loss     : 0.00028595	 | 	Valid MAPE Loss     : 1.62188923
lr                 : [2.9999999999999997e-05]


Epoch : 41
Train MSE Loss     : 1.00068009	 | 	Train MAPE Loss     : 2.41789842
Valid MSE Loss     : 0.00027733	 | 	Valid MAPE Loss     : 1.43475878
lr                 : [2.9999999999999997e-05]


Epoch : 42
Train MSE Loss     : 1.00021827	 | 	Train MAPE Loss     : 1.32378340
Valid MSE Loss     : 0.00012173	 | 	Valid MAPE Loss     : 0.97789145
lr                 : [2.9999999999999997e-05]


Epoch : 43
Train MSE Loss     : 1.00033820	 | 	Train MAPE Loss     : 1.70351362
Valid MSE Loss     : 0.00009479	 | 	Valid MAPE Loss     : 0.88481730
lr                 : [2.9999999999999997e-05]


Epoch : 44
Train MSE Loss     : 1.00020206	 | 	Train MAPE Loss     : 1.21041679
Valid MSE Loss     : 0.00034809	 | 	Valid MAPE Loss     : 1.69688654
lr                 : [2.9999999999999997e-05]


Epoch : 45
Train MSE Loss     : 1.00019991	 | 	Train MAPE Loss     : 1.27071965
Valid MSE Loss     : 0.00008936	 | 	Valid MAPE Loss     : 0.82569200
lr                 : [2.9999999999999997e-05]


Epoch : 46
Train MSE Loss     : 1.00020099	 | 	Train MAPE Loss     : 1.33773434
Valid MSE Loss     : 0.00011986	 | 	Valid MAPE Loss     : 1.00035334
lr                 : [2.9999999999999997e-05]


Epoch : 47
Train MSE Loss     : 1.00021875	 | 	Train MAPE Loss     : 1.34525537
Valid MSE Loss     : 0.00023386	 | 	Valid MAPE Loss     : 1.42018235
lr                 : [2.9999999999999997e-05]


Epoch : 48
Train MSE Loss     : 1.00020754	 | 	Train MAPE Loss     : 1.32425737
Valid MSE Loss     : 0.00025720	 | 	Valid MAPE Loss     : 1.47622168
lr                 : [2.9999999999999997e-05]


Epoch : 49
Train MSE Loss     : 1.00027597	 | 	Train MAPE Loss     : 1.68128002
Valid MSE Loss     : 0.00009505	 | 	Valid MAPE Loss     : 0.85744095
lr                 : [2.9999999999999997e-05]


Epoch : 50
Train MSE Loss     : 1.00016928	 | 	Train MAPE Loss     : 1.19628286
Valid MSE Loss     : 0.00009365	 | 	Valid MAPE Loss     : 0.85876352
lr                 : [2.9999999999999997e-05]


Epoch : 51
Train MSE Loss     : 1.00040686	 | 	Train MAPE Loss     : 1.87913358
Valid MSE Loss     : 0.00055799	 | 	Valid MAPE Loss     : 2.17149806
lr                 : [2.9999999999999997e-05]


Epoch : 52
Train MSE Loss     : 1.00112104	 | 	Train MAPE Loss     : 3.51405621
Valid MSE Loss     : 0.00092720	 | 	Valid MAPE Loss     : 2.95341420
lr                 : [2.9999999999999997e-05]


Epoch : 53
Train MSE Loss     : 1.00062001	 | 	Train MAPE Loss     : 2.38015580
Valid MSE Loss     : 0.00033133	 | 	Valid MAPE Loss     : 1.60224235
lr                 : [2.9999999999999997e-05]


Epoch : 54
Train MSE Loss     : 1.00021219	 | 	Train MAPE Loss     : 1.28677094
Valid MSE Loss     : 0.00013181	 | 	Valid MAPE Loss     : 1.04570162
lr                 : [2.9999999999999997e-05]


Epoch : 55
Train MSE Loss     : 1.00029981	 | 	Train MAPE Loss     : 1.61638629
Valid MSE Loss     : 0.00009664	 | 	Valid MAPE Loss     : 0.89386368
lr                 : [2.9999999999999997e-05]


Epoch : 56
Train MSE Loss     : 1.00012529	 | 	Train MAPE Loss     : 0.99965811
Valid MSE Loss     : 0.00036833	 | 	Valid MAPE Loss     : 1.78782690
lr                 : [3e-06]


Epoch : 57
Train MSE Loss     : 1.00032318	 | 	Train MAPE Loss     : 1.65657425
Valid MSE Loss     : 0.00037420	 | 	Valid MAPE Loss     : 1.83680820
lr                 : [3e-06]


Epoch : 58
Train MSE Loss     : 1.00025988	 | 	Train MAPE Loss     : 1.50966871
Valid MSE Loss     : 0.00028454	 | 	Valid MAPE Loss     : 1.61440051
lr                 : [3e-06]


Epoch : 59
Train MSE Loss     : 1.00014448	 | 	Train MAPE Loss     : 1.14264882
Valid MSE Loss     : 0.00016597	 | 	Valid MAPE Loss     : 1.20271969
lr                 : [3e-06]


Epoch : 60
Train MSE Loss     : 1.00009191	 | 	Train MAPE Loss     : 0.87655526
Valid MSE Loss     : 0.00009156	 | 	Valid MAPE Loss     : 0.82002658
lr                 : [3e-06]


Epoch : 61
Train MSE Loss     : 1.00003672	 | 	Train MAPE Loss     : 0.53551573
Valid MSE Loss     : 0.00008229	 | 	Valid MAPE Loss     : 0.78853637
lr                 : [3e-06]


Epoch : 62
Train MSE Loss     : 1.00006258	 | 	Train MAPE Loss     : 0.69672137
Valid MSE Loss     : 0.00007036	 | 	Valid MAPE Loss     : 0.74812394
lr                 : [3e-06]


Epoch : 63
Train MSE Loss     : 1.00005305	 | 	Train MAPE Loss     : 0.67231178
Valid MSE Loss     : 0.00006177	 | 	Valid MAPE Loss     : 0.71167582
lr                 : [3e-06]


Epoch : 64
Train MSE Loss     : 1.00002635	 | 	Train MAPE Loss     : 0.43770516
Valid MSE Loss     : 0.00008066	 | 	Valid MAPE Loss     : 0.78745681
lr                 : [3e-06]


Epoch : 65
Train MSE Loss     : 1.00002623	 | 	Train MAPE Loss     : 0.44064531
Valid MSE Loss     : 0.00010641	 | 	Valid MAPE Loss     : 0.90738201
lr                 : [3e-06]


Epoch : 66
Train MSE Loss     : 1.00004101	 | 	Train MAPE Loss     : 0.56165600
Valid MSE Loss     : 0.00009452	 | 	Valid MAPE Loss     : 0.84351873
lr                 : [3e-06]


Epoch : 67
Train MSE Loss     : 1.00004041	 | 	Train MAPE Loss     : 0.52030128
Valid MSE Loss     : 0.00007555	 | 	Valid MAPE Loss     : 0.74427444
lr                 : [3e-06]


Epoch : 68
Train MSE Loss     : 1.00001705	 | 	Train MAPE Loss     : 0.35034224
Valid MSE Loss     : 0.00006421	 | 	Valid MAPE Loss     : 0.69192410
lr                 : [3e-06]


Epoch : 69
Train MSE Loss     : 1.00002003	 | 	Train MAPE Loss     : 0.36426160
Valid MSE Loss     : 0.00006582	 | 	Valid MAPE Loss     : 0.69940776
lr                 : [3e-06]


Epoch : 70
Train MSE Loss     : 1.00001609	 | 	Train MAPE Loss     : 0.34026217
Valid MSE Loss     : 0.00007607	 | 	Valid MAPE Loss     : 0.74618536
lr                 : [3e-06]


Epoch : 71
Train MSE Loss     : 1.00001490	 | 	Train MAPE Loss     : 0.32008699
Valid MSE Loss     : 0.00007387	 | 	Valid MAPE Loss     : 0.73735195
lr                 : [3e-06]


Epoch : 72
Train MSE Loss     : 1.00001907	 | 	Train MAPE Loss     : 0.36523163
Valid MSE Loss     : 0.00006839	 | 	Valid MAPE Loss     : 0.71613717
lr                 : [3e-06]


Epoch : 73
Train MSE Loss     : 1.00002718	 | 	Train MAPE Loss     : 0.42288157
Valid MSE Loss     : 0.00006139	 | 	Valid MAPE Loss     : 0.68804264
lr                 : [3e-06]


Epoch : 74
Train MSE Loss     : 1.00001907	 | 	Train MAPE Loss     : 0.37842342
Valid MSE Loss     : 0.00006335	 | 	Valid MAPE Loss     : 0.68987662
lr                 : [3e-06]


Epoch : 75
Train MSE Loss     : 1.00003898	 | 	Train MAPE Loss     : 0.49337283
Valid MSE Loss     : 0.00007233	 | 	Valid MAPE Loss     : 0.72915226
lr                 : [3e-06]


Epoch : 76
Train MSE Loss     : 1.00001800	 | 	Train MAPE Loss     : 0.35563502
Valid MSE Loss     : 0.00007118	 | 	Valid MAPE Loss     : 0.72390336
lr                 : [3e-06]


Epoch : 77
Train MSE Loss     : 1.00002325	 | 	Train MAPE Loss     : 0.42315745
Valid MSE Loss     : 0.00006600	 | 	Valid MAPE Loss     : 0.69742924
lr                 : [3e-06]


Epoch : 78
Train MSE Loss     : 1.00002110	 | 	Train MAPE Loss     : 0.40256068
Valid MSE Loss     : 0.00006395	 | 	Valid MAPE Loss     : 0.68622351
lr                 : [3e-06]


Epoch : 79
Train MSE Loss     : 1.00001299	 | 	Train MAPE Loss     : 0.30376574
Valid MSE Loss     : 0.00006724	 | 	Valid MAPE Loss     : 0.70298773
lr                 : [3e-06]


Epoch : 80
Train MSE Loss     : 1.00001407	 | 	Train MAPE Loss     : 0.31772932
Valid MSE Loss     : 0.00007632	 | 	Valid MAPE Loss     : 0.75534326
lr                 : [3e-06]


Epoch : 81
Train MSE Loss     : 1.00004733	 | 	Train MAPE Loss     : 0.59963703
Valid MSE Loss     : 0.00008145	 | 	Valid MAPE Loss     : 0.77991945
lr                 : [3e-06]


Epoch : 82
Train MSE Loss     : 1.00001729	 | 	Train MAPE Loss     : 0.35522547
Valid MSE Loss     : 0.00007506	 | 	Valid MAPE Loss     : 0.75014466
lr                 : [3e-06]


Epoch : 83
Train MSE Loss     : 1.00001371	 | 	Train MAPE Loss     : 0.31639573
Valid MSE Loss     : 0.00006747	 | 	Valid MAPE Loss     : 0.70558721
lr                 : [3e-06]


Epoch : 84
Train MSE Loss     : 1.00001442	 | 	Train MAPE Loss     : 0.32454515
Valid MSE Loss     : 0.00006531	 | 	Valid MAPE Loss     : 0.69743824
lr                 : [3e-06]


Epoch : 85
Train MSE Loss     : 1.00001109	 | 	Train MAPE Loss     : 0.28010985
Valid MSE Loss     : 0.00007252	 | 	Valid MAPE Loss     : 0.72915441
lr                 : [3e-06]


Epoch : 86
Train MSE Loss     : 1.00003147	 | 	Train MAPE Loss     : 0.45252332
Valid MSE Loss     : 0.00008060	 | 	Valid MAPE Loss     : 0.77603835
lr                 : [3e-06]


Epoch : 87
Train MSE Loss     : 1.00001633	 | 	Train MAPE Loss     : 0.34640601
Valid MSE Loss     : 0.00006963	 | 	Valid MAPE Loss     : 0.71299773
lr                 : [3e-06]


Epoch : 88
Train MSE Loss     : 1.00001454	 | 	Train MAPE Loss     : 0.32456467
Valid MSE Loss     : 0.00005622	 | 	Valid MAPE Loss     : 0.65058571
lr                 : [3e-06]


Epoch : 89
Train MSE Loss     : 1.00001872	 | 	Train MAPE Loss     : 0.38543412
Valid MSE Loss     : 0.00005590	 | 	Valid MAPE Loss     : 0.64834398
lr                 : [3e-06]


Epoch : 90
Train MSE Loss     : 1.00001764	 | 	Train MAPE Loss     : 0.34982467
Valid MSE Loss     : 0.00006133	 | 	Valid MAPE Loss     : 0.67125171
lr                 : [3e-06]


Epoch : 91
Train MSE Loss     : 1.00001383	 | 	Train MAPE Loss     : 0.30688971
Valid MSE Loss     : 0.00006761	 | 	Valid MAPE Loss     : 0.70599014
lr                 : [3e-06]


Epoch : 92
Train MSE Loss     : 1.00001216	 | 	Train MAPE Loss     : 0.30110466
Valid MSE Loss     : 0.00006747	 | 	Valid MAPE Loss     : 0.70351189
lr                 : [3e-06]


Epoch : 93
Train MSE Loss     : 1.00001395	 | 	Train MAPE Loss     : 0.32133278
Valid MSE Loss     : 0.00006536	 | 	Valid MAPE Loss     : 0.69531614
lr                 : [3e-06]


Epoch : 94
Train MSE Loss     : 1.00001240	 | 	Train MAPE Loss     : 0.29289022
Valid MSE Loss     : 0.00006079	 | 	Valid MAPE Loss     : 0.66999578
lr                 : [3e-06]


Epoch : 95
Train MSE Loss     : 1.00001514	 | 	Train MAPE Loss     : 0.33972001
Valid MSE Loss     : 0.00006270	 | 	Valid MAPE Loss     : 0.67983538
lr                 : [3e-06]


Epoch : 96
Train MSE Loss     : 1.00001085	 | 	Train MAPE Loss     : 0.27933359
Valid MSE Loss     : 0.00006564	 | 	Valid MAPE Loss     : 0.69496411
lr                 : [3e-06]


Epoch : 97
Train MSE Loss     : 1.00001812	 | 	Train MAPE Loss     : 0.34420279
Valid MSE Loss     : 0.00006499	 | 	Valid MAPE Loss     : 0.69295764
lr                 : [3e-06]


Epoch : 98
Train MSE Loss     : 1.00001180	 | 	Train MAPE Loss     : 0.29760221
Valid MSE Loss     : 0.00006176	 | 	Valid MAPE Loss     : 0.67270142
lr                 : [3e-06]


Epoch : 99
Train MSE Loss     : 1.00001252	 | 	Train MAPE Loss     : 0.28958890
Valid MSE Loss     : 0.00006521	 | 	Valid MAPE Loss     : 0.69518596
lr                 : [3e-06]


Epoch : 100
Train MSE Loss     : 1.00001061	 | 	Train MAPE Loss     : 0.27692664
Valid MSE Loss     : 0.00006104	 | 	Valid MAPE Loss     : 0.66914338
lr                 : [3.0000000000000004e-07]


Epoch : 101
Train MSE Loss     : 1.00000763	 | 	Train MAPE Loss     : 0.23039608
Valid MSE Loss     : 0.00006101	 | 	Valid MAPE Loss     : 0.66969413
lr                 : [3.0000000000000004e-07]


Epoch : 102
Train MSE Loss     : 1.00001609	 | 	Train MAPE Loss     : 0.33977556
Valid MSE Loss     : 0.00006166	 | 	Valid MAPE Loss     : 0.67489129
lr                 : [3.0000000000000004e-07]


Epoch : 103
Train MSE Loss     : 1.00001717	 | 	Train MAPE Loss     : 0.34674886
Valid MSE Loss     : 0.00006004	 | 	Valid MAPE Loss     : 0.66519207
lr                 : [3.0000000000000004e-07]


Epoch : 104
Train MSE Loss     : 1.00001872	 | 	Train MAPE Loss     : 0.34591654
Valid MSE Loss     : 0.00006135	 | 	Valid MAPE Loss     : 0.66835737
lr                 : [3.0000000000000004e-07]


Epoch : 105
Train MSE Loss     : 1.00001633	 | 	Train MAPE Loss     : 0.35510886
Valid MSE Loss     : 0.00005939	 | 	Valid MAPE Loss     : 0.66070873
lr                 : [3.0000000000000004e-07]


Epoch : 106
Train MSE Loss     : 1.00001156	 | 	Train MAPE Loss     : 0.30282155
Valid MSE Loss     : 0.00006089	 | 	Valid MAPE Loss     : 0.66818184
lr                 : [3.0000000000000004e-07]


Epoch : 107
Train MSE Loss     : 1.00000799	 | 	Train MAPE Loss     : 0.23546787
Valid MSE Loss     : 0.00006306	 | 	Valid MAPE Loss     : 0.67985457
lr                 : [3.0000000000000004e-07]


Epoch : 108
Train MSE Loss     : 1.00001097	 | 	Train MAPE Loss     : 0.28781667
Valid MSE Loss     : 0.00006415	 | 	Valid MAPE Loss     : 0.68263596
lr                 : [3.0000000000000004e-07]


Epoch : 109
Train MSE Loss     : 1.00002921	 | 	Train MAPE Loss     : 0.42454422
Valid MSE Loss     : 0.00006476	 | 	Valid MAPE Loss     : 0.68654871
lr                 : [3.0000000000000004e-07]


Epoch : 110
Train MSE Loss     : 1.00000978	 | 	Train MAPE Loss     : 0.26585123
Valid MSE Loss     : 0.00006435	 | 	Valid MAPE Loss     : 0.68725568
lr                 : [3.0000000000000004e-07]


Epoch : 111
Train MSE Loss     : 1.00002062	 | 	Train MAPE Loss     : 0.37094474
Valid MSE Loss     : 0.00006303	 | 	Valid MAPE Loss     : 0.67987877
lr                 : [3.0000000000000004e-08]


Epoch : 112
Train MSE Loss     : 1.00000989	 | 	Train MAPE Loss     : 0.26668489
Valid MSE Loss     : 0.00006234	 | 	Valid MAPE Loss     : 0.67382652
lr                 : [3.0000000000000004e-08]


Epoch : 113
Train MSE Loss     : 1.00001466	 | 	Train MAPE Loss     : 0.32218632
Valid MSE Loss     : 0.00006352	 | 	Valid MAPE Loss     : 0.68139577
lr                 : [3.0000000000000004e-08]


Epoch : 114
Train MSE Loss     : 1.00002623	 | 	Train MAPE Loss     : 0.43574098
Valid MSE Loss     : 0.00006043	 | 	Valid MAPE Loss     : 0.66629106
lr                 : [3.0000000000000004e-08]


Epoch : 115
Train MSE Loss     : 1.00001132	 | 	Train MAPE Loss     : 0.27379823
Valid MSE Loss     : 0.00006320	 | 	Valid MAPE Loss     : 0.68038970
lr                 : [3.0000000000000004e-08]


Epoch : 116
Train MSE Loss     : 1.00001085	 | 	Train MAPE Loss     : 0.28062233
Valid MSE Loss     : 0.00006359	 | 	Valid MAPE Loss     : 0.68030578
lr                 : [3.0000000000000004e-08]


Epoch : 117
Train MSE Loss     : 1.00001442	 | 	Train MAPE Loss     : 0.32947555
Valid MSE Loss     : 0.00006404	 | 	Valid MAPE Loss     : 0.68548727
lr                 : [3.0000000000000004e-08]


Epoch : 118
Train MSE Loss     : 1.00001574	 | 	Train MAPE Loss     : 0.34348059
Valid MSE Loss     : 0.00006247	 | 	Valid MAPE Loss     : 0.67597419
lr                 : [3.0000000000000004e-08]


Epoch : 119
Train MSE Loss     : 1.00001490	 | 	Train MAPE Loss     : 0.32195905
Valid MSE Loss     : 0.00006533	 | 	Valid MAPE Loss     : 0.69342071
lr                 : [3.0000000000000004e-08]


Epoch : 120
Train MSE Loss     : 1.00001431	 | 	Train MAPE Loss     : 0.32618159
Valid MSE Loss     : 0.00006420	 | 	Valid MAPE Loss     : 0.68577170
lr                 : [3.0000000000000004e-08]


Epoch : 121
Train MSE Loss     : 1.00001299	 | 	Train MAPE Loss     : 0.30748522
Valid MSE Loss     : 0.00006358	 | 	Valid MAPE Loss     : 0.67909449
lr                 : [3.0000000000000004e-08]


Epoch : 122
Train MSE Loss     : 1.00001109	 | 	Train MAPE Loss     : 0.28592142
Valid MSE Loss     : 0.00006285	 | 	Valid MAPE Loss     : 0.67989105
lr                 : [3.0000000000000004e-09]


Epoch : 123
Train MSE Loss     : 1.00002468	 | 	Train MAPE Loss     : 0.42462230
Valid MSE Loss     : 0.00006280	 | 	Valid MAPE Loss     : 0.67790157
lr                 : [3.0000000000000004e-09]


Epoch : 124
Train MSE Loss     : 1.00000751	 | 	Train MAPE Loss     : 0.23049803
Valid MSE Loss     : 0.00006239	 | 	Valid MAPE Loss     : 0.67298275
lr                 : [3.0000000000000004e-09]


Epoch : 125
Train MSE Loss     : 1.00000727	 | 	Train MAPE Loss     : 0.23534894
Valid MSE Loss     : 0.00006159	 | 	Valid MAPE Loss     : 0.66964275
lr                 : [3.0000000000000004e-09]


Epoch : 126
Train MSE Loss     : 1.00001371	 | 	Train MAPE Loss     : 0.31912306
Valid MSE Loss     : 0.00006334	 | 	Valid MAPE Loss     : 0.68054932
lr                 : [3.0000000000000004e-09]


Epoch : 127
Train MSE Loss     : 1.00000811	 | 	Train MAPE Loss     : 0.24217643
Valid MSE Loss     : 0.00006177	 | 	Valid MAPE Loss     : 0.67158133
lr                 : [3.0000000000000004e-09]


Epoch : 128
Train MSE Loss     : 1.00001383	 | 	Train MAPE Loss     : 0.30066231
Valid MSE Loss     : 0.00006337	 | 	Valid MAPE Loss     : 0.68072051
lr                 : [3.0000000000000004e-09]


Epoch : 129
Train MSE Loss     : 1.00001311	 | 	Train MAPE Loss     : 0.30873862
Valid MSE Loss     : 0.00006127	 | 	Valid MAPE Loss     : 0.67059708
lr                 : [3.0000000000000004e-09]


Epoch : 130
Train MSE Loss     : 1.00000751	 | 	Train MAPE Loss     : 0.23601015
Valid MSE Loss     : 0.00006226	 | 	Valid MAPE Loss     : 0.67445105
lr                 : [3.0000000000000004e-09]


Epoch : 131
Train MSE Loss     : 1.00001228	 | 	Train MAPE Loss     : 0.29260573
Valid MSE Loss     : 0.00006418	 | 	Valid MAPE Loss     : 0.68597651
lr                 : [3.0000000000000004e-09]


Epoch : 132
Train MSE Loss     : 1.00001609	 | 	Train MAPE Loss     : 0.34142509
Valid MSE Loss     : 0.00006396	 | 	Valid MAPE Loss     : 0.68331927
lr                 : [3.0000000000000004e-09]


Epoch : 133
Train MSE Loss     : 1.00001705	 | 	Train MAPE Loss     : 0.32924294
Valid MSE Loss     : 0.00006260	 | 	Valid MAPE Loss     : 0.67349213
lr                 : [3.0000000000000004e-09]


Epoch : 134
Train MSE Loss     : 1.00001097	 | 	Train MAPE Loss     : 0.29080251
Valid MSE Loss     : 0.00006284	 | 	Valid MAPE Loss     : 0.67548776
lr                 : [3.0000000000000004e-09]


Epoch : 135
Train MSE Loss     : 1.00001574	 | 	Train MAPE Loss     : 0.33930400
Valid MSE Loss     : 0.00006438	 | 	Valid MAPE Loss     : 0.68765593
lr                 : [3.0000000000000004e-09]


Epoch : 136
Train MSE Loss     : 1.00000799	 | 	Train MAPE Loss     : 0.23433228
Valid MSE Loss     : 0.00006395	 | 	Valid MAPE Loss     : 0.68452841
lr                 : [3.0000000000000004e-09]


Epoch : 137
Train MSE Loss     : 1.00001705	 | 	Train MAPE Loss     : 0.35623184
Valid MSE Loss     : 0.00006223	 | 	Valid MAPE Loss     : 0.67350525
lr                 : [3.0000000000000004e-09]


Epoch : 138
Train MSE Loss     : 1.00000978	 | 	Train MAPE Loss     : 0.26535127
Valid MSE Loss     : 0.00006159	 | 	Valid MAPE Loss     : 0.67384893
lr                 : [3.0000000000000004e-09]


Epoch : 139
Train MSE Loss     : 1.00000966	 | 	Train MAPE Loss     : 0.27159116
Valid MSE Loss     : 0.00006287	 | 	Valid MAPE Loss     : 0.68000323
lr                 : [3.0000000000000004e-09]


Epoch : 140
Train MSE Loss     : 1.00000906	 | 	Train MAPE Loss     : 0.25616208
Valid MSE Loss     : 0.00006237	 | 	Valid MAPE Loss     : 0.67559797
lr                 : [3.0000000000000004e-09]


Epoch : 141
Train MSE Loss     : 1.00001872	 | 	Train MAPE Loss     : 0.36671820
Valid MSE Loss     : 0.00006250	 | 	Valid MAPE Loss     : 0.67513305
lr                 : [3.0000000000000004e-09]


Epoch : 142
Train MSE Loss     : 1.00000918	 | 	Train MAPE Loss     : 0.25804821
Valid MSE Loss     : 0.00006186	 | 	Valid MAPE Loss     : 0.67315036
lr                 : [3.0000000000000004e-09]


Epoch : 143
Train MSE Loss     : 1.00002706	 | 	Train MAPE Loss     : 0.42010698
Valid MSE Loss     : 0.00006443	 | 	Valid MAPE Loss     : 0.68556243
lr                 : [3.0000000000000004e-09]


Epoch : 144
Train MSE Loss     : 1.00001097	 | 	Train MAPE Loss     : 0.26844230
Valid MSE Loss     : 0.00006294	 | 	Valid MAPE Loss     : 0.67890024
lr                 : [3.0000000000000004e-09]


Epoch : 145
Train MSE Loss     : 1.00001001	 | 	Train MAPE Loss     : 0.26617327
Valid MSE Loss     : 0.00006265	 | 	Valid MAPE Loss     : 0.67780304
lr                 : [3.0000000000000004e-09]


Epoch : 146
Train MSE Loss     : 1.00001049	 | 	Train MAPE Loss     : 0.27147850
Valid MSE Loss     : 0.00006266	 | 	Valid MAPE Loss     : 0.67856950
lr                 : [3.0000000000000004e-09]


Epoch : 147
Train MSE Loss     : 1.00000823	 | 	Train MAPE Loss     : 0.25062561
Valid MSE Loss     : 0.00006141	 | 	Valid MAPE Loss     : 0.66996700
lr                 : [3.0000000000000004e-09]


Epoch : 148
Train MSE Loss     : 1.00001860	 | 	Train MAPE Loss     : 0.34585038
Valid MSE Loss     : 0.00006186	 | 	Valid MAPE Loss     : 0.67248601
lr                 : [3.0000000000000004e-09]


Epoch : 149
Train MSE Loss     : 1.00000942	 | 	Train MAPE Loss     : 0.25924143
Valid MSE Loss     : 0.00006294	 | 	Valid MAPE Loss     : 0.67507333
lr                 : [3.0000000000000004e-09]


Epoch : 150
Train MSE Loss     : 1.00000823	 | 	Train MAPE Loss     : 0.24565704
Valid MSE Loss     : 0.00006186	 | 	Valid MAPE Loss     : 0.67238778
lr                 : [3.0000000000000004e-09]


Evaluate on the Test set:
Test MAPE loss      :1.40257621	 | Test MSE loss      : 0.00027684

################## Training is Done! #########################
