=============================================
Dataset: cell_Tongji_NCA_data
Mode:    fine_tuned
=============================================
Training started ....

Epoch : 1
Train MSE Loss     : 1.00215125	 | 	Train MAPE Loss     : 4.20597076
Valid MSE Loss     : 0.00010887	 | 	Valid MAPE Loss     : 1.14831650
lr                 : [0.0003]


Epoch : 2
Train MSE Loss     : 1.00044787	 | 	Train MAPE Loss     : 1.86894715
Valid MSE Loss     : 0.00001083	 | 	Valid MAPE Loss     : 0.28464988
lr                 : [0.0003]


Epoch : 3
Train MSE Loss     : 1.00048935	 | 	Train MAPE Loss     : 1.92938530
Valid MSE Loss     : 0.00231854	 | 	Valid MAPE Loss     : 5.60513353
lr                 : [0.0003]


Epoch : 4
Train MSE Loss     : 1.00127006	 | 	Train MAPE Loss     : 3.15289021
Valid MSE Loss     : 0.00002494	 | 	Valid MAPE Loss     : 0.32170397
lr                 : [0.0003]


Epoch : 5
Train MSE Loss     : 1.00037885	 | 	Train MAPE Loss     : 1.63018775
Valid MSE Loss     : 0.00158851	 | 	Valid MAPE Loss     : 4.63197660
lr                 : [0.0003]


Epoch : 6
Train MSE Loss     : 1.00077033	 | 	Train MAPE Loss     : 2.66778541
Valid MSE Loss     : 0.00002196	 | 	Valid MAPE Loss     : 0.28507322
lr                 : [0.0003]


Epoch : 7
Train MSE Loss     : 1.00104368	 | 	Train MAPE Loss     : 2.90695000
Valid MSE Loss     : 0.00561961	 | 	Valid MAPE Loss     : 8.72782040
lr                 : [0.0003]


Epoch : 8
Train MSE Loss     : 1.00163245	 | 	Train MAPE Loss     : 3.65052986
Valid MSE Loss     : 0.00070786	 | 	Valid MAPE Loss     : 3.03994370
lr                 : [0.0003]


Epoch : 9
Train MSE Loss     : 1.00036287	 | 	Train MAPE Loss     : 1.73613870
Valid MSE Loss     : 0.00001329	 | 	Valid MAPE Loss     : 0.27763957
lr                 : [0.0003]


Epoch : 10
Train MSE Loss     : 1.00128078	 | 	Train MAPE Loss     : 3.32249141
Valid MSE Loss     : 0.00029913	 | 	Valid MAPE Loss     : 1.92017567
lr                 : [0.0003]


Epoch : 11
Train MSE Loss     : 1.00222528	 | 	Train MAPE Loss     : 4.26873016
Valid MSE Loss     : 0.00483783	 | 	Valid MAPE Loss     : 8.15323925
lr                 : [0.0003]


Epoch : 12
Train MSE Loss     : 1.00047362	 | 	Train MAPE Loss     : 1.79831815
Valid MSE Loss     : 0.00174536	 | 	Valid MAPE Loss     : 4.83232164
lr                 : [0.0003]


Epoch : 13
Train MSE Loss     : 1.00057793	 | 	Train MAPE Loss     : 2.14931798
Valid MSE Loss     : 0.00007358	 | 	Valid MAPE Loss     : 0.78417152
lr                 : [0.0003]


Epoch : 14
Train MSE Loss     : 1.00137258	 | 	Train MAPE Loss     : 3.41639471
Valid MSE Loss     : 0.00497626	 | 	Valid MAPE Loss     : 8.19035435
lr                 : [0.0003]


Epoch : 15
Train MSE Loss     : 1.00279331	 | 	Train MAPE Loss     : 4.59398794
Valid MSE Loss     : 0.00022225	 | 	Valid MAPE Loss     : 1.50721931
lr                 : [0.0003]


Epoch : 16
Train MSE Loss     : 1.00243366	 | 	Train MAPE Loss     : 4.33175564
Valid MSE Loss     : 0.00002863	 | 	Valid MAPE Loss     : 0.29763365
lr                 : [0.0003]


Epoch : 17
Train MSE Loss     : 1.00027382	 | 	Train MAPE Loss     : 1.53126812
Valid MSE Loss     : 0.00024958	 | 	Valid MAPE Loss     : 1.76101148
lr                 : [0.0003]


Epoch : 18
Train MSE Loss     : 1.00130284	 | 	Train MAPE Loss     : 3.16827059
Valid MSE Loss     : 0.00161824	 | 	Valid MAPE Loss     : 4.62469578
lr                 : [0.0003]


Epoch : 19
Train MSE Loss     : 1.00083363	 | 	Train MAPE Loss     : 2.70049024
Valid MSE Loss     : 0.00004164	 | 	Valid MAPE Loss     : 0.67212903
lr                 : [0.0003]


Epoch : 20
Train MSE Loss     : 1.00034046	 | 	Train MAPE Loss     : 1.55379152
Valid MSE Loss     : 0.00001231	 | 	Valid MAPE Loss     : 0.26448768
lr                 : [0.0003]


Epoch : 21
Train MSE Loss     : 1.00028038	 | 	Train MAPE Loss     : 1.51796699
Valid MSE Loss     : 0.00028526	 | 	Valid MAPE Loss     : 1.87763250
lr                 : [0.0003]


Epoch : 22
Train MSE Loss     : 1.00075758	 | 	Train MAPE Loss     : 2.33279824
Valid MSE Loss     : 0.00007191	 | 	Valid MAPE Loss     : 0.87475932
lr                 : [0.0003]


Epoch : 23
Train MSE Loss     : 1.00132287	 | 	Train MAPE Loss     : 3.20176172
Valid MSE Loss     : 0.00050201	 | 	Valid MAPE Loss     : 2.54796243
lr                 : [0.0003]


Epoch : 24
Train MSE Loss     : 1.00061166	 | 	Train MAPE Loss     : 2.17098069
Valid MSE Loss     : 0.00047472	 | 	Valid MAPE Loss     : 2.49846554
lr                 : [0.0003]


Epoch : 25
Train MSE Loss     : 1.00040078	 | 	Train MAPE Loss     : 1.78236616
Valid MSE Loss     : 0.00084209	 | 	Valid MAPE Loss     : 3.37328100
lr                 : [0.0003]


Epoch : 26
Train MSE Loss     : 1.00206900	 | 	Train MAPE Loss     : 4.35801363
Valid MSE Loss     : 0.00265029	 | 	Valid MAPE Loss     : 6.01121473
lr                 : [0.0003]


Epoch : 27
Train MSE Loss     : 1.00047827	 | 	Train MAPE Loss     : 1.89965439
Valid MSE Loss     : 0.00184612	 | 	Valid MAPE Loss     : 4.99833632
lr                 : [0.0003]


Epoch : 28
Train MSE Loss     : 1.00090802	 | 	Train MAPE Loss     : 2.80963540
Valid MSE Loss     : 0.00011711	 | 	Valid MAPE Loss     : 1.21403205
lr                 : [0.0003]


Epoch : 29
Train MSE Loss     : 1.00267518	 | 	Train MAPE Loss     : 4.63380766
Valid MSE Loss     : 0.00002385	 | 	Valid MAPE Loss     : 0.42373294
lr                 : [0.0003]


Epoch : 30
Train MSE Loss     : 1.00121105	 | 	Train MAPE Loss     : 3.20785284
Valid MSE Loss     : 0.00004892	 | 	Valid MAPE Loss     : 0.71298182
lr                 : [0.0003]


Epoch : 31
Train MSE Loss     : 1.00090587	 | 	Train MAPE Loss     : 2.60330343
Valid MSE Loss     : 0.00008114	 | 	Valid MAPE Loss     : 0.92686039
lr                 : [2.9999999999999997e-05]


Epoch : 32
Train MSE Loss     : 1.00007463	 | 	Train MAPE Loss     : 0.71713936
Valid MSE Loss     : 0.00004353	 | 	Valid MAPE Loss     : 0.63615018
lr                 : [2.9999999999999997e-05]


Epoch : 33
Train MSE Loss     : 1.00007117	 | 	Train MAPE Loss     : 0.71304286
Valid MSE Loss     : 0.00002982	 | 	Valid MAPE Loss     : 0.53896785
lr                 : [2.9999999999999997e-05]


Epoch : 34
Train MSE Loss     : 1.00005639	 | 	Train MAPE Loss     : 0.65376258
Valid MSE Loss     : 0.00002078	 | 	Valid MAPE Loss     : 0.42264462
lr                 : [2.9999999999999997e-05]


Epoch : 35
Train MSE Loss     : 1.00006855	 | 	Train MAPE Loss     : 0.73297268
Valid MSE Loss     : 0.00001211	 | 	Valid MAPE Loss     : 0.27644569
lr                 : [2.9999999999999997e-05]


Epoch : 36
Train MSE Loss     : 1.00008202	 | 	Train MAPE Loss     : 0.80770987
Valid MSE Loss     : 0.00001431	 | 	Valid MAPE Loss     : 0.31460539
lr                 : [2.9999999999999997e-05]


Epoch : 37
Train MSE Loss     : 1.00007486	 | 	Train MAPE Loss     : 0.75923073
Valid MSE Loss     : 0.00001263	 | 	Valid MAPE Loss     : 0.28482535
lr                 : [2.9999999999999997e-05]


Epoch : 38
Train MSE Loss     : 1.00005531	 | 	Train MAPE Loss     : 0.64262193
Valid MSE Loss     : 0.00006564	 | 	Valid MAPE Loss     : 0.89537358
lr                 : [2.9999999999999997e-05]


Epoch : 39
Train MSE Loss     : 1.00005317	 | 	Train MAPE Loss     : 0.62066036
Valid MSE Loss     : 0.00001829	 | 	Valid MAPE Loss     : 0.39165592
lr                 : [2.9999999999999997e-05]


Epoch : 40
Train MSE Loss     : 1.00005794	 | 	Train MAPE Loss     : 0.66473562
Valid MSE Loss     : 0.00001769	 | 	Valid MAPE Loss     : 0.37981117
lr                 : [2.9999999999999997e-05]


Epoch : 41
Train MSE Loss     : 1.00006032	 | 	Train MAPE Loss     : 0.66117746
Valid MSE Loss     : 0.00001201	 | 	Valid MAPE Loss     : 0.26602075
lr                 : [2.9999999999999997e-05]


Epoch : 42
Train MSE Loss     : 1.00005448	 | 	Train MAPE Loss     : 0.62483001
Valid MSE Loss     : 0.00001660	 | 	Valid MAPE Loss     : 0.34997699
lr                 : [3e-06]


Epoch : 43
Train MSE Loss     : 1.00005078	 | 	Train MAPE Loss     : 0.60353899
Valid MSE Loss     : 0.00001073	 | 	Valid MAPE Loss     : 0.24647197
lr                 : [3e-06]


Epoch : 44
Train MSE Loss     : 1.00005007	 | 	Train MAPE Loss     : 0.58987296
Valid MSE Loss     : 0.00001359	 | 	Valid MAPE Loss     : 0.31139576
lr                 : [3e-06]


Epoch : 45
Train MSE Loss     : 1.00004983	 | 	Train MAPE Loss     : 0.59387910
Valid MSE Loss     : 0.00002127	 | 	Valid MAPE Loss     : 0.42230970
lr                 : [3e-06]


Epoch : 46
Train MSE Loss     : 1.00004470	 | 	Train MAPE Loss     : 0.56494915
Valid MSE Loss     : 0.00001494	 | 	Valid MAPE Loss     : 0.33004585
lr                 : [3e-06]


Epoch : 47
Train MSE Loss     : 1.00004363	 | 	Train MAPE Loss     : 0.54223973
Valid MSE Loss     : 0.00002671	 | 	Valid MAPE Loss     : 0.51978964
lr                 : [3e-06]


Epoch : 48
Train MSE Loss     : 1.00004816	 | 	Train MAPE Loss     : 0.57807726
Valid MSE Loss     : 0.00001052	 | 	Valid MAPE Loss     : 0.25382745
lr                 : [3e-06]


Epoch : 49
Train MSE Loss     : 1.00004387	 | 	Train MAPE Loss     : 0.54688627
Valid MSE Loss     : 0.00001362	 | 	Valid MAPE Loss     : 0.30190095
lr                 : [3e-06]


Epoch : 50
Train MSE Loss     : 1.00003946	 | 	Train MAPE Loss     : 0.51792574
Valid MSE Loss     : 0.00001767	 | 	Valid MAPE Loss     : 0.36872825
lr                 : [3e-06]


Epoch : 51
Train MSE Loss     : 1.00007200	 | 	Train MAPE Loss     : 0.74778521
Valid MSE Loss     : 0.00001051	 | 	Valid MAPE Loss     : 0.25540963
lr                 : [3e-06]


Epoch : 52
Train MSE Loss     : 1.00004745	 | 	Train MAPE Loss     : 0.58131474
Valid MSE Loss     : 0.00001168	 | 	Valid MAPE Loss     : 0.26932552
lr                 : [3e-06]


Epoch : 53
Train MSE Loss     : 1.00004756	 | 	Train MAPE Loss     : 0.58699578
Valid MSE Loss     : 0.00002754	 | 	Valid MAPE Loss     : 0.52965742
lr                 : [3e-06]


Epoch : 54
Train MSE Loss     : 1.00004447	 | 	Train MAPE Loss     : 0.56938601
Valid MSE Loss     : 0.00001919	 | 	Valid MAPE Loss     : 0.39143550
lr                 : [3.0000000000000004e-07]


Epoch : 55
Train MSE Loss     : 1.00003910	 | 	Train MAPE Loss     : 0.50451404
Valid MSE Loss     : 0.00002284	 | 	Valid MAPE Loss     : 0.46926507
lr                 : [3.0000000000000004e-07]


Epoch : 56
Train MSE Loss     : 1.00004232	 | 	Train MAPE Loss     : 0.53957719
Valid MSE Loss     : 0.00001099	 | 	Valid MAPE Loss     : 0.26138163
lr                 : [3.0000000000000004e-07]


Epoch : 57
Train MSE Loss     : 1.00004756	 | 	Train MAPE Loss     : 0.58233935
Valid MSE Loss     : 0.00001355	 | 	Valid MAPE Loss     : 0.30658904
lr                 : [3.0000000000000004e-07]


Epoch : 58
Train MSE Loss     : 1.00004876	 | 	Train MAPE Loss     : 0.58303535
Valid MSE Loss     : 0.00002254	 | 	Valid MAPE Loss     : 0.43804181
lr                 : [3.0000000000000004e-07]


Epoch : 59
Train MSE Loss     : 1.00004470	 | 	Train MAPE Loss     : 0.55831265
Valid MSE Loss     : 0.00002284	 | 	Valid MAPE Loss     : 0.46985266
lr                 : [3.0000000000000004e-07]


Epoch : 60
Train MSE Loss     : 1.00004232	 | 	Train MAPE Loss     : 0.55072320
Valid MSE Loss     : 0.00001090	 | 	Valid MAPE Loss     : 0.25981805
lr                 : [3.0000000000000004e-07]


Epoch : 61
Train MSE Loss     : 1.00004292	 | 	Train MAPE Loss     : 0.55165529
Valid MSE Loss     : 0.00000985	 | 	Valid MAPE Loss     : 0.24427199
lr                 : [3.0000000000000004e-07]


Epoch : 62
Train MSE Loss     : 1.00004530	 | 	Train MAPE Loss     : 0.56319797
Valid MSE Loss     : 0.00004194	 | 	Valid MAPE Loss     : 0.69246358
lr                 : [3.0000000000000004e-07]


Epoch : 63
Train MSE Loss     : 1.00005352	 | 	Train MAPE Loss     : 0.60941643
Valid MSE Loss     : 0.00002580	 | 	Valid MAPE Loss     : 0.48443234
lr                 : [3.0000000000000004e-07]


Epoch : 64
Train MSE Loss     : 1.00003874	 | 	Train MAPE Loss     : 0.51128411
Valid MSE Loss     : 0.00001037	 | 	Valid MAPE Loss     : 0.25467399
lr                 : [3.0000000000000004e-07]


Epoch : 65
Train MSE Loss     : 1.00004745	 | 	Train MAPE Loss     : 0.58136719
Valid MSE Loss     : 0.00001602	 | 	Valid MAPE Loss     : 0.34046495
lr                 : [3.0000000000000004e-07]


Epoch : 66
Train MSE Loss     : 1.00004458	 | 	Train MAPE Loss     : 0.54635870
Valid MSE Loss     : 0.00000996	 | 	Valid MAPE Loss     : 0.24543886
lr                 : [3.0000000000000004e-07]


Epoch : 67
Train MSE Loss     : 1.00004816	 | 	Train MAPE Loss     : 0.57306337
Valid MSE Loss     : 0.00001407	 | 	Valid MAPE Loss     : 0.31384811
lr                 : [3.0000000000000004e-07]


Epoch : 68
Train MSE Loss     : 1.00004673	 | 	Train MAPE Loss     : 0.57523119
Valid MSE Loss     : 0.00001172	 | 	Valid MAPE Loss     : 0.26340815
lr                 : [3.0000000000000004e-07]


Epoch : 69
Train MSE Loss     : 1.00004184	 | 	Train MAPE Loss     : 0.53359342
Valid MSE Loss     : 0.00003062	 | 	Valid MAPE Loss     : 0.56590080
lr                 : [3.0000000000000004e-07]


Epoch : 70
Train MSE Loss     : 1.00004590	 | 	Train MAPE Loss     : 0.56845081
Valid MSE Loss     : 0.00001175	 | 	Valid MAPE Loss     : 0.26606303
lr                 : [3.0000000000000004e-07]


Epoch : 71
Train MSE Loss     : 1.00004196	 | 	Train MAPE Loss     : 0.53005433
Valid MSE Loss     : 0.00001033	 | 	Valid MAPE Loss     : 0.25181958
lr                 : [3.0000000000000004e-07]


Epoch : 72
Train MSE Loss     : 1.00004411	 | 	Train MAPE Loss     : 0.55026478
Valid MSE Loss     : 0.00001013	 | 	Valid MAPE Loss     : 0.24348545
lr                 : [3.0000000000000004e-07]


Epoch : 73
Train MSE Loss     : 1.00004411	 | 	Train MAPE Loss     : 0.55992442
Valid MSE Loss     : 0.00001047	 | 	Valid MAPE Loss     : 0.25537202
lr                 : [3.0000000000000004e-07]


Epoch : 74
Train MSE Loss     : 1.00004327	 | 	Train MAPE Loss     : 0.53983301
Valid MSE Loss     : 0.00000988	 | 	Valid MAPE Loss     : 0.24276309
lr                 : [3.0000000000000004e-07]


Epoch : 75
Train MSE Loss     : 1.00004554	 | 	Train MAPE Loss     : 0.57204390
Valid MSE Loss     : 0.00001364	 | 	Valid MAPE Loss     : 0.30606863
lr                 : [3.0000000000000004e-07]


Epoch : 76
Train MSE Loss     : 1.00004280	 | 	Train MAPE Loss     : 0.54093242
Valid MSE Loss     : 0.00003202	 | 	Valid MAPE Loss     : 0.58194119
lr                 : [3.0000000000000004e-07]


Epoch : 77
Train MSE Loss     : 1.00004327	 | 	Train MAPE Loss     : 0.53858423
Valid MSE Loss     : 0.00001001	 | 	Valid MAPE Loss     : 0.24724302
lr                 : [3.0000000000000004e-07]


Epoch : 78
Train MSE Loss     : 1.00004911	 | 	Train MAPE Loss     : 0.58895642
Valid MSE Loss     : 0.00002338	 | 	Valid MAPE Loss     : 0.47361997
lr                 : [3.0000000000000004e-07]


Epoch : 79
Train MSE Loss     : 1.00003970	 | 	Train MAPE Loss     : 0.51895767
Valid MSE Loss     : 0.00001237	 | 	Valid MAPE Loss     : 0.27566862
lr                 : [3.0000000000000004e-07]


Epoch : 80
Train MSE Loss     : 1.00004637	 | 	Train MAPE Loss     : 0.58413666
Valid MSE Loss     : 0.00000984	 | 	Valid MAPE Loss     : 0.24648705
lr                 : [3.0000000000000004e-07]


Epoch : 81
Train MSE Loss     : 1.00003898	 | 	Train MAPE Loss     : 0.50908172
Valid MSE Loss     : 0.00001403	 | 	Valid MAPE Loss     : 0.30594981
lr                 : [3.0000000000000004e-07]


Epoch : 82
Train MSE Loss     : 1.00004935	 | 	Train MAPE Loss     : 0.58423823
Valid MSE Loss     : 0.00002040	 | 	Valid MAPE Loss     : 0.43873367
lr                 : [3.0000000000000004e-07]


Epoch : 83
Train MSE Loss     : 1.00004637	 | 	Train MAPE Loss     : 0.57083535
Valid MSE Loss     : 0.00001075	 | 	Valid MAPE Loss     : 0.25910366
lr                 : [3.0000000000000004e-07]


Epoch : 84
Train MSE Loss     : 1.00004268	 | 	Train MAPE Loss     : 0.53336149
Valid MSE Loss     : 0.00001458	 | 	Valid MAPE Loss     : 0.31542790
lr                 : [3.0000000000000004e-07]


Epoch : 85
Train MSE Loss     : 1.00004113	 | 	Train MAPE Loss     : 0.52950931
Valid MSE Loss     : 0.00001016	 | 	Valid MAPE Loss     : 0.23908015
lr                 : [3.0000000000000004e-07]


Epoch : 86
Train MSE Loss     : 1.00004411	 | 	Train MAPE Loss     : 0.56620246
Valid MSE Loss     : 0.00001112	 | 	Valid MAPE Loss     : 0.26442623
lr                 : [3.0000000000000004e-07]


Epoch : 87
Train MSE Loss     : 1.00004697	 | 	Train MAPE Loss     : 0.57004595
Valid MSE Loss     : 0.00000993	 | 	Valid MAPE Loss     : 0.24650092
lr                 : [3.0000000000000004e-07]


Epoch : 88
Train MSE Loss     : 1.00004327	 | 	Train MAPE Loss     : 0.54980046
Valid MSE Loss     : 0.00002356	 | 	Valid MAPE Loss     : 0.47975257
lr                 : [3.0000000000000004e-07]


Epoch : 89
Train MSE Loss     : 1.00003779	 | 	Train MAPE Loss     : 0.50880766
Valid MSE Loss     : 0.00001461	 | 	Valid MAPE Loss     : 0.32530823
lr                 : [3.0000000000000004e-07]


Epoch : 90
Train MSE Loss     : 1.00004661	 | 	Train MAPE Loss     : 0.58447951
Valid MSE Loss     : 0.00001001	 | 	Valid MAPE Loss     : 0.24253254
lr                 : [3.0000000000000004e-07]


Epoch : 91
Train MSE Loss     : 1.00004518	 | 	Train MAPE Loss     : 0.55999005
Valid MSE Loss     : 0.00000991	 | 	Valid MAPE Loss     : 0.24203585
lr                 : [3.0000000000000004e-07]


Epoch : 92
Train MSE Loss     : 1.00003874	 | 	Train MAPE Loss     : 0.50594699
Valid MSE Loss     : 0.00001014	 | 	Valid MAPE Loss     : 0.24100694
lr                 : [3.0000000000000004e-07]


Epoch : 93
Train MSE Loss     : 1.00004554	 | 	Train MAPE Loss     : 0.56554449
Valid MSE Loss     : 0.00001927	 | 	Valid MAPE Loss     : 0.39411050
lr                 : [3.0000000000000004e-07]


Epoch : 94
Train MSE Loss     : 1.00004423	 | 	Train MAPE Loss     : 0.54303271
Valid MSE Loss     : 0.00002068	 | 	Valid MAPE Loss     : 0.44083193
lr                 : [3.0000000000000004e-07]


Epoch : 95
Train MSE Loss     : 1.00004435	 | 	Train MAPE Loss     : 0.56786066
Valid MSE Loss     : 0.00001108	 | 	Valid MAPE Loss     : 0.26187786
lr                 : [3.0000000000000004e-07]


Epoch : 96
Train MSE Loss     : 1.00004172	 | 	Train MAPE Loss     : 0.54066181
Valid MSE Loss     : 0.00000995	 | 	Valid MAPE Loss     : 0.24549343
lr                 : [3.0000000000000004e-08]


Epoch : 97
Train MSE Loss     : 1.00004959	 | 	Train MAPE Loss     : 0.57315826
Valid MSE Loss     : 0.00002169	 | 	Valid MAPE Loss     : 0.45342562
lr                 : [3.0000000000000004e-08]


Epoch : 98
Train MSE Loss     : 1.00004411	 | 	Train MAPE Loss     : 0.56527597
Valid MSE Loss     : 0.00004336	 | 	Valid MAPE Loss     : 0.70783967
lr                 : [3.0000000000000004e-08]


Epoch : 99
Train MSE Loss     : 1.00004387	 | 	Train MAPE Loss     : 0.55502623
Valid MSE Loss     : 0.00001522	 | 	Valid MAPE Loss     : 0.34658629
lr                 : [3.0000000000000004e-08]


Epoch : 100
Train MSE Loss     : 1.00004482	 | 	Train MAPE Loss     : 0.55490804
Valid MSE Loss     : 0.00001028	 | 	Valid MAPE Loss     : 0.24717142
lr                 : [3.0000000000000004e-08]


Epoch : 101
Train MSE Loss     : 1.00004542	 | 	Train MAPE Loss     : 0.57236254
Valid MSE Loss     : 0.00001181	 | 	Valid MAPE Loss     : 0.26734969
lr                 : [3.0000000000000004e-08]


Epoch : 102
Train MSE Loss     : 1.00004303	 | 	Train MAPE Loss     : 0.53945714
Valid MSE Loss     : 0.00002005	 | 	Valid MAPE Loss     : 0.42990926
lr                 : [3.0000000000000004e-08]


Epoch : 103
Train MSE Loss     : 1.00005102	 | 	Train MAPE Loss     : 0.59602511
Valid MSE Loss     : 0.00001376	 | 	Valid MAPE Loss     : 0.31985763
lr                 : [3.0000000000000004e-08]


Epoch : 104
Train MSE Loss     : 1.00004923	 | 	Train MAPE Loss     : 0.59694421
Valid MSE Loss     : 0.00002000	 | 	Valid MAPE Loss     : 0.42552420
lr                 : [3.0000000000000004e-08]


Epoch : 105
Train MSE Loss     : 1.00005186	 | 	Train MAPE Loss     : 0.61119705
Valid MSE Loss     : 0.00001377	 | 	Valid MAPE Loss     : 0.31264660
lr                 : [3.0000000000000004e-08]


Epoch : 106
Train MSE Loss     : 1.00004840	 | 	Train MAPE Loss     : 0.58359820
Valid MSE Loss     : 0.00001007	 | 	Valid MAPE Loss     : 0.23970447
lr                 : [3.0000000000000004e-08]


Epoch : 107
Train MSE Loss     : 1.00004792	 | 	Train MAPE Loss     : 0.58561105
Valid MSE Loss     : 0.00001004	 | 	Valid MAPE Loss     : 0.24462901
lr                 : [3.0000000000000004e-09]


Epoch : 108
Train MSE Loss     : 1.00004077	 | 	Train MAPE Loss     : 0.52328062
Valid MSE Loss     : 0.00001189	 | 	Valid MAPE Loss     : 0.27363196
lr                 : [3.0000000000000004e-09]


Epoch : 109
Train MSE Loss     : 1.00003934	 | 	Train MAPE Loss     : 0.52270430
Valid MSE Loss     : 0.00001329	 | 	Valid MAPE Loss     : 0.30026600
lr                 : [3.0000000000000004e-09]


Epoch : 110
Train MSE Loss     : 1.00004506	 | 	Train MAPE Loss     : 0.54297835
Valid MSE Loss     : 0.00002664	 | 	Valid MAPE Loss     : 0.51925111
lr                 : [3.0000000000000004e-09]


Epoch : 111
Train MSE Loss     : 1.00005102	 | 	Train MAPE Loss     : 0.60959089
Valid MSE Loss     : 0.00001040	 | 	Valid MAPE Loss     : 0.25295514
lr                 : [3.0000000000000004e-09]


Epoch : 112
Train MSE Loss     : 1.00004590	 | 	Train MAPE Loss     : 0.57268536
Valid MSE Loss     : 0.00001419	 | 	Valid MAPE Loss     : 0.32596511
lr                 : [3.0000000000000004e-09]


Epoch : 113
Train MSE Loss     : 1.00004399	 | 	Train MAPE Loss     : 0.55160147
Valid MSE Loss     : 0.00001382	 | 	Valid MAPE Loss     : 0.30263224
lr                 : [3.0000000000000004e-09]


Epoch : 114
Train MSE Loss     : 1.00004387	 | 	Train MAPE Loss     : 0.56168598
Valid MSE Loss     : 0.00001874	 | 	Valid MAPE Loss     : 0.41048765
lr                 : [3.0000000000000004e-09]


Epoch : 115
Train MSE Loss     : 1.00004840	 | 	Train MAPE Loss     : 0.57193416
Valid MSE Loss     : 0.00001338	 | 	Valid MAPE Loss     : 0.29603845
lr                 : [3.0000000000000004e-09]


Epoch : 116
Train MSE Loss     : 1.00004065	 | 	Train MAPE Loss     : 0.51855552
Valid MSE Loss     : 0.00001151	 | 	Valid MAPE Loss     : 0.26195556
lr                 : [3.0000000000000004e-09]


Epoch : 117
Train MSE Loss     : 1.00003994	 | 	Train MAPE Loss     : 0.51698059
Valid MSE Loss     : 0.00001068	 | 	Valid MAPE Loss     : 0.24734883
lr                 : [3.0000000000000004e-09]


Epoch : 118
Train MSE Loss     : 1.00004077	 | 	Train MAPE Loss     : 0.51586705
Valid MSE Loss     : 0.00001119	 | 	Valid MAPE Loss     : 0.25525111
lr                 : [3.0000000000000004e-09]


Epoch : 119
Train MSE Loss     : 1.00004411	 | 	Train MAPE Loss     : 0.56517667
Valid MSE Loss     : 0.00001139	 | 	Valid MAPE Loss     : 0.25857148
lr                 : [3.0000000000000004e-09]


Epoch : 120
Train MSE Loss     : 1.00004768	 | 	Train MAPE Loss     : 0.58996040
Valid MSE Loss     : 0.00001043	 | 	Valid MAPE Loss     : 0.25379172
lr                 : [3.0000000000000004e-09]


Epoch : 121
Train MSE Loss     : 1.00004292	 | 	Train MAPE Loss     : 0.55097681
Valid MSE Loss     : 0.00001552	 | 	Valid MAPE Loss     : 0.34097478
lr                 : [3.0000000000000004e-09]


Epoch : 122
Train MSE Loss     : 1.00004518	 | 	Train MAPE Loss     : 0.57768357
Valid MSE Loss     : 0.00001015	 | 	Valid MAPE Loss     : 0.24128376
lr                 : [3.0000000000000004e-09]


Epoch : 123
Train MSE Loss     : 1.00004852	 | 	Train MAPE Loss     : 0.59057695
Valid MSE Loss     : 0.00001229	 | 	Valid MAPE Loss     : 0.27908778
lr                 : [3.0000000000000004e-09]


Epoch : 124
Train MSE Loss     : 1.00004435	 | 	Train MAPE Loss     : 0.55364740
Valid MSE Loss     : 0.00002525	 | 	Valid MAPE Loss     : 0.50204563
lr                 : [3.0000000000000004e-09]


Epoch : 125
Train MSE Loss     : 1.00004113	 | 	Train MAPE Loss     : 0.53135574
Valid MSE Loss     : 0.00001504	 | 	Valid MAPE Loss     : 0.33536151
lr                 : [3.0000000000000004e-09]


Epoch : 126
Train MSE Loss     : 1.00004447	 | 	Train MAPE Loss     : 0.54158145
Valid MSE Loss     : 0.00001065	 | 	Valid MAPE Loss     : 0.24678288
lr                 : [3.0000000000000004e-09]


Epoch : 127
Train MSE Loss     : 1.00004101	 | 	Train MAPE Loss     : 0.54176283
Valid MSE Loss     : 0.00001086	 | 	Valid MAPE Loss     : 0.24771883
lr                 : [3.0000000000000004e-09]


Epoch : 128
Train MSE Loss     : 1.00004721	 | 	Train MAPE Loss     : 0.56472296
Valid MSE Loss     : 0.00001086	 | 	Valid MAPE Loss     : 0.26005647
lr                 : [3.0000000000000004e-09]


Epoch : 129
Train MSE Loss     : 1.00004506	 | 	Train MAPE Loss     : 0.57469934
Valid MSE Loss     : 0.00000984	 | 	Valid MAPE Loss     : 0.24477743
lr                 : [3.0000000000000004e-09]


Epoch : 130
Train MSE Loss     : 1.00004673	 | 	Train MAPE Loss     : 0.58288753
Valid MSE Loss     : 0.00002164	 | 	Valid MAPE Loss     : 0.44320744
lr                 : [3.0000000000000004e-09]


Epoch : 131
Train MSE Loss     : 1.00004637	 | 	Train MAPE Loss     : 0.58348256
Valid MSE Loss     : 0.00001565	 | 	Valid MAPE Loss     : 0.35275075
lr                 : [3.0000000000000004e-09]


Epoch : 132
Train MSE Loss     : 1.00004482	 | 	Train MAPE Loss     : 0.56269628
Valid MSE Loss     : 0.00001602	 | 	Valid MAPE Loss     : 0.35866740
lr                 : [3.0000000000000004e-09]


Epoch : 133
Train MSE Loss     : 1.00004840	 | 	Train MAPE Loss     : 0.57779443
Valid MSE Loss     : 0.00001518	 | 	Valid MAPE Loss     : 0.33827549
lr                 : [3.0000000000000004e-09]


Epoch : 134
Train MSE Loss     : 1.00004077	 | 	Train MAPE Loss     : 0.51269078
Valid MSE Loss     : 0.00001014	 | 	Valid MAPE Loss     : 0.24817918
lr                 : [3.0000000000000004e-09]


Epoch : 135
Train MSE Loss     : 1.00004482	 | 	Train MAPE Loss     : 0.57367927
Valid MSE Loss     : 0.00001040	 | 	Valid MAPE Loss     : 0.25522527
lr                 : [3.0000000000000004e-09]


Epoch : 136
Train MSE Loss     : 1.00005007	 | 	Train MAPE Loss     : 0.56845301
Valid MSE Loss     : 0.00001266	 | 	Valid MAPE Loss     : 0.27901521
lr                 : [3.0000000000000004e-09]


Epoch : 137
Train MSE Loss     : 1.00004351	 | 	Train MAPE Loss     : 0.55587363
Valid MSE Loss     : 0.00001204	 | 	Valid MAPE Loss     : 0.27504423
lr                 : [3.0000000000000004e-09]


Epoch : 138
Train MSE Loss     : 1.00004208	 | 	Train MAPE Loss     : 0.56383151
Valid MSE Loss     : 0.00001011	 | 	Valid MAPE Loss     : 0.24473520
lr                 : [3.0000000000000004e-09]


Epoch : 139
Train MSE Loss     : 1.00004184	 | 	Train MAPE Loss     : 0.54979986
Valid MSE Loss     : 0.00001025	 | 	Valid MAPE Loss     : 0.25170827
lr                 : [3.0000000000000004e-09]


Epoch : 140
Train MSE Loss     : 1.00004196	 | 	Train MAPE Loss     : 0.54081219
Valid MSE Loss     : 0.00000999	 | 	Valid MAPE Loss     : 0.24515384
lr                 : [3.0000000000000004e-09]


Epoch : 141
Train MSE Loss     : 1.00004447	 | 	Train MAPE Loss     : 0.56473637
Valid MSE Loss     : 0.00001203	 | 	Valid MAPE Loss     : 0.27639005
lr                 : [3.0000000000000004e-09]


Epoch : 142
Train MSE Loss     : 1.00004148	 | 	Train MAPE Loss     : 0.54231358
Valid MSE Loss     : 0.00001043	 | 	Valid MAPE Loss     : 0.25413686
lr                 : [3.0000000000000004e-09]


Epoch : 143
Train MSE Loss     : 1.00005066	 | 	Train MAPE Loss     : 0.59944147
Valid MSE Loss     : 0.00001030	 | 	Valid MAPE Loss     : 0.25224268
lr                 : [3.0000000000000004e-09]


Epoch : 144
Train MSE Loss     : 1.00004935	 | 	Train MAPE Loss     : 0.60647506
Valid MSE Loss     : 0.00001167	 | 	Valid MAPE Loss     : 0.26492611
lr                 : [3.0000000000000004e-09]


Epoch : 145
Train MSE Loss     : 1.00004125	 | 	Train MAPE Loss     : 0.52344137
Valid MSE Loss     : 0.00001591	 | 	Valid MAPE Loss     : 0.35913256
lr                 : [3.0000000000000004e-09]


Epoch : 146
Train MSE Loss     : 1.00004411	 | 	Train MAPE Loss     : 0.55165422
Valid MSE Loss     : 0.00001079	 | 	Valid MAPE Loss     : 0.25826794
lr                 : [3.0000000000000004e-09]


Epoch : 147
Train MSE Loss     : 1.00004637	 | 	Train MAPE Loss     : 0.57055777
Valid MSE Loss     : 0.00001480	 | 	Valid MAPE Loss     : 0.31896892
lr                 : [3.0000000000000004e-09]


Epoch : 148
Train MSE Loss     : 1.00005066	 | 	Train MAPE Loss     : 0.59976047
Valid MSE Loss     : 0.00001993	 | 	Valid MAPE Loss     : 0.40647671
lr                 : [3.0000000000000004e-09]


Epoch : 149
Train MSE Loss     : 1.00005102	 | 	Train MAPE Loss     : 0.61286169
Valid MSE Loss     : 0.00001289	 | 	Valid MAPE Loss     : 0.29862252
lr                 : [3.0000000000000004e-09]


Epoch : 150
Train MSE Loss     : 1.00005066	 | 	Train MAPE Loss     : 0.60889012
Valid MSE Loss     : 0.00001167	 | 	Valid MAPE Loss     : 0.26457003
lr                 : [3.0000000000000004e-09]


Evaluate on the Test set:
Test MAPE loss      :0.17256479	 | Test MSE loss      : 0.00000550

################## Training is Done! #########################
