=============================================
Dataset: cell_XJTU_batch2_prepocess_data
Mode:    supervised_with_contrast
=============================================
Training started ....

Epoch : 1
Train MSE Loss     : 1.38868737	 | 	Train MAPE Loss     : 47.20083618
Valid MSE Loss     : 0.00882993	 | 	Valid MAPE Loss     : 8.35278034
lr                 : [0.0003]


Epoch : 2
Train MSE Loss     : 1.45777190	 | 	Train MAPE Loss     : 63.16821289
Valid MSE Loss     : 0.08571931	 | 	Valid MAPE Loss     : 29.39705849
lr                 : [0.0003]


Epoch : 3
Train MSE Loss     : 1.05615079	 | 	Train MAPE Loss     : 20.04220009
Valid MSE Loss     : 0.02392971	 | 	Valid MAPE Loss     : 15.81879997
lr                 : [0.0003]


Epoch : 4
Train MSE Loss     : 1.03569925	 | 	Train MAPE Loss     : 16.10536575
Valid MSE Loss     : 0.00443987	 | 	Valid MAPE Loss     : 6.10505009
lr                 : [0.0003]


Epoch : 5
Train MSE Loss     : 1.01962101	 | 	Train MAPE Loss     : 12.12708282
Valid MSE Loss     : 0.12647226	 | 	Valid MAPE Loss     : 38.96413422
lr                 : [0.0003]


Epoch : 6
Train MSE Loss     : 1.24863827	 | 	Train MAPE Loss     : 50.70839310
Valid MSE Loss     : 0.03505234	 | 	Valid MAPE Loss     : 18.93489075
lr                 : [0.0003]


Epoch : 7
Train MSE Loss     : 1.02122033	 | 	Train MAPE Loss     : 14.41717434
Valid MSE Loss     : 0.01262029	 | 	Valid MAPE Loss     : 10.26764107
lr                 : [0.0003]


Epoch : 8
Train MSE Loss     : 1.08403325	 | 	Train MAPE Loss     : 25.09702301
Valid MSE Loss     : 0.00145723	 | 	Valid MAPE Loss     : 3.39635706
lr                 : [0.0003]


Epoch : 9
Train MSE Loss     : 1.03248549	 | 	Train MAPE Loss     : 14.77069950
Valid MSE Loss     : 0.00402123	 | 	Valid MAPE Loss     : 6.66839743
lr                 : [0.0003]


Epoch : 10
Train MSE Loss     : 1.03135073	 | 	Train MAPE Loss     : 15.99047089
Valid MSE Loss     : 0.00137842	 | 	Valid MAPE Loss     : 3.25938296
lr                 : [0.0003]


Epoch : 11
Train MSE Loss     : 1.16895688	 | 	Train MAPE Loss     : 38.92292404
Valid MSE Loss     : 0.07575309	 | 	Valid MAPE Loss     : 28.21907043
lr                 : [0.0003]


Epoch : 12
Train MSE Loss     : 1.03903210	 | 	Train MAPE Loss     : 19.41076851
Valid MSE Loss     : 0.05222015	 | 	Valid MAPE Loss     : 24.97750664
lr                 : [0.0003]


Epoch : 13
Train MSE Loss     : 1.03516662	 | 	Train MAPE Loss     : 18.51173401
Valid MSE Loss     : 0.01004740	 | 	Valid MAPE Loss     : 10.87618542
lr                 : [0.0003]


Epoch : 14
Train MSE Loss     : 1.10491276	 | 	Train MAPE Loss     : 30.84338760
Valid MSE Loss     : 0.00349652	 | 	Valid MAPE Loss     : 5.64587259
lr                 : [0.0003]


Epoch : 15
Train MSE Loss     : 1.07746148	 | 	Train MAPE Loss     : 27.57531166
Valid MSE Loss     : 0.01140827	 | 	Valid MAPE Loss     : 11.44454670
lr                 : [0.0003]


Epoch : 16
Train MSE Loss     : 1.11495519	 | 	Train MAPE Loss     : 32.44910431
Valid MSE Loss     : 0.03288918	 | 	Valid MAPE Loss     : 19.79249954
lr                 : [0.0003]


Epoch : 17
Train MSE Loss     : 2.79360366	 | 	Train MAPE Loss     : 140.36161804
Valid MSE Loss     : 2.55803871	 | 	Valid MAPE Loss     : 176.18576050
lr                 : [0.0003]


Epoch : 18
Train MSE Loss     : 2.76662302	 | 	Train MAPE Loss     : 143.84959412
Valid MSE Loss     : 0.73777902	 | 	Valid MAPE Loss     : 94.45229340
lr                 : [0.0003]


Epoch : 19
Train MSE Loss     : 1.39546919	 | 	Train MAPE Loss     : 62.42671585
Valid MSE Loss     : 0.41377559	 | 	Valid MAPE Loss     : 65.59263611
lr                 : [0.0003]


Epoch : 20
Train MSE Loss     : 1.09063518	 | 	Train MAPE Loss     : 24.30993462
Valid MSE Loss     : 0.28091699	 | 	Valid MAPE Loss     : 58.37000656
lr                 : [0.0003]


Epoch : 21
Train MSE Loss     : 1.23140132	 | 	Train MAPE Loss     : 49.69219589
Valid MSE Loss     : 0.33761168	 | 	Valid MAPE Loss     : 64.15158844
lr                 : [2.9999999999999997e-05]


Epoch : 22
Train MSE Loss     : 1.35234165	 | 	Train MAPE Loss     : 65.38169861
Valid MSE Loss     : 0.26251274	 | 	Valid MAPE Loss     : 56.57829666
lr                 : [2.9999999999999997e-05]


Epoch : 23
Train MSE Loss     : 1.14440691	 | 	Train MAPE Loss     : 40.68000412
Valid MSE Loss     : 0.03862842	 | 	Valid MAPE Loss     : 21.65034866
lr                 : [2.9999999999999997e-05]


Epoch : 24
Train MSE Loss     : 1.00735724	 | 	Train MAPE Loss     : 8.14841366
Valid MSE Loss     : 0.00652708	 | 	Valid MAPE Loss     : 8.81950378
lr                 : [2.9999999999999997e-05]


Epoch : 25
Train MSE Loss     : 1.00295389	 | 	Train MAPE Loss     : 4.99282408
Valid MSE Loss     : 0.00100519	 | 	Valid MAPE Loss     : 3.19570160
lr                 : [2.9999999999999997e-05]


Epoch : 26
Train MSE Loss     : 1.00161219	 | 	Train MAPE Loss     : 3.55836439
Valid MSE Loss     : 0.00180717	 | 	Valid MAPE Loss     : 4.49240398
lr                 : [2.9999999999999997e-05]


Epoch : 27
Train MSE Loss     : 1.00042880	 | 	Train MAPE Loss     : 1.90110648
Valid MSE Loss     : 0.00022753	 | 	Valid MAPE Loss     : 1.25882173
lr                 : [2.9999999999999997e-05]


Epoch : 28
Train MSE Loss     : 1.00023377	 | 	Train MAPE Loss     : 1.35642040
Valid MSE Loss     : 0.00016897	 | 	Valid MAPE Loss     : 1.06611764
lr                 : [2.9999999999999997e-05]


Epoch : 29
Train MSE Loss     : 1.00015616	 | 	Train MAPE Loss     : 1.14662611
Valid MSE Loss     : 0.00020371	 | 	Valid MAPE Loss     : 1.28562474
lr                 : [2.9999999999999997e-05]


Epoch : 30
Train MSE Loss     : 1.00089800	 | 	Train MAPE Loss     : 2.76048231
Valid MSE Loss     : 0.00026443	 | 	Valid MAPE Loss     : 1.45227826
lr                 : [2.9999999999999997e-05]


Epoch : 31
Train MSE Loss     : 1.00027847	 | 	Train MAPE Loss     : 1.61234081
Valid MSE Loss     : 0.00019888	 | 	Valid MAPE Loss     : 1.28542852
lr                 : [2.9999999999999997e-05]


Epoch : 32
Train MSE Loss     : 1.00009131	 | 	Train MAPE Loss     : 0.87216461
Valid MSE Loss     : 0.00013222	 | 	Valid MAPE Loss     : 1.09873950
lr                 : [2.9999999999999997e-05]


Epoch : 33
Train MSE Loss     : 1.00021064	 | 	Train MAPE Loss     : 1.33303595
Valid MSE Loss     : 0.00023906	 | 	Valid MAPE Loss     : 1.52223706
lr                 : [2.9999999999999997e-05]


Epoch : 34
Train MSE Loss     : 1.00009298	 | 	Train MAPE Loss     : 0.85572952
Valid MSE Loss     : 0.00034145	 | 	Valid MAPE Loss     : 1.90344405
lr                 : [2.9999999999999997e-05]


Epoch : 35
Train MSE Loss     : 1.00016272	 | 	Train MAPE Loss     : 1.13064814
Valid MSE Loss     : 0.00018545	 | 	Valid MAPE Loss     : 1.36014843
lr                 : [2.9999999999999997e-05]


Epoch : 36
Train MSE Loss     : 1.00058854	 | 	Train MAPE Loss     : 2.18086863
Valid MSE Loss     : 0.00033467	 | 	Valid MAPE Loss     : 1.87661517
lr                 : [2.9999999999999997e-05]


Epoch : 37
Train MSE Loss     : 1.00017238	 | 	Train MAPE Loss     : 1.18293858
Valid MSE Loss     : 0.00019928	 | 	Valid MAPE Loss     : 1.40895581
lr                 : [2.9999999999999997e-05]


Epoch : 38
Train MSE Loss     : 1.00025249	 | 	Train MAPE Loss     : 1.42814219
Valid MSE Loss     : 0.00084348	 | 	Valid MAPE Loss     : 3.09270978
lr                 : [2.9999999999999997e-05]


Epoch : 39
Train MSE Loss     : 1.00043809	 | 	Train MAPE Loss     : 1.89307201
Valid MSE Loss     : 0.00015957	 | 	Valid MAPE Loss     : 1.14264131
lr                 : [3e-06]


Epoch : 40
Train MSE Loss     : 1.00003898	 | 	Train MAPE Loss     : 0.54875112
Valid MSE Loss     : 0.00003593	 | 	Valid MAPE Loss     : 0.49136728
lr                 : [3e-06]


Epoch : 41
Train MSE Loss     : 1.00003886	 | 	Train MAPE Loss     : 0.55498439
Valid MSE Loss     : 0.00012682	 | 	Valid MAPE Loss     : 0.94332159
lr                 : [3e-06]


Epoch : 42
Train MSE Loss     : 1.00002956	 | 	Train MAPE Loss     : 0.47352523
Valid MSE Loss     : 0.00004249	 | 	Valid MAPE Loss     : 0.52587044
lr                 : [3e-06]


Epoch : 43
Train MSE Loss     : 1.00001824	 | 	Train MAPE Loss     : 0.36840022
Valid MSE Loss     : 0.00004832	 | 	Valid MAPE Loss     : 0.58191693
lr                 : [3e-06]


Epoch : 44
Train MSE Loss     : 1.00001907	 | 	Train MAPE Loss     : 0.36932486
Valid MSE Loss     : 0.00004682	 | 	Valid MAPE Loss     : 0.54959714
lr                 : [3e-06]


Epoch : 45
Train MSE Loss     : 1.00003231	 | 	Train MAPE Loss     : 0.49900886
Valid MSE Loss     : 0.00005768	 | 	Valid MAPE Loss     : 0.60931695
lr                 : [3e-06]


Epoch : 46
Train MSE Loss     : 1.00001955	 | 	Train MAPE Loss     : 0.37917209
Valid MSE Loss     : 0.00004134	 | 	Valid MAPE Loss     : 0.52729899
lr                 : [3e-06]


Epoch : 47
Train MSE Loss     : 1.00002897	 | 	Train MAPE Loss     : 0.47951367
Valid MSE Loss     : 0.00004307	 | 	Valid MAPE Loss     : 0.57658517
lr                 : [3e-06]


Epoch : 48
Train MSE Loss     : 1.00002837	 | 	Train MAPE Loss     : 0.45228782
Valid MSE Loss     : 0.00006207	 | 	Valid MAPE Loss     : 0.62555283
lr                 : [3e-06]


Epoch : 49
Train MSE Loss     : 1.00002873	 | 	Train MAPE Loss     : 0.47471803
Valid MSE Loss     : 0.00009675	 | 	Valid MAPE Loss     : 0.85369223
lr                 : [3e-06]


Epoch : 50
Train MSE Loss     : 1.00002265	 | 	Train MAPE Loss     : 0.40372887
Valid MSE Loss     : 0.00005239	 | 	Valid MAPE Loss     : 0.56945318
lr                 : [3e-06]


Epoch : 51
Train MSE Loss     : 1.00001931	 | 	Train MAPE Loss     : 0.36420214
Valid MSE Loss     : 0.00004244	 | 	Valid MAPE Loss     : 0.59056652
lr                 : [3.0000000000000004e-07]


Epoch : 52
Train MSE Loss     : 1.00001681	 | 	Train MAPE Loss     : 0.34588739
Valid MSE Loss     : 0.00004009	 | 	Valid MAPE Loss     : 0.50806981
lr                 : [3.0000000000000004e-07]


Epoch : 53
Train MSE Loss     : 1.00001597	 | 	Train MAPE Loss     : 0.34452057
Valid MSE Loss     : 0.00005081	 | 	Valid MAPE Loss     : 0.56516373
lr                 : [3.0000000000000004e-07]


Epoch : 54
Train MSE Loss     : 1.00001800	 | 	Train MAPE Loss     : 0.36481127
Valid MSE Loss     : 0.00005785	 | 	Valid MAPE Loss     : 0.60438520
lr                 : [3.0000000000000004e-07]


Epoch : 55
Train MSE Loss     : 1.00001323	 | 	Train MAPE Loss     : 0.30457747
Valid MSE Loss     : 0.00004063	 | 	Valid MAPE Loss     : 0.50174725
lr                 : [3.0000000000000004e-07]


Epoch : 56
Train MSE Loss     : 1.00001502	 | 	Train MAPE Loss     : 0.31857997
Valid MSE Loss     : 0.00004556	 | 	Valid MAPE Loss     : 0.54836082
lr                 : [3.0000000000000004e-07]


Epoch : 57
Train MSE Loss     : 1.00001621	 | 	Train MAPE Loss     : 0.34124824
Valid MSE Loss     : 0.00004313	 | 	Valid MAPE Loss     : 0.52579170
lr                 : [3.0000000000000004e-07]


Epoch : 58
Train MSE Loss     : 1.00001550	 | 	Train MAPE Loss     : 0.32647848
Valid MSE Loss     : 0.00004648	 | 	Valid MAPE Loss     : 0.55124927
lr                 : [3.0000000000000004e-07]


Epoch : 59
Train MSE Loss     : 1.00001717	 | 	Train MAPE Loss     : 0.34728768
Valid MSE Loss     : 0.00004040	 | 	Valid MAPE Loss     : 0.51834625
lr                 : [3.0000000000000004e-07]


Epoch : 60
Train MSE Loss     : 1.00001323	 | 	Train MAPE Loss     : 0.31383106
Valid MSE Loss     : 0.00005212	 | 	Valid MAPE Loss     : 0.57156622
lr                 : [3.0000000000000004e-07]


Epoch : 61
Train MSE Loss     : 1.00001585	 | 	Train MAPE Loss     : 0.33336976
Valid MSE Loss     : 0.00005152	 | 	Valid MAPE Loss     : 0.56378567
lr                 : [3.0000000000000004e-07]


Epoch : 62
Train MSE Loss     : 1.00001252	 | 	Train MAPE Loss     : 0.29663959
Valid MSE Loss     : 0.00003867	 | 	Valid MAPE Loss     : 0.50158477
lr                 : [3.0000000000000004e-08]


Epoch : 63
Train MSE Loss     : 1.00001526	 | 	Train MAPE Loss     : 0.33256313
Valid MSE Loss     : 0.00004459	 | 	Valid MAPE Loss     : 0.54565251
lr                 : [3.0000000000000004e-08]


Epoch : 64
Train MSE Loss     : 1.00001705	 | 	Train MAPE Loss     : 0.34059462
Valid MSE Loss     : 0.00004189	 | 	Valid MAPE Loss     : 0.56149465
lr                 : [3.0000000000000004e-08]


Epoch : 65
Train MSE Loss     : 1.00001585	 | 	Train MAPE Loss     : 0.32762265
Valid MSE Loss     : 0.00004158	 | 	Valid MAPE Loss     : 0.51858962
lr                 : [3.0000000000000004e-08]


Epoch : 66
Train MSE Loss     : 1.00001490	 | 	Train MAPE Loss     : 0.32546946
Valid MSE Loss     : 0.00003490	 | 	Valid MAPE Loss     : 0.49802285
lr                 : [3.0000000000000004e-08]


Epoch : 67
Train MSE Loss     : 1.00001311	 | 	Train MAPE Loss     : 0.30368844
Valid MSE Loss     : 0.00004629	 | 	Valid MAPE Loss     : 0.54202342
lr                 : [3.0000000000000004e-08]


Epoch : 68
Train MSE Loss     : 1.00001681	 | 	Train MAPE Loss     : 0.33916506
Valid MSE Loss     : 0.00004552	 | 	Valid MAPE Loss     : 0.54138762
lr                 : [3.0000000000000004e-08]


Epoch : 69
Train MSE Loss     : 1.00001335	 | 	Train MAPE Loss     : 0.31213030
Valid MSE Loss     : 0.00004776	 | 	Valid MAPE Loss     : 0.54208511
lr                 : [3.0000000000000004e-08]


Epoch : 70
Train MSE Loss     : 1.00001287	 | 	Train MAPE Loss     : 0.30078191
Valid MSE Loss     : 0.00004455	 | 	Valid MAPE Loss     : 0.54888356
lr                 : [3.0000000000000004e-08]


Epoch : 71
Train MSE Loss     : 1.00001347	 | 	Train MAPE Loss     : 0.30315903
Valid MSE Loss     : 0.00004970	 | 	Valid MAPE Loss     : 0.54339159
lr                 : [3.0000000000000004e-08]


Epoch : 72
Train MSE Loss     : 1.00001395	 | 	Train MAPE Loss     : 0.30802509
Valid MSE Loss     : 0.00004187	 | 	Valid MAPE Loss     : 0.52628118
lr                 : [3.0000000000000004e-08]


Epoch : 73
Train MSE Loss     : 1.00001562	 | 	Train MAPE Loss     : 0.33554387
Valid MSE Loss     : 0.00005060	 | 	Valid MAPE Loss     : 0.56689537
lr                 : [3.0000000000000004e-09]


Epoch : 74
Train MSE Loss     : 1.00001395	 | 	Train MAPE Loss     : 0.30745348
Valid MSE Loss     : 0.00005041	 | 	Valid MAPE Loss     : 0.55612248
lr                 : [3.0000000000000004e-09]


Epoch : 75
Train MSE Loss     : 1.00001800	 | 	Train MAPE Loss     : 0.35232913
Valid MSE Loss     : 0.00004124	 | 	Valid MAPE Loss     : 0.51536262
lr                 : [3.0000000000000004e-09]


Epoch : 76
Train MSE Loss     : 1.00002027	 | 	Train MAPE Loss     : 0.38844216
Valid MSE Loss     : 0.00003882	 | 	Valid MAPE Loss     : 0.56002635
lr                 : [3.0000000000000004e-09]


Epoch : 77
Train MSE Loss     : 1.00001979	 | 	Train MAPE Loss     : 0.38639915
Valid MSE Loss     : 0.00003849	 | 	Valid MAPE Loss     : 0.53389966
lr                 : [3.0000000000000004e-09]


Epoch : 78
Train MSE Loss     : 1.00001645	 | 	Train MAPE Loss     : 0.33925262
Valid MSE Loss     : 0.00003855	 | 	Valid MAPE Loss     : 0.50241733
lr                 : [3.0000000000000004e-09]


Epoch : 79
Train MSE Loss     : 1.00001419	 | 	Train MAPE Loss     : 0.31934890
Valid MSE Loss     : 0.00003597	 | 	Valid MAPE Loss     : 0.52178872
lr                 : [3.0000000000000004e-09]


Epoch : 80
Train MSE Loss     : 1.00001919	 | 	Train MAPE Loss     : 0.37356848
Valid MSE Loss     : 0.00005083	 | 	Valid MAPE Loss     : 0.56683052
lr                 : [3.0000000000000004e-09]


Epoch : 81
Train MSE Loss     : 1.00001574	 | 	Train MAPE Loss     : 0.32962504
Valid MSE Loss     : 0.00004072	 | 	Valid MAPE Loss     : 0.52754146
lr                 : [3.0000000000000004e-09]


Epoch : 82
Train MSE Loss     : 1.00001526	 | 	Train MAPE Loss     : 0.33083642
Valid MSE Loss     : 0.00003960	 | 	Valid MAPE Loss     : 0.55172002
lr                 : [3.0000000000000004e-09]


Epoch : 83
Train MSE Loss     : 1.00001216	 | 	Train MAPE Loss     : 0.29535091
Valid MSE Loss     : 0.00004765	 | 	Valid MAPE Loss     : 0.55139208
lr                 : [3.0000000000000004e-09]


Epoch : 84
Train MSE Loss     : 1.00001585	 | 	Train MAPE Loss     : 0.34140360
Valid MSE Loss     : 0.00004022	 | 	Valid MAPE Loss     : 0.52572095
lr                 : [3.0000000000000004e-09]


Epoch : 85
Train MSE Loss     : 1.00001466	 | 	Train MAPE Loss     : 0.31294179
Valid MSE Loss     : 0.00003436	 | 	Valid MAPE Loss     : 0.49922314
lr                 : [3.0000000000000004e-09]


Epoch : 86
Train MSE Loss     : 1.00001502	 | 	Train MAPE Loss     : 0.33222020
Valid MSE Loss     : 0.00003976	 | 	Valid MAPE Loss     : 0.50628006
lr                 : [3.0000000000000004e-09]


Epoch : 87
Train MSE Loss     : 1.00001574	 | 	Train MAPE Loss     : 0.33273733
Valid MSE Loss     : 0.00004081	 | 	Valid MAPE Loss     : 0.52600789
lr                 : [3.0000000000000004e-09]


Epoch : 88
Train MSE Loss     : 1.00001502	 | 	Train MAPE Loss     : 0.32247531
Valid MSE Loss     : 0.00004135	 | 	Valid MAPE Loss     : 0.52232963
lr                 : [3.0000000000000004e-09]


Epoch : 89
Train MSE Loss     : 1.00001657	 | 	Train MAPE Loss     : 0.34456453
Valid MSE Loss     : 0.00003533	 | 	Valid MAPE Loss     : 0.49560100
lr                 : [3.0000000000000004e-09]


Epoch : 90
Train MSE Loss     : 1.00001681	 | 	Train MAPE Loss     : 0.34747413
Valid MSE Loss     : 0.00003876	 | 	Valid MAPE Loss     : 0.51055205
lr                 : [3.0000000000000004e-09]


Epoch : 91
Train MSE Loss     : 1.00001478	 | 	Train MAPE Loss     : 0.32506475
Valid MSE Loss     : 0.00005076	 | 	Valid MAPE Loss     : 0.56110388
lr                 : [3.0000000000000004e-09]


Epoch : 92
Train MSE Loss     : 1.00001812	 | 	Train MAPE Loss     : 0.35826483
Valid MSE Loss     : 0.00004410	 | 	Valid MAPE Loss     : 0.54296744
lr                 : [3.0000000000000004e-09]


Epoch : 93
Train MSE Loss     : 1.00001168	 | 	Train MAPE Loss     : 0.28447589
Valid MSE Loss     : 0.00004321	 | 	Valid MAPE Loss     : 0.53826171
lr                 : [3.0000000000000004e-09]


Epoch : 94
Train MSE Loss     : 1.00001466	 | 	Train MAPE Loss     : 0.33183405
Valid MSE Loss     : 0.00003860	 | 	Valid MAPE Loss     : 0.51446497
lr                 : [3.0000000000000004e-09]


Epoch : 95
Train MSE Loss     : 1.00001609	 | 	Train MAPE Loss     : 0.34003097
Valid MSE Loss     : 0.00004890	 | 	Valid MAPE Loss     : 0.55591148
lr                 : [3.0000000000000004e-09]


Epoch : 96
Train MSE Loss     : 1.00001323	 | 	Train MAPE Loss     : 0.30457214
Valid MSE Loss     : 0.00004170	 | 	Valid MAPE Loss     : 0.51844227
lr                 : [3.0000000000000004e-09]


Epoch : 97
Train MSE Loss     : 1.00001717	 | 	Train MAPE Loss     : 0.35246241
Valid MSE Loss     : 0.00003970	 | 	Valid MAPE Loss     : 0.54012907
lr                 : [3.0000000000000004e-09]


Epoch : 98
Train MSE Loss     : 1.00001669	 | 	Train MAPE Loss     : 0.34367216
Valid MSE Loss     : 0.00004313	 | 	Valid MAPE Loss     : 0.52332574
lr                 : [3.0000000000000004e-09]


Epoch : 99
Train MSE Loss     : 1.00001633	 | 	Train MAPE Loss     : 0.34231994
Valid MSE Loss     : 0.00005654	 | 	Valid MAPE Loss     : 0.58315653
lr                 : [3.0000000000000004e-09]


Epoch : 100
Train MSE Loss     : 1.00001526	 | 	Train MAPE Loss     : 0.32027271
Valid MSE Loss     : 0.00004703	 | 	Valid MAPE Loss     : 0.54376870
lr                 : [3.0000000000000004e-09]


Epoch : 101
Train MSE Loss     : 1.00001621	 | 	Train MAPE Loss     : 0.34356898
Valid MSE Loss     : 0.00004684	 | 	Valid MAPE Loss     : 0.53689349
lr                 : [3.0000000000000004e-09]


Epoch : 102
Train MSE Loss     : 1.00001180	 | 	Train MAPE Loss     : 0.28447062
Valid MSE Loss     : 0.00004301	 | 	Valid MAPE Loss     : 0.53246582
lr                 : [3.0000000000000004e-09]


Epoch : 103
Train MSE Loss     : 1.00001431	 | 	Train MAPE Loss     : 0.31493345
Valid MSE Loss     : 0.00004448	 | 	Valid MAPE Loss     : 0.53224945
lr                 : [3.0000000000000004e-09]


Epoch : 104
Train MSE Loss     : 1.00001621	 | 	Train MAPE Loss     : 0.34226474
Valid MSE Loss     : 0.00004194	 | 	Valid MAPE Loss     : 0.52866888
lr                 : [3.0000000000000004e-09]


Epoch : 105
Train MSE Loss     : 1.00001609	 | 	Train MAPE Loss     : 0.33833459
Valid MSE Loss     : 0.00004416	 | 	Valid MAPE Loss     : 0.53455859
lr                 : [3.0000000000000004e-09]


Epoch : 106
Train MSE Loss     : 1.00001216	 | 	Train MAPE Loss     : 0.28583187
Valid MSE Loss     : 0.00004524	 | 	Valid MAPE Loss     : 0.54201978
lr                 : [3.0000000000000004e-09]


Epoch : 107
Train MSE Loss     : 1.00001228	 | 	Train MAPE Loss     : 0.28812778
Valid MSE Loss     : 0.00003914	 | 	Valid MAPE Loss     : 0.50349349
lr                 : [3.0000000000000004e-09]


Epoch : 108
Train MSE Loss     : 1.00002074	 | 	Train MAPE Loss     : 0.37855527
Valid MSE Loss     : 0.00003968	 | 	Valid MAPE Loss     : 0.56704336
lr                 : [3.0000000000000004e-09]


Epoch : 109
Train MSE Loss     : 1.00001431	 | 	Train MAPE Loss     : 0.32083336
Valid MSE Loss     : 0.00003800	 | 	Valid MAPE Loss     : 0.53907317
lr                 : [3.0000000000000004e-09]


Epoch : 110
Train MSE Loss     : 1.00001550	 | 	Train MAPE Loss     : 0.33883038
Valid MSE Loss     : 0.00006028	 | 	Valid MAPE Loss     : 0.61291242
lr                 : [3.0000000000000004e-09]


Epoch : 111
Train MSE Loss     : 1.00002205	 | 	Train MAPE Loss     : 0.38509405
Valid MSE Loss     : 0.00005120	 | 	Valid MAPE Loss     : 0.57598674
lr                 : [3.0000000000000004e-09]


Epoch : 112
Train MSE Loss     : 1.00001621	 | 	Train MAPE Loss     : 0.34302300
Valid MSE Loss     : 0.00003842	 | 	Valid MAPE Loss     : 0.50407279
lr                 : [3.0000000000000004e-09]


Epoch : 113
Train MSE Loss     : 1.00001276	 | 	Train MAPE Loss     : 0.29910144
Valid MSE Loss     : 0.00004162	 | 	Valid MAPE Loss     : 0.52605718
lr                 : [3.0000000000000004e-09]


Epoch : 114
Train MSE Loss     : 1.00001168	 | 	Train MAPE Loss     : 0.28399211
Valid MSE Loss     : 0.00004595	 | 	Valid MAPE Loss     : 0.54481244
lr                 : [3.0000000000000004e-09]


Epoch : 115
Train MSE Loss     : 1.00001442	 | 	Train MAPE Loss     : 0.32239658
Valid MSE Loss     : 0.00003973	 | 	Valid MAPE Loss     : 0.51234090
lr                 : [3.0000000000000004e-09]


Epoch : 116
Train MSE Loss     : 1.00001609	 | 	Train MAPE Loss     : 0.33149695
Valid MSE Loss     : 0.00003972	 | 	Valid MAPE Loss     : 0.51933223
lr                 : [3.0000000000000004e-09]


Epoch : 117
Train MSE Loss     : 1.00001383	 | 	Train MAPE Loss     : 0.31163207
Valid MSE Loss     : 0.00003882	 | 	Valid MAPE Loss     : 0.53166002
lr                 : [3.0000000000000004e-09]


Epoch : 118
Train MSE Loss     : 1.00001526	 | 	Train MAPE Loss     : 0.32351327
Valid MSE Loss     : 0.00003962	 | 	Valid MAPE Loss     : 0.52334511
lr                 : [3.0000000000000004e-09]


Epoch : 119
Train MSE Loss     : 1.00002003	 | 	Train MAPE Loss     : 0.36688322
Valid MSE Loss     : 0.00004055	 | 	Valid MAPE Loss     : 0.52656990
lr                 : [3.0000000000000004e-09]


Epoch : 120
Train MSE Loss     : 1.00001824	 | 	Train MAPE Loss     : 0.36615306
Valid MSE Loss     : 0.00003935	 | 	Valid MAPE Loss     : 0.52911413
lr                 : [3.0000000000000004e-09]


Epoch : 121
Train MSE Loss     : 1.00001848	 | 	Train MAPE Loss     : 0.37188554
Valid MSE Loss     : 0.00004418	 | 	Valid MAPE Loss     : 0.55576593
lr                 : [3.0000000000000004e-09]


Epoch : 122
Train MSE Loss     : 1.00001419	 | 	Train MAPE Loss     : 0.30970943
Valid MSE Loss     : 0.00004053	 | 	Valid MAPE Loss     : 0.51637298
lr                 : [3.0000000000000004e-09]


Epoch : 123
Train MSE Loss     : 1.00001442	 | 	Train MAPE Loss     : 0.31936994
Valid MSE Loss     : 0.00004585	 | 	Valid MAPE Loss     : 0.54102218
lr                 : [3.0000000000000004e-09]


Epoch : 124
Train MSE Loss     : 1.00001681	 | 	Train MAPE Loss     : 0.35340905
Valid MSE Loss     : 0.00005214	 | 	Valid MAPE Loss     : 0.55713093
lr                 : [3.0000000000000004e-09]


Epoch : 125
Train MSE Loss     : 1.00001478	 | 	Train MAPE Loss     : 0.32449099
Valid MSE Loss     : 0.00004023	 | 	Valid MAPE Loss     : 0.51728547
lr                 : [3.0000000000000004e-09]


Epoch : 126
Train MSE Loss     : 1.00002205	 | 	Train MAPE Loss     : 0.40340537
Valid MSE Loss     : 0.00003982	 | 	Valid MAPE Loss     : 0.51694751
lr                 : [3.0000000000000004e-09]


Epoch : 127
Train MSE Loss     : 1.00001204	 | 	Train MAPE Loss     : 0.28148958
Valid MSE Loss     : 0.00004532	 | 	Valid MAPE Loss     : 0.55426204
lr                 : [3.0000000000000004e-09]


Epoch : 128
Train MSE Loss     : 1.00001431	 | 	Train MAPE Loss     : 0.31704879
Valid MSE Loss     : 0.00003931	 | 	Valid MAPE Loss     : 0.53969532
lr                 : [3.0000000000000004e-09]


Epoch : 129
Train MSE Loss     : 1.00001562	 | 	Train MAPE Loss     : 0.33448827
Valid MSE Loss     : 0.00004448	 | 	Valid MAPE Loss     : 0.52555740
lr                 : [3.0000000000000004e-09]


Epoch : 130
Train MSE Loss     : 1.00001359	 | 	Train MAPE Loss     : 0.31377596
Valid MSE Loss     : 0.00003998	 | 	Valid MAPE Loss     : 0.54266393
lr                 : [3.0000000000000004e-09]


Epoch : 131
Train MSE Loss     : 1.00001383	 | 	Train MAPE Loss     : 0.30762279
Valid MSE Loss     : 0.00004086	 | 	Valid MAPE Loss     : 0.53240627
lr                 : [3.0000000000000004e-09]


Epoch : 132
Train MSE Loss     : 1.00001633	 | 	Train MAPE Loss     : 0.33886617
Valid MSE Loss     : 0.00004067	 | 	Valid MAPE Loss     : 0.53454614
lr                 : [3.0000000000000004e-09]


Epoch : 133
Train MSE Loss     : 1.00001574	 | 	Train MAPE Loss     : 0.33476469
Valid MSE Loss     : 0.00005434	 | 	Valid MAPE Loss     : 0.57937324
lr                 : [3.0000000000000004e-09]


Epoch : 134
Train MSE Loss     : 1.00001621	 | 	Train MAPE Loss     : 0.32995892
Valid MSE Loss     : 0.00005041	 | 	Valid MAPE Loss     : 0.55921316
lr                 : [3.0000000000000004e-09]


Epoch : 135
Train MSE Loss     : 1.00001550	 | 	Train MAPE Loss     : 0.33315384
Valid MSE Loss     : 0.00003895	 | 	Valid MAPE Loss     : 0.52526432
lr                 : [3.0000000000000004e-09]


Epoch : 136
Train MSE Loss     : 1.00001574	 | 	Train MAPE Loss     : 0.32726833
Valid MSE Loss     : 0.00003763	 | 	Valid MAPE Loss     : 0.53286111
lr                 : [3.0000000000000004e-09]


Epoch : 137
Train MSE Loss     : 1.00001729	 | 	Train MAPE Loss     : 0.35289744
Valid MSE Loss     : 0.00004270	 | 	Valid MAPE Loss     : 0.52166736
lr                 : [3.0000000000000004e-09]


Epoch : 138
Train MSE Loss     : 1.00001490	 | 	Train MAPE Loss     : 0.32961211
Valid MSE Loss     : 0.00004592	 | 	Valid MAPE Loss     : 0.53616977
lr                 : [3.0000000000000004e-09]


Epoch : 139
Train MSE Loss     : 1.00001419	 | 	Train MAPE Loss     : 0.30987638
Valid MSE Loss     : 0.00004385	 | 	Valid MAPE Loss     : 0.55358446
lr                 : [3.0000000000000004e-09]


Epoch : 140
Train MSE Loss     : 1.00001884	 | 	Train MAPE Loss     : 0.36786705
Valid MSE Loss     : 0.00004225	 | 	Valid MAPE Loss     : 0.51822704
lr                 : [3.0000000000000004e-09]


Epoch : 141
Train MSE Loss     : 1.00001967	 | 	Train MAPE Loss     : 0.37711644
Valid MSE Loss     : 0.00004743	 | 	Valid MAPE Loss     : 0.54818785
lr                 : [3.0000000000000004e-09]


Epoch : 142
Train MSE Loss     : 1.00001574	 | 	Train MAPE Loss     : 0.33475789
Valid MSE Loss     : 0.00004329	 | 	Valid MAPE Loss     : 0.54042464
lr                 : [3.0000000000000004e-09]


Epoch : 143
Train MSE Loss     : 1.00001538	 | 	Train MAPE Loss     : 0.32722420
Valid MSE Loss     : 0.00004179	 | 	Valid MAPE Loss     : 0.52414870
lr                 : [3.0000000000000004e-09]


Epoch : 144
Train MSE Loss     : 1.00001299	 | 	Train MAPE Loss     : 0.29454905
Valid MSE Loss     : 0.00004365	 | 	Valid MAPE Loss     : 0.52984226
lr                 : [3.0000000000000004e-09]


Epoch : 145
Train MSE Loss     : 1.00001371	 | 	Train MAPE Loss     : 0.30934474
Valid MSE Loss     : 0.00004134	 | 	Valid MAPE Loss     : 0.51869035
lr                 : [3.0000000000000004e-09]


Epoch : 146
Train MSE Loss     : 1.00001955	 | 	Train MAPE Loss     : 0.38017556
Valid MSE Loss     : 0.00003801	 | 	Valid MAPE Loss     : 0.49003941
lr                 : [3.0000000000000004e-09]


Epoch : 147
Train MSE Loss     : 1.00001562	 | 	Train MAPE Loss     : 0.32030168
Valid MSE Loss     : 0.00004428	 | 	Valid MAPE Loss     : 0.53450954
lr                 : [3.0000000000000004e-09]


Epoch : 148
Train MSE Loss     : 1.00001621	 | 	Train MAPE Loss     : 0.33979234
Valid MSE Loss     : 0.00005222	 | 	Valid MAPE Loss     : 0.56365335
lr                 : [3.0000000000000004e-09]


Epoch : 149
Train MSE Loss     : 1.00001240	 | 	Train MAPE Loss     : 0.29558405
Valid MSE Loss     : 0.00003937	 | 	Valid MAPE Loss     : 0.51424515
lr                 : [3.0000000000000004e-09]


Epoch : 150
Train MSE Loss     : 1.00001621	 | 	Train MAPE Loss     : 0.34617501
Valid MSE Loss     : 0.00003886	 | 	Valid MAPE Loss     : 0.51613986
lr                 : [3.0000000000000004e-09]


Evaluate on the Test set:
Test MAPE loss      :0.53707933	 | Test MSE loss      : 0.00004011

################## Training is Done! #########################
