=============================================
Dataset: cell_XJTU_batch2_prepocess_data
Mode:    supervised_with_contrast
=============================================
Training started ....

Epoch : 1
Train MSE Loss     : 1.34800267	 | 	Train MAPE Loss     : 61.92617035
Valid MSE Loss     : 0.21937820	 | 	Valid MAPE Loss     : 50.68658447
lr                 : [0.0003]


Epoch : 2
Train MSE Loss     : 1.05114865	 | 	Train MAPE Loss     : 17.94169235
Valid MSE Loss     : 0.01182371	 | 	Valid MAPE Loss     : 9.78195763
lr                 : [0.0003]


Epoch : 3
Train MSE Loss     : 1.00295842	 | 	Train MAPE Loss     : 4.38797331
Valid MSE Loss     : 0.00038143	 | 	Valid MAPE Loss     : 1.77105880
lr                 : [0.0003]


Epoch : 4
Train MSE Loss     : 1.00345993	 | 	Train MAPE Loss     : 4.85658073
Valid MSE Loss     : 0.00138956	 | 	Valid MAPE Loss     : 3.97141314
lr                 : [0.0003]


Epoch : 5
Train MSE Loss     : 1.00628686	 | 	Train MAPE Loss     : 7.63779640
Valid MSE Loss     : 0.00679904	 | 	Valid MAPE Loss     : 8.97396755
lr                 : [0.0003]


Epoch : 6
Train MSE Loss     : 1.01452947	 | 	Train MAPE Loss     : 12.05899143
Valid MSE Loss     : 0.01028748	 | 	Valid MAPE Loss     : 11.05938435
lr                 : [0.0003]


Epoch : 7
Train MSE Loss     : 1.01855350	 | 	Train MAPE Loss     : 14.33646011
Valid MSE Loss     : 0.01111975	 | 	Valid MAPE Loss     : 11.50985050
lr                 : [0.0003]


Epoch : 8
Train MSE Loss     : 1.11685383	 | 	Train MAPE Loss     : 33.60480499
Valid MSE Loss     : 0.18282260	 | 	Valid MAPE Loss     : 46.85515213
lr                 : [0.0003]


Epoch : 9
Train MSE Loss     : 1.10521877	 | 	Train MAPE Loss     : 32.97661591
Valid MSE Loss     : 0.00119279	 | 	Valid MAPE Loss     : 3.16326571
lr                 : [0.0003]


Epoch : 10
Train MSE Loss     : 1.01152468	 | 	Train MAPE Loss     : 9.98727703
Valid MSE Loss     : 0.03623774	 | 	Valid MAPE Loss     : 20.69430733
lr                 : [0.0003]


Epoch : 11
Train MSE Loss     : 1.00845933	 | 	Train MAPE Loss     : 7.69810963
Valid MSE Loss     : 0.01257164	 | 	Valid MAPE Loss     : 12.18676662
lr                 : [0.0003]


Epoch : 12
Train MSE Loss     : 1.01338434	 | 	Train MAPE Loss     : 10.59066868
Valid MSE Loss     : 0.00054928	 | 	Valid MAPE Loss     : 2.26904225
lr                 : [0.0003]


Epoch : 13
Train MSE Loss     : 1.00071025	 | 	Train MAPE Loss     : 2.54765368
Valid MSE Loss     : 0.00026879	 | 	Valid MAPE Loss     : 1.50017822
lr                 : [0.0003]


Epoch : 14
Train MSE Loss     : 1.00072956	 | 	Train MAPE Loss     : 2.52282548
Valid MSE Loss     : 0.00049097	 | 	Valid MAPE Loss     : 2.28717160
lr                 : [0.0003]


Epoch : 15
Train MSE Loss     : 1.00207651	 | 	Train MAPE Loss     : 4.16727066
Valid MSE Loss     : 0.00015359	 | 	Valid MAPE Loss     : 1.09380448
lr                 : [0.0003]


Epoch : 16
Train MSE Loss     : 1.00054228	 | 	Train MAPE Loss     : 2.17605472
Valid MSE Loss     : 0.00107465	 | 	Valid MAPE Loss     : 3.47725344
lr                 : [0.0003]


Epoch : 17
Train MSE Loss     : 1.00212789	 | 	Train MAPE Loss     : 4.26493931
Valid MSE Loss     : 0.00075907	 | 	Valid MAPE Loss     : 2.69736910
lr                 : [0.0003]


Epoch : 18
Train MSE Loss     : 1.00104523	 | 	Train MAPE Loss     : 2.97010040
Valid MSE Loss     : 0.00089421	 | 	Valid MAPE Loss     : 3.05422449
lr                 : [0.0003]


Epoch : 19
Train MSE Loss     : 1.00090122	 | 	Train MAPE Loss     : 2.76800776
Valid MSE Loss     : 0.00749034	 | 	Valid MAPE Loss     : 9.36992931
lr                 : [0.0003]


Epoch : 20
Train MSE Loss     : 1.00378799	 | 	Train MAPE Loss     : 5.68022537
Valid MSE Loss     : 0.03211185	 | 	Valid MAPE Loss     : 19.56324387
lr                 : [0.0003]


Epoch : 21
Train MSE Loss     : 1.00700343	 | 	Train MAPE Loss     : 7.91641617
Valid MSE Loss     : 0.01912615	 | 	Valid MAPE Loss     : 14.77900124
lr                 : [0.0003]


Epoch : 22
Train MSE Loss     : 1.00477338	 | 	Train MAPE Loss     : 6.92424965
Valid MSE Loss     : 0.00122920	 | 	Valid MAPE Loss     : 3.30661321
lr                 : [0.0003]


Epoch : 23
Train MSE Loss     : 1.00068593	 | 	Train MAPE Loss     : 2.44636083
Valid MSE Loss     : 0.00206871	 | 	Valid MAPE Loss     : 4.85337591
lr                 : [0.0003]


Epoch : 24
Train MSE Loss     : 1.02072740	 | 	Train MAPE Loss     : 12.43898392
Valid MSE Loss     : 0.03920060	 | 	Valid MAPE Loss     : 21.64909744
lr                 : [0.0003]


Epoch : 25
Train MSE Loss     : 1.02868080	 | 	Train MAPE Loss     : 17.03252792
Valid MSE Loss     : 0.00138422	 | 	Valid MAPE Loss     : 3.73372436
lr                 : [0.0003]


Epoch : 26
Train MSE Loss     : 1.00125432	 | 	Train MAPE Loss     : 3.32355070
Valid MSE Loss     : 0.00064740	 | 	Valid MAPE Loss     : 2.57403803
lr                 : [2.9999999999999997e-05]


Epoch : 27
Train MSE Loss     : 1.00080371	 | 	Train MAPE Loss     : 2.74419641
Valid MSE Loss     : 0.00041432	 | 	Valid MAPE Loss     : 2.11066937
lr                 : [2.9999999999999997e-05]


Epoch : 28
Train MSE Loss     : 1.00034022	 | 	Train MAPE Loss     : 1.78795934
Valid MSE Loss     : 0.00028240	 | 	Valid MAPE Loss     : 1.71484077
lr                 : [2.9999999999999997e-05]


Epoch : 29
Train MSE Loss     : 1.00010478	 | 	Train MAPE Loss     : 0.92646110
Valid MSE Loss     : 0.00007264	 | 	Valid MAPE Loss     : 0.79573983
lr                 : [2.9999999999999997e-05]


Epoch : 30
Train MSE Loss     : 1.00012600	 | 	Train MAPE Loss     : 1.04681528
Valid MSE Loss     : 0.00009293	 | 	Valid MAPE Loss     : 0.92226595
lr                 : [2.9999999999999997e-05]


Epoch : 31
Train MSE Loss     : 1.00010121	 | 	Train MAPE Loss     : 0.88873768
Valid MSE Loss     : 0.00008783	 | 	Valid MAPE Loss     : 0.79828751
lr                 : [2.9999999999999997e-05]


Epoch : 32
Train MSE Loss     : 1.00003445	 | 	Train MAPE Loss     : 0.52558839
Valid MSE Loss     : 0.00007820	 | 	Valid MAPE Loss     : 0.84866065
lr                 : [2.9999999999999997e-05]


Epoch : 33
Train MSE Loss     : 1.00005174	 | 	Train MAPE Loss     : 0.64037853
Valid MSE Loss     : 0.00019505	 | 	Valid MAPE Loss     : 1.39632452
lr                 : [2.9999999999999997e-05]


Epoch : 34
Train MSE Loss     : 1.00011468	 | 	Train MAPE Loss     : 0.98239696
Valid MSE Loss     : 0.00044099	 | 	Valid MAPE Loss     : 2.20719886
lr                 : [2.9999999999999997e-05]


Epoch : 35
Train MSE Loss     : 1.00025058	 | 	Train MAPE Loss     : 1.50369823
Valid MSE Loss     : 0.00007913	 | 	Valid MAPE Loss     : 0.76870900
lr                 : [2.9999999999999997e-05]


Epoch : 36
Train MSE Loss     : 1.00004578	 | 	Train MAPE Loss     : 0.59503913
Valid MSE Loss     : 0.00045024	 | 	Valid MAPE Loss     : 2.23047090
lr                 : [2.9999999999999997e-05]


Epoch : 37
Train MSE Loss     : 1.00008655	 | 	Train MAPE Loss     : 0.79754734
Valid MSE Loss     : 0.00005151	 | 	Valid MAPE Loss     : 0.51388997
lr                 : [2.9999999999999997e-05]


Epoch : 38
Train MSE Loss     : 1.00003326	 | 	Train MAPE Loss     : 0.49917063
Valid MSE Loss     : 0.00029818	 | 	Valid MAPE Loss     : 1.78524244
lr                 : [2.9999999999999997e-05]


Epoch : 39
Train MSE Loss     : 1.00027823	 | 	Train MAPE Loss     : 1.63756347
Valid MSE Loss     : 0.00047894	 | 	Valid MAPE Loss     : 2.29409337
lr                 : [2.9999999999999997e-05]


Epoch : 40
Train MSE Loss     : 1.00041318	 | 	Train MAPE Loss     : 2.06045151
Valid MSE Loss     : 0.00074686	 | 	Valid MAPE Loss     : 2.91979051
lr                 : [2.9999999999999997e-05]


Epoch : 41
Train MSE Loss     : 1.00015199	 | 	Train MAPE Loss     : 1.18704450
Valid MSE Loss     : 0.00007139	 | 	Valid MAPE Loss     : 0.68794286
lr                 : [2.9999999999999997e-05]


Epoch : 42
Train MSE Loss     : 1.00004196	 | 	Train MAPE Loss     : 0.61549127
Valid MSE Loss     : 0.00010716	 | 	Valid MAPE Loss     : 0.90947205
lr                 : [2.9999999999999997e-05]


Epoch : 43
Train MSE Loss     : 1.00004339	 | 	Train MAPE Loss     : 0.61319155
Valid MSE Loss     : 0.00005716	 | 	Valid MAPE Loss     : 0.57698441
lr                 : [2.9999999999999997e-05]


Epoch : 44
Train MSE Loss     : 1.00006759	 | 	Train MAPE Loss     : 0.77730298
Valid MSE Loss     : 0.00008118	 | 	Valid MAPE Loss     : 0.73429090
lr                 : [2.9999999999999997e-05]


Epoch : 45
Train MSE Loss     : 1.00002408	 | 	Train MAPE Loss     : 0.43786338
Valid MSE Loss     : 0.00008925	 | 	Valid MAPE Loss     : 0.82891947
lr                 : [2.9999999999999997e-05]


Epoch : 46
Train MSE Loss     : 1.00006425	 | 	Train MAPE Loss     : 0.75032210
Valid MSE Loss     : 0.00017810	 | 	Valid MAPE Loss     : 1.32785630
lr                 : [2.9999999999999997e-05]


Epoch : 47
Train MSE Loss     : 1.00035262	 | 	Train MAPE Loss     : 1.87742162
Valid MSE Loss     : 0.00008886	 | 	Valid MAPE Loss     : 0.79800642
lr                 : [2.9999999999999997e-05]


Epoch : 48
Train MSE Loss     : 1.00017905	 | 	Train MAPE Loss     : 1.28726423
Valid MSE Loss     : 0.00013120	 | 	Valid MAPE Loss     : 1.13348401
lr                 : [3e-06]


Epoch : 49
Train MSE Loss     : 1.00018299	 | 	Train MAPE Loss     : 1.38501287
Valid MSE Loss     : 0.00005208	 | 	Valid MAPE Loss     : 0.68968010
lr                 : [3e-06]


Epoch : 50
Train MSE Loss     : 1.00002491	 | 	Train MAPE Loss     : 0.43743992
Valid MSE Loss     : 0.00004296	 | 	Valid MAPE Loss     : 0.48384711
lr                 : [3e-06]


Epoch : 51
Train MSE Loss     : 1.00002837	 | 	Train MAPE Loss     : 0.45250630
Valid MSE Loss     : 0.00004137	 | 	Valid MAPE Loss     : 0.59749395
lr                 : [3e-06]


Epoch : 52
Train MSE Loss     : 1.00003016	 | 	Train MAPE Loss     : 0.47835007
Valid MSE Loss     : 0.00006239	 | 	Valid MAPE Loss     : 0.61716717
lr                 : [3e-06]


Epoch : 53
Train MSE Loss     : 1.00001884	 | 	Train MAPE Loss     : 0.37340418
Valid MSE Loss     : 0.00003966	 | 	Valid MAPE Loss     : 0.49749848
lr                 : [3e-06]


Epoch : 54
Train MSE Loss     : 1.00002146	 | 	Train MAPE Loss     : 0.42317453
Valid MSE Loss     : 0.00004015	 | 	Valid MAPE Loss     : 0.58164746
lr                 : [3e-06]


Epoch : 55
Train MSE Loss     : 1.00001860	 | 	Train MAPE Loss     : 0.38305563
Valid MSE Loss     : 0.00004628	 | 	Valid MAPE Loss     : 0.50073159
lr                 : [3e-06]


Epoch : 56
Train MSE Loss     : 1.00002110	 | 	Train MAPE Loss     : 0.40905845
Valid MSE Loss     : 0.00003830	 | 	Valid MAPE Loss     : 0.51436526
lr                 : [3e-06]


Epoch : 57
Train MSE Loss     : 1.00001752	 | 	Train MAPE Loss     : 0.36458069
Valid MSE Loss     : 0.00003862	 | 	Valid MAPE Loss     : 0.52607262
lr                 : [3e-06]


Epoch : 58
Train MSE Loss     : 1.00001860	 | 	Train MAPE Loss     : 0.37705877
Valid MSE Loss     : 0.00004317	 | 	Valid MAPE Loss     : 0.48606452
lr                 : [3e-06]


Epoch : 59
Train MSE Loss     : 1.00001419	 | 	Train MAPE Loss     : 0.32684806
Valid MSE Loss     : 0.00003843	 | 	Valid MAPE Loss     : 0.48049316
lr                 : [3e-06]


Epoch : 60
Train MSE Loss     : 1.00001669	 | 	Train MAPE Loss     : 0.35602361
Valid MSE Loss     : 0.00004360	 | 	Valid MAPE Loss     : 0.48263231
lr                 : [3e-06]


Epoch : 61
Train MSE Loss     : 1.00001383	 | 	Train MAPE Loss     : 0.32557780
Valid MSE Loss     : 0.00004036	 | 	Valid MAPE Loss     : 0.47339153
lr                 : [3e-06]


Epoch : 62
Train MSE Loss     : 1.00000870	 | 	Train MAPE Loss     : 0.24017617
Valid MSE Loss     : 0.00004109	 | 	Valid MAPE Loss     : 0.47792086
lr                 : [3e-06]


Epoch : 63
Train MSE Loss     : 1.00002742	 | 	Train MAPE Loss     : 0.43771049
Valid MSE Loss     : 0.00003897	 | 	Valid MAPE Loss     : 0.49388868
lr                 : [3e-06]


Epoch : 64
Train MSE Loss     : 1.00002193	 | 	Train MAPE Loss     : 0.41608056
Valid MSE Loss     : 0.00005293	 | 	Valid MAPE Loss     : 0.54673356
lr                 : [3e-06]


Epoch : 65
Train MSE Loss     : 1.00002182	 | 	Train MAPE Loss     : 0.41470140
Valid MSE Loss     : 0.00004150	 | 	Valid MAPE Loss     : 0.47628331
lr                 : [3e-06]


Epoch : 66
Train MSE Loss     : 1.00001574	 | 	Train MAPE Loss     : 0.33899435
Valid MSE Loss     : 0.00004193	 | 	Valid MAPE Loss     : 0.48362160
lr                 : [3e-06]


Epoch : 67
Train MSE Loss     : 1.00001526	 | 	Train MAPE Loss     : 0.34401262
Valid MSE Loss     : 0.00004632	 | 	Valid MAPE Loss     : 0.50025642
lr                 : [3e-06]


Epoch : 68
Train MSE Loss     : 1.00001764	 | 	Train MAPE Loss     : 0.37116027
Valid MSE Loss     : 0.00004855	 | 	Valid MAPE Loss     : 0.51732618
lr                 : [3e-06]


Epoch : 69
Train MSE Loss     : 1.00002086	 | 	Train MAPE Loss     : 0.39723289
Valid MSE Loss     : 0.00004076	 | 	Valid MAPE Loss     : 0.49343815
lr                 : [3e-06]


Epoch : 70
Train MSE Loss     : 1.00001538	 | 	Train MAPE Loss     : 0.34280729
Valid MSE Loss     : 0.00005175	 | 	Valid MAPE Loss     : 0.53505439
lr                 : [3e-06]


Epoch : 71
Train MSE Loss     : 1.00001740	 | 	Train MAPE Loss     : 0.36523461
Valid MSE Loss     : 0.00003805	 | 	Valid MAPE Loss     : 0.52565080
lr                 : [3e-06]


Epoch : 72
Train MSE Loss     : 1.00001478	 | 	Train MAPE Loss     : 0.32142025
Valid MSE Loss     : 0.00004118	 | 	Valid MAPE Loss     : 0.47669533
lr                 : [3.0000000000000004e-07]


Epoch : 73
Train MSE Loss     : 1.00002420	 | 	Train MAPE Loss     : 0.44666639
Valid MSE Loss     : 0.00004512	 | 	Valid MAPE Loss     : 0.49538827
lr                 : [3.0000000000000004e-07]


Epoch : 74
Train MSE Loss     : 1.00002241	 | 	Train MAPE Loss     : 0.43288928
Valid MSE Loss     : 0.00004263	 | 	Valid MAPE Loss     : 0.48071352
lr                 : [3.0000000000000004e-07]


Epoch : 75
Train MSE Loss     : 1.00001800	 | 	Train MAPE Loss     : 0.37835178
Valid MSE Loss     : 0.00004361	 | 	Valid MAPE Loss     : 0.49080935
lr                 : [3.0000000000000004e-07]


Epoch : 76
Train MSE Loss     : 1.00001383	 | 	Train MAPE Loss     : 0.31148338
Valid MSE Loss     : 0.00004671	 | 	Valid MAPE Loss     : 0.49937969
lr                 : [3.0000000000000004e-07]


Epoch : 77
Train MSE Loss     : 1.00001538	 | 	Train MAPE Loss     : 0.32886291
Valid MSE Loss     : 0.00004368	 | 	Valid MAPE Loss     : 0.48615807
lr                 : [3.0000000000000004e-07]


Epoch : 78
Train MSE Loss     : 1.00001442	 | 	Train MAPE Loss     : 0.31917515
Valid MSE Loss     : 0.00003846	 | 	Valid MAPE Loss     : 0.49991331
lr                 : [3.0000000000000004e-07]


Epoch : 79
Train MSE Loss     : 1.00001359	 | 	Train MAPE Loss     : 0.32054517
Valid MSE Loss     : 0.00003790	 | 	Valid MAPE Loss     : 0.51652545
lr                 : [3.0000000000000004e-07]


Epoch : 80
Train MSE Loss     : 1.00000978	 | 	Train MAPE Loss     : 0.26958621
Valid MSE Loss     : 0.00004391	 | 	Valid MAPE Loss     : 0.48949081
lr                 : [3.0000000000000004e-07]


Epoch : 81
Train MSE Loss     : 1.00001431	 | 	Train MAPE Loss     : 0.31959748
Valid MSE Loss     : 0.00004712	 | 	Valid MAPE Loss     : 0.50826985
lr                 : [3.0000000000000004e-07]


Epoch : 82
Train MSE Loss     : 1.00001252	 | 	Train MAPE Loss     : 0.30187014
Valid MSE Loss     : 0.00004321	 | 	Valid MAPE Loss     : 0.48269549
lr                 : [3.0000000000000004e-07]


Epoch : 83
Train MSE Loss     : 1.00001049	 | 	Train MAPE Loss     : 0.28447136
Valid MSE Loss     : 0.00003849	 | 	Valid MAPE Loss     : 0.49444947
lr                 : [3.0000000000000004e-08]


Epoch : 84
Train MSE Loss     : 1.00000846	 | 	Train MAPE Loss     : 0.23856907
Valid MSE Loss     : 0.00003881	 | 	Valid MAPE Loss     : 0.47449189
lr                 : [3.0000000000000004e-08]


Epoch : 85
Train MSE Loss     : 1.00001144	 | 	Train MAPE Loss     : 0.28899717
Valid MSE Loss     : 0.00003966	 | 	Valid MAPE Loss     : 0.48970506
lr                 : [3.0000000000000004e-08]


Epoch : 86
Train MSE Loss     : 1.00001848	 | 	Train MAPE Loss     : 0.35493186
Valid MSE Loss     : 0.00003879	 | 	Valid MAPE Loss     : 0.49601296
lr                 : [3.0000000000000004e-08]


Epoch : 87
Train MSE Loss     : 1.00001597	 | 	Train MAPE Loss     : 0.34614292
Valid MSE Loss     : 0.00003858	 | 	Valid MAPE Loss     : 0.48887295
lr                 : [3.0000000000000004e-08]


Epoch : 88
Train MSE Loss     : 1.00001311	 | 	Train MAPE Loss     : 0.30008045
Valid MSE Loss     : 0.00003788	 | 	Valid MAPE Loss     : 0.50512260
lr                 : [3.0000000000000004e-08]


Epoch : 89
Train MSE Loss     : 1.00001836	 | 	Train MAPE Loss     : 0.35587817
Valid MSE Loss     : 0.00003874	 | 	Valid MAPE Loss     : 0.53806549
lr                 : [3.0000000000000004e-08]


Epoch : 90
Train MSE Loss     : 1.00001168	 | 	Train MAPE Loss     : 0.28994560
Valid MSE Loss     : 0.00004076	 | 	Valid MAPE Loss     : 0.47332492
lr                 : [3.0000000000000004e-08]


Epoch : 91
Train MSE Loss     : 1.00001478	 | 	Train MAPE Loss     : 0.33466327
Valid MSE Loss     : 0.00003975	 | 	Valid MAPE Loss     : 0.47445241
lr                 : [3.0000000000000004e-08]


Epoch : 92
Train MSE Loss     : 1.00001979	 | 	Train MAPE Loss     : 0.37785155
Valid MSE Loss     : 0.00003864	 | 	Valid MAPE Loss     : 0.49206218
lr                 : [3.0000000000000004e-08]


Epoch : 93
Train MSE Loss     : 1.00001037	 | 	Train MAPE Loss     : 0.27262506
Valid MSE Loss     : 0.00004203	 | 	Valid MAPE Loss     : 0.47975716
lr                 : [3.0000000000000004e-08]


Epoch : 94
Train MSE Loss     : 1.00001049	 | 	Train MAPE Loss     : 0.27523205
Valid MSE Loss     : 0.00004264	 | 	Valid MAPE Loss     : 0.48660168
lr                 : [3.0000000000000004e-08]


Epoch : 95
Train MSE Loss     : 1.00001597	 | 	Train MAPE Loss     : 0.34167022
Valid MSE Loss     : 0.00003898	 | 	Valid MAPE Loss     : 0.48231426
lr                 : [3.0000000000000004e-08]


Epoch : 96
Train MSE Loss     : 1.00002086	 | 	Train MAPE Loss     : 0.39533871
Valid MSE Loss     : 0.00003917	 | 	Valid MAPE Loss     : 0.47489956
lr                 : [3.0000000000000004e-08]


Epoch : 97
Train MSE Loss     : 1.00001895	 | 	Train MAPE Loss     : 0.36921245
Valid MSE Loss     : 0.00003879	 | 	Valid MAPE Loss     : 0.47330698
lr                 : [3.0000000000000004e-08]


Epoch : 98
Train MSE Loss     : 1.00000882	 | 	Train MAPE Loss     : 0.24308765
Valid MSE Loss     : 0.00003847	 | 	Valid MAPE Loss     : 0.51408017
lr                 : [3.0000000000000004e-08]


Epoch : 99
Train MSE Loss     : 1.00001979	 | 	Train MAPE Loss     : 0.39093882
Valid MSE Loss     : 0.00004556	 | 	Valid MAPE Loss     : 0.49508268
lr                 : [3.0000000000000004e-08]


Epoch : 100
Train MSE Loss     : 1.00001884	 | 	Train MAPE Loss     : 0.38194036
Valid MSE Loss     : 0.00004681	 | 	Valid MAPE Loss     : 0.50841200
lr                 : [3.0000000000000004e-08]


Epoch : 101
Train MSE Loss     : 1.00001788	 | 	Train MAPE Loss     : 0.34569508
Valid MSE Loss     : 0.00003836	 | 	Valid MAPE Loss     : 0.47954959
lr                 : [3.0000000000000004e-09]


Epoch : 102
Train MSE Loss     : 1.00001574	 | 	Train MAPE Loss     : 0.32959759
Valid MSE Loss     : 0.00004389	 | 	Valid MAPE Loss     : 0.48821044
lr                 : [3.0000000000000004e-09]


Epoch : 103
Train MSE Loss     : 1.00001431	 | 	Train MAPE Loss     : 0.33731937
Valid MSE Loss     : 0.00004115	 | 	Valid MAPE Loss     : 0.47560558
lr                 : [3.0000000000000004e-09]


Epoch : 104
Train MSE Loss     : 1.00001276	 | 	Train MAPE Loss     : 0.31615740
Valid MSE Loss     : 0.00004023	 | 	Valid MAPE Loss     : 0.47025910
lr                 : [3.0000000000000004e-09]


Epoch : 105
Train MSE Loss     : 1.00001752	 | 	Train MAPE Loss     : 0.37445980
Valid MSE Loss     : 0.00004266	 | 	Valid MAPE Loss     : 0.48224828
lr                 : [3.0000000000000004e-09]


Epoch : 106
Train MSE Loss     : 1.00001824	 | 	Train MAPE Loss     : 0.34887165
Valid MSE Loss     : 0.00003831	 | 	Valid MAPE Loss     : 0.52030814
lr                 : [3.0000000000000004e-09]


Epoch : 107
Train MSE Loss     : 1.00002253	 | 	Train MAPE Loss     : 0.41555884
Valid MSE Loss     : 0.00004977	 | 	Valid MAPE Loss     : 0.52643645
lr                 : [3.0000000000000004e-09]


Epoch : 108
Train MSE Loss     : 1.00001121	 | 	Train MAPE Loss     : 0.29450187
Valid MSE Loss     : 0.00004598	 | 	Valid MAPE Loss     : 0.50476259
lr                 : [3.0000000000000004e-09]


Epoch : 109
Train MSE Loss     : 1.00001299	 | 	Train MAPE Loss     : 0.31071061
Valid MSE Loss     : 0.00004322	 | 	Valid MAPE Loss     : 0.48733693
lr                 : [3.0000000000000004e-09]


Epoch : 110
Train MSE Loss     : 1.00001311	 | 	Train MAPE Loss     : 0.29895109
Valid MSE Loss     : 0.00003845	 | 	Valid MAPE Loss     : 0.50661153
lr                 : [3.0000000000000004e-09]


Epoch : 111
Train MSE Loss     : 1.00001013	 | 	Train MAPE Loss     : 0.27030292
Valid MSE Loss     : 0.00004063	 | 	Valid MAPE Loss     : 0.49371073
lr                 : [3.0000000000000004e-09]


Epoch : 112
Train MSE Loss     : 1.00001550	 | 	Train MAPE Loss     : 0.33225247
Valid MSE Loss     : 0.00003987	 | 	Valid MAPE Loss     : 0.47113326
lr                 : [3.0000000000000004e-09]


Epoch : 113
Train MSE Loss     : 1.00002217	 | 	Train MAPE Loss     : 0.40377212
Valid MSE Loss     : 0.00004098	 | 	Valid MAPE Loss     : 0.48043218
lr                 : [3.0000000000000004e-09]


Epoch : 114
Train MSE Loss     : 1.00001895	 | 	Train MAPE Loss     : 0.39184380
Valid MSE Loss     : 0.00005000	 | 	Valid MAPE Loss     : 0.52961934
lr                 : [3.0000000000000004e-09]


Epoch : 115
Train MSE Loss     : 1.00001228	 | 	Train MAPE Loss     : 0.30657336
Valid MSE Loss     : 0.00004161	 | 	Valid MAPE Loss     : 0.47880188
lr                 : [3.0000000000000004e-09]


Epoch : 116
Train MSE Loss     : 1.00000942	 | 	Train MAPE Loss     : 0.26224250
Valid MSE Loss     : 0.00004580	 | 	Valid MAPE Loss     : 0.49816230
lr                 : [3.0000000000000004e-09]


Epoch : 117
Train MSE Loss     : 1.00001514	 | 	Train MAPE Loss     : 0.31919324
Valid MSE Loss     : 0.00003939	 | 	Valid MAPE Loss     : 0.47557908
lr                 : [3.0000000000000004e-09]


Epoch : 118
Train MSE Loss     : 1.00002110	 | 	Train MAPE Loss     : 0.40514046
Valid MSE Loss     : 0.00005212	 | 	Valid MAPE Loss     : 0.54596168
lr                 : [3.0000000000000004e-09]


Epoch : 119
Train MSE Loss     : 1.00001967	 | 	Train MAPE Loss     : 0.36377513
Valid MSE Loss     : 0.00004161	 | 	Valid MAPE Loss     : 0.47865146
lr                 : [3.0000000000000004e-09]


Epoch : 120
Train MSE Loss     : 1.00001562	 | 	Train MAPE Loss     : 0.34152853
Valid MSE Loss     : 0.00004563	 | 	Valid MAPE Loss     : 0.49498913
lr                 : [3.0000000000000004e-09]


Epoch : 121
Train MSE Loss     : 1.00001383	 | 	Train MAPE Loss     : 0.32838902
Valid MSE Loss     : 0.00003826	 | 	Valid MAPE Loss     : 0.49295568
lr                 : [3.0000000000000004e-09]


Epoch : 122
Train MSE Loss     : 1.00001800	 | 	Train MAPE Loss     : 0.37013996
Valid MSE Loss     : 0.00004134	 | 	Valid MAPE Loss     : 0.47698379
lr                 : [3.0000000000000004e-09]


Epoch : 123
Train MSE Loss     : 1.00002372	 | 	Train MAPE Loss     : 0.42258137
Valid MSE Loss     : 0.00003848	 | 	Valid MAPE Loss     : 0.49609095
lr                 : [3.0000000000000004e-09]


Epoch : 124
Train MSE Loss     : 1.00001597	 | 	Train MAPE Loss     : 0.33069643
Valid MSE Loss     : 0.00004311	 | 	Valid MAPE Loss     : 0.48087096
lr                 : [3.0000000000000004e-09]


Epoch : 125
Train MSE Loss     : 1.00002253	 | 	Train MAPE Loss     : 0.42967492
Valid MSE Loss     : 0.00003818	 | 	Valid MAPE Loss     : 0.51686770
lr                 : [3.0000000000000004e-09]


Epoch : 126
Train MSE Loss     : 1.00001621	 | 	Train MAPE Loss     : 0.32651293
Valid MSE Loss     : 0.00003850	 | 	Valid MAPE Loss     : 0.48440531
lr                 : [3.0000000000000004e-09]


Epoch : 127
Train MSE Loss     : 1.00001550	 | 	Train MAPE Loss     : 0.34337789
Valid MSE Loss     : 0.00003939	 | 	Valid MAPE Loss     : 0.48037499
lr                 : [3.0000000000000004e-09]


Epoch : 128
Train MSE Loss     : 1.00001466	 | 	Train MAPE Loss     : 0.33145374
Valid MSE Loss     : 0.00004140	 | 	Valid MAPE Loss     : 0.47992700
lr                 : [3.0000000000000004e-09]


Epoch : 129
Train MSE Loss     : 1.00001276	 | 	Train MAPE Loss     : 0.31023163
Valid MSE Loss     : 0.00003801	 | 	Valid MAPE Loss     : 0.51147377
lr                 : [3.0000000000000004e-09]


Epoch : 130
Train MSE Loss     : 1.00001216	 | 	Train MAPE Loss     : 0.29893067
Valid MSE Loss     : 0.00003928	 | 	Valid MAPE Loss     : 0.47620648
lr                 : [3.0000000000000004e-09]


Epoch : 131
Train MSE Loss     : 1.00001824	 | 	Train MAPE Loss     : 0.38363242
Valid MSE Loss     : 0.00004296	 | 	Valid MAPE Loss     : 0.48576814
lr                 : [3.0000000000000004e-09]


Epoch : 132
Train MSE Loss     : 1.00001693	 | 	Train MAPE Loss     : 0.36373773
Valid MSE Loss     : 0.00005419	 | 	Valid MAPE Loss     : 0.56801176
lr                 : [3.0000000000000004e-09]


Epoch : 133
Train MSE Loss     : 1.00002849	 | 	Train MAPE Loss     : 0.47778380
Valid MSE Loss     : 0.00003873	 | 	Valid MAPE Loss     : 0.48289365
lr                 : [3.0000000000000004e-09]


Epoch : 134
Train MSE Loss     : 1.00001168	 | 	Train MAPE Loss     : 0.28480259
Valid MSE Loss     : 0.00003960	 | 	Valid MAPE Loss     : 0.48209718
lr                 : [3.0000000000000004e-09]


Epoch : 135
Train MSE Loss     : 1.00001562	 | 	Train MAPE Loss     : 0.32363689
Valid MSE Loss     : 0.00004099	 | 	Valid MAPE Loss     : 0.47900644
lr                 : [3.0000000000000004e-09]


Epoch : 136
Train MSE Loss     : 1.00001717	 | 	Train MAPE Loss     : 0.34968436
Valid MSE Loss     : 0.00003925	 | 	Valid MAPE Loss     : 0.47494110
lr                 : [3.0000000000000004e-09]


Epoch : 137
Train MSE Loss     : 1.00001764	 | 	Train MAPE Loss     : 0.36427426
Valid MSE Loss     : 0.00003835	 | 	Valid MAPE Loss     : 0.51724064
lr                 : [3.0000000000000004e-09]


Epoch : 138
Train MSE Loss     : 1.00000978	 | 	Train MAPE Loss     : 0.25929922
Valid MSE Loss     : 0.00003879	 | 	Valid MAPE Loss     : 0.48864084
lr                 : [3.0000000000000004e-09]


Epoch : 139
Train MSE Loss     : 1.00001574	 | 	Train MAPE Loss     : 0.32255989
Valid MSE Loss     : 0.00004041	 | 	Valid MAPE Loss     : 0.47789600
lr                 : [3.0000000000000004e-09]


Epoch : 140
Train MSE Loss     : 1.00001490	 | 	Train MAPE Loss     : 0.33687985
Valid MSE Loss     : 0.00003902	 | 	Valid MAPE Loss     : 0.49103466
lr                 : [3.0000000000000004e-09]


Epoch : 141
Train MSE Loss     : 1.00001454	 | 	Train MAPE Loss     : 0.31396851
Valid MSE Loss     : 0.00004063	 | 	Valid MAPE Loss     : 0.47367647
lr                 : [3.0000000000000004e-09]


Epoch : 142
Train MSE Loss     : 1.00001729	 | 	Train MAPE Loss     : 0.35730809
Valid MSE Loss     : 0.00004301	 | 	Valid MAPE Loss     : 0.48692888
lr                 : [3.0000000000000004e-09]


Epoch : 143
Train MSE Loss     : 1.00002146	 | 	Train MAPE Loss     : 0.39269897
Valid MSE Loss     : 0.00003879	 | 	Valid MAPE Loss     : 0.49338865
lr                 : [3.0000000000000004e-09]


Epoch : 144
Train MSE Loss     : 1.00001848	 | 	Train MAPE Loss     : 0.37340072
Valid MSE Loss     : 0.00003783	 | 	Valid MAPE Loss     : 0.49913901
lr                 : [3.0000000000000004e-09]


Epoch : 145
Train MSE Loss     : 1.00002015	 | 	Train MAPE Loss     : 0.37794021
Valid MSE Loss     : 0.00003802	 | 	Valid MAPE Loss     : 0.51659924
lr                 : [3.0000000000000004e-09]


Epoch : 146
Train MSE Loss     : 1.00001740	 | 	Train MAPE Loss     : 0.36492309
Valid MSE Loss     : 0.00004432	 | 	Valid MAPE Loss     : 0.48653361
lr                 : [3.0000000000000004e-09]


Epoch : 147
Train MSE Loss     : 1.00001264	 | 	Train MAPE Loss     : 0.29639730
Valid MSE Loss     : 0.00004485	 | 	Valid MAPE Loss     : 0.49048266
lr                 : [3.0000000000000004e-09]


Epoch : 148
Train MSE Loss     : 1.00001431	 | 	Train MAPE Loss     : 0.32542121
Valid MSE Loss     : 0.00004533	 | 	Valid MAPE Loss     : 0.49697942
lr                 : [3.0000000000000004e-09]


Epoch : 149
Train MSE Loss     : 1.00001812	 | 	Train MAPE Loss     : 0.37087861
Valid MSE Loss     : 0.00003887	 | 	Valid MAPE Loss     : 0.49506369
lr                 : [3.0000000000000004e-09]


Epoch : 150
Train MSE Loss     : 1.00001776	 | 	Train MAPE Loss     : 0.36707240
Valid MSE Loss     : 0.00004121	 | 	Valid MAPE Loss     : 0.47517043
lr                 : [3.0000000000000004e-09]


Evaluate on the Test set:
Test MAPE loss      :0.38716054	 | Test MSE loss      : 0.00001961

################## Training is Done! #########################
