=============================================
Dataset: cell_XJTU_batch2_prepocess_data
Mode:    supervised_with_contrast
=============================================
Training started ....

Epoch : 1
Train MSE Loss     : 1.09427142	 | 	Train MAPE Loss     : 20.34443665
Valid MSE Loss     : 0.02775797	 | 	Valid MAPE Loss     : 17.90502357
lr                 : [0.0003]


Epoch : 2
Train MSE Loss     : 1.00730872	 | 	Train MAPE Loss     : 7.59935284
Valid MSE Loss     : 0.00186032	 | 	Valid MAPE Loss     : 4.05891180
lr                 : [0.0003]


Epoch : 3
Train MSE Loss     : 1.01298237	 | 	Train MAPE Loss     : 10.30784035
Valid MSE Loss     : 0.03419182	 | 	Valid MAPE Loss     : 20.03451157
lr                 : [0.0003]


Epoch : 4
Train MSE Loss     : 1.09534454	 | 	Train MAPE Loss     : 30.76068115
Valid MSE Loss     : 0.21964681	 | 	Valid MAPE Loss     : 49.89689255
lr                 : [0.0003]


Epoch : 5
Train MSE Loss     : 1.04249883	 | 	Train MAPE Loss     : 17.40139198
Valid MSE Loss     : 0.02116241	 | 	Valid MAPE Loss     : 15.79559898
lr                 : [0.0003]


Epoch : 6
Train MSE Loss     : 1.00736463	 | 	Train MAPE Loss     : 7.83205366
Valid MSE Loss     : 0.00092532	 | 	Valid MAPE Loss     : 2.86895967
lr                 : [0.0003]


Epoch : 7
Train MSE Loss     : 1.03563607	 | 	Train MAPE Loss     : 18.67127609
Valid MSE Loss     : 0.01853970	 | 	Valid MAPE Loss     : 13.22669792
lr                 : [0.0003]


Epoch : 8
Train MSE Loss     : 1.01370084	 | 	Train MAPE Loss     : 10.41837788
Valid MSE Loss     : 0.09084825	 | 	Valid MAPE Loss     : 33.18510056
lr                 : [0.0003]


Epoch : 9
Train MSE Loss     : 1.08219743	 | 	Train MAPE Loss     : 27.38080025
Valid MSE Loss     : 0.00913512	 | 	Valid MAPE Loss     : 9.83774281
lr                 : [0.0003]


Epoch : 10
Train MSE Loss     : 1.09766209	 | 	Train MAPE Loss     : 30.51346016
Valid MSE Loss     : 0.10811565	 | 	Valid MAPE Loss     : 35.79813385
lr                 : [0.0003]


Epoch : 11
Train MSE Loss     : 1.03282189	 | 	Train MAPE Loss     : 17.36987305
Valid MSE Loss     : 0.06931325	 | 	Valid MAPE Loss     : 28.89827538
lr                 : [0.0003]


Epoch : 12
Train MSE Loss     : 1.10382879	 | 	Train MAPE Loss     : 31.94792175
Valid MSE Loss     : 0.29242721	 | 	Valid MAPE Loss     : 59.60802078
lr                 : [0.0003]


Epoch : 13
Train MSE Loss     : 1.15384316	 | 	Train MAPE Loss     : 38.98155212
Valid MSE Loss     : 0.02160969	 | 	Valid MAPE Loss     : 16.00156784
lr                 : [0.0003]


Epoch : 14
Train MSE Loss     : 1.11222148	 | 	Train MAPE Loss     : 31.98262215
Valid MSE Loss     : 0.35037574	 | 	Valid MAPE Loss     : 65.12380219
lr                 : [0.0003]


Epoch : 15
Train MSE Loss     : 1.22997975	 | 	Train MAPE Loss     : 49.48377991
Valid MSE Loss     : 0.01495299	 | 	Valid MAPE Loss     : 12.48395348
lr                 : [0.0003]


Epoch : 16
Train MSE Loss     : 1.01052225	 | 	Train MAPE Loss     : 10.24634171
Valid MSE Loss     : 0.00874975	 | 	Valid MAPE Loss     : 10.06346703
lr                 : [0.0003]


Epoch : 17
Train MSE Loss     : 1.00555563	 | 	Train MAPE Loss     : 7.15058613
Valid MSE Loss     : 0.00501948	 | 	Valid MAPE Loss     : 7.37691212
lr                 : [2.9999999999999997e-05]


Epoch : 18
Train MSE Loss     : 1.00172281	 | 	Train MAPE Loss     : 3.71023655
Valid MSE Loss     : 0.00023955	 | 	Valid MAPE Loss     : 1.49521315
lr                 : [2.9999999999999997e-05]


Epoch : 19
Train MSE Loss     : 1.00012672	 | 	Train MAPE Loss     : 1.02962506
Valid MSE Loss     : 0.00018618	 | 	Valid MAPE Loss     : 1.30129457
lr                 : [2.9999999999999997e-05]


Epoch : 20
Train MSE Loss     : 1.00009751	 | 	Train MAPE Loss     : 0.86810052
Valid MSE Loss     : 0.00008257	 | 	Valid MAPE Loss     : 0.84001940
lr                 : [2.9999999999999997e-05]


Epoch : 21
Train MSE Loss     : 1.00009584	 | 	Train MAPE Loss     : 0.88325340
Valid MSE Loss     : 0.00007235	 | 	Valid MAPE Loss     : 0.79476750
lr                 : [2.9999999999999997e-05]


Epoch : 22
Train MSE Loss     : 1.00006962	 | 	Train MAPE Loss     : 0.74987835
Valid MSE Loss     : 0.00014325	 | 	Valid MAPE Loss     : 1.14743543
lr                 : [2.9999999999999997e-05]


Epoch : 23
Train MSE Loss     : 1.00016773	 | 	Train MAPE Loss     : 1.23016262
Valid MSE Loss     : 0.00020667	 | 	Valid MAPE Loss     : 1.43913174
lr                 : [2.9999999999999997e-05]


Epoch : 24
Train MSE Loss     : 1.00014091	 | 	Train MAPE Loss     : 1.12020361
Valid MSE Loss     : 0.00003635	 | 	Valid MAPE Loss     : 0.51243526
lr                 : [2.9999999999999997e-05]


Epoch : 25
Train MSE Loss     : 1.00005066	 | 	Train MAPE Loss     : 0.63251168
Valid MSE Loss     : 0.00016048	 | 	Valid MAPE Loss     : 1.27599657
lr                 : [2.9999999999999997e-05]


Epoch : 26
Train MSE Loss     : 1.00016069	 | 	Train MAPE Loss     : 1.19074321
Valid MSE Loss     : 0.00006191	 | 	Valid MAPE Loss     : 0.76074845
lr                 : [2.9999999999999997e-05]


Epoch : 27
Train MSE Loss     : 1.00008869	 | 	Train MAPE Loss     : 0.86839247
Valid MSE Loss     : 0.00003532	 | 	Valid MAPE Loss     : 0.52980900
lr                 : [2.9999999999999997e-05]


Epoch : 28
Train MSE Loss     : 1.00004852	 | 	Train MAPE Loss     : 0.58740306
Valid MSE Loss     : 0.00003357	 | 	Valid MAPE Loss     : 0.53133661
lr                 : [2.9999999999999997e-05]


Epoch : 29
Train MSE Loss     : 1.00005341	 | 	Train MAPE Loss     : 0.66563934
Valid MSE Loss     : 0.00008781	 | 	Valid MAPE Loss     : 0.88855332
lr                 : [2.9999999999999997e-05]


Epoch : 30
Train MSE Loss     : 1.00035512	 | 	Train MAPE Loss     : 1.82588959
Valid MSE Loss     : 0.00029759	 | 	Valid MAPE Loss     : 1.74902499
lr                 : [2.9999999999999997e-05]


Epoch : 31
Train MSE Loss     : 1.00007069	 | 	Train MAPE Loss     : 0.68131965
Valid MSE Loss     : 0.00002002	 | 	Valid MAPE Loss     : 0.38048929
lr                 : [2.9999999999999997e-05]


Epoch : 32
Train MSE Loss     : 1.00006545	 | 	Train MAPE Loss     : 0.74409306
Valid MSE Loss     : 0.00013995	 | 	Valid MAPE Loss     : 1.21138537
lr                 : [2.9999999999999997e-05]


Epoch : 33
Train MSE Loss     : 1.00011110	 | 	Train MAPE Loss     : 0.98668134
Valid MSE Loss     : 0.00005866	 | 	Valid MAPE Loss     : 0.71559280
lr                 : [2.9999999999999997e-05]


Epoch : 34
Train MSE Loss     : 1.00016451	 | 	Train MAPE Loss     : 1.18821168
Valid MSE Loss     : 0.00036779	 | 	Valid MAPE Loss     : 2.06724215
lr                 : [2.9999999999999997e-05]


Epoch : 35
Train MSE Loss     : 1.00011778	 | 	Train MAPE Loss     : 0.99675333
Valid MSE Loss     : 0.00003034	 | 	Valid MAPE Loss     : 0.49054766
lr                 : [2.9999999999999997e-05]


Epoch : 36
Train MSE Loss     : 1.00007844	 | 	Train MAPE Loss     : 0.81613827
Valid MSE Loss     : 0.00003073	 | 	Valid MAPE Loss     : 0.43790111
lr                 : [2.9999999999999997e-05]


Epoch : 37
Train MSE Loss     : 1.00013590	 | 	Train MAPE Loss     : 1.12010682
Valid MSE Loss     : 0.00005095	 | 	Valid MAPE Loss     : 0.62874860
lr                 : [2.9999999999999997e-05]


Epoch : 38
Train MSE Loss     : 1.00016689	 | 	Train MAPE Loss     : 1.21296155
Valid MSE Loss     : 0.00003932	 | 	Valid MAPE Loss     : 0.51884937
lr                 : [2.9999999999999997e-05]


Epoch : 39
Train MSE Loss     : 1.00008762	 | 	Train MAPE Loss     : 0.82616371
Valid MSE Loss     : 0.00002917	 | 	Valid MAPE Loss     : 0.46532598
lr                 : [2.9999999999999997e-05]


Epoch : 40
Train MSE Loss     : 1.00007987	 | 	Train MAPE Loss     : 0.79029161
Valid MSE Loss     : 0.00011004	 | 	Valid MAPE Loss     : 1.02795243
lr                 : [2.9999999999999997e-05]


Epoch : 41
Train MSE Loss     : 1.00013435	 | 	Train MAPE Loss     : 1.05865371
Valid MSE Loss     : 0.00001944	 | 	Valid MAPE Loss     : 0.39560738
lr                 : [2.9999999999999997e-05]


Epoch : 42
Train MSE Loss     : 1.00008571	 | 	Train MAPE Loss     : 0.85861903
Valid MSE Loss     : 0.00002058	 | 	Valid MAPE Loss     : 0.37676698
lr                 : [2.9999999999999997e-05]


Epoch : 43
Train MSE Loss     : 1.00008440	 | 	Train MAPE Loss     : 0.82073003
Valid MSE Loss     : 0.00003189	 | 	Valid MAPE Loss     : 0.53172457
lr                 : [2.9999999999999997e-05]


Epoch : 44
Train MSE Loss     : 1.00034654	 | 	Train MAPE Loss     : 1.82815528
Valid MSE Loss     : 0.00012596	 | 	Valid MAPE Loss     : 1.09784055
lr                 : [2.9999999999999997e-05]


Epoch : 45
Train MSE Loss     : 1.00006962	 | 	Train MAPE Loss     : 0.71370000
Valid MSE Loss     : 0.00019884	 | 	Valid MAPE Loss     : 1.49604595
lr                 : [2.9999999999999997e-05]


Epoch : 46
Train MSE Loss     : 1.00012910	 | 	Train MAPE Loss     : 1.03655756
Valid MSE Loss     : 0.00004611	 | 	Valid MAPE Loss     : 0.65798759
lr                 : [2.9999999999999997e-05]


Epoch : 47
Train MSE Loss     : 1.00007260	 | 	Train MAPE Loss     : 0.78453088
Valid MSE Loss     : 0.00001613	 | 	Valid MAPE Loss     : 0.34239435
lr                 : [2.9999999999999997e-05]


Epoch : 48
Train MSE Loss     : 1.00010824	 | 	Train MAPE Loss     : 0.93924731
Valid MSE Loss     : 0.00029122	 | 	Valid MAPE Loss     : 1.82192445
lr                 : [2.9999999999999997e-05]


Epoch : 49
Train MSE Loss     : 1.00020695	 | 	Train MAPE Loss     : 1.32848334
Valid MSE Loss     : 0.00001678	 | 	Valid MAPE Loss     : 0.36840957
lr                 : [2.9999999999999997e-05]


Epoch : 50
Train MSE Loss     : 1.00010312	 | 	Train MAPE Loss     : 0.88811976
Valid MSE Loss     : 0.00006584	 | 	Valid MAPE Loss     : 0.74923408
lr                 : [2.9999999999999997e-05]


Epoch : 51
Train MSE Loss     : 1.00054622	 | 	Train MAPE Loss     : 2.27956033
Valid MSE Loss     : 0.00116907	 | 	Valid MAPE Loss     : 3.73276758
lr                 : [2.9999999999999997e-05]


Epoch : 52
Train MSE Loss     : 1.00051975	 | 	Train MAPE Loss     : 1.98137105
Valid MSE Loss     : 0.00005239	 | 	Valid MAPE Loss     : 0.69948739
lr                 : [2.9999999999999997e-05]


Epoch : 53
Train MSE Loss     : 1.00004971	 | 	Train MAPE Loss     : 0.64857519
Valid MSE Loss     : 0.00001526	 | 	Valid MAPE Loss     : 0.33444774
lr                 : [2.9999999999999997e-05]


Epoch : 54
Train MSE Loss     : 1.00010788	 | 	Train MAPE Loss     : 0.91862971
Valid MSE Loss     : 0.00011197	 | 	Valid MAPE Loss     : 0.98071367
lr                 : [2.9999999999999997e-05]


Epoch : 55
Train MSE Loss     : 1.00006843	 | 	Train MAPE Loss     : 0.76287359
Valid MSE Loss     : 0.00004033	 | 	Valid MAPE Loss     : 0.59901506
lr                 : [2.9999999999999997e-05]


Epoch : 56
Train MSE Loss     : 1.00018215	 | 	Train MAPE Loss     : 1.18876708
Valid MSE Loss     : 0.00006671	 | 	Valid MAPE Loss     : 0.73999804
lr                 : [2.9999999999999997e-05]


Epoch : 57
Train MSE Loss     : 1.00008810	 | 	Train MAPE Loss     : 0.83467436
Valid MSE Loss     : 0.00002856	 | 	Valid MAPE Loss     : 0.50486463
lr                 : [2.9999999999999997e-05]


Epoch : 58
Train MSE Loss     : 1.00080538	 | 	Train MAPE Loss     : 2.42553902
Valid MSE Loss     : 0.00201365	 | 	Valid MAPE Loss     : 4.90556431
lr                 : [2.9999999999999997e-05]


Epoch : 59
Train MSE Loss     : 1.00086164	 | 	Train MAPE Loss     : 2.73905754
Valid MSE Loss     : 0.00001775	 | 	Valid MAPE Loss     : 0.36034498
lr                 : [2.9999999999999997e-05]


Epoch : 60
Train MSE Loss     : 1.00038004	 | 	Train MAPE Loss     : 1.88434780
Valid MSE Loss     : 0.00085048	 | 	Valid MAPE Loss     : 3.17175150
lr                 : [2.9999999999999997e-05]


Epoch : 61
Train MSE Loss     : 1.00056338	 | 	Train MAPE Loss     : 2.19277406
Valid MSE Loss     : 0.00011954	 | 	Valid MAPE Loss     : 1.04707527
lr                 : [2.9999999999999997e-05]


Epoch : 62
Train MSE Loss     : 1.00006521	 | 	Train MAPE Loss     : 0.72291410
Valid MSE Loss     : 0.00020076	 | 	Valid MAPE Loss     : 1.50725174
lr                 : [2.9999999999999997e-05]


Epoch : 63
Train MSE Loss     : 1.00010717	 | 	Train MAPE Loss     : 0.99143994
Valid MSE Loss     : 0.00002205	 | 	Valid MAPE Loss     : 0.41435948
lr                 : [2.9999999999999997e-05]


Epoch : 64
Train MSE Loss     : 1.00009823	 | 	Train MAPE Loss     : 0.94398016
Valid MSE Loss     : 0.00003398	 | 	Valid MAPE Loss     : 0.47338963
lr                 : [3e-06]


Epoch : 65
Train MSE Loss     : 1.00005257	 | 	Train MAPE Loss     : 0.61639810
Valid MSE Loss     : 0.00002502	 | 	Valid MAPE Loss     : 0.46312952
lr                 : [3e-06]


Epoch : 66
Train MSE Loss     : 1.00002003	 | 	Train MAPE Loss     : 0.38226986
Valid MSE Loss     : 0.00001624	 | 	Valid MAPE Loss     : 0.35097021
lr                 : [3e-06]


Epoch : 67
Train MSE Loss     : 1.00001860	 | 	Train MAPE Loss     : 0.37828398
Valid MSE Loss     : 0.00001471	 | 	Valid MAPE Loss     : 0.31045109
lr                 : [3e-06]


Epoch : 68
Train MSE Loss     : 1.00000978	 | 	Train MAPE Loss     : 0.27054977
Valid MSE Loss     : 0.00001243	 | 	Valid MAPE Loss     : 0.29759544
lr                 : [3e-06]


Epoch : 69
Train MSE Loss     : 1.00001168	 | 	Train MAPE Loss     : 0.28979114
Valid MSE Loss     : 0.00001671	 | 	Valid MAPE Loss     : 0.34192279
lr                 : [3e-06]


Epoch : 70
Train MSE Loss     : 1.00005341	 | 	Train MAPE Loss     : 0.65605891
Valid MSE Loss     : 0.00001343	 | 	Valid MAPE Loss     : 0.29894161
lr                 : [3e-06]


Epoch : 71
Train MSE Loss     : 1.00001407	 | 	Train MAPE Loss     : 0.30987087
Valid MSE Loss     : 0.00001591	 | 	Valid MAPE Loss     : 0.33714134
lr                 : [3e-06]


Epoch : 72
Train MSE Loss     : 1.00001478	 | 	Train MAPE Loss     : 0.33231041
Valid MSE Loss     : 0.00001328	 | 	Valid MAPE Loss     : 0.32355535
lr                 : [3e-06]


Epoch : 73
Train MSE Loss     : 1.00000787	 | 	Train MAPE Loss     : 0.23119740
Valid MSE Loss     : 0.00001331	 | 	Valid MAPE Loss     : 0.30785039
lr                 : [3e-06]


Epoch : 74
Train MSE Loss     : 1.00001240	 | 	Train MAPE Loss     : 0.30560413
Valid MSE Loss     : 0.00001114	 | 	Valid MAPE Loss     : 0.28014424
lr                 : [3e-06]


Epoch : 75
Train MSE Loss     : 1.00001216	 | 	Train MAPE Loss     : 0.30282810
Valid MSE Loss     : 0.00001137	 | 	Valid MAPE Loss     : 0.28263676
lr                 : [3e-06]


Epoch : 76
Train MSE Loss     : 1.00002372	 | 	Train MAPE Loss     : 0.43035004
Valid MSE Loss     : 0.00001858	 | 	Valid MAPE Loss     : 0.38252109
lr                 : [3e-06]


Epoch : 77
Train MSE Loss     : 1.00001490	 | 	Train MAPE Loss     : 0.31572700
Valid MSE Loss     : 0.00001047	 | 	Valid MAPE Loss     : 0.27115834
lr                 : [3e-06]


Epoch : 78
Train MSE Loss     : 1.00001228	 | 	Train MAPE Loss     : 0.30033401
Valid MSE Loss     : 0.00001502	 | 	Valid MAPE Loss     : 0.32534328
lr                 : [3e-06]


Epoch : 79
Train MSE Loss     : 1.00001252	 | 	Train MAPE Loss     : 0.28756845
Valid MSE Loss     : 0.00001188	 | 	Valid MAPE Loss     : 0.29510227
lr                 : [3e-06]


Epoch : 80
Train MSE Loss     : 1.00001144	 | 	Train MAPE Loss     : 0.29956856
Valid MSE Loss     : 0.00001280	 | 	Valid MAPE Loss     : 0.30082792
lr                 : [3e-06]


Epoch : 81
Train MSE Loss     : 1.00001287	 | 	Train MAPE Loss     : 0.31856179
Valid MSE Loss     : 0.00001082	 | 	Valid MAPE Loss     : 0.27302855
lr                 : [3e-06]


Epoch : 82
Train MSE Loss     : 1.00001657	 | 	Train MAPE Loss     : 0.35331148
Valid MSE Loss     : 0.00002598	 | 	Valid MAPE Loss     : 0.45929870
lr                 : [3e-06]


Epoch : 83
Train MSE Loss     : 1.00001252	 | 	Train MAPE Loss     : 0.31453162
Valid MSE Loss     : 0.00001327	 | 	Valid MAPE Loss     : 0.30281860
lr                 : [3e-06]


Epoch : 84
Train MSE Loss     : 1.00001681	 | 	Train MAPE Loss     : 0.34576496
Valid MSE Loss     : 0.00001509	 | 	Valid MAPE Loss     : 0.34345952
lr                 : [3e-06]


Epoch : 85
Train MSE Loss     : 1.00004089	 | 	Train MAPE Loss     : 0.60470128
Valid MSE Loss     : 0.00001823	 | 	Valid MAPE Loss     : 0.35925671
lr                 : [3e-06]


Epoch : 86
Train MSE Loss     : 1.00002658	 | 	Train MAPE Loss     : 0.45056459
Valid MSE Loss     : 0.00001453	 | 	Valid MAPE Loss     : 0.32451701
lr                 : [3e-06]


Epoch : 87
Train MSE Loss     : 1.00001287	 | 	Train MAPE Loss     : 0.29251283
Valid MSE Loss     : 0.00001834	 | 	Valid MAPE Loss     : 0.37148601
lr                 : [3e-06]


Epoch : 88
Train MSE Loss     : 1.00002098	 | 	Train MAPE Loss     : 0.41569135
Valid MSE Loss     : 0.00001058	 | 	Valid MAPE Loss     : 0.27632976
lr                 : [3.0000000000000004e-07]


Epoch : 89
Train MSE Loss     : 1.00001240	 | 	Train MAPE Loss     : 0.30743435
Valid MSE Loss     : 0.00001045	 | 	Valid MAPE Loss     : 0.27025807
lr                 : [3.0000000000000004e-07]


Epoch : 90
Train MSE Loss     : 1.00000834	 | 	Train MAPE Loss     : 0.24525340
Valid MSE Loss     : 0.00000989	 | 	Valid MAPE Loss     : 0.26544690
lr                 : [3.0000000000000004e-07]


Epoch : 91
Train MSE Loss     : 1.00001323	 | 	Train MAPE Loss     : 0.32667115
Valid MSE Loss     : 0.00001251	 | 	Valid MAPE Loss     : 0.30321619
lr                 : [3.0000000000000004e-07]


Epoch : 92
Train MSE Loss     : 1.00000894	 | 	Train MAPE Loss     : 0.26320598
Valid MSE Loss     : 0.00001083	 | 	Valid MAPE Loss     : 0.27903804
lr                 : [3.0000000000000004e-07]


Epoch : 93
Train MSE Loss     : 1.00001168	 | 	Train MAPE Loss     : 0.29886839
Valid MSE Loss     : 0.00001115	 | 	Valid MAPE Loss     : 0.28063995
lr                 : [3.0000000000000004e-07]


Epoch : 94
Train MSE Loss     : 1.00001073	 | 	Train MAPE Loss     : 0.27656004
Valid MSE Loss     : 0.00001020	 | 	Valid MAPE Loss     : 0.26585147
lr                 : [3.0000000000000004e-07]


Epoch : 95
Train MSE Loss     : 1.00001073	 | 	Train MAPE Loss     : 0.26756141
Valid MSE Loss     : 0.00001233	 | 	Valid MAPE Loss     : 0.30264086
lr                 : [3.0000000000000004e-07]


Epoch : 96
Train MSE Loss     : 1.00000727	 | 	Train MAPE Loss     : 0.22068623
Valid MSE Loss     : 0.00001040	 | 	Valid MAPE Loss     : 0.26920491
lr                 : [3.0000000000000004e-07]


Epoch : 97
Train MSE Loss     : 1.00001228	 | 	Train MAPE Loss     : 0.30572727
Valid MSE Loss     : 0.00001042	 | 	Valid MAPE Loss     : 0.27171111
lr                 : [3.0000000000000004e-07]


Epoch : 98
Train MSE Loss     : 1.00001383	 | 	Train MAPE Loss     : 0.32455048
Valid MSE Loss     : 0.00000974	 | 	Valid MAPE Loss     : 0.25898638
lr                 : [3.0000000000000004e-07]


Epoch : 99
Train MSE Loss     : 1.00000834	 | 	Train MAPE Loss     : 0.23691250
Valid MSE Loss     : 0.00001088	 | 	Valid MAPE Loss     : 0.27743477
lr                 : [3.0000000000000004e-07]


Epoch : 100
Train MSE Loss     : 1.00001276	 | 	Train MAPE Loss     : 0.30756742
Valid MSE Loss     : 0.00001143	 | 	Valid MAPE Loss     : 0.28344268
lr                 : [3.0000000000000004e-07]


Epoch : 101
Train MSE Loss     : 1.00001395	 | 	Train MAPE Loss     : 0.30934045
Valid MSE Loss     : 0.00001146	 | 	Valid MAPE Loss     : 0.28419647
lr                 : [3.0000000000000004e-07]


Epoch : 102
Train MSE Loss     : 1.00001073	 | 	Train MAPE Loss     : 0.28337482
Valid MSE Loss     : 0.00001283	 | 	Valid MAPE Loss     : 0.30510464
lr                 : [3.0000000000000004e-07]


Epoch : 103
Train MSE Loss     : 1.00000930	 | 	Train MAPE Loss     : 0.25293425
Valid MSE Loss     : 0.00001016	 | 	Valid MAPE Loss     : 0.26716954
lr                 : [3.0000000000000004e-07]


Epoch : 104
Train MSE Loss     : 1.00001395	 | 	Train MAPE Loss     : 0.32178128
Valid MSE Loss     : 0.00001063	 | 	Valid MAPE Loss     : 0.27581650
lr                 : [3.0000000000000004e-07]


Epoch : 105
Train MSE Loss     : 1.00001168	 | 	Train MAPE Loss     : 0.29297104
Valid MSE Loss     : 0.00001190	 | 	Valid MAPE Loss     : 0.29025257
lr                 : [3.0000000000000004e-07]


Epoch : 106
Train MSE Loss     : 1.00001049	 | 	Train MAPE Loss     : 0.27250829
Valid MSE Loss     : 0.00001102	 | 	Valid MAPE Loss     : 0.28236157
lr                 : [3.0000000000000004e-07]


Epoch : 107
Train MSE Loss     : 1.00001180	 | 	Train MAPE Loss     : 0.28329358
Valid MSE Loss     : 0.00001288	 | 	Valid MAPE Loss     : 0.31000489
lr                 : [3.0000000000000004e-07]


Epoch : 108
Train MSE Loss     : 1.00000954	 | 	Train MAPE Loss     : 0.25122738
Valid MSE Loss     : 0.00001106	 | 	Valid MAPE Loss     : 0.27995032
lr                 : [3.0000000000000004e-07]


Epoch : 109
Train MSE Loss     : 1.00001299	 | 	Train MAPE Loss     : 0.29207778
Valid MSE Loss     : 0.00001027	 | 	Valid MAPE Loss     : 0.26938748
lr                 : [3.0000000000000004e-08]


Epoch : 110
Train MSE Loss     : 1.00000978	 | 	Train MAPE Loss     : 0.26322752
Valid MSE Loss     : 0.00001123	 | 	Valid MAPE Loss     : 0.28647515
lr                 : [3.0000000000000004e-08]


Epoch : 111
Train MSE Loss     : 1.00000870	 | 	Train MAPE Loss     : 0.25301433
Valid MSE Loss     : 0.00001174	 | 	Valid MAPE Loss     : 0.28697625
lr                 : [3.0000000000000004e-08]


Epoch : 112
Train MSE Loss     : 1.00001192	 | 	Train MAPE Loss     : 0.28891337
Valid MSE Loss     : 0.00001226	 | 	Valid MAPE Loss     : 0.30474541
lr                 : [3.0000000000000004e-08]


Epoch : 113
Train MSE Loss     : 1.00001931	 | 	Train MAPE Loss     : 0.38519660
Valid MSE Loss     : 0.00001223	 | 	Valid MAPE Loss     : 0.30599707
lr                 : [3.0000000000000004e-08]


Epoch : 114
Train MSE Loss     : 1.00001049	 | 	Train MAPE Loss     : 0.27735090
Valid MSE Loss     : 0.00001024	 | 	Valid MAPE Loss     : 0.27115467
lr                 : [3.0000000000000004e-08]


Epoch : 115
Train MSE Loss     : 1.00001168	 | 	Train MAPE Loss     : 0.28939202
Valid MSE Loss     : 0.00001122	 | 	Valid MAPE Loss     : 0.28455982
lr                 : [3.0000000000000004e-08]


Epoch : 116
Train MSE Loss     : 1.00000811	 | 	Train MAPE Loss     : 0.23887107
Valid MSE Loss     : 0.00001243	 | 	Valid MAPE Loss     : 0.30129415
lr                 : [3.0000000000000004e-08]


Epoch : 117
Train MSE Loss     : 1.00000846	 | 	Train MAPE Loss     : 0.24267603
Valid MSE Loss     : 0.00001022	 | 	Valid MAPE Loss     : 0.26777855
lr                 : [3.0000000000000004e-08]


Epoch : 118
Train MSE Loss     : 1.00000787	 | 	Train MAPE Loss     : 0.23344068
Valid MSE Loss     : 0.00001743	 | 	Valid MAPE Loss     : 0.36308563
lr                 : [3.0000000000000004e-08]


Epoch : 119
Train MSE Loss     : 1.00000858	 | 	Train MAPE Loss     : 0.25048843
Valid MSE Loss     : 0.00001005	 | 	Valid MAPE Loss     : 0.26374447
lr                 : [3.0000000000000004e-08]


Epoch : 120
Train MSE Loss     : 1.00001264	 | 	Train MAPE Loss     : 0.31047642
Valid MSE Loss     : 0.00001036	 | 	Valid MAPE Loss     : 0.26852217
lr                 : [3.0000000000000004e-09]


Epoch : 121
Train MSE Loss     : 1.00000858	 | 	Train MAPE Loss     : 0.25171643
Valid MSE Loss     : 0.00001017	 | 	Valid MAPE Loss     : 0.26864690
lr                 : [3.0000000000000004e-09]


Epoch : 122
Train MSE Loss     : 1.00001204	 | 	Train MAPE Loss     : 0.29882270
Valid MSE Loss     : 0.00001065	 | 	Valid MAPE Loss     : 0.27709398
lr                 : [3.0000000000000004e-09]


Epoch : 123
Train MSE Loss     : 1.00001192	 | 	Train MAPE Loss     : 0.30026144
Valid MSE Loss     : 0.00001004	 | 	Valid MAPE Loss     : 0.26653725
lr                 : [3.0000000000000004e-09]


Epoch : 124
Train MSE Loss     : 1.00001013	 | 	Train MAPE Loss     : 0.25655773
Valid MSE Loss     : 0.00001011	 | 	Valid MAPE Loss     : 0.26566413
lr                 : [3.0000000000000004e-09]


Epoch : 125
Train MSE Loss     : 1.00001013	 | 	Train MAPE Loss     : 0.28019333
Valid MSE Loss     : 0.00001516	 | 	Valid MAPE Loss     : 0.34758693
lr                 : [3.0000000000000004e-09]


Epoch : 126
Train MSE Loss     : 1.00001550	 | 	Train MAPE Loss     : 0.32458794
Valid MSE Loss     : 0.00001372	 | 	Valid MAPE Loss     : 0.31356016
lr                 : [3.0000000000000004e-09]


Epoch : 127
Train MSE Loss     : 1.00001013	 | 	Train MAPE Loss     : 0.27328458
Valid MSE Loss     : 0.00001035	 | 	Valid MAPE Loss     : 0.27295929
lr                 : [3.0000000000000004e-09]


Epoch : 128
Train MSE Loss     : 1.00001061	 | 	Train MAPE Loss     : 0.28901505
Valid MSE Loss     : 0.00000999	 | 	Valid MAPE Loss     : 0.26559138
lr                 : [3.0000000000000004e-09]


Epoch : 129
Train MSE Loss     : 1.00001800	 | 	Train MAPE Loss     : 0.39218584
Valid MSE Loss     : 0.00002212	 | 	Valid MAPE Loss     : 0.41852480
lr                 : [3.0000000000000004e-09]


Epoch : 130
Train MSE Loss     : 1.00000763	 | 	Train MAPE Loss     : 0.23000380
Valid MSE Loss     : 0.00001097	 | 	Valid MAPE Loss     : 0.27806330
lr                 : [3.0000000000000004e-09]


Epoch : 131
Train MSE Loss     : 1.00001347	 | 	Train MAPE Loss     : 0.28802565
Valid MSE Loss     : 0.00001450	 | 	Valid MAPE Loss     : 0.32497209
lr                 : [3.0000000000000004e-09]


Epoch : 132
Train MSE Loss     : 1.00001287	 | 	Train MAPE Loss     : 0.29646569
Valid MSE Loss     : 0.00001942	 | 	Valid MAPE Loss     : 0.39773086
lr                 : [3.0000000000000004e-09]


Epoch : 133
Train MSE Loss     : 1.00001407	 | 	Train MAPE Loss     : 0.33023307
Valid MSE Loss     : 0.00001087	 | 	Valid MAPE Loss     : 0.28038478
lr                 : [3.0000000000000004e-09]


Epoch : 134
Train MSE Loss     : 1.00000834	 | 	Train MAPE Loss     : 0.23104620
Valid MSE Loss     : 0.00000980	 | 	Valid MAPE Loss     : 0.26425129
lr                 : [3.0000000000000004e-09]


Epoch : 135
Train MSE Loss     : 1.00001061	 | 	Train MAPE Loss     : 0.28006873
Valid MSE Loss     : 0.00000982	 | 	Valid MAPE Loss     : 0.26255700
lr                 : [3.0000000000000004e-09]


Epoch : 136
Train MSE Loss     : 1.00001454	 | 	Train MAPE Loss     : 0.31225055
Valid MSE Loss     : 0.00001157	 | 	Valid MAPE Loss     : 0.29384923
lr                 : [3.0000000000000004e-09]


Epoch : 137
Train MSE Loss     : 1.00000918	 | 	Train MAPE Loss     : 0.25703996
Valid MSE Loss     : 0.00001403	 | 	Valid MAPE Loss     : 0.32792002
lr                 : [3.0000000000000004e-09]


Epoch : 138
Train MSE Loss     : 1.00000870	 | 	Train MAPE Loss     : 0.24644677
Valid MSE Loss     : 0.00001036	 | 	Valid MAPE Loss     : 0.26808706
lr                 : [3.0000000000000004e-09]


Epoch : 139
Train MSE Loss     : 1.00000894	 | 	Train MAPE Loss     : 0.23974660
Valid MSE Loss     : 0.00001023	 | 	Valid MAPE Loss     : 0.26868919
lr                 : [3.0000000000000004e-09]


Epoch : 140
Train MSE Loss     : 1.00001132	 | 	Train MAPE Loss     : 0.29041892
Valid MSE Loss     : 0.00000978	 | 	Valid MAPE Loss     : 0.26681146
lr                 : [3.0000000000000004e-09]


Epoch : 141
Train MSE Loss     : 1.00000858	 | 	Train MAPE Loss     : 0.24200046
Valid MSE Loss     : 0.00000999	 | 	Valid MAPE Loss     : 0.26417205
lr                 : [3.0000000000000004e-09]


Epoch : 142
Train MSE Loss     : 1.00001121	 | 	Train MAPE Loss     : 0.28011328
Valid MSE Loss     : 0.00001054	 | 	Valid MAPE Loss     : 0.27391320
lr                 : [3.0000000000000004e-09]


Epoch : 143
Train MSE Loss     : 1.00001621	 | 	Train MAPE Loss     : 0.34287876
Valid MSE Loss     : 0.00001088	 | 	Valid MAPE Loss     : 0.28402856
lr                 : [3.0000000000000004e-09]


Epoch : 144
Train MSE Loss     : 1.00000954	 | 	Train MAPE Loss     : 0.24318375
Valid MSE Loss     : 0.00001120	 | 	Valid MAPE Loss     : 0.28261849
lr                 : [3.0000000000000004e-09]


Epoch : 145
Train MSE Loss     : 1.00000858	 | 	Train MAPE Loss     : 0.24070778
Valid MSE Loss     : 0.00001104	 | 	Valid MAPE Loss     : 0.28125733
lr                 : [3.0000000000000004e-09]


Epoch : 146
Train MSE Loss     : 1.00000966	 | 	Train MAPE Loss     : 0.26595667
Valid MSE Loss     : 0.00001082	 | 	Valid MAPE Loss     : 0.27894413
lr                 : [3.0000000000000004e-09]


Epoch : 147
Train MSE Loss     : 1.00001323	 | 	Train MAPE Loss     : 0.31744567
Valid MSE Loss     : 0.00001378	 | 	Valid MAPE Loss     : 0.32819787
lr                 : [3.0000000000000004e-09]


Epoch : 148
Train MSE Loss     : 1.00001097	 | 	Train MAPE Loss     : 0.28257796
Valid MSE Loss     : 0.00001049	 | 	Valid MAPE Loss     : 0.27341473
lr                 : [3.0000000000000004e-09]


Epoch : 149
Train MSE Loss     : 1.00000823	 | 	Train MAPE Loss     : 0.24524574
Valid MSE Loss     : 0.00001059	 | 	Valid MAPE Loss     : 0.27510026
lr                 : [3.0000000000000004e-09]


Epoch : 150
Train MSE Loss     : 1.00001049	 | 	Train MAPE Loss     : 0.28328198
Valid MSE Loss     : 0.00001142	 | 	Valid MAPE Loss     : 0.28328836
lr                 : [3.0000000000000004e-09]


Evaluate on the Test set:
Test MAPE loss      :0.34874752	 | Test MSE loss      : 0.00001597

################## Training is Done! #########################
