=============================================
Dataset: cell_XJTU_batch6_prepocess_data
Mode:    supervised_with_contrast
=============================================
Training started ....

Epoch : 1
Train MSE Loss     : 1.06488276	 | 	Train MAPE Loss     : 13.41254234
Valid MSE Loss     : 0.00205278	 | 	Valid MAPE Loss     : 3.83481860
lr                 : [0.0003]


Epoch : 2
Train MSE Loss     : 1.00516379	 | 	Train MAPE Loss     : 6.12922907
Valid MSE Loss     : 0.00166693	 | 	Valid MAPE Loss     : 3.11616445
lr                 : [0.0003]


Epoch : 3
Train MSE Loss     : 1.00515866	 | 	Train MAPE Loss     : 6.02921343
Valid MSE Loss     : 0.00193581	 | 	Valid MAPE Loss     : 3.52056861
lr                 : [0.0003]


Epoch : 4
Train MSE Loss     : 1.00689995	 | 	Train MAPE Loss     : 7.34473753
Valid MSE Loss     : 0.00247799	 | 	Valid MAPE Loss     : 4.41220284
lr                 : [0.0003]


Epoch : 5
Train MSE Loss     : 1.00100124	 | 	Train MAPE Loss     : 2.66833019
Valid MSE Loss     : 0.00270039	 | 	Valid MAPE Loss     : 4.25686741
lr                 : [0.0003]


Epoch : 6
Train MSE Loss     : 1.00183737	 | 	Train MAPE Loss     : 3.90226412
Valid MSE Loss     : 0.00201436	 | 	Valid MAPE Loss     : 3.34559917
lr                 : [0.0003]


Epoch : 7
Train MSE Loss     : 1.00083530	 | 	Train MAPE Loss     : 2.43361473
Valid MSE Loss     : 0.00190879	 | 	Valid MAPE Loss     : 2.92608237
lr                 : [0.0003]


Epoch : 8
Train MSE Loss     : 1.00099707	 | 	Train MAPE Loss     : 2.76976609
Valid MSE Loss     : 0.00116049	 | 	Valid MAPE Loss     : 2.44127631
lr                 : [0.0003]


Epoch : 9
Train MSE Loss     : 1.00168240	 | 	Train MAPE Loss     : 3.55070329
Valid MSE Loss     : 0.00113679	 | 	Valid MAPE Loss     : 2.48958945
lr                 : [0.0003]


Epoch : 10
Train MSE Loss     : 1.00069690	 | 	Train MAPE Loss     : 2.27836347
Valid MSE Loss     : 0.00165363	 | 	Valid MAPE Loss     : 2.97723889
lr                 : [0.0003]


Epoch : 11
Train MSE Loss     : 1.00045812	 | 	Train MAPE Loss     : 1.81423628
Valid MSE Loss     : 0.00160214	 | 	Valid MAPE Loss     : 3.25365734
lr                 : [0.0003]


Epoch : 12
Train MSE Loss     : 1.00063753	 | 	Train MAPE Loss     : 2.19768906
Valid MSE Loss     : 0.00163211	 | 	Valid MAPE Loss     : 3.41308761
lr                 : [0.0003]


Epoch : 13
Train MSE Loss     : 1.00076747	 | 	Train MAPE Loss     : 2.38968539
Valid MSE Loss     : 0.00092536	 | 	Valid MAPE Loss     : 2.29076719
lr                 : [0.0003]


Epoch : 14
Train MSE Loss     : 1.00071764	 | 	Train MAPE Loss     : 2.38164043
Valid MSE Loss     : 0.00289386	 | 	Valid MAPE Loss     : 4.86419678
lr                 : [0.0003]


Epoch : 15
Train MSE Loss     : 1.00086224	 | 	Train MAPE Loss     : 2.51063895
Valid MSE Loss     : 0.00152348	 | 	Valid MAPE Loss     : 2.84106255
lr                 : [0.0003]


Epoch : 16
Train MSE Loss     : 1.00035965	 | 	Train MAPE Loss     : 1.59577239
Valid MSE Loss     : 0.00271042	 | 	Valid MAPE Loss     : 4.78127480
lr                 : [0.0003]


Epoch : 17
Train MSE Loss     : 1.00037694	 | 	Train MAPE Loss     : 1.66333783
Valid MSE Loss     : 0.00076825	 | 	Valid MAPE Loss     : 2.00278807
lr                 : [0.0003]


Epoch : 18
Train MSE Loss     : 1.00041938	 | 	Train MAPE Loss     : 1.76684439
Valid MSE Loss     : 0.00117674	 | 	Valid MAPE Loss     : 2.24856710
lr                 : [0.0003]


Epoch : 19
Train MSE Loss     : 1.00032616	 | 	Train MAPE Loss     : 1.51755989
Valid MSE Loss     : 0.00136432	 | 	Valid MAPE Loss     : 2.97695947
lr                 : [0.0003]


Epoch : 20
Train MSE Loss     : 1.00031304	 | 	Train MAPE Loss     : 1.50880826
Valid MSE Loss     : 0.00082984	 | 	Valid MAPE Loss     : 1.97522569
lr                 : [0.0003]


Epoch : 21
Train MSE Loss     : 1.00051129	 | 	Train MAPE Loss     : 1.98634207
Valid MSE Loss     : 0.00146409	 | 	Valid MAPE Loss     : 3.31989551
lr                 : [0.0003]


Epoch : 22
Train MSE Loss     : 1.00093162	 | 	Train MAPE Loss     : 2.69214869
Valid MSE Loss     : 0.00094975	 | 	Valid MAPE Loss     : 2.63463521
lr                 : [0.0003]


Epoch : 23
Train MSE Loss     : 1.00049758	 | 	Train MAPE Loss     : 1.92061877
Valid MSE Loss     : 0.00276201	 | 	Valid MAPE Loss     : 4.95928955
lr                 : [0.0003]


Epoch : 24
Train MSE Loss     : 1.00026679	 | 	Train MAPE Loss     : 1.37109888
Valid MSE Loss     : 0.00084176	 | 	Valid MAPE Loss     : 2.18093204
lr                 : [0.0003]


Epoch : 25
Train MSE Loss     : 1.00038517	 | 	Train MAPE Loss     : 1.69660401
Valid MSE Loss     : 0.00063016	 | 	Valid MAPE Loss     : 1.97593033
lr                 : [0.0003]


Epoch : 26
Train MSE Loss     : 1.00035715	 | 	Train MAPE Loss     : 1.63943374
Valid MSE Loss     : 0.00091029	 | 	Valid MAPE Loss     : 2.16547132
lr                 : [0.0003]


Epoch : 27
Train MSE Loss     : 1.00026202	 | 	Train MAPE Loss     : 1.35412323
Valid MSE Loss     : 0.00114845	 | 	Valid MAPE Loss     : 2.65328836
lr                 : [0.0003]


Epoch : 28
Train MSE Loss     : 1.00026429	 | 	Train MAPE Loss     : 1.35788512
Valid MSE Loss     : 0.00071884	 | 	Valid MAPE Loss     : 2.07348490
lr                 : [0.0003]


Epoch : 29
Train MSE Loss     : 1.00048566	 | 	Train MAPE Loss     : 1.94496536
Valid MSE Loss     : 0.00055131	 | 	Valid MAPE Loss     : 1.75090158
lr                 : [0.0003]


Epoch : 30
Train MSE Loss     : 1.00023031	 | 	Train MAPE Loss     : 1.27205968
Valid MSE Loss     : 0.00095904	 | 	Valid MAPE Loss     : 2.23470187
lr                 : [0.0003]


Epoch : 31
Train MSE Loss     : 1.00040042	 | 	Train MAPE Loss     : 1.77013159
Valid MSE Loss     : 0.00113146	 | 	Valid MAPE Loss     : 2.69094682
lr                 : [0.0003]


Epoch : 32
Train MSE Loss     : 1.00024772	 | 	Train MAPE Loss     : 1.33254874
Valid MSE Loss     : 0.00100967	 | 	Valid MAPE Loss     : 2.24241376
lr                 : [0.0003]


Epoch : 33
Train MSE Loss     : 1.00023651	 | 	Train MAPE Loss     : 1.30057025
Valid MSE Loss     : 0.00363076	 | 	Valid MAPE Loss     : 5.85018730
lr                 : [0.0003]


Epoch : 34
Train MSE Loss     : 1.00024903	 | 	Train MAPE Loss     : 1.32783198
Valid MSE Loss     : 0.00102201	 | 	Valid MAPE Loss     : 2.31197357
lr                 : [0.0003]


Epoch : 35
Train MSE Loss     : 1.00028849	 | 	Train MAPE Loss     : 1.44363022
Valid MSE Loss     : 0.00126417	 | 	Valid MAPE Loss     : 2.85728240
lr                 : [0.0003]


Epoch : 36
Train MSE Loss     : 1.00023818	 | 	Train MAPE Loss     : 1.32611418
Valid MSE Loss     : 0.00107848	 | 	Valid MAPE Loss     : 2.47418308
lr                 : [0.0003]


Epoch : 37
Train MSE Loss     : 1.00023770	 | 	Train MAPE Loss     : 1.28763986
Valid MSE Loss     : 0.00069675	 | 	Valid MAPE Loss     : 1.96764457
lr                 : [0.0003]


Epoch : 38
Train MSE Loss     : 1.00020909	 | 	Train MAPE Loss     : 1.21733844
Valid MSE Loss     : 0.00157669	 | 	Valid MAPE Loss     : 3.40875340
lr                 : [0.0003]


Epoch : 39
Train MSE Loss     : 1.00038862	 | 	Train MAPE Loss     : 1.71519423
Valid MSE Loss     : 0.00144613	 | 	Valid MAPE Loss     : 2.77325463
lr                 : [0.0003]


Epoch : 40
Train MSE Loss     : 1.00044537	 | 	Train MAPE Loss     : 1.85873020
Valid MSE Loss     : 0.00107623	 | 	Valid MAPE Loss     : 2.50852275
lr                 : [2.9999999999999997e-05]


Epoch : 41
Train MSE Loss     : 1.00012231	 | 	Train MAPE Loss     : 0.91256881
Valid MSE Loss     : 0.00093583	 | 	Valid MAPE Loss     : 2.21115232
lr                 : [2.9999999999999997e-05]


Epoch : 42
Train MSE Loss     : 1.00011420	 | 	Train MAPE Loss     : 0.87340134
Valid MSE Loss     : 0.00110161	 | 	Valid MAPE Loss     : 2.51601720
lr                 : [2.9999999999999997e-05]


Epoch : 43
Train MSE Loss     : 1.00010705	 | 	Train MAPE Loss     : 0.84554869
Valid MSE Loss     : 0.00098281	 | 	Valid MAPE Loss     : 2.36203933
lr                 : [2.9999999999999997e-05]


Epoch : 44
Train MSE Loss     : 1.00010657	 | 	Train MAPE Loss     : 0.83566475
Valid MSE Loss     : 0.00078354	 | 	Valid MAPE Loss     : 1.92443800
lr                 : [2.9999999999999997e-05]


Epoch : 45
Train MSE Loss     : 1.00010467	 | 	Train MAPE Loss     : 0.84053159
Valid MSE Loss     : 0.00077912	 | 	Valid MAPE Loss     : 1.97132385
lr                 : [2.9999999999999997e-05]


Epoch : 46
Train MSE Loss     : 1.00010478	 | 	Train MAPE Loss     : 0.84186864
Valid MSE Loss     : 0.00069008	 | 	Valid MAPE Loss     : 1.76252007
lr                 : [2.9999999999999997e-05]


Epoch : 47
Train MSE Loss     : 1.00010014	 | 	Train MAPE Loss     : 0.82903713
Valid MSE Loss     : 0.00071942	 | 	Valid MAPE Loss     : 1.79851472
lr                 : [2.9999999999999997e-05]


Epoch : 48
Train MSE Loss     : 1.00013041	 | 	Train MAPE Loss     : 0.95989406
Valid MSE Loss     : 0.00088593	 | 	Valid MAPE Loss     : 2.14418292
lr                 : [2.9999999999999997e-05]


Epoch : 49
Train MSE Loss     : 1.00010419	 | 	Train MAPE Loss     : 0.82089227
Valid MSE Loss     : 0.00100678	 | 	Valid MAPE Loss     : 2.43877697
lr                 : [2.9999999999999997e-05]


Epoch : 50
Train MSE Loss     : 1.00009060	 | 	Train MAPE Loss     : 0.77165216
Valid MSE Loss     : 0.00084431	 | 	Valid MAPE Loss     : 2.11011481
lr                 : [2.9999999999999997e-05]


Epoch : 51
Train MSE Loss     : 1.00009453	 | 	Train MAPE Loss     : 0.78575903
Valid MSE Loss     : 0.00072647	 | 	Valid MAPE Loss     : 1.72822142
lr                 : [2.9999999999999997e-05]


Epoch : 52
Train MSE Loss     : 1.00009561	 | 	Train MAPE Loss     : 0.80254757
Valid MSE Loss     : 0.00080523	 | 	Valid MAPE Loss     : 1.86373413
lr                 : [2.9999999999999997e-05]


Epoch : 53
Train MSE Loss     : 1.00008762	 | 	Train MAPE Loss     : 0.75630885
Valid MSE Loss     : 0.00100911	 | 	Valid MAPE Loss     : 2.45436907
lr                 : [2.9999999999999997e-05]


Epoch : 54
Train MSE Loss     : 1.00009322	 | 	Train MAPE Loss     : 0.78551996
Valid MSE Loss     : 0.00109234	 | 	Valid MAPE Loss     : 2.64944887
lr                 : [2.9999999999999997e-05]


Epoch : 55
Train MSE Loss     : 1.00008988	 | 	Train MAPE Loss     : 0.76724648
Valid MSE Loss     : 0.00088623	 | 	Valid MAPE Loss     : 2.28327775
lr                 : [2.9999999999999997e-05]


Epoch : 56
Train MSE Loss     : 1.00009334	 | 	Train MAPE Loss     : 0.78735197
Valid MSE Loss     : 0.00090941	 | 	Valid MAPE Loss     : 2.29109001
lr                 : [2.9999999999999997e-05]


Epoch : 57
Train MSE Loss     : 1.00010812	 | 	Train MAPE Loss     : 0.86713415
Valid MSE Loss     : 0.00068961	 | 	Valid MAPE Loss     : 1.79204178
lr                 : [2.9999999999999997e-05]


Epoch : 58
Train MSE Loss     : 1.00010109	 | 	Train MAPE Loss     : 0.82959366
Valid MSE Loss     : 0.00098785	 | 	Valid MAPE Loss     : 2.38254142
lr                 : [2.9999999999999997e-05]


Epoch : 59
Train MSE Loss     : 1.00008559	 | 	Train MAPE Loss     : 0.75465131
Valid MSE Loss     : 0.00080682	 | 	Valid MAPE Loss     : 2.02364039
lr                 : [2.9999999999999997e-05]


Epoch : 60
Train MSE Loss     : 1.00009549	 | 	Train MAPE Loss     : 0.79893202
Valid MSE Loss     : 0.00094762	 | 	Valid MAPE Loss     : 2.40647364
lr                 : [2.9999999999999997e-05]


Epoch : 61
Train MSE Loss     : 1.00007999	 | 	Train MAPE Loss     : 0.72553134
Valid MSE Loss     : 0.00100399	 | 	Valid MAPE Loss     : 2.55295658
lr                 : [2.9999999999999997e-05]


Epoch : 62
Train MSE Loss     : 1.00009012	 | 	Train MAPE Loss     : 0.76339209
Valid MSE Loss     : 0.00081457	 | 	Valid MAPE Loss     : 2.08430171
lr                 : [3e-06]


Epoch : 63
Train MSE Loss     : 1.00007963	 | 	Train MAPE Loss     : 0.71217477
Valid MSE Loss     : 0.00086965	 | 	Valid MAPE Loss     : 2.26919460
lr                 : [3e-06]


Epoch : 64
Train MSE Loss     : 1.00007367	 | 	Train MAPE Loss     : 0.68610680
Valid MSE Loss     : 0.00088193	 | 	Valid MAPE Loss     : 2.27370262
lr                 : [3e-06]


Epoch : 65
Train MSE Loss     : 1.00007224	 | 	Train MAPE Loss     : 0.68535626
Valid MSE Loss     : 0.00078791	 | 	Valid MAPE Loss     : 2.16782236
lr                 : [3e-06]


Epoch : 66
Train MSE Loss     : 1.00007224	 | 	Train MAPE Loss     : 0.68247676
Valid MSE Loss     : 0.00078030	 | 	Valid MAPE Loss     : 2.09503675
lr                 : [3e-06]


Epoch : 67
Train MSE Loss     : 1.00007224	 | 	Train MAPE Loss     : 0.68339735
Valid MSE Loss     : 0.00071748	 | 	Valid MAPE Loss     : 1.92125785
lr                 : [3e-06]


Epoch : 68
Train MSE Loss     : 1.00007570	 | 	Train MAPE Loss     : 0.69897640
Valid MSE Loss     : 0.00077926	 | 	Valid MAPE Loss     : 2.02546453
lr                 : [3e-06]


Epoch : 69
Train MSE Loss     : 1.00007188	 | 	Train MAPE Loss     : 0.67601830
Valid MSE Loss     : 0.00075330	 | 	Valid MAPE Loss     : 2.10042286
lr                 : [3e-06]


Epoch : 70
Train MSE Loss     : 1.00007331	 | 	Train MAPE Loss     : 0.68033952
Valid MSE Loss     : 0.00078570	 | 	Valid MAPE Loss     : 2.14017367
lr                 : [3e-06]


Epoch : 71
Train MSE Loss     : 1.00007534	 | 	Train MAPE Loss     : 0.69722545
Valid MSE Loss     : 0.00072999	 | 	Valid MAPE Loss     : 1.96193290
lr                 : [3e-06]


Epoch : 72
Train MSE Loss     : 1.00006855	 | 	Train MAPE Loss     : 0.65674716
Valid MSE Loss     : 0.00079416	 | 	Valid MAPE Loss     : 2.14764619
lr                 : [3e-06]


Epoch : 73
Train MSE Loss     : 1.00007308	 | 	Train MAPE Loss     : 0.68648618
Valid MSE Loss     : 0.00086717	 | 	Valid MAPE Loss     : 2.33672619
lr                 : [3.0000000000000004e-07]


Epoch : 74
Train MSE Loss     : 1.00007367	 | 	Train MAPE Loss     : 0.69721889
Valid MSE Loss     : 0.00080494	 | 	Valid MAPE Loss     : 2.12445331
lr                 : [3.0000000000000004e-07]


Epoch : 75
Train MSE Loss     : 1.00007451	 | 	Train MAPE Loss     : 0.69433349
Valid MSE Loss     : 0.00083528	 | 	Valid MAPE Loss     : 2.22428751
lr                 : [3.0000000000000004e-07]


Epoch : 76
Train MSE Loss     : 1.00006926	 | 	Train MAPE Loss     : 0.66389519
Valid MSE Loss     : 0.00080429	 | 	Valid MAPE Loss     : 2.09536362
lr                 : [3.0000000000000004e-07]


Epoch : 77
Train MSE Loss     : 1.00007319	 | 	Train MAPE Loss     : 0.69332492
Valid MSE Loss     : 0.00079171	 | 	Valid MAPE Loss     : 2.08583093
lr                 : [3.0000000000000004e-07]


Epoch : 78
Train MSE Loss     : 1.00006950	 | 	Train MAPE Loss     : 0.66387832
Valid MSE Loss     : 0.00083231	 | 	Valid MAPE Loss     : 2.17787242
lr                 : [3.0000000000000004e-07]


Epoch : 79
Train MSE Loss     : 1.00007236	 | 	Train MAPE Loss     : 0.68468851
Valid MSE Loss     : 0.00078891	 | 	Valid MAPE Loss     : 2.13197517
lr                 : [3.0000000000000004e-07]


Epoch : 80
Train MSE Loss     : 1.00006938	 | 	Train MAPE Loss     : 0.66658682
Valid MSE Loss     : 0.00078416	 | 	Valid MAPE Loss     : 2.11383700
lr                 : [3.0000000000000004e-07]


Epoch : 81
Train MSE Loss     : 1.00007045	 | 	Train MAPE Loss     : 0.67881387
Valid MSE Loss     : 0.00079719	 | 	Valid MAPE Loss     : 2.10654020
lr                 : [3.0000000000000004e-07]


Epoch : 82
Train MSE Loss     : 1.00007749	 | 	Train MAPE Loss     : 0.70551145
Valid MSE Loss     : 0.00074281	 | 	Valid MAPE Loss     : 2.02896023
lr                 : [3.0000000000000004e-07]


Epoch : 83
Train MSE Loss     : 1.00006843	 | 	Train MAPE Loss     : 0.65780330
Valid MSE Loss     : 0.00077947	 | 	Valid MAPE Loss     : 2.09400892
lr                 : [3.0000000000000004e-07]


Epoch : 84
Train MSE Loss     : 1.00006878	 | 	Train MAPE Loss     : 0.65777659
Valid MSE Loss     : 0.00080004	 | 	Valid MAPE Loss     : 2.12191772
lr                 : [3.0000000000000004e-08]


Epoch : 85
Train MSE Loss     : 1.00007176	 | 	Train MAPE Loss     : 0.67014533
Valid MSE Loss     : 0.00079668	 | 	Valid MAPE Loss     : 2.15671253
lr                 : [3.0000000000000004e-08]


Epoch : 86
Train MSE Loss     : 1.00007033	 | 	Train MAPE Loss     : 0.67210633
Valid MSE Loss     : 0.00082568	 | 	Valid MAPE Loss     : 2.19944549
lr                 : [3.0000000000000004e-08]


Epoch : 87
Train MSE Loss     : 1.00007260	 | 	Train MAPE Loss     : 0.67834085
Valid MSE Loss     : 0.00081124	 | 	Valid MAPE Loss     : 2.14462519
lr                 : [3.0000000000000004e-08]


Epoch : 88
Train MSE Loss     : 1.00007546	 | 	Train MAPE Loss     : 0.70201945
Valid MSE Loss     : 0.00077016	 | 	Valid MAPE Loss     : 2.04935360
lr                 : [3.0000000000000004e-08]


Epoch : 89
Train MSE Loss     : 1.00006926	 | 	Train MAPE Loss     : 0.66240108
Valid MSE Loss     : 0.00091908	 | 	Valid MAPE Loss     : 2.33048153
lr                 : [3.0000000000000004e-08]


Epoch : 90
Train MSE Loss     : 1.00007141	 | 	Train MAPE Loss     : 0.67184269
Valid MSE Loss     : 0.00084419	 | 	Valid MAPE Loss     : 2.13532591
lr                 : [3.0000000000000004e-08]


Epoch : 91
Train MSE Loss     : 1.00007153	 | 	Train MAPE Loss     : 0.67077768
Valid MSE Loss     : 0.00081275	 | 	Valid MAPE Loss     : 2.13411999
lr                 : [3.0000000000000004e-08]


Epoch : 92
Train MSE Loss     : 1.00006747	 | 	Train MAPE Loss     : 0.66473842
Valid MSE Loss     : 0.00074266	 | 	Valid MAPE Loss     : 2.05281162
lr                 : [3.0000000000000004e-08]


Epoch : 93
Train MSE Loss     : 1.00006866	 | 	Train MAPE Loss     : 0.66531891
Valid MSE Loss     : 0.00080641	 | 	Valid MAPE Loss     : 2.16426682
lr                 : [3.0000000000000004e-08]


Epoch : 94
Train MSE Loss     : 1.00006914	 | 	Train MAPE Loss     : 0.66995347
Valid MSE Loss     : 0.00080662	 | 	Valid MAPE Loss     : 2.16514492
lr                 : [3.0000000000000004e-08]


Epoch : 95
Train MSE Loss     : 1.00007319	 | 	Train MAPE Loss     : 0.68005496
Valid MSE Loss     : 0.00082678	 | 	Valid MAPE Loss     : 2.16443872
lr                 : [3.0000000000000004e-09]


Epoch : 96
Train MSE Loss     : 1.00007463	 | 	Train MAPE Loss     : 0.69018066
Valid MSE Loss     : 0.00083348	 | 	Valid MAPE Loss     : 2.16864777
lr                 : [3.0000000000000004e-09]


Epoch : 97
Train MSE Loss     : 1.00007224	 | 	Train MAPE Loss     : 0.66995549
Valid MSE Loss     : 0.00082929	 | 	Valid MAPE Loss     : 2.18368196
lr                 : [3.0000000000000004e-09]


Epoch : 98
Train MSE Loss     : 1.00007415	 | 	Train MAPE Loss     : 0.69165653
Valid MSE Loss     : 0.00071573	 | 	Valid MAPE Loss     : 2.04080582
lr                 : [3.0000000000000004e-09]


Epoch : 99
Train MSE Loss     : 1.00007284	 | 	Train MAPE Loss     : 0.67926621
Valid MSE Loss     : 0.00075252	 | 	Valid MAPE Loss     : 2.02876139
lr                 : [3.0000000000000004e-09]


Epoch : 100
Train MSE Loss     : 1.00006938	 | 	Train MAPE Loss     : 0.66303718
Valid MSE Loss     : 0.00079922	 | 	Valid MAPE Loss     : 2.11285400
lr                 : [3.0000000000000004e-09]


Epoch : 101
Train MSE Loss     : 1.00006855	 | 	Train MAPE Loss     : 0.66185057
Valid MSE Loss     : 0.00080233	 | 	Valid MAPE Loss     : 2.11572051
lr                 : [3.0000000000000004e-09]


Epoch : 102
Train MSE Loss     : 1.00006747	 | 	Train MAPE Loss     : 0.65977818
Valid MSE Loss     : 0.00074874	 | 	Valid MAPE Loss     : 2.03961039
lr                 : [3.0000000000000004e-09]


Epoch : 103
Train MSE Loss     : 1.00007176	 | 	Train MAPE Loss     : 0.67733359
Valid MSE Loss     : 0.00076812	 | 	Valid MAPE Loss     : 2.10233402
lr                 : [3.0000000000000004e-09]


Epoch : 104
Train MSE Loss     : 1.00006986	 | 	Train MAPE Loss     : 0.66788781
Valid MSE Loss     : 0.00080424	 | 	Valid MAPE Loss     : 2.14474154
lr                 : [3.0000000000000004e-09]


Epoch : 105
Train MSE Loss     : 1.00006926	 | 	Train MAPE Loss     : 0.66102093
Valid MSE Loss     : 0.00076510	 | 	Valid MAPE Loss     : 2.12470841
lr                 : [3.0000000000000004e-09]


Epoch : 106
Train MSE Loss     : 1.00007248	 | 	Train MAPE Loss     : 0.68123394
Valid MSE Loss     : 0.00080187	 | 	Valid MAPE Loss     : 2.10208488
lr                 : [3.0000000000000004e-09]


Epoch : 107
Train MSE Loss     : 1.00007308	 | 	Train MAPE Loss     : 0.67894864
Valid MSE Loss     : 0.00088068	 | 	Valid MAPE Loss     : 2.25108004
lr                 : [3.0000000000000004e-09]


Epoch : 108
Train MSE Loss     : 1.00007296	 | 	Train MAPE Loss     : 0.67945451
Valid MSE Loss     : 0.00081031	 | 	Valid MAPE Loss     : 2.14867139
lr                 : [3.0000000000000004e-09]


Epoch : 109
Train MSE Loss     : 1.00007105	 | 	Train MAPE Loss     : 0.67453313
Valid MSE Loss     : 0.00077786	 | 	Valid MAPE Loss     : 2.11255312
lr                 : [3.0000000000000004e-09]


Epoch : 110
Train MSE Loss     : 1.00007045	 | 	Train MAPE Loss     : 0.67159724
Valid MSE Loss     : 0.00081372	 | 	Valid MAPE Loss     : 2.16502976
lr                 : [3.0000000000000004e-09]


Epoch : 111
Train MSE Loss     : 1.00007141	 | 	Train MAPE Loss     : 0.67626035
Valid MSE Loss     : 0.00075287	 | 	Valid MAPE Loss     : 2.06949902
lr                 : [3.0000000000000004e-09]


Epoch : 112
Train MSE Loss     : 1.00007451	 | 	Train MAPE Loss     : 0.69427991
Valid MSE Loss     : 0.00080988	 | 	Valid MAPE Loss     : 2.19129658
lr                 : [3.0000000000000004e-09]


Epoch : 113
Train MSE Loss     : 1.00006938	 | 	Train MAPE Loss     : 0.67194325
Valid MSE Loss     : 0.00082240	 | 	Valid MAPE Loss     : 2.17606282
lr                 : [3.0000000000000004e-09]


Epoch : 114
Train MSE Loss     : 1.00007236	 | 	Train MAPE Loss     : 0.67665136
Valid MSE Loss     : 0.00076046	 | 	Valid MAPE Loss     : 2.08252358
lr                 : [3.0000000000000004e-09]


Epoch : 115
Train MSE Loss     : 1.00007439	 | 	Train MAPE Loss     : 0.68785322
Valid MSE Loss     : 0.00079660	 | 	Valid MAPE Loss     : 2.09105921
lr                 : [3.0000000000000004e-09]


Epoch : 116
Train MSE Loss     : 1.00007141	 | 	Train MAPE Loss     : 0.67224568
Valid MSE Loss     : 0.00072087	 | 	Valid MAPE Loss     : 2.02403450
lr                 : [3.0000000000000004e-09]


Epoch : 117
Train MSE Loss     : 1.00006938	 | 	Train MAPE Loss     : 0.66793311
Valid MSE Loss     : 0.00076887	 | 	Valid MAPE Loss     : 2.06725645
lr                 : [3.0000000000000004e-09]


Epoch : 118
Train MSE Loss     : 1.00006592	 | 	Train MAPE Loss     : 0.64881265
Valid MSE Loss     : 0.00078937	 | 	Valid MAPE Loss     : 2.11649418
lr                 : [3.0000000000000004e-09]


Epoch : 119
Train MSE Loss     : 1.00007772	 | 	Train MAPE Loss     : 0.70743471
Valid MSE Loss     : 0.00075397	 | 	Valid MAPE Loss     : 2.07811522
lr                 : [3.0000000000000004e-09]


Epoch : 120
Train MSE Loss     : 1.00006914	 | 	Train MAPE Loss     : 0.65974331
Valid MSE Loss     : 0.00080063	 | 	Valid MAPE Loss     : 2.13546371
lr                 : [3.0000000000000004e-09]


Epoch : 121
Train MSE Loss     : 1.00006986	 | 	Train MAPE Loss     : 0.66474509
Valid MSE Loss     : 0.00080036	 | 	Valid MAPE Loss     : 2.13279295
lr                 : [3.0000000000000004e-09]


Epoch : 122
Train MSE Loss     : 1.00007260	 | 	Train MAPE Loss     : 0.68038112
Valid MSE Loss     : 0.00081344	 | 	Valid MAPE Loss     : 2.18710709
lr                 : [3.0000000000000004e-09]


Epoch : 123
Train MSE Loss     : 1.00007224	 | 	Train MAPE Loss     : 0.67903864
Valid MSE Loss     : 0.00078534	 | 	Valid MAPE Loss     : 2.12644839
lr                 : [3.0000000000000004e-09]


Epoch : 124
Train MSE Loss     : 1.00006914	 | 	Train MAPE Loss     : 0.66635311
Valid MSE Loss     : 0.00076253	 | 	Valid MAPE Loss     : 2.06770110
lr                 : [3.0000000000000004e-09]


Epoch : 125
Train MSE Loss     : 1.00007737	 | 	Train MAPE Loss     : 0.70673692
Valid MSE Loss     : 0.00087265	 | 	Valid MAPE Loss     : 2.28239107
lr                 : [3.0000000000000004e-09]


Epoch : 126
Train MSE Loss     : 1.00007260	 | 	Train MAPE Loss     : 0.67984700
Valid MSE Loss     : 0.00077518	 | 	Valid MAPE Loss     : 2.09767580
lr                 : [3.0000000000000004e-09]


Epoch : 127
Train MSE Loss     : 1.00007355	 | 	Train MAPE Loss     : 0.68697971
Valid MSE Loss     : 0.00081332	 | 	Valid MAPE Loss     : 2.15392399
lr                 : [3.0000000000000004e-09]


Epoch : 128
Train MSE Loss     : 1.00007224	 | 	Train MAPE Loss     : 0.66990471
Valid MSE Loss     : 0.00075212	 | 	Valid MAPE Loss     : 2.04425621
lr                 : [3.0000000000000004e-09]


Epoch : 129
Train MSE Loss     : 1.00006986	 | 	Train MAPE Loss     : 0.66345203
Valid MSE Loss     : 0.00075564	 | 	Valid MAPE Loss     : 2.06935763
lr                 : [3.0000000000000004e-09]


Epoch : 130
Train MSE Loss     : 1.00007248	 | 	Train MAPE Loss     : 0.68391711
Valid MSE Loss     : 0.00085530	 | 	Valid MAPE Loss     : 2.25033426
lr                 : [3.0000000000000004e-09]


Epoch : 131
Train MSE Loss     : 1.00007045	 | 	Train MAPE Loss     : 0.67011678
Valid MSE Loss     : 0.00082694	 | 	Valid MAPE Loss     : 2.20144248
lr                 : [3.0000000000000004e-09]


Epoch : 132
Train MSE Loss     : 1.00007391	 | 	Train MAPE Loss     : 0.68637586
Valid MSE Loss     : 0.00075650	 | 	Valid MAPE Loss     : 2.05637741
lr                 : [3.0000000000000004e-09]


Epoch : 133
Train MSE Loss     : 1.00007355	 | 	Train MAPE Loss     : 0.68440616
Valid MSE Loss     : 0.00079665	 | 	Valid MAPE Loss     : 2.16124225
lr                 : [3.0000000000000004e-09]


Epoch : 134
Train MSE Loss     : 1.00007343	 | 	Train MAPE Loss     : 0.68449581
Valid MSE Loss     : 0.00077648	 | 	Valid MAPE Loss     : 2.13847637
lr                 : [3.0000000000000004e-09]


Epoch : 135
Train MSE Loss     : 1.00007129	 | 	Train MAPE Loss     : 0.67724049
Valid MSE Loss     : 0.00071102	 | 	Valid MAPE Loss     : 1.99079812
lr                 : [3.0000000000000004e-09]


Epoch : 136
Train MSE Loss     : 1.00006938	 | 	Train MAPE Loss     : 0.66495854
Valid MSE Loss     : 0.00082373	 | 	Valid MAPE Loss     : 2.11833000
lr                 : [3.0000000000000004e-09]


Epoch : 137
Train MSE Loss     : 1.00007367	 | 	Train MAPE Loss     : 0.68464160
Valid MSE Loss     : 0.00085200	 | 	Valid MAPE Loss     : 2.14067745
lr                 : [3.0000000000000004e-09]


Epoch : 138
Train MSE Loss     : 1.00007010	 | 	Train MAPE Loss     : 0.66594148
Valid MSE Loss     : 0.00078251	 | 	Valid MAPE Loss     : 2.08148789
lr                 : [3.0000000000000004e-09]


Epoch : 139
Train MSE Loss     : 1.00007284	 | 	Train MAPE Loss     : 0.68664920
Valid MSE Loss     : 0.00076781	 | 	Valid MAPE Loss     : 2.05826855
lr                 : [3.0000000000000004e-09]


Epoch : 140
Train MSE Loss     : 1.00007033	 | 	Train MAPE Loss     : 0.66756511
Valid MSE Loss     : 0.00080102	 | 	Valid MAPE Loss     : 2.17920756
lr                 : [3.0000000000000004e-09]


Epoch : 141
Train MSE Loss     : 1.00007129	 | 	Train MAPE Loss     : 0.67380011
Valid MSE Loss     : 0.00082288	 | 	Valid MAPE Loss     : 2.22045755
lr                 : [3.0000000000000004e-09]


Epoch : 142
Train MSE Loss     : 1.00007308	 | 	Train MAPE Loss     : 0.67576462
Valid MSE Loss     : 0.00081535	 | 	Valid MAPE Loss     : 2.18723679
lr                 : [3.0000000000000004e-09]


Epoch : 143
Train MSE Loss     : 1.00007355	 | 	Train MAPE Loss     : 0.67974991
Valid MSE Loss     : 0.00076346	 | 	Valid MAPE Loss     : 2.05660820
lr                 : [3.0000000000000004e-09]


Epoch : 144
Train MSE Loss     : 1.00006688	 | 	Train MAPE Loss     : 0.65257806
Valid MSE Loss     : 0.00074538	 | 	Valid MAPE Loss     : 2.02478123
lr                 : [3.0000000000000004e-09]


Epoch : 145
Train MSE Loss     : 1.00006974	 | 	Train MAPE Loss     : 0.66653812
Valid MSE Loss     : 0.00082901	 | 	Valid MAPE Loss     : 2.13159847
lr                 : [3.0000000000000004e-09]


Epoch : 146
Train MSE Loss     : 1.00007212	 | 	Train MAPE Loss     : 0.68771422
Valid MSE Loss     : 0.00079281	 | 	Valid MAPE Loss     : 2.06296086
lr                 : [3.0000000000000004e-09]


Epoch : 147
Train MSE Loss     : 1.00006938	 | 	Train MAPE Loss     : 0.65602398
Valid MSE Loss     : 0.00075875	 | 	Valid MAPE Loss     : 2.05847979
lr                 : [3.0000000000000004e-09]


Epoch : 148
Train MSE Loss     : 1.00006926	 | 	Train MAPE Loss     : 0.67185616
Valid MSE Loss     : 0.00078380	 | 	Valid MAPE Loss     : 2.10140944
lr                 : [3.0000000000000004e-09]


Epoch : 149
Train MSE Loss     : 1.00007105	 | 	Train MAPE Loss     : 0.67392313
Valid MSE Loss     : 0.00086774	 | 	Valid MAPE Loss     : 2.29094696
lr                 : [3.0000000000000004e-09]


Epoch : 150
Train MSE Loss     : 1.00007141	 | 	Train MAPE Loss     : 0.67397475
Valid MSE Loss     : 0.00081643	 | 	Valid MAPE Loss     : 2.21334076
lr                 : [3.0000000000000004e-09]


Evaluate on the Test set:
Test MAPE loss      :0.67889303	 | Test MSE loss      : 0.00007228

################## Training is Done! #########################
