=============================================
Dataset: cell_XJTU_batch2_prepocess_data
Mode:    supervised_with_contrast
=============================================
Training started ....

Epoch : 1
Train MSE Loss     : 1.01492500	 | 	Train MAPE Loss     : 11.46356487
Valid MSE Loss     : 0.01301402	 | 	Valid MAPE Loss     : 12.56303120
lr                 : [0.0003]


Epoch : 2
Train MSE Loss     : 1.00071502	 | 	Train MAPE Loss     : 2.53129816
Valid MSE Loss     : 0.00048914	 | 	Valid MAPE Loss     : 2.43283010
lr                 : [0.0003]


Epoch : 3
Train MSE Loss     : 1.00030398	 | 	Train MAPE Loss     : 1.66079748
Valid MSE Loss     : 0.00032439	 | 	Valid MAPE Loss     : 1.97136116
lr                 : [0.0003]


Epoch : 4
Train MSE Loss     : 1.00028563	 | 	Train MAPE Loss     : 1.58380163
Valid MSE Loss     : 0.00019994	 | 	Valid MAPE Loss     : 1.54573762
lr                 : [0.0003]


Epoch : 5
Train MSE Loss     : 1.00090182	 | 	Train MAPE Loss     : 2.98543072
Valid MSE Loss     : 0.00039519	 | 	Valid MAPE Loss     : 2.19741631
lr                 : [0.0003]


Epoch : 6
Train MSE Loss     : 1.00193131	 | 	Train MAPE Loss     : 3.98999333
Valid MSE Loss     : 0.00580299	 | 	Valid MAPE Loss     : 8.42005825
lr                 : [0.0003]


Epoch : 7
Train MSE Loss     : 1.01061082	 | 	Train MAPE Loss     : 9.91400909
Valid MSE Loss     : 0.02583880	 | 	Valid MAPE Loss     : 17.79219818
lr                 : [0.0003]


Epoch : 8
Train MSE Loss     : 1.01356530	 | 	Train MAPE Loss     : 11.60149384
Valid MSE Loss     : 0.00271308	 | 	Valid MAPE Loss     : 5.77914238
lr                 : [0.0003]


Epoch : 9
Train MSE Loss     : 1.00269091	 | 	Train MAPE Loss     : 4.83500195
Valid MSE Loss     : 0.00646473	 | 	Valid MAPE Loss     : 8.92550755
lr                 : [0.0003]


Epoch : 10
Train MSE Loss     : 1.00434089	 | 	Train MAPE Loss     : 5.95590401
Valid MSE Loss     : 0.00040472	 | 	Valid MAPE Loss     : 2.19365358
lr                 : [0.0003]


Epoch : 11
Train MSE Loss     : 1.00088346	 | 	Train MAPE Loss     : 2.59680414
Valid MSE Loss     : 0.00010293	 | 	Valid MAPE Loss     : 1.00207615
lr                 : [0.0003]


Epoch : 12
Train MSE Loss     : 1.00385368	 | 	Train MAPE Loss     : 5.94653845
Valid MSE Loss     : 0.00476946	 | 	Valid MAPE Loss     : 7.52277374
lr                 : [0.0003]


Epoch : 13
Train MSE Loss     : 1.00078893	 | 	Train MAPE Loss     : 2.71324682
Valid MSE Loss     : 0.00140113	 | 	Valid MAPE Loss     : 4.10798359
lr                 : [0.0003]


Epoch : 14
Train MSE Loss     : 1.00172448	 | 	Train MAPE Loss     : 4.07289600
Valid MSE Loss     : 0.00027933	 | 	Valid MAPE Loss     : 1.55768502
lr                 : [0.0003]


Epoch : 15
Train MSE Loss     : 1.00275958	 | 	Train MAPE Loss     : 4.69235516
Valid MSE Loss     : 0.01024713	 | 	Valid MAPE Loss     : 11.19361115
lr                 : [0.0003]


Epoch : 16
Train MSE Loss     : 1.00134361	 | 	Train MAPE Loss     : 3.29514694
Valid MSE Loss     : 0.00172415	 | 	Valid MAPE Loss     : 4.52662420
lr                 : [0.0003]


Epoch : 17
Train MSE Loss     : 1.00275135	 | 	Train MAPE Loss     : 5.03591871
Valid MSE Loss     : 0.00284554	 | 	Valid MAPE Loss     : 5.91579485
lr                 : [0.0003]


Epoch : 18
Train MSE Loss     : 1.00223958	 | 	Train MAPE Loss     : 4.36419392
Valid MSE Loss     : 0.00063593	 | 	Valid MAPE Loss     : 2.75922704
lr                 : [0.0003]


Epoch : 19
Train MSE Loss     : 1.00020921	 | 	Train MAPE Loss     : 1.32121110
Valid MSE Loss     : 0.00468318	 | 	Valid MAPE Loss     : 7.57754135
lr                 : [0.0003]


Epoch : 20
Train MSE Loss     : 1.00108087	 | 	Train MAPE Loss     : 2.99923587
Valid MSE Loss     : 0.00007513	 | 	Valid MAPE Loss     : 0.95252353
lr                 : [0.0003]


Epoch : 21
Train MSE Loss     : 1.00049591	 | 	Train MAPE Loss     : 2.09679127
Valid MSE Loss     : 0.00079692	 | 	Valid MAPE Loss     : 3.12842393
lr                 : [0.0003]


Epoch : 22
Train MSE Loss     : 1.00014889	 | 	Train MAPE Loss     : 1.11897039
Valid MSE Loss     : 0.00000317	 | 	Valid MAPE Loss     : 0.16312212
lr                 : [0.0003]


Epoch : 23
Train MSE Loss     : 1.00043619	 | 	Train MAPE Loss     : 2.01246691
Valid MSE Loss     : 0.00072523	 | 	Valid MAPE Loss     : 2.98486710
lr                 : [0.0003]


Epoch : 24
Train MSE Loss     : 1.00552714	 | 	Train MAPE Loss     : 7.61143970
Valid MSE Loss     : 0.00344436	 | 	Valid MAPE Loss     : 6.49695206
lr                 : [0.0003]


Epoch : 25
Train MSE Loss     : 1.00408578	 | 	Train MAPE Loss     : 6.53394604
Valid MSE Loss     : 0.00319935	 | 	Valid MAPE Loss     : 6.27385712
lr                 : [0.0003]


Epoch : 26
Train MSE Loss     : 1.00051570	 | 	Train MAPE Loss     : 1.85922694
Valid MSE Loss     : 0.00071668	 | 	Valid MAPE Loss     : 2.96100163
lr                 : [0.0003]


Epoch : 27
Train MSE Loss     : 1.00010419	 | 	Train MAPE Loss     : 0.93209362
Valid MSE Loss     : 0.00000501	 | 	Valid MAPE Loss     : 0.18194211
lr                 : [0.0003]


Epoch : 28
Train MSE Loss     : 1.00020671	 | 	Train MAPE Loss     : 1.35226905
Valid MSE Loss     : 0.00010488	 | 	Valid MAPE Loss     : 1.12594736
lr                 : [0.0003]


Epoch : 29
Train MSE Loss     : 1.00031972	 | 	Train MAPE Loss     : 1.39146829
Valid MSE Loss     : 0.00169823	 | 	Valid MAPE Loss     : 4.54936266
lr                 : [0.0003]


Epoch : 30
Train MSE Loss     : 1.00562978	 | 	Train MAPE Loss     : 8.00237274
Valid MSE Loss     : 0.00118834	 | 	Valid MAPE Loss     : 3.81507611
lr                 : [0.0003]


Epoch : 31
Train MSE Loss     : 1.00262916	 | 	Train MAPE Loss     : 5.10122299
Valid MSE Loss     : 0.00095902	 | 	Valid MAPE Loss     : 3.40971780
lr                 : [0.0003]


Epoch : 32
Train MSE Loss     : 1.00044906	 | 	Train MAPE Loss     : 1.98180389
Valid MSE Loss     : 0.00007094	 | 	Valid MAPE Loss     : 0.85818243
lr                 : [0.0003]


Epoch : 33
Train MSE Loss     : 1.00011086	 | 	Train MAPE Loss     : 0.96539944
Valid MSE Loss     : 0.00104993	 | 	Valid MAPE Loss     : 3.59394717
lr                 : [2.9999999999999997e-05]


Epoch : 34
Train MSE Loss     : 1.00016296	 | 	Train MAPE Loss     : 1.21750236
Valid MSE Loss     : 0.00007440	 | 	Valid MAPE Loss     : 0.94782525
lr                 : [2.9999999999999997e-05]


Epoch : 35
Train MSE Loss     : 1.00004280	 | 	Train MAPE Loss     : 0.54893267
Valid MSE Loss     : 0.00000580	 | 	Valid MAPE Loss     : 0.22969459
lr                 : [2.9999999999999997e-05]


Epoch : 36
Train MSE Loss     : 1.00004172	 | 	Train MAPE Loss     : 0.57585371
Valid MSE Loss     : 0.00001817	 | 	Valid MAPE Loss     : 0.45234013
lr                 : [2.9999999999999997e-05]


Epoch : 37
Train MSE Loss     : 1.00009811	 | 	Train MAPE Loss     : 0.94541728
Valid MSE Loss     : 0.00000999	 | 	Valid MAPE Loss     : 0.32915267
lr                 : [2.9999999999999997e-05]


Epoch : 38
Train MSE Loss     : 1.00008965	 | 	Train MAPE Loss     : 0.88002598
Valid MSE Loss     : 0.00012479	 | 	Valid MAPE Loss     : 1.22714138
lr                 : [2.9999999999999997e-05]


Epoch : 39
Train MSE Loss     : 1.00005579	 | 	Train MAPE Loss     : 0.67692065
Valid MSE Loss     : 0.00002316	 | 	Valid MAPE Loss     : 0.51327729
lr                 : [2.9999999999999997e-05]


Epoch : 40
Train MSE Loss     : 1.00002599	 | 	Train MAPE Loss     : 0.46683207
Valid MSE Loss     : 0.00000279	 | 	Valid MAPE Loss     : 0.14806114
lr                 : [2.9999999999999997e-05]


Epoch : 41
Train MSE Loss     : 1.00002789	 | 	Train MAPE Loss     : 0.44879740
Valid MSE Loss     : 0.00003824	 | 	Valid MAPE Loss     : 0.67640692
lr                 : [2.9999999999999997e-05]


Epoch : 42
Train MSE Loss     : 1.00004160	 | 	Train MAPE Loss     : 0.57182562
Valid MSE Loss     : 0.00001907	 | 	Valid MAPE Loss     : 0.46139154
lr                 : [2.9999999999999997e-05]


Epoch : 43
Train MSE Loss     : 1.00003684	 | 	Train MAPE Loss     : 0.50083530
Valid MSE Loss     : 0.00002916	 | 	Valid MAPE Loss     : 0.58624101
lr                 : [2.9999999999999997e-05]


Epoch : 44
Train MSE Loss     : 1.00002694	 | 	Train MAPE Loss     : 0.46088314
Valid MSE Loss     : 0.00002153	 | 	Valid MAPE Loss     : 0.49725449
lr                 : [2.9999999999999997e-05]


Epoch : 45
Train MSE Loss     : 1.00001991	 | 	Train MAPE Loss     : 0.38015977
Valid MSE Loss     : 0.00000178	 | 	Valid MAPE Loss     : 0.11332259
lr                 : [2.9999999999999997e-05]


Epoch : 46
Train MSE Loss     : 1.00002301	 | 	Train MAPE Loss     : 0.44182116
Valid MSE Loss     : 0.00000225	 | 	Valid MAPE Loss     : 0.11953517
lr                 : [2.9999999999999997e-05]


Epoch : 47
Train MSE Loss     : 1.00002789	 | 	Train MAPE Loss     : 0.46181282
Valid MSE Loss     : 0.00000188	 | 	Valid MAPE Loss     : 0.11946138
lr                 : [2.9999999999999997e-05]


Epoch : 48
Train MSE Loss     : 1.00001061	 | 	Train MAPE Loss     : 0.27666321
Valid MSE Loss     : 0.00001554	 | 	Valid MAPE Loss     : 0.42306757
lr                 : [2.9999999999999997e-05]


Epoch : 49
Train MSE Loss     : 1.00002635	 | 	Train MAPE Loss     : 0.43198556
Valid MSE Loss     : 0.00000917	 | 	Valid MAPE Loss     : 0.29986182
lr                 : [2.9999999999999997e-05]


Epoch : 50
Train MSE Loss     : 1.00003278	 | 	Train MAPE Loss     : 0.53234404
Valid MSE Loss     : 0.00002122	 | 	Valid MAPE Loss     : 0.49628544
lr                 : [2.9999999999999997e-05]


Epoch : 51
Train MSE Loss     : 1.00002050	 | 	Train MAPE Loss     : 0.39971265
Valid MSE Loss     : 0.00000549	 | 	Valid MAPE Loss     : 0.22364716
lr                 : [2.9999999999999997e-05]


Epoch : 52
Train MSE Loss     : 1.00002170	 | 	Train MAPE Loss     : 0.42189503
Valid MSE Loss     : 0.00006362	 | 	Valid MAPE Loss     : 0.87375879
lr                 : [2.9999999999999997e-05]


Epoch : 53
Train MSE Loss     : 1.00001740	 | 	Train MAPE Loss     : 0.36420119
Valid MSE Loss     : 0.00000183	 | 	Valid MAPE Loss     : 0.11571316
lr                 : [2.9999999999999997e-05]


Epoch : 54
Train MSE Loss     : 1.00005627	 | 	Train MAPE Loss     : 0.66566586
Valid MSE Loss     : 0.00000769	 | 	Valid MAPE Loss     : 0.28859353
lr                 : [2.9999999999999997e-05]


Epoch : 55
Train MSE Loss     : 1.00002885	 | 	Train MAPE Loss     : 0.48486906
Valid MSE Loss     : 0.00003855	 | 	Valid MAPE Loss     : 0.67495942
lr                 : [2.9999999999999997e-05]


Epoch : 56
Train MSE Loss     : 1.00003338	 | 	Train MAPE Loss     : 0.49541229
Valid MSE Loss     : 0.00006644	 | 	Valid MAPE Loss     : 0.88953876
lr                 : [3e-06]


Epoch : 57
Train MSE Loss     : 1.00003862	 | 	Train MAPE Loss     : 0.57071483
Valid MSE Loss     : 0.00000935	 | 	Valid MAPE Loss     : 0.31617495
lr                 : [3e-06]


Epoch : 58
Train MSE Loss     : 1.00001168	 | 	Train MAPE Loss     : 0.29140332
Valid MSE Loss     : 0.00000337	 | 	Valid MAPE Loss     : 0.16227676
lr                 : [3e-06]


Epoch : 59
Train MSE Loss     : 1.00001264	 | 	Train MAPE Loss     : 0.29926604
Valid MSE Loss     : 0.00000247	 | 	Valid MAPE Loss     : 0.13831827
lr                 : [3e-06]


Epoch : 60
Train MSE Loss     : 1.00002551	 | 	Train MAPE Loss     : 0.44412643
Valid MSE Loss     : 0.00000808	 | 	Valid MAPE Loss     : 0.29679778
lr                 : [3e-06]


Epoch : 61
Train MSE Loss     : 1.00001180	 | 	Train MAPE Loss     : 0.29731736
Valid MSE Loss     : 0.00000165	 | 	Valid MAPE Loss     : 0.10931083
lr                 : [3e-06]


Epoch : 62
Train MSE Loss     : 1.00001931	 | 	Train MAPE Loss     : 0.38179579
Valid MSE Loss     : 0.00000590	 | 	Valid MAPE Loss     : 0.24492161
lr                 : [3e-06]


Epoch : 63
Train MSE Loss     : 1.00001693	 | 	Train MAPE Loss     : 0.33910924
Valid MSE Loss     : 0.00000977	 | 	Valid MAPE Loss     : 0.32887039
lr                 : [3e-06]


Epoch : 64
Train MSE Loss     : 1.00001025	 | 	Train MAPE Loss     : 0.26321518
Valid MSE Loss     : 0.00000180	 | 	Valid MAPE Loss     : 0.11352385
lr                 : [3e-06]


Epoch : 65
Train MSE Loss     : 1.00001884	 | 	Train MAPE Loss     : 0.37641597
Valid MSE Loss     : 0.00000212	 | 	Valid MAPE Loss     : 0.12719075
lr                 : [3e-06]


Epoch : 66
Train MSE Loss     : 1.00001907	 | 	Train MAPE Loss     : 0.39125985
Valid MSE Loss     : 0.00000152	 | 	Valid MAPE Loss     : 0.10343232
lr                 : [3e-06]


Epoch : 67
Train MSE Loss     : 1.00002217	 | 	Train MAPE Loss     : 0.40592879
Valid MSE Loss     : 0.00000336	 | 	Valid MAPE Loss     : 0.17131250
lr                 : [3e-06]


Epoch : 68
Train MSE Loss     : 1.00001276	 | 	Train MAPE Loss     : 0.31060556
Valid MSE Loss     : 0.00000130	 | 	Valid MAPE Loss     : 0.09068417
lr                 : [3e-06]


Epoch : 69
Train MSE Loss     : 1.00001502	 | 	Train MAPE Loss     : 0.33488587
Valid MSE Loss     : 0.00000208	 | 	Valid MAPE Loss     : 0.12164906
lr                 : [3e-06]


Epoch : 70
Train MSE Loss     : 1.00002134	 | 	Train MAPE Loss     : 0.41157311
Valid MSE Loss     : 0.00000139	 | 	Valid MAPE Loss     : 0.09598293
lr                 : [3e-06]


Epoch : 71
Train MSE Loss     : 1.00001121	 | 	Train MAPE Loss     : 0.28936964
Valid MSE Loss     : 0.00000297	 | 	Valid MAPE Loss     : 0.15283270
lr                 : [3e-06]


Epoch : 72
Train MSE Loss     : 1.00001717	 | 	Train MAPE Loss     : 0.37014499
Valid MSE Loss     : 0.00000158	 | 	Valid MAPE Loss     : 0.10450485
lr                 : [3e-06]


Epoch : 73
Train MSE Loss     : 1.00001490	 | 	Train MAPE Loss     : 0.32094702
Valid MSE Loss     : 0.00000170	 | 	Valid MAPE Loss     : 0.11015245
lr                 : [3e-06]


Epoch : 74
Train MSE Loss     : 1.00002360	 | 	Train MAPE Loss     : 0.40842247
Valid MSE Loss     : 0.00000146	 | 	Valid MAPE Loss     : 0.09636238
lr                 : [3e-06]


Epoch : 75
Train MSE Loss     : 1.00002611	 | 	Train MAPE Loss     : 0.44310600
Valid MSE Loss     : 0.00000276	 | 	Valid MAPE Loss     : 0.14660759
lr                 : [3e-06]


Epoch : 76
Train MSE Loss     : 1.00001431	 | 	Train MAPE Loss     : 0.31775802
Valid MSE Loss     : 0.00000267	 | 	Valid MAPE Loss     : 0.14963986
lr                 : [3e-06]


Epoch : 77
Train MSE Loss     : 1.00001919	 | 	Train MAPE Loss     : 0.38256931
Valid MSE Loss     : 0.00000147	 | 	Valid MAPE Loss     : 0.09830338
lr                 : [3e-06]


Epoch : 78
Train MSE Loss     : 1.00001788	 | 	Train MAPE Loss     : 0.35880432
Valid MSE Loss     : 0.00000137	 | 	Valid MAPE Loss     : 0.09370264
lr                 : [3e-06]


Epoch : 79
Train MSE Loss     : 1.00001717	 | 	Train MAPE Loss     : 0.35546774
Valid MSE Loss     : 0.00000131	 | 	Valid MAPE Loss     : 0.09149716
lr                 : [3.0000000000000004e-07]


Epoch : 80
Train MSE Loss     : 1.00001991	 | 	Train MAPE Loss     : 0.40683717
Valid MSE Loss     : 0.00000246	 | 	Valid MAPE Loss     : 0.14039935
lr                 : [3.0000000000000004e-07]


Epoch : 81
Train MSE Loss     : 1.00001597	 | 	Train MAPE Loss     : 0.34186614
Valid MSE Loss     : 0.00000141	 | 	Valid MAPE Loss     : 0.09886649
lr                 : [3.0000000000000004e-07]


Epoch : 82
Train MSE Loss     : 1.00001633	 | 	Train MAPE Loss     : 0.34539562
Valid MSE Loss     : 0.00000152	 | 	Valid MAPE Loss     : 0.10403746
lr                 : [3.0000000000000004e-07]


Epoch : 83
Train MSE Loss     : 1.00001419	 | 	Train MAPE Loss     : 0.31476337
Valid MSE Loss     : 0.00000316	 | 	Valid MAPE Loss     : 0.15851752
lr                 : [3.0000000000000004e-07]


Epoch : 84
Train MSE Loss     : 1.00001383	 | 	Train MAPE Loss     : 0.31374794
Valid MSE Loss     : 0.00000372	 | 	Valid MAPE Loss     : 0.17198889
lr                 : [3.0000000000000004e-07]


Epoch : 85
Train MSE Loss     : 1.00001848	 | 	Train MAPE Loss     : 0.33928496
Valid MSE Loss     : 0.00000133	 | 	Valid MAPE Loss     : 0.09366131
lr                 : [3.0000000000000004e-07]


Epoch : 86
Train MSE Loss     : 1.00001979	 | 	Train MAPE Loss     : 0.40350071
Valid MSE Loss     : 0.00000313	 | 	Valid MAPE Loss     : 0.16575514
lr                 : [3.0000000000000004e-07]


Epoch : 87
Train MSE Loss     : 1.00001287	 | 	Train MAPE Loss     : 0.30281392
Valid MSE Loss     : 0.00000139	 | 	Valid MAPE Loss     : 0.09431321
lr                 : [3.0000000000000004e-07]


Epoch : 88
Train MSE Loss     : 1.00002837	 | 	Train MAPE Loss     : 0.47093767
Valid MSE Loss     : 0.00000156	 | 	Valid MAPE Loss     : 0.10115040
lr                 : [3.0000000000000004e-07]


Epoch : 89
Train MSE Loss     : 1.00001526	 | 	Train MAPE Loss     : 0.31085864
Valid MSE Loss     : 0.00000229	 | 	Valid MAPE Loss     : 0.13281919
lr                 : [3.0000000000000004e-07]


Epoch : 90
Train MSE Loss     : 1.00002122	 | 	Train MAPE Loss     : 0.36136213
Valid MSE Loss     : 0.00000143	 | 	Valid MAPE Loss     : 0.09680138
lr                 : [3.0000000000000004e-08]


Epoch : 91
Train MSE Loss     : 1.00001657	 | 	Train MAPE Loss     : 0.34562877
Valid MSE Loss     : 0.00000195	 | 	Valid MAPE Loss     : 0.12087327
lr                 : [3.0000000000000004e-08]


Epoch : 92
Train MSE Loss     : 1.00001776	 | 	Train MAPE Loss     : 0.36206773
Valid MSE Loss     : 0.00000162	 | 	Valid MAPE Loss     : 0.10391399
lr                 : [3.0000000000000004e-08]


Epoch : 93
Train MSE Loss     : 1.00002158	 | 	Train MAPE Loss     : 0.40296549
Valid MSE Loss     : 0.00000558	 | 	Valid MAPE Loss     : 0.22992337
lr                 : [3.0000000000000004e-08]


Epoch : 94
Train MSE Loss     : 1.00001764	 | 	Train MAPE Loss     : 0.37213114
Valid MSE Loss     : 0.00000224	 | 	Valid MAPE Loss     : 0.12490455
lr                 : [3.0000000000000004e-08]


Epoch : 95
Train MSE Loss     : 1.00001848	 | 	Train MAPE Loss     : 0.37258741
Valid MSE Loss     : 0.00000287	 | 	Valid MAPE Loss     : 0.15834607
lr                 : [3.0000000000000004e-08]


Epoch : 96
Train MSE Loss     : 1.00001609	 | 	Train MAPE Loss     : 0.34863335
Valid MSE Loss     : 0.00000159	 | 	Valid MAPE Loss     : 0.10540869
lr                 : [3.0000000000000004e-08]


Epoch : 97
Train MSE Loss     : 1.00001681	 | 	Train MAPE Loss     : 0.35563582
Valid MSE Loss     : 0.00000471	 | 	Valid MAPE Loss     : 0.20676243
lr                 : [3.0000000000000004e-08]


Epoch : 98
Train MSE Loss     : 1.00001264	 | 	Train MAPE Loss     : 0.30649757
Valid MSE Loss     : 0.00000130	 | 	Valid MAPE Loss     : 0.09049932
lr                 : [3.0000000000000004e-08]


Epoch : 99
Train MSE Loss     : 1.00002348	 | 	Train MAPE Loss     : 0.40532503
Valid MSE Loss     : 0.00000138	 | 	Valid MAPE Loss     : 0.09695000
lr                 : [3.0000000000000004e-08]


Epoch : 100
Train MSE Loss     : 1.00001109	 | 	Train MAPE Loss     : 0.28291845
Valid MSE Loss     : 0.00000316	 | 	Valid MAPE Loss     : 0.15572543
lr                 : [3.0000000000000004e-08]


Epoch : 101
Train MSE Loss     : 1.00002217	 | 	Train MAPE Loss     : 0.40717393
Valid MSE Loss     : 0.00000148	 | 	Valid MAPE Loss     : 0.10085079
lr                 : [3.0000000000000004e-08]


Epoch : 102
Train MSE Loss     : 1.00001264	 | 	Train MAPE Loss     : 0.30132845
Valid MSE Loss     : 0.00000211	 | 	Valid MAPE Loss     : 0.12296496
lr                 : [3.0000000000000004e-08]


Epoch : 103
Train MSE Loss     : 1.00001395	 | 	Train MAPE Loss     : 0.30911547
Valid MSE Loss     : 0.00000184	 | 	Valid MAPE Loss     : 0.11703178
lr                 : [3.0000000000000004e-08]


Epoch : 104
Train MSE Loss     : 1.00001585	 | 	Train MAPE Loss     : 0.33470950
Valid MSE Loss     : 0.00000348	 | 	Valid MAPE Loss     : 0.17807131
lr                 : [3.0000000000000004e-08]


Epoch : 105
Train MSE Loss     : 1.00001109	 | 	Train MAPE Loss     : 0.28192237
Valid MSE Loss     : 0.00000137	 | 	Valid MAPE Loss     : 0.09561653
lr                 : [3.0000000000000004e-08]


Epoch : 106
Train MSE Loss     : 1.00001204	 | 	Train MAPE Loss     : 0.30287045
Valid MSE Loss     : 0.00000203	 | 	Valid MAPE Loss     : 0.12397320
lr                 : [3.0000000000000004e-08]


Epoch : 107
Train MSE Loss     : 1.00000894	 | 	Train MAPE Loss     : 0.24540508
Valid MSE Loss     : 0.00000155	 | 	Valid MAPE Loss     : 0.10050607
lr                 : [3.0000000000000004e-08]


Epoch : 108
Train MSE Loss     : 1.00001335	 | 	Train MAPE Loss     : 0.30964899
Valid MSE Loss     : 0.00000237	 | 	Valid MAPE Loss     : 0.13146088
lr                 : [3.0000000000000004e-08]


Epoch : 109
Train MSE Loss     : 1.00001180	 | 	Train MAPE Loss     : 0.27784941
Valid MSE Loss     : 0.00000226	 | 	Valid MAPE Loss     : 0.12783378
lr                 : [3.0000000000000004e-09]


Epoch : 110
Train MSE Loss     : 1.00001705	 | 	Train MAPE Loss     : 0.36138773
Valid MSE Loss     : 0.00000412	 | 	Valid MAPE Loss     : 0.18903923
lr                 : [3.0000000000000004e-09]


Epoch : 111
Train MSE Loss     : 1.00002074	 | 	Train MAPE Loss     : 0.38954526
Valid MSE Loss     : 0.00000198	 | 	Valid MAPE Loss     : 0.11879524
lr                 : [3.0000000000000004e-09]


Epoch : 112
Train MSE Loss     : 1.00002062	 | 	Train MAPE Loss     : 0.38261664
Valid MSE Loss     : 0.00000209	 | 	Valid MAPE Loss     : 0.12293828
lr                 : [3.0000000000000004e-09]


Epoch : 113
Train MSE Loss     : 1.00001347	 | 	Train MAPE Loss     : 0.31669921
Valid MSE Loss     : 0.00000206	 | 	Valid MAPE Loss     : 0.12487306
lr                 : [3.0000000000000004e-09]


Epoch : 114
Train MSE Loss     : 1.00001705	 | 	Train MAPE Loss     : 0.34631300
Valid MSE Loss     : 0.00000210	 | 	Valid MAPE Loss     : 0.12584887
lr                 : [3.0000000000000004e-09]


Epoch : 115
Train MSE Loss     : 1.00001347	 | 	Train MAPE Loss     : 0.30623925
Valid MSE Loss     : 0.00000128	 | 	Valid MAPE Loss     : 0.09110073
lr                 : [3.0000000000000004e-09]


Epoch : 116
Train MSE Loss     : 1.00001359	 | 	Train MAPE Loss     : 0.31826726
Valid MSE Loss     : 0.00000157	 | 	Valid MAPE Loss     : 0.10430405
lr                 : [3.0000000000000004e-09]


Epoch : 117
Train MSE Loss     : 1.00002229	 | 	Train MAPE Loss     : 0.42809063
Valid MSE Loss     : 0.00000130	 | 	Valid MAPE Loss     : 0.09115572
lr                 : [3.0000000000000004e-09]


Epoch : 118
Train MSE Loss     : 1.00001526	 | 	Train MAPE Loss     : 0.33648175
Valid MSE Loss     : 0.00000158	 | 	Valid MAPE Loss     : 0.10241706
lr                 : [3.0000000000000004e-09]


Epoch : 119
Train MSE Loss     : 1.00001216	 | 	Train MAPE Loss     : 0.30088562
Valid MSE Loss     : 0.00000142	 | 	Valid MAPE Loss     : 0.09524009
lr                 : [3.0000000000000004e-09]


Epoch : 120
Train MSE Loss     : 1.00001216	 | 	Train MAPE Loss     : 0.29916000
Valid MSE Loss     : 0.00000137	 | 	Valid MAPE Loss     : 0.09571796
lr                 : [3.0000000000000004e-09]


Epoch : 121
Train MSE Loss     : 1.00001693	 | 	Train MAPE Loss     : 0.35746151
Valid MSE Loss     : 0.00000357	 | 	Valid MAPE Loss     : 0.18209772
lr                 : [3.0000000000000004e-09]


Epoch : 122
Train MSE Loss     : 1.00001311	 | 	Train MAPE Loss     : 0.30976552
Valid MSE Loss     : 0.00000166	 | 	Valid MAPE Loss     : 0.10606778
lr                 : [3.0000000000000004e-09]


Epoch : 123
Train MSE Loss     : 1.00002122	 | 	Train MAPE Loss     : 0.39634824
Valid MSE Loss     : 0.00000401	 | 	Valid MAPE Loss     : 0.19455981
lr                 : [3.0000000000000004e-09]


Epoch : 124
Train MSE Loss     : 1.00001442	 | 	Train MAPE Loss     : 0.32914221
Valid MSE Loss     : 0.00000259	 | 	Valid MAPE Loss     : 0.14763296
lr                 : [3.0000000000000004e-09]


Epoch : 125
Train MSE Loss     : 1.00001383	 | 	Train MAPE Loss     : 0.31258124
Valid MSE Loss     : 0.00000253	 | 	Valid MAPE Loss     : 0.13562395
lr                 : [3.0000000000000004e-09]


Epoch : 126
Train MSE Loss     : 1.00001729	 | 	Train MAPE Loss     : 0.34077245
Valid MSE Loss     : 0.00000246	 | 	Valid MAPE Loss     : 0.13973781
lr                 : [3.0000000000000004e-09]


Epoch : 127
Train MSE Loss     : 1.00001502	 | 	Train MAPE Loss     : 0.32295582
Valid MSE Loss     : 0.00000190	 | 	Valid MAPE Loss     : 0.11525188
lr                 : [3.0000000000000004e-09]


Epoch : 128
Train MSE Loss     : 1.00001585	 | 	Train MAPE Loss     : 0.35293272
Valid MSE Loss     : 0.00000154	 | 	Valid MAPE Loss     : 0.09926853
lr                 : [3.0000000000000004e-09]


Epoch : 129
Train MSE Loss     : 1.00001788	 | 	Train MAPE Loss     : 0.37221199
Valid MSE Loss     : 0.00000118	 | 	Valid MAPE Loss     : 0.08664577
lr                 : [3.0000000000000004e-09]


Epoch : 130
Train MSE Loss     : 1.00001717	 | 	Train MAPE Loss     : 0.35733107
Valid MSE Loss     : 0.00000270	 | 	Valid MAPE Loss     : 0.14347582
lr                 : [3.0000000000000004e-09]


Epoch : 131
Train MSE Loss     : 1.00001407	 | 	Train MAPE Loss     : 0.31513089
Valid MSE Loss     : 0.00000124	 | 	Valid MAPE Loss     : 0.08884739
lr                 : [3.0000000000000004e-09]


Epoch : 132
Train MSE Loss     : 1.00001431	 | 	Train MAPE Loss     : 0.31033769
Valid MSE Loss     : 0.00000190	 | 	Valid MAPE Loss     : 0.11888295
lr                 : [3.0000000000000004e-09]


Epoch : 133
Train MSE Loss     : 1.00001228	 | 	Train MAPE Loss     : 0.30254310
Valid MSE Loss     : 0.00000139	 | 	Valid MAPE Loss     : 0.09481066
lr                 : [3.0000000000000004e-09]


Epoch : 134
Train MSE Loss     : 1.00001538	 | 	Train MAPE Loss     : 0.32638437
Valid MSE Loss     : 0.00000197	 | 	Valid MAPE Loss     : 0.11718095
lr                 : [3.0000000000000004e-09]


Epoch : 135
Train MSE Loss     : 1.00001752	 | 	Train MAPE Loss     : 0.35865876
Valid MSE Loss     : 0.00000409	 | 	Valid MAPE Loss     : 0.19598968
lr                 : [3.0000000000000004e-09]


Epoch : 136
Train MSE Loss     : 1.00001121	 | 	Train MAPE Loss     : 0.28846487
Valid MSE Loss     : 0.00000154	 | 	Valid MAPE Loss     : 0.10437771
lr                 : [3.0000000000000004e-09]


Epoch : 137
Train MSE Loss     : 1.00001442	 | 	Train MAPE Loss     : 0.33265746
Valid MSE Loss     : 0.00000143	 | 	Valid MAPE Loss     : 0.09859637
lr                 : [3.0000000000000004e-09]


Epoch : 138
Train MSE Loss     : 1.00001287	 | 	Train MAPE Loss     : 0.30325812
Valid MSE Loss     : 0.00000284	 | 	Valid MAPE Loss     : 0.14900446
lr                 : [3.0000000000000004e-09]


Epoch : 139
Train MSE Loss     : 1.00002778	 | 	Train MAPE Loss     : 0.46846884
Valid MSE Loss     : 0.00000549	 | 	Valid MAPE Loss     : 0.23407514
lr                 : [3.0000000000000004e-09]


Epoch : 140
Train MSE Loss     : 1.00001109	 | 	Train MAPE Loss     : 0.28680822
Valid MSE Loss     : 0.00000146	 | 	Valid MAPE Loss     : 0.09808112
lr                 : [3.0000000000000004e-09]


Epoch : 141
Train MSE Loss     : 1.00001240	 | 	Train MAPE Loss     : 0.29191178
Valid MSE Loss     : 0.00000123	 | 	Valid MAPE Loss     : 0.08958262
lr                 : [3.0000000000000004e-09]


Epoch : 142
Train MSE Loss     : 1.00001705	 | 	Train MAPE Loss     : 0.36231664
Valid MSE Loss     : 0.00000144	 | 	Valid MAPE Loss     : 0.09821162
lr                 : [3.0000000000000004e-09]


Epoch : 143
Train MSE Loss     : 1.00001812	 | 	Train MAPE Loss     : 0.36385101
Valid MSE Loss     : 0.00000207	 | 	Valid MAPE Loss     : 0.12155244
lr                 : [3.0000000000000004e-09]


Epoch : 144
Train MSE Loss     : 1.00001788	 | 	Train MAPE Loss     : 0.35625094
Valid MSE Loss     : 0.00000259	 | 	Valid MAPE Loss     : 0.14617825
lr                 : [3.0000000000000004e-09]


Epoch : 145
Train MSE Loss     : 1.00001335	 | 	Train MAPE Loss     : 0.31593302
Valid MSE Loss     : 0.00000159	 | 	Valid MAPE Loss     : 0.10622481
lr                 : [3.0000000000000004e-09]


Epoch : 146
Train MSE Loss     : 1.00001788	 | 	Train MAPE Loss     : 0.36125141
Valid MSE Loss     : 0.00000594	 | 	Valid MAPE Loss     : 0.23656857
lr                 : [3.0000000000000004e-09]


Epoch : 147
Train MSE Loss     : 1.00001502	 | 	Train MAPE Loss     : 0.34013182
Valid MSE Loss     : 0.00000260	 | 	Valid MAPE Loss     : 0.14533085
lr                 : [3.0000000000000004e-09]


Epoch : 148
Train MSE Loss     : 1.00001502	 | 	Train MAPE Loss     : 0.33435452
Valid MSE Loss     : 0.00000169	 | 	Valid MAPE Loss     : 0.10675710
lr                 : [3.0000000000000004e-09]


Epoch : 149
Train MSE Loss     : 1.00002432	 | 	Train MAPE Loss     : 0.42415446
Valid MSE Loss     : 0.00000155	 | 	Valid MAPE Loss     : 0.10432062
lr                 : [3.0000000000000004e-09]


Epoch : 150
Train MSE Loss     : 1.00001562	 | 	Train MAPE Loss     : 0.34563226
Valid MSE Loss     : 0.00000126	 | 	Valid MAPE Loss     : 0.09073412
lr                 : [3.0000000000000004e-09]


Evaluate on the Test set:
Test MAPE loss      :0.13309148	 | Test MSE loss      : 0.00000253

################## Training is Done! #########################
Training time is : 0:55:06.722561
