=============================================
Dataset: cell_XJTU_batch2_prepocess_data
Mode:    supervised_with_contrast
=============================================
Training started ....

Epoch : 1
Train MSE Loss     : 6.59647608	 | 	Train MAPE Loss     : 194.11299133
Valid MSE Loss     : 0.79436398	 | 	Valid MAPE Loss     : 86.74924469
lr                 : [0.0003]


Epoch : 2
Train MSE Loss     : 1.66419697	 | 	Train MAPE Loss     : 72.17076874
Valid MSE Loss     : 0.97666037	 | 	Valid MAPE Loss     : 101.12139893
lr                 : [0.0003]


Epoch : 3
Train MSE Loss     : 2.19342113	 | 	Train MAPE Loss     : 104.11277771
Valid MSE Loss     : 0.20209870	 | 	Valid MAPE Loss     : 40.40058136
lr                 : [0.0003]


Epoch : 4
Train MSE Loss     : 1.47449780	 | 	Train MAPE Loss     : 61.30419159
Valid MSE Loss     : 0.07409941	 | 	Valid MAPE Loss     : 24.59399033
lr                 : [0.0003]


Epoch : 5
Train MSE Loss     : 3.59344363	 | 	Train MAPE Loss     : 146.14816284
Valid MSE Loss     : 0.25577834	 | 	Valid MAPE Loss     : 48.80453873
lr                 : [0.0003]


Epoch : 6
Train MSE Loss     : 2.10582542	 | 	Train MAPE Loss     : 96.66835022
Valid MSE Loss     : 0.45391947	 | 	Valid MAPE Loss     : 69.90555573
lr                 : [0.0003]


Epoch : 7
Train MSE Loss     : 2.96533465	 | 	Train MAPE Loss     : 131.03907776
Valid MSE Loss     : 1.24976575	 | 	Valid MAPE Loss     : 83.44260406
lr                 : [0.0003]


Epoch : 8
Train MSE Loss     : 3.16022182	 | 	Train MAPE Loss     : 136.77308655
Valid MSE Loss     : 1.96176410	 | 	Valid MAPE Loss     : 152.76924133
lr                 : [0.0003]


Epoch : 9
Train MSE Loss     : 5.40600252	 | 	Train MAPE Loss     : 198.17900085
Valid MSE Loss     : 3.92253566	 | 	Valid MAPE Loss     : 208.46833801
lr                 : [0.0003]


Epoch : 10
Train MSE Loss     : 2.25058866	 | 	Train MAPE Loss     : 106.31674194
Valid MSE Loss     : 0.82640475	 | 	Valid MAPE Loss     : 96.69919586
lr                 : [0.0003]


Epoch : 11
Train MSE Loss     : 2.13255310	 | 	Train MAPE Loss     : 90.45150757
Valid MSE Loss     : 0.42199302	 | 	Valid MAPE Loss     : 70.76257324
lr                 : [0.0003]


Epoch : 12
Train MSE Loss     : 2.96377206	 | 	Train MAPE Loss     : 130.86450195
Valid MSE Loss     : 0.03719383	 | 	Valid MAPE Loss     : 15.28535748
lr                 : [0.0003]


Epoch : 13
Train MSE Loss     : 9.56067467	 | 	Train MAPE Loss     : 257.16616821
Valid MSE Loss     : 18.00342178	 | 	Valid MAPE Loss     : 452.27423096
lr                 : [0.0003]


Epoch : 14
Train MSE Loss     : 9.65892601	 | 	Train MAPE Loss     : 276.06347656
Valid MSE Loss     : 0.39920825	 | 	Valid MAPE Loss     : 63.27696991
lr                 : [0.0003]


Epoch : 15
Train MSE Loss     : 1.88211679	 | 	Train MAPE Loss     : 83.10746002
Valid MSE Loss     : 0.37220493	 | 	Valid MAPE Loss     : 66.55494690
lr                 : [0.0003]


Epoch : 16
Train MSE Loss     : 1.13104367	 | 	Train MAPE Loss     : 32.08045197
Valid MSE Loss     : 0.05792895	 | 	Valid MAPE Loss     : 17.38879776
lr                 : [0.0003]


Epoch : 17
Train MSE Loss     : 4.42029333	 | 	Train MAPE Loss     : 152.21043396
Valid MSE Loss     : 1.62314963	 | 	Valid MAPE Loss     : 103.89149475
lr                 : [0.0003]


Epoch : 18
Train MSE Loss     : 1.31677854	 | 	Train MAPE Loss     : 37.45626450
Valid MSE Loss     : 0.43794164	 | 	Valid MAPE Loss     : 59.71059418
lr                 : [0.0003]


Epoch : 19
Train MSE Loss     : 11.46992588	 | 	Train MAPE Loss     : 264.45272827
Valid MSE Loss     : 8.72190475	 | 	Valid MAPE Loss     : 237.75346375
lr                 : [0.0003]


Epoch : 20
Train MSE Loss     : 7.32745981	 | 	Train MAPE Loss     : 178.50160217
Valid MSE Loss     : 0.22979526	 | 	Valid MAPE Loss     : 32.03595734
lr                 : [0.0003]


Epoch : 21
Train MSE Loss     : 2.98425603	 | 	Train MAPE Loss     : 87.60418701
Valid MSE Loss     : 0.76378930	 | 	Valid MAPE Loss     : 36.14094543
lr                 : [0.0003]


Epoch : 22
Train MSE Loss     : 1.29451573	 | 	Train MAPE Loss     : 39.10609818
Valid MSE Loss     : 0.22949204	 | 	Valid MAPE Loss     : 48.95278931
lr                 : [0.0003]


Epoch : 23
Train MSE Loss     : 1.07287073	 | 	Train MAPE Loss     : 22.35473251
Valid MSE Loss     : 0.31172577	 | 	Valid MAPE Loss     : 60.65587234
lr                 : [2.9999999999999997e-05]


Epoch : 24
Train MSE Loss     : 1.12536895	 | 	Train MAPE Loss     : 34.00928879
Valid MSE Loss     : 0.00200289	 | 	Valid MAPE Loss     : 4.23128605
lr                 : [2.9999999999999997e-05]


Epoch : 25
Train MSE Loss     : 1.00991797	 | 	Train MAPE Loss     : 9.27143383
Valid MSE Loss     : 0.00613178	 | 	Valid MAPE Loss     : 8.25893974
lr                 : [2.9999999999999997e-05]


Epoch : 26
Train MSE Loss     : 1.02034307	 | 	Train MAPE Loss     : 13.76321030
Valid MSE Loss     : 0.02501397	 | 	Valid MAPE Loss     : 17.11776543
lr                 : [2.9999999999999997e-05]


Epoch : 27
Train MSE Loss     : 1.14959526	 | 	Train MAPE Loss     : 38.53668213
Valid MSE Loss     : 0.18464744	 | 	Valid MAPE Loss     : 47.20642853
lr                 : [2.9999999999999997e-05]


Epoch : 28
Train MSE Loss     : 1.11632001	 | 	Train MAPE Loss     : 34.02779770
Valid MSE Loss     : 0.27293202	 | 	Valid MAPE Loss     : 57.25034332
lr                 : [2.9999999999999997e-05]


Epoch : 29
Train MSE Loss     : 1.17111373	 | 	Train MAPE Loss     : 41.77269363
Valid MSE Loss     : 0.01433912	 | 	Valid MAPE Loss     : 13.01508808
lr                 : [2.9999999999999997e-05]

