=============================================
Dataset: cell_XJTU_batch2_prepocess_data
Mode:    supervised
=============================================
Training started ....

Epoch : 1
Train MSE Loss     : 0.07345078	 | 	Train MAPE Loss     : 21.86308670
Valid MSE Loss     : 0.10843547	 | 	Valid MAPE Loss     : 36.16696167
lr                 : [0.0003]


Epoch : 2
Train MSE Loss     : 0.00547239	 | 	Train MAPE Loss     : 6.85890198
Valid MSE Loss     : 0.00269598	 | 	Valid MAPE Loss     : 5.16507053
lr                 : [0.0003]


Epoch : 3
Train MSE Loss     : 0.00136594	 | 	Train MAPE Loss     : 3.35617256
Valid MSE Loss     : 0.00920842	 | 	Valid MAPE Loss     : 10.13433170
lr                 : [0.0003]


Epoch : 4
Train MSE Loss     : 0.00070634	 | 	Train MAPE Loss     : 2.37093258
Valid MSE Loss     : 0.01156511	 | 	Valid MAPE Loss     : 11.53184032
lr                 : [0.0003]


Epoch : 5
Train MSE Loss     : 0.00051186	 | 	Train MAPE Loss     : 1.97380853
Valid MSE Loss     : 0.01168904	 | 	Valid MAPE Loss     : 11.65139961
lr                 : [0.0003]


Epoch : 6
Train MSE Loss     : 0.00017713	 | 	Train MAPE Loss     : 1.13033831
Valid MSE Loss     : 0.00842891	 | 	Valid MAPE Loss     : 9.75769043
lr                 : [0.0003]


Epoch : 7
Train MSE Loss     : 0.00015948	 | 	Train MAPE Loss     : 1.11499631
Valid MSE Loss     : 0.01419725	 | 	Valid MAPE Loss     : 12.92457485
lr                 : [0.0003]


Epoch : 8
Train MSE Loss     : 0.00011782	 | 	Train MAPE Loss     : 0.95459127
Valid MSE Loss     : 0.01742122	 | 	Valid MAPE Loss     : 14.38614082
lr                 : [0.0003]


Epoch : 9
Train MSE Loss     : 0.00018253	 | 	Train MAPE Loss     : 1.13774586
Valid MSE Loss     : 0.02205080	 | 	Valid MAPE Loss     : 16.17586136
lr                 : [0.0003]


Epoch : 10
Train MSE Loss     : 0.00027560	 | 	Train MAPE Loss     : 1.52018380
Valid MSE Loss     : 0.02161152	 | 	Valid MAPE Loss     : 16.05740738
lr                 : [0.0003]


Epoch : 11
Train MSE Loss     : 0.00010367	 | 	Train MAPE Loss     : 0.90223545
Valid MSE Loss     : 0.02407460	 | 	Valid MAPE Loss     : 16.87335587
lr                 : [0.0003]


Epoch : 12
Train MSE Loss     : 0.00019923	 | 	Train MAPE Loss     : 1.31402874
Valid MSE Loss     : 0.02725377	 | 	Valid MAPE Loss     : 18.04143715
lr                 : [0.0003]


Epoch : 13
Train MSE Loss     : 0.00013511	 | 	Train MAPE Loss     : 1.06681859
Valid MSE Loss     : 0.02920609	 | 	Valid MAPE Loss     : 18.64251328
lr                 : [2.9999999999999997e-05]


Epoch : 14
Train MSE Loss     : 0.00004771	 | 	Train MAPE Loss     : 0.60524505
Valid MSE Loss     : 0.00168943	 | 	Valid MAPE Loss     : 4.46961451
lr                 : [2.9999999999999997e-05]


Epoch : 15
Train MSE Loss     : 0.00004649	 | 	Train MAPE Loss     : 0.60257691
Valid MSE Loss     : 0.00065679	 | 	Valid MAPE Loss     : 2.76128054
lr                 : [2.9999999999999997e-05]


Epoch : 16
Train MSE Loss     : 0.00003310	 | 	Train MAPE Loss     : 0.50530952
Valid MSE Loss     : 0.00064391	 | 	Valid MAPE Loss     : 2.72702646
lr                 : [2.9999999999999997e-05]


Epoch : 17
Train MSE Loss     : 0.00003561	 | 	Train MAPE Loss     : 0.50540090
Valid MSE Loss     : 0.00088111	 | 	Valid MAPE Loss     : 3.20905828
lr                 : [2.9999999999999997e-05]


Epoch : 18
Train MSE Loss     : 0.00003659	 | 	Train MAPE Loss     : 0.53834957
Valid MSE Loss     : 0.00055569	 | 	Valid MAPE Loss     : 2.53538752
lr                 : [2.9999999999999997e-05]


Epoch : 19
Train MSE Loss     : 0.00002872	 | 	Train MAPE Loss     : 0.45281893
Valid MSE Loss     : 0.00078190	 | 	Valid MAPE Loss     : 3.01605415
lr                 : [2.9999999999999997e-05]


Epoch : 20
Train MSE Loss     : 0.00005636	 | 	Train MAPE Loss     : 0.69416475
Valid MSE Loss     : 0.00064599	 | 	Valid MAPE Loss     : 2.73097491
lr                 : [2.9999999999999997e-05]


Epoch : 21
Train MSE Loss     : 0.00004263	 | 	Train MAPE Loss     : 0.57953119
Valid MSE Loss     : 0.00096604	 | 	Valid MAPE Loss     : 3.34249687
lr                 : [2.9999999999999997e-05]


Epoch : 22
Train MSE Loss     : 0.00004663	 | 	Train MAPE Loss     : 0.58704054
Valid MSE Loss     : 0.00086582	 | 	Valid MAPE Loss     : 3.13596773
lr                 : [2.9999999999999997e-05]


Epoch : 23
Train MSE Loss     : 0.00003931	 | 	Train MAPE Loss     : 0.53089178
Valid MSE Loss     : 0.00110920	 | 	Valid MAPE Loss     : 3.61435509
lr                 : [2.9999999999999997e-05]


Epoch : 24
Train MSE Loss     : 0.00003719	 | 	Train MAPE Loss     : 0.50848556
Valid MSE Loss     : 0.00097695	 | 	Valid MAPE Loss     : 3.37974453
lr                 : [2.9999999999999997e-05]


Epoch : 25
Train MSE Loss     : 0.00002995	 | 	Train MAPE Loss     : 0.45145300
Valid MSE Loss     : 0.00140241	 | 	Valid MAPE Loss     : 4.07026434
lr                 : [2.9999999999999997e-05]


Epoch : 26
Train MSE Loss     : 0.00003378	 | 	Train MAPE Loss     : 0.49658975
Valid MSE Loss     : 0.00142152	 | 	Valid MAPE Loss     : 4.09372425
lr                 : [2.9999999999999997e-05]


Epoch : 27
Train MSE Loss     : 0.00004045	 | 	Train MAPE Loss     : 0.55776781
Valid MSE Loss     : 0.00108627	 | 	Valid MAPE Loss     : 3.56841850
lr                 : [2.9999999999999997e-05]


Epoch : 28
Train MSE Loss     : 0.00004942	 | 	Train MAPE Loss     : 0.63057083
Valid MSE Loss     : 0.00125383	 | 	Valid MAPE Loss     : 3.85494089
lr                 : [2.9999999999999997e-05]


Epoch : 29
Train MSE Loss     : 0.00007912	 | 	Train MAPE Loss     : 0.83092916
Valid MSE Loss     : 0.00217359	 | 	Valid MAPE Loss     : 5.06826544
lr                 : [3e-06]


Epoch : 30
Train MSE Loss     : 0.00004517	 | 	Train MAPE Loss     : 0.58248621
Valid MSE Loss     : 0.00005107	 | 	Valid MAPE Loss     : 0.66816944
lr                 : [3e-06]


Epoch : 31
Train MSE Loss     : 0.00003428	 | 	Train MAPE Loss     : 0.50792146
Valid MSE Loss     : 0.00003835	 | 	Valid MAPE Loss     : 0.55075032
lr                 : [3e-06]


Epoch : 32
Train MSE Loss     : 0.00002309	 | 	Train MAPE Loss     : 0.42015153
Valid MSE Loss     : 0.00004569	 | 	Valid MAPE Loss     : 0.64152253
lr                 : [3e-06]


Epoch : 33
Train MSE Loss     : 0.00002426	 | 	Train MAPE Loss     : 0.42894819
Valid MSE Loss     : 0.00003782	 | 	Valid MAPE Loss     : 0.57091296
lr                 : [3e-06]


Epoch : 34
Train MSE Loss     : 0.00002195	 | 	Train MAPE Loss     : 0.41285348
Valid MSE Loss     : 0.00005002	 | 	Valid MAPE Loss     : 0.68670154
lr                 : [3e-06]


Epoch : 35
Train MSE Loss     : 0.00001635	 | 	Train MAPE Loss     : 0.34952706
Valid MSE Loss     : 0.00003391	 | 	Valid MAPE Loss     : 0.49830312
lr                 : [3e-06]


Epoch : 36
Train MSE Loss     : 0.00001642	 | 	Train MAPE Loss     : 0.34410116
Valid MSE Loss     : 0.00003944	 | 	Valid MAPE Loss     : 0.57300544
lr                 : [3e-06]


Epoch : 37
Train MSE Loss     : 0.00001652	 | 	Train MAPE Loss     : 0.34109125
Valid MSE Loss     : 0.00002923	 | 	Valid MAPE Loss     : 0.48880959
lr                 : [3e-06]


Epoch : 38
Train MSE Loss     : 0.00001589	 | 	Train MAPE Loss     : 0.33686081
Valid MSE Loss     : 0.00004141	 | 	Valid MAPE Loss     : 0.60295987
lr                 : [3e-06]


Epoch : 39
Train MSE Loss     : 0.00003026	 | 	Train MAPE Loss     : 0.48468280
Valid MSE Loss     : 0.00002986	 | 	Valid MAPE Loss     : 0.49774897
lr                 : [3e-06]


Epoch : 40
Train MSE Loss     : 0.00001385	 | 	Train MAPE Loss     : 0.30724427
Valid MSE Loss     : 0.00004926	 | 	Valid MAPE Loss     : 0.66858554
lr                 : [3e-06]


Epoch : 41
Train MSE Loss     : 0.00001675	 | 	Train MAPE Loss     : 0.35723788
Valid MSE Loss     : 0.00003785	 | 	Valid MAPE Loss     : 0.57002908
lr                 : [3e-06]


Epoch : 42
Train MSE Loss     : 0.00001541	 | 	Train MAPE Loss     : 0.33805880
Valid MSE Loss     : 0.00004703	 | 	Valid MAPE Loss     : 0.65708423
lr                 : [3e-06]


Epoch : 43
Train MSE Loss     : 0.00001883	 | 	Train MAPE Loss     : 0.37651980
Valid MSE Loss     : 0.00004958	 | 	Valid MAPE Loss     : 0.67497975
lr                 : [3e-06]


Epoch : 44
Train MSE Loss     : 0.00001758	 | 	Train MAPE Loss     : 0.35439330
Valid MSE Loss     : 0.00003033	 | 	Valid MAPE Loss     : 0.50314897
lr                 : [3e-06]


Epoch : 45
Train MSE Loss     : 0.00002660	 | 	Train MAPE Loss     : 0.46220678
Valid MSE Loss     : 0.00001983	 | 	Valid MAPE Loss     : 0.36277163
lr                 : [3e-06]


Epoch : 46
Train MSE Loss     : 0.00002281	 | 	Train MAPE Loss     : 0.40136901
Valid MSE Loss     : 0.00002931	 | 	Valid MAPE Loss     : 0.47671840
lr                 : [3e-06]


Epoch : 47
Train MSE Loss     : 0.00002792	 | 	Train MAPE Loss     : 0.46361125
Valid MSE Loss     : 0.00005746	 | 	Valid MAPE Loss     : 0.74431306
lr                 : [3e-06]


Epoch : 48
Train MSE Loss     : 0.00001923	 | 	Train MAPE Loss     : 0.36283049
Valid MSE Loss     : 0.00006965	 | 	Valid MAPE Loss     : 0.82090092
lr                 : [3e-06]


Epoch : 49
Train MSE Loss     : 0.00002221	 | 	Train MAPE Loss     : 0.40421575
Valid MSE Loss     : 0.00009552	 | 	Valid MAPE Loss     : 0.99330580
lr                 : [3e-06]


Epoch : 50
Train MSE Loss     : 0.00002778	 | 	Train MAPE Loss     : 0.43896651
Valid MSE Loss     : 0.00006370	 | 	Valid MAPE Loss     : 0.79022259
lr                 : [3e-06]


Epoch : 51
Train MSE Loss     : 0.00002674	 | 	Train MAPE Loss     : 0.45036229
Valid MSE Loss     : 0.00005172	 | 	Valid MAPE Loss     : 0.70053208
lr                 : [3e-06]


Epoch : 52
Train MSE Loss     : 0.00002147	 | 	Train MAPE Loss     : 0.39727762
Valid MSE Loss     : 0.00003181	 | 	Valid MAPE Loss     : 0.52847564
lr                 : [3e-06]


Epoch : 53
Train MSE Loss     : 0.00001697	 | 	Train MAPE Loss     : 0.35415164
Valid MSE Loss     : 0.00002453	 | 	Valid MAPE Loss     : 0.44620058
lr                 : [3e-06]


Epoch : 54
Train MSE Loss     : 0.00001901	 | 	Train MAPE Loss     : 0.36915725
Valid MSE Loss     : 0.00003078	 | 	Valid MAPE Loss     : 0.49907210
lr                 : [3e-06]


Epoch : 55
Train MSE Loss     : 0.00002319	 | 	Train MAPE Loss     : 0.41541371
Valid MSE Loss     : 0.00005557	 | 	Valid MAPE Loss     : 0.71078330
lr                 : [3e-06]


Epoch : 56
Train MSE Loss     : 0.00002560	 | 	Train MAPE Loss     : 0.44072810
Valid MSE Loss     : 0.00004663	 | 	Valid MAPE Loss     : 0.65565431
lr                 : [3.0000000000000004e-07]


Epoch : 57
Train MSE Loss     : 0.00002244	 | 	Train MAPE Loss     : 0.41108835
Valid MSE Loss     : 0.00001382	 | 	Valid MAPE Loss     : 0.31002083
lr                 : [3.0000000000000004e-07]


Epoch : 58
Train MSE Loss     : 0.00001491	 | 	Train MAPE Loss     : 0.32805610
Valid MSE Loss     : 0.00001231	 | 	Valid MAPE Loss     : 0.29202813
lr                 : [3.0000000000000004e-07]


Epoch : 59
Train MSE Loss     : 0.00002131	 | 	Train MAPE Loss     : 0.38697153
Valid MSE Loss     : 0.00001304	 | 	Valid MAPE Loss     : 0.29941535
lr                 : [3.0000000000000004e-07]


Epoch : 60
Train MSE Loss     : 0.00001706	 | 	Train MAPE Loss     : 0.34870574
Valid MSE Loss     : 0.00001354	 | 	Valid MAPE Loss     : 0.30975962
lr                 : [3.0000000000000004e-07]


Epoch : 61
Train MSE Loss     : 0.00001519	 | 	Train MAPE Loss     : 0.33367571
Valid MSE Loss     : 0.00001216	 | 	Valid MAPE Loss     : 0.28940660
lr                 : [3.0000000000000004e-07]


Epoch : 62
Train MSE Loss     : 0.00001628	 | 	Train MAPE Loss     : 0.34559992
Valid MSE Loss     : 0.00001209	 | 	Valid MAPE Loss     : 0.29156753
lr                 : [3.0000000000000004e-07]


Epoch : 63
Train MSE Loss     : 0.00001428	 | 	Train MAPE Loss     : 0.31802422
Valid MSE Loss     : 0.00001301	 | 	Valid MAPE Loss     : 0.29810905
lr                 : [3.0000000000000004e-07]


Epoch : 64
Train MSE Loss     : 0.00001478	 | 	Train MAPE Loss     : 0.32310310
Valid MSE Loss     : 0.00001246	 | 	Valid MAPE Loss     : 0.29250082
lr                 : [3.0000000000000004e-07]


Epoch : 65
Train MSE Loss     : 0.00001379	 | 	Train MAPE Loss     : 0.32026598
Valid MSE Loss     : 0.00001239	 | 	Valid MAPE Loss     : 0.29267228
lr                 : [3.0000000000000004e-07]


Epoch : 66
Train MSE Loss     : 0.00001567	 | 	Train MAPE Loss     : 0.33665878
Valid MSE Loss     : 0.00001323	 | 	Valid MAPE Loss     : 0.30878943
lr                 : [3.0000000000000004e-07]


Epoch : 67
Train MSE Loss     : 0.00001765	 | 	Train MAPE Loss     : 0.34282911
Valid MSE Loss     : 0.00001328	 | 	Valid MAPE Loss     : 0.30705589
lr                 : [3.0000000000000004e-07]


Epoch : 68
Train MSE Loss     : 0.00001977	 | 	Train MAPE Loss     : 0.38847339
Valid MSE Loss     : 0.00001238	 | 	Valid MAPE Loss     : 0.29445624
lr                 : [3.0000000000000004e-07]


Epoch : 69
Train MSE Loss     : 0.00001973	 | 	Train MAPE Loss     : 0.38286683
Valid MSE Loss     : 0.00001272	 | 	Valid MAPE Loss     : 0.29456043
lr                 : [3.0000000000000004e-07]


Epoch : 70
Train MSE Loss     : 0.00001318	 | 	Train MAPE Loss     : 0.31532788
Valid MSE Loss     : 0.00001238	 | 	Valid MAPE Loss     : 0.29346305
lr                 : [3.0000000000000004e-07]


Epoch : 71
Train MSE Loss     : 0.00001363	 | 	Train MAPE Loss     : 0.31057644
Valid MSE Loss     : 0.00001193	 | 	Valid MAPE Loss     : 0.29067302
lr                 : [3.0000000000000004e-07]


Epoch : 72
Train MSE Loss     : 0.00001534	 | 	Train MAPE Loss     : 0.33069697
Valid MSE Loss     : 0.00001325	 | 	Valid MAPE Loss     : 0.31107581
lr                 : [3.0000000000000004e-08]


Epoch : 73
Train MSE Loss     : 0.00001767	 | 	Train MAPE Loss     : 0.36942205
Valid MSE Loss     : 0.00001197	 | 	Valid MAPE Loss     : 0.28790382
lr                 : [3.0000000000000004e-08]


Epoch : 74
Train MSE Loss     : 0.00001477	 | 	Train MAPE Loss     : 0.32853517
Valid MSE Loss     : 0.00001309	 | 	Valid MAPE Loss     : 0.30974853
lr                 : [3.0000000000000004e-08]


Epoch : 75
Train MSE Loss     : 0.00002035	 | 	Train MAPE Loss     : 0.38910258
Valid MSE Loss     : 0.00001325	 | 	Valid MAPE Loss     : 0.31265599
lr                 : [3.0000000000000004e-08]


Epoch : 76
Train MSE Loss     : 0.00001125	 | 	Train MAPE Loss     : 0.27858463
Valid MSE Loss     : 0.00001224	 | 	Valid MAPE Loss     : 0.29270798
lr                 : [3.0000000000000004e-08]


Epoch : 77
Train MSE Loss     : 0.00001883	 | 	Train MAPE Loss     : 0.37985069
Valid MSE Loss     : 0.00001269	 | 	Valid MAPE Loss     : 0.29790583
lr                 : [3.0000000000000004e-08]


Epoch : 78
Train MSE Loss     : 0.00001805	 | 	Train MAPE Loss     : 0.36780363
Valid MSE Loss     : 0.00001196	 | 	Valid MAPE Loss     : 0.28816941
lr                 : [3.0000000000000004e-08]


Epoch : 79
Train MSE Loss     : 0.00002100	 | 	Train MAPE Loss     : 0.39702049
Valid MSE Loss     : 0.00001164	 | 	Valid MAPE Loss     : 0.28416499
lr                 : [3.0000000000000004e-08]


Epoch : 80
Train MSE Loss     : 0.00001665	 | 	Train MAPE Loss     : 0.35467443
Valid MSE Loss     : 0.00001314	 | 	Valid MAPE Loss     : 0.30978215
lr                 : [3.0000000000000004e-08]


Epoch : 81
Train MSE Loss     : 0.00001370	 | 	Train MAPE Loss     : 0.32449871
Valid MSE Loss     : 0.00001321	 | 	Valid MAPE Loss     : 0.31163681
lr                 : [3.0000000000000004e-08]


Epoch : 82
Train MSE Loss     : 0.00001421	 | 	Train MAPE Loss     : 0.31912482
Valid MSE Loss     : 0.00001362	 | 	Valid MAPE Loss     : 0.31834477
lr                 : [3.0000000000000004e-08]


Epoch : 83
Train MSE Loss     : 0.00001638	 | 	Train MAPE Loss     : 0.35075149
Valid MSE Loss     : 0.00001182	 | 	Valid MAPE Loss     : 0.28784901
lr                 : [3.0000000000000004e-08]


Epoch : 84
Train MSE Loss     : 0.00001590	 | 	Train MAPE Loss     : 0.33505321
Valid MSE Loss     : 0.00001224	 | 	Valid MAPE Loss     : 0.29228717
lr                 : [3.0000000000000004e-08]


Epoch : 85
Train MSE Loss     : 0.00001752	 | 	Train MAPE Loss     : 0.35630533
Valid MSE Loss     : 0.00001202	 | 	Valid MAPE Loss     : 0.28909212
lr                 : [3.0000000000000004e-08]


Epoch : 86
Train MSE Loss     : 0.00001741	 | 	Train MAPE Loss     : 0.35969570
Valid MSE Loss     : 0.00001257	 | 	Valid MAPE Loss     : 0.29976645
lr                 : [3.0000000000000004e-08]


Epoch : 87
Train MSE Loss     : 0.00001412	 | 	Train MAPE Loss     : 0.31950614
Valid MSE Loss     : 0.00001225	 | 	Valid MAPE Loss     : 0.29244846
lr                 : [3.0000000000000004e-08]


Epoch : 88
Train MSE Loss     : 0.00001611	 | 	Train MAPE Loss     : 0.34058452
Valid MSE Loss     : 0.00001209	 | 	Valid MAPE Loss     : 0.29122677
lr                 : [3.0000000000000004e-08]


Epoch : 89
Train MSE Loss     : 0.00002126	 | 	Train MAPE Loss     : 0.38953885
Valid MSE Loss     : 0.00001276	 | 	Valid MAPE Loss     : 0.30050308
lr                 : [3.0000000000000004e-08]


Epoch : 90
Train MSE Loss     : 0.00001690	 | 	Train MAPE Loss     : 0.35579142
Valid MSE Loss     : 0.00001209	 | 	Valid MAPE Loss     : 0.29044366
lr                 : [3.0000000000000004e-09]


Epoch : 91
Train MSE Loss     : 0.00001927	 | 	Train MAPE Loss     : 0.37855837
Valid MSE Loss     : 0.00001201	 | 	Valid MAPE Loss     : 0.28878096
lr                 : [3.0000000000000004e-09]


Epoch : 92
Train MSE Loss     : 0.00001502	 | 	Train MAPE Loss     : 0.33747837
Valid MSE Loss     : 0.00001250	 | 	Valid MAPE Loss     : 0.29871958
lr                 : [3.0000000000000004e-09]


Epoch : 93
Train MSE Loss     : 0.00001214	 | 	Train MAPE Loss     : 0.30025470
Valid MSE Loss     : 0.00001242	 | 	Valid MAPE Loss     : 0.29797542
lr                 : [3.0000000000000004e-09]


Epoch : 94
Train MSE Loss     : 0.00001497	 | 	Train MAPE Loss     : 0.33110386
Valid MSE Loss     : 0.00001182	 | 	Valid MAPE Loss     : 0.28686389
lr                 : [3.0000000000000004e-09]


Epoch : 95
Train MSE Loss     : 0.00001383	 | 	Train MAPE Loss     : 0.31360361
Valid MSE Loss     : 0.00001189	 | 	Valid MAPE Loss     : 0.28859615
lr                 : [3.0000000000000004e-09]


Epoch : 96
Train MSE Loss     : 0.00001365	 | 	Train MAPE Loss     : 0.31685036
Valid MSE Loss     : 0.00001276	 | 	Valid MAPE Loss     : 0.30370396
lr                 : [3.0000000000000004e-09]


Epoch : 97
Train MSE Loss     : 0.00001252	 | 	Train MAPE Loss     : 0.30055389
Valid MSE Loss     : 0.00001197	 | 	Valid MAPE Loss     : 0.28900671
lr                 : [3.0000000000000004e-09]


Epoch : 98
Train MSE Loss     : 0.00001399	 | 	Train MAPE Loss     : 0.31740844
Valid MSE Loss     : 0.00001257	 | 	Valid MAPE Loss     : 0.29940432
lr                 : [3.0000000000000004e-09]


Epoch : 99
Train MSE Loss     : 0.00001565	 | 	Train MAPE Loss     : 0.33622199
Valid MSE Loss     : 0.00001217	 | 	Valid MAPE Loss     : 0.29060227
lr                 : [3.0000000000000004e-09]


Epoch : 100
Train MSE Loss     : 0.00001312	 | 	Train MAPE Loss     : 0.30759346
Valid MSE Loss     : 0.00001194	 | 	Valid MAPE Loss     : 0.28890422
lr                 : [3.0000000000000004e-09]


Epoch : 101
Train MSE Loss     : 0.00001655	 | 	Train MAPE Loss     : 0.33890805
Valid MSE Loss     : 0.00001268	 | 	Valid MAPE Loss     : 0.29861823
lr                 : [3.0000000000000004e-09]


Epoch : 102
Train MSE Loss     : 0.00001609	 | 	Train MAPE Loss     : 0.35505730
Valid MSE Loss     : 0.00001205	 | 	Valid MAPE Loss     : 0.29010922
lr                 : [3.0000000000000004e-09]


Epoch : 103
Train MSE Loss     : 0.00001354	 | 	Train MAPE Loss     : 0.31452298
Valid MSE Loss     : 0.00001194	 | 	Valid MAPE Loss     : 0.28819284
lr                 : [3.0000000000000004e-09]


Epoch : 104
Train MSE Loss     : 0.00001438	 | 	Train MAPE Loss     : 0.31305796
Valid MSE Loss     : 0.00001352	 | 	Valid MAPE Loss     : 0.31589037
lr                 : [3.0000000000000004e-09]


Epoch : 105
Train MSE Loss     : 0.00001397	 | 	Train MAPE Loss     : 0.31611434
Valid MSE Loss     : 0.00001176	 | 	Valid MAPE Loss     : 0.28664631
lr                 : [3.0000000000000004e-09]


Epoch : 106
Train MSE Loss     : 0.00001623	 | 	Train MAPE Loss     : 0.34189662
Valid MSE Loss     : 0.00001255	 | 	Valid MAPE Loss     : 0.29620230
lr                 : [3.0000000000000004e-09]


Epoch : 107
Train MSE Loss     : 0.00001521	 | 	Train MAPE Loss     : 0.33295324
Valid MSE Loss     : 0.00001233	 | 	Valid MAPE Loss     : 0.29507992
lr                 : [3.0000000000000004e-09]


Epoch : 108
Train MSE Loss     : 0.00001873	 | 	Train MAPE Loss     : 0.35613284
Valid MSE Loss     : 0.00001177	 | 	Valid MAPE Loss     : 0.28685704
lr                 : [3.0000000000000004e-09]


Epoch : 109
Train MSE Loss     : 0.00001384	 | 	Train MAPE Loss     : 0.30921355
Valid MSE Loss     : 0.00001189	 | 	Valid MAPE Loss     : 0.28784484
lr                 : [3.0000000000000004e-09]


Epoch : 110
Train MSE Loss     : 0.00001796	 | 	Train MAPE Loss     : 0.36115384
Valid MSE Loss     : 0.00001257	 | 	Valid MAPE Loss     : 0.29912245
lr                 : [3.0000000000000004e-09]


Epoch : 111
Train MSE Loss     : 0.00001376	 | 	Train MAPE Loss     : 0.31550491
Valid MSE Loss     : 0.00001232	 | 	Valid MAPE Loss     : 0.29612920
lr                 : [3.0000000000000004e-09]


Epoch : 112
Train MSE Loss     : 0.00001988	 | 	Train MAPE Loss     : 0.38134775
Valid MSE Loss     : 0.00001260	 | 	Valid MAPE Loss     : 0.29921788
lr                 : [3.0000000000000004e-09]


Epoch : 113
Train MSE Loss     : 0.00001325	 | 	Train MAPE Loss     : 0.31019136
Valid MSE Loss     : 0.00001267	 | 	Valid MAPE Loss     : 0.29949236
lr                 : [3.0000000000000004e-09]


Epoch : 114
Train MSE Loss     : 0.00000978	 | 	Train MAPE Loss     : 0.25485685
Valid MSE Loss     : 0.00001241	 | 	Valid MAPE Loss     : 0.29593658
lr                 : [3.0000000000000004e-09]


Epoch : 115
Train MSE Loss     : 0.00001389	 | 	Train MAPE Loss     : 0.31814075
Valid MSE Loss     : 0.00001186	 | 	Valid MAPE Loss     : 0.28905162
lr                 : [3.0000000000000004e-09]


Epoch : 116
Train MSE Loss     : 0.00001410	 | 	Train MAPE Loss     : 0.32047692
Valid MSE Loss     : 0.00001298	 | 	Valid MAPE Loss     : 0.30650628
lr                 : [3.0000000000000004e-09]


Epoch : 117
Train MSE Loss     : 0.00001324	 | 	Train MAPE Loss     : 0.30594245
Valid MSE Loss     : 0.00001221	 | 	Valid MAPE Loss     : 0.29122859
lr                 : [3.0000000000000004e-09]


Epoch : 118
Train MSE Loss     : 0.00001931	 | 	Train MAPE Loss     : 0.37140429
Valid MSE Loss     : 0.00001237	 | 	Valid MAPE Loss     : 0.29294026
lr                 : [3.0000000000000004e-09]


Epoch : 119
Train MSE Loss     : 0.00001260	 | 	Train MAPE Loss     : 0.30313930
Valid MSE Loss     : 0.00001303	 | 	Valid MAPE Loss     : 0.30489746
lr                 : [3.0000000000000004e-09]


Epoch : 120
Train MSE Loss     : 0.00001290	 | 	Train MAPE Loss     : 0.30559871
Valid MSE Loss     : 0.00001201	 | 	Valid MAPE Loss     : 0.28978354
lr                 : [3.0000000000000004e-09]


Epoch : 121
Train MSE Loss     : 0.00001384	 | 	Train MAPE Loss     : 0.32113689
Valid MSE Loss     : 0.00001224	 | 	Valid MAPE Loss     : 0.29245621
lr                 : [3.0000000000000004e-09]


Epoch : 122
Train MSE Loss     : 0.00001430	 | 	Train MAPE Loss     : 0.31514335
Valid MSE Loss     : 0.00001263	 | 	Valid MAPE Loss     : 0.30070972
lr                 : [3.0000000000000004e-09]


Epoch : 123
Train MSE Loss     : 0.00001268	 | 	Train MAPE Loss     : 0.29544905
Valid MSE Loss     : 0.00001253	 | 	Valid MAPE Loss     : 0.29646176
lr                 : [3.0000000000000004e-09]


Epoch : 124
Train MSE Loss     : 0.00001352	 | 	Train MAPE Loss     : 0.30453137
Valid MSE Loss     : 0.00001219	 | 	Valid MAPE Loss     : 0.29202724
lr                 : [3.0000000000000004e-09]


Epoch : 125
Train MSE Loss     : 0.00001965	 | 	Train MAPE Loss     : 0.37262011
Valid MSE Loss     : 0.00001212	 | 	Valid MAPE Loss     : 0.29060316
lr                 : [3.0000000000000004e-09]


Epoch : 126
Train MSE Loss     : 0.00001649	 | 	Train MAPE Loss     : 0.34747815
Valid MSE Loss     : 0.00001201	 | 	Valid MAPE Loss     : 0.28843141
lr                 : [3.0000000000000004e-09]


Epoch : 127
Train MSE Loss     : 0.00001299	 | 	Train MAPE Loss     : 0.30350280
Valid MSE Loss     : 0.00001208	 | 	Valid MAPE Loss     : 0.28939739
lr                 : [3.0000000000000004e-09]


Epoch : 128
Train MSE Loss     : 0.00001537	 | 	Train MAPE Loss     : 0.33552465
Valid MSE Loss     : 0.00001251	 | 	Valid MAPE Loss     : 0.29392135
lr                 : [3.0000000000000004e-09]


Epoch : 129
Train MSE Loss     : 0.00001247	 | 	Train MAPE Loss     : 0.30015963
Valid MSE Loss     : 0.00001206	 | 	Valid MAPE Loss     : 0.28995121
lr                 : [3.0000000000000004e-09]


Epoch : 130
Train MSE Loss     : 0.00001394	 | 	Train MAPE Loss     : 0.32268769
Valid MSE Loss     : 0.00001270	 | 	Valid MAPE Loss     : 0.30064172
lr                 : [3.0000000000000004e-09]


Epoch : 131
Train MSE Loss     : 0.00001327	 | 	Train MAPE Loss     : 0.29967919
Valid MSE Loss     : 0.00001251	 | 	Valid MAPE Loss     : 0.29602692
lr                 : [3.0000000000000004e-09]


Epoch : 132
Train MSE Loss     : 0.00001532	 | 	Train MAPE Loss     : 0.34054589
Valid MSE Loss     : 0.00001198	 | 	Valid MAPE Loss     : 0.28896552
lr                 : [3.0000000000000004e-09]


Epoch : 133
Train MSE Loss     : 0.00001331	 | 	Train MAPE Loss     : 0.30051106
Valid MSE Loss     : 0.00001215	 | 	Valid MAPE Loss     : 0.29319513
lr                 : [3.0000000000000004e-09]


Epoch : 134
Train MSE Loss     : 0.00001838	 | 	Train MAPE Loss     : 0.37110040
Valid MSE Loss     : 0.00001265	 | 	Valid MAPE Loss     : 0.29923913
lr                 : [3.0000000000000004e-09]


Epoch : 135
Train MSE Loss     : 0.00001233	 | 	Train MAPE Loss     : 0.29313478
Valid MSE Loss     : 0.00001210	 | 	Valid MAPE Loss     : 0.29123139
lr                 : [3.0000000000000004e-09]


Epoch : 136
Train MSE Loss     : 0.00001272	 | 	Train MAPE Loss     : 0.30461377
Valid MSE Loss     : 0.00001265	 | 	Valid MAPE Loss     : 0.30060735
lr                 : [3.0000000000000004e-09]


Epoch : 137
Train MSE Loss     : 0.00001499	 | 	Train MAPE Loss     : 0.31754041
Valid MSE Loss     : 0.00001136	 | 	Valid MAPE Loss     : 0.28085369
lr                 : [3.0000000000000004e-09]


Epoch : 138
Train MSE Loss     : 0.00001351	 | 	Train MAPE Loss     : 0.31002486
Valid MSE Loss     : 0.00001177	 | 	Valid MAPE Loss     : 0.28678691
lr                 : [3.0000000000000004e-09]


Epoch : 139
Train MSE Loss     : 0.00001454	 | 	Train MAPE Loss     : 0.31918240
Valid MSE Loss     : 0.00001223	 | 	Valid MAPE Loss     : 0.29165709
lr                 : [3.0000000000000004e-09]


Epoch : 140
Train MSE Loss     : 0.00001695	 | 	Train MAPE Loss     : 0.34576884
Valid MSE Loss     : 0.00001245	 | 	Valid MAPE Loss     : 0.29838431
lr                 : [3.0000000000000004e-09]


Epoch : 141
Train MSE Loss     : 0.00001691	 | 	Train MAPE Loss     : 0.35408062
Valid MSE Loss     : 0.00001182	 | 	Valid MAPE Loss     : 0.28650314
lr                 : [3.0000000000000004e-09]


Epoch : 142
Train MSE Loss     : 0.00001637	 | 	Train MAPE Loss     : 0.34440687
Valid MSE Loss     : 0.00001203	 | 	Valid MAPE Loss     : 0.28992736
lr                 : [3.0000000000000004e-09]


Epoch : 143
Train MSE Loss     : 0.00001599	 | 	Train MAPE Loss     : 0.33704653
Valid MSE Loss     : 0.00001195	 | 	Valid MAPE Loss     : 0.28840327
lr                 : [3.0000000000000004e-09]


Epoch : 144
Train MSE Loss     : 0.00002292	 | 	Train MAPE Loss     : 0.39380351
Valid MSE Loss     : 0.00001158	 | 	Valid MAPE Loss     : 0.28419596
lr                 : [3.0000000000000004e-09]


Epoch : 145
Train MSE Loss     : 0.00001413	 | 	Train MAPE Loss     : 0.31900361
Valid MSE Loss     : 0.00001188	 | 	Valid MAPE Loss     : 0.28678876
lr                 : [3.0000000000000004e-09]


Epoch : 146
Train MSE Loss     : 0.00001617	 | 	Train MAPE Loss     : 0.34198928
Valid MSE Loss     : 0.00001195	 | 	Valid MAPE Loss     : 0.28760096
lr                 : [3.0000000000000004e-09]


Epoch : 147
Train MSE Loss     : 0.00001461	 | 	Train MAPE Loss     : 0.32897195
Valid MSE Loss     : 0.00001221	 | 	Valid MAPE Loss     : 0.29437953
lr                 : [3.0000000000000004e-09]


Epoch : 148
Train MSE Loss     : 0.00001439	 | 	Train MAPE Loss     : 0.31290615
Valid MSE Loss     : 0.00001235	 | 	Valid MAPE Loss     : 0.29492718
lr                 : [3.0000000000000004e-09]


Epoch : 149
Train MSE Loss     : 0.00001572	 | 	Train MAPE Loss     : 0.33768940
Valid MSE Loss     : 0.00001346	 | 	Valid MAPE Loss     : 0.31100699
lr                 : [3.0000000000000004e-09]


Epoch : 150
Train MSE Loss     : 0.00001249	 | 	Train MAPE Loss     : 0.29965964
Valid MSE Loss     : 0.00001240	 | 	Valid MAPE Loss     : 0.29436433
lr                 : [3.0000000000000004e-09]


Evaluate on the Test set:
Test MAPE loss      :0.26546419	 | Test MSE loss      : 0.00001127

################## Training is Done! #########################
