=============================================
Dataset: cell_XJTU_batch2_prepocess_data
Mode:    supervised_with_contrast
=============================================
Training started ....

Epoch : 1
Train MSE Loss     : 1.08642924	 | 	Train MAPE Loss     : 30.07044792
Valid MSE Loss     : 0.16145192	 | 	Valid MAPE Loss     : 43.04045486
lr                 : [0.0003]


Epoch : 2
Train MSE Loss     : 1.08851969	 | 	Train MAPE Loss     : 31.09984016
Valid MSE Loss     : 0.03812371	 | 	Valid MAPE Loss     : 19.67316055
lr                 : [0.0003]


Epoch : 3
Train MSE Loss     : 1.00606668	 | 	Train MAPE Loss     : 5.91408443
Valid MSE Loss     : 0.00346722	 | 	Valid MAPE Loss     : 6.04250002
lr                 : [0.0003]


Epoch : 4
Train MSE Loss     : 1.00071049	 | 	Train MAPE Loss     : 2.38508129
Valid MSE Loss     : 0.00215994	 | 	Valid MAPE Loss     : 4.79171610
lr                 : [0.0003]


Epoch : 5
Train MSE Loss     : 1.00098491	 | 	Train MAPE Loss     : 2.97586250
Valid MSE Loss     : 0.00033081	 | 	Valid MAPE Loss     : 1.60851920
lr                 : [0.0003]


Epoch : 6
Train MSE Loss     : 1.00028694	 | 	Train MAPE Loss     : 1.53340983
Valid MSE Loss     : 0.00436884	 | 	Valid MAPE Loss     : 7.06212378
lr                 : [0.0003]


Epoch : 7
Train MSE Loss     : 1.00058448	 | 	Train MAPE Loss     : 2.19176412
Valid MSE Loss     : 0.00184691	 | 	Valid MAPE Loss     : 4.61675739
lr                 : [0.0003]


Epoch : 8
Train MSE Loss     : 1.00023174	 | 	Train MAPE Loss     : 1.34698129
Valid MSE Loss     : 0.00122849	 | 	Valid MAPE Loss     : 3.63780189
lr                 : [0.0003]


Epoch : 9
Train MSE Loss     : 1.00043833	 | 	Train MAPE Loss     : 1.86780870
Valid MSE Loss     : 0.00014725	 | 	Valid MAPE Loss     : 1.18578804
lr                 : [0.0003]


Epoch : 10
Train MSE Loss     : 1.00468099	 | 	Train MAPE Loss     : 6.30338383
Valid MSE Loss     : 0.01194638	 | 	Valid MAPE Loss     : 11.80765629
lr                 : [0.0003]


Epoch : 11
Train MSE Loss     : 1.00278449	 | 	Train MAPE Loss     : 5.05204630
Valid MSE Loss     : 0.00193182	 | 	Valid MAPE Loss     : 4.72847033
lr                 : [0.0003]


Epoch : 12
Train MSE Loss     : 1.00757849	 | 	Train MAPE Loss     : 8.72061729
Valid MSE Loss     : 0.01594369	 | 	Valid MAPE Loss     : 13.64453411
lr                 : [0.0003]


Epoch : 13
Train MSE Loss     : 1.01264608	 | 	Train MAPE Loss     : 11.23936176
Valid MSE Loss     : 0.00005721	 | 	Valid MAPE Loss     : 0.71250319
lr                 : [0.0003]


Epoch : 14
Train MSE Loss     : 1.00073767	 | 	Train MAPE Loss     : 2.43081117
Valid MSE Loss     : 0.00869326	 | 	Valid MAPE Loss     : 10.09902382
lr                 : [0.0003]


Epoch : 15
Train MSE Loss     : 1.01794112	 | 	Train MAPE Loss     : 14.58484840
Valid MSE Loss     : 0.01030982	 | 	Valid MAPE Loss     : 10.94539165
lr                 : [0.0003]


Epoch : 16
Train MSE Loss     : 1.00162995	 | 	Train MAPE Loss     : 3.52160358
Valid MSE Loss     : 0.00016214	 | 	Valid MAPE Loss     : 1.34135103
lr                 : [0.0003]


Epoch : 17
Train MSE Loss     : 1.00339413	 | 	Train MAPE Loss     : 5.76476145
Valid MSE Loss     : 0.00033747	 | 	Valid MAPE Loss     : 1.95272863
lr                 : [0.0003]


Epoch : 18
Train MSE Loss     : 1.00215101	 | 	Train MAPE Loss     : 4.40530968
Valid MSE Loss     : 0.00049994	 | 	Valid MAPE Loss     : 2.32313943
lr                 : [0.0003]


Epoch : 19
Train MSE Loss     : 1.00090158	 | 	Train MAPE Loss     : 2.48256230
Valid MSE Loss     : 0.00284295	 | 	Valid MAPE Loss     : 5.77938986
lr                 : [0.0003]


Epoch : 20
Train MSE Loss     : 1.00290585	 | 	Train MAPE Loss     : 5.08082819
Valid MSE Loss     : 0.00151331	 | 	Valid MAPE Loss     : 4.18953466
lr                 : [0.0003]


Epoch : 21
Train MSE Loss     : 1.00139010	 | 	Train MAPE Loss     : 3.43288231
Valid MSE Loss     : 0.00164787	 | 	Valid MAPE Loss     : 4.27737188
lr                 : [0.0003]


Epoch : 22
Train MSE Loss     : 1.00036573	 | 	Train MAPE Loss     : 1.68788588
Valid MSE Loss     : 0.00027362	 | 	Valid MAPE Loss     : 1.78693259
lr                 : [0.0003]


Epoch : 23
Train MSE Loss     : 1.00106716	 | 	Train MAPE Loss     : 3.30973959
Valid MSE Loss     : 0.00214102	 | 	Valid MAPE Loss     : 4.98687124
lr                 : [0.0003]


Epoch : 24
Train MSE Loss     : 1.00100219	 | 	Train MAPE Loss     : 2.78996825
Valid MSE Loss     : 0.00006834	 | 	Valid MAPE Loss     : 0.72657269
lr                 : [2.9999999999999997e-05]


Epoch : 25
Train MSE Loss     : 1.00127506	 | 	Train MAPE Loss     : 3.75608516
Valid MSE Loss     : 0.00027346	 | 	Valid MAPE Loss     : 1.73210490
lr                 : [2.9999999999999997e-05]


Epoch : 26
Train MSE Loss     : 1.00007808	 | 	Train MAPE Loss     : 0.78853244
Valid MSE Loss     : 0.00002474	 | 	Valid MAPE Loss     : 0.40479198
lr                 : [2.9999999999999997e-05]


Epoch : 27
Train MSE Loss     : 1.00004292	 | 	Train MAPE Loss     : 0.57280684
Valid MSE Loss     : 0.00002435	 | 	Valid MAPE Loss     : 0.43893719
lr                 : [2.9999999999999997e-05]


Epoch : 28
Train MSE Loss     : 1.00002754	 | 	Train MAPE Loss     : 0.48887119
Valid MSE Loss     : 0.00001638	 | 	Valid MAPE Loss     : 0.30692396
lr                 : [2.9999999999999997e-05]


Epoch : 29
Train MSE Loss     : 1.00006771	 | 	Train MAPE Loss     : 0.80358618
Valid MSE Loss     : 0.00002118	 | 	Valid MAPE Loss     : 0.40777934
lr                 : [2.9999999999999997e-05]


Epoch : 30
Train MSE Loss     : 1.00005233	 | 	Train MAPE Loss     : 0.63475215
Valid MSE Loss     : 0.00007913	 | 	Valid MAPE Loss     : 0.94490689
lr                 : [2.9999999999999997e-05]


Epoch : 31
Train MSE Loss     : 1.00003994	 | 	Train MAPE Loss     : 0.56210822
Valid MSE Loss     : 0.00010002	 | 	Valid MAPE Loss     : 1.00487149
lr                 : [2.9999999999999997e-05]


Epoch : 32
Train MSE Loss     : 1.00002742	 | 	Train MAPE Loss     : 0.45572919
Valid MSE Loss     : 0.00007100	 | 	Valid MAPE Loss     : 0.85729438
lr                 : [2.9999999999999997e-05]


Epoch : 33
Train MSE Loss     : 1.00002301	 | 	Train MAPE Loss     : 0.42254609
Valid MSE Loss     : 0.00006927	 | 	Valid MAPE Loss     : 0.85393977
lr                 : [2.9999999999999997e-05]


Epoch : 34
Train MSE Loss     : 1.00005805	 | 	Train MAPE Loss     : 0.67212856
Valid MSE Loss     : 0.00005985	 | 	Valid MAPE Loss     : 0.78769463
lr                 : [2.9999999999999997e-05]


Epoch : 35
Train MSE Loss     : 1.00002396	 | 	Train MAPE Loss     : 0.44743818
Valid MSE Loss     : 0.00007594	 | 	Valid MAPE Loss     : 0.89753550
lr                 : [2.9999999999999997e-05]


Epoch : 36
Train MSE Loss     : 1.00002444	 | 	Train MAPE Loss     : 0.45041537
Valid MSE Loss     : 0.00006515	 | 	Valid MAPE Loss     : 0.80953741
lr                 : [2.9999999999999997e-05]


Epoch : 37
Train MSE Loss     : 1.00001442	 | 	Train MAPE Loss     : 0.31288716
Valid MSE Loss     : 0.00014693	 | 	Valid MAPE Loss     : 1.26258230
lr                 : [2.9999999999999997e-05]


Epoch : 38
Train MSE Loss     : 1.00003684	 | 	Train MAPE Loss     : 0.54004538
Valid MSE Loss     : 0.00007314	 | 	Valid MAPE Loss     : 0.87860709
lr                 : [2.9999999999999997e-05]


Epoch : 39
Train MSE Loss     : 1.00003195	 | 	Train MAPE Loss     : 0.51054788
Valid MSE Loss     : 0.00001309	 | 	Valid MAPE Loss     : 0.25960216
lr                 : [2.9999999999999997e-05]


Epoch : 40
Train MSE Loss     : 1.00003839	 | 	Train MAPE Loss     : 0.53125834
Valid MSE Loss     : 0.00002151	 | 	Valid MAPE Loss     : 0.38406649
lr                 : [2.9999999999999997e-05]


Epoch : 41
Train MSE Loss     : 1.00003147	 | 	Train MAPE Loss     : 0.52649790
Valid MSE Loss     : 0.00022179	 | 	Valid MAPE Loss     : 1.57768667
lr                 : [2.9999999999999997e-05]


Epoch : 42
Train MSE Loss     : 1.00008476	 | 	Train MAPE Loss     : 0.81077272
Valid MSE Loss     : 0.00002979	 | 	Valid MAPE Loss     : 0.50509411
lr                 : [2.9999999999999997e-05]


Epoch : 43
Train MSE Loss     : 1.00005698	 | 	Train MAPE Loss     : 0.72435540
Valid MSE Loss     : 0.00004378	 | 	Valid MAPE Loss     : 0.64716727
lr                 : [2.9999999999999997e-05]


Epoch : 44
Train MSE Loss     : 1.00002801	 | 	Train MAPE Loss     : 0.47066548
Valid MSE Loss     : 0.00006931	 | 	Valid MAPE Loss     : 0.84889078
lr                 : [2.9999999999999997e-05]


Epoch : 45
Train MSE Loss     : 1.00002241	 | 	Train MAPE Loss     : 0.39635238
Valid MSE Loss     : 0.00003964	 | 	Valid MAPE Loss     : 0.64999956
lr                 : [2.9999999999999997e-05]


Epoch : 46
Train MSE Loss     : 1.00003660	 | 	Train MAPE Loss     : 0.54471540
Valid MSE Loss     : 0.00005555	 | 	Valid MAPE Loss     : 0.73668844
lr                 : [2.9999999999999997e-05]


Epoch : 47
Train MSE Loss     : 1.00002372	 | 	Train MAPE Loss     : 0.44988170
Valid MSE Loss     : 0.00001100	 | 	Valid MAPE Loss     : 0.20764923
lr                 : [2.9999999999999997e-05]


Epoch : 48
Train MSE Loss     : 1.00002003	 | 	Train MAPE Loss     : 0.42137519
Valid MSE Loss     : 0.00000870	 | 	Valid MAPE Loss     : 0.16461869
lr                 : [2.9999999999999997e-05]


Epoch : 49
Train MSE Loss     : 1.00001681	 | 	Train MAPE Loss     : 0.37158328
Valid MSE Loss     : 0.00008898	 | 	Valid MAPE Loss     : 0.95718211
lr                 : [2.9999999999999997e-05]


Epoch : 50
Train MSE Loss     : 1.00002122	 | 	Train MAPE Loss     : 0.40419316
Valid MSE Loss     : 0.00006310	 | 	Valid MAPE Loss     : 0.80086613
lr                 : [2.9999999999999997e-05]


Epoch : 51
Train MSE Loss     : 1.00002074	 | 	Train MAPE Loss     : 0.39869562
Valid MSE Loss     : 0.00000731	 | 	Valid MAPE Loss     : 0.09415587
lr                 : [2.9999999999999997e-05]


Epoch : 52
Train MSE Loss     : 1.00003970	 | 	Train MAPE Loss     : 0.57913786
Valid MSE Loss     : 0.00001338	 | 	Valid MAPE Loss     : 0.23028009
lr                 : [2.9999999999999997e-05]


Epoch : 53
Train MSE Loss     : 1.00001287	 | 	Train MAPE Loss     : 0.32855693
Valid MSE Loss     : 0.00001095	 | 	Valid MAPE Loss     : 0.22574353
lr                 : [2.9999999999999997e-05]


Epoch : 54
Train MSE Loss     : 1.00002909	 | 	Train MAPE Loss     : 0.49531174
Valid MSE Loss     : 0.00001452	 | 	Valid MAPE Loss     : 0.26405224
lr                 : [2.9999999999999997e-05]


Epoch : 55
Train MSE Loss     : 1.00003088	 | 	Train MAPE Loss     : 0.49055919
Valid MSE Loss     : 0.00025450	 | 	Valid MAPE Loss     : 1.69301069
lr                 : [2.9999999999999997e-05]


Epoch : 56
Train MSE Loss     : 1.00007093	 | 	Train MAPE Loss     : 0.80934274
Valid MSE Loss     : 0.00000828	 | 	Valid MAPE Loss     : 0.13478111
lr                 : [2.9999999999999997e-05]


Epoch : 57
Train MSE Loss     : 1.00001884	 | 	Train MAPE Loss     : 0.39774457
Valid MSE Loss     : 0.00004293	 | 	Valid MAPE Loss     : 0.64207155
lr                 : [2.9999999999999997e-05]


Epoch : 58
Train MSE Loss     : 1.00001931	 | 	Train MAPE Loss     : 0.39330888
Valid MSE Loss     : 0.00003022	 | 	Valid MAPE Loss     : 0.48654047
lr                 : [2.9999999999999997e-05]


Epoch : 59
Train MSE Loss     : 1.00010705	 | 	Train MAPE Loss     : 1.00669682
Valid MSE Loss     : 0.00008900	 | 	Valid MAPE Loss     : 0.98152608
lr                 : [2.9999999999999997e-05]


Epoch : 60
Train MSE Loss     : 1.00009596	 | 	Train MAPE Loss     : 0.92819518
Valid MSE Loss     : 0.00001887	 | 	Valid MAPE Loss     : 0.40788984
lr                 : [2.9999999999999997e-05]


Epoch : 61
Train MSE Loss     : 1.00003743	 | 	Train MAPE Loss     : 0.51879036
Valid MSE Loss     : 0.00008595	 | 	Valid MAPE Loss     : 0.90946293
lr                 : [2.9999999999999997e-05]


Epoch : 62
Train MSE Loss     : 1.00004399	 | 	Train MAPE Loss     : 0.61672860
Valid MSE Loss     : 0.00020117	 | 	Valid MAPE Loss     : 1.50253141
lr                 : [3e-06]


Epoch : 63
Train MSE Loss     : 1.00004733	 | 	Train MAPE Loss     : 0.66365713
Valid MSE Loss     : 0.00004815	 | 	Valid MAPE Loss     : 0.67472744
lr                 : [3e-06]


Epoch : 64
Train MSE Loss     : 1.00001299	 | 	Train MAPE Loss     : 0.29741120
Valid MSE Loss     : 0.00000807	 | 	Valid MAPE Loss     : 0.13538127
lr                 : [3e-06]


Epoch : 65
Train MSE Loss     : 1.00001383	 | 	Train MAPE Loss     : 0.32037821
Valid MSE Loss     : 0.00003192	 | 	Valid MAPE Loss     : 0.53463322
lr                 : [3e-06]


Epoch : 66
Train MSE Loss     : 1.00001919	 | 	Train MAPE Loss     : 0.38394460
Valid MSE Loss     : 0.00003962	 | 	Valid MAPE Loss     : 0.60323149
lr                 : [3e-06]


Epoch : 67
Train MSE Loss     : 1.00001502	 | 	Train MAPE Loss     : 0.34924603
Valid MSE Loss     : 0.00003799	 | 	Valid MAPE Loss     : 0.58883911
lr                 : [3e-06]


Epoch : 68
Train MSE Loss     : 1.00001490	 | 	Train MAPE Loss     : 0.34817305
Valid MSE Loss     : 0.00002859	 | 	Valid MAPE Loss     : 0.46874893
lr                 : [3e-06]


Epoch : 69
Train MSE Loss     : 1.00001681	 | 	Train MAPE Loss     : 0.36763087
Valid MSE Loss     : 0.00003947	 | 	Valid MAPE Loss     : 0.59932548
lr                 : [3e-06]


Epoch : 70
Train MSE Loss     : 1.00001252	 | 	Train MAPE Loss     : 0.29955646
Valid MSE Loss     : 0.00003138	 | 	Valid MAPE Loss     : 0.50361854
lr                 : [3e-06]


Epoch : 71
Train MSE Loss     : 1.00001502	 | 	Train MAPE Loss     : 0.34858119
Valid MSE Loss     : 0.00001463	 | 	Valid MAPE Loss     : 0.27832183
lr                 : [3e-06]


Epoch : 72
Train MSE Loss     : 1.00001943	 | 	Train MAPE Loss     : 0.39769757
Valid MSE Loss     : 0.00001540	 | 	Valid MAPE Loss     : 0.29251492
lr                 : [3e-06]


Epoch : 73
Train MSE Loss     : 1.00002217	 | 	Train MAPE Loss     : 0.40583438
Valid MSE Loss     : 0.00002555	 | 	Valid MAPE Loss     : 0.45104218
lr                 : [3.0000000000000004e-07]


Epoch : 74
Train MSE Loss     : 1.00000811	 | 	Train MAPE Loss     : 0.24027646
Valid MSE Loss     : 0.00002614	 | 	Valid MAPE Loss     : 0.46275505
lr                 : [3.0000000000000004e-07]


Epoch : 75
Train MSE Loss     : 1.00001681	 | 	Train MAPE Loss     : 0.35774449
Valid MSE Loss     : 0.00001522	 | 	Valid MAPE Loss     : 0.29780486
lr                 : [3.0000000000000004e-07]


Epoch : 76
Train MSE Loss     : 1.00000942	 | 	Train MAPE Loss     : 0.25601122
Valid MSE Loss     : 0.00003089	 | 	Valid MAPE Loss     : 0.51957887
lr                 : [3.0000000000000004e-07]


Epoch : 77
Train MSE Loss     : 1.00001931	 | 	Train MAPE Loss     : 0.39281473
Valid MSE Loss     : 0.00003211	 | 	Valid MAPE Loss     : 0.53081411
lr                 : [3.0000000000000004e-07]


Epoch : 78
Train MSE Loss     : 1.00001240	 | 	Train MAPE Loss     : 0.31777790
Valid MSE Loss     : 0.00001475	 | 	Valid MAPE Loss     : 0.27718785
lr                 : [3.0000000000000004e-07]


Epoch : 79
Train MSE Loss     : 1.00001371	 | 	Train MAPE Loss     : 0.32330841
Valid MSE Loss     : 0.00001102	 | 	Valid MAPE Loss     : 0.19704306
lr                 : [3.0000000000000004e-07]


Epoch : 80
Train MSE Loss     : 1.00001025	 | 	Train MAPE Loss     : 0.28682289
Valid MSE Loss     : 0.00001547	 | 	Valid MAPE Loss     : 0.30550742
lr                 : [3.0000000000000004e-07]


Epoch : 81
Train MSE Loss     : 1.00002229	 | 	Train MAPE Loss     : 0.39374661
Valid MSE Loss     : 0.00000797	 | 	Valid MAPE Loss     : 0.15636352
lr                 : [3.0000000000000004e-07]


Epoch : 82
Train MSE Loss     : 1.00001562	 | 	Train MAPE Loss     : 0.35182932
Valid MSE Loss     : 0.00001041	 | 	Valid MAPE Loss     : 0.18514843
lr                 : [3.0000000000000004e-07]


Epoch : 83
Train MSE Loss     : 1.00001407	 | 	Train MAPE Loss     : 0.32392061
Valid MSE Loss     : 0.00001638	 | 	Valid MAPE Loss     : 0.30998746
lr                 : [3.0000000000000004e-07]


Epoch : 84
Train MSE Loss     : 1.00000966	 | 	Train MAPE Loss     : 0.27324918
Valid MSE Loss     : 0.00003099	 | 	Valid MAPE Loss     : 0.51191604
lr                 : [3.0000000000000004e-08]


Epoch : 85
Train MSE Loss     : 1.00001431	 | 	Train MAPE Loss     : 0.34106004
Valid MSE Loss     : 0.00003395	 | 	Valid MAPE Loss     : 0.53942364
lr                 : [3.0000000000000004e-08]


Epoch : 86
Train MSE Loss     : 1.00002003	 | 	Train MAPE Loss     : 0.41671506
Valid MSE Loss     : 0.00002805	 | 	Valid MAPE Loss     : 0.48031864
lr                 : [3.0000000000000004e-08]


Epoch : 87
Train MSE Loss     : 1.00000787	 | 	Train MAPE Loss     : 0.24360052
Valid MSE Loss     : 0.00004970	 | 	Valid MAPE Loss     : 0.69374990
lr                 : [3.0000000000000004e-08]


Epoch : 88
Train MSE Loss     : 1.00001240	 | 	Train MAPE Loss     : 0.29076165
Valid MSE Loss     : 0.00002973	 | 	Valid MAPE Loss     : 0.48585662
lr                 : [3.0000000000000004e-08]


Epoch : 89
Train MSE Loss     : 1.00001085	 | 	Train MAPE Loss     : 0.28349000
Valid MSE Loss     : 0.00004199	 | 	Valid MAPE Loss     : 0.62518024
lr                 : [3.0000000000000004e-08]


Epoch : 90
Train MSE Loss     : 1.00001109	 | 	Train MAPE Loss     : 0.30297765
Valid MSE Loss     : 0.00004040	 | 	Valid MAPE Loss     : 0.61358100
lr                 : [3.0000000000000004e-08]


Epoch : 91
Train MSE Loss     : 1.00002313	 | 	Train MAPE Loss     : 0.41480628
Valid MSE Loss     : 0.00002264	 | 	Valid MAPE Loss     : 0.40325642
lr                 : [3.0000000000000004e-08]


Epoch : 92
Train MSE Loss     : 1.00001013	 | 	Train MAPE Loss     : 0.29166976
Valid MSE Loss     : 0.00003079	 | 	Valid MAPE Loss     : 0.51050210
lr                 : [3.0000000000000004e-08]


Epoch : 93
Train MSE Loss     : 1.00001681	 | 	Train MAPE Loss     : 0.36422768
Valid MSE Loss     : 0.00003853	 | 	Valid MAPE Loss     : 0.58352834
lr                 : [3.0000000000000004e-08]


Epoch : 94
Train MSE Loss     : 1.00001323	 | 	Train MAPE Loss     : 0.31519845
Valid MSE Loss     : 0.00003744	 | 	Valid MAPE Loss     : 0.57999301
lr                 : [3.0000000000000004e-08]


Epoch : 95
Train MSE Loss     : 1.00001442	 | 	Train MAPE Loss     : 0.33561182
Valid MSE Loss     : 0.00002349	 | 	Valid MAPE Loss     : 0.42053023
lr                 : [3.0000000000000004e-09]


Epoch : 96
Train MSE Loss     : 1.00001955	 | 	Train MAPE Loss     : 0.39190248
Valid MSE Loss     : 0.00002838	 | 	Valid MAPE Loss     : 0.49294031
lr                 : [3.0000000000000004e-09]


Epoch : 97
Train MSE Loss     : 1.00002265	 | 	Train MAPE Loss     : 0.41205058
Valid MSE Loss     : 0.00001629	 | 	Valid MAPE Loss     : 0.28469479
lr                 : [3.0000000000000004e-09]


Epoch : 98
Train MSE Loss     : 1.00002325	 | 	Train MAPE Loss     : 0.40767115
Valid MSE Loss     : 0.00003505	 | 	Valid MAPE Loss     : 0.55365461
lr                 : [3.0000000000000004e-09]


Epoch : 99
Train MSE Loss     : 1.00001228	 | 	Train MAPE Loss     : 0.30747369
Valid MSE Loss     : 0.00001801	 | 	Valid MAPE Loss     : 0.34846058
lr                 : [3.0000000000000004e-09]


Epoch : 100
Train MSE Loss     : 1.00001204	 | 	Train MAPE Loss     : 0.29736039
Valid MSE Loss     : 0.00002088	 | 	Valid MAPE Loss     : 0.37854019
lr                 : [3.0000000000000004e-09]


Epoch : 101
Train MSE Loss     : 1.00001001	 | 	Train MAPE Loss     : 0.27905592
Valid MSE Loss     : 0.00002502	 | 	Valid MAPE Loss     : 0.44715318
lr                 : [3.0000000000000004e-09]


Epoch : 102
Train MSE Loss     : 1.00001180	 | 	Train MAPE Loss     : 0.31112376
Valid MSE Loss     : 0.00003771	 | 	Valid MAPE Loss     : 0.57536769
lr                 : [3.0000000000000004e-09]


Epoch : 103
Train MSE Loss     : 1.00001752	 | 	Train MAPE Loss     : 0.39779481
Valid MSE Loss     : 0.00004209	 | 	Valid MAPE Loss     : 0.62332779
lr                 : [3.0000000000000004e-09]


Epoch : 104
Train MSE Loss     : 1.00001764	 | 	Train MAPE Loss     : 0.36576298
Valid MSE Loss     : 0.00001739	 | 	Valid MAPE Loss     : 0.32547551
lr                 : [3.0000000000000004e-09]


Epoch : 105
Train MSE Loss     : 1.00001299	 | 	Train MAPE Loss     : 0.33568642
Valid MSE Loss     : 0.00004156	 | 	Valid MAPE Loss     : 0.62463814
lr                 : [3.0000000000000004e-09]


Epoch : 106
Train MSE Loss     : 1.00001872	 | 	Train MAPE Loss     : 0.36234364
Valid MSE Loss     : 0.00002731	 | 	Valid MAPE Loss     : 0.45986500
lr                 : [3.0000000000000004e-09]


Epoch : 107
Train MSE Loss     : 1.00001240	 | 	Train MAPE Loss     : 0.33099115
Valid MSE Loss     : 0.00002348	 | 	Valid MAPE Loss     : 0.41898736
lr                 : [3.0000000000000004e-09]


Epoch : 108
Train MSE Loss     : 1.00001216	 | 	Train MAPE Loss     : 0.30405608
Valid MSE Loss     : 0.00005264	 | 	Valid MAPE Loss     : 0.72451228
lr                 : [3.0000000000000004e-09]


Epoch : 109
Train MSE Loss     : 1.00001431	 | 	Train MAPE Loss     : 0.33081311
Valid MSE Loss     : 0.00001258	 | 	Valid MAPE Loss     : 0.23622282
lr                 : [3.0000000000000004e-09]


Epoch : 110
Train MSE Loss     : 1.00001192	 | 	Train MAPE Loss     : 0.30847526
Valid MSE Loss     : 0.00004072	 | 	Valid MAPE Loss     : 0.61394560
lr                 : [3.0000000000000004e-09]


Epoch : 111
Train MSE Loss     : 1.00001228	 | 	Train MAPE Loss     : 0.31240529
Valid MSE Loss     : 0.00002692	 | 	Valid MAPE Loss     : 0.47247028
lr                 : [3.0000000000000004e-09]


Epoch : 112
Train MSE Loss     : 1.00001907	 | 	Train MAPE Loss     : 0.38080612
Valid MSE Loss     : 0.00001642	 | 	Valid MAPE Loss     : 0.32582110
lr                 : [3.0000000000000004e-09]


Epoch : 113
Train MSE Loss     : 1.00000763	 | 	Train MAPE Loss     : 0.24092546
Valid MSE Loss     : 0.00003690	 | 	Valid MAPE Loss     : 0.56792992
lr                 : [3.0000000000000004e-09]


Epoch : 114
Train MSE Loss     : 1.00000989	 | 	Train MAPE Loss     : 0.28060853
Valid MSE Loss     : 0.00004043	 | 	Valid MAPE Loss     : 0.60173076
lr                 : [3.0000000000000004e-09]


Epoch : 115
Train MSE Loss     : 1.00001776	 | 	Train MAPE Loss     : 0.36847121
Valid MSE Loss     : 0.00004037	 | 	Valid MAPE Loss     : 0.60686213
lr                 : [3.0000000000000004e-09]


Epoch : 116
Train MSE Loss     : 1.00001228	 | 	Train MAPE Loss     : 0.30609179
Valid MSE Loss     : 0.00002852	 | 	Valid MAPE Loss     : 0.48523346
lr                 : [3.0000000000000004e-09]


Epoch : 117
Train MSE Loss     : 1.00001681	 | 	Train MAPE Loss     : 0.37127274
Valid MSE Loss     : 0.00003877	 | 	Valid MAPE Loss     : 0.59625465
lr                 : [3.0000000000000004e-09]


Epoch : 118
Train MSE Loss     : 1.00001276	 | 	Train MAPE Loss     : 0.32282278
Valid MSE Loss     : 0.00001887	 | 	Valid MAPE Loss     : 0.35671639
lr                 : [3.0000000000000004e-09]


Epoch : 119
Train MSE Loss     : 1.00000882	 | 	Train MAPE Loss     : 0.25825632
Valid MSE Loss     : 0.00002422	 | 	Valid MAPE Loss     : 0.43750000
lr                 : [3.0000000000000004e-09]


Epoch : 120
Train MSE Loss     : 1.00000918	 | 	Train MAPE Loss     : 0.25617784
Valid MSE Loss     : 0.00002859	 | 	Valid MAPE Loss     : 0.49071041
lr                 : [3.0000000000000004e-09]


Epoch : 121
Train MSE Loss     : 1.00001109	 | 	Train MAPE Loss     : 0.28726503
Valid MSE Loss     : 0.00004603	 | 	Valid MAPE Loss     : 0.65546244
lr                 : [3.0000000000000004e-09]


Epoch : 122
Train MSE Loss     : 1.00001502	 | 	Train MAPE Loss     : 0.28931800
Valid MSE Loss     : 0.00003613	 | 	Valid MAPE Loss     : 0.56774187
lr                 : [3.0000000000000004e-09]


Epoch : 123
Train MSE Loss     : 1.00001419	 | 	Train MAPE Loss     : 0.31365055
Valid MSE Loss     : 0.00001224	 | 	Valid MAPE Loss     : 0.22312093
lr                 : [3.0000000000000004e-09]


Epoch : 124
Train MSE Loss     : 1.00002325	 | 	Train MAPE Loss     : 0.41861895
Valid MSE Loss     : 0.00004494	 | 	Valid MAPE Loss     : 0.64905125
lr                 : [3.0000000000000004e-09]


Epoch : 125
Train MSE Loss     : 1.00001180	 | 	Train MAPE Loss     : 0.28026828
Valid MSE Loss     : 0.00005678	 | 	Valid MAPE Loss     : 0.75639993
lr                 : [3.0000000000000004e-09]


Epoch : 126
Train MSE Loss     : 1.00001204	 | 	Train MAPE Loss     : 0.29485875
Valid MSE Loss     : 0.00003137	 | 	Valid MAPE Loss     : 0.51490933
lr                 : [3.0000000000000004e-09]


Epoch : 127
Train MSE Loss     : 1.00001025	 | 	Train MAPE Loss     : 0.28428832
Valid MSE Loss     : 0.00002350	 | 	Valid MAPE Loss     : 0.43103600
lr                 : [3.0000000000000004e-09]


Epoch : 128
Train MSE Loss     : 1.00001991	 | 	Train MAPE Loss     : 0.40798712
Valid MSE Loss     : 0.00003111	 | 	Valid MAPE Loss     : 0.51651889
lr                 : [3.0000000000000004e-09]


Epoch : 129
Train MSE Loss     : 1.00001466	 | 	Train MAPE Loss     : 0.32625371
Valid MSE Loss     : 0.00003123	 | 	Valid MAPE Loss     : 0.52289557
lr                 : [3.0000000000000004e-09]


Epoch : 130
Train MSE Loss     : 1.00002325	 | 	Train MAPE Loss     : 0.43747595
Valid MSE Loss     : 0.00002304	 | 	Valid MAPE Loss     : 0.41672525
lr                 : [3.0000000000000004e-09]


Epoch : 131
Train MSE Loss     : 1.00001144	 | 	Train MAPE Loss     : 0.28454408
Valid MSE Loss     : 0.00003361	 | 	Valid MAPE Loss     : 0.53877205
lr                 : [3.0000000000000004e-09]


Epoch : 132
Train MSE Loss     : 1.00002146	 | 	Train MAPE Loss     : 0.41636732
Valid MSE Loss     : 0.00002336	 | 	Valid MAPE Loss     : 0.40598384
lr                 : [3.0000000000000004e-09]


Epoch : 133
Train MSE Loss     : 1.00001228	 | 	Train MAPE Loss     : 0.30489364
Valid MSE Loss     : 0.00002175	 | 	Valid MAPE Loss     : 0.40765139
lr                 : [3.0000000000000004e-09]


Epoch : 134
Train MSE Loss     : 1.00001788	 | 	Train MAPE Loss     : 0.37497443
Valid MSE Loss     : 0.00001849	 | 	Valid MAPE Loss     : 0.35604098
lr                 : [3.0000000000000004e-09]


Epoch : 135
Train MSE Loss     : 1.00001669	 | 	Train MAPE Loss     : 0.35628900
Valid MSE Loss     : 0.00005705	 | 	Valid MAPE Loss     : 0.75113136
lr                 : [3.0000000000000004e-09]


Epoch : 136
Train MSE Loss     : 1.00000989	 | 	Train MAPE Loss     : 0.28283060
Valid MSE Loss     : 0.00003345	 | 	Valid MAPE Loss     : 0.53789145
lr                 : [3.0000000000000004e-09]


Epoch : 137
Train MSE Loss     : 1.00001025	 | 	Train MAPE Loss     : 0.29088336
Valid MSE Loss     : 0.00003601	 | 	Valid MAPE Loss     : 0.56775481
lr                 : [3.0000000000000004e-09]


Epoch : 138
Train MSE Loss     : 1.00001228	 | 	Train MAPE Loss     : 0.29595751
Valid MSE Loss     : 0.00002033	 | 	Valid MAPE Loss     : 0.38301042
lr                 : [3.0000000000000004e-09]


Epoch : 139
Train MSE Loss     : 1.00002325	 | 	Train MAPE Loss     : 0.46327567
Valid MSE Loss     : 0.00001349	 | 	Valid MAPE Loss     : 0.24776454
lr                 : [3.0000000000000004e-09]


Epoch : 140
Train MSE Loss     : 1.00001371	 | 	Train MAPE Loss     : 0.33396107
Valid MSE Loss     : 0.00002303	 | 	Valid MAPE Loss     : 0.42392364
lr                 : [3.0000000000000004e-09]


Epoch : 141
Train MSE Loss     : 1.00001669	 | 	Train MAPE Loss     : 0.35564679
Valid MSE Loss     : 0.00003619	 | 	Valid MAPE Loss     : 0.56425804
lr                 : [3.0000000000000004e-09]


Epoch : 142
Train MSE Loss     : 1.00000918	 | 	Train MAPE Loss     : 0.27373314
Valid MSE Loss     : 0.00002094	 | 	Valid MAPE Loss     : 0.38399315
lr                 : [3.0000000000000004e-09]


Epoch : 143
Train MSE Loss     : 1.00001168	 | 	Train MAPE Loss     : 0.29049766
Valid MSE Loss     : 0.00001898	 | 	Valid MAPE Loss     : 0.33511713
lr                 : [3.0000000000000004e-09]


Epoch : 144
Train MSE Loss     : 1.00001705	 | 	Train MAPE Loss     : 0.37649238
Valid MSE Loss     : 0.00004057	 | 	Valid MAPE Loss     : 0.60365480
lr                 : [3.0000000000000004e-09]


Epoch : 145
Train MSE Loss     : 1.00001335	 | 	Train MAPE Loss     : 0.33249769
Valid MSE Loss     : 0.00001460	 | 	Valid MAPE Loss     : 0.27779415
lr                 : [3.0000000000000004e-09]


Epoch : 146
Train MSE Loss     : 1.00001383	 | 	Train MAPE Loss     : 0.30849758
Valid MSE Loss     : 0.00002415	 | 	Valid MAPE Loss     : 0.42521283
lr                 : [3.0000000000000004e-09]


Epoch : 147
Train MSE Loss     : 1.00001585	 | 	Train MAPE Loss     : 0.34414044
Valid MSE Loss     : 0.00003195	 | 	Valid MAPE Loss     : 0.52609211
lr                 : [3.0000000000000004e-09]


Epoch : 148
Train MSE Loss     : 1.00001299	 | 	Train MAPE Loss     : 0.30980611
Valid MSE Loss     : 0.00004558	 | 	Valid MAPE Loss     : 0.65719199
lr                 : [3.0000000000000004e-09]


Epoch : 149
Train MSE Loss     : 1.00001752	 | 	Train MAPE Loss     : 0.33273292
Valid MSE Loss     : 0.00002596	 | 	Valid MAPE Loss     : 0.46741495
lr                 : [3.0000000000000004e-09]


Epoch : 150
Train MSE Loss     : 1.00000703	 | 	Train MAPE Loss     : 0.22853728
Valid MSE Loss     : 0.00002241	 | 	Valid MAPE Loss     : 0.40795913
lr                 : [3.0000000000000004e-09]


Evaluate on the Test set:
Test MAPE loss      :0.12305897	 | Test MSE loss      : 0.00000232

################## Training is Done! #########################
