=============================================
Dataset: cell_XJTU_batch6_prepocess_data
Mode:    supervised_with_contrast
=============================================
Training started ....

Epoch : 1
Train MSE Loss     : 1.00554240	 | 	Train MAPE Loss     : 5.71903992
Valid MSE Loss     : 0.00043711	 | 	Valid MAPE Loss     : 1.79747665
lr                 : [0.0003]


Epoch : 2
Train MSE Loss     : 1.00037611	 | 	Train MAPE Loss     : 1.63561440
Valid MSE Loss     : 0.00050925	 | 	Valid MAPE Loss     : 2.06701064
lr                 : [0.0003]


Epoch : 3
Train MSE Loss     : 1.00063288	 | 	Train MAPE Loss     : 2.16893244
Valid MSE Loss     : 0.00128050	 | 	Valid MAPE Loss     : 3.51936603
lr                 : [0.0003]


Epoch : 4
Train MSE Loss     : 1.00032997	 | 	Train MAPE Loss     : 1.53233302
Valid MSE Loss     : 0.00068009	 | 	Valid MAPE Loss     : 2.40532160
lr                 : [0.0003]


Epoch : 5
Train MSE Loss     : 1.00028622	 | 	Train MAPE Loss     : 1.42999327
Valid MSE Loss     : 0.00015909	 | 	Valid MAPE Loss     : 1.02957416
lr                 : [0.0003]


Epoch : 6
Train MSE Loss     : 1.00030375	 | 	Train MAPE Loss     : 1.48244083
Valid MSE Loss     : 0.00065244	 | 	Valid MAPE Loss     : 2.47308111
lr                 : [0.0003]


Epoch : 7
Train MSE Loss     : 1.00027347	 | 	Train MAPE Loss     : 1.40944231
Valid MSE Loss     : 0.00054239	 | 	Valid MAPE Loss     : 2.17308211
lr                 : [0.0003]


Epoch : 8
Train MSE Loss     : 1.00024486	 | 	Train MAPE Loss     : 1.31916618
Valid MSE Loss     : 0.00051289	 | 	Valid MAPE Loss     : 2.04110456
lr                 : [0.0003]


Epoch : 9
Train MSE Loss     : 1.00025976	 | 	Train MAPE Loss     : 1.37517393
Valid MSE Loss     : 0.00169994	 | 	Valid MAPE Loss     : 4.16786909
lr                 : [0.0003]


Epoch : 10
Train MSE Loss     : 1.00029111	 | 	Train MAPE Loss     : 1.48454571
Valid MSE Loss     : 0.00094390	 | 	Valid MAPE Loss     : 3.04710603
lr                 : [0.0003]


Epoch : 11
Train MSE Loss     : 1.00027573	 | 	Train MAPE Loss     : 1.42647147
Valid MSE Loss     : 0.00059331	 | 	Valid MAPE Loss     : 2.26187181
lr                 : [0.0003]


Epoch : 12
Train MSE Loss     : 1.00027227	 | 	Train MAPE Loss     : 1.39872682
Valid MSE Loss     : 0.00020211	 | 	Valid MAPE Loss     : 1.20199549
lr                 : [0.0003]


Epoch : 13
Train MSE Loss     : 1.00028753	 | 	Train MAPE Loss     : 1.44096577
Valid MSE Loss     : 0.00118397	 | 	Valid MAPE Loss     : 3.43594432
lr                 : [0.0003]


Epoch : 14
Train MSE Loss     : 1.00025153	 | 	Train MAPE Loss     : 1.36794257
Valid MSE Loss     : 0.00082345	 | 	Valid MAPE Loss     : 2.79240370
lr                 : [0.0003]


Epoch : 15
Train MSE Loss     : 1.00021458	 | 	Train MAPE Loss     : 1.22697556
Valid MSE Loss     : 0.00120851	 | 	Valid MAPE Loss     : 3.41071677
lr                 : [0.0003]


Epoch : 16
Train MSE Loss     : 1.00027573	 | 	Train MAPE Loss     : 1.42297935
Valid MSE Loss     : 0.00087905	 | 	Valid MAPE Loss     : 2.79401016
lr                 : [2.9999999999999997e-05]


Epoch : 17
Train MSE Loss     : 1.00016379	 | 	Train MAPE Loss     : 1.05890942
Valid MSE Loss     : 0.00081455	 | 	Valid MAPE Loss     : 2.82690763
lr                 : [2.9999999999999997e-05]


Epoch : 18
Train MSE Loss     : 1.00013232	 | 	Train MAPE Loss     : 0.94192487
Valid MSE Loss     : 0.00110987	 | 	Valid MAPE Loss     : 3.32965899
lr                 : [2.9999999999999997e-05]


Epoch : 19
Train MSE Loss     : 1.00012684	 | 	Train MAPE Loss     : 0.92639327
Valid MSE Loss     : 0.00067350	 | 	Valid MAPE Loss     : 2.55287981
lr                 : [2.9999999999999997e-05]


Epoch : 20
Train MSE Loss     : 1.00013220	 | 	Train MAPE Loss     : 0.94212288
Valid MSE Loss     : 0.00070238	 | 	Valid MAPE Loss     : 2.60758090
lr                 : [2.9999999999999997e-05]


Epoch : 21
Train MSE Loss     : 1.00012386	 | 	Train MAPE Loss     : 0.91042924
Valid MSE Loss     : 0.00082566	 | 	Valid MAPE Loss     : 2.86883545
lr                 : [2.9999999999999997e-05]


Epoch : 22
Train MSE Loss     : 1.00012493	 | 	Train MAPE Loss     : 0.91663682
Valid MSE Loss     : 0.00075338	 | 	Valid MAPE Loss     : 2.71085048
lr                 : [2.9999999999999997e-05]


Epoch : 23
Train MSE Loss     : 1.00011384	 | 	Train MAPE Loss     : 0.86825788
Valid MSE Loss     : 0.00090209	 | 	Valid MAPE Loss     : 2.99627733
lr                 : [2.9999999999999997e-05]


Epoch : 24
Train MSE Loss     : 1.00011277	 | 	Train MAPE Loss     : 0.85746670
Valid MSE Loss     : 0.00076844	 | 	Valid MAPE Loss     : 2.72093511
lr                 : [2.9999999999999997e-05]


Epoch : 25
Train MSE Loss     : 1.00012040	 | 	Train MAPE Loss     : 0.90406233
Valid MSE Loss     : 0.00099079	 | 	Valid MAPE Loss     : 3.15189505
lr                 : [2.9999999999999997e-05]


Epoch : 26
Train MSE Loss     : 1.00011075	 | 	Train MAPE Loss     : 0.85424638
Valid MSE Loss     : 0.00134648	 | 	Valid MAPE Loss     : 3.70824385
lr                 : [2.9999999999999997e-05]


Epoch : 27
Train MSE Loss     : 1.00011909	 | 	Train MAPE Loss     : 0.88858587
Valid MSE Loss     : 0.00091283	 | 	Valid MAPE Loss     : 3.05386138
lr                 : [3e-06]


Epoch : 28
Train MSE Loss     : 1.00010777	 | 	Train MAPE Loss     : 0.83648980
Valid MSE Loss     : 0.00082258	 | 	Valid MAPE Loss     : 2.85754323
lr                 : [3e-06]


Epoch : 29
Train MSE Loss     : 1.00010312	 | 	Train MAPE Loss     : 0.82950419
Valid MSE Loss     : 0.00086168	 | 	Valid MAPE Loss     : 2.94091725
lr                 : [3e-06]


Epoch : 30
Train MSE Loss     : 1.00010109	 | 	Train MAPE Loss     : 0.80514985
Valid MSE Loss     : 0.00079179	 | 	Valid MAPE Loss     : 2.80737114
lr                 : [3e-06]


Epoch : 31
Train MSE Loss     : 1.00009966	 | 	Train MAPE Loss     : 0.80212569
Valid MSE Loss     : 0.00084533	 | 	Valid MAPE Loss     : 2.89616704
lr                 : [3e-06]


Epoch : 32
Train MSE Loss     : 1.00010002	 | 	Train MAPE Loss     : 0.80298847
Valid MSE Loss     : 0.00092153	 | 	Valid MAPE Loss     : 3.04455376
lr                 : [3e-06]


Epoch : 33
Train MSE Loss     : 1.00010443	 | 	Train MAPE Loss     : 0.83004558
Valid MSE Loss     : 0.00075709	 | 	Valid MAPE Loss     : 2.73335147
lr                 : [3e-06]


Epoch : 34
Train MSE Loss     : 1.00011599	 | 	Train MAPE Loss     : 0.86964738
Valid MSE Loss     : 0.00067072	 | 	Valid MAPE Loss     : 2.56449652
lr                 : [3e-06]


Epoch : 35
Train MSE Loss     : 1.00010180	 | 	Train MAPE Loss     : 0.81504095
Valid MSE Loss     : 0.00083428	 | 	Valid MAPE Loss     : 2.86994576
lr                 : [3e-06]


Epoch : 36
Train MSE Loss     : 1.00010133	 | 	Train MAPE Loss     : 0.80221426
Valid MSE Loss     : 0.00081767	 | 	Valid MAPE Loss     : 2.85296559
lr                 : [3e-06]


Epoch : 37
Train MSE Loss     : 1.00010395	 | 	Train MAPE Loss     : 0.83014399
Valid MSE Loss     : 0.00069234	 | 	Valid MAPE Loss     : 2.61509490
lr                 : [3e-06]


Epoch : 38
Train MSE Loss     : 1.00009871	 | 	Train MAPE Loss     : 0.79479164
Valid MSE Loss     : 0.00078325	 | 	Valid MAPE Loss     : 2.79704976
lr                 : [3.0000000000000004e-07]


Epoch : 39
Train MSE Loss     : 1.00009811	 | 	Train MAPE Loss     : 0.78966993
Valid MSE Loss     : 0.00086225	 | 	Valid MAPE Loss     : 2.93613982
lr                 : [3.0000000000000004e-07]


Epoch : 40
Train MSE Loss     : 1.00009751	 | 	Train MAPE Loss     : 0.78611481
Valid MSE Loss     : 0.00090009	 | 	Valid MAPE Loss     : 2.99193192
lr                 : [3.0000000000000004e-07]


Epoch : 41
Train MSE Loss     : 1.00009835	 | 	Train MAPE Loss     : 0.80049610
Valid MSE Loss     : 0.00088850	 | 	Valid MAPE Loss     : 2.98453760
lr                 : [3.0000000000000004e-07]


Epoch : 42
Train MSE Loss     : 1.00010061	 | 	Train MAPE Loss     : 0.80384231
Valid MSE Loss     : 0.00082758	 | 	Valid MAPE Loss     : 2.86544180
lr                 : [3.0000000000000004e-07]


Epoch : 43
Train MSE Loss     : 1.00009942	 | 	Train MAPE Loss     : 0.80932254
Valid MSE Loss     : 0.00093517	 | 	Valid MAPE Loss     : 3.07409668
lr                 : [3.0000000000000004e-07]


Epoch : 44
Train MSE Loss     : 1.00010169	 | 	Train MAPE Loss     : 0.81115818
Valid MSE Loss     : 0.00083134	 | 	Valid MAPE Loss     : 2.85013080
lr                 : [3.0000000000000004e-07]


Epoch : 45
Train MSE Loss     : 1.00009584	 | 	Train MAPE Loss     : 0.78739417
Valid MSE Loss     : 0.00077014	 | 	Valid MAPE Loss     : 2.75746536
lr                 : [3.0000000000000004e-07]


Epoch : 46
Train MSE Loss     : 1.00009978	 | 	Train MAPE Loss     : 0.79964662
Valid MSE Loss     : 0.00087997	 | 	Valid MAPE Loss     : 2.96078563
lr                 : [3.0000000000000004e-07]


Epoch : 47
Train MSE Loss     : 1.00010288	 | 	Train MAPE Loss     : 0.82030123
Valid MSE Loss     : 0.00093964	 | 	Valid MAPE Loss     : 3.06730318
lr                 : [3.0000000000000004e-07]


Epoch : 48
Train MSE Loss     : 1.00009954	 | 	Train MAPE Loss     : 0.79465878
Valid MSE Loss     : 0.00078637	 | 	Valid MAPE Loss     : 2.79429245
lr                 : [3.0000000000000004e-07]


Epoch : 49
Train MSE Loss     : 1.00009954	 | 	Train MAPE Loss     : 0.79723537
Valid MSE Loss     : 0.00088534	 | 	Valid MAPE Loss     : 2.97140622
lr                 : [3.0000000000000004e-08]


Epoch : 50
Train MSE Loss     : 1.00009668	 | 	Train MAPE Loss     : 0.79086334
Valid MSE Loss     : 0.00079136	 | 	Valid MAPE Loss     : 2.80995297
lr                 : [3.0000000000000004e-08]


Epoch : 51
Train MSE Loss     : 1.00010312	 | 	Train MAPE Loss     : 0.81145489
Valid MSE Loss     : 0.00082005	 | 	Valid MAPE Loss     : 2.85290790
lr                 : [3.0000000000000004e-08]


Epoch : 52
Train MSE Loss     : 1.00009584	 | 	Train MAPE Loss     : 0.79097068
Valid MSE Loss     : 0.00080493	 | 	Valid MAPE Loss     : 2.82760239
lr                 : [3.0000000000000004e-08]


Epoch : 53
Train MSE Loss     : 1.00009584	 | 	Train MAPE Loss     : 0.79218423
Valid MSE Loss     : 0.00081329	 | 	Valid MAPE Loss     : 2.85361528
lr                 : [3.0000000000000004e-08]


Epoch : 54
Train MSE Loss     : 1.00009656	 | 	Train MAPE Loss     : 0.78427774
Valid MSE Loss     : 0.00086175	 | 	Valid MAPE Loss     : 2.94526649
lr                 : [3.0000000000000004e-08]


Epoch : 55
Train MSE Loss     : 1.00009573	 | 	Train MAPE Loss     : 0.77836597
Valid MSE Loss     : 0.00085620	 | 	Valid MAPE Loss     : 2.92306113
lr                 : [3.0000000000000004e-08]


Epoch : 56
Train MSE Loss     : 1.00010026	 | 	Train MAPE Loss     : 0.80521828
Valid MSE Loss     : 0.00096460	 | 	Valid MAPE Loss     : 3.11402678
lr                 : [3.0000000000000004e-08]


Epoch : 57
Train MSE Loss     : 1.00009859	 | 	Train MAPE Loss     : 0.79981291
Valid MSE Loss     : 0.00081829	 | 	Valid MAPE Loss     : 2.86529779
lr                 : [3.0000000000000004e-08]


Epoch : 58
Train MSE Loss     : 1.00010014	 | 	Train MAPE Loss     : 0.80370820
Valid MSE Loss     : 0.00086231	 | 	Valid MAPE Loss     : 2.93766594
lr                 : [3.0000000000000004e-08]


Epoch : 59
Train MSE Loss     : 1.00009453	 | 	Train MAPE Loss     : 0.78232557
Valid MSE Loss     : 0.00079372	 | 	Valid MAPE Loss     : 2.81277347
lr                 : [3.0000000000000004e-08]


Epoch : 60
Train MSE Loss     : 1.00010276	 | 	Train MAPE Loss     : 0.81981987
Valid MSE Loss     : 0.00082255	 | 	Valid MAPE Loss     : 2.85309958
lr                 : [3.0000000000000004e-09]


Epoch : 61
Train MSE Loss     : 1.00009775	 | 	Train MAPE Loss     : 0.79102236
Valid MSE Loss     : 0.00099383	 | 	Valid MAPE Loss     : 3.16734910
lr                 : [3.0000000000000004e-09]


Epoch : 62
Train MSE Loss     : 1.00009763	 | 	Train MAPE Loss     : 0.79388791
Valid MSE Loss     : 0.00087242	 | 	Valid MAPE Loss     : 2.94497156
lr                 : [3.0000000000000004e-09]


Epoch : 63
Train MSE Loss     : 1.00009739	 | 	Train MAPE Loss     : 0.79082316
Valid MSE Loss     : 0.00083026	 | 	Valid MAPE Loss     : 2.87306905
lr                 : [3.0000000000000004e-09]


Epoch : 64
Train MSE Loss     : 1.00009501	 | 	Train MAPE Loss     : 0.78068119
Valid MSE Loss     : 0.00091366	 | 	Valid MAPE Loss     : 3.04248238
lr                 : [3.0000000000000004e-09]


Epoch : 65
Train MSE Loss     : 1.00009739	 | 	Train MAPE Loss     : 0.78744984
Valid MSE Loss     : 0.00084959	 | 	Valid MAPE Loss     : 2.89651537
lr                 : [3.0000000000000004e-09]


Epoch : 66
Train MSE Loss     : 1.00009835	 | 	Train MAPE Loss     : 0.79460400
Valid MSE Loss     : 0.00079535	 | 	Valid MAPE Loss     : 2.81293225
lr                 : [3.0000000000000004e-09]


Epoch : 67
Train MSE Loss     : 1.00009966	 | 	Train MAPE Loss     : 0.79980773
Valid MSE Loss     : 0.00076047	 | 	Valid MAPE Loss     : 2.73922777
lr                 : [3.0000000000000004e-09]


Epoch : 68
Train MSE Loss     : 1.00010109	 | 	Train MAPE Loss     : 0.80612439
Valid MSE Loss     : 0.00080520	 | 	Valid MAPE Loss     : 2.83816957
lr                 : [3.0000000000000004e-09]


Epoch : 69
Train MSE Loss     : 1.00009787	 | 	Train MAPE Loss     : 0.78963012
Valid MSE Loss     : 0.00087752	 | 	Valid MAPE Loss     : 2.96210551
lr                 : [3.0000000000000004e-09]


Epoch : 70
Train MSE Loss     : 1.00009668	 | 	Train MAPE Loss     : 0.79212314
Valid MSE Loss     : 0.00085526	 | 	Valid MAPE Loss     : 2.92415452
lr                 : [3.0000000000000004e-09]


Epoch : 71
Train MSE Loss     : 1.00009990	 | 	Train MAPE Loss     : 0.80135322
Valid MSE Loss     : 0.00085769	 | 	Valid MAPE Loss     : 2.92490935
lr                 : [3.0000000000000004e-09]


Epoch : 72
Train MSE Loss     : 1.00009978	 | 	Train MAPE Loss     : 0.80124629
Valid MSE Loss     : 0.00089336	 | 	Valid MAPE Loss     : 2.99275041
lr                 : [3.0000000000000004e-09]


Epoch : 73
Train MSE Loss     : 1.00009954	 | 	Train MAPE Loss     : 0.80218136
Valid MSE Loss     : 0.00089386	 | 	Valid MAPE Loss     : 2.99504232
lr                 : [3.0000000000000004e-09]


Epoch : 74
Train MSE Loss     : 1.00009799	 | 	Train MAPE Loss     : 0.79385203
Valid MSE Loss     : 0.00091467	 | 	Valid MAPE Loss     : 3.02684069
lr                 : [3.0000000000000004e-09]


Epoch : 75
Train MSE Loss     : 1.00009418	 | 	Train MAPE Loss     : 0.77806032
Valid MSE Loss     : 0.00088556	 | 	Valid MAPE Loss     : 2.98199034
lr                 : [3.0000000000000004e-09]


Epoch : 76
Train MSE Loss     : 1.00010061	 | 	Train MAPE Loss     : 0.80525905
Valid MSE Loss     : 0.00075226	 | 	Valid MAPE Loss     : 2.72639513
lr                 : [3.0000000000000004e-09]


Epoch : 77
Train MSE Loss     : 1.00009489	 | 	Train MAPE Loss     : 0.77886897
Valid MSE Loss     : 0.00087766	 | 	Valid MAPE Loss     : 2.97111201
lr                 : [3.0000000000000004e-09]


Epoch : 78
Train MSE Loss     : 1.00009716	 | 	Train MAPE Loss     : 0.79170877
Valid MSE Loss     : 0.00079673	 | 	Valid MAPE Loss     : 2.82441759
lr                 : [3.0000000000000004e-09]


Epoch : 79
Train MSE Loss     : 1.00009918	 | 	Train MAPE Loss     : 0.80359679
Valid MSE Loss     : 0.00089049	 | 	Valid MAPE Loss     : 2.97179294
lr                 : [3.0000000000000004e-09]


Epoch : 80
Train MSE Loss     : 1.00009835	 | 	Train MAPE Loss     : 0.79366237
Valid MSE Loss     : 0.00075399	 | 	Valid MAPE Loss     : 2.72767806
lr                 : [3.0000000000000004e-09]


Epoch : 81
Train MSE Loss     : 1.00010037	 | 	Train MAPE Loss     : 0.80530322
Valid MSE Loss     : 0.00092898	 | 	Valid MAPE Loss     : 3.06441355
lr                 : [3.0000000000000004e-09]


Epoch : 82
Train MSE Loss     : 1.00009978	 | 	Train MAPE Loss     : 0.80045128
Valid MSE Loss     : 0.00079500	 | 	Valid MAPE Loss     : 2.79156470
lr                 : [3.0000000000000004e-09]


Epoch : 83
Train MSE Loss     : 1.00009573	 | 	Train MAPE Loss     : 0.78508741
Valid MSE Loss     : 0.00077573	 | 	Valid MAPE Loss     : 2.76253843
lr                 : [3.0000000000000004e-09]


Epoch : 84
Train MSE Loss     : 1.00010240	 | 	Train MAPE Loss     : 0.81204879
Valid MSE Loss     : 0.00095517	 | 	Valid MAPE Loss     : 3.09563231
lr                 : [3.0000000000000004e-09]


Epoch : 85
Train MSE Loss     : 1.00009501	 | 	Train MAPE Loss     : 0.78874898
Valid MSE Loss     : 0.00084014	 | 	Valid MAPE Loss     : 2.88698983
lr                 : [3.0000000000000004e-09]


Epoch : 86
Train MSE Loss     : 1.00009656	 | 	Train MAPE Loss     : 0.79180801
Valid MSE Loss     : 0.00087753	 | 	Valid MAPE Loss     : 2.95562124
lr                 : [3.0000000000000004e-09]


Epoch : 87
Train MSE Loss     : 1.00009620	 | 	Train MAPE Loss     : 0.78701317
Valid MSE Loss     : 0.00096379	 | 	Valid MAPE Loss     : 3.11626315
lr                 : [3.0000000000000004e-09]


Epoch : 88
Train MSE Loss     : 1.00009882	 | 	Train MAPE Loss     : 0.79841900
Valid MSE Loss     : 0.00087760	 | 	Valid MAPE Loss     : 2.95883155
lr                 : [3.0000000000000004e-09]


Epoch : 89
Train MSE Loss     : 1.00009727	 | 	Train MAPE Loss     : 0.79736769
Valid MSE Loss     : 0.00083831	 | 	Valid MAPE Loss     : 2.89193726
lr                 : [3.0000000000000004e-09]


Epoch : 90
Train MSE Loss     : 1.00010395	 | 	Train MAPE Loss     : 0.81819171
Valid MSE Loss     : 0.00079360	 | 	Valid MAPE Loss     : 2.81577110
lr                 : [3.0000000000000004e-09]


Epoch : 91
Train MSE Loss     : 1.00010026	 | 	Train MAPE Loss     : 0.80511677
Valid MSE Loss     : 0.00089786	 | 	Valid MAPE Loss     : 3.00082445
lr                 : [3.0000000000000004e-09]


Epoch : 92
Train MSE Loss     : 1.00009954	 | 	Train MAPE Loss     : 0.80275697
Valid MSE Loss     : 0.00082520	 | 	Valid MAPE Loss     : 2.85229802
lr                 : [3.0000000000000004e-09]


Epoch : 93
Train MSE Loss     : 1.00010109	 | 	Train MAPE Loss     : 0.81064481
Valid MSE Loss     : 0.00080976	 | 	Valid MAPE Loss     : 2.84559798
lr                 : [3.0000000000000004e-09]


Epoch : 94
Train MSE Loss     : 1.00010180	 | 	Train MAPE Loss     : 0.81229258
Valid MSE Loss     : 0.00084929	 | 	Valid MAPE Loss     : 2.91997385
lr                 : [3.0000000000000004e-09]


Epoch : 95
Train MSE Loss     : 1.00009835	 | 	Train MAPE Loss     : 0.79457659
Valid MSE Loss     : 0.00090565	 | 	Valid MAPE Loss     : 3.01704907
lr                 : [3.0000000000000004e-09]


Epoch : 96
Train MSE Loss     : 1.00010121	 | 	Train MAPE Loss     : 0.80152339
Valid MSE Loss     : 0.00085040	 | 	Valid MAPE Loss     : 2.91851544
lr                 : [3.0000000000000004e-09]


Epoch : 97
Train MSE Loss     : 1.00009954	 | 	Train MAPE Loss     : 0.80528873
Valid MSE Loss     : 0.00091527	 | 	Valid MAPE Loss     : 3.02450490
lr                 : [3.0000000000000004e-09]


Epoch : 98
Train MSE Loss     : 1.00010169	 | 	Train MAPE Loss     : 0.81169063
Valid MSE Loss     : 0.00080385	 | 	Valid MAPE Loss     : 2.83296752
lr                 : [3.0000000000000004e-09]


Epoch : 99
Train MSE Loss     : 1.00009799	 | 	Train MAPE Loss     : 0.79206371
Valid MSE Loss     : 0.00083460	 | 	Valid MAPE Loss     : 2.88184690
lr                 : [3.0000000000000004e-09]


Epoch : 100
Train MSE Loss     : 1.00009692	 | 	Train MAPE Loss     : 0.78788167
Valid MSE Loss     : 0.00083104	 | 	Valid MAPE Loss     : 2.86078405
lr                 : [3.0000000000000004e-09]


Epoch : 101
Train MSE Loss     : 1.00009799	 | 	Train MAPE Loss     : 0.79228461
Valid MSE Loss     : 0.00082466	 | 	Valid MAPE Loss     : 2.86415839
lr                 : [3.0000000000000004e-09]


Epoch : 102
Train MSE Loss     : 1.00009942	 | 	Train MAPE Loss     : 0.79378170
Valid MSE Loss     : 0.00083778	 | 	Valid MAPE Loss     : 2.88560271
lr                 : [3.0000000000000004e-09]


Epoch : 103
Train MSE Loss     : 1.00010037	 | 	Train MAPE Loss     : 0.80912077
Valid MSE Loss     : 0.00086514	 | 	Valid MAPE Loss     : 2.93563771
lr                 : [3.0000000000000004e-09]


Epoch : 104
Train MSE Loss     : 1.00010026	 | 	Train MAPE Loss     : 0.80777150
Valid MSE Loss     : 0.00087844	 | 	Valid MAPE Loss     : 2.97314334
lr                 : [3.0000000000000004e-09]


Epoch : 105
Train MSE Loss     : 1.00009680	 | 	Train MAPE Loss     : 0.78606611
Valid MSE Loss     : 0.00073944	 | 	Valid MAPE Loss     : 2.70690107
lr                 : [3.0000000000000004e-09]


Epoch : 106
Train MSE Loss     : 1.00009775	 | 	Train MAPE Loss     : 0.78887540
Valid MSE Loss     : 0.00078999	 | 	Valid MAPE Loss     : 2.81020236
lr                 : [3.0000000000000004e-09]


Epoch : 107
Train MSE Loss     : 1.00009859	 | 	Train MAPE Loss     : 0.79048824
Valid MSE Loss     : 0.00090903	 | 	Valid MAPE Loss     : 3.01628613
lr                 : [3.0000000000000004e-09]


Epoch : 108
Train MSE Loss     : 1.00009692	 | 	Train MAPE Loss     : 0.78714061
Valid MSE Loss     : 0.00087309	 | 	Valid MAPE Loss     : 2.95504785
lr                 : [3.0000000000000004e-09]


Epoch : 109
Train MSE Loss     : 1.00010133	 | 	Train MAPE Loss     : 0.80929798
Valid MSE Loss     : 0.00086915	 | 	Valid MAPE Loss     : 2.94510889
lr                 : [3.0000000000000004e-09]


Epoch : 110
Train MSE Loss     : 1.00010204	 | 	Train MAPE Loss     : 0.81034577
Valid MSE Loss     : 0.00086365	 | 	Valid MAPE Loss     : 2.93446231
lr                 : [3.0000000000000004e-09]


Epoch : 111
Train MSE Loss     : 1.00010288	 | 	Train MAPE Loss     : 0.80692530
Valid MSE Loss     : 0.00085564	 | 	Valid MAPE Loss     : 2.91479659
lr                 : [3.0000000000000004e-09]


Epoch : 112
Train MSE Loss     : 1.00009716	 | 	Train MAPE Loss     : 0.79151726
Valid MSE Loss     : 0.00080614	 | 	Valid MAPE Loss     : 2.83699203
lr                 : [3.0000000000000004e-09]


Epoch : 113
Train MSE Loss     : 1.00009739	 | 	Train MAPE Loss     : 0.79410112
Valid MSE Loss     : 0.00076937	 | 	Valid MAPE Loss     : 2.75396204
lr                 : [3.0000000000000004e-09]


Epoch : 114
Train MSE Loss     : 1.00010037	 | 	Train MAPE Loss     : 0.80786949
Valid MSE Loss     : 0.00091866	 | 	Valid MAPE Loss     : 3.03574419
lr                 : [3.0000000000000004e-09]


Epoch : 115
Train MSE Loss     : 1.00009811	 | 	Train MAPE Loss     : 0.80007410
Valid MSE Loss     : 0.00088659	 | 	Valid MAPE Loss     : 2.96012497
lr                 : [3.0000000000000004e-09]


Epoch : 116
Train MSE Loss     : 1.00009882	 | 	Train MAPE Loss     : 0.79555017
Valid MSE Loss     : 0.00096213	 | 	Valid MAPE Loss     : 3.10286188
lr                 : [3.0000000000000004e-09]


Epoch : 117
Train MSE Loss     : 1.00009763	 | 	Train MAPE Loss     : 0.79669821
Valid MSE Loss     : 0.00083376	 | 	Valid MAPE Loss     : 2.87752986
lr                 : [3.0000000000000004e-09]


Epoch : 118
Train MSE Loss     : 1.00010133	 | 	Train MAPE Loss     : 0.81133485
Valid MSE Loss     : 0.00087726	 | 	Valid MAPE Loss     : 2.96084547
lr                 : [3.0000000000000004e-09]


Epoch : 119
Train MSE Loss     : 1.00009882	 | 	Train MAPE Loss     : 0.79982263
Valid MSE Loss     : 0.00096929	 | 	Valid MAPE Loss     : 3.11744523
lr                 : [3.0000000000000004e-09]


Epoch : 120
Train MSE Loss     : 1.00009704	 | 	Train MAPE Loss     : 0.78752786
Valid MSE Loss     : 0.00089673	 | 	Valid MAPE Loss     : 2.99667740
lr                 : [3.0000000000000004e-09]


Epoch : 121
Train MSE Loss     : 1.00009954	 | 	Train MAPE Loss     : 0.80665827
Valid MSE Loss     : 0.00084121	 | 	Valid MAPE Loss     : 2.89407325
lr                 : [3.0000000000000004e-09]


Epoch : 122
Train MSE Loss     : 1.00009727	 | 	Train MAPE Loss     : 0.79149687
Valid MSE Loss     : 0.00076035	 | 	Valid MAPE Loss     : 2.74381280
lr                 : [3.0000000000000004e-09]


Epoch : 123
Train MSE Loss     : 1.00009871	 | 	Train MAPE Loss     : 0.79132235
Valid MSE Loss     : 0.00083194	 | 	Valid MAPE Loss     : 2.88590598
lr                 : [3.0000000000000004e-09]


Epoch : 124
Train MSE Loss     : 1.00010133	 | 	Train MAPE Loss     : 0.80427408
Valid MSE Loss     : 0.00079417	 | 	Valid MAPE Loss     : 2.79794741
lr                 : [3.0000000000000004e-09]


Epoch : 125
Train MSE Loss     : 1.00009596	 | 	Train MAPE Loss     : 0.78599560
Valid MSE Loss     : 0.00089733	 | 	Valid MAPE Loss     : 2.98316240
lr                 : [3.0000000000000004e-09]


Epoch : 126
Train MSE Loss     : 1.00010037	 | 	Train MAPE Loss     : 0.80811948
Valid MSE Loss     : 0.00088303	 | 	Valid MAPE Loss     : 2.97469831
lr                 : [3.0000000000000004e-09]


Epoch : 127
Train MSE Loss     : 1.00010109	 | 	Train MAPE Loss     : 0.80851281
Valid MSE Loss     : 0.00091412	 | 	Valid MAPE Loss     : 3.02593112
lr                 : [3.0000000000000004e-09]


Epoch : 128
Train MSE Loss     : 1.00009751	 | 	Train MAPE Loss     : 0.79614598
Valid MSE Loss     : 0.00082272	 | 	Valid MAPE Loss     : 2.86545777
lr                 : [3.0000000000000004e-09]


Epoch : 129
Train MSE Loss     : 1.00009608	 | 	Train MAPE Loss     : 0.78524941
Valid MSE Loss     : 0.00088310	 | 	Valid MAPE Loss     : 2.96746421
lr                 : [3.0000000000000004e-09]


Epoch : 130
Train MSE Loss     : 1.00009763	 | 	Train MAPE Loss     : 0.79071742
Valid MSE Loss     : 0.00087250	 | 	Valid MAPE Loss     : 2.95509315
lr                 : [3.0000000000000004e-09]


Epoch : 131
Train MSE Loss     : 1.00009716	 | 	Train MAPE Loss     : 0.79126680
Valid MSE Loss     : 0.00088117	 | 	Valid MAPE Loss     : 2.96888781
lr                 : [3.0000000000000004e-09]


Epoch : 132
Train MSE Loss     : 1.00009584	 | 	Train MAPE Loss     : 0.78714699
Valid MSE Loss     : 0.00087653	 | 	Valid MAPE Loss     : 2.96286440
lr                 : [3.0000000000000004e-09]


Epoch : 133
Train MSE Loss     : 1.00010109	 | 	Train MAPE Loss     : 0.80577850
Valid MSE Loss     : 0.00088158	 | 	Valid MAPE Loss     : 2.97428393
lr                 : [3.0000000000000004e-09]


Epoch : 134
Train MSE Loss     : 1.00009739	 | 	Train MAPE Loss     : 0.79171586
Valid MSE Loss     : 0.00083033	 | 	Valid MAPE Loss     : 2.87558246
lr                 : [3.0000000000000004e-09]


Epoch : 135
Train MSE Loss     : 1.00009620	 | 	Train MAPE Loss     : 0.78468263
Valid MSE Loss     : 0.00085422	 | 	Valid MAPE Loss     : 2.90602064
lr                 : [3.0000000000000004e-09]


Epoch : 136
Train MSE Loss     : 1.00010026	 | 	Train MAPE Loss     : 0.80474639
Valid MSE Loss     : 0.00079496	 | 	Valid MAPE Loss     : 2.81229067
lr                 : [3.0000000000000004e-09]


Epoch : 137
Train MSE Loss     : 1.00009799	 | 	Train MAPE Loss     : 0.79303741
Valid MSE Loss     : 0.00079308	 | 	Valid MAPE Loss     : 2.81654024
lr                 : [3.0000000000000004e-09]


Epoch : 138
Train MSE Loss     : 1.00009727	 | 	Train MAPE Loss     : 0.79609019
Valid MSE Loss     : 0.00080283	 | 	Valid MAPE Loss     : 2.83356643
lr                 : [3.0000000000000004e-09]


Epoch : 139
Train MSE Loss     : 1.00009799	 | 	Train MAPE Loss     : 0.79074788
Valid MSE Loss     : 0.00088663	 | 	Valid MAPE Loss     : 2.97729063
lr                 : [3.0000000000000004e-09]


Epoch : 140
Train MSE Loss     : 1.00010109	 | 	Train MAPE Loss     : 0.80902672
Valid MSE Loss     : 0.00074737	 | 	Valid MAPE Loss     : 2.72238660
lr                 : [3.0000000000000004e-09]


Epoch : 141
Train MSE Loss     : 1.00010240	 | 	Train MAPE Loss     : 0.80791646
Valid MSE Loss     : 0.00082907	 | 	Valid MAPE Loss     : 2.88151169
lr                 : [3.0000000000000004e-09]


Epoch : 142
Train MSE Loss     : 1.00010169	 | 	Train MAPE Loss     : 0.80123758
Valid MSE Loss     : 0.00077502	 | 	Valid MAPE Loss     : 2.77063060
lr                 : [3.0000000000000004e-09]


Epoch : 143
Train MSE Loss     : 1.00010180	 | 	Train MAPE Loss     : 0.80944133
Valid MSE Loss     : 0.00079616	 | 	Valid MAPE Loss     : 2.82029176
lr                 : [3.0000000000000004e-09]


Epoch : 144
Train MSE Loss     : 1.00010169	 | 	Train MAPE Loss     : 0.80560052
Valid MSE Loss     : 0.00087479	 | 	Valid MAPE Loss     : 2.95441318
lr                 : [3.0000000000000004e-09]


Epoch : 145
Train MSE Loss     : 1.00009882	 | 	Train MAPE Loss     : 0.79686809
Valid MSE Loss     : 0.00077908	 | 	Valid MAPE Loss     : 2.77705336
lr                 : [3.0000000000000004e-09]


Epoch : 146
Train MSE Loss     : 1.00009620	 | 	Train MAPE Loss     : 0.78476393
Valid MSE Loss     : 0.00082194	 | 	Valid MAPE Loss     : 2.85789919
lr                 : [3.0000000000000004e-09]


Epoch : 147
Train MSE Loss     : 1.00009954	 | 	Train MAPE Loss     : 0.79709566
Valid MSE Loss     : 0.00076710	 | 	Valid MAPE Loss     : 2.76034307
lr                 : [3.0000000000000004e-09]


Epoch : 148
Train MSE Loss     : 1.00009978	 | 	Train MAPE Loss     : 0.80144787
Valid MSE Loss     : 0.00095401	 | 	Valid MAPE Loss     : 3.08730888
lr                 : [3.0000000000000004e-09]


Epoch : 149
Train MSE Loss     : 1.00010335	 | 	Train MAPE Loss     : 0.81520206
Valid MSE Loss     : 0.00071498	 | 	Valid MAPE Loss     : 2.65804267
lr                 : [3.0000000000000004e-09]


Epoch : 150
Train MSE Loss     : 1.00009549	 | 	Train MAPE Loss     : 0.78762960
Valid MSE Loss     : 0.00083813	 | 	Valid MAPE Loss     : 2.89775825
lr                 : [3.0000000000000004e-09]


Evaluate on the Test set:
Test MAPE loss      :0.71380335	 | Test MSE loss      : 0.00007780

################## Training is Done! #########################
