=============================================
Dataset: cell_Tongji_NCA_data
Mode:    fine_tuned
=============================================
Training started ....

Epoch : 1
Train MSE Loss     : 1.02847540	 | 	Train MAPE Loss     : 11.08711624
Valid MSE Loss     : 0.00452738	 | 	Valid MAPE Loss     : 6.49162436
lr                 : [0.0003]


Epoch : 2
Train MSE Loss     : 1.00949991	 | 	Train MAPE Loss     : 7.95724821
Valid MSE Loss     : 0.00025838	 | 	Valid MAPE Loss     : 1.16045010
lr                 : [0.0003]


Epoch : 3
Train MSE Loss     : 1.01353121	 | 	Train MAPE Loss     : 10.61102200
Valid MSE Loss     : 0.00413971	 | 	Valid MAPE Loss     : 7.45977402
lr                 : [0.0003]


Epoch : 4
Train MSE Loss     : 1.00565791	 | 	Train MAPE Loss     : 6.46325970
Valid MSE Loss     : 0.00145164	 | 	Valid MAPE Loss     : 3.83920765
lr                 : [0.0003]


Epoch : 5
Train MSE Loss     : 1.01125121	 | 	Train MAPE Loss     : 8.02238941
Valid MSE Loss     : 0.00503724	 | 	Valid MAPE Loss     : 7.72162962
lr                 : [0.0003]


Epoch : 6
Train MSE Loss     : 1.02183509	 | 	Train MAPE Loss     : 12.36719418
Valid MSE Loss     : 0.00003114	 | 	Valid MAPE Loss     : 0.53711510
lr                 : [0.0003]


Epoch : 7
Train MSE Loss     : 1.01037908	 | 	Train MAPE Loss     : 8.84470272
Valid MSE Loss     : 0.01711106	 | 	Valid MAPE Loss     : 15.22525024
lr                 : [0.0003]


Epoch : 8
Train MSE Loss     : 1.00393271	 | 	Train MAPE Loss     : 5.72837210
Valid MSE Loss     : 0.00957717	 | 	Valid MAPE Loss     : 11.40225410
lr                 : [0.0003]


Epoch : 9
Train MSE Loss     : 1.00722551	 | 	Train MAPE Loss     : 7.45501184
Valid MSE Loss     : 0.03413388	 | 	Valid MAPE Loss     : 21.39831924
lr                 : [0.0003]


Epoch : 10
Train MSE Loss     : 1.00538623	 | 	Train MAPE Loss     : 6.05486631
Valid MSE Loss     : 0.00443217	 | 	Valid MAPE Loss     : 7.54573774
lr                 : [0.0003]


Epoch : 11
Train MSE Loss     : 1.00644910	 | 	Train MAPE Loss     : 7.10802984
Valid MSE Loss     : 0.00030137	 | 	Valid MAPE Loss     : 1.96698904
lr                 : [0.0003]


Epoch : 12
Train MSE Loss     : 1.00338829	 | 	Train MAPE Loss     : 5.48907089
Valid MSE Loss     : 0.01632513	 | 	Valid MAPE Loss     : 14.77422619
lr                 : [0.0003]


Epoch : 13
Train MSE Loss     : 1.00671196	 | 	Train MAPE Loss     : 7.87159824
Valid MSE Loss     : 0.00011163	 | 	Valid MAPE Loss     : 1.15434515
lr                 : [0.0003]


Epoch : 14
Train MSE Loss     : 1.00340545	 | 	Train MAPE Loss     : 5.41185188
Valid MSE Loss     : 0.02559934	 | 	Valid MAPE Loss     : 18.40913200
lr                 : [0.0003]


Epoch : 15
Train MSE Loss     : 1.00884712	 | 	Train MAPE Loss     : 9.01801586
Valid MSE Loss     : 0.00036035	 | 	Valid MAPE Loss     : 1.75861299
lr                 : [0.0003]


Epoch : 16
Train MSE Loss     : 1.00127780	 | 	Train MAPE Loss     : 3.25654721
Valid MSE Loss     : 0.00021507	 | 	Valid MAPE Loss     : 1.65963769
lr                 : [0.0003]


Epoch : 17
Train MSE Loss     : 1.00113857	 | 	Train MAPE Loss     : 3.05998087
Valid MSE Loss     : 0.00001500	 | 	Valid MAPE Loss     : 0.33862972
lr                 : [0.0003]


Epoch : 18
Train MSE Loss     : 1.00124824	 | 	Train MAPE Loss     : 3.44315004
Valid MSE Loss     : 0.00004816	 | 	Valid MAPE Loss     : 0.65086365
lr                 : [0.0003]


Epoch : 19
Train MSE Loss     : 1.00064707	 | 	Train MAPE Loss     : 2.19086385
Valid MSE Loss     : 0.00088116	 | 	Valid MAPE Loss     : 3.38216519
lr                 : [0.0003]


Epoch : 20
Train MSE Loss     : 1.00087094	 | 	Train MAPE Loss     : 2.61779022
Valid MSE Loss     : 0.01035522	 | 	Valid MAPE Loss     : 11.72520256
lr                 : [0.0003]


Epoch : 21
Train MSE Loss     : 1.00428557	 | 	Train MAPE Loss     : 6.33337164
Valid MSE Loss     : 0.00455272	 | 	Valid MAPE Loss     : 7.84768772
lr                 : [0.0003]


Epoch : 22
Train MSE Loss     : 1.00465941	 | 	Train MAPE Loss     : 6.13315201
Valid MSE Loss     : 0.00771870	 | 	Valid MAPE Loss     : 10.04270744
lr                 : [0.0003]


Epoch : 23
Train MSE Loss     : 1.00222480	 | 	Train MAPE Loss     : 4.61316013
Valid MSE Loss     : 0.00006587	 | 	Valid MAPE Loss     : 0.86492467
lr                 : [0.0003]


Epoch : 24
Train MSE Loss     : 1.00861347	 | 	Train MAPE Loss     : 8.70080948
Valid MSE Loss     : 0.01241471	 | 	Valid MAPE Loss     : 12.78067207
lr                 : [0.0003]


Epoch : 25
Train MSE Loss     : 1.00343156	 | 	Train MAPE Loss     : 5.50372314
Valid MSE Loss     : 0.00006376	 | 	Valid MAPE Loss     : 0.70859218
lr                 : [0.0003]


Epoch : 26
Train MSE Loss     : 1.00212264	 | 	Train MAPE Loss     : 4.11189985
Valid MSE Loss     : 0.00033241	 | 	Valid MAPE Loss     : 2.08317637
lr                 : [0.0003]


Epoch : 27
Train MSE Loss     : 1.00085020	 | 	Train MAPE Loss     : 2.41205168
Valid MSE Loss     : 0.00001991	 | 	Valid MAPE Loss     : 0.42761022
lr                 : [0.0003]


Epoch : 28
Train MSE Loss     : 1.00127089	 | 	Train MAPE Loss     : 3.28832650
Valid MSE Loss     : 0.00004403	 | 	Valid MAPE Loss     : 0.66331792
lr                 : [2.9999999999999997e-05]


Epoch : 29
Train MSE Loss     : 1.00015438	 | 	Train MAPE Loss     : 0.78330320
Valid MSE Loss     : 0.00001016	 | 	Valid MAPE Loss     : 0.22515652
lr                 : [2.9999999999999997e-05]


Epoch : 30
Train MSE Loss     : 1.00014973	 | 	Train MAPE Loss     : 0.83520234
Valid MSE Loss     : 0.00002132	 | 	Valid MAPE Loss     : 0.44164747
lr                 : [2.9999999999999997e-05]


Epoch : 31
Train MSE Loss     : 1.00016296	 | 	Train MAPE Loss     : 0.87868512
Valid MSE Loss     : 0.00001131	 | 	Valid MAPE Loss     : 0.26164258
lr                 : [2.9999999999999997e-05]


Epoch : 32
Train MSE Loss     : 1.00013506	 | 	Train MAPE Loss     : 0.72410083
Valid MSE Loss     : 0.00004345	 | 	Valid MAPE Loss     : 0.67925745
lr                 : [2.9999999999999997e-05]


Epoch : 33
Train MSE Loss     : 1.00013494	 | 	Train MAPE Loss     : 0.70772296
Valid MSE Loss     : 0.00000999	 | 	Valid MAPE Loss     : 0.22174583
lr                 : [2.9999999999999997e-05]


Epoch : 34
Train MSE Loss     : 1.00013602	 | 	Train MAPE Loss     : 0.71781301
Valid MSE Loss     : 0.00004771	 | 	Valid MAPE Loss     : 0.72021985
lr                 : [2.9999999999999997e-05]


Epoch : 35
Train MSE Loss     : 1.00014365	 | 	Train MAPE Loss     : 0.78649592
Valid MSE Loss     : 0.00001178	 | 	Valid MAPE Loss     : 0.27455634
lr                 : [2.9999999999999997e-05]


Epoch : 36
Train MSE Loss     : 1.00012958	 | 	Train MAPE Loss     : 0.69534189
Valid MSE Loss     : 0.00002403	 | 	Valid MAPE Loss     : 0.47963282
lr                 : [2.9999999999999997e-05]


Epoch : 37
Train MSE Loss     : 1.00012732	 | 	Train MAPE Loss     : 0.67782044
Valid MSE Loss     : 0.00004947	 | 	Valid MAPE Loss     : 0.73902231
lr                 : [2.9999999999999997e-05]


Epoch : 38
Train MSE Loss     : 1.00017071	 | 	Train MAPE Loss     : 0.92636335
Valid MSE Loss     : 0.00005329	 | 	Valid MAPE Loss     : 0.75470114
lr                 : [2.9999999999999997e-05]


Epoch : 39
Train MSE Loss     : 1.00013363	 | 	Train MAPE Loss     : 0.72955972
Valid MSE Loss     : 0.00006207	 | 	Valid MAPE Loss     : 0.84694660
lr                 : [2.9999999999999997e-05]


Epoch : 40
Train MSE Loss     : 1.00010359	 | 	Train MAPE Loss     : 0.67636883
Valid MSE Loss     : 0.00001001	 | 	Valid MAPE Loss     : 0.22322069
lr                 : [2.9999999999999997e-05]


Epoch : 41
Train MSE Loss     : 1.00011778	 | 	Train MAPE Loss     : 0.87160611
Valid MSE Loss     : 0.00001884	 | 	Valid MAPE Loss     : 0.41068095
lr                 : [2.9999999999999997e-05]


Epoch : 42
Train MSE Loss     : 1.00008750	 | 	Train MAPE Loss     : 0.72483265
Valid MSE Loss     : 0.00001168	 | 	Valid MAPE Loss     : 0.28333339
lr                 : [2.9999999999999997e-05]


Epoch : 43
Train MSE Loss     : 1.00009775	 | 	Train MAPE Loss     : 0.77411258
Valid MSE Loss     : 0.00011112	 | 	Valid MAPE Loss     : 1.17608738
lr                 : [2.9999999999999997e-05]


Epoch : 44
Train MSE Loss     : 1.00009024	 | 	Train MAPE Loss     : 0.71352774
Valid MSE Loss     : 0.00006793	 | 	Valid MAPE Loss     : 0.87299395
lr                 : [3e-06]


Epoch : 45
Train MSE Loss     : 1.00006795	 | 	Train MAPE Loss     : 0.58461672
Valid MSE Loss     : 0.00001096	 | 	Valid MAPE Loss     : 0.25506935
lr                 : [3e-06]


Epoch : 46
Train MSE Loss     : 1.00007260	 | 	Train MAPE Loss     : 0.60827285
Valid MSE Loss     : 0.00001165	 | 	Valid MAPE Loss     : 0.27748549
lr                 : [3e-06]


Epoch : 47
Train MSE Loss     : 1.00006533	 | 	Train MAPE Loss     : 0.54280686
Valid MSE Loss     : 0.00002806	 | 	Valid MAPE Loss     : 0.51939321
lr                 : [3e-06]


Epoch : 48
Train MSE Loss     : 1.00006866	 | 	Train MAPE Loss     : 0.58932871
Valid MSE Loss     : 0.00001139	 | 	Valid MAPE Loss     : 0.26364246
lr                 : [3e-06]


Epoch : 49
Train MSE Loss     : 1.00006616	 | 	Train MAPE Loss     : 0.57148433
Valid MSE Loss     : 0.00001973	 | 	Valid MAPE Loss     : 0.41323340
lr                 : [3e-06]


Epoch : 50
Train MSE Loss     : 1.00007355	 | 	Train MAPE Loss     : 0.63490093
Valid MSE Loss     : 0.00001206	 | 	Valid MAPE Loss     : 0.28615373
lr                 : [3e-06]


Epoch : 51
Train MSE Loss     : 1.00006878	 | 	Train MAPE Loss     : 0.58571219
Valid MSE Loss     : 0.00006635	 | 	Valid MAPE Loss     : 0.87594569
lr                 : [3e-06]


Epoch : 52
Train MSE Loss     : 1.00006914	 | 	Train MAPE Loss     : 0.59173441
Valid MSE Loss     : 0.00004696	 | 	Valid MAPE Loss     : 0.71398097
lr                 : [3e-06]


Epoch : 53
Train MSE Loss     : 1.00006557	 | 	Train MAPE Loss     : 0.56809616
Valid MSE Loss     : 0.00001651	 | 	Valid MAPE Loss     : 0.36412534
lr                 : [3e-06]


Epoch : 54
Train MSE Loss     : 1.00006366	 | 	Train MAPE Loss     : 0.54708141
Valid MSE Loss     : 0.00001416	 | 	Valid MAPE Loss     : 0.32190883
lr                 : [3e-06]


Epoch : 55
Train MSE Loss     : 1.00007093	 | 	Train MAPE Loss     : 0.60318792
Valid MSE Loss     : 0.00001023	 | 	Valid MAPE Loss     : 0.22764722
lr                 : [3.0000000000000004e-07]


Epoch : 56
Train MSE Loss     : 1.00006235	 | 	Train MAPE Loss     : 0.53339154
Valid MSE Loss     : 0.00001119	 | 	Valid MAPE Loss     : 0.26498747
lr                 : [3.0000000000000004e-07]


Epoch : 57
Train MSE Loss     : 1.00006270	 | 	Train MAPE Loss     : 0.53488022
Valid MSE Loss     : 0.00001047	 | 	Valid MAPE Loss     : 0.23248804
lr                 : [3.0000000000000004e-07]


Epoch : 58
Train MSE Loss     : 1.00006592	 | 	Train MAPE Loss     : 0.56782621
Valid MSE Loss     : 0.00001387	 | 	Valid MAPE Loss     : 0.31602028
lr                 : [3.0000000000000004e-07]


Epoch : 59
Train MSE Loss     : 1.00006509	 | 	Train MAPE Loss     : 0.55662262
Valid MSE Loss     : 0.00001261	 | 	Valid MAPE Loss     : 0.28888547
lr                 : [3.0000000000000004e-07]


Epoch : 60
Train MSE Loss     : 1.00007176	 | 	Train MAPE Loss     : 0.61584771
Valid MSE Loss     : 0.00002140	 | 	Valid MAPE Loss     : 0.43666866
lr                 : [3.0000000000000004e-07]


Epoch : 61
Train MSE Loss     : 1.00007331	 | 	Train MAPE Loss     : 0.60297990
Valid MSE Loss     : 0.00001053	 | 	Valid MAPE Loss     : 0.22864485
lr                 : [3.0000000000000004e-07]


Epoch : 62
Train MSE Loss     : 1.00007141	 | 	Train MAPE Loss     : 0.61034280
Valid MSE Loss     : 0.00007171	 | 	Valid MAPE Loss     : 0.91687441
lr                 : [3.0000000000000004e-07]


Epoch : 63
Train MSE Loss     : 1.00007212	 | 	Train MAPE Loss     : 0.60812718
Valid MSE Loss     : 0.00001194	 | 	Valid MAPE Loss     : 0.27283207
lr                 : [3.0000000000000004e-07]


Epoch : 64
Train MSE Loss     : 1.00006914	 | 	Train MAPE Loss     : 0.57510144
Valid MSE Loss     : 0.00001018	 | 	Valid MAPE Loss     : 0.22184746
lr                 : [3.0000000000000004e-07]


Epoch : 65
Train MSE Loss     : 1.00006342	 | 	Train MAPE Loss     : 0.55713421
Valid MSE Loss     : 0.00006934	 | 	Valid MAPE Loss     : 0.89967072
lr                 : [3.0000000000000004e-07]


Epoch : 66
Train MSE Loss     : 1.00006115	 | 	Train MAPE Loss     : 0.51083022
Valid MSE Loss     : 0.00001214	 | 	Valid MAPE Loss     : 0.27676702
lr                 : [3.0000000000000004e-08]


Epoch : 67
Train MSE Loss     : 1.00006557	 | 	Train MAPE Loss     : 0.56481236
Valid MSE Loss     : 0.00001616	 | 	Valid MAPE Loss     : 0.35782719
lr                 : [3.0000000000000004e-08]


Epoch : 68
Train MSE Loss     : 1.00006258	 | 	Train MAPE Loss     : 0.53347993
Valid MSE Loss     : 0.00001707	 | 	Valid MAPE Loss     : 0.37421009
lr                 : [3.0000000000000004e-08]


Epoch : 69
Train MSE Loss     : 1.00007045	 | 	Train MAPE Loss     : 0.59156948
Valid MSE Loss     : 0.00004572	 | 	Valid MAPE Loss     : 0.70270360
lr                 : [3.0000000000000004e-08]


Epoch : 70
Train MSE Loss     : 1.00006413	 | 	Train MAPE Loss     : 0.53969753
Valid MSE Loss     : 0.00003099	 | 	Valid MAPE Loss     : 0.55194718
lr                 : [3.0000000000000004e-08]


Epoch : 71
Train MSE Loss     : 1.00007617	 | 	Train MAPE Loss     : 0.62162489
Valid MSE Loss     : 0.00001063	 | 	Valid MAPE Loss     : 0.23501752
lr                 : [3.0000000000000004e-08]


Epoch : 72
Train MSE Loss     : 1.00006914	 | 	Train MAPE Loss     : 0.59653819
Valid MSE Loss     : 0.00001350	 | 	Valid MAPE Loss     : 0.32244518
lr                 : [3.0000000000000004e-08]


Epoch : 73
Train MSE Loss     : 1.00006342	 | 	Train MAPE Loss     : 0.53712451
Valid MSE Loss     : 0.00001514	 | 	Valid MAPE Loss     : 0.34055749
lr                 : [3.0000000000000004e-08]


Epoch : 74
Train MSE Loss     : 1.00006568	 | 	Train MAPE Loss     : 0.56467885
Valid MSE Loss     : 0.00001080	 | 	Valid MAPE Loss     : 0.24194863
lr                 : [3.0000000000000004e-08]


Epoch : 75
Train MSE Loss     : 1.00006676	 | 	Train MAPE Loss     : 0.56585610
Valid MSE Loss     : 0.00001307	 | 	Valid MAPE Loss     : 0.29800174
lr                 : [3.0000000000000004e-08]


Epoch : 76
Train MSE Loss     : 1.00006318	 | 	Train MAPE Loss     : 0.54296380
Valid MSE Loss     : 0.00001017	 | 	Valid MAPE Loss     : 0.22174796
lr                 : [3.0000000000000004e-08]


Epoch : 77
Train MSE Loss     : 1.00006700	 | 	Train MAPE Loss     : 0.57705504
Valid MSE Loss     : 0.00001651	 | 	Valid MAPE Loss     : 0.36362439
lr                 : [3.0000000000000004e-09]


Epoch : 78
Train MSE Loss     : 1.00006711	 | 	Train MAPE Loss     : 0.57694209
Valid MSE Loss     : 0.00002719	 | 	Valid MAPE Loss     : 0.50775290
lr                 : [3.0000000000000004e-09]


Epoch : 79
Train MSE Loss     : 1.00006855	 | 	Train MAPE Loss     : 0.58730513
Valid MSE Loss     : 0.00002374	 | 	Valid MAPE Loss     : 0.46601132
lr                 : [3.0000000000000004e-09]


Epoch : 80
Train MSE Loss     : 1.00007069	 | 	Train MAPE Loss     : 0.59982592
Valid MSE Loss     : 0.00002342	 | 	Valid MAPE Loss     : 0.46248713
lr                 : [3.0000000000000004e-09]


Epoch : 81
Train MSE Loss     : 1.00007248	 | 	Train MAPE Loss     : 0.61227709
Valid MSE Loss     : 0.00002201	 | 	Valid MAPE Loss     : 0.44488281
lr                 : [3.0000000000000004e-09]


Epoch : 82
Train MSE Loss     : 1.00007403	 | 	Train MAPE Loss     : 0.62582242
Valid MSE Loss     : 0.00001068	 | 	Valid MAPE Loss     : 0.23926072
lr                 : [3.0000000000000004e-09]


Epoch : 83
Train MSE Loss     : 1.00006950	 | 	Train MAPE Loss     : 0.57683152
Valid MSE Loss     : 0.00001054	 | 	Valid MAPE Loss     : 0.23042379
lr                 : [3.0000000000000004e-09]


Epoch : 84
Train MSE Loss     : 1.00006807	 | 	Train MAPE Loss     : 0.57630509
Valid MSE Loss     : 0.00001122	 | 	Valid MAPE Loss     : 0.25711590
lr                 : [3.0000000000000004e-09]


Epoch : 85
Train MSE Loss     : 1.00007105	 | 	Train MAPE Loss     : 0.59313011
Valid MSE Loss     : 0.00001640	 | 	Valid MAPE Loss     : 0.36491448
lr                 : [3.0000000000000004e-09]


Epoch : 86
Train MSE Loss     : 1.00007331	 | 	Train MAPE Loss     : 0.61549985
Valid MSE Loss     : 0.00001015	 | 	Valid MAPE Loss     : 0.22300725
lr                 : [3.0000000000000004e-09]


Epoch : 87
Train MSE Loss     : 1.00006926	 | 	Train MAPE Loss     : 0.59401566
Valid MSE Loss     : 0.00001242	 | 	Valid MAPE Loss     : 0.28218466
lr                 : [3.0000000000000004e-09]


Epoch : 88
Train MSE Loss     : 1.00006759	 | 	Train MAPE Loss     : 0.58216560
Valid MSE Loss     : 0.00001797	 | 	Valid MAPE Loss     : 0.39694151
lr                 : [3.0000000000000004e-09]


Epoch : 89
Train MSE Loss     : 1.00007081	 | 	Train MAPE Loss     : 0.59711355
Valid MSE Loss     : 0.00001080	 | 	Valid MAPE Loss     : 0.23485531
lr                 : [3.0000000000000004e-09]


Epoch : 90
Train MSE Loss     : 1.00006771	 | 	Train MAPE Loss     : 0.56396639
Valid MSE Loss     : 0.00002037	 | 	Valid MAPE Loss     : 0.42198563
lr                 : [3.0000000000000004e-09]


Epoch : 91
Train MSE Loss     : 1.00006199	 | 	Train MAPE Loss     : 0.52497405
Valid MSE Loss     : 0.00001155	 | 	Valid MAPE Loss     : 0.26271453
lr                 : [3.0000000000000004e-09]


Epoch : 92
Train MSE Loss     : 1.00007117	 | 	Train MAPE Loss     : 0.59978712
Valid MSE Loss     : 0.00002640	 | 	Valid MAPE Loss     : 0.49918714
lr                 : [3.0000000000000004e-09]


Epoch : 93
Train MSE Loss     : 1.00006473	 | 	Train MAPE Loss     : 0.56232500
Valid MSE Loss     : 0.00002293	 | 	Valid MAPE Loss     : 0.45578134
lr                 : [3.0000000000000004e-09]


Epoch : 94
Train MSE Loss     : 1.00007010	 | 	Train MAPE Loss     : 0.59381920
Valid MSE Loss     : 0.00001069	 | 	Valid MAPE Loss     : 0.23147574
lr                 : [3.0000000000000004e-09]


Epoch : 95
Train MSE Loss     : 1.00006902	 | 	Train MAPE Loss     : 0.58136052
Valid MSE Loss     : 0.00001557	 | 	Valid MAPE Loss     : 0.34859106
lr                 : [3.0000000000000004e-09]


Epoch : 96
Train MSE Loss     : 1.00008476	 | 	Train MAPE Loss     : 0.71069121
Valid MSE Loss     : 0.00001056	 | 	Valid MAPE Loss     : 0.23406966
lr                 : [3.0000000000000004e-09]


Epoch : 97
Train MSE Loss     : 1.00006878	 | 	Train MAPE Loss     : 0.57657248
Valid MSE Loss     : 0.00001260	 | 	Valid MAPE Loss     : 0.28985035
lr                 : [3.0000000000000004e-09]


Epoch : 98
Train MSE Loss     : 1.00006819	 | 	Train MAPE Loss     : 0.56603926
Valid MSE Loss     : 0.00001252	 | 	Valid MAPE Loss     : 0.28596777
lr                 : [3.0000000000000004e-09]


Epoch : 99
Train MSE Loss     : 1.00006855	 | 	Train MAPE Loss     : 0.57919157
Valid MSE Loss     : 0.00001258	 | 	Valid MAPE Loss     : 0.28787559
lr                 : [3.0000000000000004e-09]


Epoch : 100
Train MSE Loss     : 1.00006533	 | 	Train MAPE Loss     : 0.54319721
Valid MSE Loss     : 0.00001306	 | 	Valid MAPE Loss     : 0.30971169
lr                 : [3.0000000000000004e-09]


Epoch : 101
Train MSE Loss     : 1.00006843	 | 	Train MAPE Loss     : 0.57545537
Valid MSE Loss     : 0.00002028	 | 	Valid MAPE Loss     : 0.42128435
lr                 : [3.0000000000000004e-09]


Epoch : 102
Train MSE Loss     : 1.00006771	 | 	Train MAPE Loss     : 0.57149684
Valid MSE Loss     : 0.00001088	 | 	Valid MAPE Loss     : 0.23742744
lr                 : [3.0000000000000004e-09]


Epoch : 103
Train MSE Loss     : 1.00006735	 | 	Train MAPE Loss     : 0.56361741
Valid MSE Loss     : 0.00002009	 | 	Valid MAPE Loss     : 0.41966516
lr                 : [3.0000000000000004e-09]


Epoch : 104
Train MSE Loss     : 1.00006354	 | 	Train MAPE Loss     : 0.54966784
Valid MSE Loss     : 0.00003692	 | 	Valid MAPE Loss     : 0.61603004
lr                 : [3.0000000000000004e-09]


Epoch : 105
Train MSE Loss     : 1.00006771	 | 	Train MAPE Loss     : 0.56342703
Valid MSE Loss     : 0.00001055	 | 	Valid MAPE Loss     : 0.23294953
lr                 : [3.0000000000000004e-09]


Epoch : 106
Train MSE Loss     : 1.00007164	 | 	Train MAPE Loss     : 0.59390676
Valid MSE Loss     : 0.00001071	 | 	Valid MAPE Loss     : 0.23407741
lr                 : [3.0000000000000004e-09]


Epoch : 107
Train MSE Loss     : 1.00007212	 | 	Train MAPE Loss     : 0.60741121
Valid MSE Loss     : 0.00003325	 | 	Valid MAPE Loss     : 0.57676917
lr                 : [3.0000000000000004e-09]


Epoch : 108
Train MSE Loss     : 1.00006533	 | 	Train MAPE Loss     : 0.55709964
Valid MSE Loss     : 0.00002063	 | 	Valid MAPE Loss     : 0.42652982
lr                 : [3.0000000000000004e-09]


Epoch : 109
Train MSE Loss     : 1.00006628	 | 	Train MAPE Loss     : 0.57884496
Valid MSE Loss     : 0.00001029	 | 	Valid MAPE Loss     : 0.22390917
lr                 : [3.0000000000000004e-09]


Epoch : 110
Train MSE Loss     : 1.00006664	 | 	Train MAPE Loss     : 0.57784027
Valid MSE Loss     : 0.00002219	 | 	Valid MAPE Loss     : 0.44591486
lr                 : [3.0000000000000004e-09]


Epoch : 111
Train MSE Loss     : 1.00006580	 | 	Train MAPE Loss     : 0.56706572
Valid MSE Loss     : 0.00001297	 | 	Valid MAPE Loss     : 0.29693913
lr                 : [3.0000000000000004e-09]


Epoch : 112
Train MSE Loss     : 1.00006366	 | 	Train MAPE Loss     : 0.53438461
Valid MSE Loss     : 0.00001629	 | 	Valid MAPE Loss     : 0.36162582
lr                 : [3.0000000000000004e-09]


Epoch : 113
Train MSE Loss     : 1.00006866	 | 	Train MAPE Loss     : 0.57924932
Valid MSE Loss     : 0.00001084	 | 	Valid MAPE Loss     : 0.24536328
lr                 : [3.0000000000000004e-09]


Epoch : 114
Train MSE Loss     : 1.00006938	 | 	Train MAPE Loss     : 0.56726146
Valid MSE Loss     : 0.00001027	 | 	Valid MAPE Loss     : 0.22610921
lr                 : [3.0000000000000004e-09]


Epoch : 115
Train MSE Loss     : 1.00005960	 | 	Train MAPE Loss     : 0.51536441
Valid MSE Loss     : 0.00001056	 | 	Valid MAPE Loss     : 0.23148146
lr                 : [3.0000000000000004e-09]


Epoch : 116
Train MSE Loss     : 1.00007808	 | 	Train MAPE Loss     : 0.63603872
Valid MSE Loss     : 0.00002850	 | 	Valid MAPE Loss     : 0.52418768
lr                 : [3.0000000000000004e-09]


Epoch : 117
Train MSE Loss     : 1.00006080	 | 	Train MAPE Loss     : 0.52559268
Valid MSE Loss     : 0.00001506	 | 	Valid MAPE Loss     : 0.33660653
lr                 : [3.0000000000000004e-09]


Epoch : 118
Train MSE Loss     : 1.00006890	 | 	Train MAPE Loss     : 0.59205180
Valid MSE Loss     : 0.00001162	 | 	Valid MAPE Loss     : 0.28025612
lr                 : [3.0000000000000004e-09]


Epoch : 119
Train MSE Loss     : 1.00006652	 | 	Train MAPE Loss     : 0.57026982
Valid MSE Loss     : 0.00001166	 | 	Valid MAPE Loss     : 0.27730063
lr                 : [3.0000000000000004e-09]


Epoch : 120
Train MSE Loss     : 1.00006771	 | 	Train MAPE Loss     : 0.56350017
Valid MSE Loss     : 0.00001126	 | 	Valid MAPE Loss     : 0.26702341
lr                 : [3.0000000000000004e-09]


Epoch : 121
Train MSE Loss     : 1.00007391	 | 	Train MAPE Loss     : 0.63012582
Valid MSE Loss     : 0.00001054	 | 	Valid MAPE Loss     : 0.23423588
lr                 : [3.0000000000000004e-09]


Epoch : 122
Train MSE Loss     : 1.00006950	 | 	Train MAPE Loss     : 0.58134460
Valid MSE Loss     : 0.00001458	 | 	Valid MAPE Loss     : 0.33138302
lr                 : [3.0000000000000004e-09]


Epoch : 123
Train MSE Loss     : 1.00006473	 | 	Train MAPE Loss     : 0.54284567
Valid MSE Loss     : 0.00001098	 | 	Valid MAPE Loss     : 0.24484202
lr                 : [3.0000000000000004e-09]


Epoch : 124
Train MSE Loss     : 1.00006795	 | 	Train MAPE Loss     : 0.57621354
Valid MSE Loss     : 0.00001040	 | 	Valid MAPE Loss     : 0.22621682
lr                 : [3.0000000000000004e-09]


Epoch : 125
Train MSE Loss     : 1.00007129	 | 	Train MAPE Loss     : 0.59098387
Valid MSE Loss     : 0.00001652	 | 	Valid MAPE Loss     : 0.36453068
lr                 : [3.0000000000000004e-09]


Epoch : 126
Train MSE Loss     : 1.00006855	 | 	Train MAPE Loss     : 0.57215714
Valid MSE Loss     : 0.00001668	 | 	Valid MAPE Loss     : 0.37227350
lr                 : [3.0000000000000004e-09]


Epoch : 127
Train MSE Loss     : 1.00006080	 | 	Train MAPE Loss     : 0.51860607
Valid MSE Loss     : 0.00001604	 | 	Valid MAPE Loss     : 0.35782522
lr                 : [3.0000000000000004e-09]


Epoch : 128
Train MSE Loss     : 1.00006843	 | 	Train MAPE Loss     : 0.57557404
Valid MSE Loss     : 0.00002123	 | 	Valid MAPE Loss     : 0.43505305
lr                 : [3.0000000000000004e-09]


Epoch : 129
Train MSE Loss     : 1.00006998	 | 	Train MAPE Loss     : 0.60148877
Valid MSE Loss     : 0.00001330	 | 	Valid MAPE Loss     : 0.31741232
lr                 : [3.0000000000000004e-09]


Epoch : 130
Train MSE Loss     : 1.00006926	 | 	Train MAPE Loss     : 0.57972777
Valid MSE Loss     : 0.00001075	 | 	Valid MAPE Loss     : 0.24261786
lr                 : [3.0000000000000004e-09]


Epoch : 131
Train MSE Loss     : 1.00006592	 | 	Train MAPE Loss     : 0.55040509
Valid MSE Loss     : 0.00001162	 | 	Valid MAPE Loss     : 0.26450661
lr                 : [3.0000000000000004e-09]


Epoch : 132
Train MSE Loss     : 1.00007117	 | 	Train MAPE Loss     : 0.59496951
Valid MSE Loss     : 0.00003553	 | 	Valid MAPE Loss     : 0.60063565
lr                 : [3.0000000000000004e-09]


Epoch : 133
Train MSE Loss     : 1.00006938	 | 	Train MAPE Loss     : 0.58563393
Valid MSE Loss     : 0.00001176	 | 	Valid MAPE Loss     : 0.27037519
lr                 : [3.0000000000000004e-09]


Epoch : 134
Train MSE Loss     : 1.00006652	 | 	Train MAPE Loss     : 0.55486077
Valid MSE Loss     : 0.00001068	 | 	Valid MAPE Loss     : 0.23124075
lr                 : [3.0000000000000004e-09]


Epoch : 135
Train MSE Loss     : 1.00006557	 | 	Train MAPE Loss     : 0.55527204
Valid MSE Loss     : 0.00001083	 | 	Valid MAPE Loss     : 0.24125497
lr                 : [3.0000000000000004e-09]


Epoch : 136
Train MSE Loss     : 1.00006545	 | 	Train MAPE Loss     : 0.55178607
Valid MSE Loss     : 0.00002823	 | 	Valid MAPE Loss     : 0.52067512
lr                 : [3.0000000000000004e-09]


Epoch : 137
Train MSE Loss     : 1.00006676	 | 	Train MAPE Loss     : 0.57800639
Valid MSE Loss     : 0.00001094	 | 	Valid MAPE Loss     : 0.25001422
lr                 : [3.0000000000000004e-09]


Epoch : 138
Train MSE Loss     : 1.00006318	 | 	Train MAPE Loss     : 0.54299033
Valid MSE Loss     : 0.00001106	 | 	Valid MAPE Loss     : 0.24855596
lr                 : [3.0000000000000004e-09]


Epoch : 139
Train MSE Loss     : 1.00007045	 | 	Train MAPE Loss     : 0.60342610
Valid MSE Loss     : 0.00001276	 | 	Valid MAPE Loss     : 0.29305041
lr                 : [3.0000000000000004e-09]


Epoch : 140
Train MSE Loss     : 1.00006962	 | 	Train MAPE Loss     : 0.57922608
Valid MSE Loss     : 0.00001802	 | 	Valid MAPE Loss     : 0.38822979
lr                 : [3.0000000000000004e-09]


Epoch : 141
Train MSE Loss     : 1.00006366	 | 	Train MAPE Loss     : 0.53604668
Valid MSE Loss     : 0.00001090	 | 	Valid MAPE Loss     : 0.24600783
lr                 : [3.0000000000000004e-09]


Epoch : 142
Train MSE Loss     : 1.00007141	 | 	Train MAPE Loss     : 0.59333533
Valid MSE Loss     : 0.00001062	 | 	Valid MAPE Loss     : 0.23490551
lr                 : [3.0000000000000004e-09]


Epoch : 143
Train MSE Loss     : 1.00006688	 | 	Train MAPE Loss     : 0.58365685
Valid MSE Loss     : 0.00001032	 | 	Valid MAPE Loss     : 0.22364360
lr                 : [3.0000000000000004e-09]


Epoch : 144
Train MSE Loss     : 1.00006843	 | 	Train MAPE Loss     : 0.58697855
Valid MSE Loss     : 0.00001445	 | 	Valid MAPE Loss     : 0.32560903
lr                 : [3.0000000000000004e-09]


Epoch : 145
Train MSE Loss     : 1.00007463	 | 	Train MAPE Loss     : 0.64065927
Valid MSE Loss     : 0.00001542	 | 	Valid MAPE Loss     : 0.34311882
lr                 : [3.0000000000000004e-09]


Epoch : 146
Train MSE Loss     : 1.00006473	 | 	Train MAPE Loss     : 0.53804058
Valid MSE Loss     : 0.00001010	 | 	Valid MAPE Loss     : 0.22245319
lr                 : [3.0000000000000004e-09]


Epoch : 147
Train MSE Loss     : 1.00006509	 | 	Train MAPE Loss     : 0.55422807
Valid MSE Loss     : 0.00002616	 | 	Valid MAPE Loss     : 0.49605587
lr                 : [3.0000000000000004e-09]


Epoch : 148
Train MSE Loss     : 1.00006580	 | 	Train MAPE Loss     : 0.55654681
Valid MSE Loss     : 0.00001431	 | 	Valid MAPE Loss     : 0.32457727
lr                 : [3.0000000000000004e-09]


Epoch : 149
Train MSE Loss     : 1.00006926	 | 	Train MAPE Loss     : 0.58560228
Valid MSE Loss     : 0.00002243	 | 	Valid MAPE Loss     : 0.45018151
lr                 : [3.0000000000000004e-09]


Epoch : 150
Train MSE Loss     : 1.00007284	 | 	Train MAPE Loss     : 0.62954402
Valid MSE Loss     : 0.00001857	 | 	Valid MAPE Loss     : 0.39632919
lr                 : [3.0000000000000004e-09]


Evaluate on the Test set:
Test MAPE loss      :0.15403976	 | Test MSE loss      : 0.00002208

################## Training is Done! #########################
