=============================================
Dataset: cell_Tongji_NCA_data
Mode:    fine_tuned
=============================================
Training started ....

Epoch : 1
Train MSE Loss     : 1.00398803	 | 	Train MAPE Loss     : 3.93037438
Valid MSE Loss     : 0.00405742	 | 	Valid MAPE Loss     : 7.32900190
lr                 : [0.0003]


Epoch : 2
Train MSE Loss     : 1.00070357	 | 	Train MAPE Loss     : 2.35697174
Valid MSE Loss     : 0.00013021	 | 	Valid MAPE Loss     : 0.46668354
lr                 : [0.0003]


Epoch : 3
Train MSE Loss     : 1.00495887	 | 	Train MAPE Loss     : 6.44931746
Valid MSE Loss     : 0.00287550	 | 	Valid MAPE Loss     : 6.05933666
lr                 : [0.0003]


Epoch : 4
Train MSE Loss     : 1.00273466	 | 	Train MAPE Loss     : 4.68795300
Valid MSE Loss     : 0.00068146	 | 	Valid MAPE Loss     : 2.82086134
lr                 : [0.0003]


Epoch : 5
Train MSE Loss     : 1.00767076	 | 	Train MAPE Loss     : 7.97109127
Valid MSE Loss     : 0.00022838	 | 	Valid MAPE Loss     : 1.23521864
lr                 : [0.0003]


Epoch : 6
Train MSE Loss     : 1.00110495	 | 	Train MAPE Loss     : 3.21646667
Valid MSE Loss     : 0.00033861	 | 	Valid MAPE Loss     : 1.72745657
lr                 : [0.0003]


Epoch : 7
Train MSE Loss     : 1.00098050	 | 	Train MAPE Loss     : 2.36331058
Valid MSE Loss     : 0.01151920	 | 	Valid MAPE Loss     : 12.32023811
lr                 : [0.0003]


Epoch : 8
Train MSE Loss     : 1.00164378	 | 	Train MAPE Loss     : 3.54220891
Valid MSE Loss     : 0.00315030	 | 	Valid MAPE Loss     : 6.38510847
lr                 : [0.0003]


Epoch : 9
Train MSE Loss     : 1.00200379	 | 	Train MAPE Loss     : 4.32402039
Valid MSE Loss     : 0.00070545	 | 	Valid MAPE Loss     : 2.28514719
lr                 : [0.0003]


Epoch : 10
Train MSE Loss     : 1.00084722	 | 	Train MAPE Loss     : 2.60802269
Valid MSE Loss     : 0.00018117	 | 	Valid MAPE Loss     : 0.99636579
lr                 : [0.0003]


Epoch : 11
Train MSE Loss     : 1.00167572	 | 	Train MAPE Loss     : 3.81077337
Valid MSE Loss     : 0.00081347	 | 	Valid MAPE Loss     : 3.11749911
lr                 : [0.0003]


Epoch : 12
Train MSE Loss     : 1.00078094	 | 	Train MAPE Loss     : 2.62899232
Valid MSE Loss     : 0.00290993	 | 	Valid MAPE Loss     : 6.17324257
lr                 : [0.0003]


Epoch : 13
Train MSE Loss     : 1.00094509	 | 	Train MAPE Loss     : 2.76592469
Valid MSE Loss     : 0.00177221	 | 	Valid MAPE Loss     : 4.75561237
lr                 : [2.9999999999999997e-05]


Epoch : 14
Train MSE Loss     : 1.00016785	 | 	Train MAPE Loss     : 0.93957543
Valid MSE Loss     : 0.00013659	 | 	Valid MAPE Loss     : 0.69208169
lr                 : [2.9999999999999997e-05]


Epoch : 15
Train MSE Loss     : 1.00010860	 | 	Train MAPE Loss     : 0.76402646
Valid MSE Loss     : 0.00020408	 | 	Valid MAPE Loss     : 1.16775167
lr                 : [2.9999999999999997e-05]


Epoch : 16
Train MSE Loss     : 1.00010085	 | 	Train MAPE Loss     : 0.67206776
Valid MSE Loss     : 0.00012381	 | 	Valid MAPE Loss     : 0.52792764
lr                 : [2.9999999999999997e-05]


Epoch : 17
Train MSE Loss     : 1.00010049	 | 	Train MAPE Loss     : 0.70534396
Valid MSE Loss     : 0.00011050	 | 	Valid MAPE Loss     : 0.22225109
lr                 : [2.9999999999999997e-05]


Epoch : 18
Train MSE Loss     : 1.00009215	 | 	Train MAPE Loss     : 0.65096116
Valid MSE Loss     : 0.00010633	 | 	Valid MAPE Loss     : 0.24272451
lr                 : [2.9999999999999997e-05]


Epoch : 19
Train MSE Loss     : 1.00009632	 | 	Train MAPE Loss     : 0.68336576
Valid MSE Loss     : 0.00010856	 | 	Valid MAPE Loss     : 0.30782133
lr                 : [2.9999999999999997e-05]


Epoch : 20
Train MSE Loss     : 1.00008345	 | 	Train MAPE Loss     : 0.58205736
Valid MSE Loss     : 0.00015371	 | 	Valid MAPE Loss     : 0.83703578
lr                 : [2.9999999999999997e-05]


Epoch : 21
Train MSE Loss     : 1.00009406	 | 	Train MAPE Loss     : 0.64838266
Valid MSE Loss     : 0.00019092	 | 	Valid MAPE Loss     : 1.09429061
lr                 : [2.9999999999999997e-05]


Epoch : 22
Train MSE Loss     : 1.00010216	 | 	Train MAPE Loss     : 0.71635050
Valid MSE Loss     : 0.00021688	 | 	Valid MAPE Loss     : 1.25394487
lr                 : [2.9999999999999997e-05]


Epoch : 23
Train MSE Loss     : 1.00009632	 | 	Train MAPE Loss     : 0.68178034
Valid MSE Loss     : 0.00011946	 | 	Valid MAPE Loss     : 0.48559415
lr                 : [2.9999999999999997e-05]


Epoch : 24
Train MSE Loss     : 1.00009120	 | 	Train MAPE Loss     : 0.64706439
Valid MSE Loss     : 0.00013207	 | 	Valid MAPE Loss     : 0.66556984
lr                 : [2.9999999999999997e-05]


Epoch : 25
Train MSE Loss     : 1.00008667	 | 	Train MAPE Loss     : 0.63452226
Valid MSE Loss     : 0.00013257	 | 	Valid MAPE Loss     : 0.68094915
lr                 : [2.9999999999999997e-05]


Epoch : 26
Train MSE Loss     : 1.00008881	 | 	Train MAPE Loss     : 0.65119916
Valid MSE Loss     : 0.00010298	 | 	Valid MAPE Loss     : 0.23027724
lr                 : [2.9999999999999997e-05]


Epoch : 27
Train MSE Loss     : 1.00009882	 | 	Train MAPE Loss     : 0.71599996
Valid MSE Loss     : 0.00010905	 | 	Valid MAPE Loss     : 0.35701635
lr                 : [2.9999999999999997e-05]


Epoch : 28
Train MSE Loss     : 1.00008488	 | 	Train MAPE Loss     : 0.63909352
Valid MSE Loss     : 0.00010197	 | 	Valid MAPE Loss     : 0.21730511
lr                 : [2.9999999999999997e-05]


Epoch : 29
Train MSE Loss     : 1.00009584	 | 	Train MAPE Loss     : 0.69476193
Valid MSE Loss     : 0.00010524	 | 	Valid MAPE Loss     : 0.34988201
lr                 : [2.9999999999999997e-05]


Epoch : 30
Train MSE Loss     : 1.00009322	 | 	Train MAPE Loss     : 0.70000106
Valid MSE Loss     : 0.00013071	 | 	Valid MAPE Loss     : 0.66183847
lr                 : [2.9999999999999997e-05]


Epoch : 31
Train MSE Loss     : 1.00009143	 | 	Train MAPE Loss     : 0.69727087
Valid MSE Loss     : 0.00014929	 | 	Valid MAPE Loss     : 0.85614872
lr                 : [2.9999999999999997e-05]


Epoch : 32
Train MSE Loss     : 1.00006926	 | 	Train MAPE Loss     : 0.67014265
Valid MSE Loss     : 0.00010599	 | 	Valid MAPE Loss     : 0.40477771
lr                 : [2.9999999999999997e-05]


Epoch : 33
Train MSE Loss     : 1.00008214	 | 	Train MAPE Loss     : 0.60996324
Valid MSE Loss     : 0.00013711	 | 	Valid MAPE Loss     : 0.79191846
lr                 : [2.9999999999999997e-05]


Epoch : 34
Train MSE Loss     : 1.00009274	 | 	Train MAPE Loss     : 0.70784485
Valid MSE Loss     : 0.00011352	 | 	Valid MAPE Loss     : 0.60599971
lr                 : [2.9999999999999997e-05]


Epoch : 35
Train MSE Loss     : 1.00008261	 | 	Train MAPE Loss     : 0.64516509
Valid MSE Loss     : 0.00009200	 | 	Valid MAPE Loss     : 0.39501178
lr                 : [2.9999999999999997e-05]


Epoch : 36
Train MSE Loss     : 1.00008047	 | 	Train MAPE Loss     : 0.67373180
Valid MSE Loss     : 0.00008808	 | 	Valid MAPE Loss     : 0.53823352
lr                 : [2.9999999999999997e-05]


Epoch : 37
Train MSE Loss     : 1.00006831	 | 	Train MAPE Loss     : 0.61529046
Valid MSE Loss     : 0.00005350	 | 	Valid MAPE Loss     : 0.20567586
lr                 : [2.9999999999999997e-05]


Epoch : 38
Train MSE Loss     : 1.00010097	 | 	Train MAPE Loss     : 0.88627750
Valid MSE Loss     : 0.00003299	 | 	Valid MAPE Loss     : 0.19840735
lr                 : [2.9999999999999997e-05]


Epoch : 39
Train MSE Loss     : 1.00006771	 | 	Train MAPE Loss     : 0.71804053
Valid MSE Loss     : 0.00011408	 | 	Valid MAPE Loss     : 1.07187128
lr                 : [2.9999999999999997e-05]


Epoch : 40
Train MSE Loss     : 1.00004351	 | 	Train MAPE Loss     : 0.57239819
Valid MSE Loss     : 0.00004936	 | 	Valid MAPE Loss     : 0.53270590
lr                 : [2.9999999999999997e-05]


Epoch : 41
Train MSE Loss     : 1.00005352	 | 	Train MAPE Loss     : 0.65216947
Valid MSE Loss     : 0.00003093	 | 	Valid MAPE Loss     : 0.19737324
lr                 : [2.9999999999999997e-05]


Epoch : 42
Train MSE Loss     : 1.00006485	 | 	Train MAPE Loss     : 0.74801451
Valid MSE Loss     : 0.00004192	 | 	Valid MAPE Loss     : 0.41662496
lr                 : [2.9999999999999997e-05]


Epoch : 43
Train MSE Loss     : 1.00008202	 | 	Train MAPE Loss     : 0.81834793
Valid MSE Loss     : 0.00007534	 | 	Valid MAPE Loss     : 0.79447705
lr                 : [2.9999999999999997e-05]


Epoch : 44
Train MSE Loss     : 1.00004613	 | 	Train MAPE Loss     : 0.60258639
Valid MSE Loss     : 0.00003435	 | 	Valid MAPE Loss     : 0.19383501
lr                 : [2.9999999999999997e-05]


Epoch : 45
Train MSE Loss     : 1.00005221	 | 	Train MAPE Loss     : 0.64149946
Valid MSE Loss     : 0.00006909	 | 	Valid MAPE Loss     : 0.74138796
lr                 : [2.9999999999999997e-05]


Epoch : 46
Train MSE Loss     : 1.00005305	 | 	Train MAPE Loss     : 0.63381982
Valid MSE Loss     : 0.00004386	 | 	Valid MAPE Loss     : 0.45138896
lr                 : [2.9999999999999997e-05]


Epoch : 47
Train MSE Loss     : 1.00007606	 | 	Train MAPE Loss     : 0.82003051
Valid MSE Loss     : 0.00004841	 | 	Valid MAPE Loss     : 0.51892865
lr                 : [2.9999999999999997e-05]


Epoch : 48
Train MSE Loss     : 1.00007248	 | 	Train MAPE Loss     : 0.79556489
Valid MSE Loss     : 0.00005701	 | 	Valid MAPE Loss     : 0.62079489
lr                 : [2.9999999999999997e-05]


Epoch : 49
Train MSE Loss     : 1.00005817	 | 	Train MAPE Loss     : 0.71120512
Valid MSE Loss     : 0.00010681	 | 	Valid MAPE Loss     : 1.01357698
lr                 : [2.9999999999999997e-05]


Epoch : 50
Train MSE Loss     : 1.00005066	 | 	Train MAPE Loss     : 0.62896883
Valid MSE Loss     : 0.00003636	 | 	Valid MAPE Loss     : 0.35080925
lr                 : [2.9999999999999997e-05]


Epoch : 51
Train MSE Loss     : 1.00005305	 | 	Train MAPE Loss     : 0.66133177
Valid MSE Loss     : 0.00003394	 | 	Valid MAPE Loss     : 0.27305347
lr                 : [2.9999999999999997e-05]


Epoch : 52
Train MSE Loss     : 1.00007677	 | 	Train MAPE Loss     : 0.79039198
Valid MSE Loss     : 0.00003906	 | 	Valid MAPE Loss     : 0.35512251
lr                 : [2.9999999999999997e-05]


Epoch : 53
Train MSE Loss     : 1.00006390	 | 	Train MAPE Loss     : 0.72831959
Valid MSE Loss     : 0.00004617	 | 	Valid MAPE Loss     : 0.43672165
lr                 : [2.9999999999999997e-05]


Epoch : 54
Train MSE Loss     : 1.00004792	 | 	Train MAPE Loss     : 0.62116140
Valid MSE Loss     : 0.00003186	 | 	Valid MAPE Loss     : 0.18549004
lr                 : [2.9999999999999997e-05]


Epoch : 55
Train MSE Loss     : 1.00005209	 | 	Train MAPE Loss     : 0.64673287
Valid MSE Loss     : 0.00004208	 | 	Valid MAPE Loss     : 0.40263093
lr                 : [2.9999999999999997e-05]


Epoch : 56
Train MSE Loss     : 1.00004756	 | 	Train MAPE Loss     : 0.62588131
Valid MSE Loss     : 0.00003123	 | 	Valid MAPE Loss     : 0.23227112
lr                 : [2.9999999999999997e-05]


Epoch : 57
Train MSE Loss     : 1.00004625	 | 	Train MAPE Loss     : 0.62113297
Valid MSE Loss     : 0.00006663	 | 	Valid MAPE Loss     : 0.71383899
lr                 : [2.9999999999999997e-05]


Epoch : 58
Train MSE Loss     : 1.00004482	 | 	Train MAPE Loss     : 0.60886019
Valid MSE Loss     : 0.00005192	 | 	Valid MAPE Loss     : 0.57406372
lr                 : [2.9999999999999997e-05]


Epoch : 59
Train MSE Loss     : 1.00006878	 | 	Train MAPE Loss     : 0.76249552
Valid MSE Loss     : 0.00003695	 | 	Valid MAPE Loss     : 0.20828387
lr                 : [2.9999999999999997e-05]


Epoch : 60
Train MSE Loss     : 1.00006950	 | 	Train MAPE Loss     : 0.76850539
Valid MSE Loss     : 0.00008517	 | 	Valid MAPE Loss     : 0.85581315
lr                 : [2.9999999999999997e-05]


Epoch : 61
Train MSE Loss     : 1.00004649	 | 	Train MAPE Loss     : 0.59475160
Valid MSE Loss     : 0.00005243	 | 	Valid MAPE Loss     : 0.55769449
lr                 : [2.9999999999999997e-05]


Epoch : 62
Train MSE Loss     : 1.00004613	 | 	Train MAPE Loss     : 0.61164808
Valid MSE Loss     : 0.00003634	 | 	Valid MAPE Loss     : 0.25638872
lr                 : [2.9999999999999997e-05]


Epoch : 63
Train MSE Loss     : 1.00005531	 | 	Train MAPE Loss     : 0.65705818
Valid MSE Loss     : 0.00003331	 | 	Valid MAPE Loss     : 0.29334846
lr                 : [2.9999999999999997e-05]


Epoch : 64
Train MSE Loss     : 1.00005817	 | 	Train MAPE Loss     : 0.69955558
Valid MSE Loss     : 0.00008134	 | 	Valid MAPE Loss     : 0.84076923
lr                 : [2.9999999999999997e-05]


Epoch : 65
Train MSE Loss     : 1.00006700	 | 	Train MAPE Loss     : 0.74119222
Valid MSE Loss     : 0.00007604	 | 	Valid MAPE Loss     : 0.77856576
lr                 : [3e-06]


Epoch : 66
Train MSE Loss     : 1.00004625	 | 	Train MAPE Loss     : 0.60258818
Valid MSE Loss     : 0.00003752	 | 	Valid MAPE Loss     : 0.29394162
lr                 : [3e-06]


Epoch : 67
Train MSE Loss     : 1.00004184	 | 	Train MAPE Loss     : 0.57198250
Valid MSE Loss     : 0.00005801	 | 	Valid MAPE Loss     : 0.61342901
lr                 : [3e-06]


Epoch : 68
Train MSE Loss     : 1.00004411	 | 	Train MAPE Loss     : 0.60187668
Valid MSE Loss     : 0.00003276	 | 	Valid MAPE Loss     : 0.18662402
lr                 : [3e-06]


Epoch : 69
Train MSE Loss     : 1.00004995	 | 	Train MAPE Loss     : 0.64961869
Valid MSE Loss     : 0.00004564	 | 	Valid MAPE Loss     : 0.45900106
lr                 : [3e-06]


Epoch : 70
Train MSE Loss     : 1.00004029	 | 	Train MAPE Loss     : 0.57923383
Valid MSE Loss     : 0.00003190	 | 	Valid MAPE Loss     : 0.18165825
lr                 : [3e-06]


Epoch : 71
Train MSE Loss     : 1.00003457	 | 	Train MAPE Loss     : 0.50978076
Valid MSE Loss     : 0.00004535	 | 	Valid MAPE Loss     : 0.46094206
lr                 : [3e-06]


Epoch : 72
Train MSE Loss     : 1.00005054	 | 	Train MAPE Loss     : 0.64456266
Valid MSE Loss     : 0.00005525	 | 	Valid MAPE Loss     : 0.59353995
lr                 : [3e-06]


Epoch : 73
Train MSE Loss     : 1.00004423	 | 	Train MAPE Loss     : 0.60012811
Valid MSE Loss     : 0.00003280	 | 	Valid MAPE Loss     : 0.20108584
lr                 : [3e-06]


Epoch : 74
Train MSE Loss     : 1.00004303	 | 	Train MAPE Loss     : 0.57520926
Valid MSE Loss     : 0.00003222	 | 	Valid MAPE Loss     : 0.18114267
lr                 : [3e-06]


Epoch : 75
Train MSE Loss     : 1.00004613	 | 	Train MAPE Loss     : 0.61950630
Valid MSE Loss     : 0.00004257	 | 	Valid MAPE Loss     : 0.45036796
lr                 : [3e-06]


Epoch : 76
Train MSE Loss     : 1.00004292	 | 	Train MAPE Loss     : 0.56274337
Valid MSE Loss     : 0.00003231	 | 	Valid MAPE Loss     : 0.24368113
lr                 : [3e-06]


Epoch : 77
Train MSE Loss     : 1.00003886	 | 	Train MAPE Loss     : 0.55492771
Valid MSE Loss     : 0.00003277	 | 	Valid MAPE Loss     : 0.22137262
lr                 : [3e-06]


Epoch : 78
Train MSE Loss     : 1.00003946	 | 	Train MAPE Loss     : 0.55365509
Valid MSE Loss     : 0.00003153	 | 	Valid MAPE Loss     : 0.22161976
lr                 : [3e-06]


Epoch : 79
Train MSE Loss     : 1.00004089	 | 	Train MAPE Loss     : 0.57790756
Valid MSE Loss     : 0.00005224	 | 	Valid MAPE Loss     : 0.56334978
lr                 : [3e-06]


Epoch : 80
Train MSE Loss     : 1.00004911	 | 	Train MAPE Loss     : 0.62991178
Valid MSE Loss     : 0.00004682	 | 	Valid MAPE Loss     : 0.48557484
lr                 : [3e-06]


Epoch : 81
Train MSE Loss     : 1.00004518	 | 	Train MAPE Loss     : 0.60290802
Valid MSE Loss     : 0.00003155	 | 	Valid MAPE Loss     : 0.19435865
lr                 : [3e-06]


Epoch : 82
Train MSE Loss     : 1.00004470	 | 	Train MAPE Loss     : 0.60092962
Valid MSE Loss     : 0.00003379	 | 	Valid MAPE Loss     : 0.25864437
lr                 : [3e-06]


Epoch : 83
Train MSE Loss     : 1.00004888	 | 	Train MAPE Loss     : 0.62478393
Valid MSE Loss     : 0.00003415	 | 	Valid MAPE Loss     : 0.26191637
lr                 : [3e-06]


Epoch : 84
Train MSE Loss     : 1.00004399	 | 	Train MAPE Loss     : 0.60038161
Valid MSE Loss     : 0.00003487	 | 	Valid MAPE Loss     : 0.28815380
lr                 : [3e-06]


Epoch : 85
Train MSE Loss     : 1.00003755	 | 	Train MAPE Loss     : 0.51185912
Valid MSE Loss     : 0.00007879	 | 	Valid MAPE Loss     : 0.82053310
lr                 : [3.0000000000000004e-07]


Epoch : 86
Train MSE Loss     : 1.00003552	 | 	Train MAPE Loss     : 0.52231956
Valid MSE Loss     : 0.00003291	 | 	Valid MAPE Loss     : 0.22402684
lr                 : [3.0000000000000004e-07]


Epoch : 87
Train MSE Loss     : 1.00003707	 | 	Train MAPE Loss     : 0.53176814
Valid MSE Loss     : 0.00003546	 | 	Valid MAPE Loss     : 0.28852564
lr                 : [3.0000000000000004e-07]


Epoch : 88
Train MSE Loss     : 1.00003767	 | 	Train MAPE Loss     : 0.54068422
Valid MSE Loss     : 0.00004905	 | 	Valid MAPE Loss     : 0.52100748
lr                 : [3.0000000000000004e-07]


Epoch : 89
Train MSE Loss     : 1.00004029	 | 	Train MAPE Loss     : 0.56131047
Valid MSE Loss     : 0.00003382	 | 	Valid MAPE Loss     : 0.24665715
lr                 : [3.0000000000000004e-07]


Epoch : 90
Train MSE Loss     : 1.00003707	 | 	Train MAPE Loss     : 0.54331356
Valid MSE Loss     : 0.00003116	 | 	Valid MAPE Loss     : 0.18018077
lr                 : [3.0000000000000004e-07]


Epoch : 91
Train MSE Loss     : 1.00003934	 | 	Train MAPE Loss     : 0.56044459
Valid MSE Loss     : 0.00003113	 | 	Valid MAPE Loss     : 0.19741896
lr                 : [3.0000000000000004e-07]


Epoch : 92
Train MSE Loss     : 1.00003648	 | 	Train MAPE Loss     : 0.53895837
Valid MSE Loss     : 0.00004342	 | 	Valid MAPE Loss     : 0.44026086
lr                 : [3.0000000000000004e-07]


Epoch : 93
Train MSE Loss     : 1.00004196	 | 	Train MAPE Loss     : 0.57306796
Valid MSE Loss     : 0.00003168	 | 	Valid MAPE Loss     : 0.18803453
lr                 : [3.0000000000000004e-07]


Epoch : 94
Train MSE Loss     : 1.00003266	 | 	Train MAPE Loss     : 0.49822539
Valid MSE Loss     : 0.00003981	 | 	Valid MAPE Loss     : 0.37964579
lr                 : [3.0000000000000004e-07]


Epoch : 95
Train MSE Loss     : 1.00003588	 | 	Train MAPE Loss     : 0.52106261
Valid MSE Loss     : 0.00003134	 | 	Valid MAPE Loss     : 0.18006358
lr                 : [3.0000000000000004e-07]


Epoch : 96
Train MSE Loss     : 1.00003481	 | 	Train MAPE Loss     : 0.52927673
Valid MSE Loss     : 0.00003490	 | 	Valid MAPE Loss     : 0.28359640
lr                 : [3.0000000000000004e-07]


Epoch : 97
Train MSE Loss     : 1.00003219	 | 	Train MAPE Loss     : 0.49160409
Valid MSE Loss     : 0.00003102	 | 	Valid MAPE Loss     : 0.17748441
lr                 : [3.0000000000000004e-07]


Epoch : 98
Train MSE Loss     : 1.00003529	 | 	Train MAPE Loss     : 0.50510812
Valid MSE Loss     : 0.00004854	 | 	Valid MAPE Loss     : 0.51793456
lr                 : [3.0000000000000004e-07]


Epoch : 99
Train MSE Loss     : 1.00003588	 | 	Train MAPE Loss     : 0.52716464
Valid MSE Loss     : 0.00004953	 | 	Valid MAPE Loss     : 0.52838695
lr                 : [3.0000000000000004e-07]


Epoch : 100
Train MSE Loss     : 1.00003600	 | 	Train MAPE Loss     : 0.52105987
Valid MSE Loss     : 0.00003130	 | 	Valid MAPE Loss     : 0.18511923
lr                 : [3.0000000000000004e-07]


Epoch : 101
Train MSE Loss     : 1.00004005	 | 	Train MAPE Loss     : 0.57965392
Valid MSE Loss     : 0.00003175	 | 	Valid MAPE Loss     : 0.18927646
lr                 : [3.0000000000000004e-07]


Epoch : 102
Train MSE Loss     : 1.00003386	 | 	Train MAPE Loss     : 0.50149679
Valid MSE Loss     : 0.00004368	 | 	Valid MAPE Loss     : 0.44541800
lr                 : [3.0000000000000004e-07]


Epoch : 103
Train MSE Loss     : 1.00003505	 | 	Train MAPE Loss     : 0.53487325
Valid MSE Loss     : 0.00003122	 | 	Valid MAPE Loss     : 0.18000922
lr                 : [3.0000000000000004e-07]


Epoch : 104
Train MSE Loss     : 1.00004625	 | 	Train MAPE Loss     : 0.62340903
Valid MSE Loss     : 0.00003706	 | 	Valid MAPE Loss     : 0.32529646
lr                 : [3.0000000000000004e-07]


Epoch : 105
Train MSE Loss     : 1.00004160	 | 	Train MAPE Loss     : 0.56737185
Valid MSE Loss     : 0.00003216	 | 	Valid MAPE Loss     : 0.20670864
lr                 : [3.0000000000000004e-07]


Epoch : 106
Train MSE Loss     : 1.00004637	 | 	Train MAPE Loss     : 0.62288684
Valid MSE Loss     : 0.00003137	 | 	Valid MAPE Loss     : 0.18086275
lr                 : [3.0000000000000004e-07]


Epoch : 107
Train MSE Loss     : 1.00003695	 | 	Train MAPE Loss     : 0.53577387
Valid MSE Loss     : 0.00005858	 | 	Valid MAPE Loss     : 0.63735020
lr                 : [3.0000000000000004e-07]


Epoch : 108
Train MSE Loss     : 1.00004625	 | 	Train MAPE Loss     : 0.61656344
Valid MSE Loss     : 0.00003139	 | 	Valid MAPE Loss     : 0.20672718
lr                 : [3.0000000000000004e-08]


Epoch : 109
Train MSE Loss     : 1.00004482	 | 	Train MAPE Loss     : 0.60904700
Valid MSE Loss     : 0.00003914	 | 	Valid MAPE Loss     : 0.37174708
lr                 : [3.0000000000000004e-08]


Epoch : 110
Train MSE Loss     : 1.00004196	 | 	Train MAPE Loss     : 0.57163602
Valid MSE Loss     : 0.00003927	 | 	Valid MAPE Loss     : 0.36473894
lr                 : [3.0000000000000004e-08]


Epoch : 111
Train MSE Loss     : 1.00004065	 | 	Train MAPE Loss     : 0.57049477
Valid MSE Loss     : 0.00003410	 | 	Valid MAPE Loss     : 0.26301560
lr                 : [3.0000000000000004e-08]


Epoch : 112
Train MSE Loss     : 1.00003302	 | 	Train MAPE Loss     : 0.50679934
Valid MSE Loss     : 0.00003633	 | 	Valid MAPE Loss     : 0.35515103
lr                 : [3.0000000000000004e-08]


Epoch : 113
Train MSE Loss     : 1.00004208	 | 	Train MAPE Loss     : 0.55939245
Valid MSE Loss     : 0.00003653	 | 	Valid MAPE Loss     : 0.31459945
lr                 : [3.0000000000000004e-08]


Epoch : 114
Train MSE Loss     : 1.00003481	 | 	Train MAPE Loss     : 0.53207690
Valid MSE Loss     : 0.00004216	 | 	Valid MAPE Loss     : 0.42240936
lr                 : [3.0000000000000004e-08]


Epoch : 115
Train MSE Loss     : 1.00003481	 | 	Train MAPE Loss     : 0.52044463
Valid MSE Loss     : 0.00003153	 | 	Valid MAPE Loss     : 0.18326820
lr                 : [3.0000000000000004e-08]


Epoch : 116
Train MSE Loss     : 1.00003779	 | 	Train MAPE Loss     : 0.55180013
Valid MSE Loss     : 0.00003613	 | 	Valid MAPE Loss     : 0.30631691
lr                 : [3.0000000000000004e-08]


Epoch : 117
Train MSE Loss     : 1.00003362	 | 	Train MAPE Loss     : 0.51481634
Valid MSE Loss     : 0.00004629	 | 	Valid MAPE Loss     : 0.48377159
lr                 : [3.0000000000000004e-08]


Epoch : 118
Train MSE Loss     : 1.00004160	 | 	Train MAPE Loss     : 0.55891454
Valid MSE Loss     : 0.00003182	 | 	Valid MAPE Loss     : 0.23924820
lr                 : [3.0000000000000004e-08]


Epoch : 119
Train MSE Loss     : 1.00003994	 | 	Train MAPE Loss     : 0.57578200
Valid MSE Loss     : 0.00003491	 | 	Valid MAPE Loss     : 0.27527255
lr                 : [3.0000000000000004e-09]


Epoch : 120
Train MSE Loss     : 1.00003910	 | 	Train MAPE Loss     : 0.56720781
Valid MSE Loss     : 0.00003349	 | 	Valid MAPE Loss     : 0.23370877
lr                 : [3.0000000000000004e-09]


Epoch : 121
Train MSE Loss     : 1.00004208	 | 	Train MAPE Loss     : 0.56913525
Valid MSE Loss     : 0.00004365	 | 	Valid MAPE Loss     : 0.44295645
lr                 : [3.0000000000000004e-09]


Epoch : 122
Train MSE Loss     : 1.00003719	 | 	Train MAPE Loss     : 0.53079057
Valid MSE Loss     : 0.00003636	 | 	Valid MAPE Loss     : 0.31329885
lr                 : [3.0000000000000004e-09]


Epoch : 123
Train MSE Loss     : 1.00002956	 | 	Train MAPE Loss     : 0.47238839
Valid MSE Loss     : 0.00003129	 | 	Valid MAPE Loss     : 0.17891456
lr                 : [3.0000000000000004e-09]


Epoch : 124
Train MSE Loss     : 1.00004363	 | 	Train MAPE Loss     : 0.58554393
Valid MSE Loss     : 0.00003166	 | 	Valid MAPE Loss     : 0.18809946
lr                 : [3.0000000000000004e-09]


Epoch : 125
Train MSE Loss     : 1.00004256	 | 	Train MAPE Loss     : 0.56852335
Valid MSE Loss     : 0.00004040	 | 	Valid MAPE Loss     : 0.39088124
lr                 : [3.0000000000000004e-09]


Epoch : 126
Train MSE Loss     : 1.00004172	 | 	Train MAPE Loss     : 0.56364828
Valid MSE Loss     : 0.00003134	 | 	Valid MAPE Loss     : 0.17869523
lr                 : [3.0000000000000004e-09]


Epoch : 127
Train MSE Loss     : 1.00003469	 | 	Train MAPE Loss     : 0.51661682
Valid MSE Loss     : 0.00003841	 | 	Valid MAPE Loss     : 0.39375356
lr                 : [3.0000000000000004e-09]


Epoch : 128
Train MSE Loss     : 1.00004327	 | 	Train MAPE Loss     : 0.59089708
Valid MSE Loss     : 0.00003107	 | 	Valid MAPE Loss     : 0.17985593
lr                 : [3.0000000000000004e-09]


Epoch : 129
Train MSE Loss     : 1.00004411	 | 	Train MAPE Loss     : 0.59289527
Valid MSE Loss     : 0.00003115	 | 	Valid MAPE Loss     : 0.17946291
lr                 : [3.0000000000000004e-09]


Epoch : 130
Train MSE Loss     : 1.00003660	 | 	Train MAPE Loss     : 0.53453863
Valid MSE Loss     : 0.00004211	 | 	Valid MAPE Loss     : 0.42225087
lr                 : [3.0000000000000004e-09]


Epoch : 131
Train MSE Loss     : 1.00003910	 | 	Train MAPE Loss     : 0.55581373
Valid MSE Loss     : 0.00003156	 | 	Valid MAPE Loss     : 0.18717861
lr                 : [3.0000000000000004e-09]


Epoch : 132
Train MSE Loss     : 1.00004041	 | 	Train MAPE Loss     : 0.56074989
Valid MSE Loss     : 0.00003208	 | 	Valid MAPE Loss     : 0.19414614
lr                 : [3.0000000000000004e-09]


Epoch : 133
Train MSE Loss     : 1.00003624	 | 	Train MAPE Loss     : 0.51914328
Valid MSE Loss     : 0.00003116	 | 	Valid MAPE Loss     : 0.18370907
lr                 : [3.0000000000000004e-09]


Epoch : 134
Train MSE Loss     : 1.00004017	 | 	Train MAPE Loss     : 0.56948519
Valid MSE Loss     : 0.00004066	 | 	Valid MAPE Loss     : 0.39509270
lr                 : [3.0000000000000004e-09]


Epoch : 135
Train MSE Loss     : 1.00003910	 | 	Train MAPE Loss     : 0.55854118
Valid MSE Loss     : 0.00003298	 | 	Valid MAPE Loss     : 0.28044981
lr                 : [3.0000000000000004e-09]


Epoch : 136
Train MSE Loss     : 1.00003886	 | 	Train MAPE Loss     : 0.56386125
Valid MSE Loss     : 0.00003439	 | 	Valid MAPE Loss     : 0.27723062
lr                 : [3.0000000000000004e-09]


Epoch : 137
Train MSE Loss     : 1.00004172	 | 	Train MAPE Loss     : 0.59709382
Valid MSE Loss     : 0.00003715	 | 	Valid MAPE Loss     : 0.33251780
lr                 : [3.0000000000000004e-09]


Epoch : 138
Train MSE Loss     : 1.00003529	 | 	Train MAPE Loss     : 0.53367376
Valid MSE Loss     : 0.00003232	 | 	Valid MAPE Loss     : 0.25228119
lr                 : [3.0000000000000004e-09]


Epoch : 139
Train MSE Loss     : 1.00004184	 | 	Train MAPE Loss     : 0.58238816
Valid MSE Loss     : 0.00003172	 | 	Valid MAPE Loss     : 0.22132470
lr                 : [3.0000000000000004e-09]


Epoch : 140
Train MSE Loss     : 1.00003982	 | 	Train MAPE Loss     : 0.55688119
Valid MSE Loss     : 0.00003811	 | 	Valid MAPE Loss     : 0.34601137
lr                 : [3.0000000000000004e-09]


Epoch : 141
Train MSE Loss     : 1.00003886	 | 	Train MAPE Loss     : 0.55873883
Valid MSE Loss     : 0.00003520	 | 	Valid MAPE Loss     : 0.29109123
lr                 : [3.0000000000000004e-09]


Epoch : 142
Train MSE Loss     : 1.00003338	 | 	Train MAPE Loss     : 0.51370829
Valid MSE Loss     : 0.00003078	 | 	Valid MAPE Loss     : 0.18169302
lr                 : [3.0000000000000004e-09]


Epoch : 143
Train MSE Loss     : 1.00003898	 | 	Train MAPE Loss     : 0.53914064
Valid MSE Loss     : 0.00003560	 | 	Valid MAPE Loss     : 0.29115644
lr                 : [3.0000000000000004e-09]


Epoch : 144
Train MSE Loss     : 1.00003934	 | 	Train MAPE Loss     : 0.56008327
Valid MSE Loss     : 0.00005194	 | 	Valid MAPE Loss     : 0.56006712
lr                 : [3.0000000000000004e-09]


Epoch : 145
Train MSE Loss     : 1.00004363	 | 	Train MAPE Loss     : 0.60123509
Valid MSE Loss     : 0.00003097	 | 	Valid MAPE Loss     : 0.17847875
lr                 : [3.0000000000000004e-09]


Epoch : 146
Train MSE Loss     : 1.00004029	 | 	Train MAPE Loss     : 0.55954152
Valid MSE Loss     : 0.00003519	 | 	Valid MAPE Loss     : 0.28600794
lr                 : [3.0000000000000004e-09]


Epoch : 147
Train MSE Loss     : 1.00003743	 | 	Train MAPE Loss     : 0.53762990
Valid MSE Loss     : 0.00006306	 | 	Valid MAPE Loss     : 0.68027145
lr                 : [3.0000000000000004e-09]


Epoch : 148
Train MSE Loss     : 1.00003541	 | 	Train MAPE Loss     : 0.53066891
Valid MSE Loss     : 0.00003325	 | 	Valid MAPE Loss     : 0.22499980
lr                 : [3.0000000000000004e-09]


Epoch : 149
Train MSE Loss     : 1.00003970	 | 	Train MAPE Loss     : 0.55484074
Valid MSE Loss     : 0.00003106	 | 	Valid MAPE Loss     : 0.17857689
lr                 : [3.0000000000000004e-09]


Epoch : 150
Train MSE Loss     : 1.00004518	 | 	Train MAPE Loss     : 0.59111482
Valid MSE Loss     : 0.00003128	 | 	Valid MAPE Loss     : 0.18099755
lr                 : [3.0000000000000004e-09]


Evaluate on the Test set:
Test MAPE loss      :0.14416723	 | Test MSE loss      : 0.00000454

################## Training is Done! #########################
