=============================================
Dataset: cell_XJTU_batch2_prepocess_data
Mode:    supervised
=============================================
Training started ....

Epoch : 1
Train MSE Loss     : 10.77322102	 | 	Train MAPE Loss     : 258.66949463
Valid MSE Loss     : 8.09262657	 | 	Valid MAPE Loss     : 283.03900146
lr                 : [0.0003]


Epoch : 2
Train MSE Loss     : 0.33877015	 | 	Train MAPE Loss     : 51.95130539
Valid MSE Loss     : 0.13315727	 | 	Valid MAPE Loss     : 38.04330444
lr                 : [0.0003]


Epoch : 3
Train MSE Loss     : 0.05205417	 | 	Train MAPE Loss     : 20.40199661
Valid MSE Loss     : 0.00909587	 | 	Valid MAPE Loss     : 9.41042614
lr                 : [0.0003]


Epoch : 4
Train MSE Loss     : 0.01030510	 | 	Train MAPE Loss     : 9.22762203
Valid MSE Loss     : 0.00328010	 | 	Valid MAPE Loss     : 5.48685455
lr                 : [0.0003]


Epoch : 5
Train MSE Loss     : 0.00261508	 | 	Train MAPE Loss     : 4.49938869
Valid MSE Loss     : 0.00237093	 | 	Valid MAPE Loss     : 4.55325842
lr                 : [0.0003]


Epoch : 6
Train MSE Loss     : 0.00117806	 | 	Train MAPE Loss     : 2.96929502
Valid MSE Loss     : 0.00217078	 | 	Valid MAPE Loss     : 4.26816130
lr                 : [0.0003]


Epoch : 7
Train MSE Loss     : 0.00100904	 | 	Train MAPE Loss     : 2.69684386
Valid MSE Loss     : 0.00128052	 | 	Valid MAPE Loss     : 3.09985137
lr                 : [0.0003]


Epoch : 8
Train MSE Loss     : 0.00075550	 | 	Train MAPE Loss     : 2.33899593
Valid MSE Loss     : 0.00118341	 | 	Valid MAPE Loss     : 2.94580698
lr                 : [0.0003]


Epoch : 9
Train MSE Loss     : 0.00076124	 | 	Train MAPE Loss     : 2.35275793
Valid MSE Loss     : 0.00127494	 | 	Valid MAPE Loss     : 3.03558803
lr                 : [0.0003]


Epoch : 10
Train MSE Loss     : 0.00072905	 | 	Train MAPE Loss     : 2.30057502
Valid MSE Loss     : 0.00168645	 | 	Valid MAPE Loss     : 3.50411177
lr                 : [0.0003]


Epoch : 11
Train MSE Loss     : 0.00065307	 | 	Train MAPE Loss     : 2.15684009
Valid MSE Loss     : 0.00125736	 | 	Valid MAPE Loss     : 2.92092109
lr                 : [0.0003]


Epoch : 12
Train MSE Loss     : 0.00053297	 | 	Train MAPE Loss     : 1.96201992
Valid MSE Loss     : 0.00125392	 | 	Valid MAPE Loss     : 2.95553064
lr                 : [0.0003]


Epoch : 13
Train MSE Loss     : 0.00064787	 | 	Train MAPE Loss     : 2.18733478
Valid MSE Loss     : 0.00184944	 | 	Valid MAPE Loss     : 3.61048245
lr                 : [0.0003]


Epoch : 14
Train MSE Loss     : 0.00054376	 | 	Train MAPE Loss     : 1.97805226
Valid MSE Loss     : 0.00119790	 | 	Valid MAPE Loss     : 2.84334087
lr                 : [0.0003]


Epoch : 15
Train MSE Loss     : 0.00041509	 | 	Train MAPE Loss     : 1.74873948
Valid MSE Loss     : 0.00093364	 | 	Valid MAPE Loss     : 2.55385733
lr                 : [0.0003]


Epoch : 16
Train MSE Loss     : 0.00047188	 | 	Train MAPE Loss     : 1.82240963
Valid MSE Loss     : 0.00100875	 | 	Valid MAPE Loss     : 2.63930202
lr                 : [0.0003]


Epoch : 17
Train MSE Loss     : 0.00043768	 | 	Train MAPE Loss     : 1.79280424
Valid MSE Loss     : 0.00080072	 | 	Valid MAPE Loss     : 2.42024183
lr                 : [0.0003]


Epoch : 18
Train MSE Loss     : 0.00045484	 | 	Train MAPE Loss     : 1.80637705
Valid MSE Loss     : 0.00096414	 | 	Valid MAPE Loss     : 2.58413124
lr                 : [0.0003]


Epoch : 19
Train MSE Loss     : 0.00035122	 | 	Train MAPE Loss     : 1.55578327
Valid MSE Loss     : 0.00138747	 | 	Valid MAPE Loss     : 3.20987272
lr                 : [0.0003]


Epoch : 20
Train MSE Loss     : 0.00039405	 | 	Train MAPE Loss     : 1.67892635
Valid MSE Loss     : 0.00082694	 | 	Valid MAPE Loss     : 2.43263340
lr                 : [0.0003]


Epoch : 21
Train MSE Loss     : 0.00044955	 | 	Train MAPE Loss     : 1.80240679
Valid MSE Loss     : 0.00083211	 | 	Valid MAPE Loss     : 2.52083158
lr                 : [0.0003]


Epoch : 22
Train MSE Loss     : 0.00056236	 | 	Train MAPE Loss     : 2.03178048
Valid MSE Loss     : 0.00150697	 | 	Valid MAPE Loss     : 3.52001762
lr                 : [0.0003]


Epoch : 23
Train MSE Loss     : 0.00033708	 | 	Train MAPE Loss     : 1.53973365
Valid MSE Loss     : 0.00068294	 | 	Valid MAPE Loss     : 2.23673511
lr                 : [0.0003]


Epoch : 24
Train MSE Loss     : 0.00033449	 | 	Train MAPE Loss     : 1.56084681
Valid MSE Loss     : 0.00052566	 | 	Valid MAPE Loss     : 1.98945594
lr                 : [0.0003]


Epoch : 25
Train MSE Loss     : 0.00023632	 | 	Train MAPE Loss     : 1.33094299
Valid MSE Loss     : 0.00058636	 | 	Valid MAPE Loss     : 2.03219056
lr                 : [0.0003]


Epoch : 26
Train MSE Loss     : 0.00029130	 | 	Train MAPE Loss     : 1.46704805
Valid MSE Loss     : 0.00061952	 | 	Valid MAPE Loss     : 2.10247946
lr                 : [0.0003]


Epoch : 27
Train MSE Loss     : 0.00021990	 | 	Train MAPE Loss     : 1.26511562
Valid MSE Loss     : 0.00059580	 | 	Valid MAPE Loss     : 2.06116652
lr                 : [0.0003]


Epoch : 28
Train MSE Loss     : 0.00025179	 | 	Train MAPE Loss     : 1.36335552
Valid MSE Loss     : 0.00084373	 | 	Valid MAPE Loss     : 2.54199648
lr                 : [0.0003]


Epoch : 29
Train MSE Loss     : 0.00022900	 | 	Train MAPE Loss     : 1.28856874
Valid MSE Loss     : 0.00079135	 | 	Valid MAPE Loss     : 2.46728754
lr                 : [0.0003]


Epoch : 30
Train MSE Loss     : 0.00029786	 | 	Train MAPE Loss     : 1.43955541
Valid MSE Loss     : 0.00043615	 | 	Valid MAPE Loss     : 1.79457450
lr                 : [0.0003]


Epoch : 31
Train MSE Loss     : 0.00051695	 | 	Train MAPE Loss     : 1.96373367
Valid MSE Loss     : 0.00054813	 | 	Valid MAPE Loss     : 2.00898695
lr                 : [0.0003]


Epoch : 32
Train MSE Loss     : 0.00043128	 | 	Train MAPE Loss     : 1.83547306
Valid MSE Loss     : 0.00037343	 | 	Valid MAPE Loss     : 1.66322351
lr                 : [0.0003]


Epoch : 33
Train MSE Loss     : 0.00041099	 | 	Train MAPE Loss     : 1.72043359
Valid MSE Loss     : 0.00108248	 | 	Valid MAPE Loss     : 3.01129413
lr                 : [0.0003]


Epoch : 34
Train MSE Loss     : 0.00021929	 | 	Train MAPE Loss     : 1.27606690
Valid MSE Loss     : 0.00072013	 | 	Valid MAPE Loss     : 2.43317747
lr                 : [0.0003]


Epoch : 35
Train MSE Loss     : 0.00026382	 | 	Train MAPE Loss     : 1.36076081
Valid MSE Loss     : 0.00145815	 | 	Valid MAPE Loss     : 3.74642944
lr                 : [0.0003]


Epoch : 36
Train MSE Loss     : 0.00044970	 | 	Train MAPE Loss     : 1.59609258
Valid MSE Loss     : 0.00067680	 | 	Valid MAPE Loss     : 2.26188302
lr                 : [0.0003]


Epoch : 37
Train MSE Loss     : 0.00048646	 | 	Train MAPE Loss     : 1.82575297
Valid MSE Loss     : 0.00030014	 | 	Valid MAPE Loss     : 1.51985574
lr                 : [0.0003]


Epoch : 38
Train MSE Loss     : 0.00078572	 | 	Train MAPE Loss     : 2.52996230
Valid MSE Loss     : 0.00059786	 | 	Valid MAPE Loss     : 2.18160582
lr                 : [0.0003]


Epoch : 39
Train MSE Loss     : 0.00084691	 | 	Train MAPE Loss     : 2.55967617
Valid MSE Loss     : 0.00287130	 | 	Valid MAPE Loss     : 5.54193258
lr                 : [0.0003]


Epoch : 40
Train MSE Loss     : 0.00087968	 | 	Train MAPE Loss     : 2.67756033
Valid MSE Loss     : 0.00051137	 | 	Valid MAPE Loss     : 2.07310796
lr                 : [0.0003]


Epoch : 41
Train MSE Loss     : 0.00120497	 | 	Train MAPE Loss     : 3.11774993
Valid MSE Loss     : 0.00036797	 | 	Valid MAPE Loss     : 1.75230122
lr                 : [0.0003]


Epoch : 42
Train MSE Loss     : 0.00157849	 | 	Train MAPE Loss     : 3.58929682
Valid MSE Loss     : 0.00456205	 | 	Valid MAPE Loss     : 6.93069458
lr                 : [0.0003]


Epoch : 43
Train MSE Loss     : 0.00158859	 | 	Train MAPE Loss     : 3.58219647
Valid MSE Loss     : 0.00094110	 | 	Valid MAPE Loss     : 2.87972331
lr                 : [0.0003]


Epoch : 44
Train MSE Loss     : 0.00528510	 | 	Train MAPE Loss     : 6.82173252
Valid MSE Loss     : 0.00157206	 | 	Valid MAPE Loss     : 3.75632668
lr                 : [0.0003]


Epoch : 45
Train MSE Loss     : 0.00807910	 | 	Train MAPE Loss     : 8.84369469
Valid MSE Loss     : 0.01010284	 | 	Valid MAPE Loss     : 10.98083782
lr                 : [0.0003]


Epoch : 46
Train MSE Loss     : 0.00388416	 | 	Train MAPE Loss     : 5.54459906
Valid MSE Loss     : 0.00038295	 | 	Valid MAPE Loss     : 1.71321750
lr                 : [0.0003]


Epoch : 47
Train MSE Loss     : 0.00076901	 | 	Train MAPE Loss     : 2.40896797
Valid MSE Loss     : 0.00092310	 | 	Valid MAPE Loss     : 2.83309364
lr                 : [0.0003]


Epoch : 48
Train MSE Loss     : 0.00076253	 | 	Train MAPE Loss     : 2.36860585
Valid MSE Loss     : 0.00431998	 | 	Valid MAPE Loss     : 6.73872471
lr                 : [2.9999999999999997e-05]


Epoch : 49
Train MSE Loss     : 0.00052637	 | 	Train MAPE Loss     : 2.02653003
Valid MSE Loss     : 0.00083456	 | 	Valid MAPE Loss     : 2.73571610
lr                 : [2.9999999999999997e-05]


Epoch : 50
Train MSE Loss     : 0.00020584	 | 	Train MAPE Loss     : 1.19181287
Valid MSE Loss     : 0.00028996	 | 	Valid MAPE Loss     : 1.49259388
lr                 : [2.9999999999999997e-05]


Epoch : 51
Train MSE Loss     : 0.00018466	 | 	Train MAPE Loss     : 1.15997410
Valid MSE Loss     : 0.00034467	 | 	Valid MAPE Loss     : 1.59974408
lr                 : [2.9999999999999997e-05]


Epoch : 52
Train MSE Loss     : 0.00012601	 | 	Train MAPE Loss     : 0.93624908
Valid MSE Loss     : 0.00027453	 | 	Valid MAPE Loss     : 1.45622087
lr                 : [2.9999999999999997e-05]


Epoch : 53
Train MSE Loss     : 0.00033060	 | 	Train MAPE Loss     : 1.60857666
Valid MSE Loss     : 0.00033170	 | 	Valid MAPE Loss     : 1.58483636
lr                 : [2.9999999999999997e-05]


Epoch : 54
Train MSE Loss     : 0.00019808	 | 	Train MAPE Loss     : 1.22045803
Valid MSE Loss     : 0.00033058	 | 	Valid MAPE Loss     : 1.56827009
lr                 : [2.9999999999999997e-05]


Epoch : 55
Train MSE Loss     : 0.00011324	 | 	Train MAPE Loss     : 0.90971768
Valid MSE Loss     : 0.00039514	 | 	Valid MAPE Loss     : 1.71388304
lr                 : [2.9999999999999997e-05]


Epoch : 56
Train MSE Loss     : 0.00014633	 | 	Train MAPE Loss     : 1.06587803
Valid MSE Loss     : 0.00027199	 | 	Valid MAPE Loss     : 1.47841668
lr                 : [2.9999999999999997e-05]


Epoch : 57
Train MSE Loss     : 0.00014454	 | 	Train MAPE Loss     : 1.06076252
Valid MSE Loss     : 0.00048720	 | 	Valid MAPE Loss     : 1.90501750
lr                 : [2.9999999999999997e-05]


Epoch : 58
Train MSE Loss     : 0.00013721	 | 	Train MAPE Loss     : 1.01851726
Valid MSE Loss     : 0.00021569	 | 	Valid MAPE Loss     : 1.28974664
lr                 : [2.9999999999999997e-05]


Epoch : 59
Train MSE Loss     : 0.00014189	 | 	Train MAPE Loss     : 1.01354599
Valid MSE Loss     : 0.00038660	 | 	Valid MAPE Loss     : 1.69133985
lr                 : [2.9999999999999997e-05]


Epoch : 60
Train MSE Loss     : 0.00013055	 | 	Train MAPE Loss     : 0.99426192
Valid MSE Loss     : 0.00031290	 | 	Valid MAPE Loss     : 1.50207675
lr                 : [2.9999999999999997e-05]


Epoch : 61
Train MSE Loss     : 0.00010362	 | 	Train MAPE Loss     : 0.87052321
Valid MSE Loss     : 0.00031994	 | 	Valid MAPE Loss     : 1.54344356
lr                 : [2.9999999999999997e-05]


Epoch : 62
Train MSE Loss     : 0.00010267	 | 	Train MAPE Loss     : 0.87811178
Valid MSE Loss     : 0.00037260	 | 	Valid MAPE Loss     : 1.66846311
lr                 : [2.9999999999999997e-05]


Epoch : 63
Train MSE Loss     : 0.00011095	 | 	Train MAPE Loss     : 0.90666980
Valid MSE Loss     : 0.00025138	 | 	Valid MAPE Loss     : 1.35086215
lr                 : [2.9999999999999997e-05]


Epoch : 64
Train MSE Loss     : 0.00015080	 | 	Train MAPE Loss     : 1.08758962
Valid MSE Loss     : 0.00065176	 | 	Valid MAPE Loss     : 2.41450310
lr                 : [2.9999999999999997e-05]


Epoch : 65
Train MSE Loss     : 0.00008328	 | 	Train MAPE Loss     : 0.77223700
Valid MSE Loss     : 0.00031783	 | 	Valid MAPE Loss     : 1.52841413
lr                 : [2.9999999999999997e-05]


Epoch : 66
Train MSE Loss     : 0.00011772	 | 	Train MAPE Loss     : 0.95101774
Valid MSE Loss     : 0.00066392	 | 	Valid MAPE Loss     : 2.50182867
lr                 : [2.9999999999999997e-05]


Epoch : 67
Train MSE Loss     : 0.00010517	 | 	Train MAPE Loss     : 0.88122684
Valid MSE Loss     : 0.00031586	 | 	Valid MAPE Loss     : 1.53848577
lr                 : [2.9999999999999997e-05]


Epoch : 68
Train MSE Loss     : 0.00014315	 | 	Train MAPE Loss     : 1.06783462
Valid MSE Loss     : 0.00020423	 | 	Valid MAPE Loss     : 1.28580177
lr                 : [2.9999999999999997e-05]


Epoch : 69
Train MSE Loss     : 0.00014505	 | 	Train MAPE Loss     : 1.05145693
Valid MSE Loss     : 0.00044345	 | 	Valid MAPE Loss     : 1.95021033
lr                 : [2.9999999999999997e-05]


Epoch : 70
Train MSE Loss     : 0.00015092	 | 	Train MAPE Loss     : 1.09176147
Valid MSE Loss     : 0.00024447	 | 	Valid MAPE Loss     : 1.37543070
lr                 : [2.9999999999999997e-05]


Epoch : 71
Train MSE Loss     : 0.00008952	 | 	Train MAPE Loss     : 0.80686665
Valid MSE Loss     : 0.00030385	 | 	Valid MAPE Loss     : 1.59559834
lr                 : [2.9999999999999997e-05]


Epoch : 72
Train MSE Loss     : 0.00010455	 | 	Train MAPE Loss     : 0.89055592
Valid MSE Loss     : 0.00032281	 | 	Valid MAPE Loss     : 1.64437509
lr                 : [2.9999999999999997e-05]


Epoch : 73
Train MSE Loss     : 0.00008939	 | 	Train MAPE Loss     : 0.81861597
Valid MSE Loss     : 0.00072491	 | 	Valid MAPE Loss     : 2.64788818
lr                 : [2.9999999999999997e-05]


Epoch : 74
Train MSE Loss     : 0.00008562	 | 	Train MAPE Loss     : 0.79949158
Valid MSE Loss     : 0.00081984	 | 	Valid MAPE Loss     : 2.82431746
lr                 : [2.9999999999999997e-05]


Epoch : 75
Train MSE Loss     : 0.00013898	 | 	Train MAPE Loss     : 1.07836306
Valid MSE Loss     : 0.00010933	 | 	Valid MAPE Loss     : 0.89968979
lr                 : [2.9999999999999997e-05]


Epoch : 76
Train MSE Loss     : 0.00013041	 | 	Train MAPE Loss     : 0.99684572
Valid MSE Loss     : 0.00043533	 | 	Valid MAPE Loss     : 1.91888809
lr                 : [2.9999999999999997e-05]


Epoch : 77
Train MSE Loss     : 0.00006907	 | 	Train MAPE Loss     : 0.70926160
Valid MSE Loss     : 0.00030210	 | 	Valid MAPE Loss     : 1.53993225
lr                 : [2.9999999999999997e-05]


Epoch : 78
Train MSE Loss     : 0.00006960	 | 	Train MAPE Loss     : 0.72322029
Valid MSE Loss     : 0.00037170	 | 	Valid MAPE Loss     : 1.73967290
lr                 : [2.9999999999999997e-05]


Epoch : 79
Train MSE Loss     : 0.00007719	 | 	Train MAPE Loss     : 0.74202096
Valid MSE Loss     : 0.00061396	 | 	Valid MAPE Loss     : 2.47820425
lr                 : [2.9999999999999997e-05]


Epoch : 80
Train MSE Loss     : 0.00011628	 | 	Train MAPE Loss     : 0.95240289
Valid MSE Loss     : 0.00092793	 | 	Valid MAPE Loss     : 3.12006569
lr                 : [2.9999999999999997e-05]


Epoch : 81
Train MSE Loss     : 0.00017494	 | 	Train MAPE Loss     : 1.18505406
Valid MSE Loss     : 0.00118029	 | 	Valid MAPE Loss     : 3.52330470
lr                 : [2.9999999999999997e-05]


Epoch : 82
Train MSE Loss     : 0.00019933	 | 	Train MAPE Loss     : 1.26336503
Valid MSE Loss     : 0.00087472	 | 	Valid MAPE Loss     : 3.02147388
lr                 : [2.9999999999999997e-05]


Epoch : 83
Train MSE Loss     : 0.00016631	 | 	Train MAPE Loss     : 1.17052972
Valid MSE Loss     : 0.00013143	 | 	Valid MAPE Loss     : 0.99682969
lr                 : [2.9999999999999997e-05]


Epoch : 84
Train MSE Loss     : 0.00019989	 | 	Train MAPE Loss     : 1.28447402
Valid MSE Loss     : 0.00094852	 | 	Valid MAPE Loss     : 3.18023443
lr                 : [2.9999999999999997e-05]


Epoch : 85
Train MSE Loss     : 0.00010662	 | 	Train MAPE Loss     : 0.89577758
Valid MSE Loss     : 0.00066625	 | 	Valid MAPE Loss     : 2.57061648
lr                 : [2.9999999999999997e-05]


Epoch : 86
Train MSE Loss     : 0.00009051	 | 	Train MAPE Loss     : 0.82221693
Valid MSE Loss     : 0.00075521	 | 	Valid MAPE Loss     : 2.83375478
lr                 : [3e-06]


Epoch : 87
Train MSE Loss     : 0.00004765	 | 	Train MAPE Loss     : 0.56022710
Valid MSE Loss     : 0.00015410	 | 	Valid MAPE Loss     : 1.09468818
lr                 : [3e-06]


Epoch : 88
Train MSE Loss     : 0.00003959	 | 	Train MAPE Loss     : 0.53366202
Valid MSE Loss     : 0.00011894	 | 	Valid MAPE Loss     : 0.94188213
lr                 : [3e-06]


Epoch : 89
Train MSE Loss     : 0.00004216	 | 	Train MAPE Loss     : 0.56255877
Valid MSE Loss     : 0.00009547	 | 	Valid MAPE Loss     : 0.83628100
lr                 : [3e-06]


Epoch : 90
Train MSE Loss     : 0.00004042	 | 	Train MAPE Loss     : 0.54942638
Valid MSE Loss     : 0.00013217	 | 	Valid MAPE Loss     : 0.99143726
lr                 : [3e-06]


Epoch : 91
Train MSE Loss     : 0.00003950	 | 	Train MAPE Loss     : 0.54082316
Valid MSE Loss     : 0.00010086	 | 	Valid MAPE Loss     : 0.85883731
lr                 : [3e-06]


Epoch : 92
Train MSE Loss     : 0.00003557	 | 	Train MAPE Loss     : 0.51241642
Valid MSE Loss     : 0.00012387	 | 	Valid MAPE Loss     : 0.96288937
lr                 : [3e-06]


Epoch : 93
Train MSE Loss     : 0.00004037	 | 	Train MAPE Loss     : 0.54588598
Valid MSE Loss     : 0.00009586	 | 	Valid MAPE Loss     : 0.84035599
lr                 : [3e-06]


Epoch : 94
Train MSE Loss     : 0.00005029	 | 	Train MAPE Loss     : 0.61583281
Valid MSE Loss     : 0.00015972	 | 	Valid MAPE Loss     : 1.10353065
lr                 : [3e-06]


Epoch : 95
Train MSE Loss     : 0.00003690	 | 	Train MAPE Loss     : 0.53268892
Valid MSE Loss     : 0.00012471	 | 	Valid MAPE Loss     : 0.96594316
lr                 : [3e-06]


Epoch : 96
Train MSE Loss     : 0.00003950	 | 	Train MAPE Loss     : 0.52587366
Valid MSE Loss     : 0.00010711	 | 	Valid MAPE Loss     : 0.88965762
lr                 : [3e-06]


Epoch : 97
Train MSE Loss     : 0.00004043	 | 	Train MAPE Loss     : 0.54615045
Valid MSE Loss     : 0.00010458	 | 	Valid MAPE Loss     : 0.88331831
lr                 : [3e-06]


Epoch : 98
Train MSE Loss     : 0.00004036	 | 	Train MAPE Loss     : 0.54514045
Valid MSE Loss     : 0.00014136	 | 	Valid MAPE Loss     : 1.03607392
lr                 : [3e-06]


Epoch : 99
Train MSE Loss     : 0.00003585	 | 	Train MAPE Loss     : 0.51248312
Valid MSE Loss     : 0.00012234	 | 	Valid MAPE Loss     : 0.96322548
lr                 : [3e-06]


Epoch : 100
Train MSE Loss     : 0.00003912	 | 	Train MAPE Loss     : 0.52875763
Valid MSE Loss     : 0.00016992	 | 	Valid MAPE Loss     : 1.13729739
lr                 : [3.0000000000000004e-07]


Epoch : 101
Train MSE Loss     : 0.00003903	 | 	Train MAPE Loss     : 0.53372407
Valid MSE Loss     : 0.00010559	 | 	Valid MAPE Loss     : 0.88632166
lr                 : [3.0000000000000004e-07]


Epoch : 102
Train MSE Loss     : 0.00003946	 | 	Train MAPE Loss     : 0.53077430
Valid MSE Loss     : 0.00010882	 | 	Valid MAPE Loss     : 0.90041608
lr                 : [3.0000000000000004e-07]


Epoch : 103
Train MSE Loss     : 0.00003442	 | 	Train MAPE Loss     : 0.49303240
Valid MSE Loss     : 0.00010500	 | 	Valid MAPE Loss     : 0.87746114
lr                 : [3.0000000000000004e-07]


Epoch : 104
Train MSE Loss     : 0.00003341	 | 	Train MAPE Loss     : 0.49062011
Valid MSE Loss     : 0.00010549	 | 	Valid MAPE Loss     : 0.88471299
lr                 : [3.0000000000000004e-07]


Epoch : 105
Train MSE Loss     : 0.00003084	 | 	Train MAPE Loss     : 0.47524267
Valid MSE Loss     : 0.00009953	 | 	Valid MAPE Loss     : 0.85583353
lr                 : [3.0000000000000004e-07]


Epoch : 106
Train MSE Loss     : 0.00003124	 | 	Train MAPE Loss     : 0.47877648
Valid MSE Loss     : 0.00010352	 | 	Valid MAPE Loss     : 0.87663412
lr                 : [3.0000000000000004e-07]


Epoch : 107
Train MSE Loss     : 0.00002914	 | 	Train MAPE Loss     : 0.46595228
Valid MSE Loss     : 0.00010369	 | 	Valid MAPE Loss     : 0.87272012
lr                 : [3.0000000000000004e-07]


Epoch : 108
Train MSE Loss     : 0.00003465	 | 	Train MAPE Loss     : 0.49614778
Valid MSE Loss     : 0.00009822	 | 	Valid MAPE Loss     : 0.84816778
lr                 : [3.0000000000000004e-07]


Epoch : 109
Train MSE Loss     : 0.00003093	 | 	Train MAPE Loss     : 0.48206851
Valid MSE Loss     : 0.00009630	 | 	Valid MAPE Loss     : 0.83843005
lr                 : [3.0000000000000004e-07]


Epoch : 110
Train MSE Loss     : 0.00003451	 | 	Train MAPE Loss     : 0.49754065
Valid MSE Loss     : 0.00010348	 | 	Valid MAPE Loss     : 0.87157679
lr                 : [3.0000000000000004e-07]


Epoch : 111
Train MSE Loss     : 0.00002902	 | 	Train MAPE Loss     : 0.46018460
Valid MSE Loss     : 0.00009939	 | 	Valid MAPE Loss     : 0.85314798
lr                 : [3.0000000000000004e-08]


Epoch : 112
Train MSE Loss     : 0.00003078	 | 	Train MAPE Loss     : 0.47824547
Valid MSE Loss     : 0.00010115	 | 	Valid MAPE Loss     : 0.86138403
lr                 : [3.0000000000000004e-08]


Epoch : 113
Train MSE Loss     : 0.00002755	 | 	Train MAPE Loss     : 0.44443142
Valid MSE Loss     : 0.00010045	 | 	Valid MAPE Loss     : 0.85938722
lr                 : [3.0000000000000004e-08]


Epoch : 114
Train MSE Loss     : 0.00003102	 | 	Train MAPE Loss     : 0.47125211
Valid MSE Loss     : 0.00010173	 | 	Valid MAPE Loss     : 0.86694002
lr                 : [3.0000000000000004e-08]


Epoch : 115
Train MSE Loss     : 0.00002999	 | 	Train MAPE Loss     : 0.47053552
Valid MSE Loss     : 0.00010115	 | 	Valid MAPE Loss     : 0.86150539
lr                 : [3.0000000000000004e-08]


Epoch : 116
Train MSE Loss     : 0.00003039	 | 	Train MAPE Loss     : 0.47045177
Valid MSE Loss     : 0.00010023	 | 	Valid MAPE Loss     : 0.85892361
lr                 : [3.0000000000000004e-08]


Epoch : 117
Train MSE Loss     : 0.00002827	 | 	Train MAPE Loss     : 0.44884458
Valid MSE Loss     : 0.00009792	 | 	Valid MAPE Loss     : 0.85122299
lr                 : [3.0000000000000004e-08]


Epoch : 118
Train MSE Loss     : 0.00002937	 | 	Train MAPE Loss     : 0.46789724
Valid MSE Loss     : 0.00009599	 | 	Valid MAPE Loss     : 0.83469898
lr                 : [3.0000000000000004e-08]


Epoch : 119
Train MSE Loss     : 0.00003336	 | 	Train MAPE Loss     : 0.49082336
Valid MSE Loss     : 0.00010129	 | 	Valid MAPE Loss     : 0.86253995
lr                 : [3.0000000000000004e-08]


Epoch : 120
Train MSE Loss     : 0.00003646	 | 	Train MAPE Loss     : 0.51165575
Valid MSE Loss     : 0.00009795	 | 	Valid MAPE Loss     : 0.84352237
lr                 : [3.0000000000000004e-08]


Epoch : 121
Train MSE Loss     : 0.00003420	 | 	Train MAPE Loss     : 0.48906854
Valid MSE Loss     : 0.00010145	 | 	Valid MAPE Loss     : 0.86690408
lr                 : [3.0000000000000004e-08]


Epoch : 122
Train MSE Loss     : 0.00003107	 | 	Train MAPE Loss     : 0.47520486
Valid MSE Loss     : 0.00009671	 | 	Valid MAPE Loss     : 0.84406644
lr                 : [3.0000000000000004e-08]


Epoch : 123
Train MSE Loss     : 0.00003289	 | 	Train MAPE Loss     : 0.49376991
Valid MSE Loss     : 0.00010167	 | 	Valid MAPE Loss     : 0.86579800
lr                 : [3.0000000000000004e-08]


Epoch : 124
Train MSE Loss     : 0.00003352	 | 	Train MAPE Loss     : 0.49573258
Valid MSE Loss     : 0.00010210	 | 	Valid MAPE Loss     : 0.86572850
lr                 : [3.0000000000000004e-08]


Epoch : 125
Train MSE Loss     : 0.00002914	 | 	Train MAPE Loss     : 0.46389389
Valid MSE Loss     : 0.00010271	 | 	Valid MAPE Loss     : 0.87046975
lr                 : [3.0000000000000004e-08]


Epoch : 126
Train MSE Loss     : 0.00002854	 | 	Train MAPE Loss     : 0.45201460
Valid MSE Loss     : 0.00010061	 | 	Valid MAPE Loss     : 0.85951644
lr                 : [3.0000000000000004e-08]


Epoch : 127
Train MSE Loss     : 0.00003092	 | 	Train MAPE Loss     : 0.47665378
Valid MSE Loss     : 0.00009928	 | 	Valid MAPE Loss     : 0.85107458
lr                 : [3.0000000000000004e-08]


Epoch : 128
Train MSE Loss     : 0.00003093	 | 	Train MAPE Loss     : 0.48352018
Valid MSE Loss     : 0.00010269	 | 	Valid MAPE Loss     : 0.87068766
lr                 : [3.0000000000000004e-08]


Epoch : 129
Train MSE Loss     : 0.00003068	 | 	Train MAPE Loss     : 0.47651729
Valid MSE Loss     : 0.00010088	 | 	Valid MAPE Loss     : 0.86208475
lr                 : [3.0000000000000004e-09]


Epoch : 130
Train MSE Loss     : 0.00003036	 | 	Train MAPE Loss     : 0.46387315
Valid MSE Loss     : 0.00010068	 | 	Valid MAPE Loss     : 0.85753137
lr                 : [3.0000000000000004e-09]


Epoch : 131
Train MSE Loss     : 0.00003234	 | 	Train MAPE Loss     : 0.47979814
Valid MSE Loss     : 0.00010031	 | 	Valid MAPE Loss     : 0.85840112
lr                 : [3.0000000000000004e-09]


Epoch : 132
Train MSE Loss     : 0.00003592	 | 	Train MAPE Loss     : 0.49886411
Valid MSE Loss     : 0.00010221	 | 	Valid MAPE Loss     : 0.86963767
lr                 : [3.0000000000000004e-09]


Epoch : 133
Train MSE Loss     : 0.00003008	 | 	Train MAPE Loss     : 0.46870083
Valid MSE Loss     : 0.00009894	 | 	Valid MAPE Loss     : 0.84608537
lr                 : [3.0000000000000004e-09]


Epoch : 134
Train MSE Loss     : 0.00002984	 | 	Train MAPE Loss     : 0.47064209
Valid MSE Loss     : 0.00010227	 | 	Valid MAPE Loss     : 0.87083703
lr                 : [3.0000000000000004e-09]


Epoch : 135
Train MSE Loss     : 0.00003481	 | 	Train MAPE Loss     : 0.51238209
Valid MSE Loss     : 0.00009797	 | 	Valid MAPE Loss     : 0.84629500
lr                 : [3.0000000000000004e-09]


Epoch : 136
Train MSE Loss     : 0.00002814	 | 	Train MAPE Loss     : 0.45789966
Valid MSE Loss     : 0.00010229	 | 	Valid MAPE Loss     : 0.86713469
lr                 : [3.0000000000000004e-09]


Epoch : 137
Train MSE Loss     : 0.00003222	 | 	Train MAPE Loss     : 0.48051605
Valid MSE Loss     : 0.00009937	 | 	Valid MAPE Loss     : 0.85256565
lr                 : [3.0000000000000004e-09]


Epoch : 138
Train MSE Loss     : 0.00002753	 | 	Train MAPE Loss     : 0.44949371
Valid MSE Loss     : 0.00009750	 | 	Valid MAPE Loss     : 0.84167844
lr                 : [3.0000000000000004e-09]


Epoch : 139
Train MSE Loss     : 0.00003055	 | 	Train MAPE Loss     : 0.47448611
Valid MSE Loss     : 0.00009670	 | 	Valid MAPE Loss     : 0.84001982
lr                 : [3.0000000000000004e-09]


Epoch : 140
Train MSE Loss     : 0.00003017	 | 	Train MAPE Loss     : 0.46482182
Valid MSE Loss     : 0.00009842	 | 	Valid MAPE Loss     : 0.85051382
lr                 : [3.0000000000000004e-09]


Epoch : 141
Train MSE Loss     : 0.00002832	 | 	Train MAPE Loss     : 0.45763132
Valid MSE Loss     : 0.00009904	 | 	Valid MAPE Loss     : 0.85344344
lr                 : [3.0000000000000004e-09]


Epoch : 142
Train MSE Loss     : 0.00003307	 | 	Train MAPE Loss     : 0.49270725
Valid MSE Loss     : 0.00010232	 | 	Valid MAPE Loss     : 0.87080699
lr                 : [3.0000000000000004e-09]


Epoch : 143
Train MSE Loss     : 0.00003410	 | 	Train MAPE Loss     : 0.49578768
Valid MSE Loss     : 0.00010754	 | 	Valid MAPE Loss     : 0.89989012
lr                 : [3.0000000000000004e-09]


Epoch : 144
Train MSE Loss     : 0.00002868	 | 	Train MAPE Loss     : 0.45819411
Valid MSE Loss     : 0.00010123	 | 	Valid MAPE Loss     : 0.86324918
lr                 : [3.0000000000000004e-09]


Epoch : 145
Train MSE Loss     : 0.00003444	 | 	Train MAPE Loss     : 0.49957937
Valid MSE Loss     : 0.00009802	 | 	Valid MAPE Loss     : 0.84325171
lr                 : [3.0000000000000004e-09]


Epoch : 146
Train MSE Loss     : 0.00003326	 | 	Train MAPE Loss     : 0.49391410
Valid MSE Loss     : 0.00010720	 | 	Valid MAPE Loss     : 0.89499551
lr                 : [3.0000000000000004e-09]


Epoch : 147
Train MSE Loss     : 0.00003276	 | 	Train MAPE Loss     : 0.48870048
Valid MSE Loss     : 0.00009995	 | 	Valid MAPE Loss     : 0.85455066
lr                 : [3.0000000000000004e-09]


Epoch : 148
Train MSE Loss     : 0.00002909	 | 	Train MAPE Loss     : 0.45843050
Valid MSE Loss     : 0.00010268	 | 	Valid MAPE Loss     : 0.87454033
lr                 : [3.0000000000000004e-09]


Epoch : 149
Train MSE Loss     : 0.00002786	 | 	Train MAPE Loss     : 0.45635116
Valid MSE Loss     : 0.00009972	 | 	Valid MAPE Loss     : 0.85534638
lr                 : [3.0000000000000004e-09]


Epoch : 150
Train MSE Loss     : 0.00003207	 | 	Train MAPE Loss     : 0.48371282
Valid MSE Loss     : 0.00009993	 | 	Valid MAPE Loss     : 0.85866511
lr                 : [3.0000000000000004e-09]


Evaluate on the Test set:
Test MAPE loss      :0.90663165	 | Test MSE loss      : 0.00011368

################## Training is Done! #########################
