=============================================
Dataset: cell_XJTU_batch3_prepocess_data
Mode:    supervised
=============================================
Training started ....

Epoch : 1
Train MSE Loss     : 0.00546306	 | 	Train MAPE Loss     : 4.50168848
Valid MSE Loss     : 0.03176101	 | 	Valid MAPE Loss     : 18.94757652
lr                 : [0.0003]


Epoch : 2
Train MSE Loss     : 0.00030587	 | 	Train MAPE Loss     : 1.51635873
Valid MSE Loss     : 0.00052777	 | 	Valid MAPE Loss     : 2.13398576
lr                 : [0.0003]


Epoch : 3
Train MSE Loss     : 0.00019998	 | 	Train MAPE Loss     : 1.15805984
Valid MSE Loss     : 0.00077079	 | 	Valid MAPE Loss     : 2.77126741
lr                 : [0.0003]


Epoch : 4
Train MSE Loss     : 0.00032033	 | 	Train MAPE Loss     : 1.55723703
Valid MSE Loss     : 0.00245131	 | 	Valid MAPE Loss     : 5.17267132
lr                 : [0.0003]


Epoch : 5
Train MSE Loss     : 0.00019075	 | 	Train MAPE Loss     : 1.19257092
Valid MSE Loss     : 0.00255412	 | 	Valid MAPE Loss     : 5.22721863
lr                 : [0.0003]


Epoch : 6
Train MSE Loss     : 0.00019510	 | 	Train MAPE Loss     : 1.15267122
Valid MSE Loss     : 0.00009280	 | 	Valid MAPE Loss     : 0.82277668
lr                 : [0.0003]


Epoch : 7
Train MSE Loss     : 0.00023842	 | 	Train MAPE Loss     : 1.35691929
Valid MSE Loss     : 0.00238867	 | 	Valid MAPE Loss     : 5.05501413
lr                 : [0.0003]


Epoch : 8
Train MSE Loss     : 0.00043292	 | 	Train MAPE Loss     : 1.84140038
Valid MSE Loss     : 0.00154658	 | 	Valid MAPE Loss     : 4.02540588
lr                 : [0.0003]


Epoch : 9
Train MSE Loss     : 0.00027873	 | 	Train MAPE Loss     : 1.46018469
Valid MSE Loss     : 0.00112637	 | 	Valid MAPE Loss     : 3.46201277
lr                 : [0.0003]


Epoch : 10
Train MSE Loss     : 0.00026717	 | 	Train MAPE Loss     : 1.40004992
Valid MSE Loss     : 0.00132432	 | 	Valid MAPE Loss     : 3.76285505
lr                 : [0.0003]


Epoch : 11
Train MSE Loss     : 0.00021318	 | 	Train MAPE Loss     : 1.23777711
Valid MSE Loss     : 0.00154643	 | 	Valid MAPE Loss     : 4.01626348
lr                 : [0.0003]


Epoch : 12
Train MSE Loss     : 0.00015606	 | 	Train MAPE Loss     : 1.03032470
Valid MSE Loss     : 0.00007538	 | 	Valid MAPE Loss     : 0.75260907
lr                 : [0.0003]


Epoch : 13
Train MSE Loss     : 0.00014720	 | 	Train MAPE Loss     : 1.04020882
Valid MSE Loss     : 0.00006807	 | 	Valid MAPE Loss     : 0.66797650
lr                 : [0.0003]


Epoch : 14
Train MSE Loss     : 0.00012528	 | 	Train MAPE Loss     : 0.94179314
Valid MSE Loss     : 0.00070359	 | 	Valid MAPE Loss     : 2.70505261
lr                 : [0.0003]


Epoch : 15
Train MSE Loss     : 0.00030862	 | 	Train MAPE Loss     : 1.49581742
Valid MSE Loss     : 0.00607068	 | 	Valid MAPE Loss     : 8.30242825
lr                 : [0.0003]


Epoch : 16
Train MSE Loss     : 0.00035277	 | 	Train MAPE Loss     : 1.74576402
Valid MSE Loss     : 0.00036413	 | 	Valid MAPE Loss     : 1.83059442
lr                 : [0.0003]


Epoch : 17
Train MSE Loss     : 0.00020420	 | 	Train MAPE Loss     : 1.22954154
Valid MSE Loss     : 0.00128257	 | 	Valid MAPE Loss     : 3.74046254
lr                 : [0.0003]


Epoch : 18
Train MSE Loss     : 0.00021505	 | 	Train MAPE Loss     : 1.24027300
Valid MSE Loss     : 0.00009725	 | 	Valid MAPE Loss     : 0.78052765
lr                 : [0.0003]


Epoch : 19
Train MSE Loss     : 0.00016662	 | 	Train MAPE Loss     : 1.10728157
Valid MSE Loss     : 0.00013198	 | 	Valid MAPE Loss     : 0.98752707
lr                 : [0.0003]


Epoch : 20
Train MSE Loss     : 0.00014653	 | 	Train MAPE Loss     : 1.02758944
Valid MSE Loss     : 0.00297554	 | 	Valid MAPE Loss     : 5.78339100
lr                 : [0.0003]


Epoch : 21
Train MSE Loss     : 0.00017105	 | 	Train MAPE Loss     : 1.10510135
Valid MSE Loss     : 0.00043350	 | 	Valid MAPE Loss     : 1.93723583
lr                 : [0.0003]


Epoch : 22
Train MSE Loss     : 0.00015432	 | 	Train MAPE Loss     : 1.07415843
Valid MSE Loss     : 0.00115659	 | 	Valid MAPE Loss     : 3.47406840
lr                 : [0.0003]


Epoch : 23
Train MSE Loss     : 0.00034626	 | 	Train MAPE Loss     : 1.61119664
Valid MSE Loss     : 0.04005501	 | 	Valid MAPE Loss     : 21.39141083
lr                 : [0.0003]


Epoch : 24
Train MSE Loss     : 0.00018048	 | 	Train MAPE Loss     : 1.15967345
Valid MSE Loss     : 0.00022764	 | 	Valid MAPE Loss     : 1.10025585
lr                 : [2.9999999999999997e-05]


Epoch : 25
Train MSE Loss     : 0.00008989	 | 	Train MAPE Loss     : 0.79473114
Valid MSE Loss     : 0.00027834	 | 	Valid MAPE Loss     : 1.33149970
lr                 : [2.9999999999999997e-05]


Epoch : 26
Train MSE Loss     : 0.00008102	 | 	Train MAPE Loss     : 0.71605349
Valid MSE Loss     : 0.00041570	 | 	Valid MAPE Loss     : 1.74979782
lr                 : [2.9999999999999997e-05]


Epoch : 27
Train MSE Loss     : 0.00012045	 | 	Train MAPE Loss     : 0.93508422
Valid MSE Loss     : 0.00016738	 | 	Valid MAPE Loss     : 0.91633856
lr                 : [2.9999999999999997e-05]


Epoch : 28
Train MSE Loss     : 0.00012328	 | 	Train MAPE Loss     : 0.96730232
Valid MSE Loss     : 0.00014882	 | 	Valid MAPE Loss     : 0.92279369
lr                 : [2.9999999999999997e-05]


Epoch : 29
Train MSE Loss     : 0.00013788	 | 	Train MAPE Loss     : 1.05877638
Valid MSE Loss     : 0.00007014	 | 	Valid MAPE Loss     : 0.73755395
lr                 : [2.9999999999999997e-05]


Epoch : 30
Train MSE Loss     : 0.00011746	 | 	Train MAPE Loss     : 0.96658844
Valid MSE Loss     : 0.00019298	 | 	Valid MAPE Loss     : 1.14371622
lr                 : [2.9999999999999997e-05]


Epoch : 31
Train MSE Loss     : 0.00007865	 | 	Train MAPE Loss     : 0.77763140
Valid MSE Loss     : 0.00014024	 | 	Valid MAPE Loss     : 0.94214308
lr                 : [2.9999999999999997e-05]


Epoch : 32
Train MSE Loss     : 0.00006638	 | 	Train MAPE Loss     : 0.69408071
Valid MSE Loss     : 0.00008064	 | 	Valid MAPE Loss     : 0.76002091
lr                 : [2.9999999999999997e-05]


Epoch : 33
Train MSE Loss     : 0.00008422	 | 	Train MAPE Loss     : 0.78168470
Valid MSE Loss     : 0.00009406	 | 	Valid MAPE Loss     : 0.77889585
lr                 : [2.9999999999999997e-05]


Epoch : 34
Train MSE Loss     : 0.00009655	 | 	Train MAPE Loss     : 0.84743971
Valid MSE Loss     : 0.00074755	 | 	Valid MAPE Loss     : 2.61297178
lr                 : [2.9999999999999997e-05]


Epoch : 35
Train MSE Loss     : 0.00010144	 | 	Train MAPE Loss     : 0.85195577
Valid MSE Loss     : 0.00038207	 | 	Valid MAPE Loss     : 1.93319869
lr                 : [3e-06]


Epoch : 36
Train MSE Loss     : 0.00006033	 | 	Train MAPE Loss     : 0.62900972
Valid MSE Loss     : 0.00016380	 | 	Valid MAPE Loss     : 0.90794200
lr                 : [3e-06]


Epoch : 37
Train MSE Loss     : 0.00004876	 | 	Train MAPE Loss     : 0.57598639
Valid MSE Loss     : 0.00011614	 | 	Valid MAPE Loss     : 0.75273627
lr                 : [3e-06]


Epoch : 38
Train MSE Loss     : 0.00006320	 | 	Train MAPE Loss     : 0.67479020
Valid MSE Loss     : 0.00012858	 | 	Valid MAPE Loss     : 0.78618705
lr                 : [3e-06]


Epoch : 39
Train MSE Loss     : 0.00005820	 | 	Train MAPE Loss     : 0.63354385
Valid MSE Loss     : 0.00013175	 | 	Valid MAPE Loss     : 0.80628663
lr                 : [3e-06]


Epoch : 40
Train MSE Loss     : 0.00006241	 | 	Train MAPE Loss     : 0.66404629
Valid MSE Loss     : 0.00012789	 | 	Valid MAPE Loss     : 0.80904520
lr                 : [3e-06]


Epoch : 41
Train MSE Loss     : 0.00005858	 | 	Train MAPE Loss     : 0.63873291
Valid MSE Loss     : 0.00016254	 | 	Valid MAPE Loss     : 0.94956553
lr                 : [3e-06]


Epoch : 42
Train MSE Loss     : 0.00004833	 | 	Train MAPE Loss     : 0.57899827
Valid MSE Loss     : 0.00012579	 | 	Valid MAPE Loss     : 0.79310310
lr                 : [3e-06]


Epoch : 43
Train MSE Loss     : 0.00003713	 | 	Train MAPE Loss     : 0.50316381
Valid MSE Loss     : 0.00014703	 | 	Valid MAPE Loss     : 0.90902126
lr                 : [3e-06]


Epoch : 44
Train MSE Loss     : 0.00003999	 | 	Train MAPE Loss     : 0.52486920
Valid MSE Loss     : 0.00013444	 | 	Valid MAPE Loss     : 0.82192630
lr                 : [3e-06]


Epoch : 45
Train MSE Loss     : 0.00004272	 | 	Train MAPE Loss     : 0.52740002
Valid MSE Loss     : 0.00017617	 | 	Valid MAPE Loss     : 1.00359178
lr                 : [3e-06]


Epoch : 46
Train MSE Loss     : 0.00005285	 | 	Train MAPE Loss     : 0.62320065
Valid MSE Loss     : 0.00015996	 | 	Valid MAPE Loss     : 0.98503721
lr                 : [3.0000000000000004e-07]


Epoch : 47
Train MSE Loss     : 0.00003767	 | 	Train MAPE Loss     : 0.51066482
Valid MSE Loss     : 0.00012594	 | 	Valid MAPE Loss     : 0.77934706
lr                 : [3.0000000000000004e-07]


Epoch : 48
Train MSE Loss     : 0.00004587	 | 	Train MAPE Loss     : 0.56872314
Valid MSE Loss     : 0.00014558	 | 	Valid MAPE Loss     : 0.83760965
lr                 : [3.0000000000000004e-07]


Epoch : 49
Train MSE Loss     : 0.00006022	 | 	Train MAPE Loss     : 0.66052586
Valid MSE Loss     : 0.00015883	 | 	Valid MAPE Loss     : 0.87504357
lr                 : [3.0000000000000004e-07]


Epoch : 50
Train MSE Loss     : 0.00005163	 | 	Train MAPE Loss     : 0.59347409
Valid MSE Loss     : 0.00013514	 | 	Valid MAPE Loss     : 0.78877008
lr                 : [3.0000000000000004e-07]


Epoch : 51
Train MSE Loss     : 0.00004597	 | 	Train MAPE Loss     : 0.55840975
Valid MSE Loss     : 0.00013600	 | 	Valid MAPE Loss     : 0.79210103
lr                 : [3.0000000000000004e-07]


Epoch : 52
Train MSE Loss     : 0.00005978	 | 	Train MAPE Loss     : 0.64260250
Valid MSE Loss     : 0.00016945	 | 	Valid MAPE Loss     : 0.92450285
lr                 : [3.0000000000000004e-07]


Epoch : 53
Train MSE Loss     : 0.00005026	 | 	Train MAPE Loss     : 0.60489565
Valid MSE Loss     : 0.00013764	 | 	Valid MAPE Loss     : 0.79397649
lr                 : [3.0000000000000004e-07]


Epoch : 54
Train MSE Loss     : 0.00003606	 | 	Train MAPE Loss     : 0.49812880
Valid MSE Loss     : 0.00013824	 | 	Valid MAPE Loss     : 0.80565596
lr                 : [3.0000000000000004e-07]


Epoch : 55
Train MSE Loss     : 0.00004704	 | 	Train MAPE Loss     : 0.57645410
Valid MSE Loss     : 0.00013852	 | 	Valid MAPE Loss     : 0.81634837
lr                 : [3.0000000000000004e-07]


Epoch : 56
Train MSE Loss     : 0.00003638	 | 	Train MAPE Loss     : 0.50248754
Valid MSE Loss     : 0.00013754	 | 	Valid MAPE Loss     : 0.80485851
lr                 : [3.0000000000000004e-07]


Epoch : 57
Train MSE Loss     : 0.00004470	 | 	Train MAPE Loss     : 0.55953419
Valid MSE Loss     : 0.00013693	 | 	Valid MAPE Loss     : 0.79605055
lr                 : [3.0000000000000004e-08]


Epoch : 58
Train MSE Loss     : 0.00004312	 | 	Train MAPE Loss     : 0.54114789
Valid MSE Loss     : 0.00013515	 | 	Valid MAPE Loss     : 0.79534334
lr                 : [3.0000000000000004e-08]


Epoch : 59
Train MSE Loss     : 0.00004436	 | 	Train MAPE Loss     : 0.54592341
Valid MSE Loss     : 0.00012774	 | 	Valid MAPE Loss     : 0.77359337
lr                 : [3.0000000000000004e-08]


Epoch : 60
Train MSE Loss     : 0.00005219	 | 	Train MAPE Loss     : 0.60597885
Valid MSE Loss     : 0.00014881	 | 	Valid MAPE Loss     : 0.83929253
lr                 : [3.0000000000000004e-08]


Epoch : 61
Train MSE Loss     : 0.00004670	 | 	Train MAPE Loss     : 0.57480961
Valid MSE Loss     : 0.00014056	 | 	Valid MAPE Loss     : 0.80717432
lr                 : [3.0000000000000004e-08]


Epoch : 62
Train MSE Loss     : 0.00004159	 | 	Train MAPE Loss     : 0.53434008
Valid MSE Loss     : 0.00013191	 | 	Valid MAPE Loss     : 0.77866209
lr                 : [3.0000000000000004e-08]


Epoch : 63
Train MSE Loss     : 0.00005432	 | 	Train MAPE Loss     : 0.62256324
Valid MSE Loss     : 0.00015057	 | 	Valid MAPE Loss     : 0.84909791
lr                 : [3.0000000000000004e-08]


Epoch : 64
Train MSE Loss     : 0.00004412	 | 	Train MAPE Loss     : 0.55051929
Valid MSE Loss     : 0.00015374	 | 	Valid MAPE Loss     : 0.84681386
lr                 : [3.0000000000000004e-08]


Epoch : 65
Train MSE Loss     : 0.00005199	 | 	Train MAPE Loss     : 0.60887074
Valid MSE Loss     : 0.00013741	 | 	Valid MAPE Loss     : 0.78989667
lr                 : [3.0000000000000004e-08]


Epoch : 66
Train MSE Loss     : 0.00003672	 | 	Train MAPE Loss     : 0.50143999
Valid MSE Loss     : 0.00014195	 | 	Valid MAPE Loss     : 0.80487651
lr                 : [3.0000000000000004e-08]


Epoch : 67
Train MSE Loss     : 0.00004222	 | 	Train MAPE Loss     : 0.53913563
Valid MSE Loss     : 0.00013408	 | 	Valid MAPE Loss     : 0.78416950
lr                 : [3.0000000000000004e-08]


Epoch : 68
Train MSE Loss     : 0.00005070	 | 	Train MAPE Loss     : 0.59141123
Valid MSE Loss     : 0.00015295	 | 	Valid MAPE Loss     : 0.85384083
lr                 : [3.0000000000000004e-09]


Epoch : 69
Train MSE Loss     : 0.00003559	 | 	Train MAPE Loss     : 0.49778420
Valid MSE Loss     : 0.00014421	 | 	Valid MAPE Loss     : 0.82325870
lr                 : [3.0000000000000004e-09]


Epoch : 70
Train MSE Loss     : 0.00005111	 | 	Train MAPE Loss     : 0.59532404
Valid MSE Loss     : 0.00014809	 | 	Valid MAPE Loss     : 0.82782614
lr                 : [3.0000000000000004e-09]


Epoch : 71
Train MSE Loss     : 0.00004071	 | 	Train MAPE Loss     : 0.52998877
Valid MSE Loss     : 0.00014086	 | 	Valid MAPE Loss     : 0.81068832
lr                 : [3.0000000000000004e-09]


Epoch : 72
Train MSE Loss     : 0.00004554	 | 	Train MAPE Loss     : 0.56257617
Valid MSE Loss     : 0.00015428	 | 	Valid MAPE Loss     : 0.87400311
lr                 : [3.0000000000000004e-09]


Epoch : 73
Train MSE Loss     : 0.00004266	 | 	Train MAPE Loss     : 0.53709394
Valid MSE Loss     : 0.00014675	 | 	Valid MAPE Loss     : 0.83858269
lr                 : [3.0000000000000004e-09]


Epoch : 74
Train MSE Loss     : 0.00004857	 | 	Train MAPE Loss     : 0.58236480
Valid MSE Loss     : 0.00016017	 | 	Valid MAPE Loss     : 0.90398371
lr                 : [3.0000000000000004e-09]


Epoch : 75
Train MSE Loss     : 0.00005727	 | 	Train MAPE Loss     : 0.62309158
Valid MSE Loss     : 0.00015824	 | 	Valid MAPE Loss     : 0.85429239
lr                 : [3.0000000000000004e-09]


Epoch : 76
Train MSE Loss     : 0.00004290	 | 	Train MAPE Loss     : 0.54424280
Valid MSE Loss     : 0.00014076	 | 	Valid MAPE Loss     : 0.80168879
lr                 : [3.0000000000000004e-09]


Epoch : 77
Train MSE Loss     : 0.00004882	 | 	Train MAPE Loss     : 0.58411217
Valid MSE Loss     : 0.00013722	 | 	Valid MAPE Loss     : 0.78987265
lr                 : [3.0000000000000004e-09]


Epoch : 78
Train MSE Loss     : 0.00003808	 | 	Train MAPE Loss     : 0.50664890
Valid MSE Loss     : 0.00015089	 | 	Valid MAPE Loss     : 0.84674203
lr                 : [3.0000000000000004e-09]


Epoch : 79
Train MSE Loss     : 0.00003534	 | 	Train MAPE Loss     : 0.48571369
Valid MSE Loss     : 0.00013660	 | 	Valid MAPE Loss     : 0.79608750
lr                 : [3.0000000000000004e-09]


Epoch : 80
Train MSE Loss     : 0.00003754	 | 	Train MAPE Loss     : 0.50025547
Valid MSE Loss     : 0.00014016	 | 	Valid MAPE Loss     : 0.81058645
lr                 : [3.0000000000000004e-09]


Epoch : 81
Train MSE Loss     : 0.00005384	 | 	Train MAPE Loss     : 0.60605729
Valid MSE Loss     : 0.00013226	 | 	Valid MAPE Loss     : 0.78384709
lr                 : [3.0000000000000004e-09]


Epoch : 82
Train MSE Loss     : 0.00005491	 | 	Train MAPE Loss     : 0.61693317
Valid MSE Loss     : 0.00015001	 | 	Valid MAPE Loss     : 0.83837473
lr                 : [3.0000000000000004e-09]


Epoch : 83
Train MSE Loss     : 0.00003814	 | 	Train MAPE Loss     : 0.51925951
Valid MSE Loss     : 0.00014091	 | 	Valid MAPE Loss     : 0.81104642
lr                 : [3.0000000000000004e-09]


Epoch : 84
Train MSE Loss     : 0.00003310	 | 	Train MAPE Loss     : 0.48300165
Valid MSE Loss     : 0.00014211	 | 	Valid MAPE Loss     : 0.81300068
lr                 : [3.0000000000000004e-09]


Epoch : 85
Train MSE Loss     : 0.00005988	 | 	Train MAPE Loss     : 0.64745158
Valid MSE Loss     : 0.00016630	 | 	Valid MAPE Loss     : 0.89246845
lr                 : [3.0000000000000004e-09]


Epoch : 86
Train MSE Loss     : 0.00005097	 | 	Train MAPE Loss     : 0.58190089
Valid MSE Loss     : 0.00013533	 | 	Valid MAPE Loss     : 0.78716749
lr                 : [3.0000000000000004e-09]


Epoch : 87
Train MSE Loss     : 0.00004347	 | 	Train MAPE Loss     : 0.54814613
Valid MSE Loss     : 0.00012935	 | 	Valid MAPE Loss     : 0.76977015
lr                 : [3.0000000000000004e-09]


Epoch : 88
Train MSE Loss     : 0.00004843	 | 	Train MAPE Loss     : 0.58798009
Valid MSE Loss     : 0.00013019	 | 	Valid MAPE Loss     : 0.77046013
lr                 : [3.0000000000000004e-09]


Epoch : 89
Train MSE Loss     : 0.00004908	 | 	Train MAPE Loss     : 0.58084053
Valid MSE Loss     : 0.00013093	 | 	Valid MAPE Loss     : 0.77621603
lr                 : [3.0000000000000004e-09]


Epoch : 90
Train MSE Loss     : 0.00004178	 | 	Train MAPE Loss     : 0.53321522
Valid MSE Loss     : 0.00014586	 | 	Valid MAPE Loss     : 0.82778132
lr                 : [3.0000000000000004e-09]


Epoch : 91
Train MSE Loss     : 0.00003596	 | 	Train MAPE Loss     : 0.50033259
Valid MSE Loss     : 0.00013852	 | 	Valid MAPE Loss     : 0.79998380
lr                 : [3.0000000000000004e-09]


Epoch : 92
Train MSE Loss     : 0.00004484	 | 	Train MAPE Loss     : 0.55196500
Valid MSE Loss     : 0.00014417	 | 	Valid MAPE Loss     : 0.82948887
lr                 : [3.0000000000000004e-09]


Epoch : 93
Train MSE Loss     : 0.00004323	 | 	Train MAPE Loss     : 0.53495890
Valid MSE Loss     : 0.00013555	 | 	Valid MAPE Loss     : 0.79737413
lr                 : [3.0000000000000004e-09]


Epoch : 94
Train MSE Loss     : 0.00006209	 | 	Train MAPE Loss     : 0.66434056
Valid MSE Loss     : 0.00013220	 | 	Valid MAPE Loss     : 0.78321165
lr                 : [3.0000000000000004e-09]


Epoch : 95
Train MSE Loss     : 0.00005565	 | 	Train MAPE Loss     : 0.61144221
Valid MSE Loss     : 0.00015551	 | 	Valid MAPE Loss     : 0.86537904
lr                 : [3.0000000000000004e-09]


Epoch : 96
Train MSE Loss     : 0.00004881	 | 	Train MAPE Loss     : 0.57529366
Valid MSE Loss     : 0.00012762	 | 	Valid MAPE Loss     : 0.76771861
lr                 : [3.0000000000000004e-09]


Epoch : 97
Train MSE Loss     : 0.00004422	 | 	Train MAPE Loss     : 0.56671596
Valid MSE Loss     : 0.00013128	 | 	Valid MAPE Loss     : 0.77839005
lr                 : [3.0000000000000004e-09]


Epoch : 98
Train MSE Loss     : 0.00004557	 | 	Train MAPE Loss     : 0.57379663
Valid MSE Loss     : 0.00015038	 | 	Valid MAPE Loss     : 0.83676386
lr                 : [3.0000000000000004e-09]


Epoch : 99
Train MSE Loss     : 0.00004701	 | 	Train MAPE Loss     : 0.56942391
Valid MSE Loss     : 0.00014132	 | 	Valid MAPE Loss     : 0.80646050
lr                 : [3.0000000000000004e-09]


Epoch : 100
Train MSE Loss     : 0.00004762	 | 	Train MAPE Loss     : 0.58126611
Valid MSE Loss     : 0.00014276	 | 	Valid MAPE Loss     : 0.82041657
lr                 : [3.0000000000000004e-09]


Epoch : 101
Train MSE Loss     : 0.00003932	 | 	Train MAPE Loss     : 0.51932049
Valid MSE Loss     : 0.00013837	 | 	Valid MAPE Loss     : 0.79496408
lr                 : [3.0000000000000004e-09]


Epoch : 102
Train MSE Loss     : 0.00003917	 | 	Train MAPE Loss     : 0.53075922
Valid MSE Loss     : 0.00013867	 | 	Valid MAPE Loss     : 0.80009711
lr                 : [3.0000000000000004e-09]


Epoch : 103
Train MSE Loss     : 0.00004912	 | 	Train MAPE Loss     : 0.58774936
Valid MSE Loss     : 0.00013185	 | 	Valid MAPE Loss     : 0.78373587
lr                 : [3.0000000000000004e-09]


Epoch : 104
Train MSE Loss     : 0.00004358	 | 	Train MAPE Loss     : 0.54173100
Valid MSE Loss     : 0.00014577	 | 	Valid MAPE Loss     : 0.83011979
lr                 : [3.0000000000000004e-09]


Epoch : 105
Train MSE Loss     : 0.00003537	 | 	Train MAPE Loss     : 0.49033138
Valid MSE Loss     : 0.00014813	 | 	Valid MAPE Loss     : 0.82830781
lr                 : [3.0000000000000004e-09]


Epoch : 106
Train MSE Loss     : 0.00004378	 | 	Train MAPE Loss     : 0.53849053
Valid MSE Loss     : 0.00013769	 | 	Valid MAPE Loss     : 0.80669051
lr                 : [3.0000000000000004e-09]


Epoch : 107
Train MSE Loss     : 0.00004425	 | 	Train MAPE Loss     : 0.54786938
Valid MSE Loss     : 0.00014876	 | 	Valid MAPE Loss     : 0.83102673
lr                 : [3.0000000000000004e-09]


Epoch : 108
Train MSE Loss     : 0.00003806	 | 	Train MAPE Loss     : 0.52085006
Valid MSE Loss     : 0.00013787	 | 	Valid MAPE Loss     : 0.79856688
lr                 : [3.0000000000000004e-09]


Epoch : 109
Train MSE Loss     : 0.00006099	 | 	Train MAPE Loss     : 0.66441983
Valid MSE Loss     : 0.00014659	 | 	Valid MAPE Loss     : 0.82693309
lr                 : [3.0000000000000004e-09]


Epoch : 110
Train MSE Loss     : 0.00004553	 | 	Train MAPE Loss     : 0.56904936
Valid MSE Loss     : 0.00013973	 | 	Valid MAPE Loss     : 0.80532187
lr                 : [3.0000000000000004e-09]


Epoch : 111
Train MSE Loss     : 0.00004581	 | 	Train MAPE Loss     : 0.55594260
Valid MSE Loss     : 0.00015007	 | 	Valid MAPE Loss     : 0.84538347
lr                 : [3.0000000000000004e-09]


Epoch : 112
Train MSE Loss     : 0.00004795	 | 	Train MAPE Loss     : 0.58217269
Valid MSE Loss     : 0.00012406	 | 	Valid MAPE Loss     : 0.75437444
lr                 : [3.0000000000000004e-09]


Epoch : 113
Train MSE Loss     : 0.00004685	 | 	Train MAPE Loss     : 0.57898813
Valid MSE Loss     : 0.00014168	 | 	Valid MAPE Loss     : 0.81900871
lr                 : [3.0000000000000004e-09]


Epoch : 114
Train MSE Loss     : 0.00004899	 | 	Train MAPE Loss     : 0.58623844
Valid MSE Loss     : 0.00014986	 | 	Valid MAPE Loss     : 0.84545976
lr                 : [3.0000000000000004e-09]


Epoch : 115
Train MSE Loss     : 0.00004276	 | 	Train MAPE Loss     : 0.54236782
Valid MSE Loss     : 0.00014686	 | 	Valid MAPE Loss     : 0.83093435
lr                 : [3.0000000000000004e-09]


Epoch : 116
Train MSE Loss     : 0.00004834	 | 	Train MAPE Loss     : 0.57963246
Valid MSE Loss     : 0.00012712	 | 	Valid MAPE Loss     : 0.76349276
lr                 : [3.0000000000000004e-09]


Epoch : 117
Train MSE Loss     : 0.00005040	 | 	Train MAPE Loss     : 0.59130657
Valid MSE Loss     : 0.00014017	 | 	Valid MAPE Loss     : 0.80880481
lr                 : [3.0000000000000004e-09]


Epoch : 118
Train MSE Loss     : 0.00003422	 | 	Train MAPE Loss     : 0.47927493
Valid MSE Loss     : 0.00014036	 | 	Valid MAPE Loss     : 0.80658597
lr                 : [3.0000000000000004e-09]


Epoch : 119
Train MSE Loss     : 0.00003898	 | 	Train MAPE Loss     : 0.51622117
Valid MSE Loss     : 0.00014755	 | 	Valid MAPE Loss     : 0.84017658
lr                 : [3.0000000000000004e-09]


Epoch : 120
Train MSE Loss     : 0.00005878	 | 	Train MAPE Loss     : 0.64290035
Valid MSE Loss     : 0.00013361	 | 	Valid MAPE Loss     : 0.78593588
lr                 : [3.0000000000000004e-09]


Epoch : 121
Train MSE Loss     : 0.00003696	 | 	Train MAPE Loss     : 0.50963658
Valid MSE Loss     : 0.00014228	 | 	Valid MAPE Loss     : 0.82034934
lr                 : [3.0000000000000004e-09]


Epoch : 122
Train MSE Loss     : 0.00005291	 | 	Train MAPE Loss     : 0.60617208
Valid MSE Loss     : 0.00013193	 | 	Valid MAPE Loss     : 0.78032851
lr                 : [3.0000000000000004e-09]


Epoch : 123
Train MSE Loss     : 0.00004941	 | 	Train MAPE Loss     : 0.59020835
Valid MSE Loss     : 0.00014579	 | 	Valid MAPE Loss     : 0.82767928
lr                 : [3.0000000000000004e-09]


Epoch : 124
Train MSE Loss     : 0.00003635	 | 	Train MAPE Loss     : 0.50107384
Valid MSE Loss     : 0.00014212	 | 	Valid MAPE Loss     : 0.80654895
lr                 : [3.0000000000000004e-09]


Epoch : 125
Train MSE Loss     : 0.00004749	 | 	Train MAPE Loss     : 0.56609803
Valid MSE Loss     : 0.00014276	 | 	Valid MAPE Loss     : 0.82038605
lr                 : [3.0000000000000004e-09]


Epoch : 126
Train MSE Loss     : 0.00003516	 | 	Train MAPE Loss     : 0.49126822
Valid MSE Loss     : 0.00014582	 | 	Valid MAPE Loss     : 0.83463621
lr                 : [3.0000000000000004e-09]


Epoch : 127
Train MSE Loss     : 0.00003733	 | 	Train MAPE Loss     : 0.51079243
Valid MSE Loss     : 0.00015312	 | 	Valid MAPE Loss     : 0.86330426
lr                 : [3.0000000000000004e-09]


Epoch : 128
Train MSE Loss     : 0.00004953	 | 	Train MAPE Loss     : 0.59123242
Valid MSE Loss     : 0.00014285	 | 	Valid MAPE Loss     : 0.82775992
lr                 : [3.0000000000000004e-09]


Epoch : 129
Train MSE Loss     : 0.00004222	 | 	Train MAPE Loss     : 0.54225212
Valid MSE Loss     : 0.00014799	 | 	Valid MAPE Loss     : 0.83563387
lr                 : [3.0000000000000004e-09]


Epoch : 130
Train MSE Loss     : 0.00004400	 | 	Train MAPE Loss     : 0.55443496
Valid MSE Loss     : 0.00013727	 | 	Valid MAPE Loss     : 0.79965740
lr                 : [3.0000000000000004e-09]


Epoch : 131
Train MSE Loss     : 0.00005042	 | 	Train MAPE Loss     : 0.58173829
Valid MSE Loss     : 0.00013993	 | 	Valid MAPE Loss     : 0.79567033
lr                 : [3.0000000000000004e-09]


Epoch : 132
Train MSE Loss     : 0.00004663	 | 	Train MAPE Loss     : 0.57297546
Valid MSE Loss     : 0.00014208	 | 	Valid MAPE Loss     : 0.80278695
lr                 : [3.0000000000000004e-09]


Epoch : 133
Train MSE Loss     : 0.00003666	 | 	Train MAPE Loss     : 0.50451541
Valid MSE Loss     : 0.00014537	 | 	Valid MAPE Loss     : 0.81565827
lr                 : [3.0000000000000004e-09]


Epoch : 134
Train MSE Loss     : 0.00005686	 | 	Train MAPE Loss     : 0.64148766
Valid MSE Loss     : 0.00016087	 | 	Valid MAPE Loss     : 0.88386118
lr                 : [3.0000000000000004e-09]


Epoch : 135
Train MSE Loss     : 0.00004828	 | 	Train MAPE Loss     : 0.59281856
Valid MSE Loss     : 0.00015880	 | 	Valid MAPE Loss     : 0.88523084
lr                 : [3.0000000000000004e-09]


Epoch : 136
Train MSE Loss     : 0.00004015	 | 	Train MAPE Loss     : 0.52771962
Valid MSE Loss     : 0.00013922	 | 	Valid MAPE Loss     : 0.80234444
lr                 : [3.0000000000000004e-09]


Epoch : 137
Train MSE Loss     : 0.00004540	 | 	Train MAPE Loss     : 0.55735594
Valid MSE Loss     : 0.00012715	 | 	Valid MAPE Loss     : 0.76855737
lr                 : [3.0000000000000004e-09]


Epoch : 138
Train MSE Loss     : 0.00005250	 | 	Train MAPE Loss     : 0.60593015
Valid MSE Loss     : 0.00013980	 | 	Valid MAPE Loss     : 0.80488330
lr                 : [3.0000000000000004e-09]


Epoch : 139
Train MSE Loss     : 0.00005102	 | 	Train MAPE Loss     : 0.60552549
Valid MSE Loss     : 0.00014417	 | 	Valid MAPE Loss     : 0.81890810
lr                 : [3.0000000000000004e-09]


Epoch : 140
Train MSE Loss     : 0.00004820	 | 	Train MAPE Loss     : 0.58841771
Valid MSE Loss     : 0.00014689	 | 	Valid MAPE Loss     : 0.82204181
lr                 : [3.0000000000000004e-09]


Epoch : 141
Train MSE Loss     : 0.00003603	 | 	Train MAPE Loss     : 0.49220356
Valid MSE Loss     : 0.00014146	 | 	Valid MAPE Loss     : 0.80971718
lr                 : [3.0000000000000004e-09]


Epoch : 142
Train MSE Loss     : 0.00006257	 | 	Train MAPE Loss     : 0.65739733
Valid MSE Loss     : 0.00014377	 | 	Valid MAPE Loss     : 0.81947482
lr                 : [3.0000000000000004e-09]


Epoch : 143
Train MSE Loss     : 0.00004332	 | 	Train MAPE Loss     : 0.53948992
Valid MSE Loss     : 0.00014431	 | 	Valid MAPE Loss     : 0.81370991
lr                 : [3.0000000000000004e-09]


Epoch : 144
Train MSE Loss     : 0.00004166	 | 	Train MAPE Loss     : 0.53269339
Valid MSE Loss     : 0.00014340	 | 	Valid MAPE Loss     : 0.80989152
lr                 : [3.0000000000000004e-09]


Epoch : 145
Train MSE Loss     : 0.00005606	 | 	Train MAPE Loss     : 0.62648708
Valid MSE Loss     : 0.00013480	 | 	Valid MAPE Loss     : 0.79245961
lr                 : [3.0000000000000004e-09]


Epoch : 146
Train MSE Loss     : 0.00004050	 | 	Train MAPE Loss     : 0.52667618
Valid MSE Loss     : 0.00014493	 | 	Valid MAPE Loss     : 0.82721788
lr                 : [3.0000000000000004e-09]


Epoch : 147
Train MSE Loss     : 0.00006102	 | 	Train MAPE Loss     : 0.66345894
Valid MSE Loss     : 0.00016285	 | 	Valid MAPE Loss     : 0.89437991
lr                 : [3.0000000000000004e-09]


Epoch : 148
Train MSE Loss     : 0.00003352	 | 	Train MAPE Loss     : 0.48214784
Valid MSE Loss     : 0.00013789	 | 	Valid MAPE Loss     : 0.80078906
lr                 : [3.0000000000000004e-09]


Epoch : 149
Train MSE Loss     : 0.00004457	 | 	Train MAPE Loss     : 0.55959541
Valid MSE Loss     : 0.00014134	 | 	Valid MAPE Loss     : 0.82103288
lr                 : [3.0000000000000004e-09]


Epoch : 150
Train MSE Loss     : 0.00003834	 | 	Train MAPE Loss     : 0.51575643
Valid MSE Loss     : 0.00014490	 | 	Valid MAPE Loss     : 0.82882577
lr                 : [3.0000000000000004e-09]


Evaluate on the Test set:
Test MAPE loss      :0.65746260	 | Test MSE loss      : 0.00007434

################## Training is Done! #########################
