=============================================
Dataset: cell_XJTU_batch2_prepocess_data
Mode:    supervised_with_contrast
=============================================
Training started ....

Epoch : 1
Train MSE Loss     : 1.02317905	 | 	Train MAPE Loss     : 13.54279327
Valid MSE Loss     : 0.00059296	 | 	Valid MAPE Loss     : 2.50813103
lr                 : [0.0003]


Epoch : 2
Train MSE Loss     : 1.01916122	 | 	Train MAPE Loss     : 12.60324097
Valid MSE Loss     : 0.00153783	 | 	Valid MAPE Loss     : 4.18723917
lr                 : [0.0003]


Epoch : 3
Train MSE Loss     : 1.06331599	 | 	Train MAPE Loss     : 23.44562721
Valid MSE Loss     : 0.05684614	 | 	Valid MAPE Loss     : 25.85298729
lr                 : [0.0003]


Epoch : 4
Train MSE Loss     : 1.75867820	 | 	Train MAPE Loss     : 83.89873505
Valid MSE Loss     : 1.26069188	 | 	Valid MAPE Loss     : 121.64981842
lr                 : [0.0003]


Epoch : 5
Train MSE Loss     : 1.33229482	 | 	Train MAPE Loss     : 49.16096497
Valid MSE Loss     : 0.21041566	 | 	Valid MAPE Loss     : 49.75133133
lr                 : [0.0003]


Epoch : 6
Train MSE Loss     : 1.21732545	 | 	Train MAPE Loss     : 47.87437820
Valid MSE Loss     : 0.66092402	 | 	Valid MAPE Loss     : 88.12976074
lr                 : [0.0003]


Epoch : 7
Train MSE Loss     : 2.19793081	 | 	Train MAPE Loss     : 117.65659332
Valid MSE Loss     : 0.08363929	 | 	Valid MAPE Loss     : 31.30772400
lr                 : [0.0003]


Epoch : 8
Train MSE Loss     : 1.08662963	 | 	Train MAPE Loss     : 26.34736824
Valid MSE Loss     : 0.10837398	 | 	Valid MAPE Loss     : 35.74121094
lr                 : [0.0003]


Epoch : 9
Train MSE Loss     : 1.40778971	 | 	Train MAPE Loss     : 50.86975098
Valid MSE Loss     : 1.94015801	 | 	Valid MAPE Loss     : 150.96051025
lr                 : [0.0003]


Epoch : 10
Train MSE Loss     : 2.60734010	 | 	Train MAPE Loss     : 137.40086365
Valid MSE Loss     : 0.32830575	 | 	Valid MAPE Loss     : 62.06570435
lr                 : [0.0003]


Epoch : 11
Train MSE Loss     : 1.12750244	 | 	Train MAPE Loss     : 34.58605576
Valid MSE Loss     : 0.06825391	 | 	Valid MAPE Loss     : 28.26529121
lr                 : [0.0003]


Epoch : 12
Train MSE Loss     : 1.17285538	 | 	Train MAPE Loss     : 40.24883652
Valid MSE Loss     : 0.16703349	 | 	Valid MAPE Loss     : 44.31292725
lr                 : [2.9999999999999997e-05]


Epoch : 13
Train MSE Loss     : 1.12133741	 | 	Train MAPE Loss     : 37.91484451
Valid MSE Loss     : 0.04489544	 | 	Valid MAPE Loss     : 22.91968346
lr                 : [2.9999999999999997e-05]


Epoch : 14
Train MSE Loss     : 1.01022243	 | 	Train MAPE Loss     : 8.90754986
Valid MSE Loss     : 0.00542133	 | 	Valid MAPE Loss     : 7.81566954
lr                 : [2.9999999999999997e-05]


Epoch : 15
Train MSE Loss     : 1.00054276	 | 	Train MAPE Loss     : 1.89798880
Valid MSE Loss     : 0.00057207	 | 	Valid MAPE Loss     : 2.46049309
lr                 : [2.9999999999999997e-05]


Epoch : 16
Train MSE Loss     : 1.00085402	 | 	Train MAPE Loss     : 2.90089202
Valid MSE Loss     : 0.00029599	 | 	Valid MAPE Loss     : 1.81132281
lr                 : [2.9999999999999997e-05]


Epoch : 17
Train MSE Loss     : 1.00218117	 | 	Train MAPE Loss     : 4.52343750
Valid MSE Loss     : 0.00529213	 | 	Valid MAPE Loss     : 7.86279821
lr                 : [2.9999999999999997e-05]


Epoch : 18
Train MSE Loss     : 1.00207055	 | 	Train MAPE Loss     : 3.97082043
Valid MSE Loss     : 0.00071886	 | 	Valid MAPE Loss     : 2.86174512
lr                 : [2.9999999999999997e-05]


Epoch : 19
Train MSE Loss     : 1.00209284	 | 	Train MAPE Loss     : 4.50825119
Valid MSE Loss     : 0.00805933	 | 	Valid MAPE Loss     : 9.71676540
lr                 : [2.9999999999999997e-05]


Epoch : 20
Train MSE Loss     : 1.00473702	 | 	Train MAPE Loss     : 6.92994690
Valid MSE Loss     : 0.00082559	 | 	Valid MAPE Loss     : 3.09818959
lr                 : [2.9999999999999997e-05]


Epoch : 21
Train MSE Loss     : 1.00040019	 | 	Train MAPE Loss     : 1.85401952
Valid MSE Loss     : 0.00093650	 | 	Valid MAPE Loss     : 3.29670334
lr                 : [2.9999999999999997e-05]


Epoch : 22
Train MSE Loss     : 1.00091565	 | 	Train MAPE Loss     : 3.06529546
Valid MSE Loss     : 0.00058016	 | 	Valid MAPE Loss     : 2.58070469
lr                 : [2.9999999999999997e-05]


Epoch : 23
Train MSE Loss     : 1.00030863	 | 	Train MAPE Loss     : 1.61113811
Valid MSE Loss     : 0.00029066	 | 	Valid MAPE Loss     : 1.81882322
lr                 : [2.9999999999999997e-05]


Epoch : 24
Train MSE Loss     : 1.00016773	 | 	Train MAPE Loss     : 1.20649135
Valid MSE Loss     : 0.00006384	 | 	Valid MAPE Loss     : 0.74112350
lr                 : [2.9999999999999997e-05]


Epoch : 25
Train MSE Loss     : 1.00161970	 | 	Train MAPE Loss     : 3.79231834
Valid MSE Loss     : 0.00682094	 | 	Valid MAPE Loss     : 8.93414783
lr                 : [2.9999999999999997e-05]


Epoch : 26
Train MSE Loss     : 1.00653493	 | 	Train MAPE Loss     : 8.63684940
Valid MSE Loss     : 0.00024016	 | 	Valid MAPE Loss     : 1.61426604
lr                 : [2.9999999999999997e-05]


Epoch : 27
Train MSE Loss     : 1.00042939	 | 	Train MAPE Loss     : 1.98819709
Valid MSE Loss     : 0.00196257	 | 	Valid MAPE Loss     : 4.75973368
lr                 : [2.9999999999999997e-05]


Epoch : 28
Train MSE Loss     : 1.00345707	 | 	Train MAPE Loss     : 6.22376585
Valid MSE Loss     : 0.00004746	 | 	Valid MAPE Loss     : 0.57778281
lr                 : [2.9999999999999997e-05]


Epoch : 29
Train MSE Loss     : 1.00288105	 | 	Train MAPE Loss     : 5.47984266
Valid MSE Loss     : 0.00010655	 | 	Valid MAPE Loss     : 0.93839198
lr                 : [2.9999999999999997e-05]


Epoch : 30
Train MSE Loss     : 1.00186324	 | 	Train MAPE Loss     : 4.26526451
Valid MSE Loss     : 0.00177958	 | 	Valid MAPE Loss     : 4.54071522
lr                 : [2.9999999999999997e-05]


Epoch : 31
Train MSE Loss     : 1.00273204	 | 	Train MAPE Loss     : 5.14657640
Valid MSE Loss     : 0.00001777	 | 	Valid MAPE Loss     : 0.26015064
lr                 : [2.9999999999999997e-05]


Epoch : 32
Train MSE Loss     : 1.00018466	 | 	Train MAPE Loss     : 1.20433688
Valid MSE Loss     : 0.00011215	 | 	Valid MAPE Loss     : 1.02402222
lr                 : [2.9999999999999997e-05]


Epoch : 33
Train MSE Loss     : 1.00040686	 | 	Train MAPE Loss     : 1.77709258
Valid MSE Loss     : 0.00009720	 | 	Valid MAPE Loss     : 0.96890610
lr                 : [2.9999999999999997e-05]


Epoch : 34
Train MSE Loss     : 1.00018692	 | 	Train MAPE Loss     : 1.19539106
Valid MSE Loss     : 0.00001826	 | 	Valid MAPE Loss     : 0.26346359
lr                 : [2.9999999999999997e-05]


Epoch : 35
Train MSE Loss     : 1.00004554	 | 	Train MAPE Loss     : 0.58781356
Valid MSE Loss     : 0.00004269	 | 	Valid MAPE Loss     : 0.55995554
lr                 : [2.9999999999999997e-05]


Epoch : 36
Train MSE Loss     : 1.00009048	 | 	Train MAPE Loss     : 0.89470232
Valid MSE Loss     : 0.00061156	 | 	Valid MAPE Loss     : 2.62519908
lr                 : [2.9999999999999997e-05]


Epoch : 37
Train MSE Loss     : 1.00015604	 | 	Train MAPE Loss     : 1.19197571
Valid MSE Loss     : 0.00022103	 | 	Valid MAPE Loss     : 1.57991779
lr                 : [2.9999999999999997e-05]


Epoch : 38
Train MSE Loss     : 1.00021410	 | 	Train MAPE Loss     : 1.45110273
Valid MSE Loss     : 0.00075765	 | 	Valid MAPE Loss     : 2.95170283
lr                 : [2.9999999999999997e-05]


Epoch : 39
Train MSE Loss     : 1.00064886	 | 	Train MAPE Loss     : 2.46720529
Valid MSE Loss     : 0.00063260	 | 	Valid MAPE Loss     : 2.69594574
lr                 : [2.9999999999999997e-05]


Epoch : 40
Train MSE Loss     : 1.00029850	 | 	Train MAPE Loss     : 1.64721406
Valid MSE Loss     : 0.00101624	 | 	Valid MAPE Loss     : 3.43843961
lr                 : [2.9999999999999997e-05]


Epoch : 41
Train MSE Loss     : 1.00143027	 | 	Train MAPE Loss     : 3.86953378
Valid MSE Loss     : 0.00100152	 | 	Valid MAPE Loss     : 3.37110019
lr                 : [2.9999999999999997e-05]


Epoch : 42
Train MSE Loss     : 1.00009096	 | 	Train MAPE Loss     : 0.76593786
Valid MSE Loss     : 0.00002359	 | 	Valid MAPE Loss     : 0.38390324
lr                 : [3e-06]


Epoch : 43
Train MSE Loss     : 1.00009525	 | 	Train MAPE Loss     : 0.90865606
Valid MSE Loss     : 0.00010185	 | 	Valid MAPE Loss     : 0.99880075
lr                 : [3e-06]


Epoch : 44
Train MSE Loss     : 1.00003469	 | 	Train MAPE Loss     : 0.55031371
Valid MSE Loss     : 0.00008398	 | 	Valid MAPE Loss     : 0.90312439
lr                 : [3e-06]


Epoch : 45
Train MSE Loss     : 1.00004280	 | 	Train MAPE Loss     : 0.60812724
Valid MSE Loss     : 0.00018433	 | 	Valid MAPE Loss     : 1.41044760
lr                 : [3e-06]


Epoch : 46
Train MSE Loss     : 1.00002098	 | 	Train MAPE Loss     : 0.38987887
Valid MSE Loss     : 0.00007770	 | 	Valid MAPE Loss     : 0.86739844
lr                 : [3e-06]


Epoch : 47
Train MSE Loss     : 1.00001872	 | 	Train MAPE Loss     : 0.38381371
Valid MSE Loss     : 0.00008329	 | 	Valid MAPE Loss     : 0.90162683
lr                 : [3e-06]


Epoch : 48
Train MSE Loss     : 1.00001609	 | 	Train MAPE Loss     : 0.33378375
Valid MSE Loss     : 0.00006264	 | 	Valid MAPE Loss     : 0.75421602
lr                 : [3e-06]


Epoch : 49
Train MSE Loss     : 1.00002456	 | 	Train MAPE Loss     : 0.44629523
Valid MSE Loss     : 0.00005733	 | 	Valid MAPE Loss     : 0.71350676
lr                 : [3e-06]


Epoch : 50
Train MSE Loss     : 1.00002921	 | 	Train MAPE Loss     : 0.48342508
Valid MSE Loss     : 0.00010498	 | 	Valid MAPE Loss     : 1.03414643
lr                 : [3e-06]


Epoch : 51
Train MSE Loss     : 1.00002515	 | 	Train MAPE Loss     : 0.44149038
Valid MSE Loss     : 0.00010768	 | 	Valid MAPE Loss     : 1.04603708
lr                 : [3e-06]


Epoch : 52
Train MSE Loss     : 1.00004518	 | 	Train MAPE Loss     : 0.63164532
Valid MSE Loss     : 0.00016220	 | 	Valid MAPE Loss     : 1.31749523
lr                 : [3e-06]


Epoch : 53
Train MSE Loss     : 1.00005877	 | 	Train MAPE Loss     : 0.66890794
Valid MSE Loss     : 0.00002095	 | 	Valid MAPE Loss     : 0.32877752
lr                 : [3.0000000000000004e-07]


Epoch : 54
Train MSE Loss     : 1.00002146	 | 	Train MAPE Loss     : 0.40572476
Valid MSE Loss     : 0.00009166	 | 	Valid MAPE Loss     : 0.95490533
lr                 : [3.0000000000000004e-07]


Epoch : 55
Train MSE Loss     : 1.00001466	 | 	Train MAPE Loss     : 0.32098123
Valid MSE Loss     : 0.00006960	 | 	Valid MAPE Loss     : 0.80670637
lr                 : [3.0000000000000004e-07]


Epoch : 56
Train MSE Loss     : 1.00001109	 | 	Train MAPE Loss     : 0.28498554
Valid MSE Loss     : 0.00008212	 | 	Valid MAPE Loss     : 0.89788216
lr                 : [3.0000000000000004e-07]


Epoch : 57
Train MSE Loss     : 1.00001872	 | 	Train MAPE Loss     : 0.37912080
Valid MSE Loss     : 0.00009550	 | 	Valid MAPE Loss     : 0.98081654
lr                 : [3.0000000000000004e-07]


Epoch : 58
Train MSE Loss     : 1.00002515	 | 	Train MAPE Loss     : 0.43733919
Valid MSE Loss     : 0.00008933	 | 	Valid MAPE Loss     : 0.94062299
lr                 : [3.0000000000000004e-07]


Epoch : 59
Train MSE Loss     : 1.00001299	 | 	Train MAPE Loss     : 0.31514499
Valid MSE Loss     : 0.00005196	 | 	Valid MAPE Loss     : 0.67180699
lr                 : [3.0000000000000004e-07]


Epoch : 60
Train MSE Loss     : 1.00001156	 | 	Train MAPE Loss     : 0.29321626
Valid MSE Loss     : 0.00007023	 | 	Valid MAPE Loss     : 0.81450528
lr                 : [3.0000000000000004e-07]


Epoch : 61
Train MSE Loss     : 1.00001705	 | 	Train MAPE Loss     : 0.35762572
Valid MSE Loss     : 0.00005557	 | 	Valid MAPE Loss     : 0.70265436
lr                 : [3.0000000000000004e-07]


Epoch : 62
Train MSE Loss     : 1.00001323	 | 	Train MAPE Loss     : 0.30813047
Valid MSE Loss     : 0.00006191	 | 	Valid MAPE Loss     : 0.75104237
lr                 : [3.0000000000000004e-07]


Epoch : 63
Train MSE Loss     : 1.00001371	 | 	Train MAPE Loss     : 0.30677319
Valid MSE Loss     : 0.00005225	 | 	Valid MAPE Loss     : 0.67467469
lr                 : [3.0000000000000004e-07]


Epoch : 64
Train MSE Loss     : 1.00001478	 | 	Train MAPE Loss     : 0.31914005
Valid MSE Loss     : 0.00006102	 | 	Valid MAPE Loss     : 0.74715024
lr                 : [3.0000000000000004e-08]


Epoch : 65
Train MSE Loss     : 1.00001872	 | 	Train MAPE Loss     : 0.36138517
Valid MSE Loss     : 0.00006151	 | 	Valid MAPE Loss     : 0.74840695
lr                 : [3.0000000000000004e-08]


Epoch : 66
Train MSE Loss     : 1.00001371	 | 	Train MAPE Loss     : 0.31818447
Valid MSE Loss     : 0.00007966	 | 	Valid MAPE Loss     : 0.87976021
lr                 : [3.0000000000000004e-08]


Epoch : 67
Train MSE Loss     : 1.00001526	 | 	Train MAPE Loss     : 0.33884615
Valid MSE Loss     : 0.00008134	 | 	Valid MAPE Loss     : 0.88648194
lr                 : [3.0000000000000004e-08]


Epoch : 68
Train MSE Loss     : 1.00001585	 | 	Train MAPE Loss     : 0.33587143
Valid MSE Loss     : 0.00008565	 | 	Valid MAPE Loss     : 0.91809243
lr                 : [3.0000000000000004e-08]


Epoch : 69
Train MSE Loss     : 1.00001669	 | 	Train MAPE Loss     : 0.33387792
Valid MSE Loss     : 0.00005464	 | 	Valid MAPE Loss     : 0.69312596
lr                 : [3.0000000000000004e-08]


Epoch : 70
Train MSE Loss     : 1.00001097	 | 	Train MAPE Loss     : 0.27036357
Valid MSE Loss     : 0.00007145	 | 	Valid MAPE Loss     : 0.81898910
lr                 : [3.0000000000000004e-08]


Epoch : 71
Train MSE Loss     : 1.00001609	 | 	Train MAPE Loss     : 0.35103583
Valid MSE Loss     : 0.00006685	 | 	Valid MAPE Loss     : 0.79143810
lr                 : [3.0000000000000004e-08]


Epoch : 72
Train MSE Loss     : 1.00001800	 | 	Train MAPE Loss     : 0.37467727
Valid MSE Loss     : 0.00004325	 | 	Valid MAPE Loss     : 0.58962351
lr                 : [3.0000000000000004e-08]


Epoch : 73
Train MSE Loss     : 1.00002003	 | 	Train MAPE Loss     : 0.40098771
Valid MSE Loss     : 0.00008629	 | 	Valid MAPE Loss     : 0.92271918
lr                 : [3.0000000000000004e-08]


Epoch : 74
Train MSE Loss     : 1.00002015	 | 	Train MAPE Loss     : 0.40409154
Valid MSE Loss     : 0.00005658	 | 	Valid MAPE Loss     : 0.70926672
lr                 : [3.0000000000000004e-08]


Epoch : 75
Train MSE Loss     : 1.00002587	 | 	Train MAPE Loss     : 0.43997964
Valid MSE Loss     : 0.00010815	 | 	Valid MAPE Loss     : 1.04764545
lr                 : [3.0000000000000004e-09]


Epoch : 76
Train MSE Loss     : 1.00000823	 | 	Train MAPE Loss     : 0.23407613
Valid MSE Loss     : 0.00007016	 | 	Valid MAPE Loss     : 0.81564444
lr                 : [3.0000000000000004e-09]


Epoch : 77
Train MSE Loss     : 1.00001621	 | 	Train MAPE Loss     : 0.34166184
Valid MSE Loss     : 0.00005373	 | 	Valid MAPE Loss     : 0.68437642
lr                 : [3.0000000000000004e-09]


Epoch : 78
Train MSE Loss     : 1.00001490	 | 	Train MAPE Loss     : 0.32893932
Valid MSE Loss     : 0.00008167	 | 	Valid MAPE Loss     : 0.89195114
lr                 : [3.0000000000000004e-09]


Epoch : 79
Train MSE Loss     : 1.00001097	 | 	Train MAPE Loss     : 0.27586612
Valid MSE Loss     : 0.00005920	 | 	Valid MAPE Loss     : 0.73148328
lr                 : [3.0000000000000004e-09]


Epoch : 80
Train MSE Loss     : 1.00002289	 | 	Train MAPE Loss     : 0.38676980
Valid MSE Loss     : 0.00006836	 | 	Valid MAPE Loss     : 0.80070311
lr                 : [3.0000000000000004e-09]


Epoch : 81
Train MSE Loss     : 1.00001585	 | 	Train MAPE Loss     : 0.35912403
Valid MSE Loss     : 0.00004820	 | 	Valid MAPE Loss     : 0.63955069
lr                 : [3.0000000000000004e-09]


Epoch : 82
Train MSE Loss     : 1.00001371	 | 	Train MAPE Loss     : 0.31635007
Valid MSE Loss     : 0.00005755	 | 	Valid MAPE Loss     : 0.71258229
lr                 : [3.0000000000000004e-09]


Epoch : 83
Train MSE Loss     : 1.00001621	 | 	Train MAPE Loss     : 0.35610881
Valid MSE Loss     : 0.00007519	 | 	Valid MAPE Loss     : 0.85096961
lr                 : [3.0000000000000004e-09]


Epoch : 84
Train MSE Loss     : 1.00001752	 | 	Train MAPE Loss     : 0.35727969
Valid MSE Loss     : 0.00007639	 | 	Valid MAPE Loss     : 0.85456306
lr                 : [3.0000000000000004e-09]


Epoch : 85
Train MSE Loss     : 1.00002122	 | 	Train MAPE Loss     : 0.39644483
Valid MSE Loss     : 0.00007489	 | 	Valid MAPE Loss     : 0.85117358
lr                 : [3.0000000000000004e-09]


Epoch : 86
Train MSE Loss     : 1.00001562	 | 	Train MAPE Loss     : 0.34500360
Valid MSE Loss     : 0.00009615	 | 	Valid MAPE Loss     : 0.98599273
lr                 : [3.0000000000000004e-09]


Epoch : 87
Train MSE Loss     : 1.00001061	 | 	Train MAPE Loss     : 0.27035758
Valid MSE Loss     : 0.00008662	 | 	Valid MAPE Loss     : 0.92482042
lr                 : [3.0000000000000004e-09]


Epoch : 88
Train MSE Loss     : 1.00001931	 | 	Train MAPE Loss     : 0.38753694
Valid MSE Loss     : 0.00006559	 | 	Valid MAPE Loss     : 0.77897841
lr                 : [3.0000000000000004e-09]


Epoch : 89
Train MSE Loss     : 1.00001681	 | 	Train MAPE Loss     : 0.35512045
Valid MSE Loss     : 0.00005213	 | 	Valid MAPE Loss     : 0.67460585
lr                 : [3.0000000000000004e-09]


Epoch : 90
Train MSE Loss     : 1.00001407	 | 	Train MAPE Loss     : 0.32296491
Valid MSE Loss     : 0.00006853	 | 	Valid MAPE Loss     : 0.80088800
lr                 : [3.0000000000000004e-09]


Epoch : 91
Train MSE Loss     : 1.00001431	 | 	Train MAPE Loss     : 0.31793383
Valid MSE Loss     : 0.00011265	 | 	Valid MAPE Loss     : 1.07996285
lr                 : [3.0000000000000004e-09]


Epoch : 92
Train MSE Loss     : 1.00001681	 | 	Train MAPE Loss     : 0.35742006
Valid MSE Loss     : 0.00005893	 | 	Valid MAPE Loss     : 0.72892123
lr                 : [3.0000000000000004e-09]


Epoch : 93
Train MSE Loss     : 1.00001252	 | 	Train MAPE Loss     : 0.30108395
Valid MSE Loss     : 0.00007396	 | 	Valid MAPE Loss     : 0.84200102
lr                 : [3.0000000000000004e-09]


Epoch : 94
Train MSE Loss     : 1.00002527	 | 	Train MAPE Loss     : 0.43968642
Valid MSE Loss     : 0.00007216	 | 	Valid MAPE Loss     : 0.83005363
lr                 : [3.0000000000000004e-09]


Epoch : 95
Train MSE Loss     : 1.00001895	 | 	Train MAPE Loss     : 0.37503052
Valid MSE Loss     : 0.00004761	 | 	Valid MAPE Loss     : 0.62713945
lr                 : [3.0000000000000004e-09]


Epoch : 96
Train MSE Loss     : 1.00001943	 | 	Train MAPE Loss     : 0.38330165
Valid MSE Loss     : 0.00006482	 | 	Valid MAPE Loss     : 0.77416652
lr                 : [3.0000000000000004e-09]


Epoch : 97
Train MSE Loss     : 1.00001109	 | 	Train MAPE Loss     : 0.27852288
Valid MSE Loss     : 0.00005719	 | 	Valid MAPE Loss     : 0.71458381
lr                 : [3.0000000000000004e-09]


Epoch : 98
Train MSE Loss     : 1.00001895	 | 	Train MAPE Loss     : 0.37554687
Valid MSE Loss     : 0.00007259	 | 	Valid MAPE Loss     : 0.82941502
lr                 : [3.0000000000000004e-09]


Epoch : 99
Train MSE Loss     : 1.00001526	 | 	Train MAPE Loss     : 0.33952928
Valid MSE Loss     : 0.00006795	 | 	Valid MAPE Loss     : 0.79821730
lr                 : [3.0000000000000004e-09]


Epoch : 100
Train MSE Loss     : 1.00002384	 | 	Train MAPE Loss     : 0.43849844
Valid MSE Loss     : 0.00003981	 | 	Valid MAPE Loss     : 0.55696613
lr                 : [3.0000000000000004e-09]


Epoch : 101
Train MSE Loss     : 1.00002038	 | 	Train MAPE Loss     : 0.39304790
Valid MSE Loss     : 0.00006171	 | 	Valid MAPE Loss     : 0.75169039
lr                 : [3.0000000000000004e-09]


Epoch : 102
Train MSE Loss     : 1.00001562	 | 	Train MAPE Loss     : 0.33241126
Valid MSE Loss     : 0.00007377	 | 	Valid MAPE Loss     : 0.83715016
lr                 : [3.0000000000000004e-09]


Epoch : 103
Train MSE Loss     : 1.00001264	 | 	Train MAPE Loss     : 0.30148458
Valid MSE Loss     : 0.00007161	 | 	Valid MAPE Loss     : 0.81736326
lr                 : [3.0000000000000004e-09]


Epoch : 104
Train MSE Loss     : 1.00001347	 | 	Train MAPE Loss     : 0.31084362
Valid MSE Loss     : 0.00009253	 | 	Valid MAPE Loss     : 0.95958346
lr                 : [3.0000000000000004e-09]


Epoch : 105
Train MSE Loss     : 1.00001872	 | 	Train MAPE Loss     : 0.37627658
Valid MSE Loss     : 0.00006698	 | 	Valid MAPE Loss     : 0.79392213
lr                 : [3.0000000000000004e-09]


Epoch : 106
Train MSE Loss     : 1.00001884	 | 	Train MAPE Loss     : 0.38572076
Valid MSE Loss     : 0.00008181	 | 	Valid MAPE Loss     : 0.89221382
lr                 : [3.0000000000000004e-09]


Epoch : 107
Train MSE Loss     : 1.00001311	 | 	Train MAPE Loss     : 0.29474536
Valid MSE Loss     : 0.00005038	 | 	Valid MAPE Loss     : 0.65164346
lr                 : [3.0000000000000004e-09]


Epoch : 108
Train MSE Loss     : 1.00001168	 | 	Train MAPE Loss     : 0.28615254
Valid MSE Loss     : 0.00005033	 | 	Valid MAPE Loss     : 0.65556234
lr                 : [3.0000000000000004e-09]


Epoch : 109
Train MSE Loss     : 1.00002408	 | 	Train MAPE Loss     : 0.41838813
Valid MSE Loss     : 0.00007162	 | 	Valid MAPE Loss     : 0.82585859
lr                 : [3.0000000000000004e-09]


Epoch : 110
Train MSE Loss     : 1.00002038	 | 	Train MAPE Loss     : 0.39758673
Valid MSE Loss     : 0.00004945	 | 	Valid MAPE Loss     : 0.64589965
lr                 : [3.0000000000000004e-09]


Epoch : 111
Train MSE Loss     : 1.00001204	 | 	Train MAPE Loss     : 0.29053468
Valid MSE Loss     : 0.00005264	 | 	Valid MAPE Loss     : 0.67638510
lr                 : [3.0000000000000004e-09]


Epoch : 112
Train MSE Loss     : 1.00001872	 | 	Train MAPE Loss     : 0.38180247
Valid MSE Loss     : 0.00006123	 | 	Valid MAPE Loss     : 0.74664193
lr                 : [3.0000000000000004e-09]


Epoch : 113
Train MSE Loss     : 1.00002074	 | 	Train MAPE Loss     : 0.40148953
Valid MSE Loss     : 0.00005961	 | 	Valid MAPE Loss     : 0.72389698
lr                 : [3.0000000000000004e-09]


Epoch : 114
Train MSE Loss     : 1.00001240	 | 	Train MAPE Loss     : 0.29051819
Valid MSE Loss     : 0.00007942	 | 	Valid MAPE Loss     : 0.88002127
lr                 : [3.0000000000000004e-09]


Epoch : 115
Train MSE Loss     : 1.00001788	 | 	Train MAPE Loss     : 0.35155880
Valid MSE Loss     : 0.00006124	 | 	Valid MAPE Loss     : 0.74853903
lr                 : [3.0000000000000004e-09]


Epoch : 116
Train MSE Loss     : 1.00001287	 | 	Train MAPE Loss     : 0.30307871
Valid MSE Loss     : 0.00008340	 | 	Valid MAPE Loss     : 0.90573400
lr                 : [3.0000000000000004e-09]


Epoch : 117
Train MSE Loss     : 1.00001359	 | 	Train MAPE Loss     : 0.32086462
Valid MSE Loss     : 0.00007257	 | 	Valid MAPE Loss     : 0.82375103
lr                 : [3.0000000000000004e-09]


Epoch : 118
Train MSE Loss     : 1.00001419	 | 	Train MAPE Loss     : 0.32835516
Valid MSE Loss     : 0.00006162	 | 	Valid MAPE Loss     : 0.75416642
lr                 : [3.0000000000000004e-09]


Epoch : 119
Train MSE Loss     : 1.00001264	 | 	Train MAPE Loss     : 0.30323610
Valid MSE Loss     : 0.00008401	 | 	Valid MAPE Loss     : 0.91163802
lr                 : [3.0000000000000004e-09]


Epoch : 120
Train MSE Loss     : 1.00001609	 | 	Train MAPE Loss     : 0.35530448
Valid MSE Loss     : 0.00008213	 | 	Valid MAPE Loss     : 0.89596969
lr                 : [3.0000000000000004e-09]


Epoch : 121
Train MSE Loss     : 1.00001180	 | 	Train MAPE Loss     : 0.28998578
Valid MSE Loss     : 0.00007518	 | 	Valid MAPE Loss     : 0.84854764
lr                 : [3.0000000000000004e-09]


Epoch : 122
Train MSE Loss     : 1.00001788	 | 	Train MAPE Loss     : 0.35909614
Valid MSE Loss     : 0.00009506	 | 	Valid MAPE Loss     : 0.97634333
lr                 : [3.0000000000000004e-09]


Epoch : 123
Train MSE Loss     : 1.00002122	 | 	Train MAPE Loss     : 0.39644375
Valid MSE Loss     : 0.00008022	 | 	Valid MAPE Loss     : 0.88640958
lr                 : [3.0000000000000004e-09]


Epoch : 124
Train MSE Loss     : 1.00001943	 | 	Train MAPE Loss     : 0.38092399
Valid MSE Loss     : 0.00005224	 | 	Valid MAPE Loss     : 0.67169452
lr                 : [3.0000000000000004e-09]


Epoch : 125
Train MSE Loss     : 1.00001931	 | 	Train MAPE Loss     : 0.37910306
Valid MSE Loss     : 0.00008112	 | 	Valid MAPE Loss     : 0.88752919
lr                 : [3.0000000000000004e-09]


Epoch : 126
Train MSE Loss     : 1.00001323	 | 	Train MAPE Loss     : 0.31323361
Valid MSE Loss     : 0.00009554	 | 	Valid MAPE Loss     : 0.97994238
lr                 : [3.0000000000000004e-09]


Epoch : 127
Train MSE Loss     : 1.00001359	 | 	Train MAPE Loss     : 0.31792480
Valid MSE Loss     : 0.00007287	 | 	Valid MAPE Loss     : 0.83410698
lr                 : [3.0000000000000004e-09]


Epoch : 128
Train MSE Loss     : 1.00002384	 | 	Train MAPE Loss     : 0.44002667
Valid MSE Loss     : 0.00005871	 | 	Valid MAPE Loss     : 0.72887486
lr                 : [3.0000000000000004e-09]


Epoch : 129
Train MSE Loss     : 1.00001752	 | 	Train MAPE Loss     : 0.35172358
Valid MSE Loss     : 0.00003448	 | 	Valid MAPE Loss     : 0.49283490
lr                 : [3.0000000000000004e-09]


Epoch : 130
Train MSE Loss     : 1.00001371	 | 	Train MAPE Loss     : 0.30900869
Valid MSE Loss     : 0.00006811	 | 	Valid MAPE Loss     : 0.80043417
lr                 : [3.0000000000000004e-09]


Epoch : 131
Train MSE Loss     : 1.00001490	 | 	Train MAPE Loss     : 0.32616752
Valid MSE Loss     : 0.00005579	 | 	Valid MAPE Loss     : 0.70219678
lr                 : [3.0000000000000004e-09]


Epoch : 132
Train MSE Loss     : 1.00001955	 | 	Train MAPE Loss     : 0.38720483
Valid MSE Loss     : 0.00004235	 | 	Valid MAPE Loss     : 0.57638437
lr                 : [3.0000000000000004e-09]


Epoch : 133
Train MSE Loss     : 1.00001812	 | 	Train MAPE Loss     : 0.36848682
Valid MSE Loss     : 0.00005689	 | 	Valid MAPE Loss     : 0.71760529
lr                 : [3.0000000000000004e-09]


Epoch : 134
Train MSE Loss     : 1.00001371	 | 	Train MAPE Loss     : 0.30436316
Valid MSE Loss     : 0.00005632	 | 	Valid MAPE Loss     : 0.70949131
lr                 : [3.0000000000000004e-09]


Epoch : 135
Train MSE Loss     : 1.00001729	 | 	Train MAPE Loss     : 0.36139432
Valid MSE Loss     : 0.00006415	 | 	Valid MAPE Loss     : 0.76740617
lr                 : [3.0000000000000004e-09]


Epoch : 136
Train MSE Loss     : 1.00001717	 | 	Train MAPE Loss     : 0.34786767
Valid MSE Loss     : 0.00006602	 | 	Valid MAPE Loss     : 0.78069907
lr                 : [3.0000000000000004e-09]


Epoch : 137
Train MSE Loss     : 1.00001574	 | 	Train MAPE Loss     : 0.33400989
Valid MSE Loss     : 0.00006906	 | 	Valid MAPE Loss     : 0.80887431
lr                 : [3.0000000000000004e-09]


Epoch : 138
Train MSE Loss     : 1.00002289	 | 	Train MAPE Loss     : 0.42325974
Valid MSE Loss     : 0.00006190	 | 	Valid MAPE Loss     : 0.75345945
lr                 : [3.0000000000000004e-09]


Epoch : 139
Train MSE Loss     : 1.00001907	 | 	Train MAPE Loss     : 0.36106226
Valid MSE Loss     : 0.00005970	 | 	Valid MAPE Loss     : 0.73118287
lr                 : [3.0000000000000004e-09]


Epoch : 140
Train MSE Loss     : 1.00001585	 | 	Train MAPE Loss     : 0.33953264
Valid MSE Loss     : 0.00007307	 | 	Valid MAPE Loss     : 0.83487707
lr                 : [3.0000000000000004e-09]


Epoch : 141
Train MSE Loss     : 1.00001490	 | 	Train MAPE Loss     : 0.34012753
Valid MSE Loss     : 0.00007075	 | 	Valid MAPE Loss     : 0.81656140
lr                 : [3.0000000000000004e-09]


Epoch : 142
Train MSE Loss     : 1.00001240	 | 	Train MAPE Loss     : 0.30197340
Valid MSE Loss     : 0.00006411	 | 	Valid MAPE Loss     : 0.77284950
lr                 : [3.0000000000000004e-09]


Epoch : 143
Train MSE Loss     : 1.00001633	 | 	Train MAPE Loss     : 0.33758330
Valid MSE Loss     : 0.00008290	 | 	Valid MAPE Loss     : 0.89528561
lr                 : [3.0000000000000004e-09]


Epoch : 144
Train MSE Loss     : 1.00001466	 | 	Train MAPE Loss     : 0.31800070
Valid MSE Loss     : 0.00006443	 | 	Valid MAPE Loss     : 0.77398413
lr                 : [3.0000000000000004e-09]


Epoch : 145
Train MSE Loss     : 1.00001371	 | 	Train MAPE Loss     : 0.31655964
Valid MSE Loss     : 0.00007249	 | 	Valid MAPE Loss     : 0.83232975
lr                 : [3.0000000000000004e-09]


Epoch : 146
Train MSE Loss     : 1.00001287	 | 	Train MAPE Loss     : 0.29292232
Valid MSE Loss     : 0.00006778	 | 	Valid MAPE Loss     : 0.79742867
lr                 : [3.0000000000000004e-09]


Epoch : 147
Train MSE Loss     : 1.00001502	 | 	Train MAPE Loss     : 0.34004804
Valid MSE Loss     : 0.00007119	 | 	Valid MAPE Loss     : 0.82502794
lr                 : [3.0000000000000004e-09]


Epoch : 148
Train MSE Loss     : 1.00001895	 | 	Train MAPE Loss     : 0.36814278
Valid MSE Loss     : 0.00008956	 | 	Valid MAPE Loss     : 0.94366693
lr                 : [3.0000000000000004e-09]


Epoch : 149
Train MSE Loss     : 1.00001562	 | 	Train MAPE Loss     : 0.34634039
Valid MSE Loss     : 0.00009051	 | 	Valid MAPE Loss     : 0.94710320
lr                 : [3.0000000000000004e-09]


Epoch : 150
Train MSE Loss     : 1.00001574	 | 	Train MAPE Loss     : 0.33030200
Valid MSE Loss     : 0.00011329	 | 	Valid MAPE Loss     : 1.07622921
lr                 : [3.0000000000000004e-09]


Evaluate on the Test set:
Test MAPE loss      :0.40615284	 | Test MSE loss      : 0.00002481

################## Training is Done! #########################
