=============================================
Dataset: cell_XJTU_batch2_prepocess_data
Mode:    supervised_with_contrast
=============================================
Training started ....

Epoch : 1
Train MSE Loss     : 1.12632465	 | 	Train MAPE Loss     : 32.62076187
Valid MSE Loss     : 0.03548485	 | 	Valid MAPE Loss     : 20.59524155
lr                 : [0.0003]


Epoch : 2
Train MSE Loss     : 1.04033709	 | 	Train MAPE Loss     : 20.43006897
Valid MSE Loss     : 0.05907205	 | 	Valid MAPE Loss     : 26.57842827
lr                 : [0.0003]


Epoch : 3
Train MSE Loss     : 1.01756823	 | 	Train MAPE Loss     : 12.20617104
Valid MSE Loss     : 0.00684934	 | 	Valid MAPE Loss     : 8.85012150
lr                 : [0.0003]


Epoch : 4
Train MSE Loss     : 1.00588036	 | 	Train MAPE Loss     : 7.21224976
Valid MSE Loss     : 0.00603024	 | 	Valid MAPE Loss     : 8.36377811
lr                 : [0.0003]


Epoch : 5
Train MSE Loss     : 1.01239622	 | 	Train MAPE Loss     : 11.24422646
Valid MSE Loss     : 0.00665085	 | 	Valid MAPE Loss     : 8.75831604
lr                 : [0.0003]


Epoch : 6
Train MSE Loss     : 1.00678730	 | 	Train MAPE Loss     : 7.23492718
Valid MSE Loss     : 0.00415553	 | 	Valid MAPE Loss     : 6.94127607
lr                 : [0.0003]


Epoch : 7
Train MSE Loss     : 1.00699961	 | 	Train MAPE Loss     : 7.28631783
Valid MSE Loss     : 0.00068193	 | 	Valid MAPE Loss     : 2.58974886
lr                 : [0.0003]


Epoch : 8
Train MSE Loss     : 1.01473379	 | 	Train MAPE Loss     : 11.18523979
Valid MSE Loss     : 0.00014898	 | 	Valid MAPE Loss     : 1.06643939
lr                 : [0.0003]


Epoch : 9
Train MSE Loss     : 1.00150788	 | 	Train MAPE Loss     : 3.70850062
Valid MSE Loss     : 0.00152775	 | 	Valid MAPE Loss     : 4.01794529
lr                 : [0.0003]


Epoch : 10
Train MSE Loss     : 1.02410674	 | 	Train MAPE Loss     : 14.33632660
Valid MSE Loss     : 0.00254773	 | 	Valid MAPE Loss     : 5.27648830
lr                 : [0.0003]


Epoch : 11
Train MSE Loss     : 1.00181031	 | 	Train MAPE Loss     : 3.95306993
Valid MSE Loss     : 0.00023839	 | 	Valid MAPE Loss     : 1.41282368
lr                 : [0.0003]


Epoch : 12
Train MSE Loss     : 1.04988861	 | 	Train MAPE Loss     : 22.98372459
Valid MSE Loss     : 0.00365677	 | 	Valid MAPE Loss     : 6.48216724
lr                 : [0.0003]


Epoch : 13
Train MSE Loss     : 1.00089443	 | 	Train MAPE Loss     : 2.72214961
Valid MSE Loss     : 0.00264139	 | 	Valid MAPE Loss     : 5.45481873
lr                 : [0.0003]


Epoch : 14
Train MSE Loss     : 1.00224352	 | 	Train MAPE Loss     : 4.79472399
Valid MSE Loss     : 0.00045837	 | 	Valid MAPE Loss     : 1.98576891
lr                 : [0.0003]


Epoch : 15
Train MSE Loss     : 1.00920582	 | 	Train MAPE Loss     : 9.61353493
Valid MSE Loss     : 0.00942572	 | 	Valid MAPE Loss     : 10.48104000
lr                 : [0.0003]


Epoch : 16
Train MSE Loss     : 1.01680672	 | 	Train MAPE Loss     : 12.88326263
Valid MSE Loss     : 0.01884214	 | 	Valid MAPE Loss     : 14.83900166
lr                 : [0.0003]


Epoch : 17
Train MSE Loss     : 1.03100181	 | 	Train MAPE Loss     : 16.97459030
Valid MSE Loss     : 0.00088604	 | 	Valid MAPE Loss     : 2.95431256
lr                 : [0.0003]


Epoch : 18
Train MSE Loss     : 1.02243912	 | 	Train MAPE Loss     : 14.58443832
Valid MSE Loss     : 0.02180626	 | 	Valid MAPE Loss     : 16.03146935
lr                 : [0.0003]


Epoch : 19
Train MSE Loss     : 1.01112533	 | 	Train MAPE Loss     : 9.97274780
Valid MSE Loss     : 0.00339756	 | 	Valid MAPE Loss     : 6.20909643
lr                 : [2.9999999999999997e-05]


Epoch : 20
Train MSE Loss     : 1.00102556	 | 	Train MAPE Loss     : 2.89505434
Valid MSE Loss     : 0.00043143	 | 	Valid MAPE Loss     : 1.92369843
lr                 : [2.9999999999999997e-05]


Epoch : 21
Train MSE Loss     : 1.00023687	 | 	Train MAPE Loss     : 1.33930373
Valid MSE Loss     : 0.00017496	 | 	Valid MAPE Loss     : 1.18538404
lr                 : [2.9999999999999997e-05]


Epoch : 22
Train MSE Loss     : 1.00016856	 | 	Train MAPE Loss     : 1.08734667
Valid MSE Loss     : 0.00018561	 | 	Valid MAPE Loss     : 1.20479190
lr                 : [2.9999999999999997e-05]


Epoch : 23
Train MSE Loss     : 1.00016999	 | 	Train MAPE Loss     : 1.10454130
Valid MSE Loss     : 0.00015619	 | 	Valid MAPE Loss     : 1.06800270
lr                 : [2.9999999999999997e-05]


Epoch : 24
Train MSE Loss     : 1.00015187	 | 	Train MAPE Loss     : 1.02361417
Valid MSE Loss     : 0.00015269	 | 	Valid MAPE Loss     : 1.04382169
lr                 : [2.9999999999999997e-05]


Epoch : 25
Train MSE Loss     : 1.00014675	 | 	Train MAPE Loss     : 1.01230931
Valid MSE Loss     : 0.00017623	 | 	Valid MAPE Loss     : 1.10165632
lr                 : [2.9999999999999997e-05]


Epoch : 26
Train MSE Loss     : 1.00014532	 | 	Train MAPE Loss     : 1.00945055
Valid MSE Loss     : 0.00014941	 | 	Valid MAPE Loss     : 1.01240790
lr                 : [2.9999999999999997e-05]


Epoch : 27
Train MSE Loss     : 1.00013709	 | 	Train MAPE Loss     : 0.97518253
Valid MSE Loss     : 0.00014996	 | 	Valid MAPE Loss     : 1.00664747
lr                 : [2.9999999999999997e-05]


Epoch : 28
Train MSE Loss     : 1.00014007	 | 	Train MAPE Loss     : 0.99719214
Valid MSE Loss     : 0.00017948	 | 	Valid MAPE Loss     : 1.10853922
lr                 : [2.9999999999999997e-05]


Epoch : 29
Train MSE Loss     : 1.00013542	 | 	Train MAPE Loss     : 0.97787291
Valid MSE Loss     : 0.00014723	 | 	Valid MAPE Loss     : 0.99247879
lr                 : [2.9999999999999997e-05]


Epoch : 30
Train MSE Loss     : 1.00013185	 | 	Train MAPE Loss     : 0.95166326
Valid MSE Loss     : 0.00015012	 | 	Valid MAPE Loss     : 0.99182463
lr                 : [2.9999999999999997e-05]


Epoch : 31
Train MSE Loss     : 1.00013030	 | 	Train MAPE Loss     : 0.94539034
Valid MSE Loss     : 0.00014314	 | 	Valid MAPE Loss     : 0.97293979
lr                 : [2.9999999999999997e-05]


Epoch : 32
Train MSE Loss     : 1.00012922	 | 	Train MAPE Loss     : 0.94785649
Valid MSE Loss     : 0.00014171	 | 	Valid MAPE Loss     : 0.98153365
lr                 : [2.9999999999999997e-05]


Epoch : 33
Train MSE Loss     : 1.00012290	 | 	Train MAPE Loss     : 0.92331523
Valid MSE Loss     : 0.00014110	 | 	Valid MAPE Loss     : 0.96600968
lr                 : [2.9999999999999997e-05]


Epoch : 34
Train MSE Loss     : 1.00012040	 | 	Train MAPE Loss     : 0.91501534
Valid MSE Loss     : 0.00013983	 | 	Valid MAPE Loss     : 0.96334505
lr                 : [2.9999999999999997e-05]


Epoch : 35
Train MSE Loss     : 1.00012255	 | 	Train MAPE Loss     : 0.92128557
Valid MSE Loss     : 0.00014808	 | 	Valid MAPE Loss     : 0.98235339
lr                 : [2.9999999999999997e-05]


Epoch : 36
Train MSE Loss     : 1.00011849	 | 	Train MAPE Loss     : 0.89715260
Valid MSE Loss     : 0.00014180	 | 	Valid MAPE Loss     : 0.96142089
lr                 : [2.9999999999999997e-05]


Epoch : 37
Train MSE Loss     : 1.00012267	 | 	Train MAPE Loss     : 0.92886633
Valid MSE Loss     : 0.00013649	 | 	Valid MAPE Loss     : 0.95319909
lr                 : [2.9999999999999997e-05]


Epoch : 38
Train MSE Loss     : 1.00011349	 | 	Train MAPE Loss     : 0.88838851
Valid MSE Loss     : 0.00013467	 | 	Valid MAPE Loss     : 0.92684025
lr                 : [2.9999999999999997e-05]


Epoch : 39
Train MSE Loss     : 1.00010717	 | 	Train MAPE Loss     : 0.85308158
Valid MSE Loss     : 0.00013484	 | 	Valid MAPE Loss     : 0.94337136
lr                 : [2.9999999999999997e-05]


Epoch : 40
Train MSE Loss     : 1.00010550	 | 	Train MAPE Loss     : 0.84680992
Valid MSE Loss     : 0.00013032	 | 	Valid MAPE Loss     : 0.91904533
lr                 : [2.9999999999999997e-05]


Epoch : 41
Train MSE Loss     : 1.00010467	 | 	Train MAPE Loss     : 0.84167200
Valid MSE Loss     : 0.00013462	 | 	Valid MAPE Loss     : 0.93963116
lr                 : [2.9999999999999997e-05]


Epoch : 42
Train MSE Loss     : 1.00011528	 | 	Train MAPE Loss     : 0.88966477
Valid MSE Loss     : 0.00013004	 | 	Valid MAPE Loss     : 0.91722339
lr                 : [2.9999999999999997e-05]


Epoch : 43
Train MSE Loss     : 1.00011134	 | 	Train MAPE Loss     : 0.88301265
Valid MSE Loss     : 0.00012721	 | 	Valid MAPE Loss     : 0.92490876
lr                 : [2.9999999999999997e-05]


Epoch : 44
Train MSE Loss     : 1.00010109	 | 	Train MAPE Loss     : 0.83217841
Valid MSE Loss     : 0.00012950	 | 	Valid MAPE Loss     : 0.90118408
lr                 : [2.9999999999999997e-05]


Epoch : 45
Train MSE Loss     : 1.00010419	 | 	Train MAPE Loss     : 0.83997273
Valid MSE Loss     : 0.00013922	 | 	Valid MAPE Loss     : 0.95973527
lr                 : [2.9999999999999997e-05]


Epoch : 46
Train MSE Loss     : 1.00011158	 | 	Train MAPE Loss     : 0.90154713
Valid MSE Loss     : 0.00012316	 | 	Valid MAPE Loss     : 0.89479405
lr                 : [2.9999999999999997e-05]


Epoch : 47
Train MSE Loss     : 1.00009704	 | 	Train MAPE Loss     : 0.81165767
Valid MSE Loss     : 0.00012256	 | 	Valid MAPE Loss     : 0.87885094
lr                 : [2.9999999999999997e-05]


Epoch : 48
Train MSE Loss     : 1.00009739	 | 	Train MAPE Loss     : 0.81325483
Valid MSE Loss     : 0.00012952	 | 	Valid MAPE Loss     : 0.91601008
lr                 : [2.9999999999999997e-05]


Epoch : 49
Train MSE Loss     : 1.00009680	 | 	Train MAPE Loss     : 0.82317275
Valid MSE Loss     : 0.00012697	 | 	Valid MAPE Loss     : 0.91850483
lr                 : [2.9999999999999997e-05]


Epoch : 50
Train MSE Loss     : 1.00009549	 | 	Train MAPE Loss     : 0.81623113
Valid MSE Loss     : 0.00011870	 | 	Valid MAPE Loss     : 0.86885154
lr                 : [2.9999999999999997e-05]


Epoch : 51
Train MSE Loss     : 1.00008655	 | 	Train MAPE Loss     : 0.75599164
Valid MSE Loss     : 0.00012159	 | 	Valid MAPE Loss     : 0.89556915
lr                 : [2.9999999999999997e-05]


Epoch : 52
Train MSE Loss     : 1.00009274	 | 	Train MAPE Loss     : 0.80685371
Valid MSE Loss     : 0.00011996	 | 	Valid MAPE Loss     : 0.87025344
lr                 : [2.9999999999999997e-05]


Epoch : 53
Train MSE Loss     : 1.00008333	 | 	Train MAPE Loss     : 0.74258697
Valid MSE Loss     : 0.00011665	 | 	Valid MAPE Loss     : 0.89172965
lr                 : [2.9999999999999997e-05]


Epoch : 54
Train MSE Loss     : 1.00007963	 | 	Train MAPE Loss     : 0.73048341
Valid MSE Loss     : 0.00011250	 | 	Valid MAPE Loss     : 0.84333068
lr                 : [2.9999999999999997e-05]


Epoch : 55
Train MSE Loss     : 1.00007725	 | 	Train MAPE Loss     : 0.70864451
Valid MSE Loss     : 0.00011101	 | 	Valid MAPE Loss     : 0.86220753
lr                 : [2.9999999999999997e-05]


Epoch : 56
Train MSE Loss     : 1.00007892	 | 	Train MAPE Loss     : 0.72782165
Valid MSE Loss     : 0.00010874	 | 	Valid MAPE Loss     : 0.84632725
lr                 : [2.9999999999999997e-05]


Epoch : 57
Train MSE Loss     : 1.00007761	 | 	Train MAPE Loss     : 0.72204918
Valid MSE Loss     : 0.00012552	 | 	Valid MAPE Loss     : 0.93724430
lr                 : [2.9999999999999997e-05]


Epoch : 58
Train MSE Loss     : 1.00007737	 | 	Train MAPE Loss     : 0.72417504
Valid MSE Loss     : 0.00010538	 | 	Valid MAPE Loss     : 0.82319558
lr                 : [2.9999999999999997e-05]


Epoch : 59
Train MSE Loss     : 1.00007308	 | 	Train MAPE Loss     : 0.69309390
Valid MSE Loss     : 0.00010792	 | 	Valid MAPE Loss     : 0.86940229
lr                 : [2.9999999999999997e-05]


Epoch : 60
Train MSE Loss     : 1.00007308	 | 	Train MAPE Loss     : 0.70293230
Valid MSE Loss     : 0.00010725	 | 	Valid MAPE Loss     : 0.84467560
lr                 : [2.9999999999999997e-05]


Epoch : 61
Train MSE Loss     : 1.00006878	 | 	Train MAPE Loss     : 0.67071211
Valid MSE Loss     : 0.00010577	 | 	Valid MAPE Loss     : 0.85592079
lr                 : [2.9999999999999997e-05]


Epoch : 62
Train MSE Loss     : 1.00007129	 | 	Train MAPE Loss     : 0.70370585
Valid MSE Loss     : 0.00010225	 | 	Valid MAPE Loss     : 0.82850754
lr                 : [2.9999999999999997e-05]


Epoch : 63
Train MSE Loss     : 1.00006402	 | 	Train MAPE Loss     : 0.64408559
Valid MSE Loss     : 0.00009643	 | 	Valid MAPE Loss     : 0.81170177
lr                 : [2.9999999999999997e-05]


Epoch : 64
Train MSE Loss     : 1.00006294	 | 	Train MAPE Loss     : 0.63945359
Valid MSE Loss     : 0.00009585	 | 	Valid MAPE Loss     : 0.82801145
lr                 : [2.9999999999999997e-05]


Epoch : 65
Train MSE Loss     : 1.00006676	 | 	Train MAPE Loss     : 0.66753548
Valid MSE Loss     : 0.00010520	 | 	Valid MAPE Loss     : 0.85927582
lr                 : [2.9999999999999997e-05]


Epoch : 66
Train MSE Loss     : 1.00007105	 | 	Train MAPE Loss     : 0.70848632
Valid MSE Loss     : 0.00012740	 | 	Valid MAPE Loss     : 1.00202143
lr                 : [2.9999999999999997e-05]


Epoch : 67
Train MSE Loss     : 1.00007582	 | 	Train MAPE Loss     : 0.74407876
Valid MSE Loss     : 0.00009213	 | 	Valid MAPE Loss     : 0.80230564
lr                 : [2.9999999999999997e-05]


Epoch : 68
Train MSE Loss     : 1.00006592	 | 	Train MAPE Loss     : 0.67929828
Valid MSE Loss     : 0.00010999	 | 	Valid MAPE Loss     : 0.87442046
lr                 : [2.9999999999999997e-05]


Epoch : 69
Train MSE Loss     : 1.00006461	 | 	Train MAPE Loss     : 0.65909153
Valid MSE Loss     : 0.00009057	 | 	Valid MAPE Loss     : 0.77313143
lr                 : [2.9999999999999997e-05]


Epoch : 70
Train MSE Loss     : 1.00005674	 | 	Train MAPE Loss     : 0.63045013
Valid MSE Loss     : 0.00010674	 | 	Valid MAPE Loss     : 0.86443949
lr                 : [2.9999999999999997e-05]


Epoch : 71
Train MSE Loss     : 1.00006545	 | 	Train MAPE Loss     : 0.66145581
Valid MSE Loss     : 0.00009616	 | 	Valid MAPE Loss     : 0.82549578
lr                 : [2.9999999999999997e-05]


Epoch : 72
Train MSE Loss     : 1.00005913	 | 	Train MAPE Loss     : 0.62157148
Valid MSE Loss     : 0.00009517	 | 	Valid MAPE Loss     : 0.81699711
lr                 : [2.9999999999999997e-05]


Epoch : 73
Train MSE Loss     : 1.00005817	 | 	Train MAPE Loss     : 0.61632484
Valid MSE Loss     : 0.00009375	 | 	Valid MAPE Loss     : 0.81667155
lr                 : [2.9999999999999997e-05]


Epoch : 74
Train MSE Loss     : 1.00005257	 | 	Train MAPE Loss     : 0.57586843
Valid MSE Loss     : 0.00008818	 | 	Valid MAPE Loss     : 0.78826648
lr                 : [2.9999999999999997e-05]


Epoch : 75
Train MSE Loss     : 1.00005138	 | 	Train MAPE Loss     : 0.56980336
Valid MSE Loss     : 0.00008585	 | 	Valid MAPE Loss     : 0.76345688
lr                 : [2.9999999999999997e-05]


Epoch : 76
Train MSE Loss     : 1.00005019	 | 	Train MAPE Loss     : 0.56640965
Valid MSE Loss     : 0.00009184	 | 	Valid MAPE Loss     : 0.81854916
lr                 : [2.9999999999999997e-05]


Epoch : 77
Train MSE Loss     : 1.00005627	 | 	Train MAPE Loss     : 0.61239380
Valid MSE Loss     : 0.00008416	 | 	Valid MAPE Loss     : 0.75181150
lr                 : [2.9999999999999997e-05]


Epoch : 78
Train MSE Loss     : 1.00004828	 | 	Train MAPE Loss     : 0.54997176
Valid MSE Loss     : 0.00008713	 | 	Valid MAPE Loss     : 0.78327543
lr                 : [2.9999999999999997e-05]


Epoch : 79
Train MSE Loss     : 1.00004864	 | 	Train MAPE Loss     : 0.55162412
Valid MSE Loss     : 0.00008133	 | 	Valid MAPE Loss     : 0.75300580
lr                 : [2.9999999999999997e-05]


Epoch : 80
Train MSE Loss     : 1.00005031	 | 	Train MAPE Loss     : 0.57170844
Valid MSE Loss     : 0.00008652	 | 	Valid MAPE Loss     : 0.77965659
lr                 : [2.9999999999999997e-05]


Epoch : 81
Train MSE Loss     : 1.00004852	 | 	Train MAPE Loss     : 0.55912989
Valid MSE Loss     : 0.00008346	 | 	Valid MAPE Loss     : 0.74378282
lr                 : [2.9999999999999997e-05]


Epoch : 82
Train MSE Loss     : 1.00004816	 | 	Train MAPE Loss     : 0.55566353
Valid MSE Loss     : 0.00008735	 | 	Valid MAPE Loss     : 0.80247444
lr                 : [2.9999999999999997e-05]


Epoch : 83
Train MSE Loss     : 1.00004733	 | 	Train MAPE Loss     : 0.55412781
Valid MSE Loss     : 0.00008955	 | 	Valid MAPE Loss     : 0.78593838
lr                 : [2.9999999999999997e-05]


Epoch : 84
Train MSE Loss     : 1.00004530	 | 	Train MAPE Loss     : 0.53617811
Valid MSE Loss     : 0.00008283	 | 	Valid MAPE Loss     : 0.77694637
lr                 : [2.9999999999999997e-05]


Epoch : 85
Train MSE Loss     : 1.00005198	 | 	Train MAPE Loss     : 0.60082996
Valid MSE Loss     : 0.00007837	 | 	Valid MAPE Loss     : 0.72426838
lr                 : [2.9999999999999997e-05]


Epoch : 86
Train MSE Loss     : 1.00005436	 | 	Train MAPE Loss     : 0.60460514
Valid MSE Loss     : 0.00008061	 | 	Valid MAPE Loss     : 0.73850483
lr                 : [2.9999999999999997e-05]


Epoch : 87
Train MSE Loss     : 1.00005555	 | 	Train MAPE Loss     : 0.61989254
Valid MSE Loss     : 0.00007715	 | 	Valid MAPE Loss     : 0.72585028
lr                 : [2.9999999999999997e-05]


Epoch : 88
Train MSE Loss     : 1.00004041	 | 	Train MAPE Loss     : 0.50125790
Valid MSE Loss     : 0.00007858	 | 	Valid MAPE Loss     : 0.72447395
lr                 : [2.9999999999999997e-05]


Epoch : 89
Train MSE Loss     : 1.00004160	 | 	Train MAPE Loss     : 0.51132596
Valid MSE Loss     : 0.00007753	 | 	Valid MAPE Loss     : 0.74501735
lr                 : [2.9999999999999997e-05]


Epoch : 90
Train MSE Loss     : 1.00004268	 | 	Train MAPE Loss     : 0.52223563
Valid MSE Loss     : 0.00007747	 | 	Valid MAPE Loss     : 0.75748014
lr                 : [2.9999999999999997e-05]


Epoch : 91
Train MSE Loss     : 1.00004327	 | 	Train MAPE Loss     : 0.53258097
Valid MSE Loss     : 0.00008658	 | 	Valid MAPE Loss     : 0.82838029
lr                 : [2.9999999999999997e-05]


Epoch : 92
Train MSE Loss     : 1.00004077	 | 	Train MAPE Loss     : 0.51495099
Valid MSE Loss     : 0.00008290	 | 	Valid MAPE Loss     : 0.75687408
lr                 : [2.9999999999999997e-05]


Epoch : 93
Train MSE Loss     : 1.00004303	 | 	Train MAPE Loss     : 0.53867871
Valid MSE Loss     : 0.00007557	 | 	Valid MAPE Loss     : 0.74394149
lr                 : [2.9999999999999997e-05]


Epoch : 94
Train MSE Loss     : 1.00003672	 | 	Train MAPE Loss     : 0.46880847
Valid MSE Loss     : 0.00007188	 | 	Valid MAPE Loss     : 0.70530075
lr                 : [2.9999999999999997e-05]


Epoch : 95
Train MSE Loss     : 1.00003827	 | 	Train MAPE Loss     : 0.48909429
Valid MSE Loss     : 0.00007066	 | 	Valid MAPE Loss     : 0.69172806
lr                 : [2.9999999999999997e-05]


Epoch : 96
Train MSE Loss     : 1.00003672	 | 	Train MAPE Loss     : 0.48517588
Valid MSE Loss     : 0.00011750	 | 	Valid MAPE Loss     : 1.00629401
lr                 : [2.9999999999999997e-05]


Epoch : 97
Train MSE Loss     : 1.00008786	 | 	Train MAPE Loss     : 0.86416686
Valid MSE Loss     : 0.00007357	 | 	Valid MAPE Loss     : 0.74332201
lr                 : [2.9999999999999997e-05]


Epoch : 98
Train MSE Loss     : 1.00007737	 | 	Train MAPE Loss     : 0.79778844
Valid MSE Loss     : 0.00009372	 | 	Valid MAPE Loss     : 0.80625141
lr                 : [2.9999999999999997e-05]


Epoch : 99
Train MSE Loss     : 1.00004339	 | 	Train MAPE Loss     : 0.54014874
Valid MSE Loss     : 0.00007590	 | 	Valid MAPE Loss     : 0.76421964
lr                 : [2.9999999999999997e-05]


Epoch : 100
Train MSE Loss     : 1.00003862	 | 	Train MAPE Loss     : 0.50394082
Valid MSE Loss     : 0.00007371	 | 	Valid MAPE Loss     : 0.74426311
lr                 : [2.9999999999999997e-05]


Epoch : 101
Train MSE Loss     : 1.00003457	 | 	Train MAPE Loss     : 0.46157864
Valid MSE Loss     : 0.00007023	 | 	Valid MAPE Loss     : 0.67830521
lr                 : [2.9999999999999997e-05]


Epoch : 102
Train MSE Loss     : 1.00003505	 | 	Train MAPE Loss     : 0.46474755
Valid MSE Loss     : 0.00007144	 | 	Valid MAPE Loss     : 0.73554236
lr                 : [2.9999999999999997e-05]


Epoch : 103
Train MSE Loss     : 1.00003386	 | 	Train MAPE Loss     : 0.45650116
Valid MSE Loss     : 0.00007627	 | 	Valid MAPE Loss     : 0.78119665
lr                 : [2.9999999999999997e-05]


Epoch : 104
Train MSE Loss     : 1.00003445	 | 	Train MAPE Loss     : 0.47042251
Valid MSE Loss     : 0.00006971	 | 	Valid MAPE Loss     : 0.67941171
lr                 : [2.9999999999999997e-05]


Epoch : 105
Train MSE Loss     : 1.00003600	 | 	Train MAPE Loss     : 0.47891846
Valid MSE Loss     : 0.00006638	 | 	Valid MAPE Loss     : 0.68482542
lr                 : [2.9999999999999997e-05]


Epoch : 106
Train MSE Loss     : 1.00003600	 | 	Train MAPE Loss     : 0.48770732
Valid MSE Loss     : 0.00006719	 | 	Valid MAPE Loss     : 0.67217201
lr                 : [2.9999999999999997e-05]


Epoch : 107
Train MSE Loss     : 1.00003719	 | 	Train MAPE Loss     : 0.50890905
Valid MSE Loss     : 0.00007435	 | 	Valid MAPE Loss     : 0.70459741
lr                 : [2.9999999999999997e-05]


Epoch : 108
Train MSE Loss     : 1.00003707	 | 	Train MAPE Loss     : 0.50485826
Valid MSE Loss     : 0.00007048	 | 	Valid MAPE Loss     : 0.74204725
lr                 : [2.9999999999999997e-05]


Epoch : 109
Train MSE Loss     : 1.00003052	 | 	Train MAPE Loss     : 0.42573982
Valid MSE Loss     : 0.00006758	 | 	Valid MAPE Loss     : 0.71289480
lr                 : [2.9999999999999997e-05]


Epoch : 110
Train MSE Loss     : 1.00004315	 | 	Train MAPE Loss     : 0.55666912
Valid MSE Loss     : 0.00006749	 | 	Valid MAPE Loss     : 0.71995223
lr                 : [2.9999999999999997e-05]


Epoch : 111
Train MSE Loss     : 1.00005817	 | 	Train MAPE Loss     : 0.67636538
Valid MSE Loss     : 0.00006384	 | 	Valid MAPE Loss     : 0.66296732
lr                 : [2.9999999999999997e-05]


Epoch : 112
Train MSE Loss     : 1.00005388	 | 	Train MAPE Loss     : 0.64703035
Valid MSE Loss     : 0.00007364	 | 	Valid MAPE Loss     : 0.70138055
lr                 : [2.9999999999999997e-05]


Epoch : 113
Train MSE Loss     : 1.00004745	 | 	Train MAPE Loss     : 0.59855479
Valid MSE Loss     : 0.00006743	 | 	Valid MAPE Loss     : 0.71643811
lr                 : [2.9999999999999997e-05]


Epoch : 114
Train MSE Loss     : 1.00003350	 | 	Train MAPE Loss     : 0.46431392
Valid MSE Loss     : 0.00006429	 | 	Valid MAPE Loss     : 0.66796362
lr                 : [2.9999999999999997e-05]


Epoch : 115
Train MSE Loss     : 1.00003564	 | 	Train MAPE Loss     : 0.48842475
Valid MSE Loss     : 0.00006474	 | 	Valid MAPE Loss     : 0.65317672
lr                 : [2.9999999999999997e-05]


Epoch : 116
Train MSE Loss     : 1.00003302	 | 	Train MAPE Loss     : 0.46505481
Valid MSE Loss     : 0.00007658	 | 	Valid MAPE Loss     : 0.70769823
lr                 : [2.9999999999999997e-05]


Epoch : 117
Train MSE Loss     : 1.00003791	 | 	Train MAPE Loss     : 0.52310908
Valid MSE Loss     : 0.00007747	 | 	Valid MAPE Loss     : 0.80139768
lr                 : [2.9999999999999997e-05]


Epoch : 118
Train MSE Loss     : 1.00003219	 | 	Train MAPE Loss     : 0.46369767
Valid MSE Loss     : 0.00006256	 | 	Valid MAPE Loss     : 0.64582711
lr                 : [2.9999999999999997e-05]


Epoch : 119
Train MSE Loss     : 1.00002789	 | 	Train MAPE Loss     : 0.40997547
Valid MSE Loss     : 0.00006553	 | 	Valid MAPE Loss     : 0.71452439
lr                 : [2.9999999999999997e-05]


Epoch : 120
Train MSE Loss     : 1.00002813	 | 	Train MAPE Loss     : 0.41284338
Valid MSE Loss     : 0.00006402	 | 	Valid MAPE Loss     : 0.69532043
lr                 : [2.9999999999999997e-05]


Epoch : 121
Train MSE Loss     : 1.00002789	 | 	Train MAPE Loss     : 0.41480500
Valid MSE Loss     : 0.00006440	 | 	Valid MAPE Loss     : 0.64952278
lr                 : [2.9999999999999997e-05]


Epoch : 122
Train MSE Loss     : 1.00002706	 | 	Train MAPE Loss     : 0.41008040
Valid MSE Loss     : 0.00006273	 | 	Valid MAPE Loss     : 0.68644154
lr                 : [2.9999999999999997e-05]


Epoch : 123
Train MSE Loss     : 1.00002742	 | 	Train MAPE Loss     : 0.41102308
Valid MSE Loss     : 0.00007929	 | 	Valid MAPE Loss     : 0.82350683
lr                 : [2.9999999999999997e-05]


Epoch : 124
Train MSE Loss     : 1.00003421	 | 	Train MAPE Loss     : 0.47830078
Valid MSE Loss     : 0.00009147	 | 	Valid MAPE Loss     : 0.79295588
lr                 : [2.9999999999999997e-05]


Epoch : 125
Train MSE Loss     : 1.00003660	 | 	Train MAPE Loss     : 0.51520908
Valid MSE Loss     : 0.00006191	 | 	Valid MAPE Loss     : 0.68708193
lr                 : [2.9999999999999997e-05]


Epoch : 126
Train MSE Loss     : 1.00002503	 | 	Train MAPE Loss     : 0.38939387
Valid MSE Loss     : 0.00006360	 | 	Valid MAPE Loss     : 0.64455825
lr                 : [2.9999999999999997e-05]


Epoch : 127
Train MSE Loss     : 1.00002670	 | 	Train MAPE Loss     : 0.41580158
Valid MSE Loss     : 0.00006383	 | 	Valid MAPE Loss     : 0.71258390
lr                 : [2.9999999999999997e-05]


Epoch : 128
Train MSE Loss     : 1.00003266	 | 	Train MAPE Loss     : 0.47613361
Valid MSE Loss     : 0.00008926	 | 	Valid MAPE Loss     : 0.89098865
lr                 : [2.9999999999999997e-05]


Epoch : 129
Train MSE Loss     : 1.00003994	 | 	Train MAPE Loss     : 0.54786438
Valid MSE Loss     : 0.00006359	 | 	Valid MAPE Loss     : 0.64920968
lr                 : [2.9999999999999997e-05]


Epoch : 130
Train MSE Loss     : 1.00002694	 | 	Train MAPE Loss     : 0.41654608
Valid MSE Loss     : 0.00006072	 | 	Valid MAPE Loss     : 0.62588131
lr                 : [2.9999999999999997e-05]


Epoch : 131
Train MSE Loss     : 1.00003552	 | 	Train MAPE Loss     : 0.51005626
Valid MSE Loss     : 0.00009509	 | 	Valid MAPE Loss     : 0.91837913
lr                 : [2.9999999999999997e-05]


Epoch : 132
Train MSE Loss     : 1.00003421	 | 	Train MAPE Loss     : 0.49999231
Valid MSE Loss     : 0.00006358	 | 	Valid MAPE Loss     : 0.65379006
lr                 : [2.9999999999999997e-05]


Epoch : 133
Train MSE Loss     : 1.00004697	 | 	Train MAPE Loss     : 0.61545670
Valid MSE Loss     : 0.00005515	 | 	Valid MAPE Loss     : 0.62916428
lr                 : [2.9999999999999997e-05]


Epoch : 134
Train MSE Loss     : 1.00004101	 | 	Train MAPE Loss     : 0.55636078
Valid MSE Loss     : 0.00005466	 | 	Valid MAPE Loss     : 0.62315661
lr                 : [2.9999999999999997e-05]


Epoch : 135
Train MSE Loss     : 1.00002885	 | 	Train MAPE Loss     : 0.44951457
Valid MSE Loss     : 0.00005927	 | 	Valid MAPE Loss     : 0.68793142
lr                 : [2.9999999999999997e-05]


Epoch : 136
Train MSE Loss     : 1.00002718	 | 	Train MAPE Loss     : 0.43756938
Valid MSE Loss     : 0.00005899	 | 	Valid MAPE Loss     : 0.62274331
lr                 : [2.9999999999999997e-05]


Epoch : 137
Train MSE Loss     : 1.00002432	 | 	Train MAPE Loss     : 0.39671129
Valid MSE Loss     : 0.00005754	 | 	Valid MAPE Loss     : 0.67267853
lr                 : [2.9999999999999997e-05]


Epoch : 138
Train MSE Loss     : 1.00002778	 | 	Train MAPE Loss     : 0.44021916
Valid MSE Loss     : 0.00007371	 | 	Valid MAPE Loss     : 0.79629040
lr                 : [2.9999999999999997e-05]


Epoch : 139
Train MSE Loss     : 1.00002599	 | 	Train MAPE Loss     : 0.40976539
Valid MSE Loss     : 0.00005406	 | 	Valid MAPE Loss     : 0.61000645
lr                 : [2.9999999999999997e-05]


Epoch : 140
Train MSE Loss     : 1.00002337	 | 	Train MAPE Loss     : 0.38146147
Valid MSE Loss     : 0.00005311	 | 	Valid MAPE Loss     : 0.62638080
lr                 : [2.9999999999999997e-05]


Epoch : 141
Train MSE Loss     : 1.00003242	 | 	Train MAPE Loss     : 0.46688107
Valid MSE Loss     : 0.00009055	 | 	Valid MAPE Loss     : 0.90268379
lr                 : [2.9999999999999997e-05]


Epoch : 142
Train MSE Loss     : 1.00004482	 | 	Train MAPE Loss     : 0.59556806
Valid MSE Loss     : 0.00005176	 | 	Valid MAPE Loss     : 0.60654026
lr                 : [2.9999999999999997e-05]


Epoch : 143
Train MSE Loss     : 1.00003433	 | 	Train MAPE Loss     : 0.50265908
Valid MSE Loss     : 0.00006285	 | 	Valid MAPE Loss     : 0.71814203
lr                 : [2.9999999999999997e-05]


Epoch : 144
Train MSE Loss     : 1.00005829	 | 	Train MAPE Loss     : 0.68781692
Valid MSE Loss     : 0.00006331	 | 	Valid MAPE Loss     : 0.65845823
lr                 : [2.9999999999999997e-05]


Epoch : 145
Train MSE Loss     : 1.00003231	 | 	Train MAPE Loss     : 0.47857195
Valid MSE Loss     : 0.00005284	 | 	Valid MAPE Loss     : 0.62810177
lr                 : [2.9999999999999997e-05]


Epoch : 146
Train MSE Loss     : 1.00002611	 | 	Train MAPE Loss     : 0.42628458
Valid MSE Loss     : 0.00005724	 | 	Valid MAPE Loss     : 0.61653465
lr                 : [2.9999999999999997e-05]


Epoch : 147
Train MSE Loss     : 1.00004005	 | 	Train MAPE Loss     : 0.55631882
Valid MSE Loss     : 0.00007631	 | 	Valid MAPE Loss     : 0.73363352
lr                 : [2.9999999999999997e-05]


Epoch : 148
Train MSE Loss     : 1.00002766	 | 	Train MAPE Loss     : 0.43666777
Valid MSE Loss     : 0.00006237	 | 	Valid MAPE Loss     : 0.72715771
lr                 : [2.9999999999999997e-05]


Epoch : 149
Train MSE Loss     : 1.00002623	 | 	Train MAPE Loss     : 0.43225622
Valid MSE Loss     : 0.00005350	 | 	Valid MAPE Loss     : 0.59481424
lr                 : [2.9999999999999997e-05]


Epoch : 150
Train MSE Loss     : 1.00003660	 | 	Train MAPE Loss     : 0.52289063
Valid MSE Loss     : 0.00007641	 | 	Valid MAPE Loss     : 0.74073952
lr                 : [2.9999999999999997e-05]


Evaluate on the Test set:
Test MAPE loss      :0.45033744	 | Test MSE loss      : 0.00002471

################## Training is Done! #########################
