=============================================
Dataset: cell_XJTU_batch2_prepocess_data
Mode:    supervised_with_contrast
=============================================
Training started ....

Epoch : 1
Train MSE Loss     : 21.46627235	 | 	Train MAPE Loss     : 460.91824341
Valid MSE Loss     : 0.62988627	 | 	Valid MAPE Loss     : 86.27278137
lr                 : [0.0003]


Epoch : 2
Train MSE Loss     : 1.55952632	 | 	Train MAPE Loss     : 68.71226501
Valid MSE Loss     : 0.03529176	 | 	Valid MAPE Loss     : 18.82049179
lr                 : [0.0003]


Epoch : 3
Train MSE Loss     : 1.28706789	 | 	Train MAPE Loss     : 47.97601318
Valid MSE Loss     : 0.00406369	 | 	Valid MAPE Loss     : 6.22215986
lr                 : [0.0003]


Epoch : 4
Train MSE Loss     : 1.01946938	 | 	Train MAPE Loss     : 12.81363678
Valid MSE Loss     : 0.00486426	 | 	Valid MAPE Loss     : 6.20724249
lr                 : [0.0003]


Epoch : 5
Train MSE Loss     : 1.00899410	 | 	Train MAPE Loss     : 8.60097599
Valid MSE Loss     : 0.00865681	 | 	Valid MAPE Loss     : 8.90337372
lr                 : [0.0003]


Epoch : 6
Train MSE Loss     : 1.01697505	 | 	Train MAPE Loss     : 12.12304497
Valid MSE Loss     : 0.11068346	 | 	Valid MAPE Loss     : 36.44182587
lr                 : [0.0003]


Epoch : 7
Train MSE Loss     : 1.18460786	 | 	Train MAPE Loss     : 42.04397964
Valid MSE Loss     : 0.00312405	 | 	Valid MAPE Loss     : 5.21037197
lr                 : [0.0003]


Epoch : 8
Train MSE Loss     : 1.00701225	 | 	Train MAPE Loss     : 7.73600340
Valid MSE Loss     : 0.00198762	 | 	Valid MAPE Loss     : 4.05907965
lr                 : [0.0003]


Epoch : 9
Train MSE Loss     : 1.08562016	 | 	Train MAPE Loss     : 28.30326462
Valid MSE Loss     : 0.18794477	 | 	Valid MAPE Loss     : 46.92219543
lr                 : [0.0003]


Epoch : 10
Train MSE Loss     : 1.04954147	 | 	Train MAPE Loss     : 19.02953339
Valid MSE Loss     : 0.04474201	 | 	Valid MAPE Loss     : 23.04227829
lr                 : [0.0003]


Epoch : 11
Train MSE Loss     : 1.05613911	 | 	Train MAPE Loss     : 22.11308098
Valid MSE Loss     : 0.00191911	 | 	Valid MAPE Loss     : 4.07641888
lr                 : [0.0003]


Epoch : 12
Train MSE Loss     : 1.02027023	 | 	Train MAPE Loss     : 12.69400883
Valid MSE Loss     : 0.00103689	 | 	Valid MAPE Loss     : 2.97242832
lr                 : [0.0003]


Epoch : 13
Train MSE Loss     : 1.00166929	 | 	Train MAPE Loss     : 3.50891209
Valid MSE Loss     : 0.00919712	 | 	Valid MAPE Loss     : 10.44219017
lr                 : [0.0003]


Epoch : 14
Train MSE Loss     : 1.10776651	 | 	Train MAPE Loss     : 30.15607452
Valid MSE Loss     : 0.37335506	 | 	Valid MAPE Loss     : 67.06305695
lr                 : [0.0003]


Epoch : 15
Train MSE Loss     : 1.16946375	 | 	Train MAPE Loss     : 41.62106323
Valid MSE Loss     : 0.00225199	 | 	Valid MAPE Loss     : 4.38434219
lr                 : [0.0003]


Epoch : 16
Train MSE Loss     : 1.02114785	 | 	Train MAPE Loss     : 13.43349457
Valid MSE Loss     : 0.00100671	 | 	Valid MAPE Loss     : 3.03634405
lr                 : [0.0003]


Epoch : 17
Train MSE Loss     : 1.00356138	 | 	Train MAPE Loss     : 5.58721447
Valid MSE Loss     : 0.00281632	 | 	Valid MAPE Loss     : 5.39501143
lr                 : [0.0003]


Epoch : 18
Train MSE Loss     : 1.00802517	 | 	Train MAPE Loss     : 8.04653072
Valid MSE Loss     : 0.00061573	 | 	Valid MAPE Loss     : 2.07755804
lr                 : [0.0003]


Epoch : 19
Train MSE Loss     : 1.06779957	 | 	Train MAPE Loss     : 26.67354012
Valid MSE Loss     : 0.00310141	 | 	Valid MAPE Loss     : 5.27667952
lr                 : [0.0003]


Epoch : 20
Train MSE Loss     : 1.01346636	 | 	Train MAPE Loss     : 10.90417194
Valid MSE Loss     : 0.00070541	 | 	Valid MAPE Loss     : 2.44489884
lr                 : [0.0003]


Epoch : 21
Train MSE Loss     : 1.00177372	 | 	Train MAPE Loss     : 3.67241073
Valid MSE Loss     : 0.00440098	 | 	Valid MAPE Loss     : 7.02731419
lr                 : [0.0003]


Epoch : 22
Train MSE Loss     : 1.00339198	 | 	Train MAPE Loss     : 4.84729147
Valid MSE Loss     : 0.00086497	 | 	Valid MAPE Loss     : 2.89229679
lr                 : [0.0003]


Epoch : 23
Train MSE Loss     : 1.00178707	 | 	Train MAPE Loss     : 3.82907510
Valid MSE Loss     : 0.00027814	 | 	Valid MAPE Loss     : 1.54756165
lr                 : [0.0003]


Epoch : 24
Train MSE Loss     : 1.02387714	 | 	Train MAPE Loss     : 14.30020618
Valid MSE Loss     : 0.00109797	 | 	Valid MAPE Loss     : 2.89818478
lr                 : [0.0003]


Epoch : 25
Train MSE Loss     : 1.00151372	 | 	Train MAPE Loss     : 3.19524336
Valid MSE Loss     : 0.00084363	 | 	Valid MAPE Loss     : 2.83175707
lr                 : [0.0003]


Epoch : 26
Train MSE Loss     : 1.00591207	 | 	Train MAPE Loss     : 7.12891245
Valid MSE Loss     : 0.01170527	 | 	Valid MAPE Loss     : 11.80225945
lr                 : [0.0003]


Epoch : 27
Train MSE Loss     : 1.00164115	 | 	Train MAPE Loss     : 3.08679414
Valid MSE Loss     : 0.00019934	 | 	Valid MAPE Loss     : 1.26558435
lr                 : [0.0003]


Epoch : 28
Train MSE Loss     : 1.00236559	 | 	Train MAPE Loss     : 4.15016985
Valid MSE Loss     : 0.00248235	 | 	Valid MAPE Loss     : 5.24653530
lr                 : [0.0003]


Epoch : 29
Train MSE Loss     : 1.00296938	 | 	Train MAPE Loss     : 5.32422018
Valid MSE Loss     : 0.01411803	 | 	Valid MAPE Loss     : 13.01364708
lr                 : [0.0003]


Epoch : 30
Train MSE Loss     : 1.01155770	 | 	Train MAPE Loss     : 9.28704643
Valid MSE Loss     : 0.00035862	 | 	Valid MAPE Loss     : 1.76540256
lr                 : [0.0003]


Epoch : 31
Train MSE Loss     : 1.00061488	 | 	Train MAPE Loss     : 2.19995189
Valid MSE Loss     : 0.00255711	 | 	Valid MAPE Loss     : 5.42280865
lr                 : [0.0003]


Epoch : 32
Train MSE Loss     : 1.00914633	 | 	Train MAPE Loss     : 9.34476662
Valid MSE Loss     : 0.02316490	 | 	Valid MAPE Loss     : 16.61425591
lr                 : [0.0003]


Epoch : 33
Train MSE Loss     : 1.01959133	 | 	Train MAPE Loss     : 14.36527252
Valid MSE Loss     : 0.00031739	 | 	Valid MAPE Loss     : 1.62910819
lr                 : [0.0003]


Epoch : 34
Train MSE Loss     : 1.00202155	 | 	Train MAPE Loss     : 3.88313913
Valid MSE Loss     : 0.00094147	 | 	Valid MAPE Loss     : 3.12890220
lr                 : [0.0003]


Epoch : 35
Train MSE Loss     : 1.00361335	 | 	Train MAPE Loss     : 5.70274258
Valid MSE Loss     : 0.00447828	 | 	Valid MAPE Loss     : 7.20584869
lr                 : [0.0003]


Epoch : 36
Train MSE Loss     : 1.00438571	 | 	Train MAPE Loss     : 6.23499060
Valid MSE Loss     : 0.00055573	 | 	Valid MAPE Loss     : 2.19584394
lr                 : [0.0003]


Epoch : 37
Train MSE Loss     : 1.00459802	 | 	Train MAPE Loss     : 6.02142477
Valid MSE Loss     : 0.00302016	 | 	Valid MAPE Loss     : 5.87665796
lr                 : [0.0003]


Epoch : 38
Train MSE Loss     : 1.01652837	 | 	Train MAPE Loss     : 13.02468967
Valid MSE Loss     : 0.00615628	 | 	Valid MAPE Loss     : 8.59452915
lr                 : [2.9999999999999997e-05]


Epoch : 39
Train MSE Loss     : 1.00165009	 | 	Train MAPE Loss     : 3.60787725
Valid MSE Loss     : 0.00054694	 | 	Valid MAPE Loss     : 2.33492875
lr                 : [2.9999999999999997e-05]


Epoch : 40
Train MSE Loss     : 1.00025630	 | 	Train MAPE Loss     : 1.38409090
Valid MSE Loss     : 0.00024978	 | 	Valid MAPE Loss     : 1.34715497
lr                 : [2.9999999999999997e-05]


Epoch : 41
Train MSE Loss     : 1.00018406	 | 	Train MAPE Loss     : 1.15255725
Valid MSE Loss     : 0.00016493	 | 	Valid MAPE Loss     : 1.08235955
lr                 : [2.9999999999999997e-05]


Epoch : 42
Train MSE Loss     : 1.00016212	 | 	Train MAPE Loss     : 1.07420051
Valid MSE Loss     : 0.00014543	 | 	Valid MAPE Loss     : 1.01764321
lr                 : [2.9999999999999997e-05]


Epoch : 43
Train MSE Loss     : 1.00015008	 | 	Train MAPE Loss     : 1.02734983
Valid MSE Loss     : 0.00014844	 | 	Valid MAPE Loss     : 1.03490853
lr                 : [2.9999999999999997e-05]


Epoch : 44
Train MSE Loss     : 1.00014675	 | 	Train MAPE Loss     : 1.01887262
Valid MSE Loss     : 0.00016814	 | 	Valid MAPE Loss     : 1.11114633
lr                 : [2.9999999999999997e-05]


Epoch : 45
Train MSE Loss     : 1.00014293	 | 	Train MAPE Loss     : 1.00703335
Valid MSE Loss     : 0.00013313	 | 	Valid MAPE Loss     : 0.98219454
lr                 : [2.9999999999999997e-05]


Epoch : 46
Train MSE Loss     : 1.00015068	 | 	Train MAPE Loss     : 1.02959442
Valid MSE Loss     : 0.00020547	 | 	Valid MAPE Loss     : 1.26651263
lr                 : [2.9999999999999997e-05]


Epoch : 47
Train MSE Loss     : 1.00013912	 | 	Train MAPE Loss     : 0.98146564
Valid MSE Loss     : 0.00013073	 | 	Valid MAPE Loss     : 0.97281724
lr                 : [2.9999999999999997e-05]


Epoch : 48
Train MSE Loss     : 1.00013244	 | 	Train MAPE Loss     : 0.95901567
Valid MSE Loss     : 0.00018082	 | 	Valid MAPE Loss     : 1.19651675
lr                 : [2.9999999999999997e-05]


Epoch : 49
Train MSE Loss     : 1.00013864	 | 	Train MAPE Loss     : 1.00410879
Valid MSE Loss     : 0.00013946	 | 	Valid MAPE Loss     : 1.03148413
lr                 : [2.9999999999999997e-05]


Epoch : 50
Train MSE Loss     : 1.00013077	 | 	Train MAPE Loss     : 0.95650482
Valid MSE Loss     : 0.00012797	 | 	Valid MAPE Loss     : 0.96927863
lr                 : [2.9999999999999997e-05]


Epoch : 51
Train MSE Loss     : 1.00014210	 | 	Train MAPE Loss     : 1.00799549
Valid MSE Loss     : 0.00012098	 | 	Valid MAPE Loss     : 0.92982924
lr                 : [2.9999999999999997e-05]


Epoch : 52
Train MSE Loss     : 1.00011861	 | 	Train MAPE Loss     : 0.92105329
Valid MSE Loss     : 0.00014976	 | 	Valid MAPE Loss     : 1.09755695
lr                 : [2.9999999999999997e-05]


Epoch : 53
Train MSE Loss     : 1.00013161	 | 	Train MAPE Loss     : 0.95949578
Valid MSE Loss     : 0.00015481	 | 	Valid MAPE Loss     : 1.12320840
lr                 : [2.9999999999999997e-05]


Epoch : 54
Train MSE Loss     : 1.00012147	 | 	Train MAPE Loss     : 0.92165875
Valid MSE Loss     : 0.00015294	 | 	Valid MAPE Loss     : 1.12618017
lr                 : [2.9999999999999997e-05]


Epoch : 55
Train MSE Loss     : 1.00012028	 | 	Train MAPE Loss     : 0.93452871
Valid MSE Loss     : 0.00011663	 | 	Valid MAPE Loss     : 0.90964586
lr                 : [2.9999999999999997e-05]


Epoch : 56
Train MSE Loss     : 1.00011492	 | 	Train MAPE Loss     : 0.88661015
Valid MSE Loss     : 0.00013116	 | 	Valid MAPE Loss     : 1.02413189
lr                 : [2.9999999999999997e-05]


Epoch : 57
Train MSE Loss     : 1.00010967	 | 	Train MAPE Loss     : 0.87447625
Valid MSE Loss     : 0.00012027	 | 	Valid MAPE Loss     : 0.96175212
lr                 : [2.9999999999999997e-05]


Epoch : 58
Train MSE Loss     : 1.00010908	 | 	Train MAPE Loss     : 0.87017822
Valid MSE Loss     : 0.00012593	 | 	Valid MAPE Loss     : 1.02203369
lr                 : [2.9999999999999997e-05]


Epoch : 59
Train MSE Loss     : 1.00010991	 | 	Train MAPE Loss     : 0.86785734
Valid MSE Loss     : 0.00010641	 | 	Valid MAPE Loss     : 0.88344878
lr                 : [2.9999999999999997e-05]


Epoch : 60
Train MSE Loss     : 1.00010359	 | 	Train MAPE Loss     : 0.85360962
Valid MSE Loss     : 0.00010462	 | 	Valid MAPE Loss     : 0.89743072
lr                 : [2.9999999999999997e-05]


Epoch : 61
Train MSE Loss     : 1.00010848	 | 	Train MAPE Loss     : 0.86128438
Valid MSE Loss     : 0.00009710	 | 	Valid MAPE Loss     : 0.83534223
lr                 : [2.9999999999999997e-05]


Epoch : 62
Train MSE Loss     : 1.00012660	 | 	Train MAPE Loss     : 0.95882607
Valid MSE Loss     : 0.00011215	 | 	Valid MAPE Loss     : 0.86829984
lr                 : [2.9999999999999997e-05]


Epoch : 63
Train MSE Loss     : 1.00010729	 | 	Train MAPE Loss     : 0.86354572
Valid MSE Loss     : 0.00010532	 | 	Valid MAPE Loss     : 0.87571287
lr                 : [2.9999999999999997e-05]


Epoch : 64
Train MSE Loss     : 1.00009763	 | 	Train MAPE Loss     : 0.81499958
Valid MSE Loss     : 0.00012728	 | 	Valid MAPE Loss     : 1.05297816
lr                 : [2.9999999999999997e-05]


Epoch : 65
Train MSE Loss     : 1.00010681	 | 	Train MAPE Loss     : 0.86751801
Valid MSE Loss     : 0.00018800	 | 	Valid MAPE Loss     : 1.29755390
lr                 : [2.9999999999999997e-05]


Epoch : 66
Train MSE Loss     : 1.00010633	 | 	Train MAPE Loss     : 0.86866397
Valid MSE Loss     : 0.00017576	 | 	Valid MAPE Loss     : 1.25782275
lr                 : [2.9999999999999997e-05]


Epoch : 67
Train MSE Loss     : 1.00009942	 | 	Train MAPE Loss     : 0.83323145
Valid MSE Loss     : 0.00017740	 | 	Valid MAPE Loss     : 1.26318848
lr                 : [2.9999999999999997e-05]


Epoch : 68
Train MSE Loss     : 1.00010133	 | 	Train MAPE Loss     : 0.83480787
Valid MSE Loss     : 0.00009580	 | 	Valid MAPE Loss     : 0.87836921
lr                 : [2.9999999999999997e-05]


Epoch : 69
Train MSE Loss     : 1.00009668	 | 	Train MAPE Loss     : 0.81820333
Valid MSE Loss     : 0.00009870	 | 	Valid MAPE Loss     : 0.88462764
lr                 : [2.9999999999999997e-05]


Epoch : 70
Train MSE Loss     : 1.00008833	 | 	Train MAPE Loss     : 0.77631181
Valid MSE Loss     : 0.00014488	 | 	Valid MAPE Loss     : 1.14114916
lr                 : [2.9999999999999997e-05]


Epoch : 71
Train MSE Loss     : 1.00008917	 | 	Train MAPE Loss     : 0.78047848
Valid MSE Loss     : 0.00009458	 | 	Valid MAPE Loss     : 0.83196753
lr                 : [2.9999999999999997e-05]


Epoch : 72
Train MSE Loss     : 1.00009024	 | 	Train MAPE Loss     : 0.78546047
Valid MSE Loss     : 0.00012230	 | 	Valid MAPE Loss     : 1.04674828
lr                 : [2.9999999999999997e-05]


Epoch : 73
Train MSE Loss     : 1.00008512	 | 	Train MAPE Loss     : 0.75265312
Valid MSE Loss     : 0.00008564	 | 	Valid MAPE Loss     : 0.80506241
lr                 : [2.9999999999999997e-05]


Epoch : 74
Train MSE Loss     : 1.00008905	 | 	Train MAPE Loss     : 0.78202569
Valid MSE Loss     : 0.00009538	 | 	Valid MAPE Loss     : 0.86973399
lr                 : [2.9999999999999997e-05]


Epoch : 75
Train MSE Loss     : 1.00008452	 | 	Train MAPE Loss     : 0.76511240
Valid MSE Loss     : 0.00015038	 | 	Valid MAPE Loss     : 1.16920173
lr                 : [2.9999999999999997e-05]


Epoch : 76
Train MSE Loss     : 1.00009084	 | 	Train MAPE Loss     : 0.81191993
Valid MSE Loss     : 0.00009070	 | 	Valid MAPE Loss     : 0.84952182
lr                 : [2.9999999999999997e-05]


Epoch : 77
Train MSE Loss     : 1.00007772	 | 	Train MAPE Loss     : 0.72034472
Valid MSE Loss     : 0.00014707	 | 	Valid MAPE Loss     : 1.16203833
lr                 : [2.9999999999999997e-05]


Epoch : 78
Train MSE Loss     : 1.00008094	 | 	Train MAPE Loss     : 0.74554700
Valid MSE Loss     : 0.00013178	 | 	Valid MAPE Loss     : 1.09825063
lr                 : [2.9999999999999997e-05]


Epoch : 79
Train MSE Loss     : 1.00007808	 | 	Train MAPE Loss     : 0.71874642
Valid MSE Loss     : 0.00009938	 | 	Valid MAPE Loss     : 0.92345220
lr                 : [2.9999999999999997e-05]


Epoch : 80
Train MSE Loss     : 1.00007749	 | 	Train MAPE Loss     : 0.71687204
Valid MSE Loss     : 0.00012705	 | 	Valid MAPE Loss     : 1.07865822
lr                 : [2.9999999999999997e-05]


Epoch : 81
Train MSE Loss     : 1.00008297	 | 	Train MAPE Loss     : 0.75196046
Valid MSE Loss     : 0.00008237	 | 	Valid MAPE Loss     : 0.78838944
lr                 : [2.9999999999999997e-05]


Epoch : 82
Train MSE Loss     : 1.00007427	 | 	Train MAPE Loss     : 0.70360464
Valid MSE Loss     : 0.00009846	 | 	Valid MAPE Loss     : 0.92708462
lr                 : [2.9999999999999997e-05]


Epoch : 83
Train MSE Loss     : 1.00007820	 | 	Train MAPE Loss     : 0.72971076
Valid MSE Loss     : 0.00012985	 | 	Valid MAPE Loss     : 1.08862042
lr                 : [2.9999999999999997e-05]


Epoch : 84
Train MSE Loss     : 1.00007892	 | 	Train MAPE Loss     : 0.73743093
Valid MSE Loss     : 0.00009240	 | 	Valid MAPE Loss     : 0.88866150
lr                 : [2.9999999999999997e-05]


Epoch : 85
Train MSE Loss     : 1.00007141	 | 	Train MAPE Loss     : 0.68220419
Valid MSE Loss     : 0.00011309	 | 	Valid MAPE Loss     : 1.00998151
lr                 : [2.9999999999999997e-05]


Epoch : 86
Train MSE Loss     : 1.00006878	 | 	Train MAPE Loss     : 0.67098707
Valid MSE Loss     : 0.00009834	 | 	Valid MAPE Loss     : 0.93023956
lr                 : [2.9999999999999997e-05]


Epoch : 87
Train MSE Loss     : 1.00006843	 | 	Train MAPE Loss     : 0.66771328
Valid MSE Loss     : 0.00011517	 | 	Valid MAPE Loss     : 1.02158761
lr                 : [2.9999999999999997e-05]


Epoch : 88
Train MSE Loss     : 1.00007033	 | 	Train MAPE Loss     : 0.68430090
Valid MSE Loss     : 0.00009940	 | 	Valid MAPE Loss     : 0.93580943
lr                 : [2.9999999999999997e-05]


Epoch : 89
Train MSE Loss     : 1.00006974	 | 	Train MAPE Loss     : 0.68450403
Valid MSE Loss     : 0.00010119	 | 	Valid MAPE Loss     : 0.95123637
lr                 : [2.9999999999999997e-05]


Epoch : 90
Train MSE Loss     : 1.00006640	 | 	Train MAPE Loss     : 0.66223586
Valid MSE Loss     : 0.00009356	 | 	Valid MAPE Loss     : 0.90392190
lr                 : [2.9999999999999997e-05]


Epoch : 91
Train MSE Loss     : 1.00006318	 | 	Train MAPE Loss     : 0.63690162
Valid MSE Loss     : 0.00009287	 | 	Valid MAPE Loss     : 0.90004313
lr                 : [2.9999999999999997e-05]


Epoch : 92
Train MSE Loss     : 1.00006604	 | 	Train MAPE Loss     : 0.66538739
Valid MSE Loss     : 0.00007780	 | 	Valid MAPE Loss     : 0.78808802
lr                 : [2.9999999999999997e-05]


Epoch : 93
Train MSE Loss     : 1.00005949	 | 	Train MAPE Loss     : 0.61592752
Valid MSE Loss     : 0.00010657	 | 	Valid MAPE Loss     : 0.97865790
lr                 : [2.9999999999999997e-05]


Epoch : 94
Train MSE Loss     : 1.00006330	 | 	Train MAPE Loss     : 0.64517987
Valid MSE Loss     : 0.00016951	 | 	Valid MAPE Loss     : 1.24062324
lr                 : [2.9999999999999997e-05]


Epoch : 95
Train MSE Loss     : 1.00006509	 | 	Train MAPE Loss     : 0.65371805
Valid MSE Loss     : 0.00008891	 | 	Valid MAPE Loss     : 0.86908114
lr                 : [2.9999999999999997e-05]


Epoch : 96
Train MSE Loss     : 1.00006282	 | 	Train MAPE Loss     : 0.65448397
Valid MSE Loss     : 0.00015265	 | 	Valid MAPE Loss     : 1.17244136
lr                 : [2.9999999999999997e-05]


Epoch : 97
Train MSE Loss     : 1.00006199	 | 	Train MAPE Loss     : 0.64510393
Valid MSE Loss     : 0.00011697	 | 	Valid MAPE Loss     : 1.02614260
lr                 : [2.9999999999999997e-05]


Epoch : 98
Train MSE Loss     : 1.00005591	 | 	Train MAPE Loss     : 0.60511976
Valid MSE Loss     : 0.00006969	 | 	Valid MAPE Loss     : 0.74702132
lr                 : [2.9999999999999997e-05]


Epoch : 99
Train MSE Loss     : 1.00005269	 | 	Train MAPE Loss     : 0.58447260
Valid MSE Loss     : 0.00008452	 | 	Valid MAPE Loss     : 0.85064924
lr                 : [2.9999999999999997e-05]


Epoch : 100
Train MSE Loss     : 1.00005364	 | 	Train MAPE Loss     : 0.58660352
Valid MSE Loss     : 0.00011510	 | 	Valid MAPE Loss     : 1.01391721
lr                 : [2.9999999999999997e-05]


Epoch : 101
Train MSE Loss     : 1.00006521	 | 	Train MAPE Loss     : 0.67411894
Valid MSE Loss     : 0.00006223	 | 	Valid MAPE Loss     : 0.69385117
lr                 : [2.9999999999999997e-05]


Epoch : 102
Train MSE Loss     : 1.00005889	 | 	Train MAPE Loss     : 0.62894213
Valid MSE Loss     : 0.00006179	 | 	Valid MAPE Loss     : 0.69147217
lr                 : [2.9999999999999997e-05]


Epoch : 103
Train MSE Loss     : 1.00006819	 | 	Train MAPE Loss     : 0.69932717
Valid MSE Loss     : 0.00011584	 | 	Valid MAPE Loss     : 1.01482940
lr                 : [2.9999999999999997e-05]


Epoch : 104
Train MSE Loss     : 1.00005972	 | 	Train MAPE Loss     : 0.64758646
Valid MSE Loss     : 0.00006178	 | 	Valid MAPE Loss     : 0.69133985
lr                 : [2.9999999999999997e-05]


Epoch : 105
Train MSE Loss     : 1.00005674	 | 	Train MAPE Loss     : 0.62197429
Valid MSE Loss     : 0.00013499	 | 	Valid MAPE Loss     : 1.09657550
lr                 : [2.9999999999999997e-05]


Epoch : 106
Train MSE Loss     : 1.00006258	 | 	Train MAPE Loss     : 0.65826553
Valid MSE Loss     : 0.00013591	 | 	Valid MAPE Loss     : 1.10217643
lr                 : [2.9999999999999997e-05]


Epoch : 107
Train MSE Loss     : 1.00005603	 | 	Train MAPE Loss     : 0.61375707
Valid MSE Loss     : 0.00006394	 | 	Valid MAPE Loss     : 0.71656501
lr                 : [2.9999999999999997e-05]


Epoch : 108
Train MSE Loss     : 1.00005174	 | 	Train MAPE Loss     : 0.57864124
Valid MSE Loss     : 0.00008422	 | 	Valid MAPE Loss     : 0.85442400
lr                 : [2.9999999999999997e-05]


Epoch : 109
Train MSE Loss     : 1.00005150	 | 	Train MAPE Loss     : 0.58037704
Valid MSE Loss     : 0.00005797	 | 	Valid MAPE Loss     : 0.66676074
lr                 : [2.9999999999999997e-05]


Epoch : 110
Train MSE Loss     : 1.00005317	 | 	Train MAPE Loss     : 0.59841281
Valid MSE Loss     : 0.00007548	 | 	Valid MAPE Loss     : 0.80184734
lr                 : [2.9999999999999997e-05]


Epoch : 111
Train MSE Loss     : 1.00004709	 | 	Train MAPE Loss     : 0.55558181
Valid MSE Loss     : 0.00005346	 | 	Valid MAPE Loss     : 0.64360136
lr                 : [2.9999999999999997e-05]


Epoch : 112
Train MSE Loss     : 1.00005114	 | 	Train MAPE Loss     : 0.58920807
Valid MSE Loss     : 0.00006973	 | 	Valid MAPE Loss     : 0.76465982
lr                 : [2.9999999999999997e-05]


Epoch : 113
Train MSE Loss     : 1.00004971	 | 	Train MAPE Loss     : 0.56765169
Valid MSE Loss     : 0.00009883	 | 	Valid MAPE Loss     : 0.93206292
lr                 : [2.9999999999999997e-05]


Epoch : 114
Train MSE Loss     : 1.00006223	 | 	Train MAPE Loss     : 0.67113769
Valid MSE Loss     : 0.00007576	 | 	Valid MAPE Loss     : 0.80541784
lr                 : [2.9999999999999997e-05]


Epoch : 115
Train MSE Loss     : 1.00005591	 | 	Train MAPE Loss     : 0.62711114
Valid MSE Loss     : 0.00006331	 | 	Valid MAPE Loss     : 0.71771210
lr                 : [2.9999999999999997e-05]


Epoch : 116
Train MSE Loss     : 1.00004554	 | 	Train MAPE Loss     : 0.53761333
Valid MSE Loss     : 0.00005064	 | 	Valid MAPE Loss     : 0.62763506
lr                 : [2.9999999999999997e-05]


Epoch : 117
Train MSE Loss     : 1.00004816	 | 	Train MAPE Loss     : 0.56171012
Valid MSE Loss     : 0.00007631	 | 	Valid MAPE Loss     : 0.80854285
lr                 : [2.9999999999999997e-05]


Epoch : 118
Train MSE Loss     : 1.00004244	 | 	Train MAPE Loss     : 0.52087849
Valid MSE Loss     : 0.00007110	 | 	Valid MAPE Loss     : 0.77138722
lr                 : [2.9999999999999997e-05]


Epoch : 119
Train MSE Loss     : 1.00004148	 | 	Train MAPE Loss     : 0.51436269
Valid MSE Loss     : 0.00005757	 | 	Valid MAPE Loss     : 0.68366796
lr                 : [2.9999999999999997e-05]


Epoch : 120
Train MSE Loss     : 1.00004220	 | 	Train MAPE Loss     : 0.51973057
Valid MSE Loss     : 0.00005889	 | 	Valid MAPE Loss     : 0.69661212
lr                 : [2.9999999999999997e-05]


Epoch : 121
Train MSE Loss     : 1.00004804	 | 	Train MAPE Loss     : 0.56796414
Valid MSE Loss     : 0.00007818	 | 	Valid MAPE Loss     : 0.81705105
lr                 : [2.9999999999999997e-05]


Epoch : 122
Train MSE Loss     : 1.00004375	 | 	Train MAPE Loss     : 0.53409427
Valid MSE Loss     : 0.00007021	 | 	Valid MAPE Loss     : 0.77430284
lr                 : [2.9999999999999997e-05]


Epoch : 123
Train MSE Loss     : 1.00003898	 | 	Train MAPE Loss     : 0.49308127
Valid MSE Loss     : 0.00005047	 | 	Valid MAPE Loss     : 0.63380969
lr                 : [2.9999999999999997e-05]


Epoch : 124
Train MSE Loss     : 1.00003910	 | 	Train MAPE Loss     : 0.50210220
Valid MSE Loss     : 0.00006751	 | 	Valid MAPE Loss     : 0.75088179
lr                 : [2.9999999999999997e-05]


Epoch : 125
Train MSE Loss     : 1.00003850	 | 	Train MAPE Loss     : 0.49563509
Valid MSE Loss     : 0.00004405	 | 	Valid MAPE Loss     : 0.58443379
lr                 : [2.9999999999999997e-05]


Epoch : 126
Train MSE Loss     : 1.00003970	 | 	Train MAPE Loss     : 0.50928712
Valid MSE Loss     : 0.00005033	 | 	Valid MAPE Loss     : 0.63320237
lr                 : [2.9999999999999997e-05]


Epoch : 127
Train MSE Loss     : 1.00003982	 | 	Train MAPE Loss     : 0.50636911
Valid MSE Loss     : 0.00010053	 | 	Valid MAPE Loss     : 0.93412650
lr                 : [2.9999999999999997e-05]


Epoch : 128
Train MSE Loss     : 1.00004888	 | 	Train MAPE Loss     : 0.59359694
Valid MSE Loss     : 0.00005727	 | 	Valid MAPE Loss     : 0.68387705
lr                 : [2.9999999999999997e-05]


Epoch : 129
Train MSE Loss     : 1.00004256	 | 	Train MAPE Loss     : 0.53314233
Valid MSE Loss     : 0.00004595	 | 	Valid MAPE Loss     : 0.59445876
lr                 : [2.9999999999999997e-05]


Epoch : 130
Train MSE Loss     : 1.00003803	 | 	Train MAPE Loss     : 0.49611193
Valid MSE Loss     : 0.00003792	 | 	Valid MAPE Loss     : 0.54233670
lr                 : [2.9999999999999997e-05]


Epoch : 131
Train MSE Loss     : 1.00003493	 | 	Train MAPE Loss     : 0.46947211
Valid MSE Loss     : 0.00004303	 | 	Valid MAPE Loss     : 0.57335663
lr                 : [2.9999999999999997e-05]


Epoch : 132
Train MSE Loss     : 1.00003505	 | 	Train MAPE Loss     : 0.47403520
Valid MSE Loss     : 0.00005562	 | 	Valid MAPE Loss     : 0.67511326
lr                 : [2.9999999999999997e-05]


Epoch : 133
Train MSE Loss     : 1.00004351	 | 	Train MAPE Loss     : 0.55046028
Valid MSE Loss     : 0.00005259	 | 	Valid MAPE Loss     : 0.65726936
lr                 : [2.9999999999999997e-05]


Epoch : 134
Train MSE Loss     : 1.00003278	 | 	Train MAPE Loss     : 0.45756292
Valid MSE Loss     : 0.00003433	 | 	Valid MAPE Loss     : 0.51552516
lr                 : [2.9999999999999997e-05]


Epoch : 135
Train MSE Loss     : 1.00003481	 | 	Train MAPE Loss     : 0.47545949
Valid MSE Loss     : 0.00006732	 | 	Valid MAPE Loss     : 0.74953592
lr                 : [2.9999999999999997e-05]


Epoch : 136
Train MSE Loss     : 1.00005639	 | 	Train MAPE Loss     : 0.66681659
Valid MSE Loss     : 0.00006097	 | 	Valid MAPE Loss     : 0.71021682
lr                 : [2.9999999999999997e-05]


Epoch : 137
Train MSE Loss     : 1.00008142	 | 	Train MAPE Loss     : 0.82048416
Valid MSE Loss     : 0.00003373	 | 	Valid MAPE Loss     : 0.51627457
lr                 : [2.9999999999999997e-05]


Epoch : 138
Train MSE Loss     : 1.00004113	 | 	Train MAPE Loss     : 0.53713590
Valid MSE Loss     : 0.00003234	 | 	Valid MAPE Loss     : 0.50334138
lr                 : [2.9999999999999997e-05]


Epoch : 139
Train MSE Loss     : 1.00003457	 | 	Train MAPE Loss     : 0.48369789
Valid MSE Loss     : 0.00005562	 | 	Valid MAPE Loss     : 0.67580402
lr                 : [2.9999999999999997e-05]


Epoch : 140
Train MSE Loss     : 1.00005412	 | 	Train MAPE Loss     : 0.64289415
Valid MSE Loss     : 0.00006589	 | 	Valid MAPE Loss     : 0.74326980
lr                 : [2.9999999999999997e-05]


Epoch : 141
Train MSE Loss     : 1.00004482	 | 	Train MAPE Loss     : 0.57048297
Valid MSE Loss     : 0.00003452	 | 	Valid MAPE Loss     : 0.51333368
lr                 : [2.9999999999999997e-05]


Epoch : 142
Train MSE Loss     : 1.00003314	 | 	Train MAPE Loss     : 0.46345875
Valid MSE Loss     : 0.00003187	 | 	Valid MAPE Loss     : 0.49046850
lr                 : [2.9999999999999997e-05]


Epoch : 143
Train MSE Loss     : 1.00003386	 | 	Train MAPE Loss     : 0.47425938
Valid MSE Loss     : 0.00003127	 | 	Valid MAPE Loss     : 0.48861709
lr                 : [2.9999999999999997e-05]


Epoch : 144
Train MSE Loss     : 1.00003278	 | 	Train MAPE Loss     : 0.46331692
Valid MSE Loss     : 0.00003050	 | 	Valid MAPE Loss     : 0.49429235
lr                 : [2.9999999999999997e-05]


Epoch : 145
Train MSE Loss     : 1.00003147	 | 	Train MAPE Loss     : 0.45611009
Valid MSE Loss     : 0.00006626	 | 	Valid MAPE Loss     : 0.74953216
lr                 : [2.9999999999999997e-05]


Epoch : 146
Train MSE Loss     : 1.00003791	 | 	Train MAPE Loss     : 0.51676297
Valid MSE Loss     : 0.00005609	 | 	Valid MAPE Loss     : 0.67960745
lr                 : [2.9999999999999997e-05]


Epoch : 147
Train MSE Loss     : 1.00004053	 | 	Train MAPE Loss     : 0.53923219
Valid MSE Loss     : 0.00003682	 | 	Valid MAPE Loss     : 0.53075182
lr                 : [2.9999999999999997e-05]


Epoch : 148
Train MSE Loss     : 1.00005746	 | 	Train MAPE Loss     : 0.66637182
Valid MSE Loss     : 0.00004034	 | 	Valid MAPE Loss     : 0.56188840
lr                 : [2.9999999999999997e-05]


Epoch : 149
Train MSE Loss     : 1.00003254	 | 	Train MAPE Loss     : 0.45974949
Valid MSE Loss     : 0.00002880	 | 	Valid MAPE Loss     : 0.46927506
lr                 : [2.9999999999999997e-05]


Epoch : 150
Train MSE Loss     : 1.00003493	 | 	Train MAPE Loss     : 0.48337632
Valid MSE Loss     : 0.00004846	 | 	Valid MAPE Loss     : 0.62431228
lr                 : [2.9999999999999997e-05]


Evaluate on the Test set:
Test MAPE loss      :1.02668989	 | Test MSE loss      : 0.00010122

################## Training is Done! #########################
