=============================================
Dataset: cell_XJTU_batch2_prepocess_data
Mode:    supervised_with_contrast
=============================================
Training started ....

Epoch : 1
Train MSE Loss     : 1.36854804	 | 	Train MAPE Loss     : 63.18312454
Valid MSE Loss     : 0.50398493	 | 	Valid MAPE Loss     : 78.81758118
lr                 : [0.0003]


Epoch : 2
Train MSE Loss     : 1.39202380	 | 	Train MAPE Loss     : 68.35008240
Valid MSE Loss     : 0.14958648	 | 	Valid MAPE Loss     : 42.93560410
lr                 : [0.0003]


Epoch : 3
Train MSE Loss     : 1.03646660	 | 	Train MAPE Loss     : 15.18935204
Valid MSE Loss     : 0.00638875	 | 	Valid MAPE Loss     : 8.77491856
lr                 : [0.0003]


Epoch : 4
Train MSE Loss     : 1.09796011	 | 	Train MAPE Loss     : 29.81815529
Valid MSE Loss     : 0.09954125	 | 	Valid MAPE Loss     : 35.00132370
lr                 : [0.0003]


Epoch : 5
Train MSE Loss     : 1.06052589	 | 	Train MAPE Loss     : 24.78985023
Valid MSE Loss     : 0.01987792	 | 	Valid MAPE Loss     : 15.26170635
lr                 : [0.0003]


Epoch : 6
Train MSE Loss     : 1.00826228	 | 	Train MAPE Loss     : 7.02984619
Valid MSE Loss     : 0.05322115	 | 	Valid MAPE Loss     : 25.52498436
lr                 : [0.0003]


Epoch : 7
Train MSE Loss     : 1.08703828	 | 	Train MAPE Loss     : 31.52737999
Valid MSE Loss     : 0.00869307	 | 	Valid MAPE Loss     : 10.05201054
lr                 : [0.0003]


Epoch : 8
Train MSE Loss     : 1.02056909	 | 	Train MAPE Loss     : 12.31904888
Valid MSE Loss     : 0.05528123	 | 	Valid MAPE Loss     : 26.01615715
lr                 : [0.0003]


Epoch : 9
Train MSE Loss     : 1.02625370	 | 	Train MAPE Loss     : 16.54646111
Valid MSE Loss     : 0.00456712	 | 	Valid MAPE Loss     : 7.44983530
lr                 : [0.0003]


Epoch : 10
Train MSE Loss     : 1.02449608	 | 	Train MAPE Loss     : 15.52203941
Valid MSE Loss     : 0.00170189	 | 	Valid MAPE Loss     : 4.43962526
lr                 : [0.0003]


Epoch : 11
Train MSE Loss     : 1.00599194	 | 	Train MAPE Loss     : 6.85456848
Valid MSE Loss     : 0.01169652	 | 	Valid MAPE Loss     : 11.93356991
lr                 : [0.0003]


Epoch : 12
Train MSE Loss     : 1.01073527	 | 	Train MAPE Loss     : 10.12249565
Valid MSE Loss     : 0.00033380	 | 	Valid MAPE Loss     : 1.87730312
lr                 : [0.0003]


Epoch : 13
Train MSE Loss     : 1.00118136	 | 	Train MAPE Loss     : 3.27070189
Valid MSE Loss     : 0.00033447	 | 	Valid MAPE Loss     : 1.67655790
lr                 : [0.0003]


Epoch : 14
Train MSE Loss     : 1.00758982	 | 	Train MAPE Loss     : 6.38137150
Valid MSE Loss     : 0.05670044	 | 	Valid MAPE Loss     : 26.43156433
lr                 : [0.0003]


Epoch : 15
Train MSE Loss     : 1.07805991	 | 	Train MAPE Loss     : 30.53848648
Valid MSE Loss     : 0.02882064	 | 	Valid MAPE Loss     : 18.81485558
lr                 : [0.0003]


Epoch : 16
Train MSE Loss     : 1.00546134	 | 	Train MAPE Loss     : 6.17449474
Valid MSE Loss     : 0.00012965	 | 	Valid MAPE Loss     : 1.07657874
lr                 : [0.0003]


Epoch : 17
Train MSE Loss     : 1.00191724	 | 	Train MAPE Loss     : 4.04292107
Valid MSE Loss     : 0.00687593	 | 	Valid MAPE Loss     : 9.18590450
lr                 : [0.0003]


Epoch : 18
Train MSE Loss     : 1.00718820	 | 	Train MAPE Loss     : 7.85407639
Valid MSE Loss     : 0.05011441	 | 	Valid MAPE Loss     : 24.80842018
lr                 : [0.0003]


Epoch : 19
Train MSE Loss     : 1.16509509	 | 	Train MAPE Loss     : 44.23897934
Valid MSE Loss     : 0.18115847	 | 	Valid MAPE Loss     : 47.22755814
lr                 : [0.0003]


Epoch : 20
Train MSE Loss     : 1.11269224	 | 	Train MAPE Loss     : 36.09825516
Valid MSE Loss     : 0.02679704	 | 	Valid MAPE Loss     : 18.16455841
lr                 : [0.0003]


Epoch : 21
Train MSE Loss     : 1.00651979	 | 	Train MAPE Loss     : 7.65044689
Valid MSE Loss     : 0.00548505	 | 	Valid MAPE Loss     : 8.16933060
lr                 : [0.0003]


Epoch : 22
Train MSE Loss     : 1.00520563	 | 	Train MAPE Loss     : 6.83533955
Valid MSE Loss     : 0.02066286	 | 	Valid MAPE Loss     : 15.92029572
lr                 : [0.0003]


Epoch : 23
Train MSE Loss     : 1.05370188	 | 	Train MAPE Loss     : 24.88041878
Valid MSE Loss     : 0.02583152	 | 	Valid MAPE Loss     : 17.78418541
lr                 : [0.0003]


Epoch : 24
Train MSE Loss     : 1.02819133	 | 	Train MAPE Loss     : 15.08866596
Valid MSE Loss     : 0.08931974	 | 	Valid MAPE Loss     : 33.16946793
lr                 : [0.0003]


Epoch : 25
Train MSE Loss     : 1.04503226	 | 	Train MAPE Loss     : 21.09840584
Valid MSE Loss     : 0.01256134	 | 	Valid MAPE Loss     : 12.38328171
lr                 : [0.0003]


Epoch : 26
Train MSE Loss     : 1.01651669	 | 	Train MAPE Loss     : 13.31897163
Valid MSE Loss     : 0.02069639	 | 	Valid MAPE Loss     : 15.92159939
lr                 : [0.0003]


Epoch : 27
Train MSE Loss     : 1.00515878	 | 	Train MAPE Loss     : 6.69197702
Valid MSE Loss     : 0.00940449	 | 	Valid MAPE Loss     : 10.71025848
lr                 : [2.9999999999999997e-05]


Epoch : 28
Train MSE Loss     : 1.01557672	 | 	Train MAPE Loss     : 13.69925690
Valid MSE Loss     : 0.01014766	 | 	Valid MAPE Loss     : 11.13233089
lr                 : [2.9999999999999997e-05]


Epoch : 29
Train MSE Loss     : 1.00279355	 | 	Train MAPE Loss     : 4.63898563
Valid MSE Loss     : 0.00006570	 | 	Valid MAPE Loss     : 0.70500159
lr                 : [2.9999999999999997e-05]


Epoch : 30
Train MSE Loss     : 1.00008392	 | 	Train MAPE Loss     : 0.81006461
Valid MSE Loss     : 0.00021518	 | 	Valid MAPE Loss     : 1.52472150
lr                 : [2.9999999999999997e-05]


Epoch : 31
Train MSE Loss     : 1.00009608	 | 	Train MAPE Loss     : 0.88517702
Valid MSE Loss     : 0.00005470	 | 	Valid MAPE Loss     : 0.71139240
lr                 : [2.9999999999999997e-05]


Epoch : 32
Train MSE Loss     : 1.00009978	 | 	Train MAPE Loss     : 0.85941541
Valid MSE Loss     : 0.00002839	 | 	Valid MAPE Loss     : 0.51327252
lr                 : [2.9999999999999997e-05]


Epoch : 33
Train MSE Loss     : 1.00018835	 | 	Train MAPE Loss     : 1.30332696
Valid MSE Loss     : 0.00011595	 | 	Valid MAPE Loss     : 1.09663463
lr                 : [2.9999999999999997e-05]


Epoch : 34
Train MSE Loss     : 1.00013947	 | 	Train MAPE Loss     : 1.10850358
Valid MSE Loss     : 0.00018185	 | 	Valid MAPE Loss     : 1.40015793
lr                 : [2.9999999999999997e-05]


Epoch : 35
Train MSE Loss     : 1.00010991	 | 	Train MAPE Loss     : 1.01644576
Valid MSE Loss     : 0.00004959	 | 	Valid MAPE Loss     : 0.60182470
lr                 : [2.9999999999999997e-05]


Epoch : 36
Train MSE Loss     : 1.00021863	 | 	Train MAPE Loss     : 1.41956806
Valid MSE Loss     : 0.00001740	 | 	Valid MAPE Loss     : 0.32473615
lr                 : [2.9999999999999997e-05]


Epoch : 37
Train MSE Loss     : 1.00070107	 | 	Train MAPE Loss     : 2.48242712
Valid MSE Loss     : 0.00098773	 | 	Valid MAPE Loss     : 3.44379878
lr                 : [2.9999999999999997e-05]


Epoch : 38
Train MSE Loss     : 1.00016379	 | 	Train MAPE Loss     : 1.08937621
Valid MSE Loss     : 0.00001551	 | 	Valid MAPE Loss     : 0.36216879
lr                 : [2.9999999999999997e-05]


Epoch : 39
Train MSE Loss     : 1.00011015	 | 	Train MAPE Loss     : 0.99884862
Valid MSE Loss     : 0.00005455	 | 	Valid MAPE Loss     : 0.69767976
lr                 : [2.9999999999999997e-05]


Epoch : 40
Train MSE Loss     : 1.00006795	 | 	Train MAPE Loss     : 0.75341463
Valid MSE Loss     : 0.00003516	 | 	Valid MAPE Loss     : 0.57214838
lr                 : [2.9999999999999997e-05]


Epoch : 41
Train MSE Loss     : 1.00009573	 | 	Train MAPE Loss     : 0.84218997
Valid MSE Loss     : 0.00023722	 | 	Valid MAPE Loss     : 1.65633488
lr                 : [2.9999999999999997e-05]


Epoch : 42
Train MSE Loss     : 1.00009775	 | 	Train MAPE Loss     : 0.90734625
Valid MSE Loss     : 0.00003419	 | 	Valid MAPE Loss     : 0.56011367
lr                 : [2.9999999999999997e-05]


Epoch : 43
Train MSE Loss     : 1.00003862	 | 	Train MAPE Loss     : 0.55152714
Valid MSE Loss     : 0.00001323	 | 	Valid MAPE Loss     : 0.32196894
lr                 : [2.9999999999999997e-05]


Epoch : 44
Train MSE Loss     : 1.00005364	 | 	Train MAPE Loss     : 0.62035763
Valid MSE Loss     : 0.00002388	 | 	Valid MAPE Loss     : 0.45798859
lr                 : [2.9999999999999997e-05]


Epoch : 45
Train MSE Loss     : 1.00042665	 | 	Train MAPE Loss     : 1.99373782
Valid MSE Loss     : 0.00005425	 | 	Valid MAPE Loss     : 0.69744498
lr                 : [2.9999999999999997e-05]


Epoch : 46
Train MSE Loss     : 1.00022089	 | 	Train MAPE Loss     : 1.45203555
Valid MSE Loss     : 0.00001680	 | 	Valid MAPE Loss     : 0.40636468
lr                 : [2.9999999999999997e-05]


Epoch : 47
Train MSE Loss     : 1.00009084	 | 	Train MAPE Loss     : 0.85662764
Valid MSE Loss     : 0.00014469	 | 	Valid MAPE Loss     : 1.26147854
lr                 : [2.9999999999999997e-05]


Epoch : 48
Train MSE Loss     : 1.00008082	 | 	Train MAPE Loss     : 0.82176685
Valid MSE Loss     : 0.00007832	 | 	Valid MAPE Loss     : 0.91957027
lr                 : [2.9999999999999997e-05]


Epoch : 49
Train MSE Loss     : 1.00003552	 | 	Train MAPE Loss     : 0.50568587
Valid MSE Loss     : 0.00001536	 | 	Valid MAPE Loss     : 0.30619895
lr                 : [2.9999999999999997e-05]


Epoch : 50
Train MSE Loss     : 1.00003934	 | 	Train MAPE Loss     : 0.55422628
Valid MSE Loss     : 0.00002659	 | 	Valid MAPE Loss     : 0.50704771
lr                 : [2.9999999999999997e-05]


Epoch : 51
Train MSE Loss     : 1.00011837	 | 	Train MAPE Loss     : 0.99335194
Valid MSE Loss     : 0.00002177	 | 	Valid MAPE Loss     : 0.38146350
lr                 : [2.9999999999999997e-05]


Epoch : 52
Train MSE Loss     : 1.00004756	 | 	Train MAPE Loss     : 0.61740839
Valid MSE Loss     : 0.00002363	 | 	Valid MAPE Loss     : 0.45514357
lr                 : [2.9999999999999997e-05]


Epoch : 53
Train MSE Loss     : 1.00006545	 | 	Train MAPE Loss     : 0.69648480
Valid MSE Loss     : 0.00001088	 | 	Valid MAPE Loss     : 0.29672679
lr                 : [2.9999999999999997e-05]


Epoch : 54
Train MSE Loss     : 1.00003314	 | 	Train MAPE Loss     : 0.50787574
Valid MSE Loss     : 0.00004915	 | 	Valid MAPE Loss     : 0.70030218
lr                 : [2.9999999999999997e-05]


Epoch : 55
Train MSE Loss     : 1.00005352	 | 	Train MAPE Loss     : 0.62331557
Valid MSE Loss     : 0.00029117	 | 	Valid MAPE Loss     : 1.83939636
lr                 : [2.9999999999999997e-05]


Epoch : 56
Train MSE Loss     : 1.00018287	 | 	Train MAPE Loss     : 1.25363481
Valid MSE Loss     : 0.00009397	 | 	Valid MAPE Loss     : 1.03008354
lr                 : [2.9999999999999997e-05]


Epoch : 57
Train MSE Loss     : 1.00004709	 | 	Train MAPE Loss     : 0.57601100
Valid MSE Loss     : 0.00047362	 | 	Valid MAPE Loss     : 2.38969779
lr                 : [2.9999999999999997e-05]


Epoch : 58
Train MSE Loss     : 1.00012648	 | 	Train MAPE Loss     : 1.07141435
Valid MSE Loss     : 0.00016606	 | 	Valid MAPE Loss     : 1.38327885
lr                 : [2.9999999999999997e-05]


Epoch : 59
Train MSE Loss     : 1.00011468	 | 	Train MAPE Loss     : 0.99581158
Valid MSE Loss     : 0.00005937	 | 	Valid MAPE Loss     : 0.79403478
lr                 : [2.9999999999999997e-05]


Epoch : 60
Train MSE Loss     : 1.00007761	 | 	Train MAPE Loss     : 0.82339466
Valid MSE Loss     : 0.00004926	 | 	Valid MAPE Loss     : 0.70950359
lr                 : [2.9999999999999997e-05]


Epoch : 61
Train MSE Loss     : 1.00005770	 | 	Train MAPE Loss     : 0.70546293
Valid MSE Loss     : 0.00006686	 | 	Valid MAPE Loss     : 0.84537077
lr                 : [2.9999999999999997e-05]


Epoch : 62
Train MSE Loss     : 1.00007451	 | 	Train MAPE Loss     : 0.78700680
Valid MSE Loss     : 0.00000977	 | 	Valid MAPE Loss     : 0.23579051
lr                 : [2.9999999999999997e-05]


Epoch : 63
Train MSE Loss     : 1.00011659	 | 	Train MAPE Loss     : 1.01306665
Valid MSE Loss     : 0.00011033	 | 	Valid MAPE Loss     : 1.12153709
lr                 : [2.9999999999999997e-05]


Epoch : 64
Train MSE Loss     : 1.00003636	 | 	Train MAPE Loss     : 0.54239810
Valid MSE Loss     : 0.00005676	 | 	Valid MAPE Loss     : 0.73889619
lr                 : [2.9999999999999997e-05]


Epoch : 65
Train MSE Loss     : 1.00003040	 | 	Train MAPE Loss     : 0.46558994
Valid MSE Loss     : 0.00008649	 | 	Valid MAPE Loss     : 0.96742553
lr                 : [2.9999999999999997e-05]


Epoch : 66
Train MSE Loss     : 1.00022817	 | 	Train MAPE Loss     : 1.42387700
Valid MSE Loss     : 0.00001378	 | 	Valid MAPE Loss     : 0.35746300
lr                 : [2.9999999999999997e-05]


Epoch : 67
Train MSE Loss     : 1.00002694	 | 	Train MAPE Loss     : 0.44838768
Valid MSE Loss     : 0.00002319	 | 	Valid MAPE Loss     : 0.44215462
lr                 : [2.9999999999999997e-05]


Epoch : 68
Train MSE Loss     : 1.00008166	 | 	Train MAPE Loss     : 0.84299266
Valid MSE Loss     : 0.00013843	 | 	Valid MAPE Loss     : 1.26143730
lr                 : [2.9999999999999997e-05]


Epoch : 69
Train MSE Loss     : 1.00011528	 | 	Train MAPE Loss     : 0.98507100
Valid MSE Loss     : 0.00019146	 | 	Valid MAPE Loss     : 1.50913775
lr                 : [2.9999999999999997e-05]


Epoch : 70
Train MSE Loss     : 1.00006521	 | 	Train MAPE Loss     : 0.72341812
Valid MSE Loss     : 0.00012290	 | 	Valid MAPE Loss     : 1.18967819
lr                 : [2.9999999999999997e-05]


Epoch : 71
Train MSE Loss     : 1.00004637	 | 	Train MAPE Loss     : 0.59779513
Valid MSE Loss     : 0.00001005	 | 	Valid MAPE Loss     : 0.25180289
lr                 : [2.9999999999999997e-05]


Epoch : 72
Train MSE Loss     : 1.00007474	 | 	Train MAPE Loss     : 0.81262195
Valid MSE Loss     : 0.00005496	 | 	Valid MAPE Loss     : 0.77204877
lr                 : [2.9999999999999997e-05]


Epoch : 73
Train MSE Loss     : 1.00034833	 | 	Train MAPE Loss     : 1.81597018
Valid MSE Loss     : 0.00004912	 | 	Valid MAPE Loss     : 0.70201826
lr                 : [3e-06]


Epoch : 74
Train MSE Loss     : 1.00005555	 | 	Train MAPE Loss     : 0.69400209
Valid MSE Loss     : 0.00001683	 | 	Valid MAPE Loss     : 0.35869670
lr                 : [3e-06]


Epoch : 75
Train MSE Loss     : 1.00003648	 | 	Train MAPE Loss     : 0.53015888
Valid MSE Loss     : 0.00003694	 | 	Valid MAPE Loss     : 0.61916059
lr                 : [3e-06]


Epoch : 76
Train MSE Loss     : 1.00002086	 | 	Train MAPE Loss     : 0.38810503
Valid MSE Loss     : 0.00000821	 | 	Valid MAPE Loss     : 0.26209167
lr                 : [3e-06]


Epoch : 77
Train MSE Loss     : 1.00002289	 | 	Train MAPE Loss     : 0.39207184
Valid MSE Loss     : 0.00003196	 | 	Valid MAPE Loss     : 0.57237738
lr                 : [3e-06]


Epoch : 78
Train MSE Loss     : 1.00002074	 | 	Train MAPE Loss     : 0.39023966
Valid MSE Loss     : 0.00001166	 | 	Valid MAPE Loss     : 0.32203135
lr                 : [3e-06]


Epoch : 79
Train MSE Loss     : 1.00003469	 | 	Train MAPE Loss     : 0.54338235
Valid MSE Loss     : 0.00000822	 | 	Valid MAPE Loss     : 0.23372854
lr                 : [3e-06]


Epoch : 80
Train MSE Loss     : 1.00002730	 | 	Train MAPE Loss     : 0.44365421
Valid MSE Loss     : 0.00001752	 | 	Valid MAPE Loss     : 0.40899494
lr                 : [3e-06]


Epoch : 81
Train MSE Loss     : 1.00002563	 | 	Train MAPE Loss     : 0.45111465
Valid MSE Loss     : 0.00001469	 | 	Valid MAPE Loss     : 0.37080181
lr                 : [3e-06]


Epoch : 82
Train MSE Loss     : 1.00002456	 | 	Train MAPE Loss     : 0.42583856
Valid MSE Loss     : 0.00001577	 | 	Valid MAPE Loss     : 0.38650617
lr                 : [3e-06]


Epoch : 83
Train MSE Loss     : 1.00002503	 | 	Train MAPE Loss     : 0.43386644
Valid MSE Loss     : 0.00001238	 | 	Valid MAPE Loss     : 0.33648467
lr                 : [3e-06]


Epoch : 84
Train MSE Loss     : 1.00002825	 | 	Train MAPE Loss     : 0.45919847
Valid MSE Loss     : 0.00001267	 | 	Valid MAPE Loss     : 0.34188518
lr                 : [3e-06]


Epoch : 85
Train MSE Loss     : 1.00003183	 | 	Train MAPE Loss     : 0.45097160
Valid MSE Loss     : 0.00002740	 | 	Valid MAPE Loss     : 0.52293760
lr                 : [3e-06]


Epoch : 86
Train MSE Loss     : 1.00003028	 | 	Train MAPE Loss     : 0.46890125
Valid MSE Loss     : 0.00000806	 | 	Valid MAPE Loss     : 0.25172740
lr                 : [3e-06]


Epoch : 87
Train MSE Loss     : 1.00002623	 | 	Train MAPE Loss     : 0.40834016
Valid MSE Loss     : 0.00000653	 | 	Valid MAPE Loss     : 0.22670583
lr                 : [3e-06]


Epoch : 88
Train MSE Loss     : 1.00002742	 | 	Train MAPE Loss     : 0.44056639
Valid MSE Loss     : 0.00000995	 | 	Valid MAPE Loss     : 0.30088717
lr                 : [3e-06]


Epoch : 89
Train MSE Loss     : 1.00002360	 | 	Train MAPE Loss     : 0.40453655
Valid MSE Loss     : 0.00001014	 | 	Valid MAPE Loss     : 0.30200031
lr                 : [3e-06]


Epoch : 90
Train MSE Loss     : 1.00003421	 | 	Train MAPE Loss     : 0.48934326
Valid MSE Loss     : 0.00001091	 | 	Valid MAPE Loss     : 0.31818131
lr                 : [3e-06]


Epoch : 91
Train MSE Loss     : 1.00003016	 | 	Train MAPE Loss     : 0.48056093
Valid MSE Loss     : 0.00002525	 | 	Valid MAPE Loss     : 0.50066048
lr                 : [3e-06]


Epoch : 92
Train MSE Loss     : 1.00001860	 | 	Train MAPE Loss     : 0.35581326
Valid MSE Loss     : 0.00000888	 | 	Valid MAPE Loss     : 0.27879918
lr                 : [3e-06]


Epoch : 93
Train MSE Loss     : 1.00002670	 | 	Train MAPE Loss     : 0.44705790
Valid MSE Loss     : 0.00001044	 | 	Valid MAPE Loss     : 0.30977839
lr                 : [3e-06]


Epoch : 94
Train MSE Loss     : 1.00002050	 | 	Train MAPE Loss     : 0.38613531
Valid MSE Loss     : 0.00002531	 | 	Valid MAPE Loss     : 0.50284529
lr                 : [3e-06]


Epoch : 95
Train MSE Loss     : 1.00002110	 | 	Train MAPE Loss     : 0.38640931
Valid MSE Loss     : 0.00000857	 | 	Valid MAPE Loss     : 0.27446797
lr                 : [3e-06]


Epoch : 96
Train MSE Loss     : 1.00002265	 | 	Train MAPE Loss     : 0.40614766
Valid MSE Loss     : 0.00000812	 | 	Valid MAPE Loss     : 0.26521674
lr                 : [3e-06]


Epoch : 97
Train MSE Loss     : 1.00002885	 | 	Train MAPE Loss     : 0.46315598
Valid MSE Loss     : 0.00001568	 | 	Valid MAPE Loss     : 0.38495937
lr                 : [3e-06]


Epoch : 98
Train MSE Loss     : 1.00001395	 | 	Train MAPE Loss     : 0.30256000
Valid MSE Loss     : 0.00001153	 | 	Valid MAPE Loss     : 0.32618633
lr                 : [3.0000000000000004e-07]


Epoch : 99
Train MSE Loss     : 1.00003278	 | 	Train MAPE Loss     : 0.47762099
Valid MSE Loss     : 0.00002420	 | 	Valid MAPE Loss     : 0.48932323
lr                 : [3.0000000000000004e-07]


Epoch : 100
Train MSE Loss     : 1.00002921	 | 	Train MAPE Loss     : 0.48560566
Valid MSE Loss     : 0.00000974	 | 	Valid MAPE Loss     : 0.26315659
lr                 : [3.0000000000000004e-07]


Epoch : 101
Train MSE Loss     : 1.00001884	 | 	Train MAPE Loss     : 0.38418663
Valid MSE Loss     : 0.00000926	 | 	Valid MAPE Loss     : 0.28832576
lr                 : [3.0000000000000004e-07]


Epoch : 102
Train MSE Loss     : 1.00003338	 | 	Train MAPE Loss     : 0.50054586
Valid MSE Loss     : 0.00000815	 | 	Valid MAPE Loss     : 0.23811650
lr                 : [3.0000000000000004e-07]


Epoch : 103
Train MSE Loss     : 1.00002980	 | 	Train MAPE Loss     : 0.48040479
Valid MSE Loss     : 0.00001167	 | 	Valid MAPE Loss     : 0.32934287
lr                 : [3.0000000000000004e-07]


Epoch : 104
Train MSE Loss     : 1.00001693	 | 	Train MAPE Loss     : 0.34484002
Valid MSE Loss     : 0.00000831	 | 	Valid MAPE Loss     : 0.26933694
lr                 : [3.0000000000000004e-07]


Epoch : 105
Train MSE Loss     : 1.00001550	 | 	Train MAPE Loss     : 0.32002273
Valid MSE Loss     : 0.00001710	 | 	Valid MAPE Loss     : 0.40240327
lr                 : [3.0000000000000004e-07]


Epoch : 106
Train MSE Loss     : 1.00001991	 | 	Train MAPE Loss     : 0.39124361
Valid MSE Loss     : 0.00000769	 | 	Valid MAPE Loss     : 0.25126114
lr                 : [3.0000000000000004e-07]


Epoch : 107
Train MSE Loss     : 1.00001740	 | 	Train MAPE Loss     : 0.35697508
Valid MSE Loss     : 0.00001093	 | 	Valid MAPE Loss     : 0.31566757
lr                 : [3.0000000000000004e-07]


Epoch : 108
Train MSE Loss     : 1.00002801	 | 	Train MAPE Loss     : 0.42101336
Valid MSE Loss     : 0.00001695	 | 	Valid MAPE Loss     : 0.40253201
lr                 : [3.0000000000000004e-07]


Epoch : 109
Train MSE Loss     : 1.00002325	 | 	Train MAPE Loss     : 0.42400178
Valid MSE Loss     : 0.00001411	 | 	Valid MAPE Loss     : 0.36409950
lr                 : [3.0000000000000004e-08]


Epoch : 110
Train MSE Loss     : 1.00002098	 | 	Train MAPE Loss     : 0.38316420
Valid MSE Loss     : 0.00000783	 | 	Valid MAPE Loss     : 0.26229593
lr                 : [3.0000000000000004e-08]


Epoch : 111
Train MSE Loss     : 1.00001872	 | 	Train MAPE Loss     : 0.36072677
Valid MSE Loss     : 0.00000911	 | 	Valid MAPE Loss     : 0.28491616
lr                 : [3.0000000000000004e-08]


Epoch : 112
Train MSE Loss     : 1.00002742	 | 	Train MAPE Loss     : 0.45767409
Valid MSE Loss     : 0.00001883	 | 	Valid MAPE Loss     : 0.42800477
lr                 : [3.0000000000000004e-08]


Epoch : 113
Train MSE Loss     : 1.00002003	 | 	Train MAPE Loss     : 0.38587424
Valid MSE Loss     : 0.00002022	 | 	Valid MAPE Loss     : 0.44491911
lr                 : [3.0000000000000004e-08]


Epoch : 114
Train MSE Loss     : 1.00003123	 | 	Train MAPE Loss     : 0.50053155
Valid MSE Loss     : 0.00000849	 | 	Valid MAPE Loss     : 0.27363530
lr                 : [3.0000000000000004e-08]


Epoch : 115
Train MSE Loss     : 1.00001645	 | 	Train MAPE Loss     : 0.33312565
Valid MSE Loss     : 0.00000893	 | 	Valid MAPE Loss     : 0.28633362
lr                 : [3.0000000000000004e-08]


Epoch : 116
Train MSE Loss     : 1.00002694	 | 	Train MAPE Loss     : 0.43432862
Valid MSE Loss     : 0.00000916	 | 	Valid MAPE Loss     : 0.28782022
lr                 : [3.0000000000000004e-08]


Epoch : 117
Train MSE Loss     : 1.00002038	 | 	Train MAPE Loss     : 0.35958576
Valid MSE Loss     : 0.00002038	 | 	Valid MAPE Loss     : 0.44732979
lr                 : [3.0000000000000004e-08]


Epoch : 118
Train MSE Loss     : 1.00002313	 | 	Train MAPE Loss     : 0.39799714
Valid MSE Loss     : 0.00001016	 | 	Valid MAPE Loss     : 0.30739594
lr                 : [3.0000000000000004e-08]


Epoch : 119
Train MSE Loss     : 1.00002348	 | 	Train MAPE Loss     : 0.40987763
Valid MSE Loss     : 0.00000861	 | 	Valid MAPE Loss     : 0.28042826
lr                 : [3.0000000000000004e-08]


Epoch : 120
Train MSE Loss     : 1.00002289	 | 	Train MAPE Loss     : 0.41980296
Valid MSE Loss     : 0.00002537	 | 	Valid MAPE Loss     : 0.50623488
lr                 : [3.0000000000000004e-09]


Epoch : 121
Train MSE Loss     : 1.00003016	 | 	Train MAPE Loss     : 0.46438771
Valid MSE Loss     : 0.00000739	 | 	Valid MAPE Loss     : 0.24212080
lr                 : [3.0000000000000004e-09]


Epoch : 122
Train MSE Loss     : 1.00002444	 | 	Train MAPE Loss     : 0.42679960
Valid MSE Loss     : 0.00001518	 | 	Valid MAPE Loss     : 0.38115916
lr                 : [3.0000000000000004e-09]


Epoch : 123
Train MSE Loss     : 1.00002158	 | 	Train MAPE Loss     : 0.39164150
Valid MSE Loss     : 0.00000745	 | 	Valid MAPE Loss     : 0.24789815
lr                 : [3.0000000000000004e-09]


Epoch : 124
Train MSE Loss     : 1.00001788	 | 	Train MAPE Loss     : 0.35705912
Valid MSE Loss     : 0.00001439	 | 	Valid MAPE Loss     : 0.36863291
lr                 : [3.0000000000000004e-09]


Epoch : 125
Train MSE Loss     : 1.00002217	 | 	Train MAPE Loss     : 0.40155029
Valid MSE Loss     : 0.00000711	 | 	Valid MAPE Loss     : 0.22997500
lr                 : [3.0000000000000004e-09]


Epoch : 126
Train MSE Loss     : 1.00002182	 | 	Train MAPE Loss     : 0.39436993
Valid MSE Loss     : 0.00000854	 | 	Valid MAPE Loss     : 0.27730492
lr                 : [3.0000000000000004e-09]


Epoch : 127
Train MSE Loss     : 1.00002551	 | 	Train MAPE Loss     : 0.42645282
Valid MSE Loss     : 0.00000709	 | 	Valid MAPE Loss     : 0.24160574
lr                 : [3.0000000000000004e-09]


Epoch : 128
Train MSE Loss     : 1.00003135	 | 	Train MAPE Loss     : 0.48251876
Valid MSE Loss     : 0.00001158	 | 	Valid MAPE Loss     : 0.32652971
lr                 : [3.0000000000000004e-09]


Epoch : 129
Train MSE Loss     : 1.00002706	 | 	Train MAPE Loss     : 0.45258480
Valid MSE Loss     : 0.00002265	 | 	Valid MAPE Loss     : 0.47281399
lr                 : [3.0000000000000004e-09]


Epoch : 130
Train MSE Loss     : 1.00002849	 | 	Train MAPE Loss     : 0.47526091
Valid MSE Loss     : 0.00000978	 | 	Valid MAPE Loss     : 0.26789480
lr                 : [3.0000000000000004e-09]


Epoch : 131
Train MSE Loss     : 1.00002730	 | 	Train MAPE Loss     : 0.41523638
Valid MSE Loss     : 0.00001070	 | 	Valid MAPE Loss     : 0.31550670
lr                 : [3.0000000000000004e-09]


Epoch : 132
Train MSE Loss     : 1.00002289	 | 	Train MAPE Loss     : 0.41645256
Valid MSE Loss     : 0.00000762	 | 	Valid MAPE Loss     : 0.25309145
lr                 : [3.0000000000000004e-09]


Epoch : 133
Train MSE Loss     : 1.00001860	 | 	Train MAPE Loss     : 0.35589820
Valid MSE Loss     : 0.00000843	 | 	Valid MAPE Loss     : 0.27426162
lr                 : [3.0000000000000004e-09]


Epoch : 134
Train MSE Loss     : 1.00001764	 | 	Train MAPE Loss     : 0.35240695
Valid MSE Loss     : 0.00000896	 | 	Valid MAPE Loss     : 0.28373188
lr                 : [3.0000000000000004e-09]


Epoch : 135
Train MSE Loss     : 1.00001740	 | 	Train MAPE Loss     : 0.35024995
Valid MSE Loss     : 0.00000754	 | 	Valid MAPE Loss     : 0.25053957
lr                 : [3.0000000000000004e-09]


Epoch : 136
Train MSE Loss     : 1.00002718	 | 	Train MAPE Loss     : 0.43127900
Valid MSE Loss     : 0.00001040	 | 	Valid MAPE Loss     : 0.30734715
lr                 : [3.0000000000000004e-09]


Epoch : 137
Train MSE Loss     : 1.00001800	 | 	Train MAPE Loss     : 0.34939259
Valid MSE Loss     : 0.00001083	 | 	Valid MAPE Loss     : 0.31599995
lr                 : [3.0000000000000004e-09]


Epoch : 138
Train MSE Loss     : 1.00002325	 | 	Train MAPE Loss     : 0.40889722
Valid MSE Loss     : 0.00000748	 | 	Valid MAPE Loss     : 0.24090584
lr                 : [3.0000000000000004e-09]


Epoch : 139
Train MSE Loss     : 1.00001454	 | 	Train MAPE Loss     : 0.30944866
Valid MSE Loss     : 0.00001141	 | 	Valid MAPE Loss     : 0.32523763
lr                 : [3.0000000000000004e-09]


Epoch : 140
Train MSE Loss     : 1.00001574	 | 	Train MAPE Loss     : 0.33956224
Valid MSE Loss     : 0.00001273	 | 	Valid MAPE Loss     : 0.34408095
lr                 : [3.0000000000000004e-09]


Epoch : 141
Train MSE Loss     : 1.00002265	 | 	Train MAPE Loss     : 0.40918508
Valid MSE Loss     : 0.00000633	 | 	Valid MAPE Loss     : 0.21247089
lr                 : [3.0000000000000004e-09]


Epoch : 142
Train MSE Loss     : 1.00002360	 | 	Train MAPE Loss     : 0.41264075
Valid MSE Loss     : 0.00000911	 | 	Valid MAPE Loss     : 0.28839672
lr                 : [3.0000000000000004e-09]


Epoch : 143
Train MSE Loss     : 1.00002360	 | 	Train MAPE Loss     : 0.39800966
Valid MSE Loss     : 0.00000729	 | 	Valid MAPE Loss     : 0.24350218
lr                 : [3.0000000000000004e-09]


Epoch : 144
Train MSE Loss     : 1.00002122	 | 	Train MAPE Loss     : 0.39846677
Valid MSE Loss     : 0.00001482	 | 	Valid MAPE Loss     : 0.37656602
lr                 : [3.0000000000000004e-09]


Epoch : 145
Train MSE Loss     : 1.00001919	 | 	Train MAPE Loss     : 0.36962372
Valid MSE Loss     : 0.00001074	 | 	Valid MAPE Loss     : 0.31191224
lr                 : [3.0000000000000004e-09]


Epoch : 146
Train MSE Loss     : 1.00001788	 | 	Train MAPE Loss     : 0.34871256
Valid MSE Loss     : 0.00000882	 | 	Valid MAPE Loss     : 0.28180376
lr                 : [3.0000000000000004e-09]


Epoch : 147
Train MSE Loss     : 1.00002193	 | 	Train MAPE Loss     : 0.38906673
Valid MSE Loss     : 0.00000744	 | 	Valid MAPE Loss     : 0.24400781
lr                 : [3.0000000000000004e-09]


Epoch : 148
Train MSE Loss     : 1.00002229	 | 	Train MAPE Loss     : 0.39671668
Valid MSE Loss     : 0.00001588	 | 	Valid MAPE Loss     : 0.38944077
lr                 : [3.0000000000000004e-09]


Epoch : 149
Train MSE Loss     : 1.00001967	 | 	Train MAPE Loss     : 0.37588304
Valid MSE Loss     : 0.00001714	 | 	Valid MAPE Loss     : 0.40449119
lr                 : [3.0000000000000004e-09]


Epoch : 150
Train MSE Loss     : 1.00001884	 | 	Train MAPE Loss     : 0.36694151
Valid MSE Loss     : 0.00001376	 | 	Valid MAPE Loss     : 0.35904443
lr                 : [3.0000000000000004e-09]


Evaluate on the Test set:
Test MAPE loss      :0.18021627	 | Test MSE loss      : 0.00000503

################## Training is Done! #########################
Training time is : 0:49:41.697551
