=============================================
Dataset: cell_Tongji_NCA_data
Mode:    fine_tuned
=============================================
Fine tuning started ....

Epoch : 1
Train MSE Loss     : 1.01568413	 | 	Train MAPE Loss     : 10.35365582
Valid MSE Loss     : 0.00045476	 | 	Valid MAPE Loss     : 1.53043890
lr                 : [3e-06]


Epoch : 2
Train MSE Loss     : 1.00117815	 | 	Train MAPE Loss     : 2.37970304
Valid MSE Loss     : 0.00009349	 | 	Valid MAPE Loss     : 0.77151036
lr                 : [3e-06]


Epoch : 3
Train MSE Loss     : 1.00089681	 | 	Train MAPE Loss     : 1.98051000
Valid MSE Loss     : 0.00083224	 | 	Valid MAPE Loss     : 1.79918468
lr                 : [3e-06]


Epoch : 4
Train MSE Loss     : 1.00029433	 | 	Train MAPE Loss     : 1.29530728
Valid MSE Loss     : 0.00049457	 | 	Valid MAPE Loss     : 0.82597762
lr                 : [3e-06]


Epoch : 5
Train MSE Loss     : 1.00021255	 | 	Train MAPE Loss     : 0.94519478
Valid MSE Loss     : 0.00226852	 | 	Valid MAPE Loss     : 2.54414916
lr                 : [3e-06]


Epoch : 6
Train MSE Loss     : 1.00013137	 | 	Train MAPE Loss     : 0.82155269
Valid MSE Loss     : 0.00002841	 | 	Valid MAPE Loss     : 0.35289881
lr                 : [3e-06]


Epoch : 7
Train MSE Loss     : 1.00009179	 | 	Train MAPE Loss     : 0.74633068
Valid MSE Loss     : 0.00011068	 | 	Valid MAPE Loss     : 0.40801254
lr                 : [3e-06]


Epoch : 8
Train MSE Loss     : 1.00012803	 | 	Train MAPE Loss     : 0.71243566
Valid MSE Loss     : 0.00002772	 | 	Valid MAPE Loss     : 0.39959282
lr                 : [3e-06]


Epoch : 9
Train MSE Loss     : 1.00008667	 | 	Train MAPE Loss     : 0.67368317
Valid MSE Loss     : 0.00003652	 | 	Valid MAPE Loss     : 0.40327159
lr                 : [3e-06]


Epoch : 10
Train MSE Loss     : 1.00006711	 | 	Train MAPE Loss     : 0.63970679
Valid MSE Loss     : 0.00030886	 | 	Valid MAPE Loss     : 0.95454115
lr                 : [3e-06]


Epoch : 11
Train MSE Loss     : 1.00010931	 | 	Train MAPE Loss     : 0.66252029
Valid MSE Loss     : 0.00022072	 | 	Valid MAPE Loss     : 0.71798968
lr                 : [3e-06]


Epoch : 12
Train MSE Loss     : 1.00006306	 | 	Train MAPE Loss     : 0.60212451
Valid MSE Loss     : 0.00002587	 | 	Valid MAPE Loss     : 0.48875001
lr                 : [3e-06]


Epoch : 13
Train MSE Loss     : 1.00007021	 | 	Train MAPE Loss     : 0.60445976
Valid MSE Loss     : 0.00008702	 | 	Valid MAPE Loss     : 0.82152921
lr                 : [3e-06]


Epoch : 14
Train MSE Loss     : 1.00006127	 | 	Train MAPE Loss     : 0.57424748
Valid MSE Loss     : 0.00023813	 | 	Valid MAPE Loss     : 0.54649466
lr                 : [3e-06]


Epoch : 15
Train MSE Loss     : 1.00005937	 | 	Train MAPE Loss     : 0.56546372
Valid MSE Loss     : 0.00018467	 | 	Valid MAPE Loss     : 0.56360930
lr                 : [3e-06]


Epoch : 16
Train MSE Loss     : 1.00004911	 | 	Train MAPE Loss     : 0.52543396
Valid MSE Loss     : 0.00002250	 | 	Valid MAPE Loss     : 0.36825064
lr                 : [3e-06]


Epoch : 17
Train MSE Loss     : 1.00007379	 | 	Train MAPE Loss     : 0.55310631
Valid MSE Loss     : 0.00040029	 | 	Valid MAPE Loss     : 0.98260200
lr                 : [3.0000000000000004e-07]


Epoch : 18
Train MSE Loss     : 1.00004554	 | 	Train MAPE Loss     : 0.47921613
Valid MSE Loss     : 0.00002861	 | 	Valid MAPE Loss     : 0.46259430
lr                 : [3.0000000000000004e-07]


Epoch : 19
Train MSE Loss     : 1.00004303	 | 	Train MAPE Loss     : 0.46474212
Valid MSE Loss     : 0.00001803	 | 	Valid MAPE Loss     : 0.33227649
lr                 : [3.0000000000000004e-07]


Epoch : 20
Train MSE Loss     : 1.00005925	 | 	Train MAPE Loss     : 0.45186442
Valid MSE Loss     : 0.00022244	 | 	Valid MAPE Loss     : 0.52667862
lr                 : [3.0000000000000004e-07]


Epoch : 21
Train MSE Loss     : 1.00004184	 | 	Train MAPE Loss     : 0.46133998
Valid MSE Loss     : 0.00002816	 | 	Valid MAPE Loss     : 0.37865171
lr                 : [3.0000000000000004e-07]


Epoch : 22
Train MSE Loss     : 1.00004542	 | 	Train MAPE Loss     : 0.47854981
Valid MSE Loss     : 0.00013193	 | 	Valid MAPE Loss     : 0.46020371
lr                 : [3.0000000000000004e-07]


Epoch : 23
Train MSE Loss     : 1.00006080	 | 	Train MAPE Loss     : 0.48286822
Valid MSE Loss     : 0.00018485	 | 	Valid MAPE Loss     : 0.48862535
lr                 : [3.0000000000000004e-07]


Epoch : 24
Train MSE Loss     : 1.00004303	 | 	Train MAPE Loss     : 0.45288804
Valid MSE Loss     : 0.00002436	 | 	Valid MAPE Loss     : 0.45884615
lr                 : [3.0000000000000004e-07]


Epoch : 25
Train MSE Loss     : 1.00004184	 | 	Train MAPE Loss     : 0.46884000
Valid MSE Loss     : 0.00003385	 | 	Valid MAPE Loss     : 0.38085395
lr                 : [3.0000000000000004e-07]


Epoch : 26
Train MSE Loss     : 1.00004411	 | 	Train MAPE Loss     : 0.47925231
Valid MSE Loss     : 0.00030474	 | 	Valid MAPE Loss     : 0.49999326
lr                 : [3.0000000000000004e-07]


Epoch : 27
Train MSE Loss     : 1.00004172	 | 	Train MAPE Loss     : 0.47190902
Valid MSE Loss     : 0.00006099	 | 	Valid MAPE Loss     : 0.35527533
lr                 : [3.0000000000000004e-07]


Epoch : 28
Train MSE Loss     : 1.00004303	 | 	Train MAPE Loss     : 0.46242356
Valid MSE Loss     : 0.00001617	 | 	Valid MAPE Loss     : 0.28585133
lr                 : [3.0000000000000004e-07]


Epoch : 29
Train MSE Loss     : 1.00003886	 | 	Train MAPE Loss     : 0.45086619
Valid MSE Loss     : 0.00009961	 | 	Valid MAPE Loss     : 0.59683216
lr                 : [3.0000000000000004e-07]


Epoch : 30
Train MSE Loss     : 1.00006163	 | 	Train MAPE Loss     : 0.46399376
Valid MSE Loss     : 0.00015133	 | 	Valid MAPE Loss     : 0.51759100
lr                 : [3.0000000000000004e-07]


Epoch : 31
Train MSE Loss     : 1.00004089	 | 	Train MAPE Loss     : 0.45764527
Valid MSE Loss     : 0.00010651	 | 	Valid MAPE Loss     : 0.51189405
lr                 : [3.0000000000000004e-07]


Epoch : 32
Train MSE Loss     : 1.00003886	 | 	Train MAPE Loss     : 0.44668326
Valid MSE Loss     : 0.00002549	 | 	Valid MAPE Loss     : 0.38042906
lr                 : [3.0000000000000004e-07]


Epoch : 33
Train MSE Loss     : 1.00006318	 | 	Train MAPE Loss     : 0.47560692
Valid MSE Loss     : 0.00049657	 | 	Valid MAPE Loss     : 0.67307174
lr                 : [3.0000000000000004e-07]


Epoch : 34
Train MSE Loss     : 1.00006437	 | 	Train MAPE Loss     : 0.45612025
Valid MSE Loss     : 0.00001450	 | 	Valid MAPE Loss     : 0.31286758
lr                 : [3.0000000000000004e-07]


Epoch : 35
Train MSE Loss     : 1.00006187	 | 	Train MAPE Loss     : 0.48338255
Valid MSE Loss     : 0.00013585	 | 	Valid MAPE Loss     : 0.49997070
lr                 : [3.0000000000000004e-07]


Epoch : 36
Train MSE Loss     : 1.00003898	 | 	Train MAPE Loss     : 0.47676855
Valid MSE Loss     : 0.00014634	 | 	Valid MAPE Loss     : 0.44775417
lr                 : [3.0000000000000004e-07]


Epoch : 37
Train MSE Loss     : 1.00008702	 | 	Train MAPE Loss     : 0.48395488
Valid MSE Loss     : 0.00003744	 | 	Valid MAPE Loss     : 0.38564265
lr                 : [3.0000000000000004e-07]


Epoch : 38
Train MSE Loss     : 1.00004089	 | 	Train MAPE Loss     : 0.46114257
Valid MSE Loss     : 0.00021599	 | 	Valid MAPE Loss     : 0.49566817
lr                 : [3.0000000000000004e-07]


Epoch : 39
Train MSE Loss     : 1.00005889	 | 	Train MAPE Loss     : 0.44979915
Valid MSE Loss     : 0.00003170	 | 	Valid MAPE Loss     : 0.50241196
lr                 : [3.0000000000000004e-08]


Epoch : 40
Train MSE Loss     : 1.00003803	 | 	Train MAPE Loss     : 0.43073717
Valid MSE Loss     : 0.00001812	 | 	Valid MAPE Loss     : 0.33488584
lr                 : [3.0000000000000004e-08]


Epoch : 41
Train MSE Loss     : 1.00003827	 | 	Train MAPE Loss     : 0.44226480
Valid MSE Loss     : 0.00001313	 | 	Valid MAPE Loss     : 0.28951061
lr                 : [3.0000000000000004e-08]


Epoch : 42
Train MSE Loss     : 1.00004303	 | 	Train MAPE Loss     : 0.46192262
Valid MSE Loss     : 0.00001817	 | 	Valid MAPE Loss     : 0.33364221
lr                 : [3.0000000000000004e-08]


Epoch : 43
Train MSE Loss     : 1.00004125	 | 	Train MAPE Loss     : 0.44538960
Valid MSE Loss     : 0.00003157	 | 	Valid MAPE Loss     : 0.53979313
lr                 : [3.0000000000000004e-08]


Epoch : 44
Train MSE Loss     : 1.00003660	 | 	Train MAPE Loss     : 0.41231251
Valid MSE Loss     : 0.00003558	 | 	Valid MAPE Loss     : 0.32063824
lr                 : [3.0000000000000004e-08]


Epoch : 45
Train MSE Loss     : 1.00006163	 | 	Train MAPE Loss     : 0.48787045
Valid MSE Loss     : 0.00002586	 | 	Valid MAPE Loss     : 0.41101909
lr                 : [3.0000000000000004e-08]


Epoch : 46
Train MSE Loss     : 1.00005305	 | 	Train MAPE Loss     : 0.44051597
Valid MSE Loss     : 0.00001473	 | 	Valid MAPE Loss     : 0.30009836
lr                 : [3.0000000000000004e-08]


Epoch : 47
Train MSE Loss     : 1.00006413	 | 	Train MAPE Loss     : 0.47223219
Valid MSE Loss     : 0.00001871	 | 	Valid MAPE Loss     : 0.36063537
lr                 : [3.0000000000000004e-08]


Epoch : 48
Train MSE Loss     : 1.00005710	 | 	Train MAPE Loss     : 0.46639493
Valid MSE Loss     : 0.00001452	 | 	Valid MAPE Loss     : 0.30333802
lr                 : [3.0000000000000004e-08]


Epoch : 49
Train MSE Loss     : 1.00005889	 | 	Train MAPE Loss     : 0.45079637
Valid MSE Loss     : 0.00003565	 | 	Valid MAPE Loss     : 0.41417289
lr                 : [3.0000000000000004e-08]


Epoch : 50
Train MSE Loss     : 1.00005782	 | 	Train MAPE Loss     : 0.43742573
Valid MSE Loss     : 0.00002456	 | 	Valid MAPE Loss     : 0.43801498
lr                 : [3.0000000000000004e-09]


Epoch : 51
Train MSE Loss     : 1.00003505	 | 	Train MAPE Loss     : 0.41989404
Valid MSE Loss     : 0.00011170	 | 	Valid MAPE Loss     : 0.43341714
lr                 : [3.0000000000000004e-09]


Epoch : 52
Train MSE Loss     : 1.00003767	 | 	Train MAPE Loss     : 0.43824270
Valid MSE Loss     : 0.00051376	 | 	Valid MAPE Loss     : 0.59584028
lr                 : [3.0000000000000004e-09]


Epoch : 53
Train MSE Loss     : 1.00006092	 | 	Train MAPE Loss     : 0.48264998
Valid MSE Loss     : 0.00005892	 | 	Valid MAPE Loss     : 0.49263245
lr                 : [3.0000000000000004e-09]


Epoch : 54
Train MSE Loss     : 1.00006092	 | 	Train MAPE Loss     : 0.46352804
Valid MSE Loss     : 0.00001870	 | 	Valid MAPE Loss     : 0.36077029
lr                 : [3.0000000000000004e-09]


Epoch : 55
Train MSE Loss     : 1.00004113	 | 	Train MAPE Loss     : 0.45786959
Valid MSE Loss     : 0.00002216	 | 	Valid MAPE Loss     : 0.33624879
lr                 : [3.0000000000000004e-09]


Epoch : 56
Train MSE Loss     : 1.00005448	 | 	Train MAPE Loss     : 0.44803402
Valid MSE Loss     : 0.00047026	 | 	Valid MAPE Loss     : 0.79470134
lr                 : [3.0000000000000004e-09]


Epoch : 57
Train MSE Loss     : 1.00005615	 | 	Train MAPE Loss     : 0.45822051
Valid MSE Loss     : 0.00017027	 | 	Valid MAPE Loss     : 0.40290847
lr                 : [3.0000000000000004e-09]


Epoch : 58
Train MSE Loss     : 1.00007808	 | 	Train MAPE Loss     : 0.45102781
Valid MSE Loss     : 0.00004388	 | 	Valid MAPE Loss     : 0.36681932
lr                 : [3.0000000000000004e-09]


Epoch : 59
Train MSE Loss     : 1.00003493	 | 	Train MAPE Loss     : 0.44090706
Valid MSE Loss     : 0.00003751	 | 	Valid MAPE Loss     : 0.35292783
lr                 : [3.0000000000000004e-09]


Epoch : 60
Train MSE Loss     : 1.00003886	 | 	Train MAPE Loss     : 0.44121698
Valid MSE Loss     : 0.00004613	 | 	Valid MAPE Loss     : 0.32141984
lr                 : [3.0000000000000004e-09]


Epoch : 61
Train MSE Loss     : 1.00003636	 | 	Train MAPE Loss     : 0.43880799
Valid MSE Loss     : 0.00005450	 | 	Valid MAPE Loss     : 0.37728879
lr                 : [3.0000000000000004e-09]


Epoch : 62
Train MSE Loss     : 1.00003886	 | 	Train MAPE Loss     : 0.45799053
Valid MSE Loss     : 0.00002835	 | 	Valid MAPE Loss     : 0.35609600
lr                 : [3.0000000000000004e-09]


Epoch : 63
Train MSE Loss     : 1.00003731	 | 	Train MAPE Loss     : 0.44265765
Valid MSE Loss     : 0.00002994	 | 	Valid MAPE Loss     : 0.38171944
lr                 : [3.0000000000000004e-09]


Epoch : 64
Train MSE Loss     : 1.00006151	 | 	Train MAPE Loss     : 0.46465760
Valid MSE Loss     : 0.00002098	 | 	Valid MAPE Loss     : 0.42861238
lr                 : [3.0000000000000004e-09]


Epoch : 65
Train MSE Loss     : 1.00003684	 | 	Train MAPE Loss     : 0.43275076
Valid MSE Loss     : 0.00106707	 | 	Valid MAPE Loss     : 0.82147247
lr                 : [3.0000000000000004e-09]


Epoch : 66
Train MSE Loss     : 1.00003576	 | 	Train MAPE Loss     : 0.42845827
Valid MSE Loss     : 0.00001922	 | 	Valid MAPE Loss     : 0.37232259
lr                 : [3.0000000000000004e-09]


Epoch : 67
Train MSE Loss     : 1.00005770	 | 	Train MAPE Loss     : 0.45506689
Valid MSE Loss     : 0.00001659	 | 	Valid MAPE Loss     : 0.31700996
lr                 : [3.0000000000000004e-09]


Epoch : 68
Train MSE Loss     : 1.00003707	 | 	Train MAPE Loss     : 0.42711627
Valid MSE Loss     : 0.00001518	 | 	Valid MAPE Loss     : 0.32425112
lr                 : [3.0000000000000004e-09]


Epoch : 69
Train MSE Loss     : 1.00005496	 | 	Train MAPE Loss     : 0.43272400
Valid MSE Loss     : 0.00002875	 | 	Valid MAPE Loss     : 0.50992203
lr                 : [3.0000000000000004e-09]


Epoch : 70
Train MSE Loss     : 1.00003946	 | 	Train MAPE Loss     : 0.45121169
Valid MSE Loss     : 0.00047120	 | 	Valid MAPE Loss     : 0.50876039
lr                 : [3.0000000000000004e-09]


Epoch : 71
Train MSE Loss     : 1.00003219	 | 	Train MAPE Loss     : 0.41183877
Valid MSE Loss     : 0.00002754	 | 	Valid MAPE Loss     : 0.44409829
lr                 : [3.0000000000000004e-09]


Epoch : 72
Train MSE Loss     : 1.00003791	 | 	Train MAPE Loss     : 0.45377472
Valid MSE Loss     : 0.00003756	 | 	Valid MAPE Loss     : 0.35374856
lr                 : [3.0000000000000004e-09]


Epoch : 73
Train MSE Loss     : 1.00003421	 | 	Train MAPE Loss     : 0.42638868
Valid MSE Loss     : 0.00001812	 | 	Valid MAPE Loss     : 0.30469730
lr                 : [3.0000000000000004e-09]


Epoch : 74
Train MSE Loss     : 1.00003493	 | 	Train MAPE Loss     : 0.41944802
Valid MSE Loss     : 0.00001330	 | 	Valid MAPE Loss     : 0.30151755
lr                 : [3.0000000000000004e-09]


Epoch : 75
Train MSE Loss     : 1.00006354	 | 	Train MAPE Loss     : 0.46028188
Valid MSE Loss     : 0.00003215	 | 	Valid MAPE Loss     : 0.38682047
lr                 : [3.0000000000000004e-09]


Epoch : 76
Train MSE Loss     : 1.00003827	 | 	Train MAPE Loss     : 0.43868968
Valid MSE Loss     : 0.00002081	 | 	Valid MAPE Loss     : 0.36254036
lr                 : [3.0000000000000004e-09]


Epoch : 77
Train MSE Loss     : 1.00006461	 | 	Train MAPE Loss     : 0.48769167
Valid MSE Loss     : 0.00003321	 | 	Valid MAPE Loss     : 0.39427212
lr                 : [3.0000000000000004e-09]


Epoch : 78
Train MSE Loss     : 1.00006127	 | 	Train MAPE Loss     : 0.46781632
Valid MSE Loss     : 0.00005582	 | 	Valid MAPE Loss     : 0.41670185
lr                 : [3.0000000000000004e-09]


Epoch : 79
Train MSE Loss     : 1.00004327	 | 	Train MAPE Loss     : 0.47096252
Valid MSE Loss     : 0.00002082	 | 	Valid MAPE Loss     : 0.40043658
lr                 : [3.0000000000000004e-09]


Epoch : 80
Train MSE Loss     : 1.00003707	 | 	Train MAPE Loss     : 0.42609802
Valid MSE Loss     : 0.00002261	 | 	Valid MAPE Loss     : 0.43862253
lr                 : [3.0000000000000004e-09]


Epoch : 81
Train MSE Loss     : 1.00006390	 | 	Train MAPE Loss     : 0.45973149
Valid MSE Loss     : 0.00001776	 | 	Valid MAPE Loss     : 0.36567521
lr                 : [3.0000000000000004e-09]


Epoch : 82
Train MSE Loss     : 1.00005996	 | 	Train MAPE Loss     : 0.45729733
Valid MSE Loss     : 0.00003904	 | 	Valid MAPE Loss     : 0.41314280
lr                 : [3.0000000000000004e-09]


Epoch : 83
Train MSE Loss     : 1.00003898	 | 	Train MAPE Loss     : 0.43786022
Valid MSE Loss     : 0.00011688	 | 	Valid MAPE Loss     : 0.40540272
lr                 : [3.0000000000000004e-09]


Epoch : 84
Train MSE Loss     : 1.00003922	 | 	Train MAPE Loss     : 0.44146308
Valid MSE Loss     : 0.00003511	 | 	Valid MAPE Loss     : 0.39426541
lr                 : [3.0000000000000004e-09]


Epoch : 85
Train MSE Loss     : 1.00007939	 | 	Train MAPE Loss     : 0.48968834
Valid MSE Loss     : 0.00001881	 | 	Valid MAPE Loss     : 0.37759691
lr                 : [3.0000000000000004e-09]


Epoch : 86
Train MSE Loss     : 1.00003803	 | 	Train MAPE Loss     : 0.44528446
Valid MSE Loss     : 0.00002578	 | 	Valid MAPE Loss     : 0.47213945
lr                 : [3.0000000000000004e-09]


Epoch : 87
Train MSE Loss     : 1.00005472	 | 	Train MAPE Loss     : 0.47443199
Valid MSE Loss     : 0.00001698	 | 	Valid MAPE Loss     : 0.33105215
lr                 : [3.0000000000000004e-09]


Epoch : 88
Train MSE Loss     : 1.00004137	 | 	Train MAPE Loss     : 0.44539645
Valid MSE Loss     : 0.00009549	 | 	Valid MAPE Loss     : 0.54237300
lr                 : [3.0000000000000004e-09]


Epoch : 89
Train MSE Loss     : 1.00003755	 | 	Train MAPE Loss     : 0.43561789
Valid MSE Loss     : 0.00004939	 | 	Valid MAPE Loss     : 0.48006657
lr                 : [3.0000000000000004e-09]


Epoch : 90
Train MSE Loss     : 1.00003922	 | 	Train MAPE Loss     : 0.43374619
Valid MSE Loss     : 0.00001824	 | 	Valid MAPE Loss     : 0.33256775
lr                 : [3.0000000000000004e-09]


Epoch : 91
Train MSE Loss     : 1.00004125	 | 	Train MAPE Loss     : 0.46351904
Valid MSE Loss     : 0.00051139	 | 	Valid MAPE Loss     : 0.74008483
lr                 : [3.0000000000000004e-09]


Epoch : 92
Train MSE Loss     : 1.00005186	 | 	Train MAPE Loss     : 0.43199468
Valid MSE Loss     : 0.00002076	 | 	Valid MAPE Loss     : 0.39452603
lr                 : [3.0000000000000004e-09]


Epoch : 93
Train MSE Loss     : 1.00005400	 | 	Train MAPE Loss     : 0.42579100
Valid MSE Loss     : 0.00001490	 | 	Valid MAPE Loss     : 0.30062214
lr                 : [3.0000000000000004e-09]


Epoch : 94
Train MSE Loss     : 1.00003827	 | 	Train MAPE Loss     : 0.43431142
Valid MSE Loss     : 0.00001616	 | 	Valid MAPE Loss     : 0.33148798
lr                 : [3.0000000000000004e-09]


Epoch : 95
Train MSE Loss     : 1.00003433	 | 	Train MAPE Loss     : 0.41511667
Valid MSE Loss     : 0.00005674	 | 	Valid MAPE Loss     : 0.38044894
lr                 : [3.0000000000000004e-09]


Epoch : 96
Train MSE Loss     : 1.00006235	 | 	Train MAPE Loss     : 0.44984901
Valid MSE Loss     : 0.00003537	 | 	Valid MAPE Loss     : 0.35252032
lr                 : [3.0000000000000004e-09]


Epoch : 97
Train MSE Loss     : 1.00006199	 | 	Train MAPE Loss     : 0.45678896
Valid MSE Loss     : 0.00001740	 | 	Valid MAPE Loss     : 0.35797554
lr                 : [3.0000000000000004e-09]


Epoch : 98
Train MSE Loss     : 1.00003827	 | 	Train MAPE Loss     : 0.44773898
Valid MSE Loss     : 0.00005589	 | 	Valid MAPE Loss     : 0.35130960
lr                 : [3.0000000000000004e-09]


Epoch : 99
Train MSE Loss     : 1.00005329	 | 	Train MAPE Loss     : 0.43056461
Valid MSE Loss     : 0.00080312	 | 	Valid MAPE Loss     : 0.81217521
lr                 : [3.0000000000000004e-09]


Epoch : 100
Train MSE Loss     : 1.00008130	 | 	Train MAPE Loss     : 0.46111375
Valid MSE Loss     : 0.00002459	 | 	Valid MAPE Loss     : 0.30856177
lr                 : [3.0000000000000004e-09]


Epoch : 101
Train MSE Loss     : 1.00004244	 | 	Train MAPE Loss     : 0.44136795
Valid MSE Loss     : 0.00001485	 | 	Valid MAPE Loss     : 0.31063345
lr                 : [3.0000000000000004e-09]


Epoch : 102
Train MSE Loss     : 1.00005615	 | 	Train MAPE Loss     : 0.45098191
Valid MSE Loss     : 0.00012197	 | 	Valid MAPE Loss     : 0.54526073
lr                 : [3.0000000000000004e-09]


Epoch : 103
Train MSE Loss     : 1.00005877	 | 	Train MAPE Loss     : 0.45552742
Valid MSE Loss     : 0.00005658	 | 	Valid MAPE Loss     : 0.48854178
lr                 : [3.0000000000000004e-09]


Epoch : 104
Train MSE Loss     : 1.00006366	 | 	Train MAPE Loss     : 0.46136698
Valid MSE Loss     : 0.00005057	 | 	Valid MAPE Loss     : 0.42925966
lr                 : [3.0000000000000004e-09]


Epoch : 105
Train MSE Loss     : 1.00005722	 | 	Train MAPE Loss     : 0.45371300
Valid MSE Loss     : 0.00001722	 | 	Valid MAPE Loss     : 0.33216637
lr                 : [3.0000000000000004e-09]


Epoch : 106
Train MSE Loss     : 1.00007355	 | 	Train MAPE Loss     : 0.45809436
Valid MSE Loss     : 0.00002011	 | 	Valid MAPE Loss     : 0.37720335
lr                 : [3.0000000000000004e-09]


Epoch : 107
Train MSE Loss     : 1.00003493	 | 	Train MAPE Loss     : 0.43907341
Valid MSE Loss     : 0.00021313	 | 	Valid MAPE Loss     : 0.47248337
lr                 : [3.0000000000000004e-09]


Epoch : 108
Train MSE Loss     : 1.00003815	 | 	Train MAPE Loss     : 0.42913654
Valid MSE Loss     : 0.00010475	 | 	Valid MAPE Loss     : 0.53234851
lr                 : [3.0000000000000004e-09]


Epoch : 109
Train MSE Loss     : 1.00004089	 | 	Train MAPE Loss     : 0.46435234
Valid MSE Loss     : 0.00003933	 | 	Valid MAPE Loss     : 0.56024331
lr                 : [3.0000000000000004e-09]


Epoch : 110
Train MSE Loss     : 1.00004148	 | 	Train MAPE Loss     : 0.45581245
Valid MSE Loss     : 0.00001747	 | 	Valid MAPE Loss     : 0.32968783
lr                 : [3.0000000000000004e-09]


Epoch : 111
Train MSE Loss     : 1.00003767	 | 	Train MAPE Loss     : 0.42699701
Valid MSE Loss     : 0.00002139	 | 	Valid MAPE Loss     : 0.36299524
lr                 : [3.0000000000000004e-09]


Epoch : 112
Train MSE Loss     : 1.00005901	 | 	Train MAPE Loss     : 0.45537278
Valid MSE Loss     : 0.00001523	 | 	Valid MAPE Loss     : 0.30727839
lr                 : [3.0000000000000004e-09]


Epoch : 113
Train MSE Loss     : 1.00003648	 | 	Train MAPE Loss     : 0.41500548
Valid MSE Loss     : 0.00002305	 | 	Valid MAPE Loss     : 0.30842361
lr                 : [3.0000000000000004e-09]


Epoch : 114
Train MSE Loss     : 1.00003493	 | 	Train MAPE Loss     : 0.41806072
Valid MSE Loss     : 0.00006985	 | 	Valid MAPE Loss     : 0.42646497
lr                 : [3.0000000000000004e-09]


Epoch : 115
Train MSE Loss     : 1.00004375	 | 	Train MAPE Loss     : 0.45142224
Valid MSE Loss     : 0.00002056	 | 	Valid MAPE Loss     : 0.40535709
lr                 : [3.0000000000000004e-09]


Epoch : 116
Train MSE Loss     : 1.00003839	 | 	Train MAPE Loss     : 0.43799588
Valid MSE Loss     : 0.00002981	 | 	Valid MAPE Loss     : 0.35073739
lr                 : [3.0000000000000004e-09]


Epoch : 117
Train MSE Loss     : 1.00004053	 | 	Train MAPE Loss     : 0.44213089
Valid MSE Loss     : 0.00025372	 | 	Valid MAPE Loss     : 0.52241009
lr                 : [3.0000000000000004e-09]


Epoch : 118
Train MSE Loss     : 1.00005710	 | 	Train MAPE Loss     : 0.45211408
Valid MSE Loss     : 0.00001333	 | 	Valid MAPE Loss     : 0.28625345
lr                 : [3.0000000000000004e-09]


Epoch : 119
Train MSE Loss     : 1.00005865	 | 	Train MAPE Loss     : 0.44656861
Valid MSE Loss     : 0.00001578	 | 	Valid MAPE Loss     : 0.33655009
lr                 : [3.0000000000000004e-09]


Epoch : 120
Train MSE Loss     : 1.00003660	 | 	Train MAPE Loss     : 0.41906011
Valid MSE Loss     : 0.00011935	 | 	Valid MAPE Loss     : 0.43974921
lr                 : [3.0000000000000004e-09]


Epoch : 121
Train MSE Loss     : 1.00008035	 | 	Train MAPE Loss     : 0.47853774
Valid MSE Loss     : 0.00001453	 | 	Valid MAPE Loss     : 0.31214520
lr                 : [3.0000000000000004e-09]


Epoch : 122
Train MSE Loss     : 1.00003374	 | 	Train MAPE Loss     : 0.42702362
Valid MSE Loss     : 0.00005400	 | 	Valid MAPE Loss     : 0.44033900
lr                 : [3.0000000000000004e-09]


Epoch : 123
Train MSE Loss     : 1.00007010	 | 	Train MAPE Loss     : 0.45677465
Valid MSE Loss     : 0.00002082	 | 	Valid MAPE Loss     : 0.40583149
lr                 : [3.0000000000000004e-09]


Epoch : 124
Train MSE Loss     : 1.00005782	 | 	Train MAPE Loss     : 0.45921949
Valid MSE Loss     : 0.00085044	 | 	Valid MAPE Loss     : 0.77701169
lr                 : [3.0000000000000004e-09]


Epoch : 125
Train MSE Loss     : 1.00005865	 | 	Train MAPE Loss     : 0.45386040
Valid MSE Loss     : 0.00005173	 | 	Valid MAPE Loss     : 0.39183235
lr                 : [3.0000000000000004e-09]


Epoch : 126
Train MSE Loss     : 1.00005710	 | 	Train MAPE Loss     : 0.44763792
Valid MSE Loss     : 0.00002349	 | 	Valid MAPE Loss     : 0.29166865
lr                 : [3.0000000000000004e-09]


Epoch : 127
Train MSE Loss     : 1.00005305	 | 	Train MAPE Loss     : 0.43648314
Valid MSE Loss     : 0.00001811	 | 	Valid MAPE Loss     : 0.33601239
lr                 : [3.0000000000000004e-09]


Epoch : 128
Train MSE Loss     : 1.00006545	 | 	Train MAPE Loss     : 0.47120178
Valid MSE Loss     : 0.00007496	 | 	Valid MAPE Loss     : 0.51552457
lr                 : [3.0000000000000004e-09]


Epoch : 129
Train MSE Loss     : 1.00003755	 | 	Train MAPE Loss     : 0.42888051
Valid MSE Loss     : 0.00003326	 | 	Valid MAPE Loss     : 0.42280465
lr                 : [3.0000000000000004e-09]


Epoch : 130
Train MSE Loss     : 1.00004184	 | 	Train MAPE Loss     : 0.44224074
Valid MSE Loss     : 0.00001810	 | 	Valid MAPE Loss     : 0.36936116
lr                 : [3.0000000000000004e-09]


Epoch : 131
Train MSE Loss     : 1.00006211	 | 	Train MAPE Loss     : 0.48495007
Valid MSE Loss     : 0.00041437	 | 	Valid MAPE Loss     : 0.66239232
lr                 : [3.0000000000000004e-09]


Epoch : 132
Train MSE Loss     : 1.00003743	 | 	Train MAPE Loss     : 0.43209130
Valid MSE Loss     : 0.00002739	 | 	Valid MAPE Loss     : 0.43100792
lr                 : [3.0000000000000004e-09]


Epoch : 133
Train MSE Loss     : 1.00004101	 | 	Train MAPE Loss     : 0.44782993
Valid MSE Loss     : 0.00002078	 | 	Valid MAPE Loss     : 0.40323529
lr                 : [3.0000000000000004e-09]


Epoch : 134
Train MSE Loss     : 1.00003457	 | 	Train MAPE Loss     : 0.42585716
Valid MSE Loss     : 0.00001773	 | 	Valid MAPE Loss     : 0.34443802
lr                 : [3.0000000000000004e-09]


Epoch : 135
Train MSE Loss     : 1.00005841	 | 	Train MAPE Loss     : 0.45430529
Valid MSE Loss     : 0.00005448	 | 	Valid MAPE Loss     : 0.37556702
lr                 : [3.0000000000000004e-09]


Epoch : 136
Train MSE Loss     : 1.00005805	 | 	Train MAPE Loss     : 0.47079155
Valid MSE Loss     : 0.00001603	 | 	Valid MAPE Loss     : 0.32250905
lr                 : [3.0000000000000004e-09]


Epoch : 137
Train MSE Loss     : 1.00005627	 | 	Train MAPE Loss     : 0.45647600
Valid MSE Loss     : 0.00010100	 | 	Valid MAPE Loss     : 0.59234554
lr                 : [3.0000000000000004e-09]


Epoch : 138
Train MSE Loss     : 1.00004113	 | 	Train MAPE Loss     : 0.46158910
Valid MSE Loss     : 0.00001438	 | 	Valid MAPE Loss     : 0.29939169
lr                 : [3.0000000000000004e-09]


Epoch : 139
Train MSE Loss     : 1.00006127	 | 	Train MAPE Loss     : 0.48490006
Valid MSE Loss     : 0.00021654	 | 	Valid MAPE Loss     : 0.63314044
lr                 : [3.0000000000000004e-09]


Epoch : 140
Train MSE Loss     : 1.00007427	 | 	Train MAPE Loss     : 0.45739639
Valid MSE Loss     : 0.00001718	 | 	Valid MAPE Loss     : 0.31978852
lr                 : [3.0000000000000004e-09]


Epoch : 141
Train MSE Loss     : 1.00003862	 | 	Train MAPE Loss     : 0.44904342
Valid MSE Loss     : 0.00002970	 | 	Valid MAPE Loss     : 0.49862877
lr                 : [3.0000000000000004e-09]


Epoch : 142
Train MSE Loss     : 1.00008857	 | 	Train MAPE Loss     : 0.51189178
Valid MSE Loss     : 0.00017525	 | 	Valid MAPE Loss     : 0.57765460
lr                 : [3.0000000000000004e-09]


Epoch : 143
Train MSE Loss     : 1.00003576	 | 	Train MAPE Loss     : 0.43235320
Valid MSE Loss     : 0.00003226	 | 	Valid MAPE Loss     : 0.47365534
lr                 : [3.0000000000000004e-09]


Epoch : 144
Train MSE Loss     : 1.00005877	 | 	Train MAPE Loss     : 0.46806014
Valid MSE Loss     : 0.00002771	 | 	Valid MAPE Loss     : 0.46336320
lr                 : [3.0000000000000004e-09]


Epoch : 145
Train MSE Loss     : 1.00003743	 | 	Train MAPE Loss     : 0.44232285
Valid MSE Loss     : 0.00007676	 | 	Valid MAPE Loss     : 0.36720628
lr                 : [3.0000000000000004e-09]


Epoch : 146
Train MSE Loss     : 1.00005662	 | 	Train MAPE Loss     : 0.45255318
Valid MSE Loss     : 0.00018261	 | 	Valid MAPE Loss     : 0.55100942
lr                 : [3.0000000000000004e-09]


Epoch : 147
Train MSE Loss     : 1.00005543	 | 	Train MAPE Loss     : 0.45649037
Valid MSE Loss     : 0.00001838	 | 	Valid MAPE Loss     : 0.33358160
lr                 : [3.0000000000000004e-09]


Epoch : 148
Train MSE Loss     : 1.00003994	 | 	Train MAPE Loss     : 0.43370152
Valid MSE Loss     : 0.00001468	 | 	Valid MAPE Loss     : 0.30898207
lr                 : [3.0000000000000004e-09]


Epoch : 149
Train MSE Loss     : 1.00007582	 | 	Train MAPE Loss     : 0.45034257
Valid MSE Loss     : 0.00001401	 | 	Valid MAPE Loss     : 0.33044428
lr                 : [3.0000000000000004e-09]


Epoch : 150
Train MSE Loss     : 1.00003493	 | 	Train MAPE Loss     : 0.43937033
Valid MSE Loss     : 0.00003585	 | 	Valid MAPE Loss     : 0.37040088
lr                 : [3.0000000000000004e-09]


Evaluate on the Test set:
Test MAPE loss      :0.60435623	 | Test MSE loss      : 0.00035803

################## Training is Done! #########################
