=============================================
Dataset: cell_XJTU_batch2_prepocess_data
Mode:    supervised_with_contrast
=============================================
Training started ....

Epoch : 1
Train MSE Loss     : 2.77046466	 | 	Train MAPE Loss     : 138.13711548
Valid MSE Loss     : 2.74364591	 | 	Valid MAPE Loss     : 181.31301880
lr                 : [0.0003]


Epoch : 2
Train MSE Loss     : 2.99750781	 | 	Train MAPE Loss     : 154.96691895
Valid MSE Loss     : 1.07581460	 | 	Valid MAPE Loss     : 113.35861969
lr                 : [0.0003]


Epoch : 3
Train MSE Loss     : 1.23366129	 | 	Train MAPE Loss     : 40.20520782
Valid MSE Loss     : 0.02522180	 | 	Valid MAPE Loss     : 17.23939133
lr                 : [0.0003]


Epoch : 4
Train MSE Loss     : 1.02977824	 | 	Train MAPE Loss     : 15.86729813
Valid MSE Loss     : 0.00714972	 | 	Valid MAPE Loss     : 8.72618961
lr                 : [0.0003]


Epoch : 5
Train MSE Loss     : 1.02082443	 | 	Train MAPE Loss     : 12.10798264
Valid MSE Loss     : 0.06733648	 | 	Valid MAPE Loss     : 28.29619408
lr                 : [0.0003]


Epoch : 6
Train MSE Loss     : 1.02437150	 | 	Train MAPE Loss     : 14.09258556
Valid MSE Loss     : 0.01504528	 | 	Valid MAPE Loss     : 13.37618732
lr                 : [0.0003]


Epoch : 7
Train MSE Loss     : 1.06670332	 | 	Train MAPE Loss     : 22.80578613
Valid MSE Loss     : 0.42562196	 | 	Valid MAPE Loss     : 71.49232483
lr                 : [0.0003]


Epoch : 8
Train MSE Loss     : 1.99552453	 | 	Train MAPE Loss     : 110.01644897
Valid MSE Loss     : 1.02397633	 | 	Valid MAPE Loss     : 110.98342133
lr                 : [0.0003]


Epoch : 9
Train MSE Loss     : 1.58137476	 | 	Train MAPE Loss     : 81.14839935
Valid MSE Loss     : 0.06935377	 | 	Valid MAPE Loss     : 28.74659157
lr                 : [0.0003]


Epoch : 10
Train MSE Loss     : 1.01686800	 | 	Train MAPE Loss     : 12.12776184
Valid MSE Loss     : 0.01635690	 | 	Valid MAPE Loss     : 13.95864391
lr                 : [0.0003]


Epoch : 11
Train MSE Loss     : 1.09039664	 | 	Train MAPE Loss     : 26.84507179
Valid MSE Loss     : 0.30936307	 | 	Valid MAPE Loss     : 60.97981644
lr                 : [0.0003]


Epoch : 12
Train MSE Loss     : 1.14705729	 | 	Train MAPE Loss     : 38.99726486
Valid MSE Loss     : 0.20729622	 | 	Valid MAPE Loss     : 49.72000504
lr                 : [0.0003]


Epoch : 13
Train MSE Loss     : 1.48321915	 | 	Train MAPE Loss     : 76.44186401
Valid MSE Loss     : 0.41761616	 | 	Valid MAPE Loss     : 70.67542267
lr                 : [0.0003]


Epoch : 14
Train MSE Loss     : 1.10955191	 | 	Train MAPE Loss     : 27.93259048
Valid MSE Loss     : 0.00071152	 | 	Valid MAPE Loss     : 2.56964469
lr                 : [0.0003]


Epoch : 15
Train MSE Loss     : 1.24036789	 | 	Train MAPE Loss     : 48.75955200
Valid MSE Loss     : 0.37881884	 | 	Valid MAPE Loss     : 67.34172058
lr                 : [0.0003]


Epoch : 16
Train MSE Loss     : 1.16426790	 | 	Train MAPE Loss     : 39.77269363
Valid MSE Loss     : 0.00699818	 | 	Valid MAPE Loss     : 8.39243221
lr                 : [0.0003]


Epoch : 17
Train MSE Loss     : 1.04825604	 | 	Train MAPE Loss     : 22.09412384
Valid MSE Loss     : 0.01835355	 | 	Valid MAPE Loss     : 14.24386501
lr                 : [0.0003]


Epoch : 18
Train MSE Loss     : 1.01441181	 | 	Train MAPE Loss     : 11.70753479
Valid MSE Loss     : 0.03774379	 | 	Valid MAPE Loss     : 21.15298080
lr                 : [0.0003]


Epoch : 19
Train MSE Loss     : 1.06886327	 | 	Train MAPE Loss     : 24.59716034
Valid MSE Loss     : 0.21045665	 | 	Valid MAPE Loss     : 50.15836716
lr                 : [0.0003]


Epoch : 20
Train MSE Loss     : 1.11610723	 | 	Train MAPE Loss     : 34.36124420
Valid MSE Loss     : 0.04576007	 | 	Valid MAPE Loss     : 23.40796471
lr                 : [0.0003]


Epoch : 21
Train MSE Loss     : 1.32326126	 | 	Train MAPE Loss     : 61.38895416
Valid MSE Loss     : 0.39221507	 | 	Valid MAPE Loss     : 68.28543854
lr                 : [0.0003]


Epoch : 22
Train MSE Loss     : 1.13909709	 | 	Train MAPE Loss     : 35.20245743
Valid MSE Loss     : 0.00050241	 | 	Valid MAPE Loss     : 2.11306524
lr                 : [0.0003]


Epoch : 23
Train MSE Loss     : 1.03731453	 | 	Train MAPE Loss     : 18.81596565
Valid MSE Loss     : 0.11755521	 | 	Valid MAPE Loss     : 37.45412064
lr                 : [0.0003]


Epoch : 24
Train MSE Loss     : 1.04695308	 | 	Train MAPE Loss     : 19.40171051
Valid MSE Loss     : 0.00135000	 | 	Valid MAPE Loss     : 3.73816133
lr                 : [0.0003]


Epoch : 25
Train MSE Loss     : 1.00486350	 | 	Train MAPE Loss     : 6.73111486
Valid MSE Loss     : 0.00825801	 | 	Valid MAPE Loss     : 9.65822601
lr                 : [0.0003]


Epoch : 26
Train MSE Loss     : 1.04869664	 | 	Train MAPE Loss     : 22.72864723
Valid MSE Loss     : 0.03367809	 | 	Valid MAPE Loss     : 20.00837898
lr                 : [0.0003]


Epoch : 27
Train MSE Loss     : 1.14246273	 | 	Train MAPE Loss     : 40.93421555
Valid MSE Loss     : 0.09756882	 | 	Valid MAPE Loss     : 33.89340973
lr                 : [0.0003]


Epoch : 28
Train MSE Loss     : 1.03319216	 | 	Train MAPE Loss     : 18.66201210
Valid MSE Loss     : 0.00250305	 | 	Valid MAPE Loss     : 4.96732950
lr                 : [0.0003]


Epoch : 29
Train MSE Loss     : 1.05762243	 | 	Train MAPE Loss     : 24.77916718
Valid MSE Loss     : 0.00238785	 | 	Valid MAPE Loss     : 5.00264359
lr                 : [0.0003]


Epoch : 30
Train MSE Loss     : 1.07876647	 | 	Train MAPE Loss     : 29.31540108
Valid MSE Loss     : 0.02988869	 | 	Valid MAPE Loss     : 18.92907906
lr                 : [0.0003]


Epoch : 31
Train MSE Loss     : 1.44272089	 | 	Train MAPE Loss     : 63.99306488
Valid MSE Loss     : 1.02062964	 | 	Valid MAPE Loss     : 110.44529724
lr                 : [0.0003]


Epoch : 32
Train MSE Loss     : 1.91275704	 | 	Train MAPE Loss     : 105.47560120
Valid MSE Loss     : 0.71095735	 | 	Valid MAPE Loss     : 92.09394836
lr                 : [0.0003]


Epoch : 33
Train MSE Loss     : 1.36602938	 | 	Train MAPE Loss     : 63.95609283
Valid MSE Loss     : 0.04696577	 | 	Valid MAPE Loss     : 23.26869011
lr                 : [2.9999999999999997e-05]


Epoch : 34
Train MSE Loss     : 1.01563692	 | 	Train MAPE Loss     : 11.59842587
Valid MSE Loss     : 0.00209837	 | 	Valid MAPE Loss     : 4.08623838
lr                 : [2.9999999999999997e-05]


Epoch : 35
Train MSE Loss     : 1.00100517	 | 	Train MAPE Loss     : 2.83722067
Valid MSE Loss     : 0.00069181	 | 	Valid MAPE Loss     : 2.69745135
lr                 : [2.9999999999999997e-05]


Epoch : 36
Train MSE Loss     : 1.00009775	 | 	Train MAPE Loss     : 0.84898609
Valid MSE Loss     : 0.00002568	 | 	Valid MAPE Loss     : 0.40108666
lr                 : [2.9999999999999997e-05]


Epoch : 37
Train MSE Loss     : 1.00006163	 | 	Train MAPE Loss     : 0.66638827
Valid MSE Loss     : 0.00012879	 | 	Valid MAPE Loss     : 1.12671542
lr                 : [2.9999999999999997e-05]


Epoch : 38
Train MSE Loss     : 1.00012004	 | 	Train MAPE Loss     : 0.98935145
Valid MSE Loss     : 0.00004211	 | 	Valid MAPE Loss     : 0.47791186
lr                 : [2.9999999999999997e-05]


Epoch : 39
Train MSE Loss     : 1.00011611	 | 	Train MAPE Loss     : 0.94338834
Valid MSE Loss     : 0.00005857	 | 	Valid MAPE Loss     : 0.68639058
lr                 : [2.9999999999999997e-05]


Epoch : 40
Train MSE Loss     : 1.00011146	 | 	Train MAPE Loss     : 0.98733222
Valid MSE Loss     : 0.00002888	 | 	Valid MAPE Loss     : 0.47804758
lr                 : [2.9999999999999997e-05]


Epoch : 41
Train MSE Loss     : 1.00004041	 | 	Train MAPE Loss     : 0.56225759
Valid MSE Loss     : 0.00010394	 | 	Valid MAPE Loss     : 0.97653782
lr                 : [2.9999999999999997e-05]


Epoch : 42
Train MSE Loss     : 1.00006604	 | 	Train MAPE Loss     : 0.73970646
Valid MSE Loss     : 0.00003550	 | 	Valid MAPE Loss     : 0.47404441
lr                 : [2.9999999999999997e-05]


Epoch : 43
Train MSE Loss     : 1.00004673	 | 	Train MAPE Loss     : 0.62575704
Valid MSE Loss     : 0.00006898	 | 	Valid MAPE Loss     : 0.81717461
lr                 : [2.9999999999999997e-05]


Epoch : 44
Train MSE Loss     : 1.00024986	 | 	Train MAPE Loss     : 1.37761128
Valid MSE Loss     : 0.00131030	 | 	Valid MAPE Loss     : 3.81066179
lr                 : [2.9999999999999997e-05]


Epoch : 45
Train MSE Loss     : 1.00023961	 | 	Train MAPE Loss     : 1.40367866
Valid MSE Loss     : 0.00012066	 | 	Valid MAPE Loss     : 0.83339018
lr                 : [2.9999999999999997e-05]


Epoch : 46
Train MSE Loss     : 1.00085485	 | 	Train MAPE Loss     : 2.75908327
Valid MSE Loss     : 0.00055790	 | 	Valid MAPE Loss     : 2.32157135
lr                 : [2.9999999999999997e-05]


Epoch : 47
Train MSE Loss     : 1.00033319	 | 	Train MAPE Loss     : 1.54629111
Valid MSE Loss     : 0.00067906	 | 	Valid MAPE Loss     : 2.74203420
lr                 : [3e-06]


Epoch : 48
Train MSE Loss     : 1.00004888	 | 	Train MAPE Loss     : 0.61080015
Valid MSE Loss     : 0.00005582	 | 	Valid MAPE Loss     : 0.56596798
lr                 : [3e-06]


Epoch : 49
Train MSE Loss     : 1.00004160	 | 	Train MAPE Loss     : 0.56208742
Valid MSE Loss     : 0.00003248	 | 	Valid MAPE Loss     : 0.44919071
lr                 : [3e-06]


Epoch : 50
Train MSE Loss     : 1.00002742	 | 	Train MAPE Loss     : 0.45802438
Valid MSE Loss     : 0.00003883	 | 	Valid MAPE Loss     : 0.48944062
lr                 : [3e-06]


Epoch : 51
Train MSE Loss     : 1.00003266	 | 	Train MAPE Loss     : 0.50754476
Valid MSE Loss     : 0.00002873	 | 	Valid MAPE Loss     : 0.46313208
lr                 : [3e-06]


Epoch : 52
Train MSE Loss     : 1.00001860	 | 	Train MAPE Loss     : 0.36859128
Valid MSE Loss     : 0.00003538	 | 	Valid MAPE Loss     : 0.46756753
lr                 : [3e-06]


Epoch : 53
Train MSE Loss     : 1.00001991	 | 	Train MAPE Loss     : 0.38575649
Valid MSE Loss     : 0.00003254	 | 	Valid MAPE Loss     : 0.43359160
lr                 : [3e-06]


Epoch : 54
Train MSE Loss     : 1.00001621	 | 	Train MAPE Loss     : 0.33529276
Valid MSE Loss     : 0.00003514	 | 	Valid MAPE Loss     : 0.44980571
lr                 : [3e-06]


Epoch : 55
Train MSE Loss     : 1.00003111	 | 	Train MAPE Loss     : 0.47030795
Valid MSE Loss     : 0.00005487	 | 	Valid MAPE Loss     : 0.61400014
lr                 : [3e-06]


Epoch : 56
Train MSE Loss     : 1.00003600	 | 	Train MAPE Loss     : 0.53764772
Valid MSE Loss     : 0.00003044	 | 	Valid MAPE Loss     : 0.44234723
lr                 : [3e-06]


Epoch : 57
Train MSE Loss     : 1.00002313	 | 	Train MAPE Loss     : 0.41929427
Valid MSE Loss     : 0.00002908	 | 	Valid MAPE Loss     : 0.44896045
lr                 : [3e-06]


Epoch : 58
Train MSE Loss     : 1.00001502	 | 	Train MAPE Loss     : 0.32720017
Valid MSE Loss     : 0.00002870	 | 	Valid MAPE Loss     : 0.44110838
lr                 : [3.0000000000000004e-07]


Epoch : 59
Train MSE Loss     : 1.00002396	 | 	Train MAPE Loss     : 0.42453361
Valid MSE Loss     : 0.00002940	 | 	Valid MAPE Loss     : 0.44532934
lr                 : [3.0000000000000004e-07]


Epoch : 60
Train MSE Loss     : 1.00001717	 | 	Train MAPE Loss     : 0.36340213
Valid MSE Loss     : 0.00003335	 | 	Valid MAPE Loss     : 0.43811613
lr                 : [3.0000000000000004e-07]


Epoch : 61
Train MSE Loss     : 1.00001836	 | 	Train MAPE Loss     : 0.35614946
Valid MSE Loss     : 0.00003000	 | 	Valid MAPE Loss     : 0.45877573
lr                 : [3.0000000000000004e-07]


Epoch : 62
Train MSE Loss     : 1.00001848	 | 	Train MAPE Loss     : 0.37687799
Valid MSE Loss     : 0.00003372	 | 	Valid MAPE Loss     : 0.45692450
lr                 : [3.0000000000000004e-07]


Epoch : 63
Train MSE Loss     : 1.00002265	 | 	Train MAPE Loss     : 0.42187187
Valid MSE Loss     : 0.00003228	 | 	Valid MAPE Loss     : 0.47510311
lr                 : [3.0000000000000004e-07]


Epoch : 64
Train MSE Loss     : 1.00001669	 | 	Train MAPE Loss     : 0.36345285
Valid MSE Loss     : 0.00003585	 | 	Valid MAPE Loss     : 0.45910862
lr                 : [3.0000000000000004e-07]


Epoch : 65
Train MSE Loss     : 1.00001931	 | 	Train MAPE Loss     : 0.37684497
Valid MSE Loss     : 0.00003299	 | 	Valid MAPE Loss     : 0.44374973
lr                 : [3.0000000000000004e-07]


Epoch : 66
Train MSE Loss     : 1.00002122	 | 	Train MAPE Loss     : 0.38593605
Valid MSE Loss     : 0.00003302	 | 	Valid MAPE Loss     : 0.45599112
lr                 : [3.0000000000000004e-07]


Epoch : 67
Train MSE Loss     : 1.00002348	 | 	Train MAPE Loss     : 0.43787557
Valid MSE Loss     : 0.00003144	 | 	Valid MAPE Loss     : 0.45568523
lr                 : [3.0000000000000004e-07]


Epoch : 68
Train MSE Loss     : 1.00002813	 | 	Train MAPE Loss     : 0.47484273
Valid MSE Loss     : 0.00003119	 | 	Valid MAPE Loss     : 0.48073372
lr                 : [3.0000000000000004e-07]


Epoch : 69
Train MSE Loss     : 1.00001502	 | 	Train MAPE Loss     : 0.32498732
Valid MSE Loss     : 0.00003054	 | 	Valid MAPE Loss     : 0.43310064
lr                 : [3.0000000000000004e-08]


Epoch : 70
Train MSE Loss     : 1.00002217	 | 	Train MAPE Loss     : 0.41303641
Valid MSE Loss     : 0.00003088	 | 	Valid MAPE Loss     : 0.46729025
lr                 : [3.0000000000000004e-08]


Epoch : 71
Train MSE Loss     : 1.00001907	 | 	Train MAPE Loss     : 0.37934929
Valid MSE Loss     : 0.00003656	 | 	Valid MAPE Loss     : 0.46234655
lr                 : [3.0000000000000004e-08]


Epoch : 72
Train MSE Loss     : 1.00002670	 | 	Train MAPE Loss     : 0.43153620
Valid MSE Loss     : 0.00003251	 | 	Valid MAPE Loss     : 0.44257712
lr                 : [3.0000000000000004e-08]


Epoch : 73
Train MSE Loss     : 1.00002265	 | 	Train MAPE Loss     : 0.39337772
Valid MSE Loss     : 0.00004029	 | 	Valid MAPE Loss     : 0.50131631
lr                 : [3.0000000000000004e-08]


Epoch : 74
Train MSE Loss     : 1.00002432	 | 	Train MAPE Loss     : 0.42682311
Valid MSE Loss     : 0.00004056	 | 	Valid MAPE Loss     : 0.50175744
lr                 : [3.0000000000000004e-08]


Epoch : 75
Train MSE Loss     : 1.00001454	 | 	Train MAPE Loss     : 0.32267007
Valid MSE Loss     : 0.00003557	 | 	Valid MAPE Loss     : 0.45766869
lr                 : [3.0000000000000004e-08]


Epoch : 76
Train MSE Loss     : 1.00001812	 | 	Train MAPE Loss     : 0.37364990
Valid MSE Loss     : 0.00003283	 | 	Valid MAPE Loss     : 0.43918341
lr                 : [3.0000000000000004e-08]


Epoch : 77
Train MSE Loss     : 1.00001812	 | 	Train MAPE Loss     : 0.37408361
Valid MSE Loss     : 0.00003297	 | 	Valid MAPE Loss     : 0.45657012
lr                 : [3.0000000000000004e-08]


Epoch : 78
Train MSE Loss     : 1.00002205	 | 	Train MAPE Loss     : 0.39980927
Valid MSE Loss     : 0.00003212	 | 	Valid MAPE Loss     : 0.44820791
lr                 : [3.0000000000000004e-08]


Epoch : 79
Train MSE Loss     : 1.00002122	 | 	Train MAPE Loss     : 0.38598344
Valid MSE Loss     : 0.00003328	 | 	Valid MAPE Loss     : 0.44812101
lr                 : [3.0000000000000004e-08]


Epoch : 80
Train MSE Loss     : 1.00001669	 | 	Train MAPE Loss     : 0.35828051
Valid MSE Loss     : 0.00003748	 | 	Valid MAPE Loss     : 0.46652964
lr                 : [3.0000000000000004e-09]


Epoch : 81
Train MSE Loss     : 1.00002003	 | 	Train MAPE Loss     : 0.38175011
Valid MSE Loss     : 0.00003202	 | 	Valid MAPE Loss     : 0.44746640
lr                 : [3.0000000000000004e-09]


Epoch : 82
Train MSE Loss     : 1.00001872	 | 	Train MAPE Loss     : 0.38609898
Valid MSE Loss     : 0.00004007	 | 	Valid MAPE Loss     : 0.48589024
lr                 : [3.0000000000000004e-09]


Epoch : 83
Train MSE Loss     : 1.00001669	 | 	Train MAPE Loss     : 0.34292564
Valid MSE Loss     : 0.00003860	 | 	Valid MAPE Loss     : 0.46893638
lr                 : [3.0000000000000004e-09]


Epoch : 84
Train MSE Loss     : 1.00001752	 | 	Train MAPE Loss     : 0.35688761
Valid MSE Loss     : 0.00003047	 | 	Valid MAPE Loss     : 0.44612241
lr                 : [3.0000000000000004e-09]


Epoch : 85
Train MSE Loss     : 1.00002813	 | 	Train MAPE Loss     : 0.46443516
Valid MSE Loss     : 0.00003028	 | 	Valid MAPE Loss     : 0.46760780
lr                 : [3.0000000000000004e-09]


Epoch : 86
Train MSE Loss     : 1.00003040	 | 	Train MAPE Loss     : 0.48037189
Valid MSE Loss     : 0.00003772	 | 	Valid MAPE Loss     : 0.48081225
lr                 : [3.0000000000000004e-09]


Epoch : 87
Train MSE Loss     : 1.00002038	 | 	Train MAPE Loss     : 0.37928718
Valid MSE Loss     : 0.00003245	 | 	Valid MAPE Loss     : 0.44708189
lr                 : [3.0000000000000004e-09]


Epoch : 88
Train MSE Loss     : 1.00001478	 | 	Train MAPE Loss     : 0.31727383
Valid MSE Loss     : 0.00003124	 | 	Valid MAPE Loss     : 0.45929512
lr                 : [3.0000000000000004e-09]


Epoch : 89
Train MSE Loss     : 1.00001824	 | 	Train MAPE Loss     : 0.35571194
Valid MSE Loss     : 0.00003066	 | 	Valid MAPE Loss     : 0.45614219
lr                 : [3.0000000000000004e-09]


Epoch : 90
Train MSE Loss     : 1.00001359	 | 	Train MAPE Loss     : 0.31119579
Valid MSE Loss     : 0.00003733	 | 	Valid MAPE Loss     : 0.46787137
lr                 : [3.0000000000000004e-09]


Epoch : 91
Train MSE Loss     : 1.00002313	 | 	Train MAPE Loss     : 0.39944771
Valid MSE Loss     : 0.00003991	 | 	Valid MAPE Loss     : 0.48543939
lr                 : [3.0000000000000004e-09]


Epoch : 92
Train MSE Loss     : 1.00001705	 | 	Train MAPE Loss     : 0.35106182
Valid MSE Loss     : 0.00003907	 | 	Valid MAPE Loss     : 0.48907113
lr                 : [3.0000000000000004e-09]


Epoch : 93
Train MSE Loss     : 1.00001740	 | 	Train MAPE Loss     : 0.36520329
Valid MSE Loss     : 0.00003145	 | 	Valid MAPE Loss     : 0.47111458
lr                 : [3.0000000000000004e-09]


Epoch : 94
Train MSE Loss     : 1.00002062	 | 	Train MAPE Loss     : 0.38614860
Valid MSE Loss     : 0.00003132	 | 	Valid MAPE Loss     : 0.48692751
lr                 : [3.0000000000000004e-09]


Epoch : 95
Train MSE Loss     : 1.00002182	 | 	Train MAPE Loss     : 0.40364176
Valid MSE Loss     : 0.00003303	 | 	Valid MAPE Loss     : 0.44697848
lr                 : [3.0000000000000004e-09]


Epoch : 96
Train MSE Loss     : 1.00001740	 | 	Train MAPE Loss     : 0.34482825
Valid MSE Loss     : 0.00003092	 | 	Valid MAPE Loss     : 0.44044667
lr                 : [3.0000000000000004e-09]


Epoch : 97
Train MSE Loss     : 1.00001705	 | 	Train MAPE Loss     : 0.35072833
Valid MSE Loss     : 0.00003045	 | 	Valid MAPE Loss     : 0.45242292
lr                 : [3.0000000000000004e-09]


Epoch : 98
Train MSE Loss     : 1.00001907	 | 	Train MAPE Loss     : 0.37818950
Valid MSE Loss     : 0.00003568	 | 	Valid MAPE Loss     : 0.46290797
lr                 : [3.0000000000000004e-09]


Epoch : 99
Train MSE Loss     : 1.00001955	 | 	Train MAPE Loss     : 0.38565570
Valid MSE Loss     : 0.00003060	 | 	Valid MAPE Loss     : 0.44658041
lr                 : [3.0000000000000004e-09]


Epoch : 100
Train MSE Loss     : 1.00002539	 | 	Train MAPE Loss     : 0.41986319
Valid MSE Loss     : 0.00003411	 | 	Valid MAPE Loss     : 0.44696045
lr                 : [3.0000000000000004e-09]


Epoch : 101
Train MSE Loss     : 1.00002003	 | 	Train MAPE Loss     : 0.38514662
Valid MSE Loss     : 0.00004327	 | 	Valid MAPE Loss     : 0.50128257
lr                 : [3.0000000000000004e-09]


Epoch : 102
Train MSE Loss     : 1.00002313	 | 	Train MAPE Loss     : 0.40743762
Valid MSE Loss     : 0.00003240	 | 	Valid MAPE Loss     : 0.44316101
lr                 : [3.0000000000000004e-09]


Epoch : 103
Train MSE Loss     : 1.00001824	 | 	Train MAPE Loss     : 0.35446537
Valid MSE Loss     : 0.00003665	 | 	Valid MAPE Loss     : 0.46073022
lr                 : [3.0000000000000004e-09]


Epoch : 104
Train MSE Loss     : 1.00002062	 | 	Train MAPE Loss     : 0.39926407
Valid MSE Loss     : 0.00003114	 | 	Valid MAPE Loss     : 0.44221473
lr                 : [3.0000000000000004e-09]


Epoch : 105
Train MSE Loss     : 1.00002503	 | 	Train MAPE Loss     : 0.42152411
Valid MSE Loss     : 0.00004088	 | 	Valid MAPE Loss     : 0.48511368
lr                 : [3.0000000000000004e-09]


Epoch : 106
Train MSE Loss     : 1.00001454	 | 	Train MAPE Loss     : 0.31641120
Valid MSE Loss     : 0.00003836	 | 	Valid MAPE Loss     : 0.46881056
lr                 : [3.0000000000000004e-09]


Epoch : 107
Train MSE Loss     : 1.00003040	 | 	Train MAPE Loss     : 0.46726835
Valid MSE Loss     : 0.00003233	 | 	Valid MAPE Loss     : 0.51029116
lr                 : [3.0000000000000004e-09]


Epoch : 108
Train MSE Loss     : 1.00001192	 | 	Train MAPE Loss     : 0.28874502
Valid MSE Loss     : 0.00003368	 | 	Valid MAPE Loss     : 0.44536734
lr                 : [3.0000000000000004e-09]


Epoch : 109
Train MSE Loss     : 1.00001669	 | 	Train MAPE Loss     : 0.34831199
Valid MSE Loss     : 0.00003295	 | 	Valid MAPE Loss     : 0.44512370
lr                 : [3.0000000000000004e-09]


Epoch : 110
Train MSE Loss     : 1.00002015	 | 	Train MAPE Loss     : 0.39159375
Valid MSE Loss     : 0.00003643	 | 	Valid MAPE Loss     : 0.45720285
lr                 : [3.0000000000000004e-09]


Epoch : 111
Train MSE Loss     : 1.00002873	 | 	Train MAPE Loss     : 0.47306857
Valid MSE Loss     : 0.00003154	 | 	Valid MAPE Loss     : 0.44687128
lr                 : [3.0000000000000004e-09]


Epoch : 112
Train MSE Loss     : 1.00002062	 | 	Train MAPE Loss     : 0.39182654
Valid MSE Loss     : 0.00003748	 | 	Valid MAPE Loss     : 0.46264076
lr                 : [3.0000000000000004e-09]


Epoch : 113
Train MSE Loss     : 1.00002694	 | 	Train MAPE Loss     : 0.45225060
Valid MSE Loss     : 0.00003662	 | 	Valid MAPE Loss     : 0.46544391
lr                 : [3.0000000000000004e-09]


Epoch : 114
Train MSE Loss     : 1.00001502	 | 	Train MAPE Loss     : 0.33077544
Valid MSE Loss     : 0.00003255	 | 	Valid MAPE Loss     : 0.44564703
lr                 : [3.0000000000000004e-09]


Epoch : 115
Train MSE Loss     : 1.00002718	 | 	Train MAPE Loss     : 0.47053686
Valid MSE Loss     : 0.00003381	 | 	Valid MAPE Loss     : 0.54155695
lr                 : [3.0000000000000004e-09]


Epoch : 116
Train MSE Loss     : 1.00002372	 | 	Train MAPE Loss     : 0.43396243
Valid MSE Loss     : 0.00003820	 | 	Valid MAPE Loss     : 0.46898368
lr                 : [3.0000000000000004e-09]


Epoch : 117
Train MSE Loss     : 1.00001836	 | 	Train MAPE Loss     : 0.36455566
Valid MSE Loss     : 0.00004027	 | 	Valid MAPE Loss     : 0.48997077
lr                 : [3.0000000000000004e-09]


Epoch : 118
Train MSE Loss     : 1.00002837	 | 	Train MAPE Loss     : 0.46559691
Valid MSE Loss     : 0.00003191	 | 	Valid MAPE Loss     : 0.48144844
lr                 : [3.0000000000000004e-09]


Epoch : 119
Train MSE Loss     : 1.00001895	 | 	Train MAPE Loss     : 0.37570950
Valid MSE Loss     : 0.00003514	 | 	Valid MAPE Loss     : 0.45897192
lr                 : [3.0000000000000004e-09]


Epoch : 120
Train MSE Loss     : 1.00002086	 | 	Train MAPE Loss     : 0.36416930
Valid MSE Loss     : 0.00003628	 | 	Valid MAPE Loss     : 0.45867252
lr                 : [3.0000000000000004e-09]


Epoch : 121
Train MSE Loss     : 1.00002265	 | 	Train MAPE Loss     : 0.39468417
Valid MSE Loss     : 0.00003756	 | 	Valid MAPE Loss     : 0.46280047
lr                 : [3.0000000000000004e-09]


Epoch : 122
Train MSE Loss     : 1.00001431	 | 	Train MAPE Loss     : 0.31512839
Valid MSE Loss     : 0.00003313	 | 	Valid MAPE Loss     : 0.45059752
lr                 : [3.0000000000000004e-09]


Epoch : 123
Train MSE Loss     : 1.00002611	 | 	Train MAPE Loss     : 0.45071793
Valid MSE Loss     : 0.00004338	 | 	Valid MAPE Loss     : 0.50616902
lr                 : [3.0000000000000004e-09]


Epoch : 124
Train MSE Loss     : 1.00002110	 | 	Train MAPE Loss     : 0.38236406
Valid MSE Loss     : 0.00003901	 | 	Valid MAPE Loss     : 0.48050478
lr                 : [3.0000000000000004e-09]


Epoch : 125
Train MSE Loss     : 1.00001705	 | 	Train MAPE Loss     : 0.33870852
Valid MSE Loss     : 0.00003264	 | 	Valid MAPE Loss     : 0.43864378
lr                 : [3.0000000000000004e-09]


Epoch : 126
Train MSE Loss     : 1.00001752	 | 	Train MAPE Loss     : 0.34166265
Valid MSE Loss     : 0.00003206	 | 	Valid MAPE Loss     : 0.45128694
lr                 : [3.0000000000000004e-09]


Epoch : 127
Train MSE Loss     : 1.00002074	 | 	Train MAPE Loss     : 0.37946749
Valid MSE Loss     : 0.00003119	 | 	Valid MAPE Loss     : 0.47837016
lr                 : [3.0000000000000004e-09]


Epoch : 128
Train MSE Loss     : 1.00002408	 | 	Train MAPE Loss     : 0.42762154
Valid MSE Loss     : 0.00003045	 | 	Valid MAPE Loss     : 0.44292599
lr                 : [3.0000000000000004e-09]


Epoch : 129
Train MSE Loss     : 1.00001764	 | 	Train MAPE Loss     : 0.35895157
Valid MSE Loss     : 0.00003200	 | 	Valid MAPE Loss     : 0.48895738
lr                 : [3.0000000000000004e-09]


Epoch : 130
Train MSE Loss     : 1.00002491	 | 	Train MAPE Loss     : 0.43939734
Valid MSE Loss     : 0.00003262	 | 	Valid MAPE Loss     : 0.44647899
lr                 : [3.0000000000000004e-09]


Epoch : 131
Train MSE Loss     : 1.00002730	 | 	Train MAPE Loss     : 0.45795944
Valid MSE Loss     : 0.00003004	 | 	Valid MAPE Loss     : 0.46730915
lr                 : [3.0000000000000004e-09]


Epoch : 132
Train MSE Loss     : 1.00001562	 | 	Train MAPE Loss     : 0.33100048
Valid MSE Loss     : 0.00002915	 | 	Valid MAPE Loss     : 0.45628721
lr                 : [3.0000000000000004e-09]


Epoch : 133
Train MSE Loss     : 1.00001776	 | 	Train MAPE Loss     : 0.36288071
Valid MSE Loss     : 0.00003213	 | 	Valid MAPE Loss     : 0.49139839
lr                 : [3.0000000000000004e-09]


Epoch : 134
Train MSE Loss     : 1.00002372	 | 	Train MAPE Loss     : 0.40805009
Valid MSE Loss     : 0.00003368	 | 	Valid MAPE Loss     : 0.45522943
lr                 : [3.0000000000000004e-09]


Epoch : 135
Train MSE Loss     : 1.00001919	 | 	Train MAPE Loss     : 0.38004959
Valid MSE Loss     : 0.00003157	 | 	Valid MAPE Loss     : 0.45230490
lr                 : [3.0000000000000004e-09]


Epoch : 136
Train MSE Loss     : 1.00002372	 | 	Train MAPE Loss     : 0.42803535
Valid MSE Loss     : 0.00003297	 | 	Valid MAPE Loss     : 0.44096619
lr                 : [3.0000000000000004e-09]


Epoch : 137
Train MSE Loss     : 1.00002217	 | 	Train MAPE Loss     : 0.41501155
Valid MSE Loss     : 0.00004206	 | 	Valid MAPE Loss     : 0.49131641
lr                 : [3.0000000000000004e-09]


Epoch : 138
Train MSE Loss     : 1.00001609	 | 	Train MAPE Loss     : 0.34413147
Valid MSE Loss     : 0.00003406	 | 	Valid MAPE Loss     : 0.45027834
lr                 : [3.0000000000000004e-09]


Epoch : 139
Train MSE Loss     : 1.00001168	 | 	Train MAPE Loss     : 0.28142649
Valid MSE Loss     : 0.00003137	 | 	Valid MAPE Loss     : 0.44246548
lr                 : [3.0000000000000004e-09]


Epoch : 140
Train MSE Loss     : 1.00001216	 | 	Train MAPE Loss     : 0.28957787
Valid MSE Loss     : 0.00003232	 | 	Valid MAPE Loss     : 0.44088045
lr                 : [3.0000000000000004e-09]


Epoch : 141
Train MSE Loss     : 1.00001502	 | 	Train MAPE Loss     : 0.32444659
Valid MSE Loss     : 0.00003455	 | 	Valid MAPE Loss     : 0.45381325
lr                 : [3.0000000000000004e-09]


Epoch : 142
Train MSE Loss     : 1.00001597	 | 	Train MAPE Loss     : 0.34437010
Valid MSE Loss     : 0.00003640	 | 	Valid MAPE Loss     : 0.46115395
lr                 : [3.0000000000000004e-09]


Epoch : 143
Train MSE Loss     : 1.00002193	 | 	Train MAPE Loss     : 0.41774881
Valid MSE Loss     : 0.00004336	 | 	Valid MAPE Loss     : 0.49825937
lr                 : [3.0000000000000004e-09]


Epoch : 144
Train MSE Loss     : 1.00001931	 | 	Train MAPE Loss     : 0.38561949
Valid MSE Loss     : 0.00003373	 | 	Valid MAPE Loss     : 0.45287490
lr                 : [3.0000000000000004e-09]


Epoch : 145
Train MSE Loss     : 1.00002241	 | 	Train MAPE Loss     : 0.42535189
Valid MSE Loss     : 0.00003164	 | 	Valid MAPE Loss     : 0.50137728
lr                 : [3.0000000000000004e-09]


Epoch : 146
Train MSE Loss     : 1.00001514	 | 	Train MAPE Loss     : 0.33059871
Valid MSE Loss     : 0.00003180	 | 	Valid MAPE Loss     : 0.45514402
lr                 : [3.0000000000000004e-09]


Epoch : 147
Train MSE Loss     : 1.00002456	 | 	Train MAPE Loss     : 0.41261706
Valid MSE Loss     : 0.00004228	 | 	Valid MAPE Loss     : 0.51749307
lr                 : [3.0000000000000004e-09]


Epoch : 148
Train MSE Loss     : 1.00001931	 | 	Train MAPE Loss     : 0.38310188
Valid MSE Loss     : 0.00003723	 | 	Valid MAPE Loss     : 0.46767163
lr                 : [3.0000000000000004e-09]


Epoch : 149
Train MSE Loss     : 1.00003028	 | 	Train MAPE Loss     : 0.50720507
Valid MSE Loss     : 0.00004267	 | 	Valid MAPE Loss     : 0.49721500
lr                 : [3.0000000000000004e-09]


Epoch : 150
Train MSE Loss     : 1.00001729	 | 	Train MAPE Loss     : 0.36351421
Valid MSE Loss     : 0.00003892	 | 	Valid MAPE Loss     : 0.47707811
lr                 : [3.0000000000000004e-09]


Evaluate on the Test set:
Test MAPE loss      :0.25229272	 | Test MSE loss      : 0.00001054

################## Training is Done! #########################
