=============================================
Dataset: cell_XJTU_batch3_prepocess_data
Mode:    supervised_with_contrast
=============================================
Training started ....

Epoch : 1
Train MSE Loss     : 2.71670699	 | 	Train MAPE Loss     : 60.18190765
Valid MSE Loss     : 2.88097525	 | 	Valid MAPE Loss     : 68.27682495
lr                 : [0.0003]


Epoch : 2
Train MSE Loss     : 1.32681382	 | 	Train MAPE Loss     : 21.32742691
Valid MSE Loss     : 0.12877455	 | 	Valid MAPE Loss     : 25.48270035
lr                 : [0.0003]


Epoch : 3
Train MSE Loss     : 1.04306042	 | 	Train MAPE Loss     : 16.27039337
Valid MSE Loss     : 0.14575154	 | 	Valid MAPE Loss     : 34.57099152
lr                 : [0.0003]


Epoch : 4
Train MSE Loss     : 1.05203903	 | 	Train MAPE Loss     : 18.17031860
Valid MSE Loss     : 0.00397409	 | 	Valid MAPE Loss     : 3.24571657
lr                 : [0.0003]


Epoch : 5
Train MSE Loss     : 1.01890135	 | 	Train MAPE Loss     : 10.09200954
Valid MSE Loss     : 0.25410223	 | 	Valid MAPE Loss     : 24.17590714
lr                 : [0.0003]


Epoch : 6
Train MSE Loss     : 1.03841579	 | 	Train MAPE Loss     : 8.90644360
Valid MSE Loss     : 0.01369119	 | 	Valid MAPE Loss     : 11.48358917
lr                 : [0.0003]


Epoch : 7
Train MSE Loss     : 1.03120720	 | 	Train MAPE Loss     : 7.72092152
Valid MSE Loss     : 0.14988537	 | 	Valid MAPE Loss     : 17.07441902
lr                 : [0.0003]


Epoch : 8
Train MSE Loss     : 1.01961839	 | 	Train MAPE Loss     : 7.76965809
Valid MSE Loss     : 0.01591858	 | 	Valid MAPE Loss     : 9.70472050
lr                 : [0.0003]


Epoch : 9
Train MSE Loss     : 1.06884551	 | 	Train MAPE Loss     : 10.60738659
Valid MSE Loss     : 0.60179985	 | 	Valid MAPE Loss     : 33.94429016
lr                 : [0.0003]


Epoch : 10
Train MSE Loss     : 1.04892433	 | 	Train MAPE Loss     : 9.37057114
Valid MSE Loss     : 0.01987108	 | 	Valid MAPE Loss     : 6.59406519
lr                 : [0.0003]


Epoch : 11
Train MSE Loss     : 1.07109058	 | 	Train MAPE Loss     : 9.44503975
Valid MSE Loss     : 0.17797926	 | 	Valid MAPE Loss     : 17.86956406
lr                 : [0.0003]


Epoch : 12
Train MSE Loss     : 1.01186895	 | 	Train MAPE Loss     : 6.54336119
Valid MSE Loss     : 0.05977140	 | 	Valid MAPE Loss     : 10.40742397
lr                 : [0.0003]


Epoch : 13
Train MSE Loss     : 1.01020432	 | 	Train MAPE Loss     : 5.69088554
Valid MSE Loss     : 0.00452815	 | 	Valid MAPE Loss     : 6.76489639
lr                 : [0.0003]


Epoch : 14
Train MSE Loss     : 1.74321127	 | 	Train MAPE Loss     : 31.11435699
Valid MSE Loss     : 3.49164248	 | 	Valid MAPE Loss     : 84.65844727
lr                 : [0.0003]


Epoch : 15
Train MSE Loss     : 1.45396757	 | 	Train MAPE Loss     : 22.12915802
Valid MSE Loss     : 0.00378382	 | 	Valid MAPE Loss     : 3.51576233
lr                 : [2.9999999999999997e-05]


Epoch : 16
Train MSE Loss     : 1.00079906	 | 	Train MAPE Loss     : 1.57646871
Valid MSE Loss     : 0.00015197	 | 	Valid MAPE Loss     : 0.85390711
lr                 : [2.9999999999999997e-05]


Epoch : 17
Train MSE Loss     : 1.00021887	 | 	Train MAPE Loss     : 1.08958340
Valid MSE Loss     : 0.00061429	 | 	Valid MAPE Loss     : 1.75849581
lr                 : [2.9999999999999997e-05]


Epoch : 18
Train MSE Loss     : 1.00024986	 | 	Train MAPE Loss     : 1.32841301
Valid MSE Loss     : 0.00009125	 | 	Valid MAPE Loss     : 0.80751717
lr                 : [2.9999999999999997e-05]


Epoch : 19
Train MSE Loss     : 1.00024629	 | 	Train MAPE Loss     : 1.27664304
Valid MSE Loss     : 0.00026620	 | 	Valid MAPE Loss     : 1.32260036
lr                 : [2.9999999999999997e-05]


Epoch : 20
Train MSE Loss     : 1.00026810	 | 	Train MAPE Loss     : 1.23190260
Valid MSE Loss     : 0.00075083	 | 	Valid MAPE Loss     : 1.63180876
lr                 : [2.9999999999999997e-05]


Epoch : 21
Train MSE Loss     : 1.00009894	 | 	Train MAPE Loss     : 0.77813584
Valid MSE Loss     : 0.00021683	 | 	Valid MAPE Loss     : 1.04243660
lr                 : [2.9999999999999997e-05]


Epoch : 22
Train MSE Loss     : 1.00014901	 | 	Train MAPE Loss     : 0.79888457
Valid MSE Loss     : 0.00037279	 | 	Valid MAPE Loss     : 1.18155193
lr                 : [2.9999999999999997e-05]


Epoch : 23
Train MSE Loss     : 1.00028837	 | 	Train MAPE Loss     : 1.03740823
Valid MSE Loss     : 0.00035072	 | 	Valid MAPE Loss     : 1.25394678
lr                 : [2.9999999999999997e-05]


Epoch : 24
Train MSE Loss     : 1.00010908	 | 	Train MAPE Loss     : 0.79552042
Valid MSE Loss     : 0.00018317	 | 	Valid MAPE Loss     : 1.27235293
lr                 : [2.9999999999999997e-05]


Epoch : 25
Train MSE Loss     : 1.00005829	 | 	Train MAPE Loss     : 0.61151063
Valid MSE Loss     : 0.00009334	 | 	Valid MAPE Loss     : 0.77586687
lr                 : [2.9999999999999997e-05]


Epoch : 26
Train MSE Loss     : 1.00006258	 | 	Train MAPE Loss     : 0.62320560
Valid MSE Loss     : 0.00038575	 | 	Valid MAPE Loss     : 1.48781872
lr                 : [2.9999999999999997e-05]


Epoch : 27
Train MSE Loss     : 1.00034142	 | 	Train MAPE Loss     : 1.15981209
Valid MSE Loss     : 0.00055818	 | 	Valid MAPE Loss     : 1.87175727
lr                 : [2.9999999999999997e-05]


Epoch : 28
Train MSE Loss     : 1.00008190	 | 	Train MAPE Loss     : 0.66303378
Valid MSE Loss     : 0.00014536	 | 	Valid MAPE Loss     : 1.14513540
lr                 : [2.9999999999999997e-05]


Epoch : 29
Train MSE Loss     : 1.00006306	 | 	Train MAPE Loss     : 0.65945363
Valid MSE Loss     : 0.00009502	 | 	Valid MAPE Loss     : 0.71795285
lr                 : [2.9999999999999997e-05]


Epoch : 30
Train MSE Loss     : 1.00006580	 | 	Train MAPE Loss     : 0.66477007
Valid MSE Loss     : 0.00011861	 | 	Valid MAPE Loss     : 0.73453104
lr                 : [2.9999999999999997e-05]


Epoch : 31
Train MSE Loss     : 1.00019825	 | 	Train MAPE Loss     : 0.91078830
Valid MSE Loss     : 0.00031670	 | 	Valid MAPE Loss     : 1.52312684
lr                 : [2.9999999999999997e-05]


Epoch : 32
Train MSE Loss     : 1.00006306	 | 	Train MAPE Loss     : 0.60709149
Valid MSE Loss     : 0.00008875	 | 	Valid MAPE Loss     : 0.79457045
lr                 : [2.9999999999999997e-05]


Epoch : 33
Train MSE Loss     : 1.00004840	 | 	Train MAPE Loss     : 0.57523233
Valid MSE Loss     : 0.00021799	 | 	Valid MAPE Loss     : 1.38822579
lr                 : [2.9999999999999997e-05]


Epoch : 34
Train MSE Loss     : 1.00005054	 | 	Train MAPE Loss     : 0.57019931
Valid MSE Loss     : 0.00015990	 | 	Valid MAPE Loss     : 1.15515637
lr                 : [2.9999999999999997e-05]


Epoch : 35
Train MSE Loss     : 1.00006270	 | 	Train MAPE Loss     : 0.68654197
Valid MSE Loss     : 0.00025415	 | 	Valid MAPE Loss     : 1.55163527
lr                 : [2.9999999999999997e-05]


Epoch : 36
Train MSE Loss     : 1.00018752	 | 	Train MAPE Loss     : 1.19353998
Valid MSE Loss     : 0.00004272	 | 	Valid MAPE Loss     : 0.52841711
lr                 : [2.9999999999999997e-05]


Epoch : 37
Train MSE Loss     : 1.00010419	 | 	Train MAPE Loss     : 0.84717810
Valid MSE Loss     : 0.00022407	 | 	Valid MAPE Loss     : 1.44228256
lr                 : [2.9999999999999997e-05]


Epoch : 38
Train MSE Loss     : 1.00006104	 | 	Train MAPE Loss     : 0.67337340
Valid MSE Loss     : 0.00017604	 | 	Valid MAPE Loss     : 1.20454156
lr                 : [2.9999999999999997e-05]


Epoch : 39
Train MSE Loss     : 1.00009894	 | 	Train MAPE Loss     : 0.66477215
Valid MSE Loss     : 0.00008050	 | 	Valid MAPE Loss     : 0.81383502
lr                 : [2.9999999999999997e-05]


Epoch : 40
Train MSE Loss     : 1.00051284	 | 	Train MAPE Loss     : 1.10040498
Valid MSE Loss     : 0.00056190	 | 	Valid MAPE Loss     : 1.35739791
lr                 : [2.9999999999999997e-05]


Epoch : 41
Train MSE Loss     : 1.00009930	 | 	Train MAPE Loss     : 0.59869421
Valid MSE Loss     : 0.00011734	 | 	Valid MAPE Loss     : 0.77916282
lr                 : [2.9999999999999997e-05]


Epoch : 42
Train MSE Loss     : 1.00013161	 | 	Train MAPE Loss     : 1.03348672
Valid MSE Loss     : 0.00008271	 | 	Valid MAPE Loss     : 0.76774311
lr                 : [2.9999999999999997e-05]


Epoch : 43
Train MSE Loss     : 1.00005078	 | 	Train MAPE Loss     : 0.55550122
Valid MSE Loss     : 0.00025428	 | 	Valid MAPE Loss     : 1.24977231
lr                 : [2.9999999999999997e-05]


Epoch : 44
Train MSE Loss     : 1.00009358	 | 	Train MAPE Loss     : 0.61777210
Valid MSE Loss     : 0.00010092	 | 	Valid MAPE Loss     : 0.91022944
lr                 : [2.9999999999999997e-05]


Epoch : 45
Train MSE Loss     : 1.00004494	 | 	Train MAPE Loss     : 0.51756531
Valid MSE Loss     : 0.00011672	 | 	Valid MAPE Loss     : 1.02180219
lr                 : [2.9999999999999997e-05]


Epoch : 46
Train MSE Loss     : 1.00004804	 | 	Train MAPE Loss     : 0.54710662
Valid MSE Loss     : 0.00009675	 | 	Valid MAPE Loss     : 0.90956825
lr                 : [2.9999999999999997e-05]


Epoch : 47
Train MSE Loss     : 1.00005519	 | 	Train MAPE Loss     : 0.60126108
Valid MSE Loss     : 0.00016297	 | 	Valid MAPE Loss     : 0.87545645
lr                 : [3e-06]


Epoch : 48
Train MSE Loss     : 1.00004280	 | 	Train MAPE Loss     : 0.54010129
Valid MSE Loss     : 0.00006678	 | 	Valid MAPE Loss     : 0.74325633
lr                 : [3e-06]


Epoch : 49
Train MSE Loss     : 1.00001895	 | 	Train MAPE Loss     : 0.34875482
Valid MSE Loss     : 0.00006257	 | 	Valid MAPE Loss     : 0.72372985
lr                 : [3e-06]


Epoch : 50
Train MSE Loss     : 1.00001991	 | 	Train MAPE Loss     : 0.34905711
Valid MSE Loss     : 0.00006962	 | 	Valid MAPE Loss     : 0.76229489
lr                 : [3e-06]


Epoch : 51
Train MSE Loss     : 1.00002146	 | 	Train MAPE Loss     : 0.37116519
Valid MSE Loss     : 0.00007898	 | 	Valid MAPE Loss     : 0.81910014
lr                 : [3e-06]


Epoch : 52
Train MSE Loss     : 1.00002241	 | 	Train MAPE Loss     : 0.38594767
Valid MSE Loss     : 0.00008197	 | 	Valid MAPE Loss     : 0.85666227
lr                 : [3e-06]


Epoch : 53
Train MSE Loss     : 1.00001860	 | 	Train MAPE Loss     : 0.34850562
Valid MSE Loss     : 0.00005634	 | 	Valid MAPE Loss     : 0.63355869
lr                 : [3e-06]


Epoch : 54
Train MSE Loss     : 1.00078392	 | 	Train MAPE Loss     : 0.98615491
Valid MSE Loss     : 0.00005616	 | 	Valid MAPE Loss     : 0.67904663
lr                 : [3e-06]


Epoch : 55
Train MSE Loss     : 1.00003576	 | 	Train MAPE Loss     : 0.43817538
Valid MSE Loss     : 0.00005627	 | 	Valid MAPE Loss     : 0.67432386
lr                 : [3e-06]


Epoch : 56
Train MSE Loss     : 1.00002205	 | 	Train MAPE Loss     : 0.37300158
Valid MSE Loss     : 0.00005223	 | 	Valid MAPE Loss     : 0.63929582
lr                 : [3e-06]


Epoch : 57
Train MSE Loss     : 1.00001991	 | 	Train MAPE Loss     : 0.36130086
Valid MSE Loss     : 0.00006531	 | 	Valid MAPE Loss     : 0.73219270
lr                 : [3e-06]


Epoch : 58
Train MSE Loss     : 1.00002050	 | 	Train MAPE Loss     : 0.36408570
Valid MSE Loss     : 0.00008565	 | 	Valid MAPE Loss     : 0.86886358
lr                 : [3.0000000000000004e-07]


Epoch : 59
Train MSE Loss     : 1.00002050	 | 	Train MAPE Loss     : 0.37337533
Valid MSE Loss     : 0.00006338	 | 	Valid MAPE Loss     : 0.73149818
lr                 : [3.0000000000000004e-07]


Epoch : 60
Train MSE Loss     : 1.00001943	 | 	Train MAPE Loss     : 0.35317612
Valid MSE Loss     : 0.00006394	 | 	Valid MAPE Loss     : 0.73053604
lr                 : [3.0000000000000004e-07]


Epoch : 61
Train MSE Loss     : 1.00001705	 | 	Train MAPE Loss     : 0.33146185
Valid MSE Loss     : 0.00006187	 | 	Valid MAPE Loss     : 0.72600174
lr                 : [3.0000000000000004e-07]


Epoch : 62
Train MSE Loss     : 1.00002015	 | 	Train MAPE Loss     : 0.36591390
Valid MSE Loss     : 0.00004887	 | 	Valid MAPE Loss     : 0.62072808
lr                 : [3.0000000000000004e-07]


Epoch : 63
Train MSE Loss     : 1.00001848	 | 	Train MAPE Loss     : 0.34887302
Valid MSE Loss     : 0.00005200	 | 	Valid MAPE Loss     : 0.64059931
lr                 : [3.0000000000000004e-07]


Epoch : 64
Train MSE Loss     : 1.00001955	 | 	Train MAPE Loss     : 0.35921371
Valid MSE Loss     : 0.00007300	 | 	Valid MAPE Loss     : 0.79225522
lr                 : [3.0000000000000004e-07]


Epoch : 65
Train MSE Loss     : 1.00002050	 | 	Train MAPE Loss     : 0.36007205
Valid MSE Loss     : 0.00007101	 | 	Valid MAPE Loss     : 0.76300889
lr                 : [3.0000000000000004e-07]


Epoch : 66
Train MSE Loss     : 1.00001752	 | 	Train MAPE Loss     : 0.33700028
Valid MSE Loss     : 0.00005858	 | 	Valid MAPE Loss     : 0.69247371
lr                 : [3.0000000000000004e-07]


Epoch : 67
Train MSE Loss     : 1.00001919	 | 	Train MAPE Loss     : 0.35884836
Valid MSE Loss     : 0.00007525	 | 	Valid MAPE Loss     : 0.81067926
lr                 : [3.0000000000000004e-07]


Epoch : 68
Train MSE Loss     : 1.00002778	 | 	Train MAPE Loss     : 0.40280160
Valid MSE Loss     : 0.00006895	 | 	Valid MAPE Loss     : 0.76573104
lr                 : [3.0000000000000004e-07]


Epoch : 69
Train MSE Loss     : 1.00002587	 | 	Train MAPE Loss     : 0.40122387
Valid MSE Loss     : 0.00007072	 | 	Valid MAPE Loss     : 0.78818488
lr                 : [3.0000000000000004e-08]


Epoch : 70
Train MSE Loss     : 1.00001800	 | 	Train MAPE Loss     : 0.33958587
Valid MSE Loss     : 0.00006056	 | 	Valid MAPE Loss     : 0.70719028
lr                 : [3.0000000000000004e-08]


Epoch : 71
Train MSE Loss     : 1.00002503	 | 	Train MAPE Loss     : 0.38987884
Valid MSE Loss     : 0.00006377	 | 	Valid MAPE Loss     : 0.73873794
lr                 : [3.0000000000000004e-08]


Epoch : 72
Train MSE Loss     : 1.00001836	 | 	Train MAPE Loss     : 0.34328437
Valid MSE Loss     : 0.00006915	 | 	Valid MAPE Loss     : 0.76785558
lr                 : [3.0000000000000004e-08]


Epoch : 73
Train MSE Loss     : 1.00001860	 | 	Train MAPE Loss     : 0.34726790
Valid MSE Loss     : 0.00006671	 | 	Valid MAPE Loss     : 0.74996722
lr                 : [3.0000000000000004e-08]


Epoch : 74
Train MSE Loss     : 1.00001800	 | 	Train MAPE Loss     : 0.33866677
Valid MSE Loss     : 0.00007486	 | 	Valid MAPE Loss     : 0.80349600
lr                 : [3.0000000000000004e-08]


Epoch : 75
Train MSE Loss     : 1.00001752	 | 	Train MAPE Loss     : 0.33497825
Valid MSE Loss     : 0.00007130	 | 	Valid MAPE Loss     : 0.77784479
lr                 : [3.0000000000000004e-08]


Epoch : 76
Train MSE Loss     : 1.00001585	 | 	Train MAPE Loss     : 0.32049069
Valid MSE Loss     : 0.00007010	 | 	Valid MAPE Loss     : 0.76554561
lr                 : [3.0000000000000004e-08]


Epoch : 77
Train MSE Loss     : 1.00001609	 | 	Train MAPE Loss     : 0.32191506
Valid MSE Loss     : 0.00007312	 | 	Valid MAPE Loss     : 0.79494727
lr                 : [3.0000000000000004e-08]


Epoch : 78
Train MSE Loss     : 1.00018609	 | 	Train MAPE Loss     : 0.61902881
Valid MSE Loss     : 0.00006759	 | 	Valid MAPE Loss     : 0.75099105
lr                 : [3.0000000000000004e-08]


Epoch : 79
Train MSE Loss     : 1.00001717	 | 	Train MAPE Loss     : 0.33235610
Valid MSE Loss     : 0.00006229	 | 	Valid MAPE Loss     : 0.71094275
lr                 : [3.0000000000000004e-08]


Epoch : 80
Train MSE Loss     : 1.00002682	 | 	Train MAPE Loss     : 0.38980448
Valid MSE Loss     : 0.00006214	 | 	Valid MAPE Loss     : 0.71657622
lr                 : [3.0000000000000004e-09]


Epoch : 81
Train MSE Loss     : 1.00023818	 | 	Train MAPE Loss     : 0.66036975
Valid MSE Loss     : 0.00006843	 | 	Valid MAPE Loss     : 0.75428265
lr                 : [3.0000000000000004e-09]


Epoch : 82
Train MSE Loss     : 1.00001836	 | 	Train MAPE Loss     : 0.34200653
Valid MSE Loss     : 0.00005492	 | 	Valid MAPE Loss     : 0.67246413
lr                 : [3.0000000000000004e-09]


Epoch : 83
Train MSE Loss     : 1.00001907	 | 	Train MAPE Loss     : 0.34745923
Valid MSE Loss     : 0.00006590	 | 	Valid MAPE Loss     : 0.74652946
lr                 : [3.0000000000000004e-09]


Epoch : 84
Train MSE Loss     : 1.00001800	 | 	Train MAPE Loss     : 0.33612484
Valid MSE Loss     : 0.00006695	 | 	Valid MAPE Loss     : 0.75249332
lr                 : [3.0000000000000004e-09]


Epoch : 85
Train MSE Loss     : 1.00001800	 | 	Train MAPE Loss     : 0.33793923
Valid MSE Loss     : 0.00006543	 | 	Valid MAPE Loss     : 0.73348832
lr                 : [3.0000000000000004e-09]


Epoch : 86
Train MSE Loss     : 1.00001895	 | 	Train MAPE Loss     : 0.35033000
Valid MSE Loss     : 0.00006985	 | 	Valid MAPE Loss     : 0.76969755
lr                 : [3.0000000000000004e-09]


Epoch : 87
Train MSE Loss     : 1.00003278	 | 	Train MAPE Loss     : 0.41277513
Valid MSE Loss     : 0.00006205	 | 	Valid MAPE Loss     : 0.70747870
lr                 : [3.0000000000000004e-09]


Epoch : 88
Train MSE Loss     : 1.00001752	 | 	Train MAPE Loss     : 0.33481720
Valid MSE Loss     : 0.00006415	 | 	Valid MAPE Loss     : 0.73814321
lr                 : [3.0000000000000004e-09]


Epoch : 89
Train MSE Loss     : 1.00001800	 | 	Train MAPE Loss     : 0.34581932
Valid MSE Loss     : 0.00007446	 | 	Valid MAPE Loss     : 0.79644561
lr                 : [3.0000000000000004e-09]


Epoch : 90
Train MSE Loss     : 1.00001979	 | 	Train MAPE Loss     : 0.35417712
Valid MSE Loss     : 0.00006399	 | 	Valid MAPE Loss     : 0.73199910
lr                 : [3.0000000000000004e-09]


Epoch : 91
Train MSE Loss     : 1.00001812	 | 	Train MAPE Loss     : 0.34293655
Valid MSE Loss     : 0.00005410	 | 	Valid MAPE Loss     : 0.65421271
lr                 : [3.0000000000000004e-09]


Epoch : 92
Train MSE Loss     : 1.00002038	 | 	Train MAPE Loss     : 0.35855797
Valid MSE Loss     : 0.00007428	 | 	Valid MAPE Loss     : 0.79336667
lr                 : [3.0000000000000004e-09]


Epoch : 93
Train MSE Loss     : 1.00001633	 | 	Train MAPE Loss     : 0.32569197
Valid MSE Loss     : 0.00007468	 | 	Valid MAPE Loss     : 0.79568285
lr                 : [3.0000000000000004e-09]


Epoch : 94
Train MSE Loss     : 1.00002658	 | 	Train MAPE Loss     : 0.38287547
Valid MSE Loss     : 0.00006652	 | 	Valid MAPE Loss     : 0.75368327
lr                 : [3.0000000000000004e-09]


Epoch : 95
Train MSE Loss     : 1.00001860	 | 	Train MAPE Loss     : 0.34468523
Valid MSE Loss     : 0.00006336	 | 	Valid MAPE Loss     : 0.73341811
lr                 : [3.0000000000000004e-09]


Epoch : 96
Train MSE Loss     : 1.00001800	 | 	Train MAPE Loss     : 0.34177583
Valid MSE Loss     : 0.00005501	 | 	Valid MAPE Loss     : 0.66266811
lr                 : [3.0000000000000004e-09]


Epoch : 97
Train MSE Loss     : 1.00001788	 | 	Train MAPE Loss     : 0.33604276
Valid MSE Loss     : 0.00006417	 | 	Valid MAPE Loss     : 0.72775722
lr                 : [3.0000000000000004e-09]


Epoch : 98
Train MSE Loss     : 1.00001800	 | 	Train MAPE Loss     : 0.34214076
Valid MSE Loss     : 0.00006767	 | 	Valid MAPE Loss     : 0.76166451
lr                 : [3.0000000000000004e-09]


Epoch : 99
Train MSE Loss     : 1.00001752	 | 	Train MAPE Loss     : 0.33664796
Valid MSE Loss     : 0.00007145	 | 	Valid MAPE Loss     : 0.78478509
lr                 : [3.0000000000000004e-09]


Epoch : 100
Train MSE Loss     : 1.00001860	 | 	Train MAPE Loss     : 0.35083529
Valid MSE Loss     : 0.00006742	 | 	Valid MAPE Loss     : 0.75162649
lr                 : [3.0000000000000004e-09]


Epoch : 101
Train MSE Loss     : 1.00001740	 | 	Train MAPE Loss     : 0.34009913
Valid MSE Loss     : 0.00007176	 | 	Valid MAPE Loss     : 0.77422613
lr                 : [3.0000000000000004e-09]


Epoch : 102
Train MSE Loss     : 1.00001955	 | 	Train MAPE Loss     : 0.35383359
Valid MSE Loss     : 0.00007360	 | 	Valid MAPE Loss     : 0.78574491
lr                 : [3.0000000000000004e-09]


Epoch : 103
Train MSE Loss     : 1.00001705	 | 	Train MAPE Loss     : 0.33127725
Valid MSE Loss     : 0.00007354	 | 	Valid MAPE Loss     : 0.78767073
lr                 : [3.0000000000000004e-09]


Epoch : 104
Train MSE Loss     : 1.00002444	 | 	Train MAPE Loss     : 0.38436654
Valid MSE Loss     : 0.00007181	 | 	Valid MAPE Loss     : 0.76195508
lr                 : [3.0000000000000004e-09]


Epoch : 105
Train MSE Loss     : 1.00001919	 | 	Train MAPE Loss     : 0.35132188
Valid MSE Loss     : 0.00007312	 | 	Valid MAPE Loss     : 0.79443300
lr                 : [3.0000000000000004e-09]


Epoch : 106
Train MSE Loss     : 1.00001740	 | 	Train MAPE Loss     : 0.33134782
Valid MSE Loss     : 0.00007168	 | 	Valid MAPE Loss     : 0.77485329
lr                 : [3.0000000000000004e-09]


Epoch : 107
Train MSE Loss     : 1.00001705	 | 	Train MAPE Loss     : 0.33186895
Valid MSE Loss     : 0.00006878	 | 	Valid MAPE Loss     : 0.75299335
lr                 : [3.0000000000000004e-09]


Epoch : 108
Train MSE Loss     : 1.00001729	 | 	Train MAPE Loss     : 0.32669032
Valid MSE Loss     : 0.00006338	 | 	Valid MAPE Loss     : 0.72045904
lr                 : [3.0000000000000004e-09]


Epoch : 109
Train MSE Loss     : 1.00001693	 | 	Train MAPE Loss     : 0.32756570
Valid MSE Loss     : 0.00006438	 | 	Valid MAPE Loss     : 0.73600823
lr                 : [3.0000000000000004e-09]


Epoch : 110
Train MSE Loss     : 1.00001943	 | 	Train MAPE Loss     : 0.35283211
Valid MSE Loss     : 0.00007741	 | 	Valid MAPE Loss     : 0.81184381
lr                 : [3.0000000000000004e-09]


Epoch : 111
Train MSE Loss     : 1.00001800	 | 	Train MAPE Loss     : 0.33633086
Valid MSE Loss     : 0.00006946	 | 	Valid MAPE Loss     : 0.76549226
lr                 : [3.0000000000000004e-09]


Epoch : 112
Train MSE Loss     : 1.00002956	 | 	Train MAPE Loss     : 0.39536935
Valid MSE Loss     : 0.00006808	 | 	Valid MAPE Loss     : 0.75947618
lr                 : [3.0000000000000004e-09]


Epoch : 113
Train MSE Loss     : 1.00001955	 | 	Train MAPE Loss     : 0.35745767
Valid MSE Loss     : 0.00006678	 | 	Valid MAPE Loss     : 0.75205195
lr                 : [3.0000000000000004e-09]


Epoch : 114
Train MSE Loss     : 1.00001764	 | 	Train MAPE Loss     : 0.34093973
Valid MSE Loss     : 0.00006508	 | 	Valid MAPE Loss     : 0.73723954
lr                 : [3.0000000000000004e-09]


Epoch : 115
Train MSE Loss     : 1.00001836	 | 	Train MAPE Loss     : 0.34284195
Valid MSE Loss     : 0.00006441	 | 	Valid MAPE Loss     : 0.73619992
lr                 : [3.0000000000000004e-09]


Epoch : 116
Train MSE Loss     : 1.00001729	 | 	Train MAPE Loss     : 0.33447519
Valid MSE Loss     : 0.00006442	 | 	Valid MAPE Loss     : 0.73676831
lr                 : [3.0000000000000004e-09]


Epoch : 117
Train MSE Loss     : 1.00001764	 | 	Train MAPE Loss     : 0.33802405
Valid MSE Loss     : 0.00006016	 | 	Valid MAPE Loss     : 0.69960928
lr                 : [3.0000000000000004e-09]


Epoch : 118
Train MSE Loss     : 1.00001979	 | 	Train MAPE Loss     : 0.35324910
Valid MSE Loss     : 0.00006922	 | 	Valid MAPE Loss     : 0.77299744
lr                 : [3.0000000000000004e-09]


Epoch : 119
Train MSE Loss     : 1.00001740	 | 	Train MAPE Loss     : 0.33807543
Valid MSE Loss     : 0.00006185	 | 	Valid MAPE Loss     : 0.71096575
lr                 : [3.0000000000000004e-09]


Epoch : 120
Train MSE Loss     : 1.00001860	 | 	Train MAPE Loss     : 0.34673879
Valid MSE Loss     : 0.00007406	 | 	Valid MAPE Loss     : 0.80031395
lr                 : [3.0000000000000004e-09]


Epoch : 121
Train MSE Loss     : 1.00001681	 | 	Train MAPE Loss     : 0.32621384
Valid MSE Loss     : 0.00006219	 | 	Valid MAPE Loss     : 0.71477884
lr                 : [3.0000000000000004e-09]


Epoch : 122
Train MSE Loss     : 1.00001895	 | 	Train MAPE Loss     : 0.35038158
Valid MSE Loss     : 0.00007450	 | 	Valid MAPE Loss     : 0.80684656
lr                 : [3.0000000000000004e-09]


Epoch : 123
Train MSE Loss     : 1.00002086	 | 	Train MAPE Loss     : 0.36660185
Valid MSE Loss     : 0.00006445	 | 	Valid MAPE Loss     : 0.72133279
lr                 : [3.0000000000000004e-09]


Epoch : 124
Train MSE Loss     : 1.00003850	 | 	Train MAPE Loss     : 0.42049006
Valid MSE Loss     : 0.00005415	 | 	Valid MAPE Loss     : 0.65334755
lr                 : [3.0000000000000004e-09]


Epoch : 125
Train MSE Loss     : 1.00002456	 | 	Train MAPE Loss     : 0.38115445
Valid MSE Loss     : 0.00007756	 | 	Valid MAPE Loss     : 0.81497157
lr                 : [3.0000000000000004e-09]


Epoch : 126
Train MSE Loss     : 1.00001764	 | 	Train MAPE Loss     : 0.33619812
Valid MSE Loss     : 0.00007750	 | 	Valid MAPE Loss     : 0.81279683
lr                 : [3.0000000000000004e-09]


Epoch : 127
Train MSE Loss     : 1.00001955	 | 	Train MAPE Loss     : 0.34958914
Valid MSE Loss     : 0.00005828	 | 	Valid MAPE Loss     : 0.68966317
lr                 : [3.0000000000000004e-09]


Epoch : 128
Train MSE Loss     : 1.00001776	 | 	Train MAPE Loss     : 0.34000495
Valid MSE Loss     : 0.00007077	 | 	Valid MAPE Loss     : 0.77445769
lr                 : [3.0000000000000004e-09]


Epoch : 129
Train MSE Loss     : 1.00001824	 | 	Train MAPE Loss     : 0.33716097
Valid MSE Loss     : 0.00006857	 | 	Valid MAPE Loss     : 0.75414896
lr                 : [3.0000000000000004e-09]


Epoch : 130
Train MSE Loss     : 1.00001907	 | 	Train MAPE Loss     : 0.34685445
Valid MSE Loss     : 0.00008120	 | 	Valid MAPE Loss     : 0.82620859
lr                 : [3.0000000000000004e-09]


Epoch : 131
Train MSE Loss     : 1.00001836	 | 	Train MAPE Loss     : 0.34212342
Valid MSE Loss     : 0.00006759	 | 	Valid MAPE Loss     : 0.75174159
lr                 : [3.0000000000000004e-09]


Epoch : 132
Train MSE Loss     : 1.00001752	 | 	Train MAPE Loss     : 0.33471212
Valid MSE Loss     : 0.00007176	 | 	Valid MAPE Loss     : 0.77923274
lr                 : [3.0000000000000004e-09]


Epoch : 133
Train MSE Loss     : 1.00002015	 | 	Train MAPE Loss     : 0.35974741
Valid MSE Loss     : 0.00006658	 | 	Valid MAPE Loss     : 0.75026214
lr                 : [3.0000000000000004e-09]


Epoch : 134
Train MSE Loss     : 1.00001764	 | 	Train MAPE Loss     : 0.34003705
Valid MSE Loss     : 0.00007299	 | 	Valid MAPE Loss     : 0.79298562
lr                 : [3.0000000000000004e-09]


Epoch : 135
Train MSE Loss     : 1.00003016	 | 	Train MAPE Loss     : 0.41311833
Valid MSE Loss     : 0.00006814	 | 	Valid MAPE Loss     : 0.73829174
lr                 : [3.0000000000000004e-09]


Epoch : 136
Train MSE Loss     : 1.00002289	 | 	Train MAPE Loss     : 0.37444448
Valid MSE Loss     : 0.00006550	 | 	Valid MAPE Loss     : 0.73919982
lr                 : [3.0000000000000004e-09]


Epoch : 137
Train MSE Loss     : 1.00001872	 | 	Train MAPE Loss     : 0.34645247
Valid MSE Loss     : 0.00006252	 | 	Valid MAPE Loss     : 0.72306824
lr                 : [3.0000000000000004e-09]


Epoch : 138
Train MSE Loss     : 1.00001860	 | 	Train MAPE Loss     : 0.34444222
Valid MSE Loss     : 0.00007219	 | 	Valid MAPE Loss     : 0.78697723
lr                 : [3.0000000000000004e-09]


Epoch : 139
Train MSE Loss     : 1.00002182	 | 	Train MAPE Loss     : 0.37213162
Valid MSE Loss     : 0.00006529	 | 	Valid MAPE Loss     : 0.74015975
lr                 : [3.0000000000000004e-09]


Epoch : 140
Train MSE Loss     : 1.00001884	 | 	Train MAPE Loss     : 0.34838176
Valid MSE Loss     : 0.00006769	 | 	Valid MAPE Loss     : 0.75782573
lr                 : [3.0000000000000004e-09]


Epoch : 141
Train MSE Loss     : 1.00001967	 | 	Train MAPE Loss     : 0.35200104
Valid MSE Loss     : 0.00006171	 | 	Valid MAPE Loss     : 0.70836079
lr                 : [3.0000000000000004e-09]


Epoch : 142
Train MSE Loss     : 1.00001752	 | 	Train MAPE Loss     : 0.33821887
Valid MSE Loss     : 0.00006554	 | 	Valid MAPE Loss     : 0.74475694
lr                 : [3.0000000000000004e-09]


Epoch : 143
Train MSE Loss     : 1.00001895	 | 	Train MAPE Loss     : 0.35050404
Valid MSE Loss     : 0.00006030	 | 	Valid MAPE Loss     : 0.69947088
lr                 : [3.0000000000000004e-09]


Epoch : 144
Train MSE Loss     : 1.00002062	 | 	Train MAPE Loss     : 0.36215317
Valid MSE Loss     : 0.00007655	 | 	Valid MAPE Loss     : 0.80796540
lr                 : [3.0000000000000004e-09]


Epoch : 145
Train MSE Loss     : 1.00001740	 | 	Train MAPE Loss     : 0.33021897
Valid MSE Loss     : 0.00006885	 | 	Valid MAPE Loss     : 0.76328719
lr                 : [3.0000000000000004e-09]


Epoch : 146
Train MSE Loss     : 1.00001919	 | 	Train MAPE Loss     : 0.35130036
Valid MSE Loss     : 0.00006407	 | 	Valid MAPE Loss     : 0.72555411
lr                 : [3.0000000000000004e-09]


Epoch : 147
Train MSE Loss     : 1.00001740	 | 	Train MAPE Loss     : 0.33348778
Valid MSE Loss     : 0.00006806	 | 	Valid MAPE Loss     : 0.75417507
lr                 : [3.0000000000000004e-09]


Epoch : 148
Train MSE Loss     : 1.00001788	 | 	Train MAPE Loss     : 0.33559945
Valid MSE Loss     : 0.00005919	 | 	Valid MAPE Loss     : 0.69888711
lr                 : [3.0000000000000004e-09]


Epoch : 149
Train MSE Loss     : 1.00001824	 | 	Train MAPE Loss     : 0.34307936
Valid MSE Loss     : 0.00007346	 | 	Valid MAPE Loss     : 0.79913950
lr                 : [3.0000000000000004e-09]


Epoch : 150
Train MSE Loss     : 1.00001788	 | 	Train MAPE Loss     : 0.33464992
Valid MSE Loss     : 0.00006508	 | 	Valid MAPE Loss     : 0.72954679
lr                 : [3.0000000000000004e-09]


Evaluate on the Test set:
Test MAPE loss      :0.67233729	 | Test MSE loss      : 0.00098119

################## Training is Done! #########################
