=============================================
Dataset: cell_XJTU_batch3_prepocess_data
Mode:    supervised
=============================================
Training started ....

Epoch : 1
Train MSE Loss     : 0.00750872	 | 	Train MAPE Loss     : 5.31592894
Valid MSE Loss     : 0.00749583	 | 	Valid MAPE Loss     : 8.87370110
lr                 : [0.0003]


Epoch : 2
Train MSE Loss     : 0.00046618	 | 	Train MAPE Loss     : 1.84469020
Valid MSE Loss     : 0.00017422	 | 	Valid MAPE Loss     : 1.15247858
lr                 : [0.0003]


Epoch : 3
Train MSE Loss     : 0.00050539	 | 	Train MAPE Loss     : 2.03745484
Valid MSE Loss     : 0.00218013	 | 	Valid MAPE Loss     : 4.90216637
lr                 : [0.0003]


Epoch : 4
Train MSE Loss     : 0.00027207	 | 	Train MAPE Loss     : 1.41887736
Valid MSE Loss     : 0.00023868	 | 	Valid MAPE Loss     : 1.48568606
lr                 : [0.0003]


Epoch : 5
Train MSE Loss     : 0.00023837	 | 	Train MAPE Loss     : 1.36352539
Valid MSE Loss     : 0.00078667	 | 	Valid MAPE Loss     : 2.66208744
lr                 : [0.0003]


Epoch : 6
Train MSE Loss     : 0.00024116	 | 	Train MAPE Loss     : 1.33683980
Valid MSE Loss     : 0.00026583	 | 	Valid MAPE Loss     : 1.33002710
lr                 : [0.0003]


Epoch : 7
Train MSE Loss     : 0.00061849	 | 	Train MAPE Loss     : 2.13477540
Valid MSE Loss     : 0.00027681	 | 	Valid MAPE Loss     : 1.53998542
lr                 : [0.0003]


Epoch : 8
Train MSE Loss     : 0.00055281	 | 	Train MAPE Loss     : 2.07829952
Valid MSE Loss     : 0.00241265	 | 	Valid MAPE Loss     : 5.01277876
lr                 : [0.0003]


Epoch : 9
Train MSE Loss     : 0.00060402	 | 	Train MAPE Loss     : 2.27760983
Valid MSE Loss     : 0.00043966	 | 	Valid MAPE Loss     : 1.95534134
lr                 : [0.0003]


Epoch : 10
Train MSE Loss     : 0.00029844	 | 	Train MAPE Loss     : 1.47031295
Valid MSE Loss     : 0.00170428	 | 	Valid MAPE Loss     : 4.07246876
lr                 : [0.0003]


Epoch : 11
Train MSE Loss     : 0.00016311	 | 	Train MAPE Loss     : 1.07118690
Valid MSE Loss     : 0.00025839	 | 	Valid MAPE Loss     : 1.29284072
lr                 : [0.0003]


Epoch : 12
Train MSE Loss     : 0.00049163	 | 	Train MAPE Loss     : 1.97731709
Valid MSE Loss     : 0.00101645	 | 	Valid MAPE Loss     : 2.84985304
lr                 : [0.0003]


Epoch : 13
Train MSE Loss     : 0.00037555	 | 	Train MAPE Loss     : 1.71069324
Valid MSE Loss     : 0.00145693	 | 	Valid MAPE Loss     : 3.65150309
lr                 : [2.9999999999999997e-05]


Epoch : 14
Train MSE Loss     : 0.00007701	 | 	Train MAPE Loss     : 0.73769641
Valid MSE Loss     : 0.00008829	 | 	Valid MAPE Loss     : 0.78332818
lr                 : [2.9999999999999997e-05]


Epoch : 15
Train MSE Loss     : 0.00006346	 | 	Train MAPE Loss     : 0.65154594
Valid MSE Loss     : 0.00008697	 | 	Valid MAPE Loss     : 0.83645427
lr                 : [2.9999999999999997e-05]


Epoch : 16
Train MSE Loss     : 0.00006488	 | 	Train MAPE Loss     : 0.66674829
Valid MSE Loss     : 0.00006086	 | 	Valid MAPE Loss     : 0.66761565
lr                 : [2.9999999999999997e-05]


Epoch : 17
Train MSE Loss     : 0.00006626	 | 	Train MAPE Loss     : 0.67036730
Valid MSE Loss     : 0.00006317	 | 	Valid MAPE Loss     : 0.67358512
lr                 : [2.9999999999999997e-05]


Epoch : 18
Train MSE Loss     : 0.00005865	 | 	Train MAPE Loss     : 0.64368737
Valid MSE Loss     : 0.00009190	 | 	Valid MAPE Loss     : 0.80716193
lr                 : [2.9999999999999997e-05]


Epoch : 19
Train MSE Loss     : 0.00006834	 | 	Train MAPE Loss     : 0.68563867
Valid MSE Loss     : 0.00007996	 | 	Valid MAPE Loss     : 0.75346953
lr                 : [2.9999999999999997e-05]


Epoch : 20
Train MSE Loss     : 0.00006885	 | 	Train MAPE Loss     : 0.69543916
Valid MSE Loss     : 0.00005196	 | 	Valid MAPE Loss     : 0.56002259
lr                 : [2.9999999999999997e-05]


Epoch : 21
Train MSE Loss     : 0.00006095	 | 	Train MAPE Loss     : 0.65468848
Valid MSE Loss     : 0.00017845	 | 	Valid MAPE Loss     : 1.29211140
lr                 : [2.9999999999999997e-05]


Epoch : 22
Train MSE Loss     : 0.00006823	 | 	Train MAPE Loss     : 0.68884337
Valid MSE Loss     : 0.00003873	 | 	Valid MAPE Loss     : 0.50257730
lr                 : [2.9999999999999997e-05]


Epoch : 23
Train MSE Loss     : 0.00005229	 | 	Train MAPE Loss     : 0.60337579
Valid MSE Loss     : 0.00009356	 | 	Valid MAPE Loss     : 0.82891876
lr                 : [2.9999999999999997e-05]


Epoch : 24
Train MSE Loss     : 0.00010060	 | 	Train MAPE Loss     : 0.86486608
Valid MSE Loss     : 0.00016811	 | 	Valid MAPE Loss     : 1.21395922
lr                 : [2.9999999999999997e-05]


Epoch : 25
Train MSE Loss     : 0.00009109	 | 	Train MAPE Loss     : 0.83322126
Valid MSE Loss     : 0.00008134	 | 	Valid MAPE Loss     : 0.71489877
lr                 : [2.9999999999999997e-05]


Epoch : 26
Train MSE Loss     : 0.00006080	 | 	Train MAPE Loss     : 0.65800816
Valid MSE Loss     : 0.00004854	 | 	Valid MAPE Loss     : 0.55836695
lr                 : [2.9999999999999997e-05]


Epoch : 27
Train MSE Loss     : 0.00005759	 | 	Train MAPE Loss     : 0.63875645
Valid MSE Loss     : 0.00004911	 | 	Valid MAPE Loss     : 0.53057468
lr                 : [2.9999999999999997e-05]


Epoch : 28
Train MSE Loss     : 0.00005928	 | 	Train MAPE Loss     : 0.64848083
Valid MSE Loss     : 0.00011433	 | 	Valid MAPE Loss     : 0.98369581
lr                 : [2.9999999999999997e-05]


Epoch : 29
Train MSE Loss     : 0.00006775	 | 	Train MAPE Loss     : 0.70834243
Valid MSE Loss     : 0.00003991	 | 	Valid MAPE Loss     : 0.54196811
lr                 : [2.9999999999999997e-05]


Epoch : 30
Train MSE Loss     : 0.00004373	 | 	Train MAPE Loss     : 0.55750626
Valid MSE Loss     : 0.00006690	 | 	Valid MAPE Loss     : 0.67162067
lr                 : [2.9999999999999997e-05]


Epoch : 31
Train MSE Loss     : 0.00005164	 | 	Train MAPE Loss     : 0.61208403
Valid MSE Loss     : 0.00015152	 | 	Valid MAPE Loss     : 1.10408378
lr                 : [2.9999999999999997e-05]


Epoch : 32
Train MSE Loss     : 0.00005556	 | 	Train MAPE Loss     : 0.63108915
Valid MSE Loss     : 0.00005890	 | 	Valid MAPE Loss     : 0.61459422
lr                 : [2.9999999999999997e-05]


Epoch : 33
Train MSE Loss     : 0.00005692	 | 	Train MAPE Loss     : 0.62779719
Valid MSE Loss     : 0.00010963	 | 	Valid MAPE Loss     : 0.85207450
lr                 : [3e-06]


Epoch : 34
Train MSE Loss     : 0.00005339	 | 	Train MAPE Loss     : 0.62512124
Valid MSE Loss     : 0.00005075	 | 	Valid MAPE Loss     : 0.63195610
lr                 : [3e-06]


Epoch : 35
Train MSE Loss     : 0.00002969	 | 	Train MAPE Loss     : 0.45325425
Valid MSE Loss     : 0.00003553	 | 	Valid MAPE Loss     : 0.50740218
lr                 : [3e-06]


Epoch : 36
Train MSE Loss     : 0.00004121	 | 	Train MAPE Loss     : 0.54663444
Valid MSE Loss     : 0.00003127	 | 	Valid MAPE Loss     : 0.46394721
lr                 : [3e-06]


Epoch : 37
Train MSE Loss     : 0.00003335	 | 	Train MAPE Loss     : 0.47915286
Valid MSE Loss     : 0.00004036	 | 	Valid MAPE Loss     : 0.53999543
lr                 : [3e-06]


Epoch : 38
Train MSE Loss     : 0.00003383	 | 	Train MAPE Loss     : 0.48717168
Valid MSE Loss     : 0.00003506	 | 	Valid MAPE Loss     : 0.48638621
lr                 : [3e-06]


Epoch : 39
Train MSE Loss     : 0.00003562	 | 	Train MAPE Loss     : 0.49862081
Valid MSE Loss     : 0.00003749	 | 	Valid MAPE Loss     : 0.50615329
lr                 : [3e-06]


Epoch : 40
Train MSE Loss     : 0.00002798	 | 	Train MAPE Loss     : 0.44970182
Valid MSE Loss     : 0.00003950	 | 	Valid MAPE Loss     : 0.52130628
lr                 : [3e-06]


Epoch : 41
Train MSE Loss     : 0.00003135	 | 	Train MAPE Loss     : 0.46701279
Valid MSE Loss     : 0.00003370	 | 	Valid MAPE Loss     : 0.46765289
lr                 : [3e-06]


Epoch : 42
Train MSE Loss     : 0.00002986	 | 	Train MAPE Loss     : 0.44495976
Valid MSE Loss     : 0.00003228	 | 	Valid MAPE Loss     : 0.44891793
lr                 : [3e-06]


Epoch : 43
Train MSE Loss     : 0.00003642	 | 	Train MAPE Loss     : 0.50372607
Valid MSE Loss     : 0.00003584	 | 	Valid MAPE Loss     : 0.48127270
lr                 : [3e-06]


Epoch : 44
Train MSE Loss     : 0.00002754	 | 	Train MAPE Loss     : 0.43822372
Valid MSE Loss     : 0.00003253	 | 	Valid MAPE Loss     : 0.46043983
lr                 : [3e-06]


Epoch : 45
Train MSE Loss     : 0.00003171	 | 	Train MAPE Loss     : 0.46097115
Valid MSE Loss     : 0.00004033	 | 	Valid MAPE Loss     : 0.52767032
lr                 : [3e-06]


Epoch : 46
Train MSE Loss     : 0.00003181	 | 	Train MAPE Loss     : 0.47194955
Valid MSE Loss     : 0.00003453	 | 	Valid MAPE Loss     : 0.47601435
lr                 : [3e-06]


Epoch : 47
Train MSE Loss     : 0.00003575	 | 	Train MAPE Loss     : 0.50620800
Valid MSE Loss     : 0.00003722	 | 	Valid MAPE Loss     : 0.49384525
lr                 : [3e-06]


Epoch : 48
Train MSE Loss     : 0.00002761	 | 	Train MAPE Loss     : 0.43924955
Valid MSE Loss     : 0.00003570	 | 	Valid MAPE Loss     : 0.48317820
lr                 : [3e-06]


Epoch : 49
Train MSE Loss     : 0.00003387	 | 	Train MAPE Loss     : 0.48608446
Valid MSE Loss     : 0.00003294	 | 	Valid MAPE Loss     : 0.46628934
lr                 : [3e-06]


Epoch : 50
Train MSE Loss     : 0.00002821	 | 	Train MAPE Loss     : 0.44479683
Valid MSE Loss     : 0.00003502	 | 	Valid MAPE Loss     : 0.50262272
lr                 : [3e-06]


Epoch : 51
Train MSE Loss     : 0.00002803	 | 	Train MAPE Loss     : 0.43939230
Valid MSE Loss     : 0.00003271	 | 	Valid MAPE Loss     : 0.44693127
lr                 : [3e-06]


Epoch : 52
Train MSE Loss     : 0.00002705	 | 	Train MAPE Loss     : 0.43036410
Valid MSE Loss     : 0.00004712	 | 	Valid MAPE Loss     : 0.58695459
lr                 : [3e-06]


Epoch : 53
Train MSE Loss     : 0.00002819	 | 	Train MAPE Loss     : 0.44568014
Valid MSE Loss     : 0.00003243	 | 	Valid MAPE Loss     : 0.45547557
lr                 : [3e-06]


Epoch : 54
Train MSE Loss     : 0.00002664	 | 	Train MAPE Loss     : 0.43348855
Valid MSE Loss     : 0.00002885	 | 	Valid MAPE Loss     : 0.43327564
lr                 : [3e-06]


Epoch : 55
Train MSE Loss     : 0.00003350	 | 	Train MAPE Loss     : 0.48056147
Valid MSE Loss     : 0.00003279	 | 	Valid MAPE Loss     : 0.46276736
lr                 : [3e-06]


Epoch : 56
Train MSE Loss     : 0.00003021	 | 	Train MAPE Loss     : 0.45204166
Valid MSE Loss     : 0.00002986	 | 	Valid MAPE Loss     : 0.43471298
lr                 : [3e-06]


Epoch : 57
Train MSE Loss     : 0.00003494	 | 	Train MAPE Loss     : 0.48841822
Valid MSE Loss     : 0.00004261	 | 	Valid MAPE Loss     : 0.54445177
lr                 : [3e-06]


Epoch : 58
Train MSE Loss     : 0.00003336	 | 	Train MAPE Loss     : 0.47624648
Valid MSE Loss     : 0.00004420	 | 	Valid MAPE Loss     : 0.55746126
lr                 : [3e-06]


Epoch : 59
Train MSE Loss     : 0.00003164	 | 	Train MAPE Loss     : 0.47452351
Valid MSE Loss     : 0.00004538	 | 	Valid MAPE Loss     : 0.57563925
lr                 : [3e-06]


Epoch : 60
Train MSE Loss     : 0.00002843	 | 	Train MAPE Loss     : 0.45234653
Valid MSE Loss     : 0.00003080	 | 	Valid MAPE Loss     : 0.44121596
lr                 : [3e-06]


Epoch : 61
Train MSE Loss     : 0.00002424	 | 	Train MAPE Loss     : 0.41078606
Valid MSE Loss     : 0.00004448	 | 	Valid MAPE Loss     : 0.56609386
lr                 : [3e-06]


Epoch : 62
Train MSE Loss     : 0.00002865	 | 	Train MAPE Loss     : 0.44509411
Valid MSE Loss     : 0.00003177	 | 	Valid MAPE Loss     : 0.45852131
lr                 : [3e-06]


Epoch : 63
Train MSE Loss     : 0.00003025	 | 	Train MAPE Loss     : 0.46867573
Valid MSE Loss     : 0.00002718	 | 	Valid MAPE Loss     : 0.41244668
lr                 : [3e-06]


Epoch : 64
Train MSE Loss     : 0.00004033	 | 	Train MAPE Loss     : 0.53655183
Valid MSE Loss     : 0.00003213	 | 	Valid MAPE Loss     : 0.47043127
lr                 : [3e-06]


Epoch : 65
Train MSE Loss     : 0.00002799	 | 	Train MAPE Loss     : 0.44037172
Valid MSE Loss     : 0.00003036	 | 	Valid MAPE Loss     : 0.44390088
lr                 : [3e-06]


Epoch : 66
Train MSE Loss     : 0.00002899	 | 	Train MAPE Loss     : 0.45338181
Valid MSE Loss     : 0.00003207	 | 	Valid MAPE Loss     : 0.43981257
lr                 : [3e-06]


Epoch : 67
Train MSE Loss     : 0.00002901	 | 	Train MAPE Loss     : 0.45446083
Valid MSE Loss     : 0.00002746	 | 	Valid MAPE Loss     : 0.42206305
lr                 : [3e-06]


Epoch : 68
Train MSE Loss     : 0.00002576	 | 	Train MAPE Loss     : 0.42644933
Valid MSE Loss     : 0.00005035	 | 	Valid MAPE Loss     : 0.62284178
lr                 : [3e-06]


Epoch : 69
Train MSE Loss     : 0.00002351	 | 	Train MAPE Loss     : 0.40795487
Valid MSE Loss     : 0.00003722	 | 	Valid MAPE Loss     : 0.50004488
lr                 : [3e-06]


Epoch : 70
Train MSE Loss     : 0.00002682	 | 	Train MAPE Loss     : 0.43049774
Valid MSE Loss     : 0.00003441	 | 	Valid MAPE Loss     : 0.47266787
lr                 : [3e-06]


Epoch : 71
Train MSE Loss     : 0.00002775	 | 	Train MAPE Loss     : 0.44021979
Valid MSE Loss     : 0.00002922	 | 	Valid MAPE Loss     : 0.43287742
lr                 : [3e-06]


Epoch : 72
Train MSE Loss     : 0.00003050	 | 	Train MAPE Loss     : 0.45795718
Valid MSE Loss     : 0.00004481	 | 	Valid MAPE Loss     : 0.57980025
lr                 : [3e-06]


Epoch : 73
Train MSE Loss     : 0.00002547	 | 	Train MAPE Loss     : 0.42536581
Valid MSE Loss     : 0.00003479	 | 	Valid MAPE Loss     : 0.46904993
lr                 : [3e-06]


Epoch : 74
Train MSE Loss     : 0.00002293	 | 	Train MAPE Loss     : 0.39374197
Valid MSE Loss     : 0.00003116	 | 	Valid MAPE Loss     : 0.44651863
lr                 : [3.0000000000000004e-07]


Epoch : 75
Train MSE Loss     : 0.00002360	 | 	Train MAPE Loss     : 0.39943969
Valid MSE Loss     : 0.00003121	 | 	Valid MAPE Loss     : 0.46137968
lr                 : [3.0000000000000004e-07]


Epoch : 76
Train MSE Loss     : 0.00002273	 | 	Train MAPE Loss     : 0.39150593
Valid MSE Loss     : 0.00003182	 | 	Valid MAPE Loss     : 0.45931464
lr                 : [3.0000000000000004e-07]


Epoch : 77
Train MSE Loss     : 0.00001852	 | 	Train MAPE Loss     : 0.35572320
Valid MSE Loss     : 0.00003054	 | 	Valid MAPE Loss     : 0.44953716
lr                 : [3.0000000000000004e-07]


Epoch : 78
Train MSE Loss     : 0.00002302	 | 	Train MAPE Loss     : 0.38619500
Valid MSE Loss     : 0.00003083	 | 	Valid MAPE Loss     : 0.45139214
lr                 : [3.0000000000000004e-07]


Epoch : 79
Train MSE Loss     : 0.00002307	 | 	Train MAPE Loss     : 0.39898160
Valid MSE Loss     : 0.00003105	 | 	Valid MAPE Loss     : 0.45478225
lr                 : [3.0000000000000004e-07]


Epoch : 80
Train MSE Loss     : 0.00002141	 | 	Train MAPE Loss     : 0.38924524
Valid MSE Loss     : 0.00003217	 | 	Valid MAPE Loss     : 0.46684730
lr                 : [3.0000000000000004e-07]


Epoch : 81
Train MSE Loss     : 0.00001881	 | 	Train MAPE Loss     : 0.36005524
Valid MSE Loss     : 0.00003033	 | 	Valid MAPE Loss     : 0.44564769
lr                 : [3.0000000000000004e-07]


Epoch : 82
Train MSE Loss     : 0.00002198	 | 	Train MAPE Loss     : 0.39248371
Valid MSE Loss     : 0.00003327	 | 	Valid MAPE Loss     : 0.47536516
lr                 : [3.0000000000000004e-07]


Epoch : 83
Train MSE Loss     : 0.00002192	 | 	Train MAPE Loss     : 0.38346541
Valid MSE Loss     : 0.00003474	 | 	Valid MAPE Loss     : 0.48435944
lr                 : [3.0000000000000004e-07]


Epoch : 84
Train MSE Loss     : 0.00001926	 | 	Train MAPE Loss     : 0.36302221
Valid MSE Loss     : 0.00003010	 | 	Valid MAPE Loss     : 0.44937685
lr                 : [3.0000000000000004e-07]


Epoch : 85
Train MSE Loss     : 0.00002184	 | 	Train MAPE Loss     : 0.38585261
Valid MSE Loss     : 0.00003064	 | 	Valid MAPE Loss     : 0.44823706
lr                 : [3.0000000000000004e-08]


Epoch : 86
Train MSE Loss     : 0.00002055	 | 	Train MAPE Loss     : 0.37519559
Valid MSE Loss     : 0.00003320	 | 	Valid MAPE Loss     : 0.47526532
lr                 : [3.0000000000000004e-08]


Epoch : 87
Train MSE Loss     : 0.00002093	 | 	Train MAPE Loss     : 0.38078669
Valid MSE Loss     : 0.00003146	 | 	Valid MAPE Loss     : 0.45763755
lr                 : [3.0000000000000004e-08]


Epoch : 88
Train MSE Loss     : 0.00002140	 | 	Train MAPE Loss     : 0.37316751
Valid MSE Loss     : 0.00003173	 | 	Valid MAPE Loss     : 0.46128640
lr                 : [3.0000000000000004e-08]


Epoch : 89
Train MSE Loss     : 0.00001999	 | 	Train MAPE Loss     : 0.36932504
Valid MSE Loss     : 0.00003052	 | 	Valid MAPE Loss     : 0.45039800
lr                 : [3.0000000000000004e-08]


Epoch : 90
Train MSE Loss     : 0.00002047	 | 	Train MAPE Loss     : 0.37112162
Valid MSE Loss     : 0.00003239	 | 	Valid MAPE Loss     : 0.46460626
lr                 : [3.0000000000000004e-08]


Epoch : 91
Train MSE Loss     : 0.00001981	 | 	Train MAPE Loss     : 0.36541614
Valid MSE Loss     : 0.00003085	 | 	Valid MAPE Loss     : 0.45380867
lr                 : [3.0000000000000004e-08]


Epoch : 92
Train MSE Loss     : 0.00002126	 | 	Train MAPE Loss     : 0.37694046
Valid MSE Loss     : 0.00003144	 | 	Valid MAPE Loss     : 0.45653355
lr                 : [3.0000000000000004e-08]


Epoch : 93
Train MSE Loss     : 0.00002077	 | 	Train MAPE Loss     : 0.37288153
Valid MSE Loss     : 0.00003247	 | 	Valid MAPE Loss     : 0.46700889
lr                 : [3.0000000000000004e-08]


Epoch : 94
Train MSE Loss     : 0.00002045	 | 	Train MAPE Loss     : 0.36623323
Valid MSE Loss     : 0.00003118	 | 	Valid MAPE Loss     : 0.45799524
lr                 : [3.0000000000000004e-08]


Epoch : 95
Train MSE Loss     : 0.00002283	 | 	Train MAPE Loss     : 0.39373818
Valid MSE Loss     : 0.00003146	 | 	Valid MAPE Loss     : 0.46239084
lr                 : [3.0000000000000004e-08]


Epoch : 96
Train MSE Loss     : 0.00002269	 | 	Train MAPE Loss     : 0.38772777
Valid MSE Loss     : 0.00003179	 | 	Valid MAPE Loss     : 0.46448755
lr                 : [3.0000000000000004e-09]


Epoch : 97
Train MSE Loss     : 0.00001913	 | 	Train MAPE Loss     : 0.36370566
Valid MSE Loss     : 0.00003121	 | 	Valid MAPE Loss     : 0.45926952
lr                 : [3.0000000000000004e-09]


Epoch : 98
Train MSE Loss     : 0.00001864	 | 	Train MAPE Loss     : 0.35650080
Valid MSE Loss     : 0.00003264	 | 	Valid MAPE Loss     : 0.46852130
lr                 : [3.0000000000000004e-09]


Epoch : 99
Train MSE Loss     : 0.00002033	 | 	Train MAPE Loss     : 0.37077522
Valid MSE Loss     : 0.00003240	 | 	Valid MAPE Loss     : 0.46672368
lr                 : [3.0000000000000004e-09]


Epoch : 100
Train MSE Loss     : 0.00001980	 | 	Train MAPE Loss     : 0.36761951
Valid MSE Loss     : 0.00003112	 | 	Valid MAPE Loss     : 0.45541823
lr                 : [3.0000000000000004e-09]


Epoch : 101
Train MSE Loss     : 0.00001910	 | 	Train MAPE Loss     : 0.36000454
Valid MSE Loss     : 0.00003126	 | 	Valid MAPE Loss     : 0.45461202
lr                 : [3.0000000000000004e-09]


Epoch : 102
Train MSE Loss     : 0.00002022	 | 	Train MAPE Loss     : 0.36889839
Valid MSE Loss     : 0.00003165	 | 	Valid MAPE Loss     : 0.45985654
lr                 : [3.0000000000000004e-09]


Epoch : 103
Train MSE Loss     : 0.00001943	 | 	Train MAPE Loss     : 0.35844302
Valid MSE Loss     : 0.00003064	 | 	Valid MAPE Loss     : 0.45199457
lr                 : [3.0000000000000004e-09]


Epoch : 104
Train MSE Loss     : 0.00001974	 | 	Train MAPE Loss     : 0.36683074
Valid MSE Loss     : 0.00003126	 | 	Valid MAPE Loss     : 0.45877492
lr                 : [3.0000000000000004e-09]


Epoch : 105
Train MSE Loss     : 0.00002047	 | 	Train MAPE Loss     : 0.37085763
Valid MSE Loss     : 0.00002936	 | 	Valid MAPE Loss     : 0.44261730
lr                 : [3.0000000000000004e-09]


Epoch : 106
Train MSE Loss     : 0.00002225	 | 	Train MAPE Loss     : 0.39593557
Valid MSE Loss     : 0.00003127	 | 	Valid MAPE Loss     : 0.45770806
lr                 : [3.0000000000000004e-09]


Epoch : 107
Train MSE Loss     : 0.00002103	 | 	Train MAPE Loss     : 0.38158256
Valid MSE Loss     : 0.00003067	 | 	Valid MAPE Loss     : 0.45289227
lr                 : [3.0000000000000004e-09]


Epoch : 108
Train MSE Loss     : 0.00002147	 | 	Train MAPE Loss     : 0.38198936
Valid MSE Loss     : 0.00003178	 | 	Valid MAPE Loss     : 0.46085954
lr                 : [3.0000000000000004e-09]


Epoch : 109
Train MSE Loss     : 0.00002317	 | 	Train MAPE Loss     : 0.39593944
Valid MSE Loss     : 0.00003155	 | 	Valid MAPE Loss     : 0.45899111
lr                 : [3.0000000000000004e-09]


Epoch : 110
Train MSE Loss     : 0.00001789	 | 	Train MAPE Loss     : 0.35290173
Valid MSE Loss     : 0.00003145	 | 	Valid MAPE Loss     : 0.45978913
lr                 : [3.0000000000000004e-09]


Epoch : 111
Train MSE Loss     : 0.00002187	 | 	Train MAPE Loss     : 0.38109845
Valid MSE Loss     : 0.00003093	 | 	Valid MAPE Loss     : 0.45480928
lr                 : [3.0000000000000004e-09]


Epoch : 112
Train MSE Loss     : 0.00001989	 | 	Train MAPE Loss     : 0.37112865
Valid MSE Loss     : 0.00003191	 | 	Valid MAPE Loss     : 0.46148789
lr                 : [3.0000000000000004e-09]


Epoch : 113
Train MSE Loss     : 0.00001995	 | 	Train MAPE Loss     : 0.36998862
Valid MSE Loss     : 0.00003161	 | 	Valid MAPE Loss     : 0.46098500
lr                 : [3.0000000000000004e-09]


Epoch : 114
Train MSE Loss     : 0.00001846	 | 	Train MAPE Loss     : 0.35329017
Valid MSE Loss     : 0.00003208	 | 	Valid MAPE Loss     : 0.46238643
lr                 : [3.0000000000000004e-09]


Epoch : 115
Train MSE Loss     : 0.00002217	 | 	Train MAPE Loss     : 0.38843116
Valid MSE Loss     : 0.00002970	 | 	Valid MAPE Loss     : 0.44422746
lr                 : [3.0000000000000004e-09]


Epoch : 116
Train MSE Loss     : 0.00001849	 | 	Train MAPE Loss     : 0.35575664
Valid MSE Loss     : 0.00003235	 | 	Valid MAPE Loss     : 0.46682063
lr                 : [3.0000000000000004e-09]


Epoch : 117
Train MSE Loss     : 0.00002469	 | 	Train MAPE Loss     : 0.41294965
Valid MSE Loss     : 0.00003140	 | 	Valid MAPE Loss     : 0.45826125
lr                 : [3.0000000000000004e-09]


Epoch : 118
Train MSE Loss     : 0.00002156	 | 	Train MAPE Loss     : 0.38481081
Valid MSE Loss     : 0.00002987	 | 	Valid MAPE Loss     : 0.44778550
lr                 : [3.0000000000000004e-09]


Epoch : 119
Train MSE Loss     : 0.00002316	 | 	Train MAPE Loss     : 0.39670268
Valid MSE Loss     : 0.00002941	 | 	Valid MAPE Loss     : 0.44243455
lr                 : [3.0000000000000004e-09]


Epoch : 120
Train MSE Loss     : 0.00001871	 | 	Train MAPE Loss     : 0.35374439
Valid MSE Loss     : 0.00003076	 | 	Valid MAPE Loss     : 0.45239091
lr                 : [3.0000000000000004e-09]


Epoch : 121
Train MSE Loss     : 0.00002162	 | 	Train MAPE Loss     : 0.38784447
Valid MSE Loss     : 0.00003057	 | 	Valid MAPE Loss     : 0.44932890
lr                 : [3.0000000000000004e-09]


Epoch : 122
Train MSE Loss     : 0.00002215	 | 	Train MAPE Loss     : 0.38774717
Valid MSE Loss     : 0.00003152	 | 	Valid MAPE Loss     : 0.45808226
lr                 : [3.0000000000000004e-09]


Epoch : 123
Train MSE Loss     : 0.00002011	 | 	Train MAPE Loss     : 0.36719024
Valid MSE Loss     : 0.00003157	 | 	Valid MAPE Loss     : 0.45857579
lr                 : [3.0000000000000004e-09]


Epoch : 124
Train MSE Loss     : 0.00002117	 | 	Train MAPE Loss     : 0.38056725
Valid MSE Loss     : 0.00003384	 | 	Valid MAPE Loss     : 0.47961593
lr                 : [3.0000000000000004e-09]


Epoch : 125
Train MSE Loss     : 0.00002109	 | 	Train MAPE Loss     : 0.37745351
Valid MSE Loss     : 0.00003287	 | 	Valid MAPE Loss     : 0.47083592
lr                 : [3.0000000000000004e-09]


Epoch : 126
Train MSE Loss     : 0.00002066	 | 	Train MAPE Loss     : 0.37706223
Valid MSE Loss     : 0.00003236	 | 	Valid MAPE Loss     : 0.46578926
lr                 : [3.0000000000000004e-09]


Epoch : 127
Train MSE Loss     : 0.00002256	 | 	Train MAPE Loss     : 0.39399251
Valid MSE Loss     : 0.00003261	 | 	Valid MAPE Loss     : 0.46987292
lr                 : [3.0000000000000004e-09]


Epoch : 128
Train MSE Loss     : 0.00001922	 | 	Train MAPE Loss     : 0.36095312
Valid MSE Loss     : 0.00003349	 | 	Valid MAPE Loss     : 0.47617266
lr                 : [3.0000000000000004e-09]


Epoch : 129
Train MSE Loss     : 0.00002058	 | 	Train MAPE Loss     : 0.37216559
Valid MSE Loss     : 0.00003184	 | 	Valid MAPE Loss     : 0.46293539
lr                 : [3.0000000000000004e-09]


Epoch : 130
Train MSE Loss     : 0.00002035	 | 	Train MAPE Loss     : 0.37427971
Valid MSE Loss     : 0.00003068	 | 	Valid MAPE Loss     : 0.45220068
lr                 : [3.0000000000000004e-09]


Epoch : 131
Train MSE Loss     : 0.00002354	 | 	Train MAPE Loss     : 0.40303412
Valid MSE Loss     : 0.00003004	 | 	Valid MAPE Loss     : 0.44593662
lr                 : [3.0000000000000004e-09]


Epoch : 132
Train MSE Loss     : 0.00001780	 | 	Train MAPE Loss     : 0.34523472
Valid MSE Loss     : 0.00003111	 | 	Valid MAPE Loss     : 0.45606020
lr                 : [3.0000000000000004e-09]


Epoch : 133
Train MSE Loss     : 0.00001859	 | 	Train MAPE Loss     : 0.36119300
Valid MSE Loss     : 0.00003175	 | 	Valid MAPE Loss     : 0.46400565
lr                 : [3.0000000000000004e-09]


Epoch : 134
Train MSE Loss     : 0.00002167	 | 	Train MAPE Loss     : 0.38257539
Valid MSE Loss     : 0.00003147	 | 	Valid MAPE Loss     : 0.45708507
lr                 : [3.0000000000000004e-09]


Epoch : 135
Train MSE Loss     : 0.00002292	 | 	Train MAPE Loss     : 0.38906968
Valid MSE Loss     : 0.00003158	 | 	Valid MAPE Loss     : 0.45909038
lr                 : [3.0000000000000004e-09]


Epoch : 136
Train MSE Loss     : 0.00002220	 | 	Train MAPE Loss     : 0.38593864
Valid MSE Loss     : 0.00003132	 | 	Valid MAPE Loss     : 0.45725328
lr                 : [3.0000000000000004e-09]


Epoch : 137
Train MSE Loss     : 0.00002200	 | 	Train MAPE Loss     : 0.39103749
Valid MSE Loss     : 0.00003144	 | 	Valid MAPE Loss     : 0.45785615
lr                 : [3.0000000000000004e-09]


Epoch : 138
Train MSE Loss     : 0.00002080	 | 	Train MAPE Loss     : 0.37586692
Valid MSE Loss     : 0.00002940	 | 	Valid MAPE Loss     : 0.44111079
lr                 : [3.0000000000000004e-09]


Epoch : 139
Train MSE Loss     : 0.00002266	 | 	Train MAPE Loss     : 0.39710370
Valid MSE Loss     : 0.00003219	 | 	Valid MAPE Loss     : 0.46615189
lr                 : [3.0000000000000004e-09]


Epoch : 140
Train MSE Loss     : 0.00002037	 | 	Train MAPE Loss     : 0.37630603
Valid MSE Loss     : 0.00003258	 | 	Valid MAPE Loss     : 0.46964014
lr                 : [3.0000000000000004e-09]


Epoch : 141
Train MSE Loss     : 0.00002335	 | 	Train MAPE Loss     : 0.40047380
Valid MSE Loss     : 0.00003271	 | 	Valid MAPE Loss     : 0.47164968
lr                 : [3.0000000000000004e-09]


Epoch : 142
Train MSE Loss     : 0.00002250	 | 	Train MAPE Loss     : 0.39423686
Valid MSE Loss     : 0.00003275	 | 	Valid MAPE Loss     : 0.47080129
lr                 : [3.0000000000000004e-09]


Epoch : 143
Train MSE Loss     : 0.00002063	 | 	Train MAPE Loss     : 0.37598273
Valid MSE Loss     : 0.00003333	 | 	Valid MAPE Loss     : 0.47659290
lr                 : [3.0000000000000004e-09]


Epoch : 144
Train MSE Loss     : 0.00002099	 | 	Train MAPE Loss     : 0.38042411
Valid MSE Loss     : 0.00003011	 | 	Valid MAPE Loss     : 0.44780234
lr                 : [3.0000000000000004e-09]


Epoch : 145
Train MSE Loss     : 0.00002060	 | 	Train MAPE Loss     : 0.37537050
Valid MSE Loss     : 0.00002994	 | 	Valid MAPE Loss     : 0.44731688
lr                 : [3.0000000000000004e-09]


Epoch : 146
Train MSE Loss     : 0.00002256	 | 	Train MAPE Loss     : 0.39468858
Valid MSE Loss     : 0.00003109	 | 	Valid MAPE Loss     : 0.45365909
lr                 : [3.0000000000000004e-09]


Epoch : 147
Train MSE Loss     : 0.00002021	 | 	Train MAPE Loss     : 0.37351838
Valid MSE Loss     : 0.00003093	 | 	Valid MAPE Loss     : 0.45369714
lr                 : [3.0000000000000004e-09]


Epoch : 148
Train MSE Loss     : 0.00002058	 | 	Train MAPE Loss     : 0.37708580
Valid MSE Loss     : 0.00003190	 | 	Valid MAPE Loss     : 0.45928305
lr                 : [3.0000000000000004e-09]


Epoch : 149
Train MSE Loss     : 0.00002193	 | 	Train MAPE Loss     : 0.38701135
Valid MSE Loss     : 0.00003035	 | 	Valid MAPE Loss     : 0.44790289
lr                 : [3.0000000000000004e-09]


Epoch : 150
Train MSE Loss     : 0.00002158	 | 	Train MAPE Loss     : 0.38699543
Valid MSE Loss     : 0.00003204	 | 	Valid MAPE Loss     : 0.46291259
lr                 : [3.0000000000000004e-09]


Evaluate on the Test set:
Test MAPE loss      :0.63533592	 | Test MSE loss      : 0.00006059

################## Training is Done! #########################
