=============================================
Dataset: cell_Tongji_NCA_data
Mode:    fine_tuned
=============================================
Fine tuning started ....

Epoch : 1
Train MSE Loss     : 1.00006175	 | 	Train MAPE Loss     : 0.51053923
Valid MSE Loss     : 0.00002218	 | 	Valid MAPE Loss     : 0.35787973
lr                 : [3e-06]


Epoch : 2
Train MSE Loss     : 1.00005043	 | 	Train MAPE Loss     : 0.50747573
Valid MSE Loss     : 0.00002935	 | 	Valid MAPE Loss     : 0.33731470
lr                 : [3e-06]


Epoch : 3
Train MSE Loss     : 1.00004649	 | 	Train MAPE Loss     : 0.49876302
Valid MSE Loss     : 0.00004448	 | 	Valid MAPE Loss     : 0.55486375
lr                 : [3e-06]


Epoch : 4
Train MSE Loss     : 1.00004840	 | 	Train MAPE Loss     : 0.52740616
Valid MSE Loss     : 0.00003920	 | 	Valid MAPE Loss     : 0.56414658
lr                 : [3e-06]


Epoch : 5
Train MSE Loss     : 1.00005519	 | 	Train MAPE Loss     : 0.53944576
Valid MSE Loss     : 0.00005647	 | 	Valid MAPE Loss     : 0.55920935
lr                 : [3e-06]


Epoch : 6
Train MSE Loss     : 1.00005805	 | 	Train MAPE Loss     : 0.51734871
Valid MSE Loss     : 0.00005924	 | 	Valid MAPE Loss     : 0.59869772
lr                 : [3e-06]


Epoch : 7
Train MSE Loss     : 1.00004625	 | 	Train MAPE Loss     : 0.52456480
Valid MSE Loss     : 0.00005969	 | 	Valid MAPE Loss     : 0.51940769
lr                 : [3e-06]


Epoch : 8
Train MSE Loss     : 1.00004590	 | 	Train MAPE Loss     : 0.51065010
Valid MSE Loss     : 0.00004060	 | 	Valid MAPE Loss     : 0.40154961
lr                 : [3e-06]


Epoch : 9
Train MSE Loss     : 1.00005245	 | 	Train MAPE Loss     : 0.48374912
Valid MSE Loss     : 0.00006752	 | 	Valid MAPE Loss     : 0.70815843
lr                 : [3e-06]


Epoch : 10
Train MSE Loss     : 1.00004101	 | 	Train MAPE Loss     : 0.47551873
Valid MSE Loss     : 0.00004433	 | 	Valid MAPE Loss     : 0.61271000
lr                 : [3e-06]


Epoch : 11
Train MSE Loss     : 1.00005865	 | 	Train MAPE Loss     : 0.49341092
Valid MSE Loss     : 0.00002063	 | 	Valid MAPE Loss     : 0.34591177
lr                 : [3e-06]


Epoch : 12
Train MSE Loss     : 1.00003552	 | 	Train MAPE Loss     : 0.41974685
Valid MSE Loss     : 0.00003115	 | 	Valid MAPE Loss     : 0.44577229
lr                 : [3e-06]


Epoch : 13
Train MSE Loss     : 1.00003612	 | 	Train MAPE Loss     : 0.45505059
Valid MSE Loss     : 0.00004475	 | 	Valid MAPE Loss     : 0.57703954
lr                 : [3.0000000000000004e-07]


Epoch : 14
Train MSE Loss     : 1.00004208	 | 	Train MAPE Loss     : 0.42057335
Valid MSE Loss     : 0.00002655	 | 	Valid MAPE Loss     : 0.34913254
lr                 : [3.0000000000000004e-07]


Epoch : 15
Train MSE Loss     : 1.00003827	 | 	Train MAPE Loss     : 0.38530830
Valid MSE Loss     : 0.00002503	 | 	Valid MAPE Loss     : 0.39964119
lr                 : [3.0000000000000004e-07]


Epoch : 16
Train MSE Loss     : 1.00002730	 | 	Train MAPE Loss     : 0.37758139
Valid MSE Loss     : 0.00001890	 | 	Valid MAPE Loss     : 0.30796733
lr                 : [3.0000000000000004e-07]


Epoch : 17
Train MSE Loss     : 1.00002706	 | 	Train MAPE Loss     : 0.37095779
Valid MSE Loss     : 0.00002315	 | 	Valid MAPE Loss     : 0.37119296
lr                 : [3.0000000000000004e-07]


Epoch : 18
Train MSE Loss     : 1.00003064	 | 	Train MAPE Loss     : 0.39327240
Valid MSE Loss     : 0.00005644	 | 	Valid MAPE Loss     : 0.45703396
lr                 : [3.0000000000000004e-07]


Epoch : 19
Train MSE Loss     : 1.00003421	 | 	Train MAPE Loss     : 0.37641329
Valid MSE Loss     : 0.00005768	 | 	Valid MAPE Loss     : 0.46170366
lr                 : [3.0000000000000004e-07]


Epoch : 20
Train MSE Loss     : 1.00002921	 | 	Train MAPE Loss     : 0.37591156
Valid MSE Loss     : 0.00003673	 | 	Valid MAPE Loss     : 0.49225274
lr                 : [3.0000000000000004e-07]


Epoch : 21
Train MSE Loss     : 1.00003552	 | 	Train MAPE Loss     : 0.39818761
Valid MSE Loss     : 0.00001981	 | 	Valid MAPE Loss     : 0.30303547
lr                 : [3.0000000000000004e-07]


Epoch : 22
Train MSE Loss     : 1.00002897	 | 	Train MAPE Loss     : 0.38272077
Valid MSE Loss     : 0.00002348	 | 	Valid MAPE Loss     : 0.36109385
lr                 : [3.0000000000000004e-07]


Epoch : 23
Train MSE Loss     : 1.00003839	 | 	Train MAPE Loss     : 0.40423444
Valid MSE Loss     : 0.00001659	 | 	Valid MAPE Loss     : 0.28132981
lr                 : [3.0000000000000004e-07]


Epoch : 24
Train MSE Loss     : 1.00003004	 | 	Train MAPE Loss     : 0.38462895
Valid MSE Loss     : 0.00002346	 | 	Valid MAPE Loss     : 0.32438263
lr                 : [3.0000000000000004e-07]


Epoch : 25
Train MSE Loss     : 1.00002956	 | 	Train MAPE Loss     : 0.38543642
Valid MSE Loss     : 0.00003111	 | 	Valid MAPE Loss     : 0.48317587
lr                 : [3.0000000000000004e-07]


Epoch : 26
Train MSE Loss     : 1.00002837	 | 	Train MAPE Loss     : 0.37742037
Valid MSE Loss     : 0.00003044	 | 	Valid MAPE Loss     : 0.36520231
lr                 : [3.0000000000000004e-07]


Epoch : 27
Train MSE Loss     : 1.00003326	 | 	Train MAPE Loss     : 0.36647302
Valid MSE Loss     : 0.00001656	 | 	Valid MAPE Loss     : 0.27631623
lr                 : [3.0000000000000004e-07]


Epoch : 28
Train MSE Loss     : 1.00003958	 | 	Train MAPE Loss     : 0.41583174
Valid MSE Loss     : 0.00004224	 | 	Valid MAPE Loss     : 0.51787150
lr                 : [3.0000000000000004e-07]


Epoch : 29
Train MSE Loss     : 1.00003004	 | 	Train MAPE Loss     : 0.39727405
Valid MSE Loss     : 0.00002805	 | 	Valid MAPE Loss     : 0.39962316
lr                 : [3.0000000000000004e-07]


Epoch : 30
Train MSE Loss     : 1.00002742	 | 	Train MAPE Loss     : 0.37579617
Valid MSE Loss     : 0.00004605	 | 	Valid MAPE Loss     : 0.52678609
lr                 : [3.0000000000000004e-07]


Epoch : 31
Train MSE Loss     : 1.00003362	 | 	Train MAPE Loss     : 0.37045017
Valid MSE Loss     : 0.00003916	 | 	Valid MAPE Loss     : 0.57739389
lr                 : [3.0000000000000004e-07]


Epoch : 32
Train MSE Loss     : 1.00002754	 | 	Train MAPE Loss     : 0.37085804
Valid MSE Loss     : 0.00003003	 | 	Valid MAPE Loss     : 0.45120355
lr                 : [3.0000000000000004e-07]


Epoch : 33
Train MSE Loss     : 1.00003052	 | 	Train MAPE Loss     : 0.40260932
Valid MSE Loss     : 0.00002390	 | 	Valid MAPE Loss     : 0.38674298
lr                 : [3.0000000000000004e-07]


Epoch : 34
Train MSE Loss     : 1.00002742	 | 	Train MAPE Loss     : 0.37495211
Valid MSE Loss     : 0.00001654	 | 	Valid MAPE Loss     : 0.28159371
lr                 : [3.0000000000000004e-07]


Epoch : 35
Train MSE Loss     : 1.00004494	 | 	Train MAPE Loss     : 0.40879506
Valid MSE Loss     : 0.00005652	 | 	Valid MAPE Loss     : 0.71090871
lr                 : [3.0000000000000004e-07]


Epoch : 36
Train MSE Loss     : 1.00003898	 | 	Train MAPE Loss     : 0.39246210
Valid MSE Loss     : 0.00001970	 | 	Valid MAPE Loss     : 0.33341154
lr                 : [3.0000000000000004e-07]


Epoch : 37
Train MSE Loss     : 1.00002813	 | 	Train MAPE Loss     : 0.37950170
Valid MSE Loss     : 0.00002055	 | 	Valid MAPE Loss     : 0.29521656
lr                 : [3.0000000000000004e-07]


Epoch : 38
Train MSE Loss     : 1.00002706	 | 	Train MAPE Loss     : 0.36961666
Valid MSE Loss     : 0.00002323	 | 	Valid MAPE Loss     : 0.38785753
lr                 : [3.0000000000000004e-08]


Epoch : 39
Train MSE Loss     : 1.00002623	 | 	Train MAPE Loss     : 0.35837400
Valid MSE Loss     : 0.00004823	 | 	Valid MAPE Loss     : 0.46636513
lr                 : [3.0000000000000004e-08]


Epoch : 40
Train MSE Loss     : 1.00002491	 | 	Train MAPE Loss     : 0.34809527
Valid MSE Loss     : 0.00004013	 | 	Valid MAPE Loss     : 0.48632860
lr                 : [3.0000000000000004e-08]


Epoch : 41
Train MSE Loss     : 1.00003588	 | 	Train MAPE Loss     : 0.39359319
Valid MSE Loss     : 0.00002608	 | 	Valid MAPE Loss     : 0.37290290
lr                 : [3.0000000000000004e-08]


Epoch : 42
Train MSE Loss     : 1.00002789	 | 	Train MAPE Loss     : 0.37152067
Valid MSE Loss     : 0.00003240	 | 	Valid MAPE Loss     : 0.41042638
lr                 : [3.0000000000000004e-08]


Epoch : 43
Train MSE Loss     : 1.00002623	 | 	Train MAPE Loss     : 0.35546398
Valid MSE Loss     : 0.00002279	 | 	Valid MAPE Loss     : 0.34630939
lr                 : [3.0000000000000004e-08]


Epoch : 44
Train MSE Loss     : 1.00002670	 | 	Train MAPE Loss     : 0.35824046
Valid MSE Loss     : 0.00001917	 | 	Valid MAPE Loss     : 0.31694233
lr                 : [3.0000000000000004e-08]


Epoch : 45
Train MSE Loss     : 1.00002646	 | 	Train MAPE Loss     : 0.36128154
Valid MSE Loss     : 0.00003603	 | 	Valid MAPE Loss     : 0.47825721
lr                 : [3.0000000000000004e-08]


Epoch : 46
Train MSE Loss     : 1.00003338	 | 	Train MAPE Loss     : 0.36649793
Valid MSE Loss     : 0.00003274	 | 	Valid MAPE Loss     : 0.39296901
lr                 : [3.0000000000000004e-08]


Epoch : 47
Train MSE Loss     : 1.00002670	 | 	Train MAPE Loss     : 0.36924469
Valid MSE Loss     : 0.00002869	 | 	Valid MAPE Loss     : 0.37503955
lr                 : [3.0000000000000004e-08]


Epoch : 48
Train MSE Loss     : 1.00003505	 | 	Train MAPE Loss     : 0.37076333
Valid MSE Loss     : 0.00002839	 | 	Valid MAPE Loss     : 0.37251174
lr                 : [3.0000000000000004e-08]


Epoch : 49
Train MSE Loss     : 1.00002801	 | 	Train MAPE Loss     : 0.36958262
Valid MSE Loss     : 0.00002221	 | 	Valid MAPE Loss     : 0.30104235
lr                 : [3.0000000000000004e-09]


Epoch : 50
Train MSE Loss     : 1.00003362	 | 	Train MAPE Loss     : 0.36310485
Valid MSE Loss     : 0.00002643	 | 	Valid MAPE Loss     : 0.29630640
lr                 : [3.0000000000000004e-09]


Epoch : 51
Train MSE Loss     : 1.00003505	 | 	Train MAPE Loss     : 0.36277488
Valid MSE Loss     : 0.00003019	 | 	Valid MAPE Loss     : 0.34260508
lr                 : [3.0000000000000004e-09]


Epoch : 52
Train MSE Loss     : 1.00002670	 | 	Train MAPE Loss     : 0.36465746
Valid MSE Loss     : 0.00001720	 | 	Valid MAPE Loss     : 0.27330759
lr                 : [3.0000000000000004e-09]


Epoch : 53
Train MSE Loss     : 1.00002646	 | 	Train MAPE Loss     : 0.34836680
Valid MSE Loss     : 0.00003399	 | 	Valid MAPE Loss     : 0.37217021
lr                 : [3.0000000000000004e-09]


Epoch : 54
Train MSE Loss     : 1.00003219	 | 	Train MAPE Loss     : 0.36727649
Valid MSE Loss     : 0.00002734	 | 	Valid MAPE Loss     : 0.33909503
lr                 : [3.0000000000000004e-09]


Epoch : 55
Train MSE Loss     : 1.00002682	 | 	Train MAPE Loss     : 0.35523993
Valid MSE Loss     : 0.00002914	 | 	Valid MAPE Loss     : 0.31125823
lr                 : [3.0000000000000004e-09]


Epoch : 56
Train MSE Loss     : 1.00002646	 | 	Train MAPE Loss     : 0.36678898
Valid MSE Loss     : 0.00002776	 | 	Valid MAPE Loss     : 0.41076902
lr                 : [3.0000000000000004e-09]


Epoch : 57
Train MSE Loss     : 1.00003481	 | 	Train MAPE Loss     : 0.38555911
Valid MSE Loss     : 0.00004399	 | 	Valid MAPE Loss     : 0.60533661
lr                 : [3.0000000000000004e-09]


Epoch : 58
Train MSE Loss     : 1.00003397	 | 	Train MAPE Loss     : 0.38100168
Valid MSE Loss     : 0.00003265	 | 	Valid MAPE Loss     : 0.48721966
lr                 : [3.0000000000000004e-09]


Epoch : 59
Train MSE Loss     : 1.00002670	 | 	Train MAPE Loss     : 0.37486365
Valid MSE Loss     : 0.00001986	 | 	Valid MAPE Loss     : 0.34178698
lr                 : [3.0000000000000004e-09]


Epoch : 60
Train MSE Loss     : 1.00003326	 | 	Train MAPE Loss     : 0.37315017
Valid MSE Loss     : 0.00003627	 | 	Valid MAPE Loss     : 0.36467016
lr                 : [3.0000000000000004e-09]


Epoch : 61
Train MSE Loss     : 1.00002611	 | 	Train MAPE Loss     : 0.35873067
Valid MSE Loss     : 0.00002949	 | 	Valid MAPE Loss     : 0.41284665
lr                 : [3.0000000000000004e-09]


Epoch : 62
Train MSE Loss     : 1.00003874	 | 	Train MAPE Loss     : 0.39862940
Valid MSE Loss     : 0.00004449	 | 	Valid MAPE Loss     : 0.52771884
lr                 : [3.0000000000000004e-09]


Epoch : 63
Train MSE Loss     : 1.00002623	 | 	Train MAPE Loss     : 0.34851119
Valid MSE Loss     : 0.00002761	 | 	Valid MAPE Loss     : 0.30835566
lr                 : [3.0000000000000004e-09]


Epoch : 64
Train MSE Loss     : 1.00002551	 | 	Train MAPE Loss     : 0.35808989
Valid MSE Loss     : 0.00001893	 | 	Valid MAPE Loss     : 0.30923748
lr                 : [3.0000000000000004e-09]


Epoch : 65
Train MSE Loss     : 1.00002468	 | 	Train MAPE Loss     : 0.34854126
Valid MSE Loss     : 0.00002676	 | 	Valid MAPE Loss     : 0.40818381
lr                 : [3.0000000000000004e-09]


Epoch : 66
Train MSE Loss     : 1.00002801	 | 	Train MAPE Loss     : 0.38387379
Valid MSE Loss     : 0.00003987	 | 	Valid MAPE Loss     : 0.48950267
lr                 : [3.0000000000000004e-09]


Epoch : 67
Train MSE Loss     : 1.00002456	 | 	Train MAPE Loss     : 0.34446996
Valid MSE Loss     : 0.00001543	 | 	Valid MAPE Loss     : 0.26948771
lr                 : [3.0000000000000004e-09]


Epoch : 68
Train MSE Loss     : 1.00002599	 | 	Train MAPE Loss     : 0.36279094
Valid MSE Loss     : 0.00002096	 | 	Valid MAPE Loss     : 0.33973277
lr                 : [3.0000000000000004e-09]


Epoch : 69
Train MSE Loss     : 1.00003552	 | 	Train MAPE Loss     : 0.37485129
Valid MSE Loss     : 0.00004451	 | 	Valid MAPE Loss     : 0.55596882
lr                 : [3.0000000000000004e-09]


Epoch : 70
Train MSE Loss     : 1.00002527	 | 	Train MAPE Loss     : 0.34616989
Valid MSE Loss     : 0.00003409	 | 	Valid MAPE Loss     : 0.43100610
lr                 : [3.0000000000000004e-09]


Epoch : 71
Train MSE Loss     : 1.00002813	 | 	Train MAPE Loss     : 0.38144606
Valid MSE Loss     : 0.00002830	 | 	Valid MAPE Loss     : 0.39556178
lr                 : [3.0000000000000004e-09]


Epoch : 72
Train MSE Loss     : 1.00003552	 | 	Train MAPE Loss     : 0.38210046
Valid MSE Loss     : 0.00004875	 | 	Valid MAPE Loss     : 0.52489871
lr                 : [3.0000000000000004e-09]


Epoch : 73
Train MSE Loss     : 1.00004458	 | 	Train MAPE Loss     : 0.41174582
Valid MSE Loss     : 0.00002303	 | 	Valid MAPE Loss     : 0.28457966
lr                 : [3.0000000000000004e-09]


Epoch : 74
Train MSE Loss     : 1.00004709	 | 	Train MAPE Loss     : 0.39966148
Valid MSE Loss     : 0.00002931	 | 	Valid MAPE Loss     : 0.42189834
lr                 : [3.0000000000000004e-09]


Epoch : 75
Train MSE Loss     : 1.00004447	 | 	Train MAPE Loss     : 0.39478639
Valid MSE Loss     : 0.00002993	 | 	Valid MAPE Loss     : 0.39534879
lr                 : [3.0000000000000004e-09]


Epoch : 76
Train MSE Loss     : 1.00003183	 | 	Train MAPE Loss     : 0.35599026
Valid MSE Loss     : 0.00006314	 | 	Valid MAPE Loss     : 0.53630227
lr                 : [3.0000000000000004e-09]


Epoch : 77
Train MSE Loss     : 1.00002778	 | 	Train MAPE Loss     : 0.37232816
Valid MSE Loss     : 0.00004171	 | 	Valid MAPE Loss     : 0.59990466
lr                 : [3.0000000000000004e-09]


Epoch : 78
Train MSE Loss     : 1.00003183	 | 	Train MAPE Loss     : 0.36496779
Valid MSE Loss     : 0.00002542	 | 	Valid MAPE Loss     : 0.40350592
lr                 : [3.0000000000000004e-09]


Epoch : 79
Train MSE Loss     : 1.00003171	 | 	Train MAPE Loss     : 0.38736936
Valid MSE Loss     : 0.00001456	 | 	Valid MAPE Loss     : 0.25078428
lr                 : [3.0000000000000004e-09]


Epoch : 80
Train MSE Loss     : 1.00003326	 | 	Train MAPE Loss     : 0.37200528
Valid MSE Loss     : 0.00002222	 | 	Valid MAPE Loss     : 0.34685180
lr                 : [3.0000000000000004e-09]


Epoch : 81
Train MSE Loss     : 1.00003707	 | 	Train MAPE Loss     : 0.38333708
Valid MSE Loss     : 0.00002039	 | 	Valid MAPE Loss     : 0.29058108
lr                 : [3.0000000000000004e-09]


Epoch : 82
Train MSE Loss     : 1.00003719	 | 	Train MAPE Loss     : 0.39089826
Valid MSE Loss     : 0.00002265	 | 	Valid MAPE Loss     : 0.34787393
lr                 : [3.0000000000000004e-09]


Epoch : 83
Train MSE Loss     : 1.00002480	 | 	Train MAPE Loss     : 0.34179604
Valid MSE Loss     : 0.00002102	 | 	Valid MAPE Loss     : 0.29301506
lr                 : [3.0000000000000004e-09]


Epoch : 84
Train MSE Loss     : 1.00002706	 | 	Train MAPE Loss     : 0.35575736
Valid MSE Loss     : 0.00004892	 | 	Valid MAPE Loss     : 0.49286142
lr                 : [3.0000000000000004e-09]


Epoch : 85
Train MSE Loss     : 1.00003219	 | 	Train MAPE Loss     : 0.36585462
Valid MSE Loss     : 0.00003921	 | 	Valid MAPE Loss     : 0.50689358
lr                 : [3.0000000000000004e-09]


Epoch : 86
Train MSE Loss     : 1.00003302	 | 	Train MAPE Loss     : 0.36977032
Valid MSE Loss     : 0.00002814	 | 	Valid MAPE Loss     : 0.35745180
lr                 : [3.0000000000000004e-09]


Epoch : 87
Train MSE Loss     : 1.00003040	 | 	Train MAPE Loss     : 0.37799647
Valid MSE Loss     : 0.00004578	 | 	Valid MAPE Loss     : 0.46972576
lr                 : [3.0000000000000004e-09]


Epoch : 88
Train MSE Loss     : 1.00002718	 | 	Train MAPE Loss     : 0.36658895
Valid MSE Loss     : 0.00007262	 | 	Valid MAPE Loss     : 0.60261506
lr                 : [3.0000000000000004e-09]


Epoch : 89
Train MSE Loss     : 1.00004470	 | 	Train MAPE Loss     : 0.39731032
Valid MSE Loss     : 0.00001822	 | 	Valid MAPE Loss     : 0.25505900
lr                 : [3.0000000000000004e-09]


Epoch : 90
Train MSE Loss     : 1.00002682	 | 	Train MAPE Loss     : 0.36511648
Valid MSE Loss     : 0.00003062	 | 	Valid MAPE Loss     : 0.44370720
lr                 : [3.0000000000000004e-09]


Epoch : 91
Train MSE Loss     : 1.00003242	 | 	Train MAPE Loss     : 0.35481137
Valid MSE Loss     : 0.00003987	 | 	Valid MAPE Loss     : 0.48923740
lr                 : [3.0000000000000004e-09]


Epoch : 92
Train MSE Loss     : 1.00002134	 | 	Train MAPE Loss     : 0.35288617
Valid MSE Loss     : 0.00003286	 | 	Valid MAPE Loss     : 0.43756244
lr                 : [3.0000000000000004e-09]


Epoch : 93
Train MSE Loss     : 1.00002563	 | 	Train MAPE Loss     : 0.34885344
Valid MSE Loss     : 0.00003549	 | 	Valid MAPE Loss     : 0.43311167
lr                 : [3.0000000000000004e-09]


Epoch : 94
Train MSE Loss     : 1.00002575	 | 	Train MAPE Loss     : 0.35978767
Valid MSE Loss     : 0.00002454	 | 	Valid MAPE Loss     : 0.39661595
lr                 : [3.0000000000000004e-09]


Epoch : 95
Train MSE Loss     : 1.00002933	 | 	Train MAPE Loss     : 0.39127159
Valid MSE Loss     : 0.00007568	 | 	Valid MAPE Loss     : 0.74822551
lr                 : [3.0000000000000004e-09]


Epoch : 96
Train MSE Loss     : 1.00002420	 | 	Train MAPE Loss     : 0.33875003
Valid MSE Loss     : 0.00003490	 | 	Valid MAPE Loss     : 0.49498656
lr                 : [3.0000000000000004e-09]


Epoch : 97
Train MSE Loss     : 1.00002694	 | 	Train MAPE Loss     : 0.36571723
Valid MSE Loss     : 0.00001590	 | 	Valid MAPE Loss     : 0.28265217
lr                 : [3.0000000000000004e-09]


Epoch : 98
Train MSE Loss     : 1.00002742	 | 	Train MAPE Loss     : 0.36833164
Valid MSE Loss     : 0.00001541	 | 	Valid MAPE Loss     : 0.26873383
lr                 : [3.0000000000000004e-09]


Epoch : 99
Train MSE Loss     : 1.00002813	 | 	Train MAPE Loss     : 0.36457363
Valid MSE Loss     : 0.00005804	 | 	Valid MAPE Loss     : 0.63399118
lr                 : [3.0000000000000004e-09]


Epoch : 100
Train MSE Loss     : 1.00003755	 | 	Train MAPE Loss     : 0.38119200
Valid MSE Loss     : 0.00003696	 | 	Valid MAPE Loss     : 0.39927208
lr                 : [3.0000000000000004e-09]


Epoch : 101
Train MSE Loss     : 1.00003374	 | 	Train MAPE Loss     : 0.36750588
Valid MSE Loss     : 0.00002649	 | 	Valid MAPE Loss     : 0.31765321
lr                 : [3.0000000000000004e-09]


Epoch : 102
Train MSE Loss     : 1.00003457	 | 	Train MAPE Loss     : 0.38564381
Valid MSE Loss     : 0.00002020	 | 	Valid MAPE Loss     : 0.31926253
lr                 : [3.0000000000000004e-09]


Epoch : 103
Train MSE Loss     : 1.00003469	 | 	Train MAPE Loss     : 0.37058100
Valid MSE Loss     : 0.00003826	 | 	Valid MAPE Loss     : 0.55008203
lr                 : [3.0000000000000004e-09]


Epoch : 104
Train MSE Loss     : 1.00003350	 | 	Train MAPE Loss     : 0.35823947
Valid MSE Loss     : 0.00002341	 | 	Valid MAPE Loss     : 0.34264636
lr                 : [3.0000000000000004e-09]


Epoch : 105
Train MSE Loss     : 1.00003755	 | 	Train MAPE Loss     : 0.38126498
Valid MSE Loss     : 0.00001952	 | 	Valid MAPE Loss     : 0.31302598
lr                 : [3.0000000000000004e-09]


Epoch : 106
Train MSE Loss     : 1.00003576	 | 	Train MAPE Loss     : 0.38896209
Valid MSE Loss     : 0.00002331	 | 	Valid MAPE Loss     : 0.36414137
lr                 : [3.0000000000000004e-09]


Epoch : 107
Train MSE Loss     : 1.00002694	 | 	Train MAPE Loss     : 0.36815870
Valid MSE Loss     : 0.00002534	 | 	Valid MAPE Loss     : 0.32562521
lr                 : [3.0000000000000004e-09]


Epoch : 108
Train MSE Loss     : 1.00002551	 | 	Train MAPE Loss     : 0.35551155
Valid MSE Loss     : 0.00003810	 | 	Valid MAPE Loss     : 0.39966357
lr                 : [3.0000000000000004e-09]


Epoch : 109
Train MSE Loss     : 1.00002897	 | 	Train MAPE Loss     : 0.38141996
Valid MSE Loss     : 0.00006267	 | 	Valid MAPE Loss     : 0.60108238
lr                 : [3.0000000000000004e-09]


Epoch : 110
Train MSE Loss     : 1.00002515	 | 	Train MAPE Loss     : 0.35290819
Valid MSE Loss     : 0.00001745	 | 	Valid MAPE Loss     : 0.30806646
lr                 : [3.0000000000000004e-09]


Epoch : 111
Train MSE Loss     : 1.00003314	 | 	Train MAPE Loss     : 0.36745784
Valid MSE Loss     : 0.00004162	 | 	Valid MAPE Loss     : 0.50422382
lr                 : [3.0000000000000004e-09]


Epoch : 112
Train MSE Loss     : 1.00003695	 | 	Train MAPE Loss     : 0.39066216
Valid MSE Loss     : 0.00004128	 | 	Valid MAPE Loss     : 0.56644338
lr                 : [3.0000000000000004e-09]


Epoch : 113
Train MSE Loss     : 1.00002730	 | 	Train MAPE Loss     : 0.36472428
Valid MSE Loss     : 0.00002575	 | 	Valid MAPE Loss     : 0.36679661
lr                 : [3.0000000000000004e-09]


Epoch : 114
Train MSE Loss     : 1.00002563	 | 	Train MAPE Loss     : 0.36111811
Valid MSE Loss     : 0.00002596	 | 	Valid MAPE Loss     : 0.40039095
lr                 : [3.0000000000000004e-09]


Epoch : 115
Train MSE Loss     : 1.00002575	 | 	Train MAPE Loss     : 0.35849249
Valid MSE Loss     : 0.00001673	 | 	Valid MAPE Loss     : 0.30571535
lr                 : [3.0000000000000004e-09]


Epoch : 116
Train MSE Loss     : 1.00002766	 | 	Train MAPE Loss     : 0.37338573
Valid MSE Loss     : 0.00002081	 | 	Valid MAPE Loss     : 0.33834347
lr                 : [3.0000000000000004e-09]


Epoch : 117
Train MSE Loss     : 1.00002611	 | 	Train MAPE Loss     : 0.36157629
Valid MSE Loss     : 0.00003343	 | 	Valid MAPE Loss     : 0.47459984
lr                 : [3.0000000000000004e-09]


Epoch : 118
Train MSE Loss     : 1.00002682	 | 	Train MAPE Loss     : 0.37345874
Valid MSE Loss     : 0.00002710	 | 	Valid MAPE Loss     : 0.34058404
lr                 : [3.0000000000000004e-09]


Epoch : 119
Train MSE Loss     : 1.00002599	 | 	Train MAPE Loss     : 0.36594629
Valid MSE Loss     : 0.00004988	 | 	Valid MAPE Loss     : 0.60532850
lr                 : [3.0000000000000004e-09]


Epoch : 120
Train MSE Loss     : 1.00002801	 | 	Train MAPE Loss     : 0.37532997
Valid MSE Loss     : 0.00002845	 | 	Valid MAPE Loss     : 0.34356919
lr                 : [3.0000000000000004e-09]


Epoch : 121
Train MSE Loss     : 1.00003493	 | 	Train MAPE Loss     : 0.36449799
Valid MSE Loss     : 0.00003138	 | 	Valid MAPE Loss     : 0.48004365
lr                 : [3.0000000000000004e-09]


Epoch : 122
Train MSE Loss     : 1.00002682	 | 	Train MAPE Loss     : 0.35819471
Valid MSE Loss     : 0.00003310	 | 	Valid MAPE Loss     : 0.46836257
lr                 : [3.0000000000000004e-09]


Epoch : 123
Train MSE Loss     : 1.00002933	 | 	Train MAPE Loss     : 0.36980283
Valid MSE Loss     : 0.00003487	 | 	Valid MAPE Loss     : 0.44239631
lr                 : [3.0000000000000004e-09]


Epoch : 124
Train MSE Loss     : 1.00002742	 | 	Train MAPE Loss     : 0.36414564
Valid MSE Loss     : 0.00001493	 | 	Valid MAPE Loss     : 0.24756844
lr                 : [3.0000000000000004e-09]


Epoch : 125
Train MSE Loss     : 1.00002670	 | 	Train MAPE Loss     : 0.37463075
Valid MSE Loss     : 0.00005661	 | 	Valid MAPE Loss     : 0.64649290
lr                 : [3.0000000000000004e-09]


Epoch : 126
Train MSE Loss     : 1.00002658	 | 	Train MAPE Loss     : 0.36674076
Valid MSE Loss     : 0.00005014	 | 	Valid MAPE Loss     : 0.65941721
lr                 : [3.0000000000000004e-09]


Epoch : 127
Train MSE Loss     : 1.00002491	 | 	Train MAPE Loss     : 0.34646145
Valid MSE Loss     : 0.00001918	 | 	Valid MAPE Loss     : 0.31237558
lr                 : [3.0000000000000004e-09]


Epoch : 128
Train MSE Loss     : 1.00003707	 | 	Train MAPE Loss     : 0.37117222
Valid MSE Loss     : 0.00001986	 | 	Valid MAPE Loss     : 0.30595785
lr                 : [3.0000000000000004e-09]


Epoch : 129
Train MSE Loss     : 1.00003171	 | 	Train MAPE Loss     : 0.35892922
Valid MSE Loss     : 0.00005503	 | 	Valid MAPE Loss     : 0.68351454
lr                 : [3.0000000000000004e-09]


Epoch : 130
Train MSE Loss     : 1.00002587	 | 	Train MAPE Loss     : 0.35747451
Valid MSE Loss     : 0.00002303	 | 	Valid MAPE Loss     : 0.33805475
lr                 : [3.0000000000000004e-09]


Epoch : 131
Train MSE Loss     : 1.00002599	 | 	Train MAPE Loss     : 0.36325809
Valid MSE Loss     : 0.00002891	 | 	Valid MAPE Loss     : 0.41964003
lr                 : [3.0000000000000004e-09]


Epoch : 132
Train MSE Loss     : 1.00003386	 | 	Train MAPE Loss     : 0.37527245
Valid MSE Loss     : 0.00002130	 | 	Valid MAPE Loss     : 0.31862023
lr                 : [3.0000000000000004e-09]


Epoch : 133
Train MSE Loss     : 1.00003290	 | 	Train MAPE Loss     : 0.36443189
Valid MSE Loss     : 0.00001737	 | 	Valid MAPE Loss     : 0.29429471
lr                 : [3.0000000000000004e-09]


Epoch : 134
Train MSE Loss     : 1.00003648	 | 	Train MAPE Loss     : 0.37852532
Valid MSE Loss     : 0.00003334	 | 	Valid MAPE Loss     : 0.52439779
lr                 : [3.0000000000000004e-09]


Epoch : 135
Train MSE Loss     : 1.00003576	 | 	Train MAPE Loss     : 0.38258177
Valid MSE Loss     : 0.00003746	 | 	Valid MAPE Loss     : 0.38803765
lr                 : [3.0000000000000004e-09]


Epoch : 136
Train MSE Loss     : 1.00003576	 | 	Train MAPE Loss     : 0.38349029
Valid MSE Loss     : 0.00002690	 | 	Valid MAPE Loss     : 0.36433128
lr                 : [3.0000000000000004e-09]


Epoch : 137
Train MSE Loss     : 1.00003827	 | 	Train MAPE Loss     : 0.37553182
Valid MSE Loss     : 0.00001706	 | 	Valid MAPE Loss     : 0.27598399
lr                 : [3.0000000000000004e-09]


Epoch : 138
Train MSE Loss     : 1.00002873	 | 	Train MAPE Loss     : 0.37171921
Valid MSE Loss     : 0.00003704	 | 	Valid MAPE Loss     : 0.37215248
lr                 : [3.0000000000000004e-09]


Epoch : 139
Train MSE Loss     : 1.00003219	 | 	Train MAPE Loss     : 0.36229903
Valid MSE Loss     : 0.00003050	 | 	Valid MAPE Loss     : 0.44322908
lr                 : [3.0000000000000004e-09]


Epoch : 140
Train MSE Loss     : 1.00002563	 | 	Train MAPE Loss     : 0.35305917
Valid MSE Loss     : 0.00004392	 | 	Valid MAPE Loss     : 0.47351566
lr                 : [3.0000000000000004e-09]


Epoch : 141
Train MSE Loss     : 1.00002587	 | 	Train MAPE Loss     : 0.35790223
Valid MSE Loss     : 0.00003074	 | 	Valid MAPE Loss     : 0.41906211
lr                 : [3.0000000000000004e-09]


Epoch : 142
Train MSE Loss     : 1.00003600	 | 	Train MAPE Loss     : 0.38462037
Valid MSE Loss     : 0.00002402	 | 	Valid MAPE Loss     : 0.36063060
lr                 : [3.0000000000000004e-09]


Epoch : 143
Train MSE Loss     : 1.00002575	 | 	Train MAPE Loss     : 0.35356620
Valid MSE Loss     : 0.00005684	 | 	Valid MAPE Loss     : 0.52029610
lr                 : [3.0000000000000004e-09]


Epoch : 144
Train MSE Loss     : 1.00002813	 | 	Train MAPE Loss     : 0.38069928
Valid MSE Loss     : 0.00004917	 | 	Valid MAPE Loss     : 0.58035755
lr                 : [3.0000000000000004e-09]


Epoch : 145
Train MSE Loss     : 1.00002635	 | 	Train MAPE Loss     : 0.35801792
Valid MSE Loss     : 0.00004486	 | 	Valid MAPE Loss     : 0.59863943
lr                 : [3.0000000000000004e-09]


Epoch : 146
Train MSE Loss     : 1.00002468	 | 	Train MAPE Loss     : 0.34984338
Valid MSE Loss     : 0.00002018	 | 	Valid MAPE Loss     : 0.33681849
lr                 : [3.0000000000000004e-09]


Epoch : 147
Train MSE Loss     : 1.00002730	 | 	Train MAPE Loss     : 0.37296897
Valid MSE Loss     : 0.00002031	 | 	Valid MAPE Loss     : 0.33088371
lr                 : [3.0000000000000004e-09]


Epoch : 148
Train MSE Loss     : 1.00003636	 | 	Train MAPE Loss     : 0.38932130
Valid MSE Loss     : 0.00002243	 | 	Valid MAPE Loss     : 0.35219523
lr                 : [3.0000000000000004e-09]


Epoch : 149
Train MSE Loss     : 1.00003314	 | 	Train MAPE Loss     : 0.36188903
Valid MSE Loss     : 0.00005065	 | 	Valid MAPE Loss     : 0.53727329
lr                 : [3.0000000000000004e-09]


Epoch : 150
Train MSE Loss     : 1.00003386	 | 	Train MAPE Loss     : 0.38586596
Valid MSE Loss     : 0.00002455	 | 	Valid MAPE Loss     : 0.38852403
lr                 : [3.0000000000000004e-09]


Evaluate on the Test set:
Test MAPE loss      :0.73673326	 | Test MSE loss      : 0.00068019

################## Training is Done! #########################
