=============================================
Dataset: cell_XJTU_batch2_prepocess_data
Mode:    supervised_with_contrast
=============================================
Training started ....

Epoch : 1
Train MSE Loss     : 1.39378119	 | 	Train MAPE Loss     : 56.95401382
Valid MSE Loss     : 3.20937753	 | 	Valid MAPE Loss     : 196.17683411
lr                 : [0.0003]


Epoch : 2
Train MSE Loss     : 11.33337021	 | 	Train MAPE Loss     : 351.06954956
Valid MSE Loss     : 7.54244184	 | 	Valid MAPE Loss     : 300.75250244
lr                 : [0.0003]


Epoch : 3
Train MSE Loss     : 2.55963063	 | 	Train MAPE Loss     : 104.02576447
Valid MSE Loss     : 0.80359298	 | 	Valid MAPE Loss     : 98.31495667
lr                 : [0.0003]


Epoch : 4
Train MSE Loss     : 1.66829228	 | 	Train MAPE Loss     : 79.49636078
Valid MSE Loss     : 3.02380490	 | 	Valid MAPE Loss     : 190.68701172
lr                 : [0.0003]


Epoch : 5
Train MSE Loss     : 5.86062384	 | 	Train MAPE Loss     : 242.91369629
Valid MSE Loss     : 2.39798689	 | 	Valid MAPE Loss     : 169.83740234
lr                 : [0.0003]


Epoch : 6
Train MSE Loss     : 1.86233890	 | 	Train MAPE Loss     : 86.52455902
Valid MSE Loss     : 1.87688947	 | 	Valid MAPE Loss     : 150.13722229
lr                 : [0.0003]


Epoch : 7
Train MSE Loss     : 1.87046552	 | 	Train MAPE Loss     : 94.57769012
Valid MSE Loss     : 1.05020523	 | 	Valid MAPE Loss     : 112.18430328
lr                 : [0.0003]


Epoch : 8
Train MSE Loss     : 1.58896601	 | 	Train MAPE Loss     : 75.04658508
Valid MSE Loss     : 0.04391515	 | 	Valid MAPE Loss     : 22.64464188
lr                 : [0.0003]


Epoch : 9
Train MSE Loss     : 1.17012095	 | 	Train MAPE Loss     : 39.46495438
Valid MSE Loss     : 0.01190022	 | 	Valid MAPE Loss     : 11.72605896
lr                 : [0.0003]


Epoch : 10
Train MSE Loss     : 1.02555823	 | 	Train MAPE Loss     : 14.33981323
Valid MSE Loss     : 0.01366625	 | 	Valid MAPE Loss     : 12.48090267
lr                 : [0.0003]


Epoch : 11
Train MSE Loss     : 1.01486492	 | 	Train MAPE Loss     : 12.38936234
Valid MSE Loss     : 0.05787453	 | 	Valid MAPE Loss     : 26.18747330
lr                 : [0.0003]


Epoch : 12
Train MSE Loss     : 1.14097917	 | 	Train MAPE Loss     : 39.47294998
Valid MSE Loss     : 0.40226275	 | 	Valid MAPE Loss     : 69.30125427
lr                 : [0.0003]


Epoch : 13
Train MSE Loss     : 1.15573561	 | 	Train MAPE Loss     : 36.45053864
Valid MSE Loss     : 0.01640896	 | 	Valid MAPE Loss     : 13.95810032
lr                 : [0.0003]


Epoch : 14
Train MSE Loss     : 1.10965347	 | 	Train MAPE Loss     : 28.10978699
Valid MSE Loss     : 0.29894280	 | 	Valid MAPE Loss     : 59.93673325
lr                 : [0.0003]


Epoch : 15
Train MSE Loss     : 1.09003115	 | 	Train MAPE Loss     : 27.03921700
Valid MSE Loss     : 0.01755915	 | 	Valid MAPE Loss     : 14.43081951
lr                 : [0.0003]


Epoch : 16
Train MSE Loss     : 1.09571421	 | 	Train MAPE Loss     : 27.57776070
Valid MSE Loss     : 0.10819765	 | 	Valid MAPE Loss     : 35.25681305
lr                 : [0.0003]


Epoch : 17
Train MSE Loss     : 1.03733218	 | 	Train MAPE Loss     : 18.93619156
Valid MSE Loss     : 0.00406793	 | 	Valid MAPE Loss     : 6.05848837
lr                 : [0.0003]


Epoch : 18
Train MSE Loss     : 1.01730025	 | 	Train MAPE Loss     : 13.30319214
Valid MSE Loss     : 0.02404633	 | 	Valid MAPE Loss     : 16.61099625
lr                 : [0.0003]


Epoch : 19
Train MSE Loss     : 1.08808112	 | 	Train MAPE Loss     : 27.61672020
Valid MSE Loss     : 0.94788456	 | 	Valid MAPE Loss     : 106.30475616
lr                 : [0.0003]


Epoch : 20
Train MSE Loss     : 3.92737198	 | 	Train MAPE Loss     : 186.69718933
Valid MSE Loss     : 1.75175226	 | 	Valid MAPE Loss     : 144.58140564
lr                 : [0.0003]


Epoch : 21
Train MSE Loss     : 1.37740290	 | 	Train MAPE Loss     : 54.13537598
Valid MSE Loss     : 0.27927607	 | 	Valid MAPE Loss     : 57.65002823
lr                 : [0.0003]


Epoch : 22
Train MSE Loss     : 1.09245133	 | 	Train MAPE Loss     : 25.74699020
Valid MSE Loss     : 0.00270250	 | 	Valid MAPE Loss     : 5.34080124
lr                 : [0.0003]


Epoch : 23
Train MSE Loss     : 1.03013241	 | 	Train MAPE Loss     : 15.98150730
Valid MSE Loss     : 0.00782967	 | 	Valid MAPE Loss     : 9.51216888
lr                 : [0.0003]


Epoch : 24
Train MSE Loss     : 1.03842640	 | 	Train MAPE Loss     : 18.36600494
Valid MSE Loss     : 0.00947203	 | 	Valid MAPE Loss     : 10.44818115
lr                 : [0.0003]


Epoch : 25
Train MSE Loss     : 1.04805088	 | 	Train MAPE Loss     : 22.92462921
Valid MSE Loss     : 0.00144551	 | 	Valid MAPE Loss     : 3.82810998
lr                 : [0.0003]


Epoch : 26
Train MSE Loss     : 1.13524997	 | 	Train MAPE Loss     : 34.23451996
Valid MSE Loss     : 0.04855115	 | 	Valid MAPE Loss     : 24.09392357
lr                 : [0.0003]


Epoch : 27
Train MSE Loss     : 1.14708722	 | 	Train MAPE Loss     : 36.95969009
Valid MSE Loss     : 0.01424296	 | 	Valid MAPE Loss     : 12.83472252
lr                 : [0.0003]


Epoch : 28
Train MSE Loss     : 1.20588136	 | 	Train MAPE Loss     : 42.07877350
Valid MSE Loss     : 0.22808048	 | 	Valid MAPE Loss     : 51.59511948
lr                 : [0.0003]


Epoch : 29
Train MSE Loss     : 1.06107664	 | 	Train MAPE Loss     : 24.13538933
Valid MSE Loss     : 0.00146849	 | 	Valid MAPE Loss     : 3.81380224
lr                 : [0.0003]


Epoch : 30
Train MSE Loss     : 1.08060682	 | 	Train MAPE Loss     : 29.71930122
Valid MSE Loss     : 0.02055240	 | 	Valid MAPE Loss     : 15.44354248
lr                 : [0.0003]


Epoch : 31
Train MSE Loss     : 1.02069366	 | 	Train MAPE Loss     : 13.62127304
Valid MSE Loss     : 0.06191621	 | 	Valid MAPE Loss     : 27.16238976
lr                 : [0.0003]


Epoch : 32
Train MSE Loss     : 1.02643895	 | 	Train MAPE Loss     : 15.07773018
Valid MSE Loss     : 0.00253777	 | 	Valid MAPE Loss     : 4.93703938
lr                 : [0.0003]


Epoch : 33
Train MSE Loss     : 1.03433120	 | 	Train MAPE Loss     : 18.96462822
Valid MSE Loss     : 0.05021941	 | 	Valid MAPE Loss     : 24.52355003
lr                 : [0.0003]


Epoch : 34
Train MSE Loss     : 1.20980525	 | 	Train MAPE Loss     : 43.77687073
Valid MSE Loss     : 0.43151805	 | 	Valid MAPE Loss     : 71.71772003
lr                 : [0.0003]


Epoch : 35
Train MSE Loss     : 1.13429296	 | 	Train MAPE Loss     : 32.10725403
Valid MSE Loss     : 0.03091900	 | 	Valid MAPE Loss     : 19.10894394
lr                 : [0.0003]


Epoch : 36
Train MSE Loss     : 1.16434133	 | 	Train MAPE Loss     : 43.33776855
Valid MSE Loss     : 0.03118351	 | 	Valid MAPE Loss     : 18.99913406
lr                 : [0.0003]


Epoch : 37
Train MSE Loss     : 1.02869570	 | 	Train MAPE Loss     : 15.34925556
Valid MSE Loss     : 0.16757056	 | 	Valid MAPE Loss     : 44.58182144
lr                 : [0.0003]


Epoch : 38
Train MSE Loss     : 1.22324944	 | 	Train MAPE Loss     : 51.60436630
Valid MSE Loss     : 0.06049339	 | 	Valid MAPE Loss     : 26.66086006
lr                 : [0.0003]


Epoch : 39
Train MSE Loss     : 1.71276808	 | 	Train MAPE Loss     : 83.23884583
Valid MSE Loss     : 0.89251053	 | 	Valid MAPE Loss     : 103.36362457
lr                 : [0.0003]


Epoch : 40
Train MSE Loss     : 1.20593405	 | 	Train MAPE Loss     : 42.76654816
Valid MSE Loss     : 0.05716505	 | 	Valid MAPE Loss     : 26.02899742
lr                 : [2.9999999999999997e-05]


Epoch : 41
Train MSE Loss     : 1.03546143	 | 	Train MAPE Loss     : 19.97701263
Valid MSE Loss     : 0.00339849	 | 	Valid MAPE Loss     : 6.06250620
lr                 : [2.9999999999999997e-05]


Epoch : 42
Train MSE Loss     : 1.00067449	 | 	Train MAPE Loss     : 2.10396290
Valid MSE Loss     : 0.00047256	 | 	Valid MAPE Loss     : 2.07266498
lr                 : [2.9999999999999997e-05]


Epoch : 43
Train MSE Loss     : 1.00010216	 | 	Train MAPE Loss     : 0.86621046
Valid MSE Loss     : 0.00028235	 | 	Valid MAPE Loss     : 1.46460068
lr                 : [2.9999999999999997e-05]


Epoch : 44
Train MSE Loss     : 1.00016034	 | 	Train MAPE Loss     : 1.15906060
Valid MSE Loss     : 0.00014047	 | 	Valid MAPE Loss     : 1.02227759
lr                 : [2.9999999999999997e-05]


Epoch : 45
Train MSE Loss     : 1.00014818	 | 	Train MAPE Loss     : 1.12903404
Valid MSE Loss     : 0.00035044	 | 	Valid MAPE Loss     : 1.85769391
lr                 : [2.9999999999999997e-05]


Epoch : 46
Train MSE Loss     : 1.00021887	 | 	Train MAPE Loss     : 1.32036948
Valid MSE Loss     : 0.00008310	 | 	Valid MAPE Loss     : 0.76475376
lr                 : [2.9999999999999997e-05]


Epoch : 47
Train MSE Loss     : 1.00072980	 | 	Train MAPE Loss     : 2.52297616
Valid MSE Loss     : 0.00015966	 | 	Valid MAPE Loss     : 1.11644006
lr                 : [2.9999999999999997e-05]


Epoch : 48
Train MSE Loss     : 1.00027037	 | 	Train MAPE Loss     : 1.43585241
Valid MSE Loss     : 0.00010144	 | 	Valid MAPE Loss     : 0.84483963
lr                 : [2.9999999999999997e-05]


Epoch : 49
Train MSE Loss     : 1.00005305	 | 	Train MAPE Loss     : 0.63851321
Valid MSE Loss     : 0.00020456	 | 	Valid MAPE Loss     : 1.43971050
lr                 : [2.9999999999999997e-05]


Epoch : 50
Train MSE Loss     : 1.00014007	 | 	Train MAPE Loss     : 1.00323689
Valid MSE Loss     : 0.00036687	 | 	Valid MAPE Loss     : 1.96688354
lr                 : [2.9999999999999997e-05]


Epoch : 51
Train MSE Loss     : 1.00047588	 | 	Train MAPE Loss     : 2.13324785
Valid MSE Loss     : 0.00020983	 | 	Valid MAPE Loss     : 1.37204564
lr                 : [2.9999999999999997e-05]


Epoch : 52
Train MSE Loss     : 1.00034738	 | 	Train MAPE Loss     : 1.78354824
Valid MSE Loss     : 0.00022683	 | 	Valid MAPE Loss     : 1.52657068
lr                 : [2.9999999999999997e-05]


Epoch : 53
Train MSE Loss     : 1.00056291	 | 	Train MAPE Loss     : 2.29081559
Valid MSE Loss     : 0.00008981	 | 	Valid MAPE Loss     : 0.87134546
lr                 : [2.9999999999999997e-05]


Epoch : 54
Train MSE Loss     : 1.00029230	 | 	Train MAPE Loss     : 1.63381755
Valid MSE Loss     : 0.00097545	 | 	Valid MAPE Loss     : 3.34271502
lr                 : [2.9999999999999997e-05]


Epoch : 55
Train MSE Loss     : 1.00013268	 | 	Train MAPE Loss     : 1.02362275
Valid MSE Loss     : 0.00025867	 | 	Valid MAPE Loss     : 1.68074048
lr                 : [2.9999999999999997e-05]


Epoch : 56
Train MSE Loss     : 1.00015950	 | 	Train MAPE Loss     : 1.23143566
Valid MSE Loss     : 0.00006353	 | 	Valid MAPE Loss     : 0.67391479
lr                 : [2.9999999999999997e-05]


Epoch : 57
Train MSE Loss     : 1.00019073	 | 	Train MAPE Loss     : 1.32480907
Valid MSE Loss     : 0.00101245	 | 	Valid MAPE Loss     : 3.41322207
lr                 : [2.9999999999999997e-05]


Epoch : 58
Train MSE Loss     : 1.00345683	 | 	Train MAPE Loss     : 6.38605690
Valid MSE Loss     : 0.00299223	 | 	Valid MAPE Loss     : 5.94440126
lr                 : [2.9999999999999997e-05]


Epoch : 59
Train MSE Loss     : 1.00070810	 | 	Train MAPE Loss     : 2.51360512
Valid MSE Loss     : 0.00018381	 | 	Valid MAPE Loss     : 1.30723274
lr                 : [2.9999999999999997e-05]


Epoch : 60
Train MSE Loss     : 1.00015116	 | 	Train MAPE Loss     : 1.09011042
Valid MSE Loss     : 0.00021221	 | 	Valid MAPE Loss     : 1.34531903
lr                 : [2.9999999999999997e-05]


Epoch : 61
Train MSE Loss     : 1.00026512	 | 	Train MAPE Loss     : 1.53018522
Valid MSE Loss     : 0.00070353	 | 	Valid MAPE Loss     : 2.79808831
lr                 : [2.9999999999999997e-05]


Epoch : 62
Train MSE Loss     : 1.00034654	 | 	Train MAPE Loss     : 1.84744799
Valid MSE Loss     : 0.00012669	 | 	Valid MAPE Loss     : 1.00217986
lr                 : [2.9999999999999997e-05]


Epoch : 63
Train MSE Loss     : 1.00072718	 | 	Train MAPE Loss     : 2.72487998
Valid MSE Loss     : 0.00043715	 | 	Valid MAPE Loss     : 2.20346379
lr                 : [2.9999999999999997e-05]


Epoch : 64
Train MSE Loss     : 1.00034451	 | 	Train MAPE Loss     : 1.79800820
Valid MSE Loss     : 0.00012821	 | 	Valid MAPE Loss     : 1.11114204
lr                 : [2.9999999999999997e-05]


Epoch : 65
Train MSE Loss     : 1.00008440	 | 	Train MAPE Loss     : 0.80833012
Valid MSE Loss     : 0.00034087	 | 	Valid MAPE Loss     : 1.88686001
lr                 : [2.9999999999999997e-05]


Epoch : 66
Train MSE Loss     : 1.00030935	 | 	Train MAPE Loss     : 1.68303466
Valid MSE Loss     : 0.00059947	 | 	Valid MAPE Loss     : 2.48442960
lr                 : [2.9999999999999997e-05]


Epoch : 67
Train MSE Loss     : 1.00033820	 | 	Train MAPE Loss     : 1.62259471
Valid MSE Loss     : 0.00011061	 | 	Valid MAPE Loss     : 0.92526311
lr                 : [3e-06]


Epoch : 68
Train MSE Loss     : 1.00002170	 | 	Train MAPE Loss     : 0.39535612
Valid MSE Loss     : 0.00005849	 | 	Valid MAPE Loss     : 0.40545133
lr                 : [3e-06]


Epoch : 69
Train MSE Loss     : 1.00005829	 | 	Train MAPE Loss     : 0.69752222
Valid MSE Loss     : 0.00004708	 | 	Valid MAPE Loss     : 0.40921780
lr                 : [3e-06]


Epoch : 70
Train MSE Loss     : 1.00004828	 | 	Train MAPE Loss     : 0.61841702
Valid MSE Loss     : 0.00009828	 | 	Valid MAPE Loss     : 0.78391141
lr                 : [3e-06]


Epoch : 71
Train MSE Loss     : 1.00004017	 | 	Train MAPE Loss     : 0.56033355
Valid MSE Loss     : 0.00005382	 | 	Valid MAPE Loss     : 0.45989975
lr                 : [3e-06]


Epoch : 72
Train MSE Loss     : 1.00004089	 | 	Train MAPE Loss     : 0.54594451
Valid MSE Loss     : 0.00005213	 | 	Valid MAPE Loss     : 0.41978624
lr                 : [3e-06]


Epoch : 73
Train MSE Loss     : 1.00003624	 | 	Train MAPE Loss     : 0.52837086
Valid MSE Loss     : 0.00005975	 | 	Valid MAPE Loss     : 0.54841238
lr                 : [3e-06]


Epoch : 74
Train MSE Loss     : 1.00002444	 | 	Train MAPE Loss     : 0.43192202
Valid MSE Loss     : 0.00004593	 | 	Valid MAPE Loss     : 0.38215706
lr                 : [3e-06]


Epoch : 75
Train MSE Loss     : 1.00004029	 | 	Train MAPE Loss     : 0.58874649
Valid MSE Loss     : 0.00011760	 | 	Valid MAPE Loss     : 0.94885314
lr                 : [3e-06]


Epoch : 76
Train MSE Loss     : 1.00003302	 | 	Train MAPE Loss     : 0.53518230
Valid MSE Loss     : 0.00005847	 | 	Valid MAPE Loss     : 0.57647359
lr                 : [3e-06]


Epoch : 77
Train MSE Loss     : 1.00002432	 | 	Train MAPE Loss     : 0.44452107
Valid MSE Loss     : 0.00005896	 | 	Valid MAPE Loss     : 0.44321030
lr                 : [3e-06]


Epoch : 78
Train MSE Loss     : 1.00004220	 | 	Train MAPE Loss     : 0.57830912
Valid MSE Loss     : 0.00006773	 | 	Valid MAPE Loss     : 0.51909387
lr                 : [3e-06]


Epoch : 79
Train MSE Loss     : 1.00001884	 | 	Train MAPE Loss     : 0.37699831
Valid MSE Loss     : 0.00006313	 | 	Valid MAPE Loss     : 0.44006342
lr                 : [3e-06]


Epoch : 80
Train MSE Loss     : 1.00002933	 | 	Train MAPE Loss     : 0.45688224
Valid MSE Loss     : 0.00005245	 | 	Valid MAPE Loss     : 0.41982126
lr                 : [3e-06]


Epoch : 81
Train MSE Loss     : 1.00002325	 | 	Train MAPE Loss     : 0.43204153
Valid MSE Loss     : 0.00005423	 | 	Valid MAPE Loss     : 0.40406963
lr                 : [3e-06]


Epoch : 82
Train MSE Loss     : 1.00002980	 | 	Train MAPE Loss     : 0.49186060
Valid MSE Loss     : 0.00005850	 | 	Valid MAPE Loss     : 0.42734712
lr                 : [3e-06]


Epoch : 83
Train MSE Loss     : 1.00002801	 | 	Train MAPE Loss     : 0.45924723
Valid MSE Loss     : 0.00005077	 | 	Valid MAPE Loss     : 0.41803956
lr                 : [3e-06]


Epoch : 84
Train MSE Loss     : 1.00002646	 | 	Train MAPE Loss     : 0.45346791
Valid MSE Loss     : 0.00006469	 | 	Valid MAPE Loss     : 0.44042978
lr                 : [3e-06]


Epoch : 85
Train MSE Loss     : 1.00005269	 | 	Train MAPE Loss     : 0.64583224
Valid MSE Loss     : 0.00007397	 | 	Valid MAPE Loss     : 0.59580082
lr                 : [3.0000000000000004e-07]


Epoch : 86
Train MSE Loss     : 1.00002682	 | 	Train MAPE Loss     : 0.43108055
Valid MSE Loss     : 0.00005827	 | 	Valid MAPE Loss     : 0.40782905
lr                 : [3.0000000000000004e-07]


Epoch : 87
Train MSE Loss     : 1.00003314	 | 	Train MAPE Loss     : 0.50878131
Valid MSE Loss     : 0.00005772	 | 	Valid MAPE Loss     : 0.41568035
lr                 : [3.0000000000000004e-07]


Epoch : 88
Train MSE Loss     : 1.00002348	 | 	Train MAPE Loss     : 0.41584373
Valid MSE Loss     : 0.00005921	 | 	Valid MAPE Loss     : 0.44450289
lr                 : [3.0000000000000004e-07]


Epoch : 89
Train MSE Loss     : 1.00001347	 | 	Train MAPE Loss     : 0.30174044
Valid MSE Loss     : 0.00005867	 | 	Valid MAPE Loss     : 0.42520374
lr                 : [3.0000000000000004e-07]


Epoch : 90
Train MSE Loss     : 1.00002086	 | 	Train MAPE Loss     : 0.38948134
Valid MSE Loss     : 0.00006493	 | 	Valid MAPE Loss     : 0.56382787
lr                 : [3.0000000000000004e-07]


Epoch : 91
Train MSE Loss     : 1.00001740	 | 	Train MAPE Loss     : 0.36486647
Valid MSE Loss     : 0.00005514	 | 	Valid MAPE Loss     : 0.44287831
lr                 : [3.0000000000000004e-07]


Epoch : 92
Train MSE Loss     : 1.00002360	 | 	Train MAPE Loss     : 0.42024791
Valid MSE Loss     : 0.00006613	 | 	Valid MAPE Loss     : 0.52737105
lr                 : [3.0000000000000004e-07]


Epoch : 93
Train MSE Loss     : 1.00003040	 | 	Train MAPE Loss     : 0.49729306
Valid MSE Loss     : 0.00005733	 | 	Valid MAPE Loss     : 0.40783373
lr                 : [3.0000000000000004e-07]


Epoch : 94
Train MSE Loss     : 1.00002742	 | 	Train MAPE Loss     : 0.45110139
Valid MSE Loss     : 0.00006038	 | 	Valid MAPE Loss     : 0.48563907
lr                 : [3.0000000000000004e-07]


Epoch : 95
Train MSE Loss     : 1.00002384	 | 	Train MAPE Loss     : 0.39723662
Valid MSE Loss     : 0.00006587	 | 	Valid MAPE Loss     : 0.50284392
lr                 : [3.0000000000000004e-07]


Epoch : 96
Train MSE Loss     : 1.00001955	 | 	Train MAPE Loss     : 0.38718346
Valid MSE Loss     : 0.00005686	 | 	Valid MAPE Loss     : 0.40483043
lr                 : [3.0000000000000004e-08]


Epoch : 97
Train MSE Loss     : 1.00002491	 | 	Train MAPE Loss     : 0.45250973
Valid MSE Loss     : 0.00005736	 | 	Valid MAPE Loss     : 0.44203997
lr                 : [3.0000000000000004e-08]


Epoch : 98
Train MSE Loss     : 1.00001955	 | 	Train MAPE Loss     : 0.37363684
Valid MSE Loss     : 0.00005717	 | 	Valid MAPE Loss     : 0.41707149
lr                 : [3.0000000000000004e-08]


Epoch : 99
Train MSE Loss     : 1.00002968	 | 	Train MAPE Loss     : 0.48188904
Valid MSE Loss     : 0.00005701	 | 	Valid MAPE Loss     : 0.40256217
lr                 : [3.0000000000000004e-08]


Epoch : 100
Train MSE Loss     : 1.00002122	 | 	Train MAPE Loss     : 0.38491157
Valid MSE Loss     : 0.00005704	 | 	Valid MAPE Loss     : 0.43753052
lr                 : [3.0000000000000004e-08]


Epoch : 101
Train MSE Loss     : 1.00003314	 | 	Train MAPE Loss     : 0.48424539
Valid MSE Loss     : 0.00005803	 | 	Valid MAPE Loss     : 0.42448872
lr                 : [3.0000000000000004e-08]


Epoch : 102
Train MSE Loss     : 1.00001276	 | 	Train MAPE Loss     : 0.29928285
Valid MSE Loss     : 0.00005728	 | 	Valid MAPE Loss     : 0.40650764
lr                 : [3.0000000000000004e-08]


Epoch : 103
Train MSE Loss     : 1.00002766	 | 	Train MAPE Loss     : 0.46330094
Valid MSE Loss     : 0.00005733	 | 	Valid MAPE Loss     : 0.40865141
lr                 : [3.0000000000000004e-08]


Epoch : 104
Train MSE Loss     : 1.00003028	 | 	Train MAPE Loss     : 0.47725639
Valid MSE Loss     : 0.00005739	 | 	Valid MAPE Loss     : 0.45250526
lr                 : [3.0000000000000004e-08]


Epoch : 105
Train MSE Loss     : 1.00002074	 | 	Train MAPE Loss     : 0.40350306
Valid MSE Loss     : 0.00005928	 | 	Valid MAPE Loss     : 0.42464063
lr                 : [3.0000000000000004e-08]


Epoch : 106
Train MSE Loss     : 1.00002360	 | 	Train MAPE Loss     : 0.43175685
Valid MSE Loss     : 0.00005735	 | 	Valid MAPE Loss     : 0.45638800
lr                 : [3.0000000000000004e-08]


Epoch : 107
Train MSE Loss     : 1.00002408	 | 	Train MAPE Loss     : 0.44073999
Valid MSE Loss     : 0.00005972	 | 	Valid MAPE Loss     : 0.45147559
lr                 : [3.0000000000000004e-09]


Epoch : 108
Train MSE Loss     : 1.00001967	 | 	Train MAPE Loss     : 0.38137701
Valid MSE Loss     : 0.00005601	 | 	Valid MAPE Loss     : 0.40347341
lr                 : [3.0000000000000004e-09]


Epoch : 109
Train MSE Loss     : 1.00001717	 | 	Train MAPE Loss     : 0.36359310
Valid MSE Loss     : 0.00006424	 | 	Valid MAPE Loss     : 0.54032671
lr                 : [3.0000000000000004e-09]


Epoch : 110
Train MSE Loss     : 1.00001729	 | 	Train MAPE Loss     : 0.36152884
Valid MSE Loss     : 0.00005615	 | 	Valid MAPE Loss     : 0.43315053
lr                 : [3.0000000000000004e-09]


Epoch : 111
Train MSE Loss     : 1.00001872	 | 	Train MAPE Loss     : 0.37397271
Valid MSE Loss     : 0.00005680	 | 	Valid MAPE Loss     : 0.41291040
lr                 : [3.0000000000000004e-09]


Epoch : 112
Train MSE Loss     : 1.00002766	 | 	Train MAPE Loss     : 0.45311391
Valid MSE Loss     : 0.00006834	 | 	Valid MAPE Loss     : 0.56350839
lr                 : [3.0000000000000004e-09]


Epoch : 113
Train MSE Loss     : 1.00001442	 | 	Train MAPE Loss     : 0.32352862
Valid MSE Loss     : 0.00006035	 | 	Valid MAPE Loss     : 0.47519881
lr                 : [3.0000000000000004e-09]


Epoch : 114
Train MSE Loss     : 1.00003338	 | 	Train MAPE Loss     : 0.46040380
Valid MSE Loss     : 0.00005999	 | 	Valid MAPE Loss     : 0.45441273
lr                 : [3.0000000000000004e-09]


Epoch : 115
Train MSE Loss     : 1.00002766	 | 	Train MAPE Loss     : 0.47898385
Valid MSE Loss     : 0.00005814	 | 	Valid MAPE Loss     : 0.41169935
lr                 : [3.0000000000000004e-09]


Epoch : 116
Train MSE Loss     : 1.00002551	 | 	Train MAPE Loss     : 0.43513384
Valid MSE Loss     : 0.00005680	 | 	Valid MAPE Loss     : 0.41721788
lr                 : [3.0000000000000004e-09]


Epoch : 117
Train MSE Loss     : 1.00002623	 | 	Train MAPE Loss     : 0.44968024
Valid MSE Loss     : 0.00006494	 | 	Valid MAPE Loss     : 0.52748263
lr                 : [3.0000000000000004e-09]


Epoch : 118
Train MSE Loss     : 1.00001931	 | 	Train MAPE Loss     : 0.38891375
Valid MSE Loss     : 0.00005606	 | 	Valid MAPE Loss     : 0.40509412
lr                 : [3.0000000000000004e-09]


Epoch : 119
Train MSE Loss     : 1.00002229	 | 	Train MAPE Loss     : 0.40959808
Valid MSE Loss     : 0.00005755	 | 	Valid MAPE Loss     : 0.45196572
lr                 : [3.0000000000000004e-09]


Epoch : 120
Train MSE Loss     : 1.00002372	 | 	Train MAPE Loss     : 0.41095757
Valid MSE Loss     : 0.00005569	 | 	Valid MAPE Loss     : 0.40956920
lr                 : [3.0000000000000004e-09]


Epoch : 121
Train MSE Loss     : 1.00002956	 | 	Train MAPE Loss     : 0.48348927
Valid MSE Loss     : 0.00005857	 | 	Valid MAPE Loss     : 0.41307923
lr                 : [3.0000000000000004e-09]


Epoch : 122
Train MSE Loss     : 1.00003290	 | 	Train MAPE Loss     : 0.48631251
Valid MSE Loss     : 0.00005647	 | 	Valid MAPE Loss     : 0.40908799
lr                 : [3.0000000000000004e-09]


Epoch : 123
Train MSE Loss     : 1.00001907	 | 	Train MAPE Loss     : 0.37161949
Valid MSE Loss     : 0.00005674	 | 	Valid MAPE Loss     : 0.40443608
lr                 : [3.0000000000000004e-09]


Epoch : 124
Train MSE Loss     : 1.00001371	 | 	Train MAPE Loss     : 0.31260768
Valid MSE Loss     : 0.00005764	 | 	Valid MAPE Loss     : 0.40406677
lr                 : [3.0000000000000004e-09]


Epoch : 125
Train MSE Loss     : 1.00002456	 | 	Train MAPE Loss     : 0.39239666
Valid MSE Loss     : 0.00005772	 | 	Valid MAPE Loss     : 0.40965918
lr                 : [3.0000000000000004e-09]


Epoch : 126
Train MSE Loss     : 1.00002146	 | 	Train MAPE Loss     : 0.42020404
Valid MSE Loss     : 0.00005932	 | 	Valid MAPE Loss     : 0.43566686
lr                 : [3.0000000000000004e-09]


Epoch : 127
Train MSE Loss     : 1.00001776	 | 	Train MAPE Loss     : 0.36126393
Valid MSE Loss     : 0.00006220	 | 	Valid MAPE Loss     : 0.47734922
lr                 : [3.0000000000000004e-09]


Epoch : 128
Train MSE Loss     : 1.00002623	 | 	Train MAPE Loss     : 0.45685244
Valid MSE Loss     : 0.00006047	 | 	Valid MAPE Loss     : 0.51465231
lr                 : [3.0000000000000004e-09]


Epoch : 129
Train MSE Loss     : 1.00003529	 | 	Train MAPE Loss     : 0.50530195
Valid MSE Loss     : 0.00005944	 | 	Valid MAPE Loss     : 0.43003646
lr                 : [3.0000000000000004e-09]


Epoch : 130
Train MSE Loss     : 1.00002265	 | 	Train MAPE Loss     : 0.39003223
Valid MSE Loss     : 0.00005702	 | 	Valid MAPE Loss     : 0.41518643
lr                 : [3.0000000000000004e-09]


Epoch : 131
Train MSE Loss     : 1.00002658	 | 	Train MAPE Loss     : 0.46762112
Valid MSE Loss     : 0.00005738	 | 	Valid MAPE Loss     : 0.41239342
lr                 : [3.0000000000000004e-09]


Epoch : 132
Train MSE Loss     : 1.00001669	 | 	Train MAPE Loss     : 0.34182316
Valid MSE Loss     : 0.00005663	 | 	Valid MAPE Loss     : 0.41201884
lr                 : [3.0000000000000004e-09]


Epoch : 133
Train MSE Loss     : 1.00002360	 | 	Train MAPE Loss     : 0.41622716
Valid MSE Loss     : 0.00006320	 | 	Valid MAPE Loss     : 0.52336162
lr                 : [3.0000000000000004e-09]


Epoch : 134
Train MSE Loss     : 1.00001740	 | 	Train MAPE Loss     : 0.35691482
Valid MSE Loss     : 0.00006187	 | 	Valid MAPE Loss     : 0.47829631
lr                 : [3.0000000000000004e-09]


Epoch : 135
Train MSE Loss     : 1.00002539	 | 	Train MAPE Loss     : 0.45316491
Valid MSE Loss     : 0.00005777	 | 	Valid MAPE Loss     : 0.41625509
lr                 : [3.0000000000000004e-09]


Epoch : 136
Train MSE Loss     : 1.00002432	 | 	Train MAPE Loss     : 0.44258040
Valid MSE Loss     : 0.00006146	 | 	Valid MAPE Loss     : 0.50443161
lr                 : [3.0000000000000004e-09]


Epoch : 137
Train MSE Loss     : 1.00002682	 | 	Train MAPE Loss     : 0.47203767
Valid MSE Loss     : 0.00005798	 | 	Valid MAPE Loss     : 0.41964191
lr                 : [3.0000000000000004e-09]


Epoch : 138
Train MSE Loss     : 1.00002563	 | 	Train MAPE Loss     : 0.43489143
Valid MSE Loss     : 0.00005669	 | 	Valid MAPE Loss     : 0.41026053
lr                 : [3.0000000000000004e-09]


Epoch : 139
Train MSE Loss     : 1.00002170	 | 	Train MAPE Loss     : 0.41120696
Valid MSE Loss     : 0.00005789	 | 	Valid MAPE Loss     : 0.41076487
lr                 : [3.0000000000000004e-09]


Epoch : 140
Train MSE Loss     : 1.00001788	 | 	Train MAPE Loss     : 0.36366883
Valid MSE Loss     : 0.00006411	 | 	Valid MAPE Loss     : 0.55144036
lr                 : [3.0000000000000004e-09]


Epoch : 141
Train MSE Loss     : 1.00002205	 | 	Train MAPE Loss     : 0.37950391
Valid MSE Loss     : 0.00005737	 | 	Valid MAPE Loss     : 0.43747839
lr                 : [3.0000000000000004e-09]


Epoch : 142
Train MSE Loss     : 1.00001550	 | 	Train MAPE Loss     : 0.33614779
Valid MSE Loss     : 0.00005797	 | 	Valid MAPE Loss     : 0.41525057
lr                 : [3.0000000000000004e-09]


Epoch : 143
Train MSE Loss     : 1.00001514	 | 	Train MAPE Loss     : 0.32974145
Valid MSE Loss     : 0.00005638	 | 	Valid MAPE Loss     : 0.40382740
lr                 : [3.0000000000000004e-09]


Epoch : 144
Train MSE Loss     : 1.00003242	 | 	Train MAPE Loss     : 0.51616043
Valid MSE Loss     : 0.00006655	 | 	Valid MAPE Loss     : 0.54164708
lr                 : [3.0000000000000004e-09]


Epoch : 145
Train MSE Loss     : 1.00002301	 | 	Train MAPE Loss     : 0.42543113
Valid MSE Loss     : 0.00006059	 | 	Valid MAPE Loss     : 0.45806059
lr                 : [3.0000000000000004e-09]


Epoch : 146
Train MSE Loss     : 1.00002432	 | 	Train MAPE Loss     : 0.44533354
Valid MSE Loss     : 0.00006225	 | 	Valid MAPE Loss     : 0.51550281
lr                 : [3.0000000000000004e-09]


Epoch : 147
Train MSE Loss     : 1.00001740	 | 	Train MAPE Loss     : 0.35377997
Valid MSE Loss     : 0.00005609	 | 	Valid MAPE Loss     : 0.41327363
lr                 : [3.0000000000000004e-09]


Epoch : 148
Train MSE Loss     : 1.00001371	 | 	Train MAPE Loss     : 0.32086349
Valid MSE Loss     : 0.00006217	 | 	Valid MAPE Loss     : 0.46099734
lr                 : [3.0000000000000004e-09]


Epoch : 149
Train MSE Loss     : 1.00001514	 | 	Train MAPE Loss     : 0.33966622
Valid MSE Loss     : 0.00006005	 | 	Valid MAPE Loss     : 0.45716339
lr                 : [3.0000000000000004e-09]


Epoch : 150
Train MSE Loss     : 1.00003028	 | 	Train MAPE Loss     : 0.46373484
Valid MSE Loss     : 0.00005693	 | 	Valid MAPE Loss     : 0.40309963
lr                 : [3.0000000000000004e-09]


Evaluate on the Test set:
Test MAPE loss      :0.29168576	 | Test MSE loss      : 0.00001075

################## Training is Done! #########################
