=============================================
Dataset: cell_XJTU_batch3_prepocess_data
Mode:    supervised_with_contrast
=============================================
Training started ....

Epoch : 1
Train MSE Loss     : 1.18508422	 | 	Train MAPE Loss     : 42.42306519
Valid MSE Loss     : 0.01354609	 | 	Valid MAPE Loss     : 8.79806232
lr                 : [0.0003]


Epoch : 2
Train MSE Loss     : 1.00704777	 | 	Train MAPE Loss     : 6.79574060
Valid MSE Loss     : 0.01432986	 | 	Valid MAPE Loss     : 12.63876915
lr                 : [0.0003]


Epoch : 3
Train MSE Loss     : 1.03073859	 | 	Train MAPE Loss     : 15.80092239
Valid MSE Loss     : 0.11677315	 | 	Valid MAPE Loss     : 36.42980194
lr                 : [0.0003]


Epoch : 4
Train MSE Loss     : 1.13740230	 | 	Train MAPE Loss     : 34.91818237
Valid MSE Loss     : 0.00937754	 | 	Valid MAPE Loss     : 9.98585606
lr                 : [0.0003]


Epoch : 5
Train MSE Loss     : 1.30602157	 | 	Train MAPE Loss     : 52.85040665
Valid MSE Loss     : 0.42712623	 | 	Valid MAPE Loss     : 69.86578369
lr                 : [0.0003]


Epoch : 6
Train MSE Loss     : 1.09014106	 | 	Train MAPE Loss     : 24.57184982
Valid MSE Loss     : 0.00557289	 | 	Valid MAPE Loss     : 7.65635061
lr                 : [0.0003]


Epoch : 7
Train MSE Loss     : 1.01726019	 | 	Train MAPE Loss     : 11.97667599
Valid MSE Loss     : 0.03545995	 | 	Valid MAPE Loss     : 20.09665489
lr                 : [0.0003]


Epoch : 8
Train MSE Loss     : 1.05664217	 | 	Train MAPE Loss     : 22.98884201
Valid MSE Loss     : 0.02826460	 | 	Valid MAPE Loss     : 17.72101212
lr                 : [0.0003]


Epoch : 9
Train MSE Loss     : 1.01297283	 | 	Train MAPE Loss     : 10.34137058
Valid MSE Loss     : 0.01550626	 | 	Valid MAPE Loss     : 13.11619854
lr                 : [0.0003]


Epoch : 10
Train MSE Loss     : 1.09155631	 | 	Train MAPE Loss     : 24.99680328
Valid MSE Loss     : 0.36289436	 | 	Valid MAPE Loss     : 63.82215500
lr                 : [0.0003]


Epoch : 11
Train MSE Loss     : 1.26200140	 | 	Train MAPE Loss     : 50.52476883
Valid MSE Loss     : 0.00074202	 | 	Valid MAPE Loss     : 2.15021062
lr                 : [0.0003]


Epoch : 12
Train MSE Loss     : 1.00747550	 | 	Train MAPE Loss     : 7.49154377
Valid MSE Loss     : 0.00072460	 | 	Valid MAPE Loss     : 2.18710303
lr                 : [0.0003]


Epoch : 13
Train MSE Loss     : 1.02520335	 | 	Train MAPE Loss     : 12.67757130
Valid MSE Loss     : 0.07618736	 | 	Valid MAPE Loss     : 29.54940796
lr                 : [0.0003]


Epoch : 14
Train MSE Loss     : 1.03001845	 | 	Train MAPE Loss     : 16.38863754
Valid MSE Loss     : 0.01519394	 | 	Valid MAPE Loss     : 13.00912476
lr                 : [0.0003]


Epoch : 15
Train MSE Loss     : 1.00552773	 | 	Train MAPE Loss     : 6.93053627
Valid MSE Loss     : 0.00243511	 | 	Valid MAPE Loss     : 5.18530560
lr                 : [0.0003]


Epoch : 16
Train MSE Loss     : 1.12063968	 | 	Train MAPE Loss     : 33.80008316
Valid MSE Loss     : 0.08605393	 | 	Valid MAPE Loss     : 31.29011536
lr                 : [0.0003]


Epoch : 17
Train MSE Loss     : 1.01574874	 | 	Train MAPE Loss     : 11.57591534
Valid MSE Loss     : 0.03427550	 | 	Valid MAPE Loss     : 19.80480957
lr                 : [0.0003]


Epoch : 18
Train MSE Loss     : 1.01560807	 | 	Train MAPE Loss     : 12.29699707
Valid MSE Loss     : 0.00559262	 | 	Valid MAPE Loss     : 7.93539047
lr                 : [0.0003]


Epoch : 19
Train MSE Loss     : 1.01124442	 | 	Train MAPE Loss     : 9.70420647
Valid MSE Loss     : 0.00200591	 | 	Valid MAPE Loss     : 4.68598795
lr                 : [0.0003]


Epoch : 20
Train MSE Loss     : 1.00778580	 | 	Train MAPE Loss     : 7.93115091
Valid MSE Loss     : 0.01567102	 | 	Valid MAPE Loss     : 13.37954235
lr                 : [0.0003]


Epoch : 21
Train MSE Loss     : 1.04426408	 | 	Train MAPE Loss     : 20.67631340
Valid MSE Loss     : 0.03545846	 | 	Valid MAPE Loss     : 20.07242775
lr                 : [0.0003]


Epoch : 22
Train MSE Loss     : 1.01002920	 | 	Train MAPE Loss     : 8.94227886
Valid MSE Loss     : 0.00216777	 | 	Valid MAPE Loss     : 4.65302753
lr                 : [2.9999999999999997e-05]


Epoch : 23
Train MSE Loss     : 1.00585806	 | 	Train MAPE Loss     : 6.90985250
Valid MSE Loss     : 0.00116240	 | 	Valid MAPE Loss     : 3.52569628
lr                 : [2.9999999999999997e-05]


Epoch : 24
Train MSE Loss     : 1.00280344	 | 	Train MAPE Loss     : 4.74760342
Valid MSE Loss     : 0.00019969	 | 	Valid MAPE Loss     : 1.36424685
lr                 : [2.9999999999999997e-05]


Epoch : 25
Train MSE Loss     : 1.00226235	 | 	Train MAPE Loss     : 4.00509405
Valid MSE Loss     : 0.00227861	 | 	Valid MAPE Loss     : 5.07602787
lr                 : [2.9999999999999997e-05]


Epoch : 26
Train MSE Loss     : 1.00382674	 | 	Train MAPE Loss     : 5.66106796
Valid MSE Loss     : 0.00012778	 | 	Valid MAPE Loss     : 1.07731175
lr                 : [2.9999999999999997e-05]


Epoch : 27
Train MSE Loss     : 1.00342739	 | 	Train MAPE Loss     : 4.97634077
Valid MSE Loss     : 0.00004019	 | 	Valid MAPE Loss     : 0.52914155
lr                 : [2.9999999999999997e-05]


Epoch : 28
Train MSE Loss     : 1.00167871	 | 	Train MAPE Loss     : 3.52610230
Valid MSE Loss     : 0.00239200	 | 	Valid MAPE Loss     : 5.14535856
lr                 : [2.9999999999999997e-05]


Epoch : 29
Train MSE Loss     : 1.00336897	 | 	Train MAPE Loss     : 5.11151409
Valid MSE Loss     : 0.00022347	 | 	Valid MAPE Loss     : 1.51887393
lr                 : [2.9999999999999997e-05]


Epoch : 30
Train MSE Loss     : 1.00165915	 | 	Train MAPE Loss     : 3.44376779
Valid MSE Loss     : 0.00044100	 | 	Valid MAPE Loss     : 2.18259621
lr                 : [2.9999999999999997e-05]


Epoch : 31
Train MSE Loss     : 1.00314057	 | 	Train MAPE Loss     : 5.14730263
Valid MSE Loss     : 0.00005286	 | 	Valid MAPE Loss     : 0.59035110
lr                 : [2.9999999999999997e-05]


Epoch : 32
Train MSE Loss     : 1.00431848	 | 	Train MAPE Loss     : 6.20491123
Valid MSE Loss     : 0.00122241	 | 	Valid MAPE Loss     : 3.61686778
lr                 : [2.9999999999999997e-05]


Epoch : 33
Train MSE Loss     : 1.00128806	 | 	Train MAPE Loss     : 3.09176493
Valid MSE Loss     : 0.00003671	 | 	Valid MAPE Loss     : 0.47594100
lr                 : [2.9999999999999997e-05]


Epoch : 34
Train MSE Loss     : 1.00169814	 | 	Train MAPE Loss     : 3.69279289
Valid MSE Loss     : 0.00004477	 | 	Valid MAPE Loss     : 0.59391290
lr                 : [2.9999999999999997e-05]


Epoch : 35
Train MSE Loss     : 1.00091219	 | 	Train MAPE Loss     : 2.69616818
Valid MSE Loss     : 0.00002796	 | 	Valid MAPE Loss     : 0.42372304
lr                 : [2.9999999999999997e-05]


Epoch : 36
Train MSE Loss     : 1.00101304	 | 	Train MAPE Loss     : 2.83101058
Valid MSE Loss     : 0.00008559	 | 	Valid MAPE Loss     : 0.86399776
lr                 : [2.9999999999999997e-05]


Epoch : 37
Train MSE Loss     : 1.00239611	 | 	Train MAPE Loss     : 4.53074312
Valid MSE Loss     : 0.00123839	 | 	Valid MAPE Loss     : 3.72525597
lr                 : [2.9999999999999997e-05]


Epoch : 38
Train MSE Loss     : 1.00159419	 | 	Train MAPE Loss     : 3.44822073
Valid MSE Loss     : 0.00003937	 | 	Valid MAPE Loss     : 0.51877129
lr                 : [2.9999999999999997e-05]


Epoch : 39
Train MSE Loss     : 1.00121689	 | 	Train MAPE Loss     : 3.09938121
Valid MSE Loss     : 0.00029315	 | 	Valid MAPE Loss     : 1.76034856
lr                 : [2.9999999999999997e-05]


Epoch : 40
Train MSE Loss     : 1.00090277	 | 	Train MAPE Loss     : 2.63680911
Valid MSE Loss     : 0.00024294	 | 	Valid MAPE Loss     : 1.52938390
lr                 : [2.9999999999999997e-05]


Epoch : 41
Train MSE Loss     : 1.00066102	 | 	Train MAPE Loss     : 2.24746299
Valid MSE Loss     : 0.00003386	 | 	Valid MAPE Loss     : 0.47647667
lr                 : [2.9999999999999997e-05]


Epoch : 42
Train MSE Loss     : 1.00080395	 | 	Train MAPE Loss     : 2.39424753
Valid MSE Loss     : 0.00003621	 | 	Valid MAPE Loss     : 0.45612341
lr                 : [2.9999999999999997e-05]


Epoch : 43
Train MSE Loss     : 1.00100744	 | 	Train MAPE Loss     : 2.85124779
Valid MSE Loss     : 0.00003015	 | 	Valid MAPE Loss     : 0.46362171
lr                 : [2.9999999999999997e-05]


Epoch : 44
Train MSE Loss     : 1.00086915	 | 	Train MAPE Loss     : 2.46843147
Valid MSE Loss     : 0.00149490	 | 	Valid MAPE Loss     : 4.11184502
lr                 : [2.9999999999999997e-05]


Epoch : 45
Train MSE Loss     : 1.00175714	 | 	Train MAPE Loss     : 3.63549852
Valid MSE Loss     : 0.00155032	 | 	Valid MAPE Loss     : 4.13004589
lr                 : [2.9999999999999997e-05]


Epoch : 46
Train MSE Loss     : 1.00112057	 | 	Train MAPE Loss     : 3.06594586
Valid MSE Loss     : 0.00007103	 | 	Valid MAPE Loss     : 0.74719292
lr                 : [3e-06]


Epoch : 47
Train MSE Loss     : 1.00047696	 | 	Train MAPE Loss     : 1.94162929
Valid MSE Loss     : 0.00006291	 | 	Valid MAPE Loss     : 0.72124112
lr                 : [3e-06]


Epoch : 48
Train MSE Loss     : 1.00104856	 | 	Train MAPE Loss     : 2.62894011
Valid MSE Loss     : 0.00066989	 | 	Valid MAPE Loss     : 2.70536375
lr                 : [3e-06]


Epoch : 49
Train MSE Loss     : 1.00064099	 | 	Train MAPE Loss     : 2.26092601
Valid MSE Loss     : 0.00004075	 | 	Valid MAPE Loss     : 0.51600462
lr                 : [3e-06]


Epoch : 50
Train MSE Loss     : 1.00056255	 | 	Train MAPE Loss     : 2.13423800
Valid MSE Loss     : 0.00003651	 | 	Valid MAPE Loss     : 0.48481956
lr                 : [3e-06]


Epoch : 51
Train MSE Loss     : 1.00058758	 | 	Train MAPE Loss     : 2.20793653
Valid MSE Loss     : 0.00002859	 | 	Valid MAPE Loss     : 0.45922184
lr                 : [3e-06]


Epoch : 52
Train MSE Loss     : 1.00054145	 | 	Train MAPE Loss     : 2.10789227
Valid MSE Loss     : 0.00002378	 | 	Valid MAPE Loss     : 0.37699956
lr                 : [3e-06]


Epoch : 53
Train MSE Loss     : 1.00048316	 | 	Train MAPE Loss     : 1.87030971
Valid MSE Loss     : 0.00006530	 | 	Valid MAPE Loss     : 0.76362926
lr                 : [3e-06]


Epoch : 54
Train MSE Loss     : 1.00049949	 | 	Train MAPE Loss     : 1.93408620
Valid MSE Loss     : 0.00028734	 | 	Valid MAPE Loss     : 1.72855830
lr                 : [3e-06]


Epoch : 55
Train MSE Loss     : 1.00058424	 | 	Train MAPE Loss     : 1.96571004
Valid MSE Loss     : 0.00011464	 | 	Valid MAPE Loss     : 1.05562794
lr                 : [3e-06]


Epoch : 56
Train MSE Loss     : 1.00069284	 | 	Train MAPE Loss     : 2.35647011
Valid MSE Loss     : 0.00003050	 | 	Valid MAPE Loss     : 0.43210626
lr                 : [3e-06]


Epoch : 57
Train MSE Loss     : 1.00063992	 | 	Train MAPE Loss     : 2.18370485
Valid MSE Loss     : 0.00003063	 | 	Valid MAPE Loss     : 0.48339105
lr                 : [3e-06]


Epoch : 58
Train MSE Loss     : 1.00072801	 | 	Train MAPE Loss     : 2.43023324
Valid MSE Loss     : 0.00002904	 | 	Valid MAPE Loss     : 0.41804367
lr                 : [3e-06]


Epoch : 59
Train MSE Loss     : 1.00059164	 | 	Train MAPE Loss     : 2.04150033
Valid MSE Loss     : 0.00035588	 | 	Valid MAPE Loss     : 1.96218109
lr                 : [3e-06]


Epoch : 60
Train MSE Loss     : 1.00054359	 | 	Train MAPE Loss     : 2.03565192
Valid MSE Loss     : 0.00011330	 | 	Valid MAPE Loss     : 1.03947031
lr                 : [3e-06]


Epoch : 61
Train MSE Loss     : 1.00040901	 | 	Train MAPE Loss     : 1.64875376
Valid MSE Loss     : 0.00037865	 | 	Valid MAPE Loss     : 2.01211739
lr                 : [3e-06]


Epoch : 62
Train MSE Loss     : 1.00077844	 | 	Train MAPE Loss     : 2.51890302
Valid MSE Loss     : 0.00006419	 | 	Valid MAPE Loss     : 0.76277286
lr                 : [3e-06]


Epoch : 63
Train MSE Loss     : 1.00041699	 | 	Train MAPE Loss     : 1.73715973
Valid MSE Loss     : 0.00011299	 | 	Valid MAPE Loss     : 1.01798320
lr                 : [3.0000000000000004e-07]


Epoch : 64
Train MSE Loss     : 1.00054395	 | 	Train MAPE Loss     : 1.96658039
Valid MSE Loss     : 0.00027411	 | 	Valid MAPE Loss     : 1.71458316
lr                 : [3.0000000000000004e-07]


Epoch : 65
Train MSE Loss     : 1.00041020	 | 	Train MAPE Loss     : 1.62320495
Valid MSE Loss     : 0.00004250	 | 	Valid MAPE Loss     : 0.52356958
lr                 : [3.0000000000000004e-07]


Epoch : 66
Train MSE Loss     : 1.00060630	 | 	Train MAPE Loss     : 2.26385069
Valid MSE Loss     : 0.00003529	 | 	Valid MAPE Loss     : 0.45622349
lr                 : [3.0000000000000004e-07]


Epoch : 67
Train MSE Loss     : 1.00032783	 | 	Train MAPE Loss     : 1.70718622
Valid MSE Loss     : 0.00014821	 | 	Valid MAPE Loss     : 1.21561635
lr                 : [3.0000000000000004e-07]


Epoch : 68
Train MSE Loss     : 1.00044262	 | 	Train MAPE Loss     : 1.97502685
Valid MSE Loss     : 0.00005743	 | 	Valid MAPE Loss     : 0.65863794
lr                 : [3.0000000000000004e-07]


Epoch : 69
Train MSE Loss     : 1.00047040	 | 	Train MAPE Loss     : 1.78315663
Valid MSE Loss     : 0.00003601	 | 	Valid MAPE Loss     : 0.48339596
lr                 : [3.0000000000000004e-07]


Epoch : 70
Train MSE Loss     : 1.00056458	 | 	Train MAPE Loss     : 1.82407999
Valid MSE Loss     : 0.00034274	 | 	Valid MAPE Loss     : 1.91397989
lr                 : [3.0000000000000004e-07]


Epoch : 71
Train MSE Loss     : 1.00051236	 | 	Train MAPE Loss     : 1.89936197
Valid MSE Loss     : 0.00008432	 | 	Valid MAPE Loss     : 0.87859040
lr                 : [3.0000000000000004e-07]


Epoch : 72
Train MSE Loss     : 1.00054955	 | 	Train MAPE Loss     : 1.99946618
Valid MSE Loss     : 0.00002724	 | 	Valid MAPE Loss     : 0.43091297
lr                 : [3.0000000000000004e-07]


Epoch : 73
Train MSE Loss     : 1.00027204	 | 	Train MAPE Loss     : 1.35812390
Valid MSE Loss     : 0.00022015	 | 	Valid MAPE Loss     : 1.51611876
lr                 : [3.0000000000000004e-07]


Epoch : 74
Train MSE Loss     : 1.00079215	 | 	Train MAPE Loss     : 2.54309082
Valid MSE Loss     : 0.00005576	 | 	Valid MAPE Loss     : 0.65054142
lr                 : [3.0000000000000004e-08]


Epoch : 75
Train MSE Loss     : 1.00050867	 | 	Train MAPE Loss     : 2.05436587
Valid MSE Loss     : 0.00003372	 | 	Valid MAPE Loss     : 0.45419654
lr                 : [3.0000000000000004e-08]


Epoch : 76
Train MSE Loss     : 1.00040841	 | 	Train MAPE Loss     : 1.79142070
Valid MSE Loss     : 0.00013672	 | 	Valid MAPE Loss     : 1.14877892
lr                 : [3.0000000000000004e-08]


Epoch : 77
Train MSE Loss     : 1.00063944	 | 	Train MAPE Loss     : 2.32448459
Valid MSE Loss     : 0.00005933	 | 	Valid MAPE Loss     : 0.71962100
lr                 : [3.0000000000000004e-08]


Epoch : 78
Train MSE Loss     : 1.00032198	 | 	Train MAPE Loss     : 1.63906455
Valid MSE Loss     : 0.00022940	 | 	Valid MAPE Loss     : 1.55153906
lr                 : [3.0000000000000004e-08]


Epoch : 79
Train MSE Loss     : 1.00049376	 | 	Train MAPE Loss     : 2.07101417
Valid MSE Loss     : 0.00005293	 | 	Valid MAPE Loss     : 0.62288207
lr                 : [3.0000000000000004e-08]


Epoch : 80
Train MSE Loss     : 1.00061393	 | 	Train MAPE Loss     : 2.21102595
Valid MSE Loss     : 0.00020819	 | 	Valid MAPE Loss     : 1.47176909
lr                 : [3.0000000000000004e-08]


Epoch : 81
Train MSE Loss     : 1.00040996	 | 	Train MAPE Loss     : 1.94541967
Valid MSE Loss     : 0.00011969	 | 	Valid MAPE Loss     : 1.07373106
lr                 : [3.0000000000000004e-08]


Epoch : 82
Train MSE Loss     : 1.00043046	 | 	Train MAPE Loss     : 1.80099654
Valid MSE Loss     : 0.00026047	 | 	Valid MAPE Loss     : 1.65880370
lr                 : [3.0000000000000004e-08]


Epoch : 83
Train MSE Loss     : 1.00036657	 | 	Train MAPE Loss     : 1.78609538
Valid MSE Loss     : 0.00004455	 | 	Valid MAPE Loss     : 0.55913770
lr                 : [3.0000000000000004e-08]


Epoch : 84
Train MSE Loss     : 1.00045657	 | 	Train MAPE Loss     : 1.75289786
Valid MSE Loss     : 0.00003987	 | 	Valid MAPE Loss     : 0.50540787
lr                 : [3.0000000000000004e-08]


Epoch : 85
Train MSE Loss     : 1.00037611	 | 	Train MAPE Loss     : 1.61211848
Valid MSE Loss     : 0.00009808	 | 	Valid MAPE Loss     : 0.94852030
lr                 : [3.0000000000000004e-09]


Epoch : 86
Train MSE Loss     : 1.00063050	 | 	Train MAPE Loss     : 2.23862720
Valid MSE Loss     : 0.00010980	 | 	Valid MAPE Loss     : 1.02106965
lr                 : [3.0000000000000004e-09]


Epoch : 87
Train MSE Loss     : 1.00024986	 | 	Train MAPE Loss     : 1.35258174
Valid MSE Loss     : 0.00002770	 | 	Valid MAPE Loss     : 0.41484731
lr                 : [3.0000000000000004e-09]


Epoch : 88
Train MSE Loss     : 1.00044513	 | 	Train MAPE Loss     : 1.89480698
Valid MSE Loss     : 0.00009585	 | 	Valid MAPE Loss     : 0.92211151
lr                 : [3.0000000000000004e-09]


Epoch : 89
Train MSE Loss     : 1.00023055	 | 	Train MAPE Loss     : 1.29575801
Valid MSE Loss     : 0.00005702	 | 	Valid MAPE Loss     : 0.65344512
lr                 : [3.0000000000000004e-09]


Epoch : 90
Train MSE Loss     : 1.00034308	 | 	Train MAPE Loss     : 1.61655104
Valid MSE Loss     : 0.00022802	 | 	Valid MAPE Loss     : 1.54424083
lr                 : [3.0000000000000004e-09]


Epoch : 91
Train MSE Loss     : 1.00031984	 | 	Train MAPE Loss     : 1.58877623
Valid MSE Loss     : 0.00005954	 | 	Valid MAPE Loss     : 0.72759640
lr                 : [3.0000000000000004e-09]


Epoch : 92
Train MSE Loss     : 1.00073695	 | 	Train MAPE Loss     : 2.28596759
Valid MSE Loss     : 0.00003158	 | 	Valid MAPE Loss     : 0.43013948
lr                 : [3.0000000000000004e-09]


Epoch : 93
Train MSE Loss     : 1.00057006	 | 	Train MAPE Loss     : 2.12275815
Valid MSE Loss     : 0.00004006	 | 	Valid MAPE Loss     : 0.57111549
lr                 : [3.0000000000000004e-09]


Epoch : 94
Train MSE Loss     : 1.00047755	 | 	Train MAPE Loss     : 2.00248384
Valid MSE Loss     : 0.00010290	 | 	Valid MAPE Loss     : 0.97438824
lr                 : [3.0000000000000004e-09]


Epoch : 95
Train MSE Loss     : 1.00040865	 | 	Train MAPE Loss     : 1.93542194
Valid MSE Loss     : 0.00003633	 | 	Valid MAPE Loss     : 0.45585307
lr                 : [3.0000000000000004e-09]


Epoch : 96
Train MSE Loss     : 1.00034869	 | 	Train MAPE Loss     : 1.66382432
Valid MSE Loss     : 0.00002582	 | 	Valid MAPE Loss     : 0.38462096
lr                 : [3.0000000000000004e-09]


Epoch : 97
Train MSE Loss     : 1.00050890	 | 	Train MAPE Loss     : 1.91926789
Valid MSE Loss     : 0.00002822	 | 	Valid MAPE Loss     : 0.45491084
lr                 : [3.0000000000000004e-09]


Epoch : 98
Train MSE Loss     : 1.00040400	 | 	Train MAPE Loss     : 1.72931492
Valid MSE Loss     : 0.00002425	 | 	Valid MAPE Loss     : 0.39257950
lr                 : [3.0000000000000004e-09]


Epoch : 99
Train MSE Loss     : 1.00040901	 | 	Train MAPE Loss     : 1.63990819
Valid MSE Loss     : 0.00011682	 | 	Valid MAPE Loss     : 1.04706025
lr                 : [3.0000000000000004e-09]


Epoch : 100
Train MSE Loss     : 1.00047755	 | 	Train MAPE Loss     : 1.85290277
Valid MSE Loss     : 0.00004794	 | 	Valid MAPE Loss     : 0.58193302
lr                 : [3.0000000000000004e-09]


Epoch : 101
Train MSE Loss     : 1.00052571	 | 	Train MAPE Loss     : 1.70113814
Valid MSE Loss     : 0.00002533	 | 	Valid MAPE Loss     : 0.39445239
lr                 : [3.0000000000000004e-09]


Epoch : 102
Train MSE Loss     : 1.00049627	 | 	Train MAPE Loss     : 1.98613811
Valid MSE Loss     : 0.00014919	 | 	Valid MAPE Loss     : 1.21918797
lr                 : [3.0000000000000004e-09]


Epoch : 103
Train MSE Loss     : 1.00042415	 | 	Train MAPE Loss     : 1.86534953
Valid MSE Loss     : 0.00009083	 | 	Valid MAPE Loss     : 0.90194166
lr                 : [3.0000000000000004e-09]


Epoch : 104
Train MSE Loss     : 1.00045669	 | 	Train MAPE Loss     : 1.74719763
Valid MSE Loss     : 0.00022633	 | 	Valid MAPE Loss     : 1.54202628
lr                 : [3.0000000000000004e-09]


Epoch : 105
Train MSE Loss     : 1.00026596	 | 	Train MAPE Loss     : 1.40510595
Valid MSE Loss     : 0.00005234	 | 	Valid MAPE Loss     : 0.62167680
lr                 : [3.0000000000000004e-09]


Epoch : 106
Train MSE Loss     : 1.00025427	 | 	Train MAPE Loss     : 1.42884004
Valid MSE Loss     : 0.00003587	 | 	Valid MAPE Loss     : 0.45231977
lr                 : [3.0000000000000004e-09]


Epoch : 107
Train MSE Loss     : 1.00038433	 | 	Train MAPE Loss     : 1.73353791
Valid MSE Loss     : 0.00002974	 | 	Valid MAPE Loss     : 0.47527534
lr                 : [3.0000000000000004e-09]


Epoch : 108
Train MSE Loss     : 1.00040054	 | 	Train MAPE Loss     : 1.78459311
Valid MSE Loss     : 0.00012294	 | 	Valid MAPE Loss     : 1.08565640
lr                 : [3.0000000000000004e-09]


Epoch : 109
Train MSE Loss     : 1.00037372	 | 	Train MAPE Loss     : 1.69621480
Valid MSE Loss     : 0.00003449	 | 	Valid MAPE Loss     : 0.47494492
lr                 : [3.0000000000000004e-09]


Epoch : 110
Train MSE Loss     : 1.00035989	 | 	Train MAPE Loss     : 1.54555750
Valid MSE Loss     : 0.00040101	 | 	Valid MAPE Loss     : 2.09186983
lr                 : [3.0000000000000004e-09]


Epoch : 111
Train MSE Loss     : 1.00042021	 | 	Train MAPE Loss     : 1.66954947
Valid MSE Loss     : 0.00009219	 | 	Valid MAPE Loss     : 0.92828244
lr                 : [3.0000000000000004e-09]


Epoch : 112
Train MSE Loss     : 1.00046635	 | 	Train MAPE Loss     : 1.75512004
Valid MSE Loss     : 0.00007616	 | 	Valid MAPE Loss     : 0.83328068
lr                 : [3.0000000000000004e-09]


Epoch : 113
Train MSE Loss     : 1.00037694	 | 	Train MAPE Loss     : 1.66704035
Valid MSE Loss     : 0.00010636	 | 	Valid MAPE Loss     : 1.00803006
lr                 : [3.0000000000000004e-09]


Epoch : 114
Train MSE Loss     : 1.00092900	 | 	Train MAPE Loss     : 2.70496225
Valid MSE Loss     : 0.00045473	 | 	Valid MAPE Loss     : 2.19909334
lr                 : [3.0000000000000004e-09]


Epoch : 115
Train MSE Loss     : 1.00026774	 | 	Train MAPE Loss     : 1.47182465
Valid MSE Loss     : 0.00014235	 | 	Valid MAPE Loss     : 1.17878664
lr                 : [3.0000000000000004e-09]


Epoch : 116
Train MSE Loss     : 1.00031447	 | 	Train MAPE Loss     : 1.64032912
Valid MSE Loss     : 0.00002869	 | 	Valid MAPE Loss     : 0.45942003
lr                 : [3.0000000000000004e-09]


Epoch : 117
Train MSE Loss     : 1.00047898	 | 	Train MAPE Loss     : 1.92183626
Valid MSE Loss     : 0.00006771	 | 	Valid MAPE Loss     : 0.73359513
lr                 : [3.0000000000000004e-09]


Epoch : 118
Train MSE Loss     : 1.00054419	 | 	Train MAPE Loss     : 2.00396991
Valid MSE Loss     : 0.00033275	 | 	Valid MAPE Loss     : 1.89300787
lr                 : [3.0000000000000004e-09]


Epoch : 119
Train MSE Loss     : 1.00035262	 | 	Train MAPE Loss     : 1.72440124
Valid MSE Loss     : 0.00007185	 | 	Valid MAPE Loss     : 0.75435990
lr                 : [3.0000000000000004e-09]


Epoch : 120
Train MSE Loss     : 1.00057709	 | 	Train MAPE Loss     : 2.12656069
Valid MSE Loss     : 0.00038106	 | 	Valid MAPE Loss     : 2.04165864
lr                 : [3.0000000000000004e-09]


Epoch : 121
Train MSE Loss     : 1.00056148	 | 	Train MAPE Loss     : 2.10286069
Valid MSE Loss     : 0.00005521	 | 	Valid MAPE Loss     : 0.64398992
lr                 : [3.0000000000000004e-09]


Epoch : 122
Train MSE Loss     : 1.00047898	 | 	Train MAPE Loss     : 1.93990982
Valid MSE Loss     : 0.00002894	 | 	Valid MAPE Loss     : 0.39830953
lr                 : [3.0000000000000004e-09]


Epoch : 123
Train MSE Loss     : 1.00044346	 | 	Train MAPE Loss     : 1.72888601
Valid MSE Loss     : 0.00019201	 | 	Valid MAPE Loss     : 1.40913892
lr                 : [3.0000000000000004e-09]


Epoch : 124
Train MSE Loss     : 1.00040638	 | 	Train MAPE Loss     : 1.83134949
Valid MSE Loss     : 0.00003181	 | 	Valid MAPE Loss     : 0.45084175
lr                 : [3.0000000000000004e-09]


Epoch : 125
Train MSE Loss     : 1.00046575	 | 	Train MAPE Loss     : 1.95213377
Valid MSE Loss     : 0.00004118	 | 	Valid MAPE Loss     : 0.58227146
lr                 : [3.0000000000000004e-09]


Epoch : 126
Train MSE Loss     : 1.00045085	 | 	Train MAPE Loss     : 1.73041153
Valid MSE Loss     : 0.00005199	 | 	Valid MAPE Loss     : 0.62653810
lr                 : [3.0000000000000004e-09]


Epoch : 127
Train MSE Loss     : 1.00069332	 | 	Train MAPE Loss     : 2.17940402
Valid MSE Loss     : 0.00003291	 | 	Valid MAPE Loss     : 0.45732307
lr                 : [3.0000000000000004e-09]


Epoch : 128
Train MSE Loss     : 1.00035036	 | 	Train MAPE Loss     : 1.58960307
Valid MSE Loss     : 0.00006165	 | 	Valid MAPE Loss     : 0.70288908
lr                 : [3.0000000000000004e-09]


Epoch : 129
Train MSE Loss     : 1.00041902	 | 	Train MAPE Loss     : 1.79659820
Valid MSE Loss     : 0.00006201	 | 	Valid MAPE Loss     : 0.74200952
lr                 : [3.0000000000000004e-09]


Epoch : 130
Train MSE Loss     : 1.00050831	 | 	Train MAPE Loss     : 2.06699586
Valid MSE Loss     : 0.00003429	 | 	Valid MAPE Loss     : 0.46178490
lr                 : [3.0000000000000004e-09]


Epoch : 131
Train MSE Loss     : 1.00035417	 | 	Train MAPE Loss     : 1.61841869
Valid MSE Loss     : 0.00011094	 | 	Valid MAPE Loss     : 1.03267252
lr                 : [3.0000000000000004e-09]


Epoch : 132
Train MSE Loss     : 1.00059450	 | 	Train MAPE Loss     : 2.07489419
Valid MSE Loss     : 0.00036802	 | 	Valid MAPE Loss     : 2.00191736
lr                 : [3.0000000000000004e-09]


Epoch : 133
Train MSE Loss     : 1.00040948	 | 	Train MAPE Loss     : 1.65741038
Valid MSE Loss     : 0.00011077	 | 	Valid MAPE Loss     : 1.02544856
lr                 : [3.0000000000000004e-09]


Epoch : 134
Train MSE Loss     : 1.00046074	 | 	Train MAPE Loss     : 1.92431319
Valid MSE Loss     : 0.00002525	 | 	Valid MAPE Loss     : 0.39491725
lr                 : [3.0000000000000004e-09]


Epoch : 135
Train MSE Loss     : 1.00040591	 | 	Train MAPE Loss     : 1.68827093
Valid MSE Loss     : 0.00003007	 | 	Valid MAPE Loss     : 0.41297954
lr                 : [3.0000000000000004e-09]


Epoch : 136
Train MSE Loss     : 1.00036788	 | 	Train MAPE Loss     : 1.79601645
Valid MSE Loss     : 0.00002663	 | 	Valid MAPE Loss     : 0.39010358
lr                 : [3.0000000000000004e-09]


Epoch : 137
Train MSE Loss     : 1.00033081	 | 	Train MAPE Loss     : 1.76006174
Valid MSE Loss     : 0.00008228	 | 	Valid MAPE Loss     : 0.84224623
lr                 : [3.0000000000000004e-09]


Epoch : 138
Train MSE Loss     : 1.00031400	 | 	Train MAPE Loss     : 1.46455431
Valid MSE Loss     : 0.00002967	 | 	Valid MAPE Loss     : 0.39524627
lr                 : [3.0000000000000004e-09]


Epoch : 139
Train MSE Loss     : 1.00058997	 | 	Train MAPE Loss     : 2.17523503
Valid MSE Loss     : 0.00008274	 | 	Valid MAPE Loss     : 0.84425336
lr                 : [3.0000000000000004e-09]


Epoch : 140
Train MSE Loss     : 1.00051820	 | 	Train MAPE Loss     : 2.07461214
Valid MSE Loss     : 0.00012161	 | 	Valid MAPE Loss     : 1.08232534
lr                 : [3.0000000000000004e-09]


Epoch : 141
Train MSE Loss     : 1.00064528	 | 	Train MAPE Loss     : 2.21149397
Valid MSE Loss     : 0.00020988	 | 	Valid MAPE Loss     : 1.47932982
lr                 : [3.0000000000000004e-09]


Epoch : 142
Train MSE Loss     : 1.00041747	 | 	Train MAPE Loss     : 1.76724446
Valid MSE Loss     : 0.00017825	 | 	Valid MAPE Loss     : 1.33822417
lr                 : [3.0000000000000004e-09]


Epoch : 143
Train MSE Loss     : 1.00045955	 | 	Train MAPE Loss     : 1.78924620
Valid MSE Loss     : 0.00002959	 | 	Valid MAPE Loss     : 0.42282009
lr                 : [3.0000000000000004e-09]


Epoch : 144
Train MSE Loss     : 1.00039959	 | 	Train MAPE Loss     : 1.75041723
Valid MSE Loss     : 0.00002814	 | 	Valid MAPE Loss     : 0.44257301
lr                 : [3.0000000000000004e-09]


Epoch : 145
Train MSE Loss     : 1.00049829	 | 	Train MAPE Loss     : 2.00014758
Valid MSE Loss     : 0.00013166	 | 	Valid MAPE Loss     : 1.12508452
lr                 : [3.0000000000000004e-09]


Epoch : 146
Train MSE Loss     : 1.00025105	 | 	Train MAPE Loss     : 1.45246983
Valid MSE Loss     : 0.00002601	 | 	Valid MAPE Loss     : 0.39257863
lr                 : [3.0000000000000004e-09]


Epoch : 147
Train MSE Loss     : 1.00038862	 | 	Train MAPE Loss     : 1.71007538
Valid MSE Loss     : 0.00004790	 | 	Valid MAPE Loss     : 0.64010471
lr                 : [3.0000000000000004e-09]


Epoch : 148
Train MSE Loss     : 1.00019836	 | 	Train MAPE Loss     : 1.24462986
Valid MSE Loss     : 0.00002351	 | 	Valid MAPE Loss     : 0.38373980
lr                 : [3.0000000000000004e-09]


Epoch : 149
Train MSE Loss     : 1.00027561	 | 	Train MAPE Loss     : 1.48355055
Valid MSE Loss     : 0.00006348	 | 	Valid MAPE Loss     : 0.75078762
lr                 : [3.0000000000000004e-09]


Epoch : 150
Train MSE Loss     : 1.00046027	 | 	Train MAPE Loss     : 1.87565339
Valid MSE Loss     : 0.00008424	 | 	Valid MAPE Loss     : 0.85259438
lr                 : [3.0000000000000004e-09]


Evaluate on the Test set:
Test MAPE loss      :0.91275454	 | Test MSE loss      : 0.00033016

################## Training is Done! #########################
