=============================================
Dataset: cell_XJTU_batch2_prepocess_data
Mode:    supervised
=============================================
Training started ....

Epoch : 1
Train MSE Loss     : 0.78796732	 | 	Train MAPE Loss     : 74.50543976
Valid MSE Loss     : 0.06638857	 | 	Valid MAPE Loss     : 27.72284508
lr                 : [0.0003]


Epoch : 2
Train MSE Loss     : 0.04778074	 | 	Train MAPE Loss     : 20.28987122
Valid MSE Loss     : 0.01092347	 | 	Valid MAPE Loss     : 9.19642448
lr                 : [0.0003]


Epoch : 3
Train MSE Loss     : 0.00659713	 | 	Train MAPE Loss     : 7.31793165
Valid MSE Loss     : 0.00552854	 | 	Valid MAPE Loss     : 6.79968882
lr                 : [0.0003]


Epoch : 4
Train MSE Loss     : 0.00320800	 | 	Train MAPE Loss     : 4.94888735
Valid MSE Loss     : 0.00490548	 | 	Valid MAPE Loss     : 6.51268005
lr                 : [0.0003]


Epoch : 5
Train MSE Loss     : 0.00256956	 | 	Train MAPE Loss     : 4.44716692
Valid MSE Loss     : 0.00332139	 | 	Valid MAPE Loss     : 5.29184628
lr                 : [0.0003]


Epoch : 6
Train MSE Loss     : 0.00147651	 | 	Train MAPE Loss     : 3.41870975
Valid MSE Loss     : 0.00146954	 | 	Valid MAPE Loss     : 3.64353943
lr                 : [0.0003]


Epoch : 7
Train MSE Loss     : 0.00070186	 | 	Train MAPE Loss     : 2.36244416
Valid MSE Loss     : 0.00083665	 | 	Valid MAPE Loss     : 2.72939825
lr                 : [0.0003]


Epoch : 8
Train MSE Loss     : 0.00038415	 | 	Train MAPE Loss     : 1.69931328
Valid MSE Loss     : 0.00037653	 | 	Valid MAPE Loss     : 1.61700022
lr                 : [0.0003]


Epoch : 9
Train MSE Loss     : 0.00023170	 | 	Train MAPE Loss     : 1.30711520
Valid MSE Loss     : 0.00025639	 | 	Valid MAPE Loss     : 1.26254189
lr                 : [0.0003]


Epoch : 10
Train MSE Loss     : 0.00026796	 | 	Train MAPE Loss     : 1.41096163
Valid MSE Loss     : 0.00023315	 | 	Valid MAPE Loss     : 1.18755424
lr                 : [0.0003]


Epoch : 11
Train MSE Loss     : 0.00026259	 | 	Train MAPE Loss     : 1.40862608
Valid MSE Loss     : 0.00023663	 | 	Valid MAPE Loss     : 1.41300130
lr                 : [0.0003]


Epoch : 12
Train MSE Loss     : 0.00027069	 | 	Train MAPE Loss     : 1.41974676
Valid MSE Loss     : 0.00026893	 | 	Valid MAPE Loss     : 1.34615159
lr                 : [0.0003]


Epoch : 13
Train MSE Loss     : 0.00020951	 | 	Train MAPE Loss     : 1.23034275
Valid MSE Loss     : 0.00017090	 | 	Valid MAPE Loss     : 1.14083457
lr                 : [0.0003]


Epoch : 14
Train MSE Loss     : 0.00024104	 | 	Train MAPE Loss     : 1.35679412
Valid MSE Loss     : 0.00017038	 | 	Valid MAPE Loss     : 1.15904307
lr                 : [0.0003]


Epoch : 15
Train MSE Loss     : 0.00022944	 | 	Train MAPE Loss     : 1.29382241
Valid MSE Loss     : 0.00032552	 | 	Valid MAPE Loss     : 1.69025922
lr                 : [0.0003]


Epoch : 16
Train MSE Loss     : 0.00029390	 | 	Train MAPE Loss     : 1.48390687
Valid MSE Loss     : 0.00016559	 | 	Valid MAPE Loss     : 1.11439109
lr                 : [0.0003]


Epoch : 17
Train MSE Loss     : 0.00027138	 | 	Train MAPE Loss     : 1.43636835
Valid MSE Loss     : 0.00029333	 | 	Valid MAPE Loss     : 1.59509790
lr                 : [0.0003]


Epoch : 18
Train MSE Loss     : 0.00024711	 | 	Train MAPE Loss     : 1.35560071
Valid MSE Loss     : 0.00015168	 | 	Valid MAPE Loss     : 0.98328149
lr                 : [0.0003]


Epoch : 19
Train MSE Loss     : 0.00036014	 | 	Train MAPE Loss     : 1.70229733
Valid MSE Loss     : 0.00017781	 | 	Valid MAPE Loss     : 1.06786680
lr                 : [0.0003]


Epoch : 20
Train MSE Loss     : 0.00023768	 | 	Train MAPE Loss     : 1.31972659
Valid MSE Loss     : 0.00024087	 | 	Valid MAPE Loss     : 1.31472433
lr                 : [0.0003]


Epoch : 21
Train MSE Loss     : 0.00029084	 | 	Train MAPE Loss     : 1.50182605
Valid MSE Loss     : 0.00021212	 | 	Valid MAPE Loss     : 1.17449546
lr                 : [0.0003]


Epoch : 22
Train MSE Loss     : 0.00024773	 | 	Train MAPE Loss     : 1.37287235
Valid MSE Loss     : 0.00042571	 | 	Valid MAPE Loss     : 1.83965564
lr                 : [0.0003]


Epoch : 23
Train MSE Loss     : 0.00038278	 | 	Train MAPE Loss     : 1.71444798
Valid MSE Loss     : 0.00195221	 | 	Valid MAPE Loss     : 4.67348623
lr                 : [0.0003]


Epoch : 24
Train MSE Loss     : 0.00086038	 | 	Train MAPE Loss     : 2.75893736
Valid MSE Loss     : 0.00065718	 | 	Valid MAPE Loss     : 2.17735243
lr                 : [0.0003]


Epoch : 25
Train MSE Loss     : 0.00043454	 | 	Train MAPE Loss     : 1.84158587
Valid MSE Loss     : 0.00026472	 | 	Valid MAPE Loss     : 1.31782985
lr                 : [0.0003]


Epoch : 26
Train MSE Loss     : 0.00029762	 | 	Train MAPE Loss     : 1.52799129
Valid MSE Loss     : 0.00014820	 | 	Valid MAPE Loss     : 1.03065205
lr                 : [0.0003]


Epoch : 27
Train MSE Loss     : 0.00020552	 | 	Train MAPE Loss     : 1.23384440
Valid MSE Loss     : 0.00016377	 | 	Valid MAPE Loss     : 1.11062014
lr                 : [0.0003]


Epoch : 28
Train MSE Loss     : 0.00023300	 | 	Train MAPE Loss     : 1.33305836
Valid MSE Loss     : 0.00013281	 | 	Valid MAPE Loss     : 0.92772996
lr                 : [0.0003]


Epoch : 29
Train MSE Loss     : 0.00021069	 | 	Train MAPE Loss     : 1.25723088
Valid MSE Loss     : 0.00024473	 | 	Valid MAPE Loss     : 1.32998681
lr                 : [0.0003]


Epoch : 30
Train MSE Loss     : 0.00040986	 | 	Train MAPE Loss     : 1.69822252
Valid MSE Loss     : 0.00100519	 | 	Valid MAPE Loss     : 2.91196656
lr                 : [0.0003]


Epoch : 31
Train MSE Loss     : 0.00050618	 | 	Train MAPE Loss     : 2.03609610
Valid MSE Loss     : 0.00049947	 | 	Valid MAPE Loss     : 2.02440977
lr                 : [0.0003]


Epoch : 32
Train MSE Loss     : 0.00037605	 | 	Train MAPE Loss     : 1.70371747
Valid MSE Loss     : 0.00071792	 | 	Valid MAPE Loss     : 2.57337952
lr                 : [0.0003]


Epoch : 33
Train MSE Loss     : 0.00048598	 | 	Train MAPE Loss     : 2.00034285
Valid MSE Loss     : 0.00017962	 | 	Valid MAPE Loss     : 1.20174694
lr                 : [0.0003]


Epoch : 34
Train MSE Loss     : 0.00020368	 | 	Train MAPE Loss     : 1.22959971
Valid MSE Loss     : 0.00014868	 | 	Valid MAPE Loss     : 1.05451465
lr                 : [0.0003]


Epoch : 35
Train MSE Loss     : 0.00035600	 | 	Train MAPE Loss     : 1.68468118
Valid MSE Loss     : 0.00014119	 | 	Valid MAPE Loss     : 1.00436115
lr                 : [0.0003]


Epoch : 36
Train MSE Loss     : 0.00032386	 | 	Train MAPE Loss     : 1.50160325
Valid MSE Loss     : 0.00270740	 | 	Valid MAPE Loss     : 5.55070543
lr                 : [0.0003]


Epoch : 37
Train MSE Loss     : 0.00071504	 | 	Train MAPE Loss     : 2.28129220
Valid MSE Loss     : 0.00023796	 | 	Valid MAPE Loss     : 1.41851914
lr                 : [0.0003]


Epoch : 38
Train MSE Loss     : 0.00046246	 | 	Train MAPE Loss     : 1.96507895
Valid MSE Loss     : 0.00017773	 | 	Valid MAPE Loss     : 1.15357387
lr                 : [0.0003]


Epoch : 39
Train MSE Loss     : 0.00047457	 | 	Train MAPE Loss     : 2.00053310
Valid MSE Loss     : 0.00068492	 | 	Valid MAPE Loss     : 2.46885824
lr                 : [2.9999999999999997e-05]


Epoch : 40
Train MSE Loss     : 0.00025181	 | 	Train MAPE Loss     : 1.37752283
Valid MSE Loss     : 0.00013842	 | 	Valid MAPE Loss     : 1.00989747
lr                 : [2.9999999999999997e-05]


Epoch : 41
Train MSE Loss     : 0.00015720	 | 	Train MAPE Loss     : 1.06944346
Valid MSE Loss     : 0.00012127	 | 	Valid MAPE Loss     : 0.91145277
lr                 : [2.9999999999999997e-05]


Epoch : 42
Train MSE Loss     : 0.00013669	 | 	Train MAPE Loss     : 0.99907547
Valid MSE Loss     : 0.00012897	 | 	Valid MAPE Loss     : 0.94745380
lr                 : [2.9999999999999997e-05]


Epoch : 43
Train MSE Loss     : 0.00013708	 | 	Train MAPE Loss     : 0.98206317
Valid MSE Loss     : 0.00012770	 | 	Valid MAPE Loss     : 0.95111436
lr                 : [2.9999999999999997e-05]


Epoch : 44
Train MSE Loss     : 0.00013447	 | 	Train MAPE Loss     : 0.98188210
Valid MSE Loss     : 0.00012623	 | 	Valid MAPE Loss     : 0.95686448
lr                 : [2.9999999999999997e-05]


Epoch : 45
Train MSE Loss     : 0.00012689	 | 	Train MAPE Loss     : 0.96048594
Valid MSE Loss     : 0.00013061	 | 	Valid MAPE Loss     : 0.97890604
lr                 : [2.9999999999999997e-05]


Epoch : 46
Train MSE Loss     : 0.00013339	 | 	Train MAPE Loss     : 0.97535843
Valid MSE Loss     : 0.00012833	 | 	Valid MAPE Loss     : 0.96827239
lr                 : [2.9999999999999997e-05]


Epoch : 47
Train MSE Loss     : 0.00012897	 | 	Train MAPE Loss     : 0.97273266
Valid MSE Loss     : 0.00019445	 | 	Valid MAPE Loss     : 1.24545979
lr                 : [2.9999999999999997e-05]


Epoch : 48
Train MSE Loss     : 0.00012648	 | 	Train MAPE Loss     : 0.94614220
Valid MSE Loss     : 0.00014169	 | 	Valid MAPE Loss     : 1.04691243
lr                 : [2.9999999999999997e-05]


Epoch : 49
Train MSE Loss     : 0.00013051	 | 	Train MAPE Loss     : 0.96626145
Valid MSE Loss     : 0.00018899	 | 	Valid MAPE Loss     : 1.23432446
lr                 : [2.9999999999999997e-05]


Epoch : 50
Train MSE Loss     : 0.00013740	 | 	Train MAPE Loss     : 0.99006766
Valid MSE Loss     : 0.00013910	 | 	Valid MAPE Loss     : 1.03998327
lr                 : [2.9999999999999997e-05]


Epoch : 51
Train MSE Loss     : 0.00012767	 | 	Train MAPE Loss     : 0.94905496
Valid MSE Loss     : 0.00013514	 | 	Valid MAPE Loss     : 1.02473068
lr                 : [2.9999999999999997e-05]


Epoch : 52
Train MSE Loss     : 0.00012067	 | 	Train MAPE Loss     : 0.92210960
Valid MSE Loss     : 0.00017280	 | 	Valid MAPE Loss     : 1.18325937
lr                 : [3e-06]


Epoch : 53
Train MSE Loss     : 0.00012077	 | 	Train MAPE Loss     : 0.91611600
Valid MSE Loss     : 0.00015499	 | 	Valid MAPE Loss     : 1.11432350
lr                 : [3e-06]


Epoch : 54
Train MSE Loss     : 0.00011730	 | 	Train MAPE Loss     : 0.90521944
Valid MSE Loss     : 0.00015638	 | 	Valid MAPE Loss     : 1.12254500
lr                 : [3e-06]


Epoch : 55
Train MSE Loss     : 0.00011607	 | 	Train MAPE Loss     : 0.90359062
Valid MSE Loss     : 0.00014310	 | 	Valid MAPE Loss     : 1.06605709
lr                 : [3e-06]


Epoch : 56
Train MSE Loss     : 0.00011779	 | 	Train MAPE Loss     : 0.90308863
Valid MSE Loss     : 0.00013864	 | 	Valid MAPE Loss     : 1.04524422
lr                 : [3e-06]


Epoch : 57
Train MSE Loss     : 0.00011904	 | 	Train MAPE Loss     : 0.91336334
Valid MSE Loss     : 0.00013748	 | 	Valid MAPE Loss     : 1.04114604
lr                 : [3e-06]


Epoch : 58
Train MSE Loss     : 0.00011820	 | 	Train MAPE Loss     : 0.90686542
Valid MSE Loss     : 0.00015066	 | 	Valid MAPE Loss     : 1.10096681
lr                 : [3e-06]


Epoch : 59
Train MSE Loss     : 0.00011801	 | 	Train MAPE Loss     : 0.90660512
Valid MSE Loss     : 0.00014642	 | 	Valid MAPE Loss     : 1.08349442
lr                 : [3e-06]


Epoch : 60
Train MSE Loss     : 0.00011735	 | 	Train MAPE Loss     : 0.90862477
Valid MSE Loss     : 0.00013640	 | 	Valid MAPE Loss     : 1.03595889
lr                 : [3e-06]


Epoch : 61
Train MSE Loss     : 0.00011708	 | 	Train MAPE Loss     : 0.90032881
Valid MSE Loss     : 0.00015116	 | 	Valid MAPE Loss     : 1.10447490
lr                 : [3e-06]


Epoch : 62
Train MSE Loss     : 0.00011758	 | 	Train MAPE Loss     : 0.90369433
Valid MSE Loss     : 0.00015811	 | 	Valid MAPE Loss     : 1.13449502
lr                 : [3e-06]


Epoch : 63
Train MSE Loss     : 0.00011755	 | 	Train MAPE Loss     : 0.90506887
Valid MSE Loss     : 0.00016198	 | 	Valid MAPE Loss     : 1.14948797
lr                 : [3.0000000000000004e-07]


Epoch : 64
Train MSE Loss     : 0.00011329	 | 	Train MAPE Loss     : 0.89628601
Valid MSE Loss     : 0.00014873	 | 	Valid MAPE Loss     : 1.09531999
lr                 : [3.0000000000000004e-07]


Epoch : 65
Train MSE Loss     : 0.00011504	 | 	Train MAPE Loss     : 0.89539582
Valid MSE Loss     : 0.00015324	 | 	Valid MAPE Loss     : 1.11425233
lr                 : [3.0000000000000004e-07]


Epoch : 66
Train MSE Loss     : 0.00011493	 | 	Train MAPE Loss     : 0.89668274
Valid MSE Loss     : 0.00014880	 | 	Valid MAPE Loss     : 1.09535837
lr                 : [3.0000000000000004e-07]


Epoch : 67
Train MSE Loss     : 0.00011646	 | 	Train MAPE Loss     : 0.89802474
Valid MSE Loss     : 0.00015083	 | 	Valid MAPE Loss     : 1.10423732
lr                 : [3.0000000000000004e-07]


Epoch : 68
Train MSE Loss     : 0.00011533	 | 	Train MAPE Loss     : 0.89718193
Valid MSE Loss     : 0.00015235	 | 	Valid MAPE Loss     : 1.11051011
lr                 : [3.0000000000000004e-07]


Epoch : 69
Train MSE Loss     : 0.00011681	 | 	Train MAPE Loss     : 0.89872175
Valid MSE Loss     : 0.00014701	 | 	Valid MAPE Loss     : 1.08800256
lr                 : [3.0000000000000004e-07]


Epoch : 70
Train MSE Loss     : 0.00011518	 | 	Train MAPE Loss     : 0.89369226
Valid MSE Loss     : 0.00015358	 | 	Valid MAPE Loss     : 1.11596537
lr                 : [3.0000000000000004e-07]


Epoch : 71
Train MSE Loss     : 0.00011622	 | 	Train MAPE Loss     : 0.89909565
Valid MSE Loss     : 0.00015344	 | 	Valid MAPE Loss     : 1.11559272
lr                 : [3.0000000000000004e-07]


Epoch : 72
Train MSE Loss     : 0.00011639	 | 	Train MAPE Loss     : 0.89985371
Valid MSE Loss     : 0.00015017	 | 	Valid MAPE Loss     : 1.10181940
lr                 : [3.0000000000000004e-07]


Epoch : 73
Train MSE Loss     : 0.00011714	 | 	Train MAPE Loss     : 0.90264332
Valid MSE Loss     : 0.00015476	 | 	Valid MAPE Loss     : 1.12101531
lr                 : [3.0000000000000004e-07]


Epoch : 74
Train MSE Loss     : 0.00011709	 | 	Train MAPE Loss     : 0.90450978
Valid MSE Loss     : 0.00015166	 | 	Valid MAPE Loss     : 1.10863185
lr                 : [3.0000000000000004e-08]


Epoch : 75
Train MSE Loss     : 0.00011681	 | 	Train MAPE Loss     : 0.89942074
Valid MSE Loss     : 0.00015146	 | 	Valid MAPE Loss     : 1.10777366
lr                 : [3.0000000000000004e-08]


Epoch : 76
Train MSE Loss     : 0.00011591	 | 	Train MAPE Loss     : 0.89616007
Valid MSE Loss     : 0.00015090	 | 	Valid MAPE Loss     : 1.10547233
lr                 : [3.0000000000000004e-08]


Epoch : 77
Train MSE Loss     : 0.00011708	 | 	Train MAPE Loss     : 0.90173465
Valid MSE Loss     : 0.00015083	 | 	Valid MAPE Loss     : 1.10512900
lr                 : [3.0000000000000004e-08]


Epoch : 78
Train MSE Loss     : 0.00011659	 | 	Train MAPE Loss     : 0.90056884
Valid MSE Loss     : 0.00015131	 | 	Valid MAPE Loss     : 1.10712504
lr                 : [3.0000000000000004e-08]


Epoch : 79
Train MSE Loss     : 0.00011252	 | 	Train MAPE Loss     : 0.89075398
Valid MSE Loss     : 0.00015123	 | 	Valid MAPE Loss     : 1.10688663
lr                 : [3.0000000000000004e-08]


Epoch : 80
Train MSE Loss     : 0.00011444	 | 	Train MAPE Loss     : 0.89979041
Valid MSE Loss     : 0.00015172	 | 	Valid MAPE Loss     : 1.10901248
lr                 : [3.0000000000000004e-08]


Epoch : 81
Train MSE Loss     : 0.00011546	 | 	Train MAPE Loss     : 0.89516866
Valid MSE Loss     : 0.00014927	 | 	Valid MAPE Loss     : 1.09860969
lr                 : [3.0000000000000004e-08]


Epoch : 82
Train MSE Loss     : 0.00011651	 | 	Train MAPE Loss     : 0.90059197
Valid MSE Loss     : 0.00014997	 | 	Valid MAPE Loss     : 1.10161245
lr                 : [3.0000000000000004e-08]


Epoch : 83
Train MSE Loss     : 0.00011369	 | 	Train MAPE Loss     : 0.89691114
Valid MSE Loss     : 0.00015056	 | 	Valid MAPE Loss     : 1.10415006
lr                 : [3.0000000000000004e-08]


Epoch : 84
Train MSE Loss     : 0.00011683	 | 	Train MAPE Loss     : 0.90249103
Valid MSE Loss     : 0.00015106	 | 	Valid MAPE Loss     : 1.10622597
lr                 : [3.0000000000000004e-08]


Epoch : 85
Train MSE Loss     : 0.00011549	 | 	Train MAPE Loss     : 0.89543331
Valid MSE Loss     : 0.00015210	 | 	Valid MAPE Loss     : 1.11056852
lr                 : [3.0000000000000004e-09]


Epoch : 86
Train MSE Loss     : 0.00011646	 | 	Train MAPE Loss     : 0.89891613
Valid MSE Loss     : 0.00015195	 | 	Valid MAPE Loss     : 1.10997701
lr                 : [3.0000000000000004e-09]


Epoch : 87
Train MSE Loss     : 0.00011484	 | 	Train MAPE Loss     : 0.89525086
Valid MSE Loss     : 0.00015198	 | 	Valid MAPE Loss     : 1.11008000
lr                 : [3.0000000000000004e-09]


Epoch : 88
Train MSE Loss     : 0.00011702	 | 	Train MAPE Loss     : 0.90123165
Valid MSE Loss     : 0.00015199	 | 	Valid MAPE Loss     : 1.11013222
lr                 : [3.0000000000000004e-09]


Epoch : 89
Train MSE Loss     : 0.00011755	 | 	Train MAPE Loss     : 0.90487558
Valid MSE Loss     : 0.00015167	 | 	Valid MAPE Loss     : 1.10875916
lr                 : [3.0000000000000004e-09]


Epoch : 90
Train MSE Loss     : 0.00011539	 | 	Train MAPE Loss     : 0.89695352
Valid MSE Loss     : 0.00015184	 | 	Valid MAPE Loss     : 1.10952270
lr                 : [3.0000000000000004e-09]


Epoch : 91
Train MSE Loss     : 0.00011594	 | 	Train MAPE Loss     : 0.89747345
Valid MSE Loss     : 0.00015150	 | 	Valid MAPE Loss     : 1.10806751
lr                 : [3.0000000000000004e-09]


Epoch : 92
Train MSE Loss     : 0.00011620	 | 	Train MAPE Loss     : 0.89890134
Valid MSE Loss     : 0.00015148	 | 	Valid MAPE Loss     : 1.10798264
lr                 : [3.0000000000000004e-09]


Epoch : 93
Train MSE Loss     : 0.00011590	 | 	Train MAPE Loss     : 0.89735621
Valid MSE Loss     : 0.00015134	 | 	Valid MAPE Loss     : 1.10742867
lr                 : [3.0000000000000004e-09]


Epoch : 94
Train MSE Loss     : 0.00011596	 | 	Train MAPE Loss     : 0.89679152
Valid MSE Loss     : 0.00015138	 | 	Valid MAPE Loss     : 1.10757160
lr                 : [3.0000000000000004e-09]


Epoch : 95
Train MSE Loss     : 0.00011614	 | 	Train MAPE Loss     : 0.89797217
Valid MSE Loss     : 0.00015142	 | 	Valid MAPE Loss     : 1.10776556
lr                 : [3.0000000000000004e-09]


Epoch : 96
Train MSE Loss     : 0.00011297	 | 	Train MAPE Loss     : 0.89213419
Valid MSE Loss     : 0.00015126	 | 	Valid MAPE Loss     : 1.10706306
lr                 : [3.0000000000000004e-09]


Epoch : 97
Train MSE Loss     : 0.00011554	 | 	Train MAPE Loss     : 0.89616519
Valid MSE Loss     : 0.00015108	 | 	Valid MAPE Loss     : 1.10630739
lr                 : [3.0000000000000004e-09]


Epoch : 98
Train MSE Loss     : 0.00011579	 | 	Train MAPE Loss     : 0.89567226
Valid MSE Loss     : 0.00015119	 | 	Valid MAPE Loss     : 1.10681200
lr                 : [3.0000000000000004e-09]


Epoch : 99
Train MSE Loss     : 0.00011662	 | 	Train MAPE Loss     : 0.90221596
Valid MSE Loss     : 0.00015132	 | 	Valid MAPE Loss     : 1.10731220
lr                 : [3.0000000000000004e-09]


Epoch : 100
Train MSE Loss     : 0.00011058	 | 	Train MAPE Loss     : 0.88649106
Valid MSE Loss     : 0.00015110	 | 	Valid MAPE Loss     : 1.10640454
lr                 : [3.0000000000000004e-09]


Epoch : 101
Train MSE Loss     : 0.00011580	 | 	Train MAPE Loss     : 0.89685512
Valid MSE Loss     : 0.00015113	 | 	Valid MAPE Loss     : 1.10654259
lr                 : [3.0000000000000004e-09]


Epoch : 102
Train MSE Loss     : 0.00011587	 | 	Train MAPE Loss     : 0.89727116
Valid MSE Loss     : 0.00015118	 | 	Valid MAPE Loss     : 1.10674405
lr                 : [3.0000000000000004e-09]


Epoch : 103
Train MSE Loss     : 0.00011490	 | 	Train MAPE Loss     : 0.89226949
Valid MSE Loss     : 0.00015119	 | 	Valid MAPE Loss     : 1.10676730
lr                 : [3.0000000000000004e-09]


Epoch : 104
Train MSE Loss     : 0.00011753	 | 	Train MAPE Loss     : 0.90453964
Valid MSE Loss     : 0.00015112	 | 	Valid MAPE Loss     : 1.10649168
lr                 : [3.0000000000000004e-09]


Epoch : 105
Train MSE Loss     : 0.00011549	 | 	Train MAPE Loss     : 0.89778012
Valid MSE Loss     : 0.00015109	 | 	Valid MAPE Loss     : 1.10636520
lr                 : [3.0000000000000004e-09]


Epoch : 106
Train MSE Loss     : 0.00011472	 | 	Train MAPE Loss     : 0.89662629
Valid MSE Loss     : 0.00015106	 | 	Valid MAPE Loss     : 1.10624254
lr                 : [3.0000000000000004e-09]


Epoch : 107
Train MSE Loss     : 0.00011520	 | 	Train MAPE Loss     : 0.89486229
Valid MSE Loss     : 0.00015105	 | 	Valid MAPE Loss     : 1.10621464
lr                 : [3.0000000000000004e-09]


Epoch : 108
Train MSE Loss     : 0.00011704	 | 	Train MAPE Loss     : 0.90186447
Valid MSE Loss     : 0.00015101	 | 	Valid MAPE Loss     : 1.10604620
lr                 : [3.0000000000000004e-09]


Epoch : 109
Train MSE Loss     : 0.00011685	 | 	Train MAPE Loss     : 0.90086591
Valid MSE Loss     : 0.00015111	 | 	Valid MAPE Loss     : 1.10647094
lr                 : [3.0000000000000004e-09]


Epoch : 110
Train MSE Loss     : 0.00011757	 | 	Train MAPE Loss     : 0.90439463
Valid MSE Loss     : 0.00015124	 | 	Valid MAPE Loss     : 1.10700178
lr                 : [3.0000000000000004e-09]


Epoch : 111
Train MSE Loss     : 0.00011767	 | 	Train MAPE Loss     : 0.90437239
Valid MSE Loss     : 0.00015120	 | 	Valid MAPE Loss     : 1.10685086
lr                 : [3.0000000000000004e-09]


Epoch : 112
Train MSE Loss     : 0.00011649	 | 	Train MAPE Loss     : 0.89971364
Valid MSE Loss     : 0.00015120	 | 	Valid MAPE Loss     : 1.10683322
lr                 : [3.0000000000000004e-09]


Epoch : 113
Train MSE Loss     : 0.00011522	 | 	Train MAPE Loss     : 0.89659715
Valid MSE Loss     : 0.00015117	 | 	Valid MAPE Loss     : 1.10671139
lr                 : [3.0000000000000004e-09]


Epoch : 114
Train MSE Loss     : 0.00011464	 | 	Train MAPE Loss     : 0.89155126
Valid MSE Loss     : 0.00015113	 | 	Valid MAPE Loss     : 1.10653555
lr                 : [3.0000000000000004e-09]


Epoch : 115
Train MSE Loss     : 0.00011458	 | 	Train MAPE Loss     : 0.89599806
Valid MSE Loss     : 0.00015113	 | 	Valid MAPE Loss     : 1.10655749
lr                 : [3.0000000000000004e-09]


Epoch : 116
Train MSE Loss     : 0.00011399	 | 	Train MAPE Loss     : 0.89110100
Valid MSE Loss     : 0.00015124	 | 	Valid MAPE Loss     : 1.10698676
lr                 : [3.0000000000000004e-09]


Epoch : 117
Train MSE Loss     : 0.00011537	 | 	Train MAPE Loss     : 0.89770252
Valid MSE Loss     : 0.00015126	 | 	Valid MAPE Loss     : 1.10707259
lr                 : [3.0000000000000004e-09]


Epoch : 118
Train MSE Loss     : 0.00010951	 | 	Train MAPE Loss     : 0.88474071
Valid MSE Loss     : 0.00015120	 | 	Valid MAPE Loss     : 1.10681880
lr                 : [3.0000000000000004e-09]


Epoch : 119
Train MSE Loss     : 0.00011683	 | 	Train MAPE Loss     : 0.90273619
Valid MSE Loss     : 0.00015108	 | 	Valid MAPE Loss     : 1.10632682
lr                 : [3.0000000000000004e-09]


Epoch : 120
Train MSE Loss     : 0.00011570	 | 	Train MAPE Loss     : 0.89844060
Valid MSE Loss     : 0.00015095	 | 	Valid MAPE Loss     : 1.10579073
lr                 : [3.0000000000000004e-09]


Epoch : 121
Train MSE Loss     : 0.00011056	 | 	Train MAPE Loss     : 0.89283454
Valid MSE Loss     : 0.00015096	 | 	Valid MAPE Loss     : 1.10584617
lr                 : [3.0000000000000004e-09]


Epoch : 122
Train MSE Loss     : 0.00011645	 | 	Train MAPE Loss     : 0.89942294
Valid MSE Loss     : 0.00015096	 | 	Valid MAPE Loss     : 1.10585105
lr                 : [3.0000000000000004e-09]


Epoch : 123
Train MSE Loss     : 0.00011503	 | 	Train MAPE Loss     : 0.89873332
Valid MSE Loss     : 0.00015107	 | 	Valid MAPE Loss     : 1.10631347
lr                 : [3.0000000000000004e-09]


Epoch : 124
Train MSE Loss     : 0.00011422	 | 	Train MAPE Loss     : 0.88932085
Valid MSE Loss     : 0.00015107	 | 	Valid MAPE Loss     : 1.10628629
lr                 : [3.0000000000000004e-09]


Epoch : 125
Train MSE Loss     : 0.00011612	 | 	Train MAPE Loss     : 0.89908743
Valid MSE Loss     : 0.00015125	 | 	Valid MAPE Loss     : 1.10709488
lr                 : [3.0000000000000004e-09]


Epoch : 126
Train MSE Loss     : 0.00011547	 | 	Train MAPE Loss     : 0.89501393
Valid MSE Loss     : 0.00015120	 | 	Valid MAPE Loss     : 1.10685754
lr                 : [3.0000000000000004e-09]


Epoch : 127
Train MSE Loss     : 0.00011320	 | 	Train MAPE Loss     : 0.89430124
Valid MSE Loss     : 0.00015100	 | 	Valid MAPE Loss     : 1.10601282
lr                 : [3.0000000000000004e-09]


Epoch : 128
Train MSE Loss     : 0.00011670	 | 	Train MAPE Loss     : 0.90050268
Valid MSE Loss     : 0.00015097	 | 	Valid MAPE Loss     : 1.10589921
lr                 : [3.0000000000000004e-09]


Epoch : 129
Train MSE Loss     : 0.00011601	 | 	Train MAPE Loss     : 0.90003681
Valid MSE Loss     : 0.00015105	 | 	Valid MAPE Loss     : 1.10624337
lr                 : [3.0000000000000004e-09]


Epoch : 130
Train MSE Loss     : 0.00011643	 | 	Train MAPE Loss     : 0.89968580
Valid MSE Loss     : 0.00015107	 | 	Valid MAPE Loss     : 1.10633743
lr                 : [3.0000000000000004e-09]


Epoch : 131
Train MSE Loss     : 0.00011547	 | 	Train MAPE Loss     : 0.89362460
Valid MSE Loss     : 0.00015123	 | 	Valid MAPE Loss     : 1.10697341
lr                 : [3.0000000000000004e-09]


Epoch : 132
Train MSE Loss     : 0.00011561	 | 	Train MAPE Loss     : 0.89864361
Valid MSE Loss     : 0.00015126	 | 	Valid MAPE Loss     : 1.10712695
lr                 : [3.0000000000000004e-09]


Epoch : 133
Train MSE Loss     : 0.00011561	 | 	Train MAPE Loss     : 0.89712447
Valid MSE Loss     : 0.00015129	 | 	Valid MAPE Loss     : 1.10727084
lr                 : [3.0000000000000004e-09]


Epoch : 134
Train MSE Loss     : 0.00011547	 | 	Train MAPE Loss     : 0.89550227
Valid MSE Loss     : 0.00015152	 | 	Valid MAPE Loss     : 1.10822654
lr                 : [3.0000000000000004e-09]


Epoch : 135
Train MSE Loss     : 0.00011331	 | 	Train MAPE Loss     : 0.89666873
Valid MSE Loss     : 0.00015145	 | 	Valid MAPE Loss     : 1.10791552
lr                 : [3.0000000000000004e-09]


Epoch : 136
Train MSE Loss     : 0.00011618	 | 	Train MAPE Loss     : 0.90013182
Valid MSE Loss     : 0.00015130	 | 	Valid MAPE Loss     : 1.10730898
lr                 : [3.0000000000000004e-09]


Epoch : 137
Train MSE Loss     : 0.00011667	 | 	Train MAPE Loss     : 0.90100437
Valid MSE Loss     : 0.00015130	 | 	Valid MAPE Loss     : 1.10728300
lr                 : [3.0000000000000004e-09]


Epoch : 138
Train MSE Loss     : 0.00011665	 | 	Train MAPE Loss     : 0.90272951
Valid MSE Loss     : 0.00015123	 | 	Valid MAPE Loss     : 1.10701001
lr                 : [3.0000000000000004e-09]


Epoch : 139
Train MSE Loss     : 0.00011643	 | 	Train MAPE Loss     : 0.89998096
Valid MSE Loss     : 0.00015137	 | 	Valid MAPE Loss     : 1.10763001
lr                 : [3.0000000000000004e-09]


Epoch : 140
Train MSE Loss     : 0.00011769	 | 	Train MAPE Loss     : 0.90343249
Valid MSE Loss     : 0.00015127	 | 	Valid MAPE Loss     : 1.10718226
lr                 : [3.0000000000000004e-09]


Epoch : 141
Train MSE Loss     : 0.00011632	 | 	Train MAPE Loss     : 0.89758939
Valid MSE Loss     : 0.00015130	 | 	Valid MAPE Loss     : 1.10733581
lr                 : [3.0000000000000004e-09]


Epoch : 142
Train MSE Loss     : 0.00011512	 | 	Train MAPE Loss     : 0.89304245
Valid MSE Loss     : 0.00015140	 | 	Valid MAPE Loss     : 1.10774302
lr                 : [3.0000000000000004e-09]


Epoch : 143
Train MSE Loss     : 0.00011700	 | 	Train MAPE Loss     : 0.90085280
Valid MSE Loss     : 0.00015175	 | 	Valid MAPE Loss     : 1.10922313
lr                 : [3.0000000000000004e-09]


Epoch : 144
Train MSE Loss     : 0.00011502	 | 	Train MAPE Loss     : 0.89372402
Valid MSE Loss     : 0.00015162	 | 	Valid MAPE Loss     : 1.10866535
lr                 : [3.0000000000000004e-09]


Epoch : 145
Train MSE Loss     : 0.00011089	 | 	Train MAPE Loss     : 0.89602786
Valid MSE Loss     : 0.00015128	 | 	Valid MAPE Loss     : 1.10725141
lr                 : [3.0000000000000004e-09]


Epoch : 146
Train MSE Loss     : 0.00011699	 | 	Train MAPE Loss     : 0.90121937
Valid MSE Loss     : 0.00015100	 | 	Valid MAPE Loss     : 1.10611224
lr                 : [3.0000000000000004e-09]


Epoch : 147
Train MSE Loss     : 0.00011653	 | 	Train MAPE Loss     : 0.89802259
Valid MSE Loss     : 0.00015094	 | 	Valid MAPE Loss     : 1.10582280
lr                 : [3.0000000000000004e-09]


Epoch : 148
Train MSE Loss     : 0.00011542	 | 	Train MAPE Loss     : 0.89554501
Valid MSE Loss     : 0.00015109	 | 	Valid MAPE Loss     : 1.10646141
lr                 : [3.0000000000000004e-09]


Epoch : 149
Train MSE Loss     : 0.00011687	 | 	Train MAPE Loss     : 0.89933825
Valid MSE Loss     : 0.00015104	 | 	Valid MAPE Loss     : 1.10626292
lr                 : [3.0000000000000004e-09]


Epoch : 150
Train MSE Loss     : 0.00011113	 | 	Train MAPE Loss     : 0.89437795
Valid MSE Loss     : 0.00015106	 | 	Valid MAPE Loss     : 1.10639238
lr                 : [3.0000000000000004e-09]


Evaluate on the Test set:
Test MAPE loss      :1.25401378	 | Test MSE loss      : 0.00018232

################## Training is Done! #########################
