=============================================
Dataset: cell_XJTU_batch2_prepocess_data
Mode:    supervised
=============================================
Training started ....

Epoch : 1
Train MSE Loss     : 0.07134613	 | 	Train MAPE Loss     : 21.91495323
Valid MSE Loss     : 0.00156015	 | 	Valid MAPE Loss     : 3.28985214
lr                 : [0.0003]


Epoch : 2
Train MSE Loss     : 0.00492451	 | 	Train MAPE Loss     : 6.31290865
Valid MSE Loss     : 0.00362657	 | 	Valid MAPE Loss     : 5.52199984
lr                 : [0.0003]


Epoch : 3
Train MSE Loss     : 0.00231526	 | 	Train MAPE Loss     : 4.51666880
Valid MSE Loss     : 0.00176401	 | 	Valid MAPE Loss     : 3.55727005
lr                 : [0.0003]


Epoch : 4
Train MSE Loss     : 0.00147247	 | 	Train MAPE Loss     : 3.60671043
Valid MSE Loss     : 0.00131321	 | 	Valid MAPE Loss     : 3.08349633
lr                 : [0.0003]


Epoch : 5
Train MSE Loss     : 0.00100440	 | 	Train MAPE Loss     : 2.90805769
Valid MSE Loss     : 0.00078588	 | 	Valid MAPE Loss     : 2.39132047
lr                 : [0.0003]


Epoch : 6
Train MSE Loss     : 0.00058110	 | 	Train MAPE Loss     : 2.16055918
Valid MSE Loss     : 0.00055265	 | 	Valid MAPE Loss     : 2.02217793
lr                 : [0.0003]


Epoch : 7
Train MSE Loss     : 0.00027328	 | 	Train MAPE Loss     : 1.44357157
Valid MSE Loss     : 0.00014976	 | 	Valid MAPE Loss     : 1.13439357
lr                 : [0.0003]


Epoch : 8
Train MSE Loss     : 0.00020490	 | 	Train MAPE Loss     : 1.21193135
Valid MSE Loss     : 0.00016199	 | 	Valid MAPE Loss     : 1.12434232
lr                 : [0.0003]


Epoch : 9
Train MSE Loss     : 0.00016885	 | 	Train MAPE Loss     : 1.09908545
Valid MSE Loss     : 0.00011985	 | 	Valid MAPE Loss     : 1.01684415
lr                 : [0.0003]


Epoch : 10
Train MSE Loss     : 0.00027154	 | 	Train MAPE Loss     : 1.44544089
Valid MSE Loss     : 0.00028142	 | 	Valid MAPE Loss     : 1.56118405
lr                 : [0.0003]


Epoch : 11
Train MSE Loss     : 0.00022294	 | 	Train MAPE Loss     : 1.29150009
Valid MSE Loss     : 0.00017376	 | 	Valid MAPE Loss     : 1.14946532
lr                 : [0.0003]


Epoch : 12
Train MSE Loss     : 0.00021294	 | 	Train MAPE Loss     : 1.27134216
Valid MSE Loss     : 0.00016315	 | 	Valid MAPE Loss     : 1.16658401
lr                 : [0.0003]


Epoch : 13
Train MSE Loss     : 0.00017330	 | 	Train MAPE Loss     : 1.13213420
Valid MSE Loss     : 0.00013076	 | 	Valid MAPE Loss     : 1.04695463
lr                 : [0.0003]


Epoch : 14
Train MSE Loss     : 0.00016003	 | 	Train MAPE Loss     : 1.08326483
Valid MSE Loss     : 0.00015300	 | 	Valid MAPE Loss     : 1.05702341
lr                 : [0.0003]


Epoch : 15
Train MSE Loss     : 0.00013457	 | 	Train MAPE Loss     : 0.97356319
Valid MSE Loss     : 0.00010834	 | 	Valid MAPE Loss     : 0.93274510
lr                 : [0.0003]


Epoch : 16
Train MSE Loss     : 0.00056088	 | 	Train MAPE Loss     : 1.90807271
Valid MSE Loss     : 0.00038080	 | 	Valid MAPE Loss     : 1.82905960
lr                 : [0.0003]


Epoch : 17
Train MSE Loss     : 0.00027742	 | 	Train MAPE Loss     : 1.45659792
Valid MSE Loss     : 0.00016188	 | 	Valid MAPE Loss     : 1.15475190
lr                 : [0.0003]


Epoch : 18
Train MSE Loss     : 0.00017535	 | 	Train MAPE Loss     : 1.11912346
Valid MSE Loss     : 0.00011451	 | 	Valid MAPE Loss     : 0.97434330
lr                 : [0.0003]


Epoch : 19
Train MSE Loss     : 0.00015132	 | 	Train MAPE Loss     : 1.04561377
Valid MSE Loss     : 0.00013107	 | 	Valid MAPE Loss     : 1.04880202
lr                 : [0.0003]


Epoch : 20
Train MSE Loss     : 0.00020344	 | 	Train MAPE Loss     : 1.19561577
Valid MSE Loss     : 0.00021599	 | 	Valid MAPE Loss     : 1.34483457
lr                 : [0.0003]


Epoch : 21
Train MSE Loss     : 0.00040351	 | 	Train MAPE Loss     : 1.83531070
Valid MSE Loss     : 0.00013759	 | 	Valid MAPE Loss     : 1.08930516
lr                 : [0.0003]


Epoch : 22
Train MSE Loss     : 0.00029900	 | 	Train MAPE Loss     : 1.57120502
Valid MSE Loss     : 0.00011401	 | 	Valid MAPE Loss     : 0.97684067
lr                 : [0.0003]


Epoch : 23
Train MSE Loss     : 0.00019531	 | 	Train MAPE Loss     : 1.19195843
Valid MSE Loss     : 0.00019087	 | 	Valid MAPE Loss     : 1.18718529
lr                 : [0.0003]


Epoch : 24
Train MSE Loss     : 0.00021934	 | 	Train MAPE Loss     : 1.29294252
Valid MSE Loss     : 0.00012475	 | 	Valid MAPE Loss     : 1.03555620
lr                 : [0.0003]


Epoch : 25
Train MSE Loss     : 0.00018928	 | 	Train MAPE Loss     : 1.18476820
Valid MSE Loss     : 0.00014927	 | 	Valid MAPE Loss     : 1.05239713
lr                 : [0.0003]


Epoch : 26
Train MSE Loss     : 0.00013175	 | 	Train MAPE Loss     : 0.97214848
Valid MSE Loss     : 0.00059157	 | 	Valid MAPE Loss     : 2.46260381
lr                 : [2.9999999999999997e-05]


Epoch : 27
Train MSE Loss     : 0.00021945	 | 	Train MAPE Loss     : 1.31010234
Valid MSE Loss     : 0.00014698	 | 	Valid MAPE Loss     : 1.08479381
lr                 : [2.9999999999999997e-05]


Epoch : 28
Train MSE Loss     : 0.00013011	 | 	Train MAPE Loss     : 0.96569800
Valid MSE Loss     : 0.00011564	 | 	Valid MAPE Loss     : 0.93260729
lr                 : [2.9999999999999997e-05]


Epoch : 29
Train MSE Loss     : 0.00011040	 | 	Train MAPE Loss     : 0.87598145
Valid MSE Loss     : 0.00010732	 | 	Valid MAPE Loss     : 0.91953576
lr                 : [2.9999999999999997e-05]


Epoch : 30
Train MSE Loss     : 0.00010540	 | 	Train MAPE Loss     : 0.85077095
Valid MSE Loss     : 0.00010794	 | 	Valid MAPE Loss     : 0.91540509
lr                 : [2.9999999999999997e-05]


Epoch : 31
Train MSE Loss     : 0.00010600	 | 	Train MAPE Loss     : 0.84963751
Valid MSE Loss     : 0.00010671	 | 	Valid MAPE Loss     : 0.91269976
lr                 : [2.9999999999999997e-05]


Epoch : 32
Train MSE Loss     : 0.00010471	 | 	Train MAPE Loss     : 0.84756613
Valid MSE Loss     : 0.00010768	 | 	Valid MAPE Loss     : 0.91723663
lr                 : [2.9999999999999997e-05]


Epoch : 33
Train MSE Loss     : 0.00010433	 | 	Train MAPE Loss     : 0.84918165
Valid MSE Loss     : 0.00011613	 | 	Valid MAPE Loss     : 0.93197376
lr                 : [2.9999999999999997e-05]


Epoch : 34
Train MSE Loss     : 0.00010401	 | 	Train MAPE Loss     : 0.85207427
Valid MSE Loss     : 0.00010829	 | 	Valid MAPE Loss     : 0.91171157
lr                 : [2.9999999999999997e-05]


Epoch : 35
Train MSE Loss     : 0.00010092	 | 	Train MAPE Loss     : 0.83173037
Valid MSE Loss     : 0.00011197	 | 	Valid MAPE Loss     : 0.91680783
lr                 : [2.9999999999999997e-05]


Epoch : 36
Train MSE Loss     : 0.00010201	 | 	Train MAPE Loss     : 0.83639878
Valid MSE Loss     : 0.00012006	 | 	Valid MAPE Loss     : 0.95889145
lr                 : [2.9999999999999997e-05]


Epoch : 37
Train MSE Loss     : 0.00010130	 | 	Train MAPE Loss     : 0.83221900
Valid MSE Loss     : 0.00011502	 | 	Valid MAPE Loss     : 0.93203992
lr                 : [2.9999999999999997e-05]


Epoch : 38
Train MSE Loss     : 0.00010279	 | 	Train MAPE Loss     : 0.84963089
Valid MSE Loss     : 0.00011630	 | 	Valid MAPE Loss     : 0.93734342
lr                 : [2.9999999999999997e-05]


Epoch : 39
Train MSE Loss     : 0.00010187	 | 	Train MAPE Loss     : 0.84573764
Valid MSE Loss     : 0.00011274	 | 	Valid MAPE Loss     : 0.92178100
lr                 : [2.9999999999999997e-05]


Epoch : 40
Train MSE Loss     : 0.00009698	 | 	Train MAPE Loss     : 0.81636149
Valid MSE Loss     : 0.00011896	 | 	Valid MAPE Loss     : 0.93537807
lr                 : [2.9999999999999997e-05]


Epoch : 41
Train MSE Loss     : 0.00010147	 | 	Train MAPE Loss     : 0.84093058
Valid MSE Loss     : 0.00011424	 | 	Valid MAPE Loss     : 0.92556137
lr                 : [2.9999999999999997e-05]


Epoch : 42
Train MSE Loss     : 0.00009569	 | 	Train MAPE Loss     : 0.81106561
Valid MSE Loss     : 0.00011235	 | 	Valid MAPE Loss     : 0.91199630
lr                 : [2.9999999999999997e-05]


Epoch : 43
Train MSE Loss     : 0.00010722	 | 	Train MAPE Loss     : 0.86585379
Valid MSE Loss     : 0.00011479	 | 	Valid MAPE Loss     : 0.92280626
lr                 : [2.9999999999999997e-05]


Epoch : 44
Train MSE Loss     : 0.00010234	 | 	Train MAPE Loss     : 0.84069014
Valid MSE Loss     : 0.00017874	 | 	Valid MAPE Loss     : 1.14792609
lr                 : [2.9999999999999997e-05]


Epoch : 45
Train MSE Loss     : 0.00014115	 | 	Train MAPE Loss     : 1.02527547
Valid MSE Loss     : 0.00019028	 | 	Valid MAPE Loss     : 1.20336664
lr                 : [3e-06]


Epoch : 46
Train MSE Loss     : 0.00011501	 | 	Train MAPE Loss     : 0.91069919
Valid MSE Loss     : 0.00011447	 | 	Valid MAPE Loss     : 0.92632639
lr                 : [3e-06]


Epoch : 47
Train MSE Loss     : 0.00009427	 | 	Train MAPE Loss     : 0.79663336
Valid MSE Loss     : 0.00011699	 | 	Valid MAPE Loss     : 0.93341571
lr                 : [3e-06]


Epoch : 48
Train MSE Loss     : 0.00009110	 | 	Train MAPE Loss     : 0.78712291
Valid MSE Loss     : 0.00011661	 | 	Valid MAPE Loss     : 0.93138903
lr                 : [3e-06]


Epoch : 49
Train MSE Loss     : 0.00009021	 | 	Train MAPE Loss     : 0.78457415
Valid MSE Loss     : 0.00011650	 | 	Valid MAPE Loss     : 0.93096590
lr                 : [3e-06]


Epoch : 50
Train MSE Loss     : 0.00008939	 | 	Train MAPE Loss     : 0.78296578
Valid MSE Loss     : 0.00011575	 | 	Valid MAPE Loss     : 0.92733526
lr                 : [3e-06]


Epoch : 51
Train MSE Loss     : 0.00008824	 | 	Train MAPE Loss     : 0.77740681
Valid MSE Loss     : 0.00011553	 | 	Valid MAPE Loss     : 0.92424488
lr                 : [3e-06]


Epoch : 52
Train MSE Loss     : 0.00008929	 | 	Train MAPE Loss     : 0.78131473
Valid MSE Loss     : 0.00011600	 | 	Valid MAPE Loss     : 0.92497146
lr                 : [3e-06]


Epoch : 53
Train MSE Loss     : 0.00008941	 | 	Train MAPE Loss     : 0.77958077
Valid MSE Loss     : 0.00011601	 | 	Valid MAPE Loss     : 0.92558479
lr                 : [3e-06]


Epoch : 54
Train MSE Loss     : 0.00008927	 | 	Train MAPE Loss     : 0.77928197
Valid MSE Loss     : 0.00011574	 | 	Valid MAPE Loss     : 0.92472321
lr                 : [3e-06]


Epoch : 55
Train MSE Loss     : 0.00008803	 | 	Train MAPE Loss     : 0.77383244
Valid MSE Loss     : 0.00011563	 | 	Valid MAPE Loss     : 0.92321271
lr                 : [3e-06]


Epoch : 56
Train MSE Loss     : 0.00008868	 | 	Train MAPE Loss     : 0.77807212
Valid MSE Loss     : 0.00011614	 | 	Valid MAPE Loss     : 0.92595357
lr                 : [3.0000000000000004e-07]


Epoch : 57
Train MSE Loss     : 0.00008844	 | 	Train MAPE Loss     : 0.77506858
Valid MSE Loss     : 0.00011637	 | 	Valid MAPE Loss     : 0.92683995
lr                 : [3.0000000000000004e-07]


Epoch : 58
Train MSE Loss     : 0.00008836	 | 	Train MAPE Loss     : 0.78151774
Valid MSE Loss     : 0.00011638	 | 	Valid MAPE Loss     : 0.92664784
lr                 : [3.0000000000000004e-07]


Epoch : 59
Train MSE Loss     : 0.00008817	 | 	Train MAPE Loss     : 0.77520025
Valid MSE Loss     : 0.00011625	 | 	Valid MAPE Loss     : 0.92601871
lr                 : [3.0000000000000004e-07]


Epoch : 60
Train MSE Loss     : 0.00008653	 | 	Train MAPE Loss     : 0.77533841
Valid MSE Loss     : 0.00011641	 | 	Valid MAPE Loss     : 0.92654723
lr                 : [3.0000000000000004e-07]


Epoch : 61
Train MSE Loss     : 0.00008813	 | 	Train MAPE Loss     : 0.77607018
Valid MSE Loss     : 0.00011612	 | 	Valid MAPE Loss     : 0.92521423
lr                 : [3.0000000000000004e-07]


Epoch : 62
Train MSE Loss     : 0.00008719	 | 	Train MAPE Loss     : 0.77568072
Valid MSE Loss     : 0.00011620	 | 	Valid MAPE Loss     : 0.92580414
lr                 : [3.0000000000000004e-07]


Epoch : 63
Train MSE Loss     : 0.00008896	 | 	Train MAPE Loss     : 0.78189898
Valid MSE Loss     : 0.00011635	 | 	Valid MAPE Loss     : 0.92599851
lr                 : [3.0000000000000004e-07]


Epoch : 64
Train MSE Loss     : 0.00008771	 | 	Train MAPE Loss     : 0.77635705
Valid MSE Loss     : 0.00011600	 | 	Valid MAPE Loss     : 0.92489415
lr                 : [3.0000000000000004e-07]


Epoch : 65
Train MSE Loss     : 0.00008608	 | 	Train MAPE Loss     : 0.77219361
Valid MSE Loss     : 0.00011609	 | 	Valid MAPE Loss     : 0.92482919
lr                 : [3.0000000000000004e-07]


Epoch : 66
Train MSE Loss     : 0.00008837	 | 	Train MAPE Loss     : 0.77638221
Valid MSE Loss     : 0.00011631	 | 	Valid MAPE Loss     : 0.92526436
lr                 : [3.0000000000000004e-07]


Epoch : 67
Train MSE Loss     : 0.00008802	 | 	Train MAPE Loss     : 0.77580076
Valid MSE Loss     : 0.00011600	 | 	Valid MAPE Loss     : 0.92431557
lr                 : [3.0000000000000004e-08]


Epoch : 68
Train MSE Loss     : 0.00008849	 | 	Train MAPE Loss     : 0.77641529
Valid MSE Loss     : 0.00011609	 | 	Valid MAPE Loss     : 0.92464954
lr                 : [3.0000000000000004e-08]


Epoch : 69
Train MSE Loss     : 0.00008792	 | 	Train MAPE Loss     : 0.77408814
Valid MSE Loss     : 0.00011610	 | 	Valid MAPE Loss     : 0.92472643
lr                 : [3.0000000000000004e-08]


Epoch : 70
Train MSE Loss     : 0.00008775	 | 	Train MAPE Loss     : 0.77486491
Valid MSE Loss     : 0.00011623	 | 	Valid MAPE Loss     : 0.92533338
lr                 : [3.0000000000000004e-08]


Epoch : 71
Train MSE Loss     : 0.00008854	 | 	Train MAPE Loss     : 0.77846867
Valid MSE Loss     : 0.00011635	 | 	Valid MAPE Loss     : 0.92565662
lr                 : [3.0000000000000004e-08]


Epoch : 72
Train MSE Loss     : 0.00008800	 | 	Train MAPE Loss     : 0.77478814
Valid MSE Loss     : 0.00011626	 | 	Valid MAPE Loss     : 0.92541927
lr                 : [3.0000000000000004e-08]


Epoch : 73
Train MSE Loss     : 0.00008771	 | 	Train MAPE Loss     : 0.77627850
Valid MSE Loss     : 0.00011623	 | 	Valid MAPE Loss     : 0.92524856
lr                 : [3.0000000000000004e-08]


Epoch : 74
Train MSE Loss     : 0.00008876	 | 	Train MAPE Loss     : 0.77914512
Valid MSE Loss     : 0.00011625	 | 	Valid MAPE Loss     : 0.92523664
lr                 : [3.0000000000000004e-08]


Epoch : 75
Train MSE Loss     : 0.00008353	 | 	Train MAPE Loss     : 0.77234519
Valid MSE Loss     : 0.00011623	 | 	Valid MAPE Loss     : 0.92517138
lr                 : [3.0000000000000004e-08]


Epoch : 76
Train MSE Loss     : 0.00008805	 | 	Train MAPE Loss     : 0.77636760
Valid MSE Loss     : 0.00011628	 | 	Valid MAPE Loss     : 0.92528808
lr                 : [3.0000000000000004e-08]


Epoch : 77
Train MSE Loss     : 0.00008788	 | 	Train MAPE Loss     : 0.77401942
Valid MSE Loss     : 0.00011620	 | 	Valid MAPE Loss     : 0.92500067
lr                 : [3.0000000000000004e-08]


Epoch : 78
Train MSE Loss     : 0.00008749	 | 	Train MAPE Loss     : 0.77272439
Valid MSE Loss     : 0.00011629	 | 	Valid MAPE Loss     : 0.92542785
lr                 : [3.0000000000000004e-09]


Epoch : 79
Train MSE Loss     : 0.00008867	 | 	Train MAPE Loss     : 0.77921557
Valid MSE Loss     : 0.00011629	 | 	Valid MAPE Loss     : 0.92540896
lr                 : [3.0000000000000004e-09]


Epoch : 80
Train MSE Loss     : 0.00008824	 | 	Train MAPE Loss     : 0.77707118
Valid MSE Loss     : 0.00011630	 | 	Valid MAPE Loss     : 0.92543733
lr                 : [3.0000000000000004e-09]


Epoch : 81
Train MSE Loss     : 0.00008726	 | 	Train MAPE Loss     : 0.77083147
Valid MSE Loss     : 0.00011629	 | 	Valid MAPE Loss     : 0.92542189
lr                 : [3.0000000000000004e-09]


Epoch : 82
Train MSE Loss     : 0.00008818	 | 	Train MAPE Loss     : 0.77702004
Valid MSE Loss     : 0.00011627	 | 	Valid MAPE Loss     : 0.92538691
lr                 : [3.0000000000000004e-09]


Epoch : 83
Train MSE Loss     : 0.00008792	 | 	Train MAPE Loss     : 0.77474612
Valid MSE Loss     : 0.00011627	 | 	Valid MAPE Loss     : 0.92537445
lr                 : [3.0000000000000004e-09]


Epoch : 84
Train MSE Loss     : 0.00008779	 | 	Train MAPE Loss     : 0.77444434
Valid MSE Loss     : 0.00011627	 | 	Valid MAPE Loss     : 0.92538035
lr                 : [3.0000000000000004e-09]


Epoch : 85
Train MSE Loss     : 0.00008822	 | 	Train MAPE Loss     : 0.77660441
Valid MSE Loss     : 0.00011627	 | 	Valid MAPE Loss     : 0.92536575
lr                 : [3.0000000000000004e-09]


Epoch : 86
Train MSE Loss     : 0.00008778	 | 	Train MAPE Loss     : 0.77601784
Valid MSE Loss     : 0.00011627	 | 	Valid MAPE Loss     : 0.92536891
lr                 : [3.0000000000000004e-09]


Epoch : 87
Train MSE Loss     : 0.00008285	 | 	Train MAPE Loss     : 0.76873016
Valid MSE Loss     : 0.00011627	 | 	Valid MAPE Loss     : 0.92535579
lr                 : [3.0000000000000004e-09]


Epoch : 88
Train MSE Loss     : 0.00008785	 | 	Train MAPE Loss     : 0.77534533
Valid MSE Loss     : 0.00011626	 | 	Valid MAPE Loss     : 0.92532295
lr                 : [3.0000000000000004e-09]


Epoch : 89
Train MSE Loss     : 0.00008827	 | 	Train MAPE Loss     : 0.77674490
Valid MSE Loss     : 0.00011626	 | 	Valid MAPE Loss     : 0.92531878
lr                 : [3.0000000000000004e-09]


Epoch : 90
Train MSE Loss     : 0.00008741	 | 	Train MAPE Loss     : 0.77223074
Valid MSE Loss     : 0.00011626	 | 	Valid MAPE Loss     : 0.92531973
lr                 : [3.0000000000000004e-09]


Epoch : 91
Train MSE Loss     : 0.00008758	 | 	Train MAPE Loss     : 0.77267998
Valid MSE Loss     : 0.00011625	 | 	Valid MAPE Loss     : 0.92528629
lr                 : [3.0000000000000004e-09]


Epoch : 92
Train MSE Loss     : 0.00008752	 | 	Train MAPE Loss     : 0.77360088
Valid MSE Loss     : 0.00011626	 | 	Valid MAPE Loss     : 0.92534190
lr                 : [3.0000000000000004e-09]


Epoch : 93
Train MSE Loss     : 0.00008593	 | 	Train MAPE Loss     : 0.77230150
Valid MSE Loss     : 0.00011626	 | 	Valid MAPE Loss     : 0.92531747
lr                 : [3.0000000000000004e-09]


Epoch : 94
Train MSE Loss     : 0.00008856	 | 	Train MAPE Loss     : 0.77940619
Valid MSE Loss     : 0.00011627	 | 	Valid MAPE Loss     : 0.92535645
lr                 : [3.0000000000000004e-09]


Epoch : 95
Train MSE Loss     : 0.00008737	 | 	Train MAPE Loss     : 0.77223444
Valid MSE Loss     : 0.00011625	 | 	Valid MAPE Loss     : 0.92530829
lr                 : [3.0000000000000004e-09]


Epoch : 96
Train MSE Loss     : 0.00008756	 | 	Train MAPE Loss     : 0.77375799
Valid MSE Loss     : 0.00011626	 | 	Valid MAPE Loss     : 0.92533123
lr                 : [3.0000000000000004e-09]


Epoch : 97
Train MSE Loss     : 0.00008780	 | 	Train MAPE Loss     : 0.77527177
Valid MSE Loss     : 0.00011625	 | 	Valid MAPE Loss     : 0.92531097
lr                 : [3.0000000000000004e-09]


Epoch : 98
Train MSE Loss     : 0.00008831	 | 	Train MAPE Loss     : 0.77711785
Valid MSE Loss     : 0.00011625	 | 	Valid MAPE Loss     : 0.92530310
lr                 : [3.0000000000000004e-09]


Epoch : 99
Train MSE Loss     : 0.00008741	 | 	Train MAPE Loss     : 0.77299678
Valid MSE Loss     : 0.00011625	 | 	Valid MAPE Loss     : 0.92530358
lr                 : [3.0000000000000004e-09]


Epoch : 100
Train MSE Loss     : 0.00008772	 | 	Train MAPE Loss     : 0.77483332
Valid MSE Loss     : 0.00011626	 | 	Valid MAPE Loss     : 0.92534000
lr                 : [3.0000000000000004e-09]


Epoch : 101
Train MSE Loss     : 0.00008783	 | 	Train MAPE Loss     : 0.77488011
Valid MSE Loss     : 0.00011626	 | 	Valid MAPE Loss     : 0.92533690
lr                 : [3.0000000000000004e-09]


Epoch : 102
Train MSE Loss     : 0.00008704	 | 	Train MAPE Loss     : 0.77166981
Valid MSE Loss     : 0.00011627	 | 	Valid MAPE Loss     : 0.92538261
lr                 : [3.0000000000000004e-09]


Epoch : 103
Train MSE Loss     : 0.00008796	 | 	Train MAPE Loss     : 0.77504456
Valid MSE Loss     : 0.00011626	 | 	Valid MAPE Loss     : 0.92536122
lr                 : [3.0000000000000004e-09]


Epoch : 104
Train MSE Loss     : 0.00008798	 | 	Train MAPE Loss     : 0.77523744
Valid MSE Loss     : 0.00011626	 | 	Valid MAPE Loss     : 0.92534870
lr                 : [3.0000000000000004e-09]


Epoch : 105
Train MSE Loss     : 0.00008855	 | 	Train MAPE Loss     : 0.77845067
Valid MSE Loss     : 0.00011627	 | 	Valid MAPE Loss     : 0.92537242
lr                 : [3.0000000000000004e-09]


Epoch : 106
Train MSE Loss     : 0.00008772	 | 	Train MAPE Loss     : 0.77441901
Valid MSE Loss     : 0.00011626	 | 	Valid MAPE Loss     : 0.92532128
lr                 : [3.0000000000000004e-09]


Epoch : 107
Train MSE Loss     : 0.00008767	 | 	Train MAPE Loss     : 0.77335042
Valid MSE Loss     : 0.00011627	 | 	Valid MAPE Loss     : 0.92535502
lr                 : [3.0000000000000004e-09]


Epoch : 108
Train MSE Loss     : 0.00008814	 | 	Train MAPE Loss     : 0.77642477
Valid MSE Loss     : 0.00011627	 | 	Valid MAPE Loss     : 0.92536777
lr                 : [3.0000000000000004e-09]


Epoch : 109
Train MSE Loss     : 0.00008811	 | 	Train MAPE Loss     : 0.77584171
Valid MSE Loss     : 0.00011627	 | 	Valid MAPE Loss     : 0.92535299
lr                 : [3.0000000000000004e-09]


Epoch : 110
Train MSE Loss     : 0.00008858	 | 	Train MAPE Loss     : 0.77852923
Valid MSE Loss     : 0.00011628	 | 	Valid MAPE Loss     : 0.92539257
lr                 : [3.0000000000000004e-09]


Epoch : 111
Train MSE Loss     : 0.00008790	 | 	Train MAPE Loss     : 0.77446640
Valid MSE Loss     : 0.00011628	 | 	Valid MAPE Loss     : 0.92539895
lr                 : [3.0000000000000004e-09]


Epoch : 112
Train MSE Loss     : 0.00008814	 | 	Train MAPE Loss     : 0.77619094
Valid MSE Loss     : 0.00011628	 | 	Valid MAPE Loss     : 0.92538929
lr                 : [3.0000000000000004e-09]


Epoch : 113
Train MSE Loss     : 0.00008782	 | 	Train MAPE Loss     : 0.77466750
Valid MSE Loss     : 0.00011628	 | 	Valid MAPE Loss     : 0.92537749
lr                 : [3.0000000000000004e-09]


Epoch : 114
Train MSE Loss     : 0.00008824	 | 	Train MAPE Loss     : 0.77693164
Valid MSE Loss     : 0.00011628	 | 	Valid MAPE Loss     : 0.92537874
lr                 : [3.0000000000000004e-09]


Epoch : 115
Train MSE Loss     : 0.00008749	 | 	Train MAPE Loss     : 0.77410579
Valid MSE Loss     : 0.00011628	 | 	Valid MAPE Loss     : 0.92538148
lr                 : [3.0000000000000004e-09]


Epoch : 116
Train MSE Loss     : 0.00008808	 | 	Train MAPE Loss     : 0.77574599
Valid MSE Loss     : 0.00011629	 | 	Valid MAPE Loss     : 0.92542505
lr                 : [3.0000000000000004e-09]


Epoch : 117
Train MSE Loss     : 0.00008765	 | 	Train MAPE Loss     : 0.77448219
Valid MSE Loss     : 0.00011628	 | 	Valid MAPE Loss     : 0.92539167
lr                 : [3.0000000000000004e-09]


Epoch : 118
Train MSE Loss     : 0.00008840	 | 	Train MAPE Loss     : 0.77740586
Valid MSE Loss     : 0.00011628	 | 	Valid MAPE Loss     : 0.92539960
lr                 : [3.0000000000000004e-09]


Epoch : 119
Train MSE Loss     : 0.00008826	 | 	Train MAPE Loss     : 0.77670407
Valid MSE Loss     : 0.00011628	 | 	Valid MAPE Loss     : 0.92537463
lr                 : [3.0000000000000004e-09]


Epoch : 120
Train MSE Loss     : 0.00008824	 | 	Train MAPE Loss     : 0.77661264
Valid MSE Loss     : 0.00011629	 | 	Valid MAPE Loss     : 0.92537814
lr                 : [3.0000000000000004e-09]


Epoch : 121
Train MSE Loss     : 0.00008795	 | 	Train MAPE Loss     : 0.77617711
Valid MSE Loss     : 0.00011628	 | 	Valid MAPE Loss     : 0.92537004
lr                 : [3.0000000000000004e-09]


Epoch : 122
Train MSE Loss     : 0.00008701	 | 	Train MAPE Loss     : 0.77189720
Valid MSE Loss     : 0.00011628	 | 	Valid MAPE Loss     : 0.92538166
lr                 : [3.0000000000000004e-09]


Epoch : 123
Train MSE Loss     : 0.00008810	 | 	Train MAPE Loss     : 0.77578509
Valid MSE Loss     : 0.00011627	 | 	Valid MAPE Loss     : 0.92535651
lr                 : [3.0000000000000004e-09]


Epoch : 124
Train MSE Loss     : 0.00008799	 | 	Train MAPE Loss     : 0.77516669
Valid MSE Loss     : 0.00011628	 | 	Valid MAPE Loss     : 0.92538500
lr                 : [3.0000000000000004e-09]


Epoch : 125
Train MSE Loss     : 0.00008723	 | 	Train MAPE Loss     : 0.77289170
Valid MSE Loss     : 0.00011628	 | 	Valid MAPE Loss     : 0.92537004
lr                 : [3.0000000000000004e-09]


Epoch : 126
Train MSE Loss     : 0.00008760	 | 	Train MAPE Loss     : 0.77391988
Valid MSE Loss     : 0.00011628	 | 	Valid MAPE Loss     : 0.92536163
lr                 : [3.0000000000000004e-09]


Epoch : 127
Train MSE Loss     : 0.00008783	 | 	Train MAPE Loss     : 0.77555031
Valid MSE Loss     : 0.00011628	 | 	Valid MAPE Loss     : 0.92538148
lr                 : [3.0000000000000004e-09]


Epoch : 128
Train MSE Loss     : 0.00008693	 | 	Train MAPE Loss     : 0.77020860
Valid MSE Loss     : 0.00011628	 | 	Valid MAPE Loss     : 0.92537534
lr                 : [3.0000000000000004e-09]


Epoch : 129
Train MSE Loss     : 0.00008779	 | 	Train MAPE Loss     : 0.77510798
Valid MSE Loss     : 0.00011628	 | 	Valid MAPE Loss     : 0.92535537
lr                 : [3.0000000000000004e-09]


Epoch : 130
Train MSE Loss     : 0.00008788	 | 	Train MAPE Loss     : 0.77448815
Valid MSE Loss     : 0.00011629	 | 	Valid MAPE Loss     : 0.92539293
lr                 : [3.0000000000000004e-09]


Epoch : 131
Train MSE Loss     : 0.00008746	 | 	Train MAPE Loss     : 0.77360582
Valid MSE Loss     : 0.00011629	 | 	Valid MAPE Loss     : 0.92537576
lr                 : [3.0000000000000004e-09]


Epoch : 132
Train MSE Loss     : 0.00008842	 | 	Train MAPE Loss     : 0.77901781
Valid MSE Loss     : 0.00011628	 | 	Valid MAPE Loss     : 0.92536515
lr                 : [3.0000000000000004e-09]


Epoch : 133
Train MSE Loss     : 0.00008815	 | 	Train MAPE Loss     : 0.77695966
Valid MSE Loss     : 0.00011628	 | 	Valid MAPE Loss     : 0.92535621
lr                 : [3.0000000000000004e-09]


Epoch : 134
Train MSE Loss     : 0.00008781	 | 	Train MAPE Loss     : 0.77401930
Valid MSE Loss     : 0.00011628	 | 	Valid MAPE Loss     : 0.92533910
lr                 : [3.0000000000000004e-09]


Epoch : 135
Train MSE Loss     : 0.00008809	 | 	Train MAPE Loss     : 0.77615941
Valid MSE Loss     : 0.00011628	 | 	Valid MAPE Loss     : 0.92532974
lr                 : [3.0000000000000004e-09]


Epoch : 136
Train MSE Loss     : 0.00008849	 | 	Train MAPE Loss     : 0.77793795
Valid MSE Loss     : 0.00011627	 | 	Valid MAPE Loss     : 0.92531490
lr                 : [3.0000000000000004e-09]


Epoch : 137
Train MSE Loss     : 0.00008798	 | 	Train MAPE Loss     : 0.77499700
Valid MSE Loss     : 0.00011627	 | 	Valid MAPE Loss     : 0.92531735
lr                 : [3.0000000000000004e-09]


Epoch : 138
Train MSE Loss     : 0.00008289	 | 	Train MAPE Loss     : 0.77034116
Valid MSE Loss     : 0.00011628	 | 	Valid MAPE Loss     : 0.92532033
lr                 : [3.0000000000000004e-09]


Epoch : 139
Train MSE Loss     : 0.00008786	 | 	Train MAPE Loss     : 0.77543521
Valid MSE Loss     : 0.00011629	 | 	Valid MAPE Loss     : 0.92536002
lr                 : [3.0000000000000004e-09]


Epoch : 140
Train MSE Loss     : 0.00008822	 | 	Train MAPE Loss     : 0.77630734
Valid MSE Loss     : 0.00011629	 | 	Valid MAPE Loss     : 0.92535490
lr                 : [3.0000000000000004e-09]


Epoch : 141
Train MSE Loss     : 0.00008765	 | 	Train MAPE Loss     : 0.77457756
Valid MSE Loss     : 0.00011628	 | 	Valid MAPE Loss     : 0.92531490
lr                 : [3.0000000000000004e-09]


Epoch : 142
Train MSE Loss     : 0.00008784	 | 	Train MAPE Loss     : 0.77530634
Valid MSE Loss     : 0.00011628	 | 	Valid MAPE Loss     : 0.92533177
lr                 : [3.0000000000000004e-09]


Epoch : 143
Train MSE Loss     : 0.00008798	 | 	Train MAPE Loss     : 0.77523834
Valid MSE Loss     : 0.00011628	 | 	Valid MAPE Loss     : 0.92531860
lr                 : [3.0000000000000004e-09]


Epoch : 144
Train MSE Loss     : 0.00008742	 | 	Train MAPE Loss     : 0.77261943
Valid MSE Loss     : 0.00011629	 | 	Valid MAPE Loss     : 0.92534095
lr                 : [3.0000000000000004e-09]


Epoch : 145
Train MSE Loss     : 0.00008750	 | 	Train MAPE Loss     : 0.77214181
Valid MSE Loss     : 0.00011628	 | 	Valid MAPE Loss     : 0.92530119
lr                 : [3.0000000000000004e-09]


Epoch : 146
Train MSE Loss     : 0.00008831	 | 	Train MAPE Loss     : 0.77770638
Valid MSE Loss     : 0.00011627	 | 	Valid MAPE Loss     : 0.92527837
lr                 : [3.0000000000000004e-09]


Epoch : 147
Train MSE Loss     : 0.00008853	 | 	Train MAPE Loss     : 0.77787727
Valid MSE Loss     : 0.00011629	 | 	Valid MAPE Loss     : 0.92533928
lr                 : [3.0000000000000004e-09]


Epoch : 148
Train MSE Loss     : 0.00008768	 | 	Train MAPE Loss     : 0.77438128
Valid MSE Loss     : 0.00011629	 | 	Valid MAPE Loss     : 0.92535055
lr                 : [3.0000000000000004e-09]


Epoch : 149
Train MSE Loss     : 0.00008596	 | 	Train MAPE Loss     : 0.77192342
Valid MSE Loss     : 0.00011628	 | 	Valid MAPE Loss     : 0.92526859
lr                 : [3.0000000000000004e-09]


Epoch : 150
Train MSE Loss     : 0.00008788	 | 	Train MAPE Loss     : 0.77475834
Valid MSE Loss     : 0.00011627	 | 	Valid MAPE Loss     : 0.92525905
lr                 : [3.0000000000000004e-09]


Evaluate on the Test set:
Test MAPE loss      :0.85497779	 | Test MSE loss      : 0.00010193

################## Training is Done! #########################
